[2025-06-28T00:25:03.923+0200][0.013s] CardTable entry size: 512
[2025-06-28T00:25:03.923+0200][0.013s] Using G1
[2025-06-28T00:25:03.925+0200][0.015s] Version: 21.0.4+8-LTS-274 (release)
[2025-06-28T00:25:03.925+0200][0.015s] CPUs: 12 total, 12 available
[2025-06-28T00:25:03.925+0200][0.015s] Memory: 16108M
[2025-06-28T00:25:03.925+0200][0.015s] Large Page Support: Disabled
[2025-06-28T00:25:03.925+0200][0.015s] NUMA Support: Disabled
[2025-06-28T00:25:03.925+0200][0.015s] Compressed Oops: Enabled (32-bit)
[2025-06-28T00:25:03.925+0200][0.015s] Heap Region Size: 1M
[2025-06-28T00:25:03.925+0200][0.015s] Heap Min Capacity: 100M
[2025-06-28T00:25:03.925+0200][0.015s] Heap Initial Capacity: 100M
[2025-06-28T00:25:03.925+0200][0.015s] Heap Max Capacity: 220M
[2025-06-28T00:25:03.925+0200][0.015s] Pre-touch: Disabled
[2025-06-28T00:25:03.925+0200][0.015s] Parallel Workers: 10
[2025-06-28T00:25:03.925+0200][0.015s] Concurrent Workers: 3
[2025-06-28T00:25:03.925+0200][0.015s] Concurrent Refinement Workers: 10
[2025-06-28T00:25:03.925+0200][0.015s] Periodic GC: Disabled
[2025-06-28T00:25:03.938+0200][0.028s] CDS archive(s) mapped at: [0x000002521a000000-0x000002521ac90000-0x000002521ac90000), size 13172736, SharedBaseAddress: 0x000002521a000000, ArchiveRelocationMode: 1.
[2025-06-28T00:25:03.938+0200][0.028s] Compressed class space mapped at: 0x000002521b000000-0x000002525b000000, reserved size: 1073741824
[2025-06-28T00:25:03.938+0200][0.028s] Narrow klass base: 0x000002521a000000, Narrow klass shift: 0, Narrow klass range: 0x100000000
[2025-06-28T00:25:04.428+0200][0.518s] GC(0) Pause Young (Normal) (G1 Evacuation Pause)
[2025-06-28T00:25:04.428+0200][0.518s] GC(0) Using 2 workers of 10 for evacuation
[2025-06-28T00:25:04.433+0200][0.524s] GC(0)   Pre Evacuate Collection Set: 0.1ms
[2025-06-28T00:25:04.433+0200][0.524s] GC(0)   Merge Heap Roots: 0.0ms
[2025-06-28T00:25:04.433+0200][0.524s] GC(0)   Evacuate Collection Set: 4.0ms
[2025-06-28T00:25:04.433+0200][0.524s] GC(0)   Post Evacuate Collection Set: 0.9ms
[2025-06-28T00:25:04.433+0200][0.524s] GC(0)   Other: 0.2ms
[2025-06-28T00:25:04.433+0200][0.524s] GC(0) Eden regions: 23->0(34)
[2025-06-28T00:25:04.433+0200][0.524s] GC(0) Survivor regions: 0->3(3)
[2025-06-28T00:25:04.433+0200][0.524s] GC(0) Old regions: 0->0
[2025-06-28T00:25:04.433+0200][0.524s] GC(0) Humongous regions: 0->0
[2025-06-28T00:25:04.433+0200][0.524s] GC(0) Metaspace: 2393K(2624K)->2393K(2624K) NonClass: 2163K(2304K)->2163K(2304K) Class: 229K(320K)->229K(320K)
[2025-06-28T00:25:04.433+0200][0.524s] GC(0) Pause Young (Normal) (G1 Evacuation Pause) 23M->2M(100M) 5.761ms
[2025-06-28T00:25:04.433+0200][0.524s] GC(0) User=0.06s Sys=0.00s Real=0.01s
[2025-06-28T00:25:05.296+0200][1.387s] GC(1) Pause Young (Normal) (G1 Evacuation Pause)
[2025-06-28T00:25:05.297+0200][1.387s] GC(1) Using 2 workers of 10 for evacuation
[2025-06-28T00:25:05.306+0200][1.396s] GC(1)   Pre Evacuate Collection Set: 0.2ms
[2025-06-28T00:25:05.306+0200][1.396s] GC(1)   Merge Heap Roots: 0.1ms
[2025-06-28T00:25:05.306+0200][1.396s] GC(1)   Evacuate Collection Set: 7.5ms
[2025-06-28T00:25:05.306+0200][1.396s] GC(1)   Post Evacuate Collection Set: 1.1ms
[2025-06-28T00:25:05.306+0200][1.396s] GC(1)   Other: 0.2ms
[2025-06-28T00:25:05.306+0200][1.396s] GC(1) Eden regions: 34->0(56)
[2025-06-28T00:25:05.306+0200][1.396s] GC(1) Survivor regions: 3->4(5)
[2025-06-28T00:25:05.306+0200][1.396s] GC(1) Old regions: 0->0
[2025-06-28T00:25:05.306+0200][1.396s] GC(1) Humongous regions: 0->0
[2025-06-28T00:25:05.306+0200][1.396s] GC(1) Metaspace: 6226K(6528K)->6226K(6528K) NonClass: 5520K(5696K)->5520K(5696K) Class: 706K(832K)->706K(832K)
[2025-06-28T00:25:05.306+0200][1.396s] GC(1) Pause Young (Normal) (G1 Evacuation Pause) 36M->3M(100M) 9.418ms
[2025-06-28T00:25:05.306+0200][1.396s] GC(1) User=0.00s Sys=0.00s Real=0.01s
[2025-06-28T00:25:06.494+0200][2.585s] GC(2) Pause Young (Normal) (G1 Evacuation Pause)
[2025-06-28T00:25:06.494+0200][2.585s] GC(2) Using 4 workers of 10 for evacuation
[2025-06-28T00:25:06.503+0200][2.593s] GC(2)   Pre Evacuate Collection Set: 0.1ms
[2025-06-28T00:25:06.503+0200][2.594s] GC(2)   Merge Heap Roots: 0.1ms
[2025-06-28T00:25:06.503+0200][2.594s] GC(2)   Evacuate Collection Set: 7.3ms
[2025-06-28T00:25:06.503+0200][2.594s] GC(2)   Post Evacuate Collection Set: 1.2ms
[2025-06-28T00:25:06.503+0200][2.594s] GC(2)   Other: 0.2ms
[2025-06-28T00:25:06.503+0200][2.594s] GC(2) Eden regions: 56->0(54)
[2025-06-28T00:25:06.503+0200][2.594s] GC(2) Survivor regions: 4->6(8)
[2025-06-28T00:25:06.503+0200][2.594s] GC(2) Old regions: 0->0
[2025-06-28T00:25:06.503+0200][2.594s] GC(2) Humongous regions: 0->0
[2025-06-28T00:25:06.503+0200][2.594s] GC(2) Metaspace: 11553K(11904K)->11553K(11904K) NonClass: 10164K(10368K)->10164K(10368K) Class: 1388K(1536K)->1388K(1536K)
[2025-06-28T00:25:06.503+0200][2.594s] GC(2) Pause Young (Normal) (G1 Evacuation Pause) 59M->5M(100M) 9.154ms
[2025-06-28T00:25:06.503+0200][2.594s] GC(2) User=0.00s Sys=0.00s Real=0.01s
[2025-06-28T00:25:07.140+0200][3.230s] GC(3) Pause Young (Normal) (G1 Evacuation Pause)
[2025-06-28T00:25:07.140+0200][3.231s] GC(3) Using 4 workers of 10 for evacuation
[2025-06-28T00:25:07.150+0200][3.240s] GC(3)   Pre Evacuate Collection Set: 0.2ms
[2025-06-28T00:25:07.150+0200][3.240s] GC(3)   Merge Heap Roots: 0.1ms
[2025-06-28T00:25:07.150+0200][3.240s] GC(3)   Evacuate Collection Set: 7.4ms
[2025-06-28T00:25:07.150+0200][3.240s] GC(3)   Post Evacuate Collection Set: 1.9ms
[2025-06-28T00:25:07.150+0200][3.240s] GC(3)   Other: 0.1ms
[2025-06-28T00:25:07.150+0200][3.240s] GC(3) Eden regions: 54->0(55)
[2025-06-28T00:25:07.150+0200][3.240s] GC(3) Survivor regions: 6->5(8)
[2025-06-28T00:25:07.150+0200][3.240s] GC(3) Old regions: 0->3
[2025-06-28T00:25:07.150+0200][3.240s] GC(3) Humongous regions: 0->0
[2025-06-28T00:25:07.150+0200][3.240s] GC(3) Metaspace: 16543K(16960K)->16543K(16960K) NonClass: 14535K(14784K)->14535K(14784K) Class: 2007K(2176K)->2007K(2176K)
[2025-06-28T00:25:07.150+0200][3.240s] GC(3) Pause Young (Normal) (G1 Evacuation Pause) 59M->7M(100M) 9.997ms
[2025-06-28T00:25:07.150+0200][3.240s] GC(3) User=0.00s Sys=0.00s Real=0.01s
[2025-06-28T00:25:07.842+0200][3.932s] GC(4) Pause Young (Normal) (G1 Evacuation Pause)
[2025-06-28T00:25:07.842+0200][3.932s] GC(4) Using 3 workers of 10 for evacuation
[2025-06-28T00:25:07.851+0200][3.941s] GC(4)   Pre Evacuate Collection Set: 0.2ms
[2025-06-28T00:25:07.851+0200][3.942s] GC(4)   Merge Heap Roots: 0.1ms
[2025-06-28T00:25:07.851+0200][3.942s] GC(4)   Evacuate Collection Set: 8.3ms
[2025-06-28T00:25:07.851+0200][3.942s] GC(4)   Post Evacuate Collection Set: 1.0ms
[2025-06-28T00:25:07.851+0200][3.942s] GC(4)   Other: 0.1ms
[2025-06-28T00:25:07.851+0200][3.942s] GC(4) Eden regions: 55->0(53)
[2025-06-28T00:25:07.852+0200][3.942s] GC(4) Survivor regions: 5->7(8)
[2025-06-28T00:25:07.852+0200][3.942s] GC(4) Old regions: 3->4
[2025-06-28T00:25:07.852+0200][3.942s] GC(4) Humongous regions: 0->0
[2025-06-28T00:25:07.852+0200][3.942s] GC(4) Metaspace: 19334K(19776K)->19334K(19776K) NonClass: 16991K(17216K)->16991K(17216K) Class: 2343K(2560K)->2343K(2560K)
[2025-06-28T00:25:07.852+0200][3.942s] GC(4) Pause Young (Normal) (G1 Evacuation Pause) 62M->10M(100M) 9.868ms
[2025-06-28T00:25:07.852+0200][3.942s] GC(4) User=0.00s Sys=0.00s Real=0.01s
[2025-06-28T00:25:08.390+0200][4.480s] GC(5) Pause Young (Concurrent Start) (Metadata GC Threshold)
[2025-06-28T00:25:08.390+0200][4.480s] GC(5) Using 2 workers of 10 for evacuation
[2025-06-28T00:25:08.402+0200][4.492s] GC(5)   Pre Evacuate Collection Set: 0.3ms
[2025-06-28T00:25:08.402+0200][4.492s] GC(5)   Merge Heap Roots: 0.1ms
[2025-06-28T00:25:08.402+0200][4.492s] GC(5)   Evacuate Collection Set: 11.0ms
[2025-06-28T00:25:08.402+0200][4.492s] GC(5)   Post Evacuate Collection Set: 0.6ms
[2025-06-28T00:25:08.402+0200][4.492s] GC(5)   Other: 0.1ms
[2025-06-28T00:25:08.402+0200][4.492s] GC(5) Eden regions: 49->0(55)
[2025-06-28T00:25:08.402+0200][4.492s] GC(5) Survivor regions: 7->5(8)
[2025-06-28T00:25:08.402+0200][4.492s] GC(5) Old regions: 4->7
[2025-06-28T00:25:08.402+0200][4.492s] GC(5) Humongous regions: 0->0
[2025-06-28T00:25:08.402+0200][4.492s] GC(5) Metaspace: 21111K(21504K)->21111K(21504K) NonClass: 18556K(18752K)->18556K(18752K) Class: 2555K(2752K)->2555K(2752K)
[2025-06-28T00:25:08.402+0200][4.492s] GC(5) Pause Young (Concurrent Start) (Metadata GC Threshold) 59M->11M(100M) 12.469ms
[2025-06-28T00:25:08.402+0200][4.492s] GC(5) User=0.03s Sys=0.00s Real=0.01s
[2025-06-28T00:25:08.402+0200][4.492s] GC(6) Concurrent Mark Cycle
[2025-06-28T00:25:08.402+0200][4.492s] GC(6) Concurrent Scan Root Regions
[2025-06-28T00:25:08.406+0200][4.496s] GC(6) Concurrent Scan Root Regions 3.985ms
[2025-06-28T00:25:08.406+0200][4.496s] GC(6) Concurrent Mark
[2025-06-28T00:25:08.406+0200][4.496s] GC(6) Concurrent Mark From Roots
[2025-06-28T00:25:08.406+0200][4.496s] GC(6) Using 3 workers of 3 for marking
[2025-06-28T00:25:08.409+0200][4.499s] GC(6) Concurrent Mark From Roots 2.886ms
[2025-06-28T00:25:08.409+0200][4.499s] GC(6) Concurrent Preclean
[2025-06-28T00:25:08.409+0200][4.500s] GC(6) Concurrent Preclean 0.453ms
[2025-06-28T00:25:08.410+0200][4.500s] GC(6) Pause Remark
[2025-06-28T00:25:08.416+0200][4.505s] GC(6) Pause Remark 12M->12M(100M) 5.113ms
[2025-06-28T00:25:08.416+0200][4.505s] GC(6) User=0.00s Sys=0.00s Real=0.01s
[2025-06-28T00:25:08.416+0200][4.505s] GC(6) Concurrent Mark 9.084ms
[2025-06-28T00:25:08.416+0200][4.505s] GC(6) Concurrent Rebuild Remembered Sets and Scrub Regions
[2025-06-28T00:25:08.417+0200][4.507s] GC(6) Concurrent Rebuild Remembered Sets and Scrub Regions 1.695ms
[2025-06-28T00:25:08.417+0200][4.507s] GC(6) Pause Cleanup
[2025-06-28T00:25:08.417+0200][4.507s] GC(6) Pause Cleanup 12M->12M(100M) 0.054ms
[2025-06-28T00:25:08.417+0200][4.507s] GC(6) User=0.00s Sys=0.00s Real=0.00s
[2025-06-28T00:25:08.417+0200][4.508s] GC(6) Concurrent Clear Claimed Marks
[2025-06-28T00:25:08.417+0200][4.508s] GC(6) Concurrent Clear Claimed Marks 0.078ms
[2025-06-28T00:25:08.417+0200][4.508s] GC(6) Concurrent Cleanup for Next Mark
[2025-06-28T00:25:08.417+0200][4.508s] GC(6) Concurrent Cleanup for Next Mark 0.438ms
[2025-06-28T00:25:08.417+0200][4.508s] GC(6) Concurrent Mark Cycle 15.924ms
[2025-06-28T00:25:09.239+0200][5.330s] GC(7) Pause Young (Normal) (G1 Evacuation Pause)
[2025-06-28T00:25:09.240+0200][5.330s] GC(7) Using 2 workers of 10 for evacuation
[2025-06-28T00:25:09.249+0200][5.339s] GC(7)   Pre Evacuate Collection Set: 0.1ms
[2025-06-28T00:25:09.249+0200][5.339s] GC(7)   Merge Heap Roots: 0.1ms
[2025-06-28T00:25:09.249+0200][5.339s] GC(7)   Evacuate Collection Set: 8.3ms
[2025-06-28T00:25:09.249+0200][5.339s] GC(7)   Post Evacuate Collection Set: 0.6ms
[2025-06-28T00:25:09.249+0200][5.339s] GC(7)   Other: 0.1ms
[2025-06-28T00:25:09.249+0200][5.339s] GC(7) Eden regions: 55->0(54)
[2025-06-28T00:25:09.249+0200][5.339s] GC(7) Survivor regions: 5->6(8)
[2025-06-28T00:25:09.249+0200][5.339s] GC(7) Old regions: 7->7
[2025-06-28T00:25:09.249+0200][5.339s] GC(7) Humongous regions: 0->0
[2025-06-28T00:25:09.249+0200][5.339s] GC(7) Metaspace: 24291K(24704K)->24291K(24704K) NonClass: 21321K(21568K)->21321K(21568K) Class: 2969K(3136K)->2969K(3136K)
[2025-06-28T00:25:09.249+0200][5.339s] GC(7) Pause Young (Normal) (G1 Evacuation Pause) 66M->12M(100M) 9.501ms
[2025-06-28T00:25:09.249+0200][5.339s] GC(7) User=0.02s Sys=0.02s Real=0.01s
[2025-06-28T00:25:10.015+0200][6.105s] GC(8) Pause Young (Normal) (G1 Evacuation Pause)
[2025-06-28T00:25:10.015+0200][6.105s] GC(8) Using 2 workers of 10 for evacuation
[2025-06-28T00:25:10.030+0200][6.120s] GC(8)   Pre Evacuate Collection Set: 0.3ms
[2025-06-28T00:25:10.030+0200][6.120s] GC(8)   Merge Heap Roots: 0.1ms
[2025-06-28T00:25:10.030+0200][6.120s] GC(8)   Evacuate Collection Set: 13.9ms
[2025-06-28T00:25:10.030+0200][6.120s] GC(8)   Post Evacuate Collection Set: 0.8ms
[2025-06-28T00:25:10.030+0200][6.120s] GC(8)   Other: 0.1ms
[2025-06-28T00:25:10.030+0200][6.120s] GC(8) Eden regions: 54->0(55)
[2025-06-28T00:25:10.030+0200][6.120s] GC(8) Survivor regions: 6->5(8)
[2025-06-28T00:25:10.030+0200][6.120s] GC(8) Old regions: 7->10
[2025-06-28T00:25:10.030+0200][6.120s] GC(8) Humongous regions: 0->0
[2025-06-28T00:25:10.030+0200][6.120s] GC(8) Metaspace: 28068K(28544K)->28068K(28544K) NonClass: 24579K(24832K)->24579K(24832K) Class: 3489K(3712K)->3489K(3712K)
[2025-06-28T00:25:10.030+0200][6.120s] GC(8) Pause Young (Normal) (G1 Evacuation Pause) 66M->14M(100M) 15.463ms
[2025-06-28T00:25:10.030+0200][6.120s] GC(8) User=0.05s Sys=0.02s Real=0.01s
[2025-06-28T00:25:11.080+0200][7.170s] GC(9) Pause Young (Normal) (G1 Evacuation Pause)
[2025-06-28T00:25:11.080+0200][7.170s] GC(9) Using 2 workers of 10 for evacuation
[2025-06-28T00:25:11.099+0200][7.189s] GC(9)   Pre Evacuate Collection Set: 0.1ms
[2025-06-28T00:25:11.099+0200][7.189s] GC(9)   Merge Heap Roots: 0.1ms
[2025-06-28T00:25:11.099+0200][7.189s] GC(9)   Evacuate Collection Set: 17.5ms
[2025-06-28T00:25:11.099+0200][7.189s] GC(9)   Post Evacuate Collection Set: 1.0ms
[2025-06-28T00:25:11.099+0200][7.189s] GC(9)   Other: 0.1ms
[2025-06-28T00:25:11.100+0200][7.189s] GC(9) Eden regions: 55->0(54)
[2025-06-28T00:25:11.100+0200][7.189s] GC(9) Survivor regions: 5->6(8)
[2025-06-28T00:25:11.100+0200][7.189s] GC(9) Old regions: 10->11
[2025-06-28T00:25:11.100+0200][7.189s] GC(9) Humongous regions: 0->0
[2025-06-28T00:25:11.100+0200][7.189s] GC(9) Metaspace: 33600K(34176K)->33600K(34176K) NonClass: 29383K(29696K)->29383K(29696K) Class: 4216K(4480K)->4216K(4480K)
[2025-06-28T00:25:11.100+0200][7.190s] GC(9) Pause Young (Normal) (G1 Evacuation Pause) 69M->16M(100M) 19.286ms
[2025-06-28T00:25:11.100+0200][7.190s] GC(9) User=0.06s Sys=0.02s Real=0.02s
[2025-06-28T00:25:11.393+0200][7.483s] GC(10) Pause Young (Concurrent Start) (Metadata GC Threshold)
[2025-06-28T00:25:11.393+0200][7.483s] GC(10) Using 2 workers of 10 for evacuation
[2025-06-28T00:25:11.406+0200][7.496s] GC(10)   Pre Evacuate Collection Set: 0.2ms
[2025-06-28T00:25:11.406+0200][7.496s] GC(10)   Merge Heap Roots: 0.1ms
[2025-06-28T00:25:11.406+0200][7.496s] GC(10)   Evacuate Collection Set: 11.5ms
[2025-06-28T00:25:11.406+0200][7.496s] GC(10)   Post Evacuate Collection Set: 0.6ms
[2025-06-28T00:25:11.406+0200][7.496s] GC(10)   Other: 0.2ms
[2025-06-28T00:25:11.406+0200][7.496s] GC(10) Eden regions: 14->0(57)
[2025-06-28T00:25:11.406+0200][7.496s] GC(10) Survivor regions: 6->3(8)
[2025-06-28T00:25:11.406+0200][7.496s] GC(10) Old regions: 11->15
[2025-06-28T00:25:11.406+0200][7.496s] GC(10) Humongous regions: 0->0
[2025-06-28T00:25:11.406+0200][7.496s] GC(10) Metaspace: 35498K(35968K)->35498K(35968K) NonClass: 30979K(31232K)->30979K(31232K) Class: 4518K(4736K)->4518K(4736K)
[2025-06-28T00:25:11.406+0200][7.496s] GC(10) Pause Young (Concurrent Start) (Metadata GC Threshold) 30M->17M(100M) 12.814ms
[2025-06-28T00:25:11.406+0200][7.496s] GC(10) User=0.02s Sys=0.02s Real=0.01s
[2025-06-28T00:25:11.406+0200][7.496s] GC(11) Concurrent Mark Cycle
[2025-06-28T00:25:11.406+0200][7.496s] GC(11) Concurrent Scan Root Regions
[2025-06-28T00:25:11.410+0200][7.499s] GC(11) Concurrent Scan Root Regions 3.206ms
[2025-06-28T00:25:11.410+0200][7.500s] GC(11) Concurrent Mark
[2025-06-28T00:25:11.410+0200][7.500s] GC(11) Concurrent Mark From Roots
[2025-06-28T00:25:11.410+0200][7.500s] GC(11) Using 3 workers of 3 for marking
[2025-06-28T00:25:11.421+0200][7.511s] GC(11) Concurrent Mark From Roots 11.088ms
[2025-06-28T00:25:11.421+0200][7.511s] GC(11) Concurrent Preclean
[2025-06-28T00:25:11.421+0200][7.511s] GC(11) Concurrent Preclean 0.067ms
[2025-06-28T00:25:11.421+0200][7.511s] GC(11) Pause Remark
[2025-06-28T00:25:11.429+0200][7.519s] GC(11) Pause Remark 17M->17M(100M) 7.798ms
[2025-06-28T00:25:11.429+0200][7.519s] GC(11) User=0.00s Sys=0.00s Real=0.01s
[2025-06-28T00:25:11.429+0200][7.519s] GC(11) Concurrent Mark 19.399ms
[2025-06-28T00:25:11.429+0200][7.519s] GC(11) Concurrent Rebuild Remembered Sets and Scrub Regions
[2025-06-28T00:25:11.434+0200][7.524s] GC(11) Concurrent Rebuild Remembered Sets and Scrub Regions 4.848ms
[2025-06-28T00:25:11.434+0200][7.524s] GC(11) Pause Cleanup
[2025-06-28T00:25:11.434+0200][7.524s] GC(11) Pause Cleanup 17M->17M(100M) 0.272ms
[2025-06-28T00:25:11.434+0200][7.524s] GC(11) User=0.00s Sys=0.00s Real=0.00s
[2025-06-28T00:25:11.435+0200][7.525s] GC(11) Concurrent Clear Claimed Marks
[2025-06-28T00:25:11.435+0200][7.525s] GC(11) Concurrent Clear Claimed Marks 0.123ms
[2025-06-28T00:25:11.435+0200][7.525s] GC(11) Concurrent Cleanup for Next Mark
[2025-06-28T00:25:11.435+0200][7.525s] GC(11) Concurrent Cleanup for Next Mark 0.240ms
[2025-06-28T00:25:11.435+0200][7.525s] GC(11) Concurrent Mark Cycle 28.762ms
[2025-06-28T00:25:12.745+0200][8.835s] GC(12) Pause Young (Prepare Mixed) (G1 Evacuation Pause)
[2025-06-28T00:25:12.745+0200][8.835s] GC(12) Using 2 workers of 10 for evacuation
[2025-06-28T00:25:12.755+0200][8.845s] GC(12)   Pre Evacuate Collection Set: 0.3ms
[2025-06-28T00:25:12.755+0200][8.845s] GC(12)   Merge Heap Roots: 0.2ms
[2025-06-28T00:25:12.755+0200][8.845s] GC(12)   Evacuate Collection Set: 7.9ms
[2025-06-28T00:25:12.755+0200][8.845s] GC(12)   Post Evacuate Collection Set: 1.2ms
[2025-06-28T00:25:12.755+0200][8.845s] GC(12)   Other: 0.1ms
[2025-06-28T00:25:12.755+0200][8.845s] GC(12) Eden regions: 57->0(55)
[2025-06-28T00:25:12.755+0200][8.845s] GC(12) Survivor regions: 3->5(8)
[2025-06-28T00:25:12.755+0200][8.845s] GC(12) Old regions: 15->15
[2025-06-28T00:25:12.755+0200][8.845s] GC(12) Humongous regions: 0->0
[2025-06-28T00:25:12.755+0200][8.845s] GC(12) Metaspace: 43790K(44416K)->43790K(44416K) NonClass: 38112K(38464K)->38112K(38464K) Class: 5678K(5952K)->5678K(5952K)
[2025-06-28T00:25:12.755+0200][8.845s] GC(12) Pause Young (Prepare Mixed) (G1 Evacuation Pause) 74M->19M(100M) 9.987ms
[2025-06-28T00:25:12.755+0200][8.845s] GC(12) User=0.00s Sys=0.00s Real=0.01s
[2025-06-28T00:25:13.775+0200][9.866s] GC(13) Pause Young (Mixed) (G1 Evacuation Pause)
[2025-06-28T00:25:13.775+0200][9.866s] GC(13) Using 2 workers of 10 for evacuation
[2025-06-28T00:25:13.789+0200][9.879s] GC(13)   Pre Evacuate Collection Set: 0.2ms
[2025-06-28T00:25:13.789+0200][9.879s] GC(13)   Merge Heap Roots: 0.1ms
[2025-06-28T00:25:13.789+0200][9.879s] GC(13)   Evacuate Collection Set: 11.9ms
[2025-06-28T00:25:13.789+0200][9.879s] GC(13)   Post Evacuate Collection Set: 1.0ms
[2025-06-28T00:25:13.789+0200][9.879s] GC(13)   Other: 0.1ms
[2025-06-28T00:25:13.789+0200][9.879s] GC(13) Eden regions: 55->0(56)
[2025-06-28T00:25:13.789+0200][9.879s] GC(13) Survivor regions: 5->4(8)
[2025-06-28T00:25:13.789+0200][9.879s] GC(13) Old regions: 15->17
[2025-06-28T00:25:13.789+0200][9.879s] GC(13) Humongous regions: 0->0
[2025-06-28T00:25:13.789+0200][9.879s] GC(13) Metaspace: 52450K(53056K)->52450K(53056K) NonClass: 45452K(45760K)->45452K(45760K) Class: 6998K(7296K)->6998K(7296K)
[2025-06-28T00:25:13.789+0200][9.879s] GC(13) Pause Young (Mixed) (G1 Evacuation Pause) 74M->20M(100M) 13.694ms
[2025-06-28T00:25:13.789+0200][9.879s] GC(13) User=0.00s Sys=0.02s Real=0.01s
[2025-06-28T00:25:14.909+0200][10.999s] GC(14) Pause Young (Normal) (G1 Evacuation Pause)
[2025-06-28T00:25:14.910+0200][10.999s] GC(14) Using 2 workers of 10 for evacuation
[2025-06-28T00:25:14.924+0200][11.014s] GC(14)   Pre Evacuate Collection Set: 0.2ms
[2025-06-28T00:25:14.924+0200][11.014s] GC(14)   Merge Heap Roots: 0.1ms
[2025-06-28T00:25:14.924+0200][11.014s] GC(14)   Evacuate Collection Set: 12.3ms
[2025-06-28T00:25:14.924+0200][11.014s] GC(14)   Post Evacuate Collection Set: 1.9ms
[2025-06-28T00:25:14.924+0200][11.014s] GC(14)   Other: 0.1ms
[2025-06-28T00:25:14.924+0200][11.014s] GC(14) Eden regions: 56->0(54)
[2025-06-28T00:25:14.924+0200][11.014s] GC(14) Survivor regions: 4->6(8)
[2025-06-28T00:25:14.924+0200][11.014s] GC(14) Old regions: 17->17
[2025-06-28T00:25:14.924+0200][11.014s] GC(14) Humongous regions: 0->0
[2025-06-28T00:25:14.924+0200][11.014s] GC(14) Metaspace: 59166K(59840K)->59166K(59840K) NonClass: 51224K(51584K)->51224K(51584K) Class: 7941K(8256K)->7941K(8256K)
[2025-06-28T00:25:14.924+0200][11.014s] GC(14) Pause Young (Normal) (G1 Evacuation Pause) 76M->22M(100M) 15.204ms
[2025-06-28T00:25:14.924+0200][11.015s] GC(14) User=0.03s Sys=0.00s Real=0.02s
[2025-06-28T00:25:15.002+0200][11.092s] GC(15) Pause Young (Concurrent Start) (Metadata GC Threshold)
[2025-06-28T00:25:15.002+0200][11.092s] GC(15) Using 2 workers of 10 for evacuation
[2025-06-28T00:25:15.015+0200][11.105s] GC(15)   Pre Evacuate Collection Set: 0.4ms
[2025-06-28T00:25:15.015+0200][11.105s] GC(15)   Merge Heap Roots: 0.2ms
[2025-06-28T00:25:15.015+0200][11.105s] GC(15)   Evacuate Collection Set: 11.1ms
[2025-06-28T00:25:15.015+0200][11.105s] GC(15)   Post Evacuate Collection Set: 0.8ms
[2025-06-28T00:25:15.015+0200][11.105s] GC(15)   Other: 0.3ms
[2025-06-28T00:25:15.015+0200][11.105s] GC(15) Eden regions: 4->0(55)
[2025-06-28T00:25:15.015+0200][11.105s] GC(15) Survivor regions: 6->5(8)
[2025-06-28T00:25:15.015+0200][11.105s] GC(15) Old regions: 17->19
[2025-06-28T00:25:15.015+0200][11.105s] GC(15) Humongous regions: 0->0
[2025-06-28T00:25:15.015+0200][11.105s] GC(15) Metaspace: 59675K(60288K)->59675K(60288K) NonClass: 51663K(51968K)->51663K(51968K) Class: 8012K(8320K)->8012K(8320K)
[2025-06-28T00:25:15.015+0200][11.105s] GC(15) Pause Young (Concurrent Start) (Metadata GC Threshold) 25M->23M(100M) 13.131ms
[2025-06-28T00:25:15.015+0200][11.105s] GC(15) User=0.03s Sys=0.00s Real=0.01s
[2025-06-28T00:25:15.015+0200][11.105s] GC(16) Concurrent Mark Cycle
[2025-06-28T00:25:15.015+0200][11.106s] GC(16) Concurrent Scan Root Regions
[2025-06-28T00:25:15.019+0200][11.109s] GC(16) Concurrent Scan Root Regions 3.190ms
[2025-06-28T00:25:15.019+0200][11.109s] GC(16) Concurrent Mark
[2025-06-28T00:25:15.019+0200][11.109s] GC(16) Concurrent Mark From Roots
[2025-06-28T00:25:15.019+0200][11.109s] GC(16) Using 3 workers of 3 for marking
[2025-06-28T00:25:15.033+0200][11.123s] GC(16) Concurrent Mark From Roots 14.205ms
[2025-06-28T00:25:15.033+0200][11.123s] GC(16) Concurrent Preclean
[2025-06-28T00:25:15.033+0200][11.123s] GC(16) Concurrent Preclean 0.133ms
[2025-06-28T00:25:15.034+0200][11.124s] GC(16) Pause Remark
[2025-06-28T00:25:15.043+0200][11.133s] GC(16) Pause Remark 23M->23M(100M) 9.571ms
[2025-06-28T00:25:15.043+0200][11.133s] GC(16) User=0.02s Sys=0.00s Real=0.01s
[2025-06-28T00:25:15.043+0200][11.133s] GC(16) Concurrent Mark 24.483ms
[2025-06-28T00:25:15.043+0200][11.133s] GC(16) Concurrent Rebuild Remembered Sets and Scrub Regions
[2025-06-28T00:25:15.050+0200][11.140s] GC(16) Concurrent Rebuild Remembered Sets and Scrub Regions 6.532ms
[2025-06-28T00:25:15.050+0200][11.140s] GC(16) Pause Cleanup
[2025-06-28T00:25:15.050+0200][11.141s] GC(16) Pause Cleanup 24M->24M(100M) 0.181ms
[2025-06-28T00:25:15.050+0200][11.141s] GC(16) User=0.00s Sys=0.00s Real=0.00s
[2025-06-28T00:25:15.050+0200][11.141s] GC(16) Concurrent Clear Claimed Marks
[2025-06-28T00:25:15.050+0200][11.141s] GC(16) Concurrent Clear Claimed Marks 0.112ms
[2025-06-28T00:25:15.050+0200][11.141s] GC(16) Concurrent Cleanup for Next Mark
[2025-06-28T00:25:15.051+0200][11.141s] GC(16) Concurrent Cleanup for Next Mark 0.245ms
[2025-06-28T00:25:15.051+0200][11.141s] GC(16) Concurrent Mark Cycle 35.718ms
[2025-06-28T00:25:16.420+0200][12.510s] GC(17) Pause Young (Prepare Mixed) (G1 Evacuation Pause)
[2025-06-28T00:25:16.420+0200][12.510s] GC(17) Using 8 workers of 10 for evacuation
[2025-06-28T00:25:16.428+0200][12.519s] GC(17)   Pre Evacuate Collection Set: 0.7ms
[2025-06-28T00:25:16.428+0200][12.519s] GC(17)   Merge Heap Roots: 0.6ms
[2025-06-28T00:25:16.428+0200][12.519s] GC(17)   Evacuate Collection Set: 5.6ms
[2025-06-28T00:25:16.428+0200][12.519s] GC(17)   Post Evacuate Collection Set: 1.8ms
[2025-06-28T00:25:16.428+0200][12.519s] GC(17)   Other: 0.1ms
[2025-06-28T00:25:16.428+0200][12.519s] GC(17) Eden regions: 55->0(53)
[2025-06-28T00:25:16.428+0200][12.519s] GC(17) Survivor regions: 5->7(8)
[2025-06-28T00:25:16.428+0200][12.519s] GC(17) Old regions: 19->19
[2025-06-28T00:25:16.428+0200][12.519s] GC(17) Humongous regions: 0->0
[2025-06-28T00:25:16.428+0200][12.519s] GC(17) Metaspace: 63523K(64192K)->63523K(64192K) NonClass: 54931K(55296K)->54931K(55296K) Class: 8591K(8896K)->8591K(8896K)
[2025-06-28T00:25:16.428+0200][12.519s] GC(17) Pause Young (Prepare Mixed) (G1 Evacuation Pause) 78M->24M(100M) 9.138ms
[2025-06-28T00:25:16.428+0200][12.519s] GC(17) User=0.00s Sys=0.00s Real=0.01s
[2025-06-28T00:25:17.035+0200][13.125s] GC(18) Pause Young (Mixed) (G1 Evacuation Pause)
[2025-06-28T00:25:17.036+0200][13.125s] GC(18) Using 8 workers of 10 for evacuation
[2025-06-28T00:25:17.045+0200][13.135s] GC(18)   Pre Evacuate Collection Set: 0.3ms
[2025-06-28T00:25:17.045+0200][13.135s] GC(18)   Merge Heap Roots: 0.2ms
[2025-06-28T00:25:17.045+0200][13.135s] GC(18)   Evacuate Collection Set: 7.3ms
[2025-06-28T00:25:17.045+0200][13.135s] GC(18)   Post Evacuate Collection Set: 1.3ms
[2025-06-28T00:25:17.045+0200][13.135s] GC(18)   Other: 0.1ms
[2025-06-28T00:25:17.045+0200][13.135s] GC(18) Eden regions: 53->0(54)
[2025-06-28T00:25:17.045+0200][13.135s] GC(18) Survivor regions: 7->6(8)
[2025-06-28T00:25:17.045+0200][13.135s] GC(18) Old regions: 19->23
[2025-06-28T00:25:17.045+0200][13.135s] GC(18) Humongous regions: 0->0
[2025-06-28T00:25:17.045+0200][13.135s] GC(18) Metaspace: 67842K(68544K)->67842K(68544K) NonClass: 58708K(59072K)->58708K(59072K) Class: 9134K(9472K)->9134K(9472K)
[2025-06-28T00:25:17.045+0200][13.135s] GC(18) Pause Young (Mixed) (G1 Evacuation Pause) 77M->27M(100M) 9.434ms
[2025-06-28T00:25:17.045+0200][13.135s] GC(18) User=0.09s Sys=0.03s Real=0.01s
[2025-06-28T00:25:18.070+0200][14.161s] GC(19) Pause Young (Normal) (G1 Evacuation Pause)
[2025-06-28T00:25:18.071+0200][14.161s] GC(19) Using 8 workers of 10 for evacuation
[2025-06-28T00:25:18.080+0200][14.170s] GC(19)   Pre Evacuate Collection Set: 0.2ms
[2025-06-28T00:25:18.080+0200][14.170s] GC(19)   Merge Heap Roots: 0.1ms
[2025-06-28T00:25:18.080+0200][14.170s] GC(19)   Evacuate Collection Set: 8.2ms
[2025-06-28T00:25:18.080+0200][14.170s] GC(19)   Post Evacuate Collection Set: 0.9ms
[2025-06-28T00:25:18.080+0200][14.171s] GC(19)   Other: 0.1ms
[2025-06-28T00:25:18.080+0200][14.171s] GC(19) Eden regions: 54->0(53)
[2025-06-28T00:25:18.080+0200][14.171s] GC(19) Survivor regions: 6->7(8)
[2025-06-28T00:25:18.080+0200][14.171s] GC(19) Old regions: 23->25
[2025-06-28T00:25:18.080+0200][14.171s] GC(19) Humongous regions: 0->0
[2025-06-28T00:25:18.080+0200][14.171s] GC(19) Metaspace: 75103K(75840K)->75103K(75840K) NonClass: 64816K(65216K)->64816K(65216K) Class: 10286K(10624K)->10286K(10624K)
[2025-06-28T00:25:18.080+0200][14.171s] GC(19) Pause Young (Normal) (G1 Evacuation Pause) 81M->30M(100M) 9.924ms
[2025-06-28T00:25:18.080+0200][14.171s] GC(19) User=0.03s Sys=0.02s Real=0.01s
[2025-06-28T00:25:18.906+0200][14.996s] GC(20) Pause Young (Normal) (G1 Evacuation Pause)
[2025-06-28T00:25:18.906+0200][14.997s] GC(20) Using 8 workers of 10 for evacuation
[2025-06-28T00:25:18.915+0200][15.006s] GC(20)   Pre Evacuate Collection Set: 0.4ms
[2025-06-28T00:25:18.915+0200][15.006s] GC(20)   Merge Heap Roots: 0.2ms
[2025-06-28T00:25:18.915+0200][15.006s] GC(20)   Evacuate Collection Set: 7.7ms
[2025-06-28T00:25:18.915+0200][15.006s] GC(20)   Post Evacuate Collection Set: 0.7ms
[2025-06-28T00:25:18.915+0200][15.006s] GC(20)   Other: 0.1ms
[2025-06-28T00:25:18.915+0200][15.006s] GC(20) Eden regions: 53->0(54)
[2025-06-28T00:25:18.915+0200][15.006s] GC(20) Survivor regions: 7->6(8)
[2025-06-28T00:25:18.915+0200][15.006s] GC(20) Old regions: 25->28
[2025-06-28T00:25:18.915+0200][15.006s] GC(20) Humongous regions: 0->0
[2025-06-28T00:25:18.915+0200][15.006s] GC(20) Metaspace: 78478K(79168K)->78478K(79168K) NonClass: 67710K(68096K)->67710K(68096K) Class: 10767K(11072K)->10767K(11072K)
[2025-06-28T00:25:18.915+0200][15.006s] GC(20) Pause Young (Normal) (G1 Evacuation Pause) 83M->33M(100M) 9.393ms
[2025-06-28T00:25:18.915+0200][15.006s] GC(20) User=0.00s Sys=0.00s Real=0.01s
[2025-06-28T00:25:19.940+0200][16.030s] GC(21) Pause Young (Normal) (G1 Evacuation Pause)
[2025-06-28T00:25:19.940+0200][16.030s] GC(21) Using 8 workers of 10 for evacuation
[2025-06-28T00:25:19.952+0200][16.042s] GC(21)   Pre Evacuate Collection Set: 0.7ms
[2025-06-28T00:25:19.952+0200][16.042s] GC(21)   Merge Heap Roots: 0.1ms
[2025-06-28T00:25:19.952+0200][16.042s] GC(21)   Evacuate Collection Set: 7.2ms
[2025-06-28T00:25:19.952+0200][16.042s] GC(21)   Post Evacuate Collection Set: 3.7ms
[2025-06-28T00:25:19.952+0200][16.042s] GC(21)   Other: 0.1ms
[2025-06-28T00:25:19.952+0200][16.042s] GC(21) Eden regions: 54->0(54)
[2025-06-28T00:25:19.952+0200][16.042s] GC(21) Survivor regions: 6->5(8)
[2025-06-28T00:25:19.952+0200][16.042s] GC(21) Old regions: 28->31
[2025-06-28T00:25:19.952+0200][16.042s] GC(21) Humongous regions: 0->0
[2025-06-28T00:25:19.952+0200][16.042s] GC(21) Metaspace: 81609K(82432K)->81609K(82432K) NonClass: 70410K(70848K)->70410K(70848K) Class: 11199K(11584K)->11199K(11584K)
[2025-06-28T00:25:19.953+0200][16.042s] GC(21) Pause Young (Normal) (G1 Evacuation Pause) 87M->35M(100M) 12.245ms
[2025-06-28T00:25:19.953+0200][16.042s] GC(21) User=0.00s Sys=0.03s Real=0.01s
[2025-06-28T00:25:35.602+0200][31.692s] GC(22) Pause Young (Normal) (G1 Evacuation Pause)
[2025-06-28T00:25:35.602+0200][31.692s] GC(22) Using 8 workers of 10 for evacuation
[2025-06-28T00:25:35.613+0200][31.703s] GC(22)   Pre Evacuate Collection Set: 0.6ms
[2025-06-28T00:25:35.613+0200][31.704s] GC(22)   Merge Heap Roots: 0.7ms
[2025-06-28T00:25:35.613+0200][31.704s] GC(22)   Evacuate Collection Set: 8.7ms
[2025-06-28T00:25:35.613+0200][31.704s] GC(22)   Post Evacuate Collection Set: 1.0ms
[2025-06-28T00:25:35.613+0200][31.704s] GC(22)   Other: 0.1ms
[2025-06-28T00:25:35.613+0200][31.704s] GC(22) Eden regions: 54->0(48)
[2025-06-28T00:25:35.613+0200][31.704s] GC(22) Survivor regions: 5->7(8)
[2025-06-28T00:25:35.613+0200][31.704s] GC(22) Old regions: 31->33
[2025-06-28T00:25:35.613+0200][31.704s] GC(22) Humongous regions: 0->0
[2025-06-28T00:25:35.613+0200][31.704s] GC(22) Metaspace: 92392K(93248K)->92392K(93248K) NonClass: 80091K(80576K)->80091K(80576K) Class: 12301K(12672K)->12301K(12672K)
[2025-06-28T00:25:35.613+0200][31.704s] GC(22) Pause Young (Normal) (G1 Evacuation Pause) 89M->39M(100M) 11.527ms
[2025-06-28T00:25:35.613+0200][31.704s] GC(22) User=0.00s Sys=0.02s Real=0.01s
[2025-06-28T00:25:36.903+0200][32.994s] GC(23) Pause Young (Normal) (G1 Evacuation Pause)
[2025-06-28T00:25:36.904+0200][32.994s] GC(23) Using 8 workers of 10 for evacuation
[2025-06-28T00:25:36.912+0200][33.003s] GC(23)   Pre Evacuate Collection Set: 0.3ms
[2025-06-28T00:25:36.912+0200][33.003s] GC(23)   Merge Heap Roots: 0.1ms
[2025-06-28T00:25:36.912+0200][33.003s] GC(23)   Evacuate Collection Set: 7.0ms
[2025-06-28T00:25:36.912+0200][33.003s] GC(23)   Post Evacuate Collection Set: 0.9ms
[2025-06-28T00:25:36.912+0200][33.003s] GC(23)   Other: 0.1ms
[2025-06-28T00:25:36.912+0200][33.003s] GC(23) Eden regions: 48->0(49)
[2025-06-28T00:25:36.912+0200][33.003s] GC(23) Survivor regions: 7->3(7)
[2025-06-28T00:25:36.912+0200][33.003s] GC(23) Old regions: 33->40
[2025-06-28T00:25:36.912+0200][33.003s] GC(23) Humongous regions: 0->0
[2025-06-28T00:25:36.912+0200][33.003s] GC(23) Metaspace: 94824K(95744K)->94824K(95744K) NonClass: 82028K(82496K)->82028K(82496K) Class: 12795K(13248K)->12795K(13248K)
[2025-06-28T00:25:36.912+0200][33.003s] GC(23) Pause Young (Normal) (G1 Evacuation Pause) 87M->42M(100M) 8.684ms
[2025-06-28T00:25:36.912+0200][33.003s] GC(23) User=0.00s Sys=0.00s Real=0.01s
[2025-06-28T00:25:40.155+0200][36.245s] GC(24) Pause Young (Normal) (G1 Evacuation Pause)
[2025-06-28T00:25:40.155+0200][36.245s] GC(24) Using 8 workers of 10 for evacuation
[2025-06-28T00:25:40.167+0200][36.257s] GC(24)   Pre Evacuate Collection Set: 0.2ms
[2025-06-28T00:25:40.167+0200][36.257s] GC(24)   Merge Heap Roots: 0.1ms
[2025-06-28T00:25:40.167+0200][36.257s] GC(24)   Evacuate Collection Set: 10.0ms
[2025-06-28T00:25:40.167+0200][36.257s] GC(24)   Post Evacuate Collection Set: 1.0ms
[2025-06-28T00:25:40.167+0200][36.257s] GC(24)   Other: 0.2ms
[2025-06-28T00:25:40.167+0200][36.257s] GC(24) Eden regions: 49->0(47)
[2025-06-28T00:25:40.168+0200][36.257s] GC(24) Survivor regions: 3->4(7)
[2025-06-28T00:25:40.168+0200][36.258s] GC(24) Old regions: 40->40
[2025-06-28T00:25:40.168+0200][36.258s] GC(24) Humongous regions: 0->0
[2025-06-28T00:25:40.168+0200][36.258s] GC(24) Metaspace: 97560K(98624K)->97560K(98624K) NonClass: 84614K(85184K)->84614K(85184K) Class: 12945K(13440K)->12945K(13440K)
[2025-06-28T00:25:40.168+0200][36.258s] GC(24) Pause Young (Normal) (G1 Evacuation Pause) 91M->43M(100M) 12.392ms
[2025-06-28T00:25:40.168+0200][36.258s] GC(24) User=0.05s Sys=0.00s Real=0.01s
[2025-06-28T00:25:43.187+0200][39.277s] GC(25) Pause Young (Normal) (G1 Evacuation Pause)
[2025-06-28T00:25:43.187+0200][39.277s] GC(25) Using 8 workers of 10 for evacuation
[2025-06-28T00:25:43.195+0200][39.285s] GC(25)   Pre Evacuate Collection Set: 0.3ms
[2025-06-28T00:25:43.195+0200][39.285s] GC(25)   Merge Heap Roots: 0.2ms
[2025-06-28T00:25:43.195+0200][39.285s] GC(25)   Evacuate Collection Set: 5.8ms
[2025-06-28T00:25:43.195+0200][39.285s] GC(25)   Post Evacuate Collection Set: 1.1ms
[2025-06-28T00:25:43.195+0200][39.285s] GC(25)   Other: 0.2ms
[2025-06-28T00:25:43.195+0200][39.285s] GC(25) Eden regions: 47->0(45)
[2025-06-28T00:25:43.195+0200][39.285s] GC(25) Survivor regions: 4->5(7)
[2025-06-28T00:25:43.195+0200][39.285s] GC(25) Old regions: 40->40
[2025-06-28T00:25:43.195+0200][39.285s] GC(25) Humongous regions: 0->0
[2025-06-28T00:25:43.195+0200][39.285s] GC(25) Metaspace: 99194K(100224K)->99194K(100224K) NonClass: 86231K(86784K)->86231K(86784K) Class: 12962K(13440K)->12962K(13440K)
[2025-06-28T00:25:43.195+0200][39.285s] GC(25) Pause Young (Normal) (G1 Evacuation Pause) 90M->43M(100M) 8.298ms
[2025-06-28T00:25:43.196+0200][39.285s] GC(25) User=0.00s Sys=0.00s Real=0.01s
[2025-06-28T00:25:43.662+0200][39.753s] GC(26) Pause Young (Concurrent Start) (CodeCache GC Threshold)
[2025-06-28T00:25:43.663+0200][39.753s] GC(26) Using 8 workers of 10 for evacuation
[2025-06-28T00:25:43.669+0200][39.760s] GC(26)   Pre Evacuate Collection Set: 0.3ms
[2025-06-28T00:25:43.670+0200][39.760s] GC(26)   Merge Heap Roots: 0.1ms
[2025-06-28T00:25:43.670+0200][39.760s] GC(26)   Evacuate Collection Set: 5.0ms
[2025-06-28T00:25:43.670+0200][39.760s] GC(26)   Post Evacuate Collection Set: 1.1ms
[2025-06-28T00:25:43.670+0200][39.760s] GC(26)   Other: 0.3ms
[2025-06-28T00:25:43.670+0200][39.761s] GC(26) Eden regions: 8->0(45)
[2025-06-28T00:25:43.671+0200][39.761s] GC(26) Survivor regions: 5->4(7)
[2025-06-28T00:25:43.671+0200][39.761s] GC(26) Old regions: 40->42
[2025-06-28T00:25:43.671+0200][39.761s] GC(26) Humongous regions: 0->0
[2025-06-28T00:25:43.671+0200][39.761s] GC(26) Metaspace: 99500K(100480K)->99500K(100480K) NonClass: 86537K(87040K)->86537K(87040K) Class: 12962K(13440K)->12962K(13440K)
[2025-06-28T00:25:43.671+0200][39.761s] GC(26) Pause Young (Concurrent Start) (CodeCache GC Threshold) 51M->44M(100M) 8.503ms
[2025-06-28T00:25:43.671+0200][39.761s] GC(27) Concurrent Mark Cycle
[2025-06-28T00:25:43.671+0200][39.761s] GC(26) User=0.11s Sys=0.02s Real=0.01s
[2025-06-28T00:25:43.671+0200][39.761s] GC(27) Concurrent Scan Root Regions
[2025-06-28T00:25:43.676+0200][39.766s] GC(27) Concurrent Scan Root Regions 4.497ms
[2025-06-28T00:25:43.676+0200][39.766s] GC(27) Concurrent Mark
[2025-06-28T00:25:43.676+0200][39.766s] GC(27) Concurrent Mark From Roots
[2025-06-28T00:25:43.676+0200][39.766s] GC(27) Using 3 workers of 3 for marking
[2025-06-28T00:25:43.725+0200][39.815s] GC(27) Concurrent Mark From Roots 48.988ms
[2025-06-28T00:25:43.725+0200][39.815s] GC(27) Concurrent Preclean
[2025-06-28T00:25:43.726+0200][39.816s] GC(27) Concurrent Preclean 0.290ms
[2025-06-28T00:25:43.726+0200][39.816s] GC(27) Pause Remark
[2025-06-28T00:25:43.755+0200][39.845s] GC(27) Pause Remark 45M->45M(100M) 29.212ms
[2025-06-28T00:25:43.755+0200][39.845s] GC(27) User=0.09s Sys=0.00s Real=0.03s
[2025-06-28T00:25:43.756+0200][39.846s] GC(27) Concurrent Mark 79.868ms
[2025-06-28T00:25:43.756+0200][39.846s] GC(27) Concurrent Rebuild Remembered Sets and Scrub Regions
[2025-06-28T00:25:43.789+0200][39.879s] GC(27) Concurrent Rebuild Remembered Sets and Scrub Regions 33.241ms
[2025-06-28T00:25:43.790+0200][39.880s] GC(27) Pause Cleanup
[2025-06-28T00:25:43.790+0200][39.880s] GC(27) Pause Cleanup 45M->45M(100M) 0.370ms
[2025-06-28T00:25:43.790+0200][39.880s] GC(27) User=0.00s Sys=0.00s Real=0.00s
[2025-06-28T00:25:43.790+0200][39.880s] GC(27) Concurrent Clear Claimed Marks
[2025-06-28T00:25:43.791+0200][39.881s] GC(27) Concurrent Clear Claimed Marks 0.229ms
[2025-06-28T00:25:43.791+0200][39.881s] GC(27) Concurrent Cleanup for Next Mark
[2025-06-28T00:25:43.791+0200][39.881s] GC(27) Concurrent Cleanup for Next Mark 0.337ms
[2025-06-28T00:25:43.791+0200][39.881s] GC(27) Concurrent Mark Cycle 119.650ms
[2025-06-28T00:25:46.903+0200][42.993s] GC(28) Pause Young (Prepare Mixed) (G1 Evacuation Pause)
[2025-06-28T00:25:46.903+0200][42.994s] GC(28) Using 8 workers of 10 for evacuation
[2025-06-28T00:25:46.911+0200][43.001s] GC(28)   Pre Evacuate Collection Set: 0.4ms
[2025-06-28T00:25:46.911+0200][43.001s] GC(28)   Merge Heap Roots: 0.2ms
[2025-06-28T00:25:46.911+0200][43.001s] GC(28)   Evacuate Collection Set: 5.6ms
[2025-06-28T00:25:46.911+0200][43.001s] GC(28)   Post Evacuate Collection Set: 1.1ms
[2025-06-28T00:25:46.911+0200][43.001s] GC(28)   Other: 0.2ms
[2025-06-28T00:25:46.911+0200][43.001s] GC(28) Eden regions: 45->0(43)
[2025-06-28T00:25:46.911+0200][43.001s] GC(28) Survivor regions: 4->5(7)
[2025-06-28T00:25:46.911+0200][43.001s] GC(28) Old regions: 42->42
[2025-06-28T00:25:46.911+0200][43.001s] GC(28) Humongous regions: 0->0
[2025-06-28T00:25:46.911+0200][43.001s] GC(28) Metaspace: 100324K(101376K)->100324K(101376K) NonClass: 87349K(87872K)->87349K(87872K) Class: 12975K(13504K)->12975K(13504K)
[2025-06-28T00:25:46.911+0200][43.001s] GC(28) Pause Young (Prepare Mixed) (G1 Evacuation Pause) 89M->45M(100M) 8.036ms
[2025-06-28T00:25:46.911+0200][43.001s] GC(28) User=0.00s Sys=0.00s Real=0.01s
[2025-06-28T00:25:50.038+0200][46.128s] GC(29) Pause Young (Mixed) (G1 Evacuation Pause)
[2025-06-28T00:25:50.038+0200][46.128s] GC(29) Using 8 workers of 10 for evacuation
[2025-06-28T00:25:50.047+0200][46.137s] GC(29)   Pre Evacuate Collection Set: 0.3ms
[2025-06-28T00:25:50.047+0200][46.137s] GC(29)   Merge Heap Roots: 0.2ms
[2025-06-28T00:25:50.047+0200][46.137s] GC(29)   Evacuate Collection Set: 7.1ms
[2025-06-28T00:25:50.047+0200][46.137s] GC(29)   Post Evacuate Collection Set: 1.1ms
[2025-06-28T00:25:50.047+0200][46.137s] GC(29)   Other: 0.2ms
[2025-06-28T00:25:50.047+0200][46.137s] GC(29) Eden regions: 43->0(47)
[2025-06-28T00:25:50.047+0200][46.137s] GC(29) Survivor regions: 5->3(6)
[2025-06-28T00:25:50.047+0200][46.137s] GC(29) Old regions: 42->42
[2025-06-28T00:25:50.047+0200][46.137s] GC(29) Humongous regions: 0->0
[2025-06-28T00:25:50.047+0200][46.137s] GC(29) Metaspace: 100812K(101824K)->100812K(101824K) NonClass: 87835K(88320K)->87835K(88320K) Class: 12977K(13504K)->12977K(13504K)
[2025-06-28T00:25:50.047+0200][46.137s] GC(29) Pause Young (Mixed) (G1 Evacuation Pause) 88M->44M(100M) 9.437ms
[2025-06-28T00:25:50.047+0200][46.137s] GC(29) User=0.08s Sys=0.02s Real=0.01s
[2025-06-28T00:25:52.799+0200][48.889s] GC(30) Pause Young (Normal) (G1 Evacuation Pause)
[2025-06-28T00:25:52.799+0200][48.889s] GC(30) Using 8 workers of 10 for evacuation
[2025-06-28T00:25:52.805+0200][48.895s] GC(30)   Pre Evacuate Collection Set: 0.3ms
[2025-06-28T00:25:52.805+0200][48.895s] GC(30)   Merge Heap Roots: 0.1ms
[2025-06-28T00:25:52.805+0200][48.895s] GC(30)   Evacuate Collection Set: 3.8ms
[2025-06-28T00:25:52.805+0200][48.895s] GC(30)   Post Evacuate Collection Set: 1.1ms
[2025-06-28T00:25:52.805+0200][48.895s] GC(30)   Other: 0.2ms
[2025-06-28T00:25:52.805+0200][48.895s] GC(30) Eden regions: 47->0(47)
[2025-06-28T00:25:52.805+0200][48.895s] GC(30) Survivor regions: 3->3(7)
[2025-06-28T00:25:52.805+0200][48.895s] GC(30) Old regions: 42->42
[2025-06-28T00:25:52.805+0200][48.895s] GC(30) Humongous regions: 0->0
[2025-06-28T00:25:52.805+0200][48.895s] GC(30) Metaspace: 101048K(102080K)->101048K(102080K) NonClass: 88070K(88576K)->88070K(88576K) Class: 12978K(13504K)->12978K(13504K)
[2025-06-28T00:25:52.805+0200][48.895s] GC(30) Pause Young (Normal) (G1 Evacuation Pause) 91M->44M(100M) 6.034ms
[2025-06-28T00:25:52.805+0200][48.895s] GC(30) User=0.00s Sys=0.00s Real=0.01s
[2025-06-28T00:25:55.616+0200][51.706s] GC(31) Pause Young (Concurrent Start) (G1 Evacuation Pause)
[2025-06-28T00:25:55.616+0200][51.706s] GC(31) Using 8 workers of 10 for evacuation
[2025-06-28T00:25:55.623+0200][51.713s] GC(31)   Pre Evacuate Collection Set: 0.4ms
[2025-06-28T00:25:55.623+0200][51.713s] GC(31)   Merge Heap Roots: 0.2ms
[2025-06-28T00:25:55.623+0200][51.713s] GC(31)   Evacuate Collection Set: 5.1ms
[2025-06-28T00:25:55.623+0200][51.713s] GC(31)   Post Evacuate Collection Set: 1.0ms
[2025-06-28T00:25:55.623+0200][51.713s] GC(31)   Other: 0.3ms
[2025-06-28T00:25:55.623+0200][51.713s] GC(31) Eden regions: 47->0(45)
[2025-06-28T00:25:55.623+0200][51.713s] GC(31) Survivor regions: 3->4(7)
[2025-06-28T00:25:55.623+0200][51.713s] GC(31) Old regions: 42->42
[2025-06-28T00:25:55.623+0200][51.713s] GC(31) Humongous regions: 0->0
[2025-06-28T00:25:55.623+0200][51.713s] GC(31) Metaspace: 101361K(102400K)->101361K(102400K) NonClass: 88382K(88896K)->88382K(88896K) Class: 12978K(13504K)->12978K(13504K)
[2025-06-28T00:25:55.623+0200][51.713s] GC(31) Pause Young (Concurrent Start) (G1 Evacuation Pause) 91M->44M(100M) 7.470ms
[2025-06-28T00:25:55.623+0200][51.713s] GC(32) Concurrent Mark Cycle
[2025-06-28T00:25:55.623+0200][51.713s] GC(31) User=0.09s Sys=0.02s Real=0.01s
[2025-06-28T00:25:55.623+0200][51.713s] GC(32) Concurrent Scan Root Regions
[2025-06-28T00:25:55.627+0200][51.717s] GC(32) Concurrent Scan Root Regions 3.174ms
[2025-06-28T00:25:55.627+0200][51.717s] GC(32) Concurrent Mark
[2025-06-28T00:25:55.627+0200][51.717s] GC(32) Concurrent Mark From Roots
[2025-06-28T00:25:55.627+0200][51.717s] GC(32) Using 3 workers of 3 for marking
[2025-06-28T00:25:55.679+0200][51.769s] GC(32) Concurrent Mark From Roots 51.588ms
[2025-06-28T00:25:55.679+0200][51.769s] GC(32) Concurrent Preclean
[2025-06-28T00:25:55.679+0200][51.769s] GC(32) Concurrent Preclean 0.281ms
[2025-06-28T00:25:55.679+0200][51.769s] GC(32) Pause Remark
[2025-06-28T00:25:55.745+0200][51.835s] GC(32) Pause Remark 45M->45M(100M) 65.983ms
[2025-06-28T00:25:55.745+0200][51.835s] GC(32) User=0.25s Sys=0.00s Real=0.07s
[2025-06-28T00:25:55.747+0200][51.838s] GC(32) Concurrent Mark 120.701ms
[2025-06-28T00:25:55.747+0200][51.838s] GC(32) Concurrent Rebuild Remembered Sets and Scrub Regions
[2025-06-28T00:25:55.790+0200][51.879s] GC(32) Concurrent Rebuild Remembered Sets and Scrub Regions 41.490ms
[2025-06-28T00:25:55.790+0200][51.880s] GC(32) Pause Cleanup
[2025-06-28T00:25:55.790+0200][51.880s] GC(32) Pause Cleanup 46M->46M(100M) 0.276ms
[2025-06-28T00:25:55.790+0200][51.880s] GC(32) User=0.00s Sys=0.00s Real=0.00s
[2025-06-28T00:25:55.790+0200][51.880s] GC(32) Concurrent Clear Claimed Marks
[2025-06-28T00:25:55.790+0200][51.881s] GC(32) Concurrent Clear Claimed Marks 0.284ms
[2025-06-28T00:25:55.790+0200][51.881s] GC(32) Concurrent Cleanup for Next Mark
[2025-06-28T00:25:55.791+0200][51.881s] GC(32) Concurrent Cleanup for Next Mark 0.329ms
[2025-06-28T00:25:55.791+0200][51.881s] GC(32) Concurrent Mark Cycle 167.768ms
[2025-06-28T00:25:58.534+0200][54.625s] GC(33) Pause Young (Prepare Mixed) (G1 Evacuation Pause)
[2025-06-28T00:25:58.534+0200][54.625s] GC(33) Using 8 workers of 10 for evacuation
[2025-06-28T00:25:58.540+0200][54.630s] GC(33)   Pre Evacuate Collection Set: 0.2ms
[2025-06-28T00:25:58.540+0200][54.630s] GC(33)   Merge Heap Roots: 0.1ms
[2025-06-28T00:25:58.540+0200][54.630s] GC(33)   Evacuate Collection Set: 3.4ms
[2025-06-28T00:25:58.540+0200][54.630s] GC(33)   Post Evacuate Collection Set: 1.1ms
[2025-06-28T00:25:58.540+0200][54.630s] GC(33)   Other: 0.2ms
[2025-06-28T00:25:58.540+0200][54.630s] GC(33) Eden regions: 45->0(45)
[2025-06-28T00:25:58.540+0200][54.630s] GC(33) Survivor regions: 4->4(7)
[2025-06-28T00:25:58.540+0200][54.630s] GC(33) Old regions: 42->42
[2025-06-28T00:25:58.540+0200][54.630s] GC(33) Humongous regions: 0->0
[2025-06-28T00:25:58.540+0200][54.630s] GC(33) Metaspace: 101328K(102400K)->101328K(102400K) NonClass: 88359K(88896K)->88359K(88896K) Class: 12969K(13504K)->12969K(13504K)
[2025-06-28T00:25:58.540+0200][54.630s] GC(33) Pause Young (Prepare Mixed) (G1 Evacuation Pause) 89M->44M(100M) 5.500ms
[2025-06-28T00:25:58.540+0200][54.630s] GC(33) User=0.00s Sys=0.00s Real=0.01s
[2025-06-28T00:26:01.602+0200][57.692s] GC(34) Pause Young (Mixed) (G1 Evacuation Pause)
[2025-06-28T00:26:01.602+0200][57.692s] GC(34) Using 8 workers of 10 for evacuation
[2025-06-28T00:26:01.610+0200][57.700s] GC(34)   Pre Evacuate Collection Set: 0.3ms
[2025-06-28T00:26:01.610+0200][57.700s] GC(34)   Merge Heap Roots: 0.2ms
[2025-06-28T00:26:01.610+0200][57.700s] GC(34)   Evacuate Collection Set: 5.8ms
[2025-06-28T00:26:01.610+0200][57.700s] GC(34)   Post Evacuate Collection Set: 1.1ms
[2025-06-28T00:26:01.610+0200][57.700s] GC(34)   Other: 0.2ms
[2025-06-28T00:26:01.610+0200][57.700s] GC(34) Eden regions: 45->0(46)
[2025-06-28T00:26:01.610+0200][57.700s] GC(34) Survivor regions: 4->4(7)
[2025-06-28T00:26:01.610+0200][57.700s] GC(34) Old regions: 42->41
[2025-06-28T00:26:01.610+0200][57.700s] GC(34) Humongous regions: 0->0
[2025-06-28T00:26:01.610+0200][57.700s] GC(34) Metaspace: 101330K(102400K)->101330K(102400K) NonClass: 88361K(88896K)->88361K(88896K) Class: 12969K(13504K)->12969K(13504K)
[2025-06-28T00:26:01.610+0200][57.700s] GC(34) Pause Young (Mixed) (G1 Evacuation Pause) 89M->44M(100M) 8.200ms
[2025-06-28T00:26:01.610+0200][57.700s] GC(34) User=0.09s Sys=0.02s Real=0.01s
[2025-06-28T00:26:04.811+0200][60.901s] GC(35) Pause Young (Concurrent Start) (G1 Evacuation Pause)
[2025-06-28T00:26:04.811+0200][60.901s] GC(35) Using 8 workers of 10 for evacuation
[2025-06-28T00:26:04.820+0200][60.910s] GC(35)   Pre Evacuate Collection Set: 1.3ms
[2025-06-28T00:26:04.820+0200][60.910s] GC(35)   Merge Heap Roots: 0.2ms
[2025-06-28T00:26:04.820+0200][60.910s] GC(35)   Evacuate Collection Set: 4.5ms
[2025-06-28T00:26:04.820+0200][60.910s] GC(35)   Post Evacuate Collection Set: 1.8ms
[2025-06-28T00:26:04.820+0200][60.910s] GC(35)   Other: 0.9ms
[2025-06-28T00:26:04.820+0200][60.910s] GC(35) Eden regions: 46->0(46)
[2025-06-28T00:26:04.820+0200][60.910s] GC(35) Survivor regions: 4->4(7)
[2025-06-28T00:26:04.820+0200][60.910s] GC(35) Old regions: 41->41
[2025-06-28T00:26:04.820+0200][60.910s] GC(35) Humongous regions: 0->0
[2025-06-28T00:26:04.820+0200][60.910s] GC(35) Metaspace: 101339K(102400K)->101339K(102400K) NonClass: 88370K(88896K)->88370K(88896K) Class: 12969K(13504K)->12969K(13504K)
[2025-06-28T00:26:04.820+0200][60.910s] GC(35) Pause Young (Concurrent Start) (G1 Evacuation Pause) 90M->44M(100M) 9.091ms
[2025-06-28T00:26:04.820+0200][60.910s] GC(35) User=0.00s Sys=0.00s Real=0.01s
[2025-06-28T00:26:04.820+0200][60.910s] GC(36) Concurrent Mark Cycle
[2025-06-28T00:26:04.820+0200][60.910s] GC(36) Concurrent Scan Root Regions
[2025-06-28T00:26:04.823+0200][60.913s] GC(36) Concurrent Scan Root Regions 2.688ms
[2025-06-28T00:26:04.823+0200][60.913s] GC(36) Concurrent Mark
[2025-06-28T00:26:04.823+0200][60.913s] GC(36) Concurrent Mark From Roots
[2025-06-28T00:26:04.823+0200][60.913s] GC(36) Using 3 workers of 3 for marking
[2025-06-28T00:26:04.869+0200][60.959s] GC(36) Concurrent Mark From Roots 46.048ms
[2025-06-28T00:26:04.869+0200][60.959s] GC(36) Concurrent Preclean
[2025-06-28T00:26:04.870+0200][60.959s] GC(36) Concurrent Preclean 0.163ms
[2025-06-28T00:26:04.870+0200][60.960s] GC(36) Pause Remark
[2025-06-28T00:26:04.888+0200][60.977s] GC(36) Pause Remark 45M->45M(100M) 17.766ms
[2025-06-28T00:26:04.888+0200][60.977s] GC(36) User=0.09s Sys=0.00s Real=0.02s
[2025-06-28T00:26:04.888+0200][60.978s] GC(36) Concurrent Mark 64.411ms
[2025-06-28T00:26:04.888+0200][60.978s] GC(36) Concurrent Rebuild Remembered Sets and Scrub Regions
[2025-06-28T00:26:04.914+0200][61.004s] GC(36) Concurrent Rebuild Remembered Sets and Scrub Regions 26.352ms
[2025-06-28T00:26:04.914+0200][61.004s] GC(36) Pause Cleanup
[2025-06-28T00:26:04.914+0200][61.005s] GC(36) Pause Cleanup 46M->46M(100M) 0.258ms
[2025-06-28T00:26:04.914+0200][61.005s] GC(36) User=0.00s Sys=0.00s Real=0.00s
[2025-06-28T00:26:04.915+0200][61.005s] GC(36) Concurrent Clear Claimed Marks
[2025-06-28T00:26:04.915+0200][61.005s] GC(36) Concurrent Clear Claimed Marks 0.139ms
[2025-06-28T00:26:04.915+0200][61.005s] GC(36) Concurrent Cleanup for Next Mark
[2025-06-28T00:26:04.915+0200][61.005s] GC(36) Concurrent Cleanup for Next Mark 0.212ms
[2025-06-28T00:26:04.915+0200][61.005s] GC(36) Concurrent Mark Cycle 94.969ms
[2025-06-28T00:26:06.763+0200][62.853s] GC(37) Pause Young (Prepare Mixed) (G1 Evacuation Pause)
[2025-06-28T00:26:06.763+0200][62.853s] GC(37) Using 8 workers of 10 for evacuation
[2025-06-28T00:26:06.768+0200][62.859s] GC(37)   Pre Evacuate Collection Set: 0.5ms
[2025-06-28T00:26:06.768+0200][62.859s] GC(37)   Merge Heap Roots: 0.1ms
[2025-06-28T00:26:06.768+0200][62.859s] GC(37)   Evacuate Collection Set: 3.8ms
[2025-06-28T00:26:06.769+0200][62.859s] GC(37)   Post Evacuate Collection Set: 1.1ms
[2025-06-28T00:26:06.769+0200][62.859s] GC(37)   Other: 0.2ms
[2025-06-28T00:26:06.769+0200][62.859s] GC(37) Eden regions: 46->0(46)
[2025-06-28T00:26:06.769+0200][62.859s] GC(37) Survivor regions: 4->4(7)
[2025-06-28T00:26:06.769+0200][62.859s] GC(37) Old regions: 41->41
[2025-06-28T00:26:06.769+0200][62.859s] GC(37) Humongous regions: 0->0
[2025-06-28T00:26:06.769+0200][62.859s] GC(37) Metaspace: 101339K(102400K)->101339K(102400K) NonClass: 88370K(88896K)->88370K(88896K) Class: 12969K(13504K)->12969K(13504K)
[2025-06-28T00:26:06.769+0200][62.859s] GC(37) Pause Young (Prepare Mixed) (G1 Evacuation Pause) 90M->44M(100M) 6.093ms
[2025-06-28T00:26:06.769+0200][62.859s] GC(37) User=0.00s Sys=0.00s Real=0.01s
[2025-06-28T00:26:09.035+0200][65.125s] GC(38) Pause Young (Mixed) (G1 Evacuation Pause)
[2025-06-28T00:26:09.036+0200][65.125s] GC(38) Using 8 workers of 10 for evacuation
[2025-06-28T00:26:09.041+0200][65.131s] GC(38)   Pre Evacuate Collection Set: 0.2ms
[2025-06-28T00:26:09.041+0200][65.131s] GC(38)   Merge Heap Roots: 0.2ms
[2025-06-28T00:26:09.041+0200][65.131s] GC(38)   Evacuate Collection Set: 4.2ms
[2025-06-28T00:26:09.041+0200][65.131s] GC(38)   Post Evacuate Collection Set: 0.8ms
[2025-06-28T00:26:09.041+0200][65.131s] GC(38)   Other: 0.1ms
[2025-06-28T00:26:09.041+0200][65.131s] GC(38) Eden regions: 46->0(45)
[2025-06-28T00:26:09.041+0200][65.131s] GC(38) Survivor regions: 4->4(7)
[2025-06-28T00:26:09.041+0200][65.131s] GC(38) Old regions: 41->42
[2025-06-28T00:26:09.041+0200][65.131s] GC(38) Humongous regions: 0->0
[2025-06-28T00:26:09.041+0200][65.131s] GC(38) Metaspace: 101403K(102464K)->101403K(102464K) NonClass: 88434K(88960K)->88434K(88960K) Class: 12969K(13504K)->12969K(13504K)
[2025-06-28T00:26:09.041+0200][65.131s] GC(38) Pause Young (Mixed) (G1 Evacuation Pause) 90M->44M(100M) 5.862ms
[2025-06-28T00:26:09.041+0200][65.131s] GC(38) User=0.00s Sys=0.00s Real=0.01s
[2025-06-28T00:26:10.841+0200][66.932s] GC(39) Pause Young (Concurrent Start) (G1 Evacuation Pause)
[2025-06-28T00:26:10.841+0200][66.932s] GC(39) Using 8 workers of 10 for evacuation
[2025-06-28T00:26:10.845+0200][66.936s] GC(39)   Pre Evacuate Collection Set: 0.2ms
[2025-06-28T00:26:10.845+0200][66.936s] GC(39)   Merge Heap Roots: 0.1ms
[2025-06-28T00:26:10.845+0200][66.936s] GC(39)   Evacuate Collection Set: 2.4ms
[2025-06-28T00:26:10.845+0200][66.936s] GC(39)   Post Evacuate Collection Set: 0.9ms
[2025-06-28T00:26:10.845+0200][66.936s] GC(39)   Other: 0.2ms
[2025-06-28T00:26:10.845+0200][66.936s] GC(39) Eden regions: 45->0(45)
[2025-06-28T00:26:10.845+0200][66.936s] GC(39) Survivor regions: 4->4(7)
[2025-06-28T00:26:10.845+0200][66.936s] GC(39) Old regions: 42->42
[2025-06-28T00:26:10.845+0200][66.936s] GC(39) Humongous regions: 0->0
[2025-06-28T00:26:10.845+0200][66.936s] GC(39) Metaspace: 101406K(102464K)->101406K(102464K) NonClass: 88437K(88960K)->88437K(88960K) Class: 12969K(13504K)->12969K(13504K)
[2025-06-28T00:26:10.846+0200][66.936s] GC(39) Pause Young (Concurrent Start) (G1 Evacuation Pause) 89M->44M(100M) 4.319ms
[2025-06-28T00:26:10.846+0200][66.936s] GC(39) User=0.00s Sys=0.00s Real=0.00s
[2025-06-28T00:26:10.846+0200][66.936s] GC(40) Concurrent Mark Cycle
[2025-06-28T00:26:10.846+0200][66.936s] GC(40) Concurrent Scan Root Regions
[2025-06-28T00:26:10.849+0200][66.938s] GC(40) Concurrent Scan Root Regions 2.114ms
[2025-06-28T00:26:10.849+0200][66.938s] GC(40) Concurrent Mark
[2025-06-28T00:26:10.849+0200][66.938s] GC(40) Concurrent Mark From Roots
[2025-06-28T00:26:10.849+0200][66.938s] GC(40) Using 3 workers of 3 for marking
[2025-06-28T00:26:10.888+0200][66.979s] GC(40) Concurrent Mark From Roots 40.367ms
[2025-06-28T00:26:10.889+0200][66.979s] GC(40) Concurrent Preclean
[2025-06-28T00:26:10.889+0200][66.979s] GC(40) Concurrent Preclean 0.291ms
[2025-06-28T00:26:10.889+0200][66.979s] GC(40) Pause Remark
[2025-06-28T00:26:10.907+0200][66.997s] GC(40) Pause Remark 46M->46M(100M) 17.384ms
[2025-06-28T00:26:10.907+0200][66.997s] GC(40) User=0.00s Sys=0.02s Real=0.02s
[2025-06-28T00:26:10.907+0200][66.997s] GC(40) Concurrent Mark 58.647ms
[2025-06-28T00:26:10.907+0200][66.997s] GC(40) Concurrent Rebuild Remembered Sets and Scrub Regions
[2025-06-28T00:26:10.928+0200][67.018s] GC(40) Concurrent Rebuild Remembered Sets and Scrub Regions 21.007ms
[2025-06-28T00:26:10.929+0200][67.018s] GC(40) Pause Cleanup
[2025-06-28T00:26:10.929+0200][67.019s] GC(40) Pause Cleanup 46M->46M(100M) 0.192ms
[2025-06-28T00:26:10.929+0200][67.019s] GC(40) User=0.00s Sys=0.00s Real=0.00s
[2025-06-28T00:26:10.929+0200][67.019s] GC(40) Concurrent Clear Claimed Marks
[2025-06-28T00:26:10.929+0200][67.019s] GC(40) Concurrent Clear Claimed Marks 0.197ms
[2025-06-28T00:26:10.929+0200][67.019s] GC(40) Concurrent Cleanup for Next Mark
[2025-06-28T00:26:10.929+0200][67.019s] GC(40) Concurrent Cleanup for Next Mark 0.241ms
[2025-06-28T00:26:10.929+0200][67.019s] GC(40) Concurrent Mark Cycle 83.103ms
[2025-06-28T00:26:12.352+0200][68.442s] GC(41) Pause Young (Prepare Mixed) (G1 Evacuation Pause)
[2025-06-28T00:26:12.352+0200][68.442s] GC(41) Using 8 workers of 10 for evacuation
[2025-06-28T00:26:12.356+0200][68.446s] GC(41)   Pre Evacuate Collection Set: 0.2ms
[2025-06-28T00:26:12.356+0200][68.446s] GC(41)   Merge Heap Roots: 0.1ms
[2025-06-28T00:26:12.356+0200][68.446s] GC(41)   Evacuate Collection Set: 2.6ms
[2025-06-28T00:26:12.356+0200][68.446s] GC(41)   Post Evacuate Collection Set: 0.6ms
[2025-06-28T00:26:12.356+0200][68.446s] GC(41)   Other: 0.1ms
[2025-06-28T00:26:12.356+0200][68.446s] GC(41) Eden regions: 45->0(45)
[2025-06-28T00:26:12.356+0200][68.446s] GC(41) Survivor regions: 4->4(7)
[2025-06-28T00:26:12.356+0200][68.446s] GC(41) Old regions: 42->42
[2025-06-28T00:26:12.356+0200][68.446s] GC(41) Humongous regions: 0->0
[2025-06-28T00:26:12.356+0200][68.446s] GC(41) Metaspace: 101408K(102464K)->101408K(102464K) NonClass: 88439K(88960K)->88439K(88960K) Class: 12969K(13504K)->12969K(13504K)
[2025-06-28T00:26:12.356+0200][68.446s] GC(41) Pause Young (Prepare Mixed) (G1 Evacuation Pause) 89M->44M(100M) 4.063ms
[2025-06-28T00:26:12.356+0200][68.446s] GC(41) User=0.14s Sys=0.00s Real=0.00s
[2025-06-28T00:26:14.639+0200][70.730s] GC(42) Pause Young (Mixed) (G1 Evacuation Pause)
[2025-06-28T00:26:14.639+0200][70.730s] GC(42) Using 8 workers of 10 for evacuation
[2025-06-28T00:26:14.644+0200][70.735s] GC(42)   Pre Evacuate Collection Set: 0.2ms
[2025-06-28T00:26:14.644+0200][70.735s] GC(42)   Merge Heap Roots: 0.1ms
[2025-06-28T00:26:14.644+0200][70.735s] GC(42)   Evacuate Collection Set: 3.8ms
[2025-06-28T00:26:14.644+0200][70.735s] GC(42)   Post Evacuate Collection Set: 0.7ms
[2025-06-28T00:26:14.644+0200][70.735s] GC(42)   Other: 0.1ms
[2025-06-28T00:26:14.644+0200][70.735s] GC(42) Eden regions: 45->0(46)
[2025-06-28T00:26:14.644+0200][70.735s] GC(42) Survivor regions: 4->4(7)
[2025-06-28T00:26:14.644+0200][70.735s] GC(42) Old regions: 42->41
[2025-06-28T00:26:14.644+0200][70.735s] GC(42) Humongous regions: 0->0
[2025-06-28T00:26:14.644+0200][70.735s] GC(42) Metaspace: 101422K(102464K)->101422K(102464K) NonClass: 88453K(88960K)->88453K(88960K) Class: 12969K(13504K)->12969K(13504K)
[2025-06-28T00:26:14.644+0200][70.735s] GC(42) Pause Young (Mixed) (G1 Evacuation Pause) 89M->43M(100M) 5.296ms
[2025-06-28T00:26:14.644+0200][70.735s] GC(42) User=0.00s Sys=0.00s Real=0.01s
[2025-06-28T00:26:16.272+0200][72.362s] GC(43) Pause Young (Concurrent Start) (G1 Evacuation Pause)
[2025-06-28T00:26:16.272+0200][72.362s] GC(43) Using 8 workers of 10 for evacuation
[2025-06-28T00:26:16.277+0200][72.367s] GC(43)   Pre Evacuate Collection Set: 0.2ms
[2025-06-28T00:26:16.277+0200][72.367s] GC(43)   Merge Heap Roots: 0.1ms
[2025-06-28T00:26:16.277+0200][72.367s] GC(43)   Evacuate Collection Set: 3.1ms
[2025-06-28T00:26:16.277+0200][72.367s] GC(43)   Post Evacuate Collection Set: 1.3ms
[2025-06-28T00:26:16.277+0200][72.367s] GC(43)   Other: 0.2ms
[2025-06-28T00:26:16.277+0200][72.367s] GC(43) Eden regions: 46->0(46)
[2025-06-28T00:26:16.277+0200][72.367s] GC(43) Survivor regions: 4->4(7)
[2025-06-28T00:26:16.277+0200][72.367s] GC(43) Old regions: 41->41
[2025-06-28T00:26:16.277+0200][72.367s] GC(43) Humongous regions: 0->0
[2025-06-28T00:26:16.277+0200][72.367s] GC(43) Metaspace: 101429K(102464K)->101429K(102464K) NonClass: 88458K(88960K)->88458K(88960K) Class: 12970K(13504K)->12970K(13504K)
[2025-06-28T00:26:16.277+0200][72.367s] GC(43) Pause Young (Concurrent Start) (G1 Evacuation Pause) 89M->43M(100M) 5.404ms
[2025-06-28T00:26:16.277+0200][72.367s] GC(43) User=0.03s Sys=0.02s Real=0.00s
[2025-06-28T00:26:16.277+0200][72.367s] GC(44) Concurrent Mark Cycle
[2025-06-28T00:26:16.277+0200][72.368s] GC(44) Concurrent Scan Root Regions
[2025-06-28T00:26:16.279+0200][72.369s] GC(44) Concurrent Scan Root Regions 1.892ms
[2025-06-28T00:26:16.279+0200][72.369s] GC(44) Concurrent Mark
[2025-06-28T00:26:16.279+0200][72.370s] GC(44) Concurrent Mark From Roots
[2025-06-28T00:26:16.279+0200][72.370s] GC(44) Using 3 workers of 3 for marking
[2025-06-28T00:26:16.318+0200][72.408s] GC(44) Concurrent Mark From Roots 38.410ms
[2025-06-28T00:26:16.318+0200][72.408s] GC(44) Concurrent Preclean
[2025-06-28T00:26:16.318+0200][72.408s] GC(44) Concurrent Preclean 0.307ms
[2025-06-28T00:26:16.318+0200][72.409s] GC(44) Pause Remark
[2025-06-28T00:26:16.336+0200][72.426s] GC(44) Pause Remark 45M->45M(100M) 17.500ms
[2025-06-28T00:26:16.336+0200][72.426s] GC(44) User=0.06s Sys=0.00s Real=0.02s
[2025-06-28T00:26:16.336+0200][72.426s] GC(44) Concurrent Mark 56.731ms
[2025-06-28T00:26:16.336+0200][72.426s] GC(44) Concurrent Rebuild Remembered Sets and Scrub Regions
[2025-06-28T00:26:16.356+0200][72.446s] GC(44) Concurrent Rebuild Remembered Sets and Scrub Regions 20.066ms
[2025-06-28T00:26:16.356+0200][72.447s] GC(44) Pause Cleanup
[2025-06-28T00:26:16.357+0200][72.448s] GC(44) Pause Cleanup 45M->45M(100M) 0.946ms
[2025-06-28T00:26:16.357+0200][72.448s] GC(44) User=0.00s Sys=0.00s Real=0.00s
[2025-06-28T00:26:16.357+0200][72.448s] GC(44) Concurrent Clear Claimed Marks
[2025-06-28T00:26:16.357+0200][72.448s] GC(44) Concurrent Clear Claimed Marks 0.160ms
[2025-06-28T00:26:16.358+0200][72.448s] GC(44) Concurrent Cleanup for Next Mark
[2025-06-28T00:26:16.358+0200][72.448s] GC(44) Concurrent Cleanup for Next Mark 0.232ms
[2025-06-28T00:26:16.358+0200][72.448s] GC(44) Concurrent Mark Cycle 80.695ms
[2025-06-28T00:26:18.287+0200][74.377s] GC(45) Pause Young (Prepare Mixed) (G1 Evacuation Pause)
[2025-06-28T00:26:18.287+0200][74.377s] GC(45) Using 8 workers of 10 for evacuation
[2025-06-28T00:26:18.292+0200][74.382s] GC(45)   Pre Evacuate Collection Set: 0.6ms
[2025-06-28T00:26:18.292+0200][74.382s] GC(45)   Merge Heap Roots: 0.3ms
[2025-06-28T00:26:18.292+0200][74.382s] GC(45)   Evacuate Collection Set: 3.1ms
[2025-06-28T00:26:18.292+0200][74.382s] GC(45)   Post Evacuate Collection Set: 1.2ms
[2025-06-28T00:26:18.292+0200][74.382s] GC(45)   Other: 0.1ms
[2025-06-28T00:26:18.292+0200][74.382s] GC(45) Eden regions: 46->0(48)
[2025-06-28T00:26:18.292+0200][74.382s] GC(45) Survivor regions: 4->3(7)
[2025-06-28T00:26:18.292+0200][74.382s] GC(45) Old regions: 41->41
[2025-06-28T00:26:18.292+0200][74.382s] GC(45) Humongous regions: 0->0
[2025-06-28T00:26:18.292+0200][74.382s] GC(45) Metaspace: 101452K(102464K)->101452K(102464K) NonClass: 88482K(88960K)->88482K(88960K) Class: 12970K(13504K)->12970K(13504K)
[2025-06-28T00:26:18.292+0200][74.382s] GC(45) Pause Young (Prepare Mixed) (G1 Evacuation Pause) 89M->43M(100M) 5.566ms
[2025-06-28T00:26:18.292+0200][74.382s] GC(45) User=0.05s Sys=0.00s Real=0.01s
[2025-06-28T00:26:20.876+0200][76.966s] GC(46) Pause Young (Mixed) (G1 Evacuation Pause)
[2025-06-28T00:26:20.876+0200][76.966s] GC(46) Using 8 workers of 10 for evacuation
[2025-06-28T00:26:20.883+0200][76.973s] GC(46)   Pre Evacuate Collection Set: 0.6ms
[2025-06-28T00:26:20.883+0200][76.973s] GC(46)   Merge Heap Roots: 0.1ms
[2025-06-28T00:26:20.883+0200][76.973s] GC(46)   Evacuate Collection Set: 5.6ms
[2025-06-28T00:26:20.883+0200][76.973s] GC(46)   Post Evacuate Collection Set: 0.8ms
[2025-06-28T00:26:20.883+0200][76.973s] GC(46)   Other: 0.1ms
[2025-06-28T00:26:20.883+0200][76.973s] GC(46) Eden regions: 48->0(48)
[2025-06-28T00:26:20.883+0200][76.973s] GC(46) Survivor regions: 3->3(7)
[2025-06-28T00:26:20.883+0200][76.973s] GC(46) Old regions: 41->41
[2025-06-28T00:26:20.883+0200][76.973s] GC(46) Humongous regions: 0->0
[2025-06-28T00:26:20.883+0200][76.973s] GC(46) Metaspace: 101458K(102528K)->101458K(102528K) NonClass: 88488K(89024K)->88488K(89024K) Class: 12970K(13504K)->12970K(13504K)
[2025-06-28T00:26:20.883+0200][76.973s] GC(46) Pause Young (Mixed) (G1 Evacuation Pause) 91M->43M(100M) 7.362ms
[2025-06-28T00:26:20.883+0200][76.973s] GC(46) User=0.00s Sys=0.00s Real=0.01s
[2025-06-28T00:28:04.575+0200][180.666s] Heap
[2025-06-28T00:28:04.576+0200][180.666s]  garbage-first heap   total 102400K, used 70980K [0x00000000f2400000, 0x0000000100000000)
[2025-06-28T00:28:04.576+0200][180.666s]   region size 1024K, 30 young (30720K), 3 survivors (3072K)
[2025-06-28T00:28:04.576+0200][180.666s]  Metaspace       used 101565K, committed 102592K, reserved 1179648K
[2025-06-28T00:28:04.576+0200][180.666s]   class space    used 12984K, committed 13504K, reserved 1048576K
