[2025-06-28T00:22:11.219+0200][0.015s] CardTable entry size: 512
[2025-06-28T00:22:11.219+0200][0.016s] Using G1
[2025-06-28T00:22:11.220+0200][0.017s] Version: 21.0.4+8-LTS-274 (release)
[2025-06-28T00:22:11.220+0200][0.017s] CPUs: 12 total, 12 available
[2025-06-28T00:22:11.220+0200][0.017s] Memory: 16108M
[2025-06-28T00:22:11.220+0200][0.017s] Large Page Support: Disabled
[2025-06-28T00:22:11.220+0200][0.017s] NUMA Support: Disabled
[2025-06-28T00:22:11.220+0200][0.017s] Compressed Oops: Enabled (32-bit)
[2025-06-28T00:22:11.220+0200][0.017s] Heap Region Size: 1M
[2025-06-28T00:22:11.220+0200][0.017s] Heap Min Capacity: 2M
[2025-06-28T00:22:11.220+0200][0.017s] Heap Initial Capacity: 2M
[2025-06-28T00:22:11.220+0200][0.017s] Heap Max Capacity: 22M
[2025-06-28T00:22:11.221+0200][0.018s] Pre-touch: Disabled
[2025-06-28T00:22:11.221+0200][0.018s] Parallel Workers: 10
[2025-06-28T00:22:11.221+0200][0.018s] Concurrent Workers: 3
[2025-06-28T00:22:11.221+0200][0.018s] Concurrent Refinement Workers: 10
[2025-06-28T00:22:11.221+0200][0.018s] Periodic GC: Disabled
[2025-06-28T00:22:11.235+0200][0.032s] CDS archive(s) mapped at: [0x000001fbae000000-0x000001fbaec90000-0x000001fbaec90000), size 13172736, SharedBaseAddress: 0x000001fbae000000, ArchiveRelocationMode: 1.
[2025-06-28T00:22:11.235+0200][0.032s] Compressed class space mapped at: 0x000001fbaf000000-0x000001fbef000000, reserved size: 1073741824
[2025-06-28T00:22:11.235+0200][0.032s] Narrow klass base: 0x000001fbae000000, Narrow klass shift: 0, Narrow klass range: 0x100000000
[2025-06-28T00:22:11.296+0200][0.093s] GC(0) Pause Young (Normal) (G1 Evacuation Pause)
[2025-06-28T00:22:11.297+0200][0.093s] GC(0) Using 2 workers of 10 for evacuation
[2025-06-28T00:22:11.299+0200][0.096s] GC(0)   Pre Evacuate Collection Set: 0.4ms
[2025-06-28T00:22:11.299+0200][0.096s] GC(0)   Merge Heap Roots: 0.1ms
[2025-06-28T00:22:11.299+0200][0.096s] GC(0)   Evacuate Collection Set: 1.1ms
[2025-06-28T00:22:11.299+0200][0.096s] GC(0)   Post Evacuate Collection Set: 0.8ms
[2025-06-28T00:22:11.299+0200][0.096s] GC(0)   Other: 0.2ms
[2025-06-28T00:22:11.299+0200][0.096s] GC(0) Eden regions: 1->0(0)
[2025-06-28T00:22:11.299+0200][0.096s] GC(0) Survivor regions: 0->1(1)
[2025-06-28T00:22:11.299+0200][0.096s] GC(0) Old regions: 0->0
[2025-06-28T00:22:11.299+0200][0.096s] GC(0) Humongous regions: 0->0
[2025-06-28T00:22:11.299+0200][0.096s] GC(0) Metaspace: 264K(448K)->264K(448K) NonClass: 248K(320K)->248K(320K) Class: 16K(128K)->16K(128K)
[2025-06-28T00:22:11.299+0200][0.096s] GC(0) Pause Young (Normal) (G1 Evacuation Pause) 1M->0M(2M) 3.062ms
[2025-06-28T00:22:11.299+0200][0.096s] GC(0) User=0.00s Sys=0.00s Real=0.00s
[2025-06-28T00:22:11.299+0200][0.096s] Attempting full compaction
[2025-06-28T00:22:11.299+0200][0.096s] GC(1) Pause Full (G1 Compaction Pause)
[2025-06-28T00:22:11.299+0200][0.096s] GC(1) Using 1 workers of 10 for full compaction
[2025-06-28T00:22:11.300+0200][0.096s] GC(1) Phase 1: Mark live objects
[2025-06-28T00:22:11.301+0200][0.098s] GC(1) Phase 1: Mark live objects 1.897ms
[2025-06-28T00:22:11.301+0200][0.098s] GC(1) Phase 2: Prepare compaction
[2025-06-28T00:22:11.302+0200][0.098s] GC(1) Phase 2: Prepare compaction 0.355ms
[2025-06-28T00:22:11.302+0200][0.098s] GC(1) Phase 3: Adjust pointers
[2025-06-28T00:22:11.303+0200][0.099s] GC(1) Phase 3: Adjust pointers 0.765ms
[2025-06-28T00:22:11.303+0200][0.099s] GC(1) Phase 4: Compact heap
[2025-06-28T00:22:11.303+0200][0.100s] GC(1) Phase 4: Compact heap 0.455ms
[2025-06-28T00:22:11.303+0200][0.100s] GC(1) Phase 5: Reset Metadata
[2025-06-28T00:22:11.303+0200][0.100s] GC(1) Phase 5: Reset Metadata 0.166ms
[2025-06-28T00:22:11.304+0200][0.100s] GC(1) Eden regions: 0->0(1)
[2025-06-28T00:22:11.304+0200][0.100s] GC(1) Survivor regions: 1->0(1)
[2025-06-28T00:22:11.304+0200][0.100s] GC(1) Old regions: 0->1
[2025-06-28T00:22:11.304+0200][0.100s] GC(1) Humongous regions: 0->0
[2025-06-28T00:22:11.304+0200][0.100s] GC(1) Metaspace: 264K(448K)->264K(448K) NonClass: 248K(320K)->248K(320K) Class: 16K(128K)->16K(128K)
[2025-06-28T00:22:11.304+0200][0.100s] GC(1) Pause Full (G1 Compaction Pause) 0M->0M(3M) 4.516ms
[2025-06-28T00:22:11.304+0200][0.100s] GC(1) User=0.00s Sys=0.00s Real=0.00s
[2025-06-28T00:22:11.349+0200][0.145s] GC(2) Pause Young (Normal) (G1 Evacuation Pause)
[2025-06-28T00:22:11.349+0200][0.146s] GC(2) Using 2 workers of 10 for evacuation
[2025-06-28T00:22:11.351+0200][0.147s] GC(2)   Pre Evacuate Collection Set: 0.1ms
[2025-06-28T00:22:11.351+0200][0.147s] GC(2)   Merge Heap Roots: 0.0ms
[2025-06-28T00:22:11.351+0200][0.147s] GC(2)   Evacuate Collection Set: 0.8ms
[2025-06-28T00:22:11.351+0200][0.147s] GC(2)   Post Evacuate Collection Set: 0.6ms
[2025-06-28T00:22:11.351+0200][0.147s] GC(2)   Other: 0.1ms
[2025-06-28T00:22:11.351+0200][0.147s] GC(2) Eden regions: 1->0(0)
[2025-06-28T00:22:11.351+0200][0.147s] GC(2) Survivor regions: 0->1(1)
[2025-06-28T00:22:11.351+0200][0.147s] GC(2) Old regions: 1->1
[2025-06-28T00:22:11.351+0200][0.147s] GC(2) Humongous regions: 0->0
[2025-06-28T00:22:11.351+0200][0.147s] GC(2) Metaspace: 580K(768K)->580K(768K) NonClass: 534K(640K)->534K(640K) Class: 46K(128K)->46K(128K)
[2025-06-28T00:22:11.351+0200][0.147s] GC(2) Pause Young (Normal) (G1 Evacuation Pause) 1M->0M(3M) 1.758ms
[2025-06-28T00:22:11.351+0200][0.147s] GC(2) User=0.00s Sys=0.00s Real=0.00s
[2025-06-28T00:22:11.351+0200][0.147s] Attempting full compaction
[2025-06-28T00:22:11.351+0200][0.147s] GC(3) Pause Full (G1 Compaction Pause)
[2025-06-28T00:22:11.351+0200][0.147s] GC(3) Using 1 workers of 10 for full compaction
[2025-06-28T00:22:11.351+0200][0.147s] GC(3) Phase 1: Mark live objects
[2025-06-28T00:22:11.354+0200][0.151s] GC(3) Phase 1: Mark live objects 3.198ms
[2025-06-28T00:22:11.354+0200][0.151s] GC(3) Phase 2: Prepare compaction
[2025-06-28T00:22:11.355+0200][0.151s] GC(3) Phase 2: Prepare compaction 0.578ms
[2025-06-28T00:22:11.355+0200][0.151s] GC(3) Phase 3: Adjust pointers
[2025-06-28T00:22:11.356+0200][0.153s] GC(3) Phase 3: Adjust pointers 1.382ms
[2025-06-28T00:22:11.356+0200][0.153s] GC(3) Phase 4: Compact heap
[2025-06-28T00:22:11.357+0200][0.154s] GC(3) Phase 4: Compact heap 0.920ms
[2025-06-28T00:22:11.357+0200][0.154s] GC(3) Phase 5: Reset Metadata
[2025-06-28T00:22:11.358+0200][0.154s] GC(3) Phase 5: Reset Metadata 0.184ms
[2025-06-28T00:22:11.358+0200][0.154s] GC(3) Eden regions: 0->0(1)
[2025-06-28T00:22:11.358+0200][0.154s] GC(3) Survivor regions: 1->0(1)
[2025-06-28T00:22:11.358+0200][0.154s] GC(3) Old regions: 1->1
[2025-06-28T00:22:11.358+0200][0.154s] GC(3) Humongous regions: 0->0
[2025-06-28T00:22:11.358+0200][0.154s] GC(3) Metaspace: 580K(768K)->580K(768K) NonClass: 534K(640K)->534K(640K) Class: 46K(128K)->46K(128K)
[2025-06-28T00:22:11.358+0200][0.154s] GC(3) Pause Full (G1 Compaction Pause) 0M->0M(4M) 7.162ms
[2025-06-28T00:22:11.358+0200][0.154s] GC(3) User=0.00s Sys=0.00s Real=0.01s
[2025-06-28T00:22:11.419+0200][0.216s] GC(4) Pause Young (Normal) (G1 Evacuation Pause)
[2025-06-28T00:22:11.421+0200][0.216s] GC(4) Using 2 workers of 10 for evacuation
[2025-06-28T00:22:11.423+0200][0.219s] GC(4)   Pre Evacuate Collection Set: 0.4ms
[2025-06-28T00:22:11.423+0200][0.219s] GC(4)   Merge Heap Roots: 0.2ms
[2025-06-28T00:22:11.423+0200][0.219s] GC(4)   Evacuate Collection Set: 1.2ms
[2025-06-28T00:22:11.423+0200][0.219s] GC(4)   Post Evacuate Collection Set: 0.8ms
[2025-06-28T00:22:11.423+0200][0.219s] GC(4)   Other: 0.1ms
[2025-06-28T00:22:11.423+0200][0.219s] GC(4) Eden regions: 1->0(1)
[2025-06-28T00:22:11.423+0200][0.219s] GC(4) Survivor regions: 0->1(1)
[2025-06-28T00:22:11.423+0200][0.219s] GC(4) Old regions: 1->1
[2025-06-28T00:22:11.423+0200][0.219s] GC(4) Humongous regions: 0->0
[2025-06-28T00:22:11.423+0200][0.219s] GC(4) Metaspace: 905K(1088K)->905K(1088K) NonClass: 807K(896K)->807K(896K) Class: 98K(192K)->98K(192K)
[2025-06-28T00:22:11.424+0200][0.219s] GC(4) Pause Young (Normal) (G1 Evacuation Pause) 1M->1M(4M) 3.116ms
[2025-06-28T00:22:11.424+0200][0.219s] GC(4) User=0.00s Sys=0.00s Real=0.01s
[2025-06-28T00:22:11.473+0200][0.269s] GC(5) Pause Young (Normal) (G1 Evacuation Pause)
[2025-06-28T00:22:11.473+0200][0.269s] GC(5) Using 2 workers of 10 for evacuation
[2025-06-28T00:22:11.475+0200][0.271s] GC(5)   Pre Evacuate Collection Set: 0.3ms
[2025-06-28T00:22:11.475+0200][0.271s] GC(5)   Merge Heap Roots: 0.2ms
[2025-06-28T00:22:11.475+0200][0.271s] GC(5)   Evacuate Collection Set: 0.8ms
[2025-06-28T00:22:11.475+0200][0.271s] GC(5)   Post Evacuate Collection Set: 0.6ms
[2025-06-28T00:22:11.475+0200][0.271s] GC(5)   Other: 0.1ms
[2025-06-28T00:22:11.475+0200][0.271s] GC(5) Eden regions: 1->0(1)
[2025-06-28T00:22:11.475+0200][0.271s] GC(5) Survivor regions: 1->1(1)
[2025-06-28T00:22:11.475+0200][0.271s] GC(5) Old regions: 1->1
[2025-06-28T00:22:11.475+0200][0.271s] GC(5) Humongous regions: 0->0
[2025-06-28T00:22:11.475+0200][0.271s] GC(5) Metaspace: 1346K(1600K)->1346K(1600K) NonClass: 1201K(1344K)->1201K(1344K) Class: 145K(256K)->145K(256K)
[2025-06-28T00:22:11.475+0200][0.271s] GC(5) Pause Young (Normal) (G1 Evacuation Pause) 2M->1M(4M) 2.233ms
[2025-06-28T00:22:11.475+0200][0.271s] GC(5) User=0.00s Sys=0.00s Real=0.00s
[2025-06-28T00:22:11.521+0200][0.317s] GC(6) Pause Young (Normal) (G1 Evacuation Pause)
[2025-06-28T00:22:11.521+0200][0.317s] GC(6) Using 2 workers of 10 for evacuation
[2025-06-28T00:22:11.523+0200][0.319s] GC(6)   Pre Evacuate Collection Set: 0.3ms
[2025-06-28T00:22:11.523+0200][0.320s] GC(6)   Merge Heap Roots: 0.1ms
[2025-06-28T00:22:11.523+0200][0.320s] GC(6)   Evacuate Collection Set: 1.0ms
[2025-06-28T00:22:11.523+0200][0.320s] GC(6)   Post Evacuate Collection Set: 0.8ms
[2025-06-28T00:22:11.523+0200][0.320s] GC(6)   Other: 0.1ms
[2025-06-28T00:22:11.523+0200][0.320s] GC(6) Eden regions: 1->0(5)
[2025-06-28T00:22:11.523+0200][0.320s] GC(6) Survivor regions: 1->1(1)
[2025-06-28T00:22:11.523+0200][0.320s] GC(6) Old regions: 1->1
[2025-06-28T00:22:11.523+0200][0.320s] GC(6) Humongous regions: 0->0
[2025-06-28T00:22:11.523+0200][0.320s] GC(6) Metaspace: 1571K(1856K)->1571K(1856K) NonClass: 1396K(1536K)->1396K(1536K) Class: 174K(320K)->174K(320K)
[2025-06-28T00:22:11.523+0200][0.320s] GC(6) Pause Young (Normal) (G1 Evacuation Pause) 2M->1M(12M) 2.441ms
[2025-06-28T00:22:11.523+0200][0.320s] GC(6) User=0.00s Sys=0.00s Real=0.00s
[2025-06-28T00:22:11.563+0200][0.359s] GC(7) Pause Young (Normal) (G1 Evacuation Pause)
[2025-06-28T00:22:11.563+0200][0.359s] GC(7) Using 2 workers of 10 for evacuation
[2025-06-28T00:22:11.564+0200][0.361s] GC(7)   Pre Evacuate Collection Set: 0.1ms
[2025-06-28T00:22:11.564+0200][0.361s] GC(7)   Merge Heap Roots: 0.0ms
[2025-06-28T00:22:11.564+0200][0.361s] GC(7)   Evacuate Collection Set: 0.8ms
[2025-06-28T00:22:11.564+0200][0.361s] GC(7)   Post Evacuate Collection Set: 0.6ms
[2025-06-28T00:22:11.564+0200][0.361s] GC(7)   Other: 0.1ms
[2025-06-28T00:22:11.564+0200][0.361s] GC(7) Eden regions: 5->0(6)
[2025-06-28T00:22:11.564+0200][0.361s] GC(7) Survivor regions: 1->1(1)
[2025-06-28T00:22:11.564+0200][0.361s] GC(7) Old regions: 1->1
[2025-06-28T00:22:11.564+0200][0.361s] GC(7) Humongous regions: 0->0
[2025-06-28T00:22:11.564+0200][0.361s] GC(7) Metaspace: 1614K(1856K)->1614K(1856K) NonClass: 1438K(1536K)->1438K(1536K) Class: 175K(320K)->175K(320K)
[2025-06-28T00:22:11.564+0200][0.361s] GC(7) Pause Young (Normal) (G1 Evacuation Pause) 6M->1M(12M) 1.771ms
[2025-06-28T00:22:11.564+0200][0.361s] GC(7) User=0.00s Sys=0.00s Real=0.00s
[2025-06-28T00:22:11.630+0200][0.426s] GC(8) Pause Young (Normal) (G1 Evacuation Pause)
[2025-06-28T00:22:11.630+0200][0.426s] GC(8) Using 2 workers of 10 for evacuation
[2025-06-28T00:22:11.632+0200][0.428s] GC(8)   Pre Evacuate Collection Set: 0.2ms
[2025-06-28T00:22:11.632+0200][0.428s] GC(8)   Merge Heap Roots: 0.0ms
[2025-06-28T00:22:11.632+0200][0.428s] GC(8)   Evacuate Collection Set: 1.6ms
[2025-06-28T00:22:11.632+0200][0.428s] GC(8)   Post Evacuate Collection Set: 0.4ms
[2025-06-28T00:22:11.632+0200][0.429s] GC(8)   Other: 0.1ms
[2025-06-28T00:22:11.632+0200][0.429s] GC(8) Eden regions: 6->0(6)
[2025-06-28T00:22:11.632+0200][0.429s] GC(8) Survivor regions: 1->1(1)
[2025-06-28T00:22:11.632+0200][0.429s] GC(8) Old regions: 1->2
[2025-06-28T00:22:11.632+0200][0.429s] GC(8) Humongous regions: 0->0
[2025-06-28T00:22:11.632+0200][0.429s] GC(8) Metaspace: 1683K(1920K)->1683K(1920K) NonClass: 1507K(1600K)->1507K(1600K) Class: 175K(320K)->175K(320K)
[2025-06-28T00:22:11.632+0200][0.429s] GC(8) Pause Young (Normal) (G1 Evacuation Pause) 7M->2M(12M) 2.585ms
[2025-06-28T00:22:11.632+0200][0.429s] GC(8) User=0.00s Sys=0.00s Real=0.00s
[2025-06-28T00:22:11.788+0200][0.585s] GC(9) Pause Young (Normal) (G1 Evacuation Pause)
[2025-06-28T00:22:11.788+0200][0.585s] GC(9) Using 2 workers of 10 for evacuation
[2025-06-28T00:22:11.790+0200][0.587s] GC(9)   Pre Evacuate Collection Set: 0.2ms
[2025-06-28T00:22:11.790+0200][0.587s] GC(9)   Merge Heap Roots: 0.0ms
[2025-06-28T00:22:11.790+0200][0.587s] GC(9)   Evacuate Collection Set: 1.4ms
[2025-06-28T00:22:11.790+0200][0.587s] GC(9)   Post Evacuate Collection Set: 0.3ms
[2025-06-28T00:22:11.790+0200][0.587s] GC(9)   Other: 0.1ms
[2025-06-28T00:22:11.790+0200][0.587s] GC(9) Eden regions: 6->0(5)
[2025-06-28T00:22:11.790+0200][0.587s] GC(9) Survivor regions: 1->1(1)
[2025-06-28T00:22:11.790+0200][0.587s] GC(9) Old regions: 2->3
[2025-06-28T00:22:11.790+0200][0.587s] GC(9) Humongous regions: 0->0
[2025-06-28T00:22:11.790+0200][0.587s] GC(9) Metaspace: 2384K(2624K)->2384K(2624K) NonClass: 2155K(2304K)->2155K(2304K) Class: 229K(320K)->229K(320K)
[2025-06-28T00:22:11.790+0200][0.587s] GC(9) Pause Young (Normal) (G1 Evacuation Pause) 8M->2M(12M) 2.262ms
[2025-06-28T00:22:11.790+0200][0.587s] GC(9) User=0.00s Sys=0.00s Real=0.00s
[2025-06-28T00:22:11.957+0200][0.754s] GC(10) Pause Young (Normal) (G1 Evacuation Pause)
[2025-06-28T00:22:11.957+0200][0.754s] GC(10) Using 2 workers of 10 for evacuation
[2025-06-28T00:22:11.959+0200][0.756s] GC(10)   Pre Evacuate Collection Set: 0.2ms
[2025-06-28T00:22:11.959+0200][0.756s] GC(10)   Merge Heap Roots: 0.0ms
[2025-06-28T00:22:11.959+0200][0.756s] GC(10)   Evacuate Collection Set: 1.2ms
[2025-06-28T00:22:11.959+0200][0.756s] GC(10)   Post Evacuate Collection Set: 0.6ms
[2025-06-28T00:22:11.959+0200][0.756s] GC(10)   Other: 0.1ms
[2025-06-28T00:22:11.959+0200][0.756s] GC(10) Eden regions: 5->0(6)
[2025-06-28T00:22:11.959+0200][0.756s] GC(10) Survivor regions: 1->1(1)
[2025-06-28T00:22:11.959+0200][0.756s] GC(10) Old regions: 3->3
[2025-06-28T00:22:11.959+0200][0.756s] GC(10) Humongous regions: 0->0
[2025-06-28T00:22:11.959+0200][0.756s] GC(10) Metaspace: 3262K(3520K)->3262K(3520K) NonClass: 2936K(3072K)->2936K(3072K) Class: 326K(448K)->326K(448K)
[2025-06-28T00:22:11.959+0200][0.756s] GC(10) Pause Young (Normal) (G1 Evacuation Pause) 7M->2M(12M) 2.373ms
[2025-06-28T00:22:11.959+0200][0.756s] GC(10) User=0.00s Sys=0.00s Real=0.00s
[2025-06-28T00:22:12.126+0200][0.922s] GC(11) Pause Young (Normal) (G1 Evacuation Pause)
[2025-06-28T00:22:12.126+0200][0.922s] GC(11) Using 2 workers of 10 for evacuation
[2025-06-28T00:22:12.129+0200][0.925s] GC(11)   Pre Evacuate Collection Set: 0.2ms
[2025-06-28T00:22:12.129+0200][0.925s] GC(11)   Merge Heap Roots: 0.1ms
[2025-06-28T00:22:12.129+0200][0.925s] GC(11)   Evacuate Collection Set: 1.7ms
[2025-06-28T00:22:12.129+0200][0.925s] GC(11)   Post Evacuate Collection Set: 0.5ms
[2025-06-28T00:22:12.129+0200][0.925s] GC(11)   Other: 0.1ms
[2025-06-28T00:22:12.129+0200][0.925s] GC(11) Eden regions: 6->0(6)
[2025-06-28T00:22:12.129+0200][0.925s] GC(11) Survivor regions: 1->1(1)
[2025-06-28T00:22:12.129+0200][0.925s] GC(11) Old regions: 3->3
[2025-06-28T00:22:12.129+0200][0.925s] GC(11) Humongous regions: 0->0
[2025-06-28T00:22:12.129+0200][0.925s] GC(11) Metaspace: 3922K(4160K)->3922K(4160K) NonClass: 3518K(3648K)->3518K(3648K) Class: 404K(512K)->404K(512K)
[2025-06-28T00:22:12.129+0200][0.925s] GC(11) Pause Young (Normal) (G1 Evacuation Pause) 8M->3M(12M) 2.918ms
[2025-06-28T00:22:12.129+0200][0.925s] GC(11) User=0.00s Sys=0.00s Real=0.00s
[2025-06-28T00:22:12.271+0200][1.068s] GC(12) Pause Young (Normal) (G1 Evacuation Pause)
[2025-06-28T00:22:12.272+0200][1.068s] GC(12) Using 2 workers of 10 for evacuation
[2025-06-28T00:22:12.274+0200][1.071s] GC(12)   Pre Evacuate Collection Set: 0.2ms
[2025-06-28T00:22:12.274+0200][1.071s] GC(12)   Merge Heap Roots: 0.1ms
[2025-06-28T00:22:12.274+0200][1.071s] GC(12)   Evacuate Collection Set: 1.5ms
[2025-06-28T00:22:12.274+0200][1.071s] GC(12)   Post Evacuate Collection Set: 0.5ms
[2025-06-28T00:22:12.274+0200][1.071s] GC(12)   Other: 0.1ms
[2025-06-28T00:22:12.274+0200][1.071s] GC(12) Eden regions: 6->0(5)
[2025-06-28T00:22:12.274+0200][1.071s] GC(12) Survivor regions: 1->1(1)
[2025-06-28T00:22:12.274+0200][1.071s] GC(12) Old regions: 3->4
[2025-06-28T00:22:12.274+0200][1.071s] GC(12) Humongous regions: 0->0
[2025-06-28T00:22:12.274+0200][1.071s] GC(12) Metaspace: 4605K(4864K)->4605K(4864K) NonClass: 4110K(4224K)->4110K(4224K) Class: 495K(640K)->495K(640K)
[2025-06-28T00:22:12.274+0200][1.071s] GC(12) Pause Young (Normal) (G1 Evacuation Pause) 9M->3M(12M) 2.733ms
[2025-06-28T00:22:12.274+0200][1.071s] GC(12) User=0.00s Sys=0.00s Real=0.00s
[2025-06-28T00:22:12.370+0200][1.167s] GC(13) Pause Young (Normal) (G1 Evacuation Pause)
[2025-06-28T00:22:12.370+0200][1.167s] GC(13) Using 2 workers of 10 for evacuation
[2025-06-28T00:22:12.372+0200][1.169s] GC(13)   Pre Evacuate Collection Set: 0.1ms
[2025-06-28T00:22:12.373+0200][1.169s] GC(13)   Merge Heap Roots: 0.0ms
[2025-06-28T00:22:12.373+0200][1.169s] GC(13)   Evacuate Collection Set: 1.4ms
[2025-06-28T00:22:12.373+0200][1.169s] GC(13)   Post Evacuate Collection Set: 0.4ms
[2025-06-28T00:22:12.373+0200][1.169s] GC(13)   Other: 0.1ms
[2025-06-28T00:22:12.373+0200][1.169s] GC(13) Eden regions: 5->0(5)
[2025-06-28T00:22:12.373+0200][1.169s] GC(13) Survivor regions: 1->1(1)
[2025-06-28T00:22:12.373+0200][1.169s] GC(13) Old regions: 4->4
[2025-06-28T00:22:12.373+0200][1.169s] GC(13) Humongous regions: 0->0
[2025-06-28T00:22:12.373+0200][1.169s] GC(13) Metaspace: 5041K(5312K)->5041K(5312K) NonClass: 4476K(4608K)->4476K(4608K) Class: 564K(704K)->564K(704K)
[2025-06-28T00:22:12.373+0200][1.169s] GC(13) Pause Young (Normal) (G1 Evacuation Pause) 8M->3M(12M) 2.385ms
[2025-06-28T00:22:12.373+0200][1.169s] GC(13) User=0.00s Sys=0.00s Real=0.00s
[2025-06-28T00:22:12.429+0200][1.225s] GC(14) Pause Young (Normal) (G1 Evacuation Pause)
[2025-06-28T00:22:12.429+0200][1.225s] GC(14) Using 2 workers of 10 for evacuation
[2025-06-28T00:22:12.430+0200][1.227s] GC(14)   Pre Evacuate Collection Set: 0.2ms
[2025-06-28T00:22:12.430+0200][1.227s] GC(14)   Merge Heap Roots: 0.0ms
[2025-06-28T00:22:12.430+0200][1.227s] GC(14)   Evacuate Collection Set: 0.9ms
[2025-06-28T00:22:12.430+0200][1.227s] GC(14)   Post Evacuate Collection Set: 0.3ms
[2025-06-28T00:22:12.430+0200][1.227s] GC(14)   Other: 0.1ms
[2025-06-28T00:22:12.430+0200][1.227s] GC(14) Eden regions: 5->0(5)
[2025-06-28T00:22:12.430+0200][1.227s] GC(14) Survivor regions: 1->1(1)
[2025-06-28T00:22:12.430+0200][1.227s] GC(14) Old regions: 4->4
[2025-06-28T00:22:12.430+0200][1.227s] GC(14) Humongous regions: 0->0
[2025-06-28T00:22:12.430+0200][1.227s] GC(14) Metaspace: 5586K(5888K)->5586K(5888K) NonClass: 4956K(5120K)->4956K(5120K) Class: 630K(768K)->630K(768K)
[2025-06-28T00:22:12.430+0200][1.227s] GC(14) Pause Young (Normal) (G1 Evacuation Pause) 8M->3M(12M) 1.700ms
[2025-06-28T00:22:12.430+0200][1.227s] GC(14) User=0.00s Sys=0.00s Real=0.00s
[2025-06-28T00:22:12.508+0200][1.305s] GC(15) Pause Young (Normal) (G1 Evacuation Pause)
[2025-06-28T00:22:12.509+0200][1.305s] GC(15) Using 2 workers of 10 for evacuation
[2025-06-28T00:22:12.512+0200][1.309s] GC(15)   Pre Evacuate Collection Set: 1.2ms
[2025-06-28T00:22:12.512+0200][1.309s] GC(15)   Merge Heap Roots: 0.2ms
[2025-06-28T00:22:12.512+0200][1.309s] GC(15)   Evacuate Collection Set: 1.5ms
[2025-06-28T00:22:12.512+0200][1.309s] GC(15)   Post Evacuate Collection Set: 0.7ms
[2025-06-28T00:22:12.512+0200][1.309s] GC(15)   Other: 0.1ms
[2025-06-28T00:22:12.512+0200][1.309s] GC(15) Eden regions: 5->0(5)
[2025-06-28T00:22:12.512+0200][1.309s] GC(15) Survivor regions: 1->1(1)
[2025-06-28T00:22:12.512+0200][1.309s] GC(15) Old regions: 4->4
[2025-06-28T00:22:12.512+0200][1.309s] GC(15) Humongous regions: 0->0
[2025-06-28T00:22:12.512+0200][1.309s] GC(15) Metaspace: 6013K(6272K)->6013K(6272K) NonClass: 5323K(5504K)->5323K(5504K) Class: 690K(768K)->690K(768K)
[2025-06-28T00:22:12.513+0200][1.309s] GC(15) Pause Young (Normal) (G1 Evacuation Pause) 8M->3M(12M) 4.029ms
[2025-06-28T00:22:12.513+0200][1.309s] GC(15) User=0.02s Sys=0.03s Real=0.01s
[2025-06-28T00:22:12.631+0200][1.427s] GC(16) Pause Young (Normal) (G1 Evacuation Pause)
[2025-06-28T00:22:12.632+0200][1.427s] GC(16) Using 2 workers of 10 for evacuation
[2025-06-28T00:22:12.634+0200][1.430s] GC(16)   Pre Evacuate Collection Set: 0.3ms
[2025-06-28T00:22:12.634+0200][1.430s] GC(16)   Merge Heap Roots: 0.1ms
[2025-06-28T00:22:12.634+0200][1.430s] GC(16)   Evacuate Collection Set: 1.5ms
[2025-06-28T00:22:12.634+0200][1.430s] GC(16)   Post Evacuate Collection Set: 0.4ms
[2025-06-28T00:22:12.634+0200][1.430s] GC(16)   Other: 0.1ms
[2025-06-28T00:22:12.634+0200][1.430s] GC(16) Eden regions: 5->0(5)
[2025-06-28T00:22:12.634+0200][1.430s] GC(16) Survivor regions: 1->1(1)
[2025-06-28T00:22:12.634+0200][1.430s] GC(16) Old regions: 4->4
[2025-06-28T00:22:12.634+0200][1.430s] GC(16) Humongous regions: 0->0
[2025-06-28T00:22:12.634+0200][1.430s] GC(16) Metaspace: 6601K(6912K)->6601K(6912K) NonClass: 5846K(6016K)->5846K(6016K) Class: 755K(896K)->755K(896K)
[2025-06-28T00:22:12.634+0200][1.430s] GC(16) Pause Young (Normal) (G1 Evacuation Pause) 8M->4M(12M) 2.715ms
[2025-06-28T00:22:12.634+0200][1.430s] GC(16) User=0.00s Sys=0.00s Real=0.00s
[2025-06-28T00:22:12.691+0200][1.487s] GC(17) Pause Young (Normal) (G1 Evacuation Pause)
[2025-06-28T00:22:12.691+0200][1.487s] GC(17) Using 2 workers of 10 for evacuation
[2025-06-28T00:22:12.693+0200][1.490s] GC(17)   Pre Evacuate Collection Set: 0.2ms
[2025-06-28T00:22:12.693+0200][1.490s] GC(17)   Merge Heap Roots: 0.1ms
[2025-06-28T00:22:12.693+0200][1.490s] GC(17)   Evacuate Collection Set: 1.6ms
[2025-06-28T00:22:12.693+0200][1.490s] GC(17)   Post Evacuate Collection Set: 0.5ms
[2025-06-28T00:22:12.693+0200][1.490s] GC(17)   Other: 0.1ms
[2025-06-28T00:22:12.693+0200][1.490s] GC(17) Eden regions: 5->0(5)
[2025-06-28T00:22:12.693+0200][1.490s] GC(17) Survivor regions: 1->1(1)
[2025-06-28T00:22:12.693+0200][1.490s] GC(17) Old regions: 4->4
[2025-06-28T00:22:12.693+0200][1.490s] GC(17) Humongous regions: 0->0
[2025-06-28T00:22:12.694+0200][1.490s] GC(17) Metaspace: 6928K(7296K)->6928K(7296K) NonClass: 6124K(6336K)->6124K(6336K) Class: 803K(960K)->803K(960K)
[2025-06-28T00:22:12.694+0200][1.490s] GC(17) Pause Young (Normal) (G1 Evacuation Pause) 9M->4M(12M) 2.890ms
[2025-06-28T00:22:12.694+0200][1.490s] GC(17) User=0.00s Sys=0.00s Real=0.00s
[2025-06-28T00:22:12.743+0200][1.539s] GC(18) Pause Young (Normal) (G1 Evacuation Pause)
[2025-06-28T00:22:12.743+0200][1.539s] GC(18) Using 2 workers of 10 for evacuation
[2025-06-28T00:22:12.746+0200][1.543s] GC(18)   Pre Evacuate Collection Set: 0.2ms
[2025-06-28T00:22:12.746+0200][1.543s] GC(18)   Merge Heap Roots: 0.0ms
[2025-06-28T00:22:12.746+0200][1.543s] GC(18)   Evacuate Collection Set: 2.1ms
[2025-06-28T00:22:12.746+0200][1.543s] GC(18)   Post Evacuate Collection Set: 1.1ms
[2025-06-28T00:22:12.746+0200][1.543s] GC(18)   Other: 0.1ms
[2025-06-28T00:22:12.746+0200][1.543s] GC(18) Eden regions: 5->0(5)
[2025-06-28T00:22:12.746+0200][1.543s] GC(18) Survivor regions: 1->1(1)
[2025-06-28T00:22:12.746+0200][1.543s] GC(18) Old regions: 4->4
[2025-06-28T00:22:12.746+0200][1.543s] GC(18) Humongous regions: 0->0
[2025-06-28T00:22:12.746+0200][1.543s] GC(18) Metaspace: 7344K(7680K)->7344K(7680K) NonClass: 6480K(6656K)->6480K(6656K) Class: 863K(1024K)->863K(1024K)
[2025-06-28T00:22:12.746+0200][1.543s] GC(18) Pause Young (Normal) (G1 Evacuation Pause) 9M->4M(12M) 3.884ms
[2025-06-28T00:22:12.746+0200][1.543s] GC(18) User=0.02s Sys=0.02s Real=0.00s
[2025-06-28T00:22:12.808+0200][1.604s] GC(19) Pause Young (Normal) (G1 Evacuation Pause)
[2025-06-28T00:22:12.808+0200][1.604s] GC(19) Using 2 workers of 10 for evacuation
[2025-06-28T00:22:12.811+0200][1.608s] GC(19)   Pre Evacuate Collection Set: 0.7ms
[2025-06-28T00:22:12.811+0200][1.608s] GC(19)   Merge Heap Roots: 0.1ms
[2025-06-28T00:22:12.811+0200][1.608s] GC(19)   Evacuate Collection Set: 2.0ms
[2025-06-28T00:22:12.811+0200][1.608s] GC(19)   Post Evacuate Collection Set: 0.7ms
[2025-06-28T00:22:12.811+0200][1.608s] GC(19)   Other: 0.1ms
[2025-06-28T00:22:12.811+0200][1.608s] GC(19) Eden regions: 5->0(4)
[2025-06-28T00:22:12.811+0200][1.608s] GC(19) Survivor regions: 1->1(1)
[2025-06-28T00:22:12.811+0200][1.608s] GC(19) Old regions: 4->5
[2025-06-28T00:22:12.811+0200][1.608s] GC(19) Humongous regions: 0->0
[2025-06-28T00:22:12.811+0200][1.608s] GC(19) Metaspace: 7652K(8000K)->7652K(8000K) NonClass: 6737K(6912K)->6737K(6912K) Class: 915K(1088K)->915K(1088K)
[2025-06-28T00:22:12.811+0200][1.608s] GC(19) Pause Young (Normal) (G1 Evacuation Pause) 9M->4M(12M) 3.809ms
[2025-06-28T00:22:12.811+0200][1.608s] GC(19) User=0.00s Sys=0.00s Real=0.00s
[2025-06-28T00:22:12.898+0200][1.694s] GC(20) Pause Young (Normal) (G1 Evacuation Pause)
[2025-06-28T00:22:12.898+0200][1.694s] GC(20) Using 2 workers of 10 for evacuation
[2025-06-28T00:22:12.901+0200][1.698s] GC(20)   Pre Evacuate Collection Set: 0.2ms
[2025-06-28T00:22:12.902+0200][1.698s] GC(20)   Merge Heap Roots: 0.1ms
[2025-06-28T00:22:12.902+0200][1.698s] GC(20)   Evacuate Collection Set: 2.8ms
[2025-06-28T00:22:12.902+0200][1.698s] GC(20)   Post Evacuate Collection Set: 0.6ms
[2025-06-28T00:22:12.902+0200][1.698s] GC(20)   Other: 0.1ms
[2025-06-28T00:22:12.902+0200][1.698s] GC(20) Eden regions: 4->0(4)
[2025-06-28T00:22:12.902+0200][1.698s] GC(20) Survivor regions: 1->1(1)
[2025-06-28T00:22:12.902+0200][1.698s] GC(20) Old regions: 5->5
[2025-06-28T00:22:12.902+0200][1.698s] GC(20) Humongous regions: 0->0
[2025-06-28T00:22:12.902+0200][1.698s] GC(20) Metaspace: 7939K(8256K)->7939K(8256K) NonClass: 6984K(7168K)->6984K(7168K) Class: 955K(1088K)->955K(1088K)
[2025-06-28T00:22:12.902+0200][1.698s] GC(20) Pause Young (Normal) (G1 Evacuation Pause) 8M->4M(12M) 4.097ms
[2025-06-28T00:22:12.902+0200][1.698s] GC(20) User=0.00s Sys=0.02s Real=0.00s
[2025-06-28T00:22:12.994+0200][1.791s] GC(21) Pause Young (Normal) (G1 Evacuation Pause)
[2025-06-28T00:22:12.995+0200][1.791s] GC(21) Using 2 workers of 10 for evacuation
[2025-06-28T00:22:12.998+0200][1.794s] GC(21)   Pre Evacuate Collection Set: 0.3ms
[2025-06-28T00:22:12.998+0200][1.794s] GC(21)   Merge Heap Roots: 0.1ms
[2025-06-28T00:22:12.998+0200][1.794s] GC(21)   Evacuate Collection Set: 1.9ms
[2025-06-28T00:22:12.998+0200][1.794s] GC(21)   Post Evacuate Collection Set: 1.0ms
[2025-06-28T00:22:12.998+0200][1.795s] GC(21)   Other: 0.1ms
[2025-06-28T00:22:12.998+0200][1.795s] GC(21) Eden regions: 4->0(4)
[2025-06-28T00:22:12.998+0200][1.795s] GC(21) Survivor regions: 1->1(1)
[2025-06-28T00:22:12.998+0200][1.795s] GC(21) Old regions: 5->5
[2025-06-28T00:22:12.998+0200][1.795s] GC(21) Humongous regions: 0->0
[2025-06-28T00:22:12.998+0200][1.795s] GC(21) Metaspace: 8401K(8768K)->8401K(8768K) NonClass: 7397K(7616K)->7397K(7616K) Class: 1004K(1152K)->1004K(1152K)
[2025-06-28T00:22:12.998+0200][1.795s] GC(21) Pause Young (Normal) (G1 Evacuation Pause) 8M->4M(12M) 3.679ms
[2025-06-28T00:22:12.998+0200][1.795s] GC(21) User=0.02s Sys=0.02s Real=0.00s
[2025-06-28T00:22:13.055+0200][1.851s] GC(22) Pause Young (Normal) (G1 Evacuation Pause)
[2025-06-28T00:22:13.055+0200][1.851s] GC(22) Using 2 workers of 10 for evacuation
[2025-06-28T00:22:13.059+0200][1.855s] GC(22)   Pre Evacuate Collection Set: 0.2ms
[2025-06-28T00:22:13.059+0200][1.855s] GC(22)   Merge Heap Roots: 0.1ms
[2025-06-28T00:22:13.059+0200][1.855s] GC(22)   Evacuate Collection Set: 1.8ms
[2025-06-28T00:22:13.059+0200][1.855s] GC(22)   Post Evacuate Collection Set: 1.9ms
[2025-06-28T00:22:13.059+0200][1.855s] GC(22)   Other: 0.1ms
[2025-06-28T00:22:13.059+0200][1.855s] GC(22) Eden regions: 4->0(4)
[2025-06-28T00:22:13.059+0200][1.855s] GC(22) Survivor regions: 1->1(1)
[2025-06-28T00:22:13.059+0200][1.855s] GC(22) Old regions: 5->5
[2025-06-28T00:22:13.059+0200][1.855s] GC(22) Humongous regions: 0->0
[2025-06-28T00:22:13.059+0200][1.855s] GC(22) Metaspace: 8748K(9024K)->8748K(9024K) NonClass: 7669K(7808K)->7669K(7808K) Class: 1079K(1216K)->1079K(1216K)
[2025-06-28T00:22:13.059+0200][1.855s] GC(22) Pause Young (Normal) (G1 Evacuation Pause) 8M->5M(12M) 4.279ms
[2025-06-28T00:22:13.059+0200][1.855s] GC(22) User=0.00s Sys=0.02s Real=0.00s
[2025-06-28T00:22:13.108+0200][1.904s] GC(23) Pause Young (Normal) (G1 Evacuation Pause)
[2025-06-28T00:22:13.108+0200][1.904s] GC(23) Using 4 workers of 10 for evacuation
[2025-06-28T00:22:13.111+0200][1.907s] GC(23)   Pre Evacuate Collection Set: 0.3ms
[2025-06-28T00:22:13.111+0200][1.907s] GC(23)   Merge Heap Roots: 0.1ms
[2025-06-28T00:22:13.111+0200][1.907s] GC(23)   Evacuate Collection Set: 0.9ms
[2025-06-28T00:22:13.111+0200][1.907s] GC(23)   Post Evacuate Collection Set: 0.7ms
[2025-06-28T00:22:13.111+0200][1.907s] GC(23)   Other: 0.1ms
[2025-06-28T00:22:13.111+0200][1.907s] GC(23) Eden regions: 4->0(4)
[2025-06-28T00:22:13.111+0200][1.907s] GC(23) Survivor regions: 1->1(1)
[2025-06-28T00:22:13.111+0200][1.907s] GC(23) Old regions: 5->5
[2025-06-28T00:22:13.111+0200][1.907s] GC(23) Humongous regions: 0->0
[2025-06-28T00:22:13.111+0200][1.907s] GC(23) Metaspace: 9038K(9344K)->9038K(9344K) NonClass: 7919K(8128K)->7919K(8128K) Class: 1119K(1216K)->1119K(1216K)
[2025-06-28T00:22:13.111+0200][1.907s] GC(23) Pause Young (Normal) (G1 Evacuation Pause) 9M->5M(12M) 2.444ms
[2025-06-28T00:22:13.111+0200][1.907s] GC(23) User=0.00s Sys=0.00s Real=0.00s
[2025-06-28T00:22:13.161+0200][1.957s] GC(24) Pause Young (Normal) (G1 Evacuation Pause)
[2025-06-28T00:22:13.161+0200][1.957s] GC(24) Using 4 workers of 10 for evacuation
[2025-06-28T00:22:13.163+0200][1.959s] GC(24)   Pre Evacuate Collection Set: 0.2ms
[2025-06-28T00:22:13.163+0200][1.959s] GC(24)   Merge Heap Roots: 0.2ms
[2025-06-28T00:22:13.163+0200][1.959s] GC(24)   Evacuate Collection Set: 1.0ms
[2025-06-28T00:22:13.163+0200][1.959s] GC(24)   Post Evacuate Collection Set: 0.6ms
[2025-06-28T00:22:13.163+0200][1.959s] GC(24)   Other: 0.1ms
[2025-06-28T00:22:13.163+0200][1.959s] GC(24) Eden regions: 4->0(4)
[2025-06-28T00:22:13.163+0200][1.959s] GC(24) Survivor regions: 1->1(1)
[2025-06-28T00:22:13.163+0200][1.959s] GC(24) Old regions: 5->5
[2025-06-28T00:22:13.163+0200][1.959s] GC(24) Humongous regions: 0->0
[2025-06-28T00:22:13.163+0200][1.959s] GC(24) Metaspace: 9576K(9920K)->9576K(9920K) NonClass: 8387K(8576K)->8387K(8576K) Class: 1189K(1344K)->1189K(1344K)
[2025-06-28T00:22:13.163+0200][1.959s] GC(24) Pause Young (Normal) (G1 Evacuation Pause) 9M->5M(12M) 2.485ms
[2025-06-28T00:22:13.163+0200][1.959s] GC(24) User=0.00s Sys=0.00s Real=0.00s
[2025-06-28T00:22:13.247+0200][2.043s] GC(25) Pause Young (Normal) (G1 Evacuation Pause)
[2025-06-28T00:22:13.247+0200][2.044s] GC(25) Using 4 workers of 10 for evacuation
[2025-06-28T00:22:13.249+0200][2.045s] GC(25)   Pre Evacuate Collection Set: 0.3ms
[2025-06-28T00:22:13.249+0200][2.045s] GC(25)   Merge Heap Roots: 0.1ms
[2025-06-28T00:22:13.249+0200][2.045s] GC(25)   Evacuate Collection Set: 0.8ms
[2025-06-28T00:22:13.249+0200][2.045s] GC(25)   Post Evacuate Collection Set: 0.6ms
[2025-06-28T00:22:13.249+0200][2.045s] GC(25)   Other: 0.1ms
[2025-06-28T00:22:13.249+0200][2.045s] GC(25) Eden regions: 4->0(4)
[2025-06-28T00:22:13.249+0200][2.045s] GC(25) Survivor regions: 1->1(1)
[2025-06-28T00:22:13.249+0200][2.045s] GC(25) Old regions: 5->5
[2025-06-28T00:22:13.249+0200][2.045s] GC(25) Humongous regions: 0->0
[2025-06-28T00:22:13.249+0200][2.045s] GC(25) Metaspace: 10230K(10560K)->10230K(10560K) NonClass: 8968K(9152K)->8968K(9152K) Class: 1261K(1408K)->1261K(1408K)
[2025-06-28T00:22:13.249+0200][2.046s] GC(25) Pause Young (Normal) (G1 Evacuation Pause) 9M->5M(12M) 2.102ms
[2025-06-28T00:22:13.249+0200][2.046s] GC(25) User=0.00s Sys=0.00s Real=0.00s
[2025-06-28T00:22:13.273+0200][2.070s] GC(26) Pause Young (Normal) (G1 Evacuation Pause)
[2025-06-28T00:22:13.274+0200][2.070s] GC(26) Using 4 workers of 10 for evacuation
[2025-06-28T00:22:13.275+0200][2.071s] GC(26)   Pre Evacuate Collection Set: 0.3ms
[2025-06-28T00:22:13.275+0200][2.071s] GC(26)   Merge Heap Roots: 0.1ms
[2025-06-28T00:22:13.275+0200][2.071s] GC(26)   Evacuate Collection Set: 0.8ms
[2025-06-28T00:22:13.275+0200][2.072s] GC(26)   Post Evacuate Collection Set: 0.5ms
[2025-06-28T00:22:13.275+0200][2.072s] GC(26)   Other: 0.1ms
[2025-06-28T00:22:13.275+0200][2.072s] GC(26) Eden regions: 4->0(3)
[2025-06-28T00:22:13.275+0200][2.072s] GC(26) Survivor regions: 1->1(1)
[2025-06-28T00:22:13.275+0200][2.072s] GC(26) Old regions: 5->6
[2025-06-28T00:22:13.275+0200][2.072s] GC(26) Humongous regions: 0->0
[2025-06-28T00:22:13.275+0200][2.072s] GC(26) Metaspace: 10691K(11008K)->10691K(11008K) NonClass: 9392K(9536K)->9392K(9536K) Class: 1298K(1472K)->1298K(1472K)
[2025-06-28T00:22:13.275+0200][2.072s] GC(26) Pause Young (Normal) (G1 Evacuation Pause) 9M->5M(12M) 1.893ms
[2025-06-28T00:22:13.275+0200][2.072s] GC(26) User=0.00s Sys=0.00s Real=0.00s
[2025-06-28T00:22:13.291+0200][2.087s] GC(27) Pause Young (Concurrent Start) (G1 Evacuation Pause)
[2025-06-28T00:22:13.291+0200][2.087s] GC(27) Using 4 workers of 10 for evacuation
[2025-06-28T00:22:13.292+0200][2.088s] GC(27)   Pre Evacuate Collection Set: 0.2ms
[2025-06-28T00:22:13.292+0200][2.088s] GC(27)   Merge Heap Roots: 0.0ms
[2025-06-28T00:22:13.292+0200][2.088s] GC(27)   Evacuate Collection Set: 0.6ms
[2025-06-28T00:22:13.292+0200][2.088s] GC(27)   Post Evacuate Collection Set: 0.2ms
[2025-06-28T00:22:13.292+0200][2.088s] GC(27)   Other: 0.1ms
[2025-06-28T00:22:13.292+0200][2.088s] GC(27) Eden regions: 3->0(3)
[2025-06-28T00:22:13.292+0200][2.088s] GC(27) Survivor regions: 1->1(1)
[2025-06-28T00:22:13.292+0200][2.088s] GC(27) Old regions: 6->6
[2025-06-28T00:22:13.292+0200][2.088s] GC(27) Humongous regions: 0->0
[2025-06-28T00:22:13.292+0200][2.088s] GC(27) Metaspace: 10986K(11264K)->10986K(11264K) NonClass: 9660K(9792K)->9660K(9792K) Class: 1326K(1472K)->1326K(1472K)
[2025-06-28T00:22:13.292+0200][2.088s] GC(27) Pause Young (Concurrent Start) (G1 Evacuation Pause) 8M->5M(12M) 1.421ms
[2025-06-28T00:22:13.292+0200][2.088s] GC(27) User=0.03s Sys=0.00s Real=0.00s
[2025-06-28T00:22:13.292+0200][2.088s] GC(28) Concurrent Mark Cycle
[2025-06-28T00:22:13.292+0200][2.088s] GC(28) Concurrent Scan Root Regions
[2025-06-28T00:22:13.294+0200][2.090s] GC(28) Concurrent Scan Root Regions 1.695ms
[2025-06-28T00:22:13.294+0200][2.090s] GC(28) Concurrent Mark
[2025-06-28T00:22:13.294+0200][2.090s] GC(28) Concurrent Mark From Roots
[2025-06-28T00:22:13.294+0200][2.090s] GC(28) Using 3 workers of 3 for marking
[2025-06-28T00:22:13.299+0200][2.095s] GC(28) Concurrent Mark From Roots 4.776ms
[2025-06-28T00:22:13.299+0200][2.095s] GC(28) Concurrent Preclean
[2025-06-28T00:22:13.299+0200][2.095s] GC(28) Concurrent Preclean 0.056ms
[2025-06-28T00:22:13.299+0200][2.095s] GC(28) Pause Remark
[2025-06-28T00:22:13.300+0200][2.097s] GC(28) Pause Remark 5M->5M(14M) 1.659ms
[2025-06-28T00:22:13.300+0200][2.097s] GC(28) User=0.00s Sys=0.00s Real=0.00s
[2025-06-28T00:22:13.300+0200][2.097s] GC(28) Concurrent Mark 6.832ms
[2025-06-28T00:22:13.300+0200][2.097s] GC(28) Concurrent Rebuild Remembered Sets and Scrub Regions
[2025-06-28T00:22:13.303+0200][2.099s] GC(28) Concurrent Rebuild Remembered Sets and Scrub Regions 2.073ms
[2025-06-28T00:22:13.303+0200][2.099s] GC(28) Pause Cleanup
[2025-06-28T00:22:13.303+0200][2.099s] GC(28) Pause Cleanup 6M->6M(14M) 0.093ms
[2025-06-28T00:22:13.303+0200][2.099s] GC(28) User=0.00s Sys=0.00s Real=0.00s
[2025-06-28T00:22:13.303+0200][2.099s] GC(28) Concurrent Clear Claimed Marks
[2025-06-28T00:22:13.303+0200][2.099s] GC(28) Concurrent Clear Claimed Marks 0.039ms
[2025-06-28T00:22:13.303+0200][2.099s] GC(28) Concurrent Cleanup for Next Mark
[2025-06-28T00:22:13.303+0200][2.100s] GC(28) Concurrent Cleanup for Next Mark 0.103ms
[2025-06-28T00:22:13.303+0200][2.100s] GC(28) Concurrent Mark Cycle 11.294ms
[2025-06-28T00:22:13.318+0200][2.114s] GC(29) Pause Young (Prepare Mixed) (G1 Evacuation Pause)
[2025-06-28T00:22:13.318+0200][2.114s] GC(29) Using 4 workers of 10 for evacuation
[2025-06-28T00:22:13.320+0200][2.117s] GC(29)   Pre Evacuate Collection Set: 0.7ms
[2025-06-28T00:22:13.320+0200][2.117s] GC(29)   Merge Heap Roots: 0.1ms
[2025-06-28T00:22:13.320+0200][2.117s] GC(29)   Evacuate Collection Set: 0.7ms
[2025-06-28T00:22:13.320+0200][2.117s] GC(29)   Post Evacuate Collection Set: 0.9ms
[2025-06-28T00:22:13.320+0200][2.117s] GC(29)   Other: 0.1ms
[2025-06-28T00:22:13.320+0200][2.117s] GC(29) Eden regions: 3->0(5)
[2025-06-28T00:22:13.320+0200][2.117s] GC(29) Survivor regions: 1->1(1)
[2025-06-28T00:22:13.320+0200][2.117s] GC(29) Old regions: 6->6
[2025-06-28T00:22:13.320+0200][2.117s] GC(29) Humongous regions: 0->0
[2025-06-28T00:22:13.320+0200][2.117s] GC(29) Metaspace: 11246K(11648K)->11246K(11648K) NonClass: 9890K(10112K)->9890K(10112K) Class: 1355K(1536K)->1355K(1536K)
[2025-06-28T00:22:13.320+0200][2.117s] GC(29) Pause Young (Prepare Mixed) (G1 Evacuation Pause) 8M->5M(14M) 2.582ms
[2025-06-28T00:22:13.320+0200][2.117s] GC(29) User=0.00s Sys=0.00s Real=0.00s
[2025-06-28T00:22:13.361+0200][2.156s] GC(30) Pause Young (Mixed) (G1 Evacuation Pause)
[2025-06-28T00:22:13.361+0200][2.157s] GC(30) Using 4 workers of 10 for evacuation
[2025-06-28T00:22:13.364+0200][2.160s] GC(30)   Pre Evacuate Collection Set: 0.2ms
[2025-06-28T00:22:13.364+0200][2.160s] GC(30)   Merge Heap Roots: 0.1ms
[2025-06-28T00:22:13.364+0200][2.160s] GC(30)   Evacuate Collection Set: 2.6ms
[2025-06-28T00:22:13.364+0200][2.160s] GC(30)   Post Evacuate Collection Set: 0.7ms
[2025-06-28T00:22:13.364+0200][2.160s] GC(30)   Other: 0.1ms
[2025-06-28T00:22:13.364+0200][2.160s] GC(30) Eden regions: 5->0(6)
[2025-06-28T00:22:13.364+0200][2.160s] GC(30) Survivor regions: 1->1(1)
[2025-06-28T00:22:13.364+0200][2.160s] GC(30) Old regions: 6->5
[2025-06-28T00:22:13.364+0200][2.160s] GC(30) Humongous regions: 0->0
[2025-06-28T00:22:13.364+0200][2.160s] GC(30) Metaspace: 11741K(12096K)->11741K(12096K) NonClass: 10331K(10560K)->10331K(10560K) Class: 1409K(1536K)->1409K(1536K)
[2025-06-28T00:22:13.364+0200][2.160s] GC(30) Pause Young (Mixed) (G1 Evacuation Pause) 10M->5M(14M) 3.893ms
[2025-06-28T00:22:13.364+0200][2.160s] GC(30) User=0.00s Sys=0.00s Real=0.00s
[2025-06-28T00:22:13.464+0200][2.261s] GC(31) Pause Young (Normal) (G1 Evacuation Pause)
[2025-06-28T00:22:13.464+0200][2.261s] GC(31) Using 4 workers of 10 for evacuation
[2025-06-28T00:22:13.467+0200][2.263s] GC(31)   Pre Evacuate Collection Set: 0.2ms
[2025-06-28T00:22:13.467+0200][2.264s] GC(31)   Merge Heap Roots: 0.1ms
[2025-06-28T00:22:13.467+0200][2.264s] GC(31)   Evacuate Collection Set: 1.5ms
[2025-06-28T00:22:13.467+0200][2.264s] GC(31)   Post Evacuate Collection Set: 0.7ms
[2025-06-28T00:22:13.467+0200][2.264s] GC(31)   Other: 0.1ms
[2025-06-28T00:22:13.467+0200][2.264s] GC(31) Eden regions: 6->0(5)
[2025-06-28T00:22:13.467+0200][2.264s] GC(31) Survivor regions: 1->1(1)
[2025-06-28T00:22:13.467+0200][2.264s] GC(31) Old regions: 5->6
[2025-06-28T00:22:13.467+0200][2.264s] GC(31) Humongous regions: 0->0
[2025-06-28T00:22:13.467+0200][2.264s] GC(31) Metaspace: 12294K(12672K)->12294K(12672K) NonClass: 10826K(11072K)->10826K(11072K) Class: 1467K(1600K)->1467K(1600K)
[2025-06-28T00:22:13.467+0200][2.264s] GC(31) Pause Young (Normal) (G1 Evacuation Pause) 11M->6M(14M) 2.910ms
[2025-06-28T00:22:13.467+0200][2.264s] GC(31) User=0.00s Sys=0.00s Real=0.00s
[2025-06-28T00:22:13.523+0200][2.320s] GC(32) Pause Young (Normal) (G1 Evacuation Pause)
[2025-06-28T00:22:13.523+0200][2.320s] GC(32) Using 4 workers of 10 for evacuation
[2025-06-28T00:22:13.526+0200][2.323s] GC(32)   Pre Evacuate Collection Set: 0.3ms
[2025-06-28T00:22:13.526+0200][2.323s] GC(32)   Merge Heap Roots: 0.1ms
[2025-06-28T00:22:13.526+0200][2.323s] GC(32)   Evacuate Collection Set: 1.7ms
[2025-06-28T00:22:13.526+0200][2.323s] GC(32)   Post Evacuate Collection Set: 0.6ms
[2025-06-28T00:22:13.526+0200][2.323s] GC(32)   Other: 0.1ms
[2025-06-28T00:22:13.526+0200][2.323s] GC(32) Eden regions: 5->0(4)
[2025-06-28T00:22:13.526+0200][2.323s] GC(32) Survivor regions: 1->1(1)
[2025-06-28T00:22:13.526+0200][2.323s] GC(32) Old regions: 6->7
[2025-06-28T00:22:13.526+0200][2.323s] GC(32) Humongous regions: 0->0
[2025-06-28T00:22:13.526+0200][2.323s] GC(32) Metaspace: 12826K(13184K)->12826K(13184K) NonClass: 11313K(11520K)->11313K(11520K) Class: 1512K(1664K)->1512K(1664K)
[2025-06-28T00:22:13.526+0200][2.323s] GC(32) Pause Young (Normal) (G1 Evacuation Pause) 11M->6M(14M) 3.176ms
[2025-06-28T00:22:13.527+0200][2.323s] GC(32) User=0.00s Sys=0.02s Real=0.00s
[2025-06-28T00:22:13.579+0200][2.375s] GC(33) Pause Young (Concurrent Start) (G1 Evacuation Pause)
[2025-06-28T00:22:13.579+0200][2.375s] GC(33) Using 4 workers of 10 for evacuation
[2025-06-28T00:22:13.581+0200][2.377s] GC(33)   Pre Evacuate Collection Set: 0.2ms
[2025-06-28T00:22:13.581+0200][2.377s] GC(33)   Merge Heap Roots: 0.1ms
[2025-06-28T00:22:13.581+0200][2.377s] GC(33)   Evacuate Collection Set: 0.9ms
[2025-06-28T00:22:13.581+0200][2.377s] GC(33)   Post Evacuate Collection Set: 0.5ms
[2025-06-28T00:22:13.581+0200][2.377s] GC(33)   Other: 0.2ms
[2025-06-28T00:22:13.581+0200][2.377s] GC(33) Eden regions: 4->0(4)
[2025-06-28T00:22:13.581+0200][2.377s] GC(33) Survivor regions: 1->1(1)
[2025-06-28T00:22:13.581+0200][2.377s] GC(33) Old regions: 7->7
[2025-06-28T00:22:13.581+0200][2.377s] GC(33) Humongous regions: 0->0
[2025-06-28T00:22:13.581+0200][2.377s] GC(33) Metaspace: 13131K(13440K)->13131K(13440K) NonClass: 11577K(11776K)->11577K(11776K) Class: 1554K(1664K)->1554K(1664K)
[2025-06-28T00:22:13.581+0200][2.377s] GC(33) Pause Young (Concurrent Start) (G1 Evacuation Pause) 10M->6M(14M) 2.038ms
[2025-06-28T00:22:13.581+0200][2.377s] GC(33) User=0.00s Sys=0.00s Real=0.00s
[2025-06-28T00:22:13.581+0200][2.377s] GC(34) Concurrent Mark Cycle
[2025-06-28T00:22:13.581+0200][2.377s] GC(34) Concurrent Scan Root Regions
[2025-06-28T00:22:13.581+0200][2.378s] GC(34) Concurrent Scan Root Regions 0.434ms
[2025-06-28T00:22:13.582+0200][2.378s] GC(34) Concurrent Mark
[2025-06-28T00:22:13.582+0200][2.378s] GC(34) Concurrent Mark From Roots
[2025-06-28T00:22:13.582+0200][2.378s] GC(34) Using 3 workers of 3 for marking
[2025-06-28T00:22:13.586+0200][2.382s] GC(34) Concurrent Mark From Roots 4.469ms
[2025-06-28T00:22:13.586+0200][2.382s] GC(34) Concurrent Preclean
[2025-06-28T00:22:13.586+0200][2.382s] GC(34) Concurrent Preclean 0.047ms
[2025-06-28T00:22:13.587+0200][2.383s] GC(34) Pause Remark
[2025-06-28T00:22:13.591+0200][2.387s] GC(34) Pause Remark 6M->6M(15M) 4.101ms
[2025-06-28T00:22:13.591+0200][2.387s] GC(34) User=0.00s Sys=0.02s Real=0.00s
[2025-06-28T00:22:13.591+0200][2.387s] GC(34) Concurrent Mark 9.571ms
[2025-06-28T00:22:13.591+0200][2.387s] GC(34) Concurrent Rebuild Remembered Sets and Scrub Regions
[2025-06-28T00:22:13.593+0200][2.389s] GC(34) Concurrent Rebuild Remembered Sets and Scrub Regions 2.054ms
[2025-06-28T00:22:13.594+0200][2.390s] GC(34) Pause Cleanup
[2025-06-28T00:22:13.594+0200][2.390s] GC(34) Pause Cleanup 6M->6M(15M) 0.137ms
[2025-06-28T00:22:13.594+0200][2.390s] GC(34) User=0.00s Sys=0.00s Real=0.00s
[2025-06-28T00:22:13.594+0200][2.390s] GC(34) Concurrent Clear Claimed Marks
[2025-06-28T00:22:13.594+0200][2.390s] GC(34) Concurrent Clear Claimed Marks 0.059ms
[2025-06-28T00:22:13.594+0200][2.390s] GC(34) Concurrent Cleanup for Next Mark
[2025-06-28T00:22:13.594+0200][2.390s] GC(34) Concurrent Cleanup for Next Mark 0.081ms
[2025-06-28T00:22:13.594+0200][2.390s] GC(34) Concurrent Mark Cycle 13.281ms
[2025-06-28T00:22:13.619+0200][2.415s] GC(35) Pause Young (Prepare Mixed) (G1 Evacuation Pause)
[2025-06-28T00:22:13.619+0200][2.415s] GC(35) Using 4 workers of 10 for evacuation
[2025-06-28T00:22:13.620+0200][2.416s] GC(35)   Pre Evacuate Collection Set: 0.1ms
[2025-06-28T00:22:13.620+0200][2.416s] GC(35)   Merge Heap Roots: 0.1ms
[2025-06-28T00:22:13.620+0200][2.416s] GC(35)   Evacuate Collection Set: 0.5ms
[2025-06-28T00:22:13.620+0200][2.416s] GC(35)   Post Evacuate Collection Set: 0.4ms
[2025-06-28T00:22:13.620+0200][2.416s] GC(35)   Other: 0.1ms
[2025-06-28T00:22:13.620+0200][2.416s] GC(35) Eden regions: 4->0(5)
[2025-06-28T00:22:13.620+0200][2.416s] GC(35) Survivor regions: 1->1(1)
[2025-06-28T00:22:13.620+0200][2.416s] GC(35) Old regions: 7->7
[2025-06-28T00:22:13.620+0200][2.416s] GC(35) Humongous regions: 0->0
[2025-06-28T00:22:13.620+0200][2.416s] GC(35) Metaspace: 13431K(13760K)->13431K(13760K) NonClass: 11833K(12032K)->11833K(12032K) Class: 1598K(1728K)->1598K(1728K)
[2025-06-28T00:22:13.620+0200][2.416s] GC(35) Pause Young (Prepare Mixed) (G1 Evacuation Pause) 10M->6M(15M) 1.523ms
[2025-06-28T00:22:13.620+0200][2.416s] GC(35) User=0.00s Sys=0.00s Real=0.00s
[2025-06-28T00:22:13.649+0200][2.446s] GC(36) Pause Young (Mixed) (G1 Evacuation Pause)
[2025-06-28T00:22:13.649+0200][2.446s] GC(36) Using 4 workers of 10 for evacuation
[2025-06-28T00:22:13.652+0200][2.448s] GC(36)   Pre Evacuate Collection Set: 0.2ms
[2025-06-28T00:22:13.652+0200][2.448s] GC(36)   Merge Heap Roots: 0.1ms
[2025-06-28T00:22:13.652+0200][2.448s] GC(36)   Evacuate Collection Set: 1.5ms
[2025-06-28T00:22:13.652+0200][2.448s] GC(36)   Post Evacuate Collection Set: 0.4ms
[2025-06-28T00:22:13.652+0200][2.448s] GC(36)   Other: 0.1ms
[2025-06-28T00:22:13.652+0200][2.448s] GC(36) Eden regions: 5->0(5)
[2025-06-28T00:22:13.652+0200][2.448s] GC(36) Survivor regions: 1->1(1)
[2025-06-28T00:22:13.652+0200][2.448s] GC(36) Old regions: 7->7
[2025-06-28T00:22:13.652+0200][2.448s] GC(36) Humongous regions: 0->0
[2025-06-28T00:22:13.652+0200][2.448s] GC(36) Metaspace: 13873K(14144K)->13873K(14144K) NonClass: 12223K(12352K)->12223K(12352K) Class: 1649K(1792K)->1649K(1792K)
[2025-06-28T00:22:13.652+0200][2.448s] GC(36) Pause Young (Mixed) (G1 Evacuation Pause) 11M->6M(15M) 2.458ms
[2025-06-28T00:22:13.652+0200][2.448s] GC(36) User=0.05s Sys=0.02s Real=0.00s
[2025-06-28T00:22:13.681+0200][2.477s] GC(37) Pause Young (Concurrent Start) (G1 Evacuation Pause)
[2025-06-28T00:22:13.681+0200][2.478s] GC(37) Using 4 workers of 10 for evacuation
[2025-06-28T00:22:13.683+0200][2.479s] GC(37)   Pre Evacuate Collection Set: 0.3ms
[2025-06-28T00:22:13.683+0200][2.480s] GC(37)   Merge Heap Roots: 0.1ms
[2025-06-28T00:22:13.683+0200][2.480s] GC(37)   Evacuate Collection Set: 0.7ms
[2025-06-28T00:22:13.683+0200][2.480s] GC(37)   Post Evacuate Collection Set: 0.5ms
[2025-06-28T00:22:13.683+0200][2.480s] GC(37)   Other: 0.2ms
[2025-06-28T00:22:13.683+0200][2.480s] GC(37) Eden regions: 5->0(5)
[2025-06-28T00:22:13.683+0200][2.480s] GC(37) Survivor regions: 1->1(1)
[2025-06-28T00:22:13.683+0200][2.480s] GC(37) Old regions: 7->7
[2025-06-28T00:22:13.683+0200][2.480s] GC(37) Humongous regions: 0->0
[2025-06-28T00:22:13.683+0200][2.480s] GC(37) Metaspace: 14237K(14592K)->14237K(14592K) NonClass: 12538K(12736K)->12538K(12736K) Class: 1699K(1856K)->1699K(1856K)
[2025-06-28T00:22:13.683+0200][2.480s] GC(37) Pause Young (Concurrent Start) (G1 Evacuation Pause) 11M->6M(15M) 2.130ms
[2025-06-28T00:22:13.683+0200][2.480s] GC(37) User=0.05s Sys=0.02s Real=0.00s
[2025-06-28T00:22:13.683+0200][2.480s] GC(38) Concurrent Mark Cycle
[2025-06-28T00:22:13.683+0200][2.480s] GC(38) Concurrent Scan Root Regions
[2025-06-28T00:22:13.684+0200][2.480s] GC(38) Concurrent Scan Root Regions 0.615ms
[2025-06-28T00:22:13.684+0200][2.480s] GC(38) Concurrent Mark
[2025-06-28T00:22:13.684+0200][2.480s] GC(38) Concurrent Mark From Roots
[2025-06-28T00:22:13.684+0200][2.480s] GC(38) Using 3 workers of 3 for marking
[2025-06-28T00:22:13.688+0200][2.485s] GC(38) Concurrent Mark From Roots 4.275ms
[2025-06-28T00:22:13.688+0200][2.485s] GC(38) Concurrent Preclean
[2025-06-28T00:22:13.688+0200][2.485s] GC(38) Concurrent Preclean 0.071ms
[2025-06-28T00:22:13.689+0200][2.485s] GC(38) Pause Remark
[2025-06-28T00:22:13.690+0200][2.486s] GC(38) Pause Remark 7M->7M(15M) 1.473ms
[2025-06-28T00:22:13.690+0200][2.486s] GC(38) User=0.00s Sys=0.00s Real=0.00s
[2025-06-28T00:22:13.690+0200][2.487s] GC(38) Concurrent Mark 6.199ms
[2025-06-28T00:22:13.690+0200][2.487s] GC(38) Concurrent Rebuild Remembered Sets and Scrub Regions
[2025-06-28T00:22:13.692+0200][2.488s] GC(38) Concurrent Rebuild Remembered Sets and Scrub Regions 1.690ms
[2025-06-28T00:22:13.692+0200][2.488s] GC(38) Pause Cleanup
[2025-06-28T00:22:13.692+0200][2.489s] GC(38) Pause Cleanup 7M->7M(15M) 0.137ms
[2025-06-28T00:22:13.692+0200][2.489s] GC(38) User=0.00s Sys=0.00s Real=0.00s
[2025-06-28T00:22:13.692+0200][2.489s] GC(38) Concurrent Clear Claimed Marks
[2025-06-28T00:22:13.692+0200][2.489s] GC(38) Concurrent Clear Claimed Marks 0.051ms
[2025-06-28T00:22:13.692+0200][2.489s] GC(38) Concurrent Cleanup for Next Mark
[2025-06-28T00:22:13.692+0200][2.489s] GC(38) Concurrent Cleanup for Next Mark 0.132ms
[2025-06-28T00:22:13.693+0200][2.489s] GC(38) Concurrent Mark Cycle 9.248ms
[2025-06-28T00:22:13.714+0200][2.510s] GC(39) Pause Young (Normal) (G1 Evacuation Pause)
[2025-06-28T00:22:13.714+0200][2.510s] GC(39) Using 4 workers of 10 for evacuation
[2025-06-28T00:22:13.715+0200][2.511s] GC(39)   Pre Evacuate Collection Set: 0.2ms
[2025-06-28T00:22:13.715+0200][2.511s] GC(39)   Merge Heap Roots: 0.1ms
[2025-06-28T00:22:13.715+0200][2.511s] GC(39)   Evacuate Collection Set: 0.7ms
[2025-06-28T00:22:13.715+0200][2.511s] GC(39)   Post Evacuate Collection Set: 0.4ms
[2025-06-28T00:22:13.715+0200][2.511s] GC(39)   Other: 0.1ms
[2025-06-28T00:22:13.715+0200][2.511s] GC(39) Eden regions: 5->0(5)
[2025-06-28T00:22:13.715+0200][2.511s] GC(39) Survivor regions: 1->1(1)
[2025-06-28T00:22:13.715+0200][2.511s] GC(39) Old regions: 7->7
[2025-06-28T00:22:13.715+0200][2.511s] GC(39) Humongous regions: 0->0
[2025-06-28T00:22:13.715+0200][2.511s] GC(39) Metaspace: 14519K(14848K)->14519K(14848K) NonClass: 12770K(12992K)->12770K(12992K) Class: 1748K(1856K)->1748K(1856K)
[2025-06-28T00:22:13.715+0200][2.511s] GC(39) Pause Young (Normal) (G1 Evacuation Pause) 11M->6M(15M) 1.844ms
[2025-06-28T00:22:13.715+0200][2.511s] GC(39) User=0.00s Sys=0.02s Real=0.00s
[2025-06-28T00:22:13.744+0200][2.541s] GC(40) Pause Young (Concurrent Start) (G1 Evacuation Pause)
[2025-06-28T00:22:13.744+0200][2.541s] GC(40) Using 4 workers of 10 for evacuation
[2025-06-28T00:22:13.747+0200][2.542s] GC(40)   Pre Evacuate Collection Set: 0.3ms
[2025-06-28T00:22:13.747+0200][2.542s] GC(40)   Merge Heap Roots: 0.1ms
[2025-06-28T00:22:13.747+0200][2.542s] GC(40)   Evacuate Collection Set: 0.7ms
[2025-06-28T00:22:13.747+0200][2.542s] GC(40)   Post Evacuate Collection Set: 0.4ms
[2025-06-28T00:22:13.747+0200][2.542s] GC(40)   Other: 0.1ms
[2025-06-28T00:22:13.747+0200][2.542s] GC(40) Eden regions: 5->0(5)
[2025-06-28T00:22:13.747+0200][2.543s] GC(40) Survivor regions: 1->1(1)
[2025-06-28T00:22:13.747+0200][2.543s] GC(40) Old regions: 7->7
[2025-06-28T00:22:13.747+0200][2.543s] GC(40) Humongous regions: 0->0
[2025-06-28T00:22:13.747+0200][2.543s] GC(40) Metaspace: 14919K(15296K)->14919K(15296K) NonClass: 13100K(13312K)->13100K(13312K) Class: 1818K(1984K)->1818K(1984K)
[2025-06-28T00:22:13.747+0200][2.543s] GC(40) Pause Young (Concurrent Start) (G1 Evacuation Pause) 11M->6M(15M) 1.792ms
[2025-06-28T00:22:13.747+0200][2.543s] GC(40) User=0.00s Sys=0.00s Real=0.00s
[2025-06-28T00:22:13.747+0200][2.543s] GC(41) Concurrent Mark Cycle
[2025-06-28T00:22:13.747+0200][2.543s] GC(41) Concurrent Scan Root Regions
[2025-06-28T00:22:13.747+0200][2.543s] GC(41) Concurrent Scan Root Regions 0.632ms
[2025-06-28T00:22:13.747+0200][2.543s] GC(41) Concurrent Mark
[2025-06-28T00:22:13.747+0200][2.543s] GC(41) Concurrent Mark From Roots
[2025-06-28T00:22:13.747+0200][2.543s] GC(41) Using 3 workers of 3 for marking
[2025-06-28T00:22:13.752+0200][2.548s] GC(41) Concurrent Mark From Roots 4.744ms
[2025-06-28T00:22:13.752+0200][2.548s] GC(41) Concurrent Preclean
[2025-06-28T00:22:13.752+0200][2.548s] GC(41) Concurrent Preclean 0.061ms
[2025-06-28T00:22:13.752+0200][2.548s] GC(41) Pause Remark
[2025-06-28T00:22:13.754+0200][2.550s] GC(41) Pause Remark 7M->7M(15M) 1.432ms
[2025-06-28T00:22:13.754+0200][2.550s] GC(41) User=0.00s Sys=0.00s Real=0.00s
[2025-06-28T00:22:13.754+0200][2.550s] GC(41) Concurrent Mark 6.620ms
[2025-06-28T00:22:13.754+0200][2.550s] GC(41) Concurrent Rebuild Remembered Sets and Scrub Regions
[2025-06-28T00:22:13.756+0200][2.552s] GC(41) Concurrent Rebuild Remembered Sets and Scrub Regions 2.022ms
[2025-06-28T00:22:13.756+0200][2.552s] GC(41) Pause Cleanup
[2025-06-28T00:22:13.756+0200][2.552s] GC(41) Pause Cleanup 7M->7M(15M) 0.150ms
[2025-06-28T00:22:13.757+0200][2.552s] GC(41) User=0.00s Sys=0.00s Real=0.00s
[2025-06-28T00:22:13.757+0200][2.552s] GC(41) Concurrent Clear Claimed Marks
[2025-06-28T00:22:13.757+0200][2.553s] GC(41) Concurrent Clear Claimed Marks 0.055ms
[2025-06-28T00:22:13.757+0200][2.553s] GC(41) Concurrent Cleanup for Next Mark
[2025-06-28T00:22:13.757+0200][2.553s] GC(41) Concurrent Cleanup for Next Mark 0.101ms
[2025-06-28T00:22:13.757+0200][2.553s] GC(41) Concurrent Mark Cycle 10.134ms
[2025-06-28T00:22:13.787+0200][2.584s] GC(42) Pause Young (Prepare Mixed) (G1 Evacuation Pause)
[2025-06-28T00:22:13.787+0200][2.584s] GC(42) Using 4 workers of 10 for evacuation
[2025-06-28T00:22:13.790+0200][2.586s] GC(42)   Pre Evacuate Collection Set: 0.2ms
[2025-06-28T00:22:13.790+0200][2.587s] GC(42)   Merge Heap Roots: 0.2ms
[2025-06-28T00:22:13.790+0200][2.587s] GC(42)   Evacuate Collection Set: 1.9ms
[2025-06-28T00:22:13.790+0200][2.587s] GC(42)   Post Evacuate Collection Set: 0.4ms
[2025-06-28T00:22:13.790+0200][2.587s] GC(42)   Other: 0.1ms
[2025-06-28T00:22:13.790+0200][2.587s] GC(42) Eden regions: 5->0(5)
[2025-06-28T00:22:13.790+0200][2.587s] GC(42) Survivor regions: 1->1(1)
[2025-06-28T00:22:13.790+0200][2.587s] GC(42) Old regions: 7->7
[2025-06-28T00:22:13.790+0200][2.587s] GC(42) Humongous regions: 0->0
[2025-06-28T00:22:13.790+0200][2.587s] GC(42) Metaspace: 15466K(15808K)->15466K(15808K) NonClass: 13567K(13760K)->13567K(13760K) Class: 1898K(2048K)->1898K(2048K)
[2025-06-28T00:22:13.790+0200][2.587s] GC(42) Pause Young (Prepare Mixed) (G1 Evacuation Pause) 11M->6M(15M) 2.912ms
[2025-06-28T00:22:13.790+0200][2.587s] GC(42) User=0.00s Sys=0.00s Real=0.00s
[2025-06-28T00:22:13.858+0200][2.654s] GC(43) Pause Young (Mixed) (G1 Evacuation Pause)
[2025-06-28T00:22:13.858+0200][2.654s] GC(43) Using 4 workers of 10 for evacuation
[2025-06-28T00:22:13.861+0200][2.657s] GC(43)   Pre Evacuate Collection Set: 0.3ms
[2025-06-28T00:22:13.861+0200][2.657s] GC(43)   Merge Heap Roots: 0.1ms
[2025-06-28T00:22:13.861+0200][2.657s] GC(43)   Evacuate Collection Set: 2.1ms
[2025-06-28T00:22:13.861+0200][2.657s] GC(43)   Post Evacuate Collection Set: 0.8ms
[2025-06-28T00:22:13.861+0200][2.658s] GC(43)   Other: 0.1ms
[2025-06-28T00:22:13.861+0200][2.658s] GC(43) Eden regions: 5->0(5)
[2025-06-28T00:22:13.861+0200][2.658s] GC(43) Survivor regions: 1->1(1)
[2025-06-28T00:22:13.861+0200][2.658s] GC(43) Old regions: 7->7
[2025-06-28T00:22:13.861+0200][2.658s] GC(43) Humongous regions: 0->0
[2025-06-28T00:22:13.861+0200][2.658s] GC(43) Metaspace: 16131K(16512K)->16131K(16512K) NonClass: 14159K(14336K)->14159K(14336K) Class: 1971K(2176K)->1971K(2176K)
[2025-06-28T00:22:13.861+0200][2.658s] GC(43) Pause Young (Mixed) (G1 Evacuation Pause) 11M->7M(15M) 3.830ms
[2025-06-28T00:22:13.861+0200][2.658s] GC(43) User=0.00s Sys=0.00s Real=0.00s
[2025-06-28T00:22:13.969+0200][2.766s] GC(44) Pause Young (Concurrent Start) (G1 Evacuation Pause)
[2025-06-28T00:22:13.969+0200][2.766s] GC(44) Using 4 workers of 10 for evacuation
[2025-06-28T00:22:13.973+0200][2.769s] GC(44)   Pre Evacuate Collection Set: 0.3ms
[2025-06-28T00:22:13.973+0200][2.769s] GC(44)   Merge Heap Roots: 0.1ms
[2025-06-28T00:22:13.973+0200][2.769s] GC(44)   Evacuate Collection Set: 2.1ms
[2025-06-28T00:22:13.973+0200][2.769s] GC(44)   Post Evacuate Collection Set: 0.6ms
[2025-06-28T00:22:13.973+0200][2.769s] GC(44)   Other: 0.2ms
[2025-06-28T00:22:13.973+0200][2.769s] GC(44) Eden regions: 5->0(5)
[2025-06-28T00:22:13.973+0200][2.769s] GC(44) Survivor regions: 1->1(1)
[2025-06-28T00:22:13.973+0200][2.769s] GC(44) Old regions: 7->7
[2025-06-28T00:22:13.973+0200][2.769s] GC(44) Humongous regions: 0->0
[2025-06-28T00:22:13.973+0200][2.769s] GC(44) Metaspace: 16939K(17344K)->16939K(17344K) NonClass: 14869K(15104K)->14869K(15104K) Class: 2070K(2240K)->2070K(2240K)
[2025-06-28T00:22:13.973+0200][2.769s] GC(44) Pause Young (Concurrent Start) (G1 Evacuation Pause) 12M->7M(15M) 3.491ms
[2025-06-28T00:22:13.973+0200][2.769s] GC(44) User=0.00s Sys=0.00s Real=0.00s
[2025-06-28T00:22:13.973+0200][2.769s] GC(45) Concurrent Mark Cycle
[2025-06-28T00:22:13.973+0200][2.769s] GC(45) Concurrent Scan Root Regions
[2025-06-28T00:22:13.974+0200][2.770s] GC(45) Concurrent Scan Root Regions 1.003ms
[2025-06-28T00:22:13.974+0200][2.770s] GC(45) Concurrent Mark
[2025-06-28T00:22:13.974+0200][2.770s] GC(45) Concurrent Mark From Roots
[2025-06-28T00:22:13.974+0200][2.770s] GC(45) Using 3 workers of 3 for marking
[2025-06-28T00:22:13.979+0200][2.775s] GC(45) Concurrent Mark From Roots 5.083ms
[2025-06-28T00:22:13.979+0200][2.776s] GC(45) Concurrent Preclean
[2025-06-28T00:22:13.979+0200][2.776s] GC(45) Concurrent Preclean 0.073ms
[2025-06-28T00:22:13.979+0200][2.776s] GC(45) Pause Remark
[2025-06-28T00:22:13.981+0200][2.778s] GC(45) Pause Remark 8M->8M(15M) 2.021ms
[2025-06-28T00:22:13.982+0200][2.778s] GC(45) User=0.00s Sys=0.00s Real=0.00s
[2025-06-28T00:22:13.982+0200][2.778s] GC(45) Concurrent Mark 7.705ms
[2025-06-28T00:22:13.982+0200][2.778s] GC(45) Concurrent Rebuild Remembered Sets and Scrub Regions
[2025-06-28T00:22:13.984+0200][2.780s] GC(45) Concurrent Rebuild Remembered Sets and Scrub Regions 2.147ms
[2025-06-28T00:22:13.984+0200][2.780s] GC(45) Pause Cleanup
[2025-06-28T00:22:13.984+0200][2.781s] GC(45) Pause Cleanup 8M->8M(15M) 0.240ms
[2025-06-28T00:22:13.984+0200][2.781s] GC(45) User=0.00s Sys=0.00s Real=0.00s
[2025-06-28T00:22:13.984+0200][2.781s] GC(45) Concurrent Clear Claimed Marks
[2025-06-28T00:22:13.985+0200][2.781s] GC(45) Concurrent Clear Claimed Marks 0.061ms
[2025-06-28T00:22:13.985+0200][2.781s] GC(45) Concurrent Cleanup for Next Mark
[2025-06-28T00:22:13.985+0200][2.781s] GC(45) Concurrent Cleanup for Next Mark 0.188ms
[2025-06-28T00:22:13.985+0200][2.781s] GC(45) Concurrent Mark Cycle 11.969ms
[2025-06-28T00:22:14.044+0200][2.840s] GC(46) Pause Young (Normal) (G1 Evacuation Pause)
[2025-06-28T00:22:14.044+0200][2.840s] GC(46) Using 3 workers of 10 for evacuation
[2025-06-28T00:22:14.047+0200][2.843s] GC(46)   Pre Evacuate Collection Set: 0.2ms
[2025-06-28T00:22:14.047+0200][2.843s] GC(46)   Merge Heap Roots: 0.1ms
[2025-06-28T00:22:14.047+0200][2.843s] GC(46)   Evacuate Collection Set: 1.9ms
[2025-06-28T00:22:14.047+0200][2.843s] GC(46)   Post Evacuate Collection Set: 0.6ms
[2025-06-28T00:22:14.047+0200][2.843s] GC(46)   Other: 0.1ms
[2025-06-28T00:22:14.047+0200][2.843s] GC(46) Eden regions: 5->0(4)
[2025-06-28T00:22:14.047+0200][2.844s] GC(46) Survivor regions: 1->1(1)
[2025-06-28T00:22:14.047+0200][2.844s] GC(46) Old regions: 7->8
[2025-06-28T00:22:14.047+0200][2.844s] GC(46) Humongous regions: 0->0
[2025-06-28T00:22:14.047+0200][2.844s] GC(46) Metaspace: 17258K(17664K)->17258K(17664K) NonClass: 15133K(15360K)->15133K(15360K) Class: 2125K(2304K)->2125K(2304K)
[2025-06-28T00:22:14.047+0200][2.844s] GC(46) Pause Young (Normal) (G1 Evacuation Pause) 12M->8M(15M) 3.379ms
[2025-06-28T00:22:14.047+0200][2.844s] GC(46) User=0.00s Sys=0.00s Real=0.00s
[2025-06-28T00:22:14.140+0200][2.936s] GC(47) Pause Young (Concurrent Start) (G1 Evacuation Pause)
[2025-06-28T00:22:14.140+0200][2.936s] GC(47) Using 2 workers of 10 for evacuation
[2025-06-28T00:22:14.142+0200][2.938s] GC(47)   Pre Evacuate Collection Set: 0.2ms
[2025-06-28T00:22:14.142+0200][2.938s] GC(47)   Merge Heap Roots: 0.1ms
[2025-06-28T00:22:14.142+0200][2.938s] GC(47)   Evacuate Collection Set: 1.4ms
[2025-06-28T00:22:14.142+0200][2.938s] GC(47)   Post Evacuate Collection Set: 0.5ms
[2025-06-28T00:22:14.142+0200][2.938s] GC(47)   Other: 0.1ms
[2025-06-28T00:22:14.142+0200][2.938s] GC(47) Eden regions: 4->0(4)
[2025-06-28T00:22:14.142+0200][2.938s] GC(47) Survivor regions: 1->1(1)
[2025-06-28T00:22:14.142+0200][2.938s] GC(47) Old regions: 8->8
[2025-06-28T00:22:14.142+0200][2.938s] GC(47) Humongous regions: 0->0
[2025-06-28T00:22:14.142+0200][2.938s] GC(47) Metaspace: 17491K(17856K)->17491K(17856K) NonClass: 15337K(15488K)->15337K(15488K) Class: 2154K(2368K)->2154K(2368K)
[2025-06-28T00:22:14.142+0200][2.938s] GC(47) Pause Young (Concurrent Start) (G1 Evacuation Pause) 12M->8M(15M) 2.479ms
[2025-06-28T00:22:14.142+0200][2.938s] GC(47) User=0.00s Sys=0.00s Real=0.00s
[2025-06-28T00:22:14.142+0200][2.938s] GC(48) Concurrent Mark Cycle
[2025-06-28T00:22:14.142+0200][2.938s] GC(48) Concurrent Scan Root Regions
[2025-06-28T00:22:14.143+0200][2.939s] GC(48) Concurrent Scan Root Regions 1.088ms
[2025-06-28T00:22:14.143+0200][2.939s] GC(48) Concurrent Mark
[2025-06-28T00:22:14.143+0200][2.940s] GC(48) Concurrent Mark From Roots
[2025-06-28T00:22:14.143+0200][2.940s] GC(48) Using 3 workers of 3 for marking
[2025-06-28T00:22:14.149+0200][2.946s] GC(48) Concurrent Mark From Roots 6.374ms
[2025-06-28T00:22:14.149+0200][2.946s] GC(48) Concurrent Preclean
[2025-06-28T00:22:14.150+0200][2.946s] GC(48) Concurrent Preclean 0.080ms
[2025-06-28T00:22:14.150+0200][2.946s] GC(48) Pause Remark
[2025-06-28T00:22:14.153+0200][2.950s] GC(48) Pause Remark 8M->8M(17M) 3.574ms
[2025-06-28T00:22:14.153+0200][2.950s] GC(48) User=0.05s Sys=0.02s Real=0.00s
[2025-06-28T00:22:14.153+0200][2.950s] GC(48) Concurrent Mark 10.489ms
[2025-06-28T00:22:14.153+0200][2.950s] GC(48) Concurrent Rebuild Remembered Sets and Scrub Regions
[2025-06-28T00:22:14.157+0200][2.953s] GC(48) Concurrent Rebuild Remembered Sets and Scrub Regions 3.238ms
[2025-06-28T00:22:14.157+0200][2.953s] GC(48) Pause Cleanup
[2025-06-28T00:22:14.157+0200][2.954s] GC(48) Pause Cleanup 9M->9M(17M) 0.166ms
[2025-06-28T00:22:14.157+0200][2.954s] GC(48) User=0.00s Sys=0.00s Real=0.00s
[2025-06-28T00:22:14.157+0200][2.954s] GC(48) Concurrent Clear Claimed Marks
[2025-06-28T00:22:14.157+0200][2.954s] GC(48) Concurrent Clear Claimed Marks 0.057ms
[2025-06-28T00:22:14.157+0200][2.954s] GC(48) Concurrent Cleanup for Next Mark
[2025-06-28T00:22:14.157+0200][2.954s] GC(48) Concurrent Cleanup for Next Mark 0.155ms
[2025-06-28T00:22:14.157+0200][2.954s] GC(48) Concurrent Mark Cycle 15.761ms
[2025-06-28T00:22:14.215+0200][3.012s] GC(49) Pause Young (Prepare Mixed) (G1 Evacuation Pause)
[2025-06-28T00:22:14.216+0200][3.012s] GC(49) Using 2 workers of 10 for evacuation
[2025-06-28T00:22:14.219+0200][3.015s] GC(49)   Pre Evacuate Collection Set: 0.2ms
[2025-06-28T00:22:14.219+0200][3.015s] GC(49)   Merge Heap Roots: 0.1ms
[2025-06-28T00:22:14.219+0200][3.015s] GC(49)   Evacuate Collection Set: 2.4ms
[2025-06-28T00:22:14.219+0200][3.015s] GC(49)   Post Evacuate Collection Set: 0.5ms
[2025-06-28T00:22:14.219+0200][3.015s] GC(49)   Other: 0.1ms
[2025-06-28T00:22:14.219+0200][3.015s] GC(49) Eden regions: 4->0(5)
[2025-06-28T00:22:14.219+0200][3.015s] GC(49) Survivor regions: 1->1(1)
[2025-06-28T00:22:14.219+0200][3.015s] GC(49) Old regions: 8->9
[2025-06-28T00:22:14.219+0200][3.015s] GC(49) Humongous regions: 0->0
[2025-06-28T00:22:14.219+0200][3.015s] GC(49) Metaspace: 17664K(18048K)->17664K(18048K) NonClass: 15495K(15680K)->15495K(15680K) Class: 2168K(2368K)->2168K(2368K)
[2025-06-28T00:22:14.219+0200][3.015s] GC(49) Pause Young (Prepare Mixed) (G1 Evacuation Pause) 12M->8M(17M) 3.466ms
[2025-06-28T00:22:14.219+0200][3.015s] GC(49) User=0.00s Sys=0.00s Real=0.00s
[2025-06-28T00:22:14.269+0200][3.066s] GC(50) Pause Young (Mixed) (G1 Evacuation Pause)
[2025-06-28T00:22:14.269+0200][3.066s] GC(50) Using 2 workers of 10 for evacuation
[2025-06-28T00:22:14.274+0200][3.070s] GC(50)   Pre Evacuate Collection Set: 0.2ms
[2025-06-28T00:22:14.274+0200][3.070s] GC(50)   Merge Heap Roots: 0.1ms
[2025-06-28T00:22:14.275+0200][3.071s] GC(50)   Evacuate Collection Set: 2.9ms
[2025-06-28T00:22:14.275+0200][3.072s] GC(50)   Post Evacuate Collection Set: 0.5ms
[2025-06-28T00:22:14.275+0200][3.072s] GC(50)   Other: 0.1ms
[2025-06-28T00:22:14.275+0200][3.072s] GC(50) Eden regions: 5->0(5)
[2025-06-28T00:22:14.275+0200][3.072s] GC(50) Survivor regions: 1->1(1)
[2025-06-28T00:22:14.275+0200][3.072s] GC(50) Old regions: 9->9
[2025-06-28T00:22:14.275+0200][3.072s] GC(50) Humongous regions: 0->0
[2025-06-28T00:22:14.275+0200][3.072s] GC(50) Metaspace: 17745K(18112K)->17745K(18112K) NonClass: 15569K(15744K)->15569K(15744K) Class: 2176K(2368K)->2176K(2368K)
[2025-06-28T00:22:14.275+0200][3.072s] GC(50) Pause Young (Mixed) (G1 Evacuation Pause) 13M->9M(17M) 5.430ms
[2025-06-28T00:22:14.275+0200][3.072s] GC(50) User=0.00s Sys=0.00s Real=0.01s
[2025-06-28T00:22:14.349+0200][3.145s] GC(51) Pause Young (Normal) (G1 Evacuation Pause)
[2025-06-28T00:22:14.349+0200][3.145s] GC(51) Using 4 workers of 10 for evacuation
[2025-06-28T00:22:14.351+0200][3.147s] GC(51)   Pre Evacuate Collection Set: 0.2ms
[2025-06-28T00:22:14.351+0200][3.147s] GC(51)   Merge Heap Roots: 0.1ms
[2025-06-28T00:22:14.351+0200][3.147s] GC(51)   Evacuate Collection Set: 0.9ms
[2025-06-28T00:22:14.351+0200][3.147s] GC(51)   Post Evacuate Collection Set: 0.6ms
[2025-06-28T00:22:14.351+0200][3.147s] GC(51)   Other: 0.1ms
[2025-06-28T00:22:14.351+0200][3.147s] GC(51) Eden regions: 5->0(5)
[2025-06-28T00:22:14.352+0200][3.147s] GC(51) Survivor regions: 1->1(1)
[2025-06-28T00:22:14.352+0200][3.147s] GC(51) Old regions: 9->9
[2025-06-28T00:22:14.352+0200][3.147s] GC(51) Humongous regions: 0->0
[2025-06-28T00:22:14.352+0200][3.147s] GC(51) Metaspace: 18043K(18432K)->18043K(18432K) NonClass: 15830K(16064K)->15830K(16064K) Class: 2212K(2368K)->2212K(2368K)
[2025-06-28T00:22:14.352+0200][3.147s] GC(51) Pause Young (Normal) (G1 Evacuation Pause) 14M->9M(17M) 2.316ms
[2025-06-28T00:22:14.352+0200][3.148s] GC(51) User=0.00s Sys=0.00s Real=0.00s
[2025-06-28T00:22:14.395+0200][3.191s] GC(52) Pause Young (Normal) (G1 Evacuation Pause)
[2025-06-28T00:22:14.396+0200][3.192s] GC(52) Using 4 workers of 10 for evacuation
[2025-06-28T00:22:14.397+0200][3.193s] GC(52)   Pre Evacuate Collection Set: 0.2ms
[2025-06-28T00:22:14.397+0200][3.193s] GC(52)   Merge Heap Roots: 0.1ms
[2025-06-28T00:22:14.397+0200][3.193s] GC(52)   Evacuate Collection Set: 0.9ms
[2025-06-28T00:22:14.397+0200][3.193s] GC(52)   Post Evacuate Collection Set: 0.5ms
[2025-06-28T00:22:14.398+0200][3.193s] GC(52)   Other: 0.1ms
[2025-06-28T00:22:14.398+0200][3.194s] GC(52) Eden regions: 5->0(4)
[2025-06-28T00:22:14.398+0200][3.194s] GC(52) Survivor regions: 1->1(1)
[2025-06-28T00:22:14.398+0200][3.194s] GC(52) Old regions: 9->10
[2025-06-28T00:22:14.398+0200][3.194s] GC(52) Humongous regions: 0->0
[2025-06-28T00:22:14.398+0200][3.194s] GC(52) Metaspace: 18467K(18880K)->18467K(18880K) NonClass: 16228K(16448K)->16228K(16448K) Class: 2238K(2432K)->2238K(2432K)
[2025-06-28T00:22:14.398+0200][3.194s] GC(52) Pause Young (Normal) (G1 Evacuation Pause) 14M->9M(17M) 2.186ms
[2025-06-28T00:22:14.398+0200][3.194s] GC(52) User=0.00s Sys=0.00s Real=0.00s
[2025-06-28T00:22:14.423+0200][3.219s] GC(53) Pause Young (Concurrent Start) (G1 Evacuation Pause)
[2025-06-28T00:22:14.424+0200][3.220s] GC(53) Using 4 workers of 10 for evacuation
[2025-06-28T00:22:14.426+0200][3.222s] GC(53)   Pre Evacuate Collection Set: 0.4ms
[2025-06-28T00:22:14.426+0200][3.222s] GC(53)   Merge Heap Roots: 0.1ms
[2025-06-28T00:22:14.426+0200][3.222s] GC(53)   Evacuate Collection Set: 0.9ms
[2025-06-28T00:22:14.426+0200][3.222s] GC(53)   Post Evacuate Collection Set: 0.6ms
[2025-06-28T00:22:14.426+0200][3.222s] GC(53)   Other: 0.3ms
[2025-06-28T00:22:14.426+0200][3.222s] GC(53) Eden regions: 4->0(4)
[2025-06-28T00:22:14.426+0200][3.222s] GC(53) Survivor regions: 1->1(1)
[2025-06-28T00:22:14.426+0200][3.222s] GC(53) Old regions: 10->10
[2025-06-28T00:22:14.426+0200][3.222s] GC(53) Humongous regions: 0->0
[2025-06-28T00:22:14.426+0200][3.222s] GC(53) Metaspace: 18555K(18944K)->18555K(18944K) NonClass: 16304K(16512K)->16304K(16512K) Class: 2251K(2432K)->2251K(2432K)
[2025-06-28T00:22:14.426+0200][3.222s] GC(53) Pause Young (Concurrent Start) (G1 Evacuation Pause) 13M->9M(17M) 2.688ms
[2025-06-28T00:22:14.426+0200][3.222s] GC(53) User=0.00s Sys=0.00s Real=0.00s
[2025-06-28T00:22:14.426+0200][3.222s] GC(54) Concurrent Mark Cycle
[2025-06-28T00:22:14.426+0200][3.222s] GC(54) Concurrent Scan Root Regions
[2025-06-28T00:22:14.427+0200][3.223s] GC(54) Concurrent Scan Root Regions 0.706ms
[2025-06-28T00:22:14.427+0200][3.223s] GC(54) Concurrent Mark
[2025-06-28T00:22:14.427+0200][3.223s] GC(54) Concurrent Mark From Roots
[2025-06-28T00:22:14.427+0200][3.223s] GC(54) Using 3 workers of 3 for marking
[2025-06-28T00:22:14.434+0200][3.230s] GC(54) Concurrent Mark From Roots 7.410ms
[2025-06-28T00:22:14.434+0200][3.231s] GC(54) Concurrent Preclean
[2025-06-28T00:22:14.435+0200][3.231s] GC(54) Concurrent Preclean 0.062ms
[2025-06-28T00:22:14.435+0200][3.231s] GC(54) Pause Remark
[2025-06-28T00:22:14.437+0200][3.233s] GC(54) Pause Remark 10M->10M(20M) 1.902ms
[2025-06-28T00:22:14.437+0200][3.233s] GC(54) User=0.00s Sys=0.00s Real=0.00s
[2025-06-28T00:22:14.437+0200][3.233s] GC(54) Concurrent Mark 9.796ms
[2025-06-28T00:22:14.437+0200][3.233s] GC(54) Concurrent Rebuild Remembered Sets and Scrub Regions
[2025-06-28T00:22:14.440+0200][3.236s] GC(54) Concurrent Rebuild Remembered Sets and Scrub Regions 3.197ms
[2025-06-28T00:22:14.440+0200][3.236s] GC(54) Pause Cleanup
[2025-06-28T00:22:14.440+0200][3.237s] GC(54) Pause Cleanup 10M->10M(20M) 0.184ms
[2025-06-28T00:22:14.440+0200][3.237s] GC(54) User=0.00s Sys=0.00s Real=0.00s
[2025-06-28T00:22:14.441+0200][3.237s] GC(54) Concurrent Clear Claimed Marks
[2025-06-28T00:22:14.441+0200][3.237s] GC(54) Concurrent Clear Claimed Marks 0.064ms
[2025-06-28T00:22:14.441+0200][3.237s] GC(54) Concurrent Cleanup for Next Mark
[2025-06-28T00:22:14.441+0200][3.237s] GC(54) Concurrent Cleanup for Next Mark 0.170ms
[2025-06-28T00:22:14.441+0200][3.237s] GC(54) Concurrent Mark Cycle 14.788ms
[2025-06-28T00:22:14.469+0200][3.265s] GC(55) Pause Young (Prepare Mixed) (G1 Evacuation Pause)
[2025-06-28T00:22:14.469+0200][3.265s] GC(55) Using 3 workers of 10 for evacuation
[2025-06-28T00:22:14.471+0200][3.267s] GC(55)   Pre Evacuate Collection Set: 0.3ms
[2025-06-28T00:22:14.471+0200][3.267s] GC(55)   Merge Heap Roots: 0.1ms
[2025-06-28T00:22:14.471+0200][3.267s] GC(55)   Evacuate Collection Set: 0.9ms
[2025-06-28T00:22:14.471+0200][3.267s] GC(55)   Post Evacuate Collection Set: 0.6ms
[2025-06-28T00:22:14.471+0200][3.267s] GC(55)   Other: 0.1ms
[2025-06-28T00:22:14.471+0200][3.267s] GC(55) Eden regions: 4->0(7)
[2025-06-28T00:22:14.471+0200][3.267s] GC(55) Survivor regions: 1->1(1)
[2025-06-28T00:22:14.471+0200][3.267s] GC(55) Old regions: 10->10
[2025-06-28T00:22:14.471+0200][3.267s] GC(55) Humongous regions: 0->0
[2025-06-28T00:22:14.471+0200][3.267s] GC(55) Metaspace: 18675K(19072K)->18675K(19072K) NonClass: 16405K(16640K)->16405K(16640K) Class: 2269K(2432K)->2269K(2432K)
[2025-06-28T00:22:14.471+0200][3.267s] GC(55) Pause Young (Prepare Mixed) (G1 Evacuation Pause) 13M->9M(20M) 2.413ms
[2025-06-28T00:22:14.471+0200][3.267s] GC(55) User=0.00s Sys=0.00s Real=0.00s
[2025-06-28T00:22:14.553+0200][3.349s] GC(56) Pause Young (Mixed) (G1 Evacuation Pause)
[2025-06-28T00:22:14.553+0200][3.349s] GC(56) Using 2 workers of 10 for evacuation
[2025-06-28T00:22:14.556+0200][3.352s] GC(56)   Pre Evacuate Collection Set: 0.1ms
[2025-06-28T00:22:14.556+0200][3.352s] GC(56)   Merge Heap Roots: 0.0ms
[2025-06-28T00:22:14.556+0200][3.352s] GC(56)   Evacuate Collection Set: 3.0ms
[2025-06-28T00:22:14.556+0200][3.352s] GC(56)   Post Evacuate Collection Set: 0.4ms
[2025-06-28T00:22:14.556+0200][3.352s] GC(56)   Other: 0.1ms
[2025-06-28T00:22:14.556+0200][3.352s] GC(56) Eden regions: 7->0(8)
[2025-06-28T00:22:14.556+0200][3.352s] GC(56) Survivor regions: 1->1(1)
[2025-06-28T00:22:14.556+0200][3.352s] GC(56) Old regions: 10->9
[2025-06-28T00:22:14.556+0200][3.352s] GC(56) Humongous regions: 0->0
[2025-06-28T00:22:14.556+0200][3.352s] GC(56) Metaspace: 18909K(19328K)->18909K(19328K) NonClass: 16607K(16832K)->16607K(16832K) Class: 2302K(2496K)->2302K(2496K)
[2025-06-28T00:22:14.556+0200][3.352s] GC(56) Pause Young (Mixed) (G1 Evacuation Pause) 16M->9M(20M) 3.799ms
[2025-06-28T00:22:14.556+0200][3.352s] GC(56) User=0.00s Sys=0.00s Real=0.00s
[2025-06-28T00:22:14.623+0200][3.420s] GC(57) Pause Young (Normal) (G1 Evacuation Pause)
[2025-06-28T00:22:14.624+0200][3.420s] GC(57) Using 2 workers of 10 for evacuation
[2025-06-28T00:22:14.626+0200][3.423s] GC(57)   Pre Evacuate Collection Set: 0.2ms
[2025-06-28T00:22:14.627+0200][3.423s] GC(57)   Merge Heap Roots: 0.1ms
[2025-06-28T00:22:14.627+0200][3.423s] GC(57)   Evacuate Collection Set: 2.0ms
[2025-06-28T00:22:14.627+0200][3.423s] GC(57)   Post Evacuate Collection Set: 0.5ms
[2025-06-28T00:22:14.627+0200][3.423s] GC(57)   Other: 0.1ms
[2025-06-28T00:22:14.627+0200][3.423s] GC(57) Eden regions: 8->0(6)
[2025-06-28T00:22:14.627+0200][3.423s] GC(57) Survivor regions: 1->2(2)
[2025-06-28T00:22:14.627+0200][3.423s] GC(57) Old regions: 9->9
[2025-06-28T00:22:14.627+0200][3.423s] GC(57) Humongous regions: 0->0
[2025-06-28T00:22:14.627+0200][3.423s] GC(57) Metaspace: 19195K(19520K)->19195K(19520K) NonClass: 16856K(17024K)->16856K(17024K) Class: 2338K(2496K)->2338K(2496K)
[2025-06-28T00:22:14.627+0200][3.423s] GC(57) Pause Young (Normal) (G1 Evacuation Pause) 17M->10M(20M) 3.155ms
[2025-06-28T00:22:14.627+0200][3.423s] GC(57) User=0.00s Sys=0.00s Real=0.00s
[2025-06-28T00:22:14.684+0200][3.481s] GC(58) Pause Young (Normal) (G1 Evacuation Pause)
[2025-06-28T00:22:14.684+0200][3.481s] GC(58) Using 2 workers of 10 for evacuation
[2025-06-28T00:22:14.688+0200][3.484s] GC(58)   Pre Evacuate Collection Set: 0.2ms
[2025-06-28T00:22:14.688+0200][3.484s] GC(58)   Merge Heap Roots: 0.1ms
[2025-06-28T00:22:14.688+0200][3.484s] GC(58)   Evacuate Collection Set: 2.6ms
[2025-06-28T00:22:14.688+0200][3.484s] GC(58)   Post Evacuate Collection Set: 0.4ms
[2025-06-28T00:22:14.688+0200][3.484s] GC(58)   Other: 0.1ms
[2025-06-28T00:22:14.688+0200][3.484s] GC(58) Eden regions: 6->0(7)
[2025-06-28T00:22:14.688+0200][3.484s] GC(58) Survivor regions: 2->1(1)
[2025-06-28T00:22:14.688+0200][3.484s] GC(58) Old regions: 9->10
[2025-06-28T00:22:14.688+0200][3.484s] GC(58) Humongous regions: 0->0
[2025-06-28T00:22:14.688+0200][3.484s] GC(58) Metaspace: 19321K(19712K)->19321K(19712K) NonClass: 16970K(17152K)->16970K(17152K) Class: 2351K(2560K)->2351K(2560K)
[2025-06-28T00:22:14.688+0200][3.484s] GC(58) Pause Young (Normal) (G1 Evacuation Pause) 16M->10M(20M) 3.601ms
[2025-06-28T00:22:14.688+0200][3.484s] GC(58) User=0.00s Sys=0.00s Real=0.00s
[2025-06-28T00:22:14.756+0200][3.552s] GC(59) Pause Young (Concurrent Start) (G1 Evacuation Pause)
[2025-06-28T00:22:14.756+0200][3.552s] GC(59) Using 2 workers of 10 for evacuation
[2025-06-28T00:22:14.758+0200][3.554s] GC(59)   Pre Evacuate Collection Set: 0.3ms
[2025-06-28T00:22:14.758+0200][3.554s] GC(59)   Merge Heap Roots: 0.0ms
[2025-06-28T00:22:14.758+0200][3.554s] GC(59)   Evacuate Collection Set: 1.2ms
[2025-06-28T00:22:14.758+0200][3.554s] GC(59)   Post Evacuate Collection Set: 0.4ms
[2025-06-28T00:22:14.758+0200][3.555s] GC(59)   Other: 0.1ms
[2025-06-28T00:22:14.758+0200][3.555s] GC(59) Eden regions: 7->0(7)
[2025-06-28T00:22:14.758+0200][3.555s] GC(59) Survivor regions: 1->1(1)
[2025-06-28T00:22:14.758+0200][3.555s] GC(59) Old regions: 10->10
[2025-06-28T00:22:14.758+0200][3.555s] GC(59) Humongous regions: 0->0
[2025-06-28T00:22:14.758+0200][3.555s] GC(59) Metaspace: 19740K(20032K)->19740K(20032K) NonClass: 17342K(17472K)->17342K(17472K) Class: 2397K(2560K)->2397K(2560K)
[2025-06-28T00:22:14.758+0200][3.555s] GC(59) Pause Young (Concurrent Start) (G1 Evacuation Pause) 17M->10M(20M) 2.303ms
[2025-06-28T00:22:14.759+0200][3.555s] GC(59) User=0.00s Sys=0.00s Real=0.00s
[2025-06-28T00:22:14.759+0200][3.555s] GC(60) Concurrent Mark Cycle
[2025-06-28T00:22:14.759+0200][3.555s] GC(60) Concurrent Scan Root Regions
[2025-06-28T00:22:14.759+0200][3.555s] GC(60) Concurrent Scan Root Regions 0.775ms
[2025-06-28T00:22:14.759+0200][3.556s] GC(60) Concurrent Mark
[2025-06-28T00:22:14.759+0200][3.556s] GC(60) Concurrent Mark From Roots
[2025-06-28T00:22:14.759+0200][3.556s] GC(60) Using 3 workers of 3 for marking
[2025-06-28T00:22:14.767+0200][3.564s] GC(60) Concurrent Mark From Roots 8.053ms
[2025-06-28T00:22:14.768+0200][3.564s] GC(60) Concurrent Preclean
[2025-06-28T00:22:14.768+0200][3.564s] GC(60) Concurrent Preclean 0.071ms
[2025-06-28T00:22:14.768+0200][3.564s] GC(60) Pause Remark
[2025-06-28T00:22:14.771+0200][3.567s] GC(60) Pause Remark 11M->11M(20M) 3.066ms
[2025-06-28T00:22:14.771+0200][3.567s] GC(60) User=0.00s Sys=0.00s Real=0.00s
[2025-06-28T00:22:14.771+0200][3.567s] GC(60) Concurrent Mark 11.593ms
[2025-06-28T00:22:14.771+0200][3.567s] GC(60) Concurrent Rebuild Remembered Sets and Scrub Regions
[2025-06-28T00:22:14.772+0200][3.568s] GC(60) Concurrent Rebuild Remembered Sets and Scrub Regions 1.256ms
[2025-06-28T00:22:14.772+0200][3.569s] GC(60) Pause Cleanup
[2025-06-28T00:22:14.772+0200][3.569s] GC(60) Pause Cleanup 11M->11M(20M) 0.055ms
[2025-06-28T00:22:14.772+0200][3.569s] GC(60) User=0.00s Sys=0.00s Real=0.00s
[2025-06-28T00:22:14.772+0200][3.569s] GC(60) Concurrent Clear Claimed Marks
[2025-06-28T00:22:14.772+0200][3.569s] GC(60) Concurrent Clear Claimed Marks 0.060ms
[2025-06-28T00:22:14.772+0200][3.569s] GC(60) Concurrent Cleanup for Next Mark
[2025-06-28T00:22:14.772+0200][3.569s] GC(60) Concurrent Cleanup for Next Mark 0.170ms
[2025-06-28T00:22:14.772+0200][3.569s] GC(60) Concurrent Mark Cycle 14.501ms
[2025-06-28T00:22:14.844+0200][3.641s] GC(61) Pause Young (Normal) (G1 Evacuation Pause)
[2025-06-28T00:22:14.844+0200][3.641s] GC(61) Using 2 workers of 10 for evacuation
[2025-06-28T00:22:14.847+0200][3.644s] GC(61)   Pre Evacuate Collection Set: 0.2ms
[2025-06-28T00:22:14.847+0200][3.644s] GC(61)   Merge Heap Roots: 0.1ms
[2025-06-28T00:22:14.847+0200][3.644s] GC(61)   Evacuate Collection Set: 2.1ms
[2025-06-28T00:22:14.847+0200][3.644s] GC(61)   Post Evacuate Collection Set: 0.5ms
[2025-06-28T00:22:14.847+0200][3.644s] GC(61)   Other: 0.1ms
[2025-06-28T00:22:14.847+0200][3.644s] GC(61) Eden regions: 7->0(6)
[2025-06-28T00:22:14.847+0200][3.644s] GC(61) Survivor regions: 1->1(1)
[2025-06-28T00:22:14.847+0200][3.644s] GC(61) Old regions: 10->11
[2025-06-28T00:22:14.847+0200][3.644s] GC(61) Humongous regions: 0->0
[2025-06-28T00:22:14.847+0200][3.644s] GC(61) Metaspace: 20052K(20480K)->20052K(20480K) NonClass: 17621K(17856K)->17621K(17856K) Class: 2431K(2624K)->2431K(2624K)
[2025-06-28T00:22:14.847+0200][3.644s] GC(61) Pause Young (Normal) (G1 Evacuation Pause) 17M->10M(20M) 3.151ms
[2025-06-28T00:22:14.847+0200][3.644s] GC(61) User=0.00s Sys=0.00s Real=0.00s
[2025-06-28T00:22:14.896+0200][3.693s] GC(62) Pause Young (Concurrent Start) (G1 Evacuation Pause)
[2025-06-28T00:22:14.896+0200][3.693s] GC(62) Using 2 workers of 10 for evacuation
[2025-06-28T00:22:14.898+0200][3.695s] GC(62)   Pre Evacuate Collection Set: 0.2ms
[2025-06-28T00:22:14.898+0200][3.695s] GC(62)   Merge Heap Roots: 0.1ms
[2025-06-28T00:22:14.898+0200][3.695s] GC(62)   Evacuate Collection Set: 1.4ms
[2025-06-28T00:22:14.898+0200][3.695s] GC(62)   Post Evacuate Collection Set: 0.3ms
[2025-06-28T00:22:14.898+0200][3.695s] GC(62)   Other: 0.1ms
[2025-06-28T00:22:14.898+0200][3.695s] GC(62) Eden regions: 6->0(6)
[2025-06-28T00:22:14.898+0200][3.695s] GC(62) Survivor regions: 1->1(1)
[2025-06-28T00:22:14.898+0200][3.695s] GC(62) Old regions: 11->11
[2025-06-28T00:22:14.898+0200][3.695s] GC(62) Humongous regions: 0->0
[2025-06-28T00:22:14.898+0200][3.695s] GC(62) Metaspace: 20170K(20544K)->20170K(20544K) NonClass: 17723K(17920K)->17723K(17920K) Class: 2446K(2624K)->2446K(2624K)
[2025-06-28T00:22:14.898+0200][3.695s] GC(62) Pause Young (Concurrent Start) (G1 Evacuation Pause) 16M->11M(20M) 2.363ms
[2025-06-28T00:22:14.899+0200][3.695s] GC(62) User=0.00s Sys=0.00s Real=0.00s
[2025-06-28T00:22:14.899+0200][3.695s] GC(63) Concurrent Mark Cycle
[2025-06-28T00:22:14.899+0200][3.695s] GC(63) Concurrent Scan Root Regions
[2025-06-28T00:22:14.899+0200][3.696s] GC(63) Concurrent Scan Root Regions 0.749ms
[2025-06-28T00:22:14.899+0200][3.696s] GC(63) Concurrent Mark
[2025-06-28T00:22:14.899+0200][3.696s] GC(63) Concurrent Mark From Roots
[2025-06-28T00:22:14.899+0200][3.696s] GC(63) Using 3 workers of 3 for marking
[2025-06-28T00:22:14.908+0200][3.705s] GC(63) Concurrent Mark From Roots 8.497ms
[2025-06-28T00:22:14.908+0200][3.705s] GC(63) Concurrent Preclean
[2025-06-28T00:22:14.908+0200][3.705s] GC(63) Concurrent Preclean 0.091ms
[2025-06-28T00:22:14.908+0200][3.705s] GC(63) Pause Remark
[2025-06-28T00:22:14.912+0200][3.709s] GC(63) Pause Remark 11M->11M(22M) 4.033ms
[2025-06-28T00:22:14.912+0200][3.709s] GC(63) User=0.00s Sys=0.00s Real=0.00s
[2025-06-28T00:22:14.912+0200][3.709s] GC(63) Concurrent Mark 13.049ms
[2025-06-28T00:22:14.913+0200][3.709s] GC(63) Concurrent Rebuild Remembered Sets and Scrub Regions
[2025-06-28T00:22:14.916+0200][3.713s] GC(63) Concurrent Rebuild Remembered Sets and Scrub Regions 3.488ms
[2025-06-28T00:22:14.917+0200][3.713s] GC(63) Pause Cleanup
[2025-06-28T00:22:14.917+0200][3.713s] GC(63) Pause Cleanup 12M->12M(22M) 0.130ms
[2025-06-28T00:22:14.917+0200][3.714s] GC(63) User=0.00s Sys=0.00s Real=0.00s
[2025-06-28T00:22:14.917+0200][3.714s] GC(63) Concurrent Clear Claimed Marks
[2025-06-28T00:22:14.917+0200][3.714s] GC(63) Concurrent Clear Claimed Marks 0.076ms
[2025-06-28T00:22:14.917+0200][3.714s] GC(63) Concurrent Cleanup for Next Mark
[2025-06-28T00:22:14.917+0200][3.714s] GC(63) Concurrent Cleanup for Next Mark 0.117ms
[2025-06-28T00:22:14.917+0200][3.714s] GC(63) Concurrent Mark Cycle 18.564ms
[2025-06-28T00:22:14.992+0200][3.789s] GC(64) Pause Young (Normal) (G1 Evacuation Pause)
[2025-06-28T00:22:14.992+0200][3.789s] GC(64) Using 2 workers of 10 for evacuation
[2025-06-28T00:22:14.995+0200][3.792s] GC(64)   Pre Evacuate Collection Set: 0.2ms
[2025-06-28T00:22:14.995+0200][3.792s] GC(64)   Merge Heap Roots: 0.1ms
[2025-06-28T00:22:14.995+0200][3.792s] GC(64)   Evacuate Collection Set: 2.0ms
[2025-06-28T00:22:14.995+0200][3.792s] GC(64)   Post Evacuate Collection Set: 0.5ms
[2025-06-28T00:22:14.995+0200][3.792s] GC(64)   Other: 0.1ms
[2025-06-28T00:22:14.995+0200][3.792s] GC(64) Eden regions: 6->0(7)
[2025-06-28T00:22:14.995+0200][3.792s] GC(64) Survivor regions: 1->1(1)
[2025-06-28T00:22:14.995+0200][3.792s] GC(64) Old regions: 11->11
[2025-06-28T00:22:14.995+0200][3.792s] GC(64) Humongous regions: 0->0
[2025-06-28T00:22:14.996+0200][3.792s] GC(64) Metaspace: 20343K(20800K)->20343K(20800K) NonClass: 17872K(18112K)->17872K(18112K) Class: 2471K(2688K)->2471K(2688K)
[2025-06-28T00:22:14.996+0200][3.792s] GC(64) Pause Young (Normal) (G1 Evacuation Pause) 17M->11M(22M) 3.160ms
[2025-06-28T00:22:14.996+0200][3.792s] GC(64) User=0.06s Sys=0.00s Real=0.00s
[2025-06-28T00:22:15.067+0200][3.863s] GC(65) Pause Young (Concurrent Start) (G1 Evacuation Pause)
[2025-06-28T00:22:15.067+0200][3.863s] GC(65) Using 2 workers of 10 for evacuation
[2025-06-28T00:22:15.070+0200][3.866s] GC(65)   Pre Evacuate Collection Set: 0.2ms
[2025-06-28T00:22:15.070+0200][3.866s] GC(65)   Merge Heap Roots: 0.1ms
[2025-06-28T00:22:15.070+0200][3.866s] GC(65)   Evacuate Collection Set: 2.1ms
[2025-06-28T00:22:15.070+0200][3.866s] GC(65)   Post Evacuate Collection Set: 0.5ms
[2025-06-28T00:22:15.070+0200][3.866s] GC(65)   Other: 0.2ms
[2025-06-28T00:22:15.070+0200][3.866s] GC(65) Eden regions: 7->0(7)
[2025-06-28T00:22:15.070+0200][3.866s] GC(65) Survivor regions: 1->1(1)
[2025-06-28T00:22:15.070+0200][3.866s] GC(65) Old regions: 11->11
[2025-06-28T00:22:15.070+0200][3.866s] GC(65) Humongous regions: 0->0
[2025-06-28T00:22:15.070+0200][3.866s] GC(65) Metaspace: 20443K(20864K)->20443K(20864K) NonClass: 17957K(18176K)->17957K(18176K) Class: 2485K(2688K)->2485K(2688K)
[2025-06-28T00:22:15.070+0200][3.866s] GC(65) Pause Young (Concurrent Start) (G1 Evacuation Pause) 18M->11M(22M) 3.334ms
[2025-06-28T00:22:15.070+0200][3.866s] GC(65) User=0.00s Sys=0.00s Real=0.00s
[2025-06-28T00:22:15.070+0200][3.866s] GC(66) Concurrent Mark Cycle
[2025-06-28T00:22:15.070+0200][3.867s] GC(66) Concurrent Scan Root Regions
[2025-06-28T00:22:15.071+0200][3.868s] GC(66) Concurrent Scan Root Regions 1.008ms
[2025-06-28T00:22:15.071+0200][3.868s] GC(66) Concurrent Mark
[2025-06-28T00:22:15.071+0200][3.868s] GC(66) Concurrent Mark From Roots
[2025-06-28T00:22:15.071+0200][3.868s] GC(66) Using 3 workers of 3 for marking
[2025-06-28T00:22:15.079+0200][3.876s] GC(66) Concurrent Mark From Roots 8.303ms
[2025-06-28T00:22:15.079+0200][3.876s] GC(66) Concurrent Preclean
[2025-06-28T00:22:15.079+0200][3.876s] GC(66) Concurrent Preclean 0.063ms
[2025-06-28T00:22:15.079+0200][3.876s] GC(66) Pause Remark
[2025-06-28T00:22:15.083+0200][3.879s] GC(66) Pause Remark 13M->13M(22M) 3.189ms
[2025-06-28T00:22:15.083+0200][3.879s] GC(66) User=0.00s Sys=0.00s Real=0.00s
[2025-06-28T00:22:15.083+0200][3.880s] GC(66) Concurrent Mark 11.994ms
[2025-06-28T00:22:15.083+0200][3.880s] GC(66) Concurrent Rebuild Remembered Sets and Scrub Regions
[2025-06-28T00:22:15.086+0200][3.883s] GC(66) Concurrent Rebuild Remembered Sets and Scrub Regions 2.988ms
[2025-06-28T00:22:15.086+0200][3.883s] GC(66) Pause Cleanup
[2025-06-28T00:22:15.086+0200][3.883s] GC(66) Pause Cleanup 13M->13M(22M) 0.126ms
[2025-06-28T00:22:15.086+0200][3.883s] GC(66) User=0.00s Sys=0.00s Real=0.00s
[2025-06-28T00:22:15.086+0200][3.883s] GC(66) Concurrent Clear Claimed Marks
[2025-06-28T00:22:15.086+0200][3.883s] GC(66) Concurrent Clear Claimed Marks 0.055ms
[2025-06-28T00:22:15.086+0200][3.883s] GC(66) Concurrent Cleanup for Next Mark
[2025-06-28T00:22:15.086+0200][3.883s] GC(66) Concurrent Cleanup for Next Mark 0.085ms
[2025-06-28T00:22:15.086+0200][3.883s] GC(66) Concurrent Mark Cycle 16.684ms
[2025-06-28T00:22:15.132+0200][3.929s] GC(67) Pause Young (Normal) (G1 Evacuation Pause)
[2025-06-28T00:22:15.132+0200][3.929s] GC(67) Using 2 workers of 10 for evacuation
[2025-06-28T00:22:15.135+0200][3.931s] GC(67)   Pre Evacuate Collection Set: 0.1ms
[2025-06-28T00:22:15.135+0200][3.931s] GC(67)   Merge Heap Roots: 0.0ms
[2025-06-28T00:22:15.135+0200][3.931s] GC(67)   Evacuate Collection Set: 2.3ms
[2025-06-28T00:22:15.135+0200][3.931s] GC(67)   Post Evacuate Collection Set: 0.3ms
[2025-06-28T00:22:15.135+0200][3.931s] GC(67)   Other: 0.0ms
[2025-06-28T00:22:15.135+0200][3.931s] GC(67) Eden regions: 7->0(7)
[2025-06-28T00:22:15.135+0200][3.931s] GC(67) Survivor regions: 1->1(1)
[2025-06-28T00:22:15.135+0200][3.931s] GC(67) Old regions: 11->11
[2025-06-28T00:22:15.135+0200][3.931s] GC(67) Humongous regions: 0->0
[2025-06-28T00:22:15.135+0200][3.931s] GC(67) Metaspace: 20797K(21184K)->20797K(21184K) NonClass: 18266K(18496K)->18266K(18496K) Class: 2531K(2688K)->2531K(2688K)
[2025-06-28T00:22:15.135+0200][3.932s] GC(67) Pause Young (Normal) (G1 Evacuation Pause) 18M->11M(22M) 2.989ms
[2025-06-28T00:22:15.135+0200][3.932s] GC(67) User=0.00s Sys=0.00s Real=0.00s
[2025-06-28T00:22:15.212+0200][4.009s] GC(68) Pause Young (Concurrent Start) (G1 Evacuation Pause)
[2025-06-28T00:22:15.213+0200][4.009s] GC(68) Using 2 workers of 10 for evacuation
[2025-06-28T00:22:15.217+0200][4.013s] GC(68)   Pre Evacuate Collection Set: 0.3ms
[2025-06-28T00:22:15.217+0200][4.013s] GC(68)   Merge Heap Roots: 0.1ms
[2025-06-28T00:22:15.217+0200][4.014s] GC(68)   Evacuate Collection Set: 3.1ms
[2025-06-28T00:22:15.217+0200][4.014s] GC(68)   Post Evacuate Collection Set: 0.6ms
[2025-06-28T00:22:15.217+0200][4.014s] GC(68)   Other: 0.2ms
[2025-06-28T00:22:15.217+0200][4.014s] GC(68) Eden regions: 7->0(6)
[2025-06-28T00:22:15.217+0200][4.014s] GC(68) Survivor regions: 1->1(1)
[2025-06-28T00:22:15.217+0200][4.014s] GC(68) Old regions: 11->12
[2025-06-28T00:22:15.217+0200][4.014s] GC(68) Humongous regions: 0->0
[2025-06-28T00:22:15.217+0200][4.014s] GC(68) Metaspace: 21191K(21568K)->21191K(21568K) NonClass: 18612K(18816K)->18612K(18816K) Class: 2578K(2752K)->2578K(2752K)
[2025-06-28T00:22:15.217+0200][4.014s] GC(68) Pause Young (Concurrent Start) (G1 Evacuation Pause) 18M->11M(22M) 4.487ms
[2025-06-28T00:22:15.217+0200][4.014s] GC(68) User=0.02s Sys=0.03s Real=0.01s
[2025-06-28T00:22:15.217+0200][4.014s] GC(69) Concurrent Mark Cycle
[2025-06-28T00:22:15.217+0200][4.014s] GC(69) Concurrent Scan Root Regions
[2025-06-28T00:22:15.218+0200][4.015s] GC(69) Concurrent Scan Root Regions 1.231ms
[2025-06-28T00:22:15.218+0200][4.015s] GC(69) Concurrent Mark
[2025-06-28T00:22:15.218+0200][4.015s] GC(69) Concurrent Mark From Roots
[2025-06-28T00:22:15.218+0200][4.015s] GC(69) Using 3 workers of 3 for marking
[2025-06-28T00:22:15.226+0200][4.023s] GC(69) Concurrent Mark From Roots 7.728ms
[2025-06-28T00:22:15.226+0200][4.023s] GC(69) Concurrent Preclean
[2025-06-28T00:22:15.226+0200][4.023s] GC(69) Concurrent Preclean 0.046ms
[2025-06-28T00:22:15.226+0200][4.023s] GC(69) Pause Remark
[2025-06-28T00:22:15.230+0200][4.027s] GC(69) Pause Remark 12M->12M(22M) 3.777ms
[2025-06-28T00:22:15.230+0200][4.027s] GC(69) User=0.05s Sys=0.00s Real=0.00s
[2025-06-28T00:22:15.230+0200][4.027s] GC(69) Concurrent Mark 11.947ms
[2025-06-28T00:22:15.230+0200][4.027s] GC(69) Concurrent Rebuild Remembered Sets and Scrub Regions
[2025-06-28T00:22:15.234+0200][4.030s] GC(69) Concurrent Rebuild Remembered Sets and Scrub Regions 3.174ms
[2025-06-28T00:22:15.234+0200][4.030s] GC(69) Pause Cleanup
[2025-06-28T00:22:15.234+0200][4.031s] GC(69) Pause Cleanup 12M->12M(22M) 0.174ms
[2025-06-28T00:22:15.234+0200][4.031s] GC(69) User=0.00s Sys=0.00s Real=0.00s
[2025-06-28T00:22:15.234+0200][4.031s] GC(69) Concurrent Clear Claimed Marks
[2025-06-28T00:22:15.234+0200][4.031s] GC(69) Concurrent Clear Claimed Marks 0.064ms
[2025-06-28T00:22:15.234+0200][4.031s] GC(69) Concurrent Cleanup for Next Mark
[2025-06-28T00:22:15.234+0200][4.031s] GC(69) Concurrent Cleanup for Next Mark 0.171ms
[2025-06-28T00:22:15.234+0200][4.031s] GC(69) Concurrent Mark Cycle 17.343ms
[2025-06-28T00:22:15.303+0200][4.099s] GC(70) Pause Young (Prepare Mixed) (G1 Evacuation Pause)
[2025-06-28T00:22:15.303+0200][4.099s] GC(70) Using 2 workers of 10 for evacuation
[2025-06-28T00:22:15.306+0200][4.103s] GC(70)   Pre Evacuate Collection Set: 0.2ms
[2025-06-28T00:22:15.306+0200][4.103s] GC(70)   Merge Heap Roots: 0.1ms
[2025-06-28T00:22:15.306+0200][4.103s] GC(70)   Evacuate Collection Set: 2.8ms
[2025-06-28T00:22:15.306+0200][4.103s] GC(70)   Post Evacuate Collection Set: 0.5ms
[2025-06-28T00:22:15.306+0200][4.103s] GC(70)   Other: 0.1ms
[2025-06-28T00:22:15.306+0200][4.103s] GC(70) Eden regions: 6->0(6)
[2025-06-28T00:22:15.306+0200][4.103s] GC(70) Survivor regions: 1->1(1)
[2025-06-28T00:22:15.306+0200][4.103s] GC(70) Old regions: 12->12
[2025-06-28T00:22:15.306+0200][4.103s] GC(70) Humongous regions: 0->0
[2025-06-28T00:22:15.306+0200][4.103s] GC(70) Metaspace: 21483K(21888K)->21483K(21888K) NonClass: 18866K(19072K)->18866K(19072K) Class: 2617K(2816K)->2617K(2816K)
[2025-06-28T00:22:15.306+0200][4.103s] GC(70) Pause Young (Prepare Mixed) (G1 Evacuation Pause) 17M->12M(22M) 4.007ms
[2025-06-28T00:22:15.306+0200][4.103s] GC(70) User=0.00s Sys=0.00s Real=0.00s
[2025-06-28T00:22:15.392+0200][4.188s] GC(71) Pause Young (Mixed) (G1 Evacuation Pause)
[2025-06-28T00:22:15.392+0200][4.188s] GC(71) Using 2 workers of 10 for evacuation
[2025-06-28T00:22:15.396+0200][4.192s] GC(71)   Pre Evacuate Collection Set: 0.2ms
[2025-06-28T00:22:15.396+0200][4.192s] GC(71)   Merge Heap Roots: 0.1ms
[2025-06-28T00:22:15.396+0200][4.192s] GC(71)   Evacuate Collection Set: 2.9ms
[2025-06-28T00:22:15.396+0200][4.192s] GC(71)   Post Evacuate Collection Set: 0.6ms
[2025-06-28T00:22:15.396+0200][4.192s] GC(71)   Other: 0.1ms
[2025-06-28T00:22:15.396+0200][4.192s] GC(71) Eden regions: 6->0(6)
[2025-06-28T00:22:15.396+0200][4.192s] GC(71) Survivor regions: 1->1(1)
[2025-06-28T00:22:15.396+0200][4.192s] GC(71) Old regions: 12->12
[2025-06-28T00:22:15.396+0200][4.192s] GC(71) Humongous regions: 0->0
[2025-06-28T00:22:15.396+0200][4.192s] GC(71) Metaspace: 21960K(22336K)->21960K(22336K) NonClass: 19295K(19520K)->19295K(19520K) Class: 2665K(2816K)->2665K(2816K)
[2025-06-28T00:22:15.396+0200][4.192s] GC(71) Pause Young (Mixed) (G1 Evacuation Pause) 18M->11M(22M) 4.260ms
[2025-06-28T00:22:15.396+0200][4.192s] GC(71) User=0.00s Sys=0.00s Real=0.00s
[2025-06-28T00:22:15.518+0200][4.314s] GC(72) Pause Young (Concurrent Start) (G1 Evacuation Pause)
[2025-06-28T00:22:15.518+0200][4.314s] GC(72) Using 2 workers of 10 for evacuation
[2025-06-28T00:22:15.520+0200][4.317s] GC(72)   Pre Evacuate Collection Set: 0.2ms
[2025-06-28T00:22:15.520+0200][4.317s] GC(72)   Merge Heap Roots: 0.1ms
[2025-06-28T00:22:15.520+0200][4.317s] GC(72)   Evacuate Collection Set: 1.5ms
[2025-06-28T00:22:15.520+0200][4.317s] GC(72)   Post Evacuate Collection Set: 0.5ms
[2025-06-28T00:22:15.520+0200][4.317s] GC(72)   Other: 0.1ms
[2025-06-28T00:22:15.520+0200][4.317s] GC(72) Eden regions: 6->0(6)
[2025-06-28T00:22:15.520+0200][4.317s] GC(72) Survivor regions: 1->1(1)
[2025-06-28T00:22:15.520+0200][4.317s] GC(72) Old regions: 12->12
[2025-06-28T00:22:15.520+0200][4.317s] GC(72) Humongous regions: 0->0
[2025-06-28T00:22:15.520+0200][4.317s] GC(72) Metaspace: 22339K(22720K)->22339K(22720K) NonClass: 19635K(19840K)->19635K(19840K) Class: 2704K(2880K)->2704K(2880K)
[2025-06-28T00:22:15.520+0200][4.317s] GC(72) Pause Young (Concurrent Start) (G1 Evacuation Pause) 17M->11M(22M) 2.530ms
[2025-06-28T00:22:15.520+0200][4.317s] GC(72) User=0.00s Sys=0.00s Real=0.00s
[2025-06-28T00:22:15.520+0200][4.317s] GC(73) Concurrent Mark Cycle
[2025-06-28T00:22:15.520+0200][4.317s] GC(73) Concurrent Scan Root Regions
[2025-06-28T00:22:15.522+0200][4.319s] GC(73) Concurrent Scan Root Regions 1.524ms
[2025-06-28T00:22:15.522+0200][4.319s] GC(73) Concurrent Mark
[2025-06-28T00:22:15.522+0200][4.319s] GC(73) Concurrent Mark From Roots
[2025-06-28T00:22:15.522+0200][4.319s] GC(73) Using 3 workers of 3 for marking
[2025-06-28T00:22:15.531+0200][4.327s] GC(73) Concurrent Mark From Roots 8.679ms
[2025-06-28T00:22:15.531+0200][4.327s] GC(73) Concurrent Preclean
[2025-06-28T00:22:15.531+0200][4.327s] GC(73) Concurrent Preclean 0.105ms
[2025-06-28T00:22:15.531+0200][4.328s] GC(73) Pause Remark
[2025-06-28T00:22:15.535+0200][4.331s] GC(73) Pause Remark 12M->12M(22M) 3.577ms
[2025-06-28T00:22:15.535+0200][4.331s] GC(73) User=0.00s Sys=0.00s Real=0.00s
[2025-06-28T00:22:15.535+0200][4.332s] GC(73) Concurrent Mark 13.000ms
[2025-06-28T00:22:15.535+0200][4.332s] GC(73) Concurrent Rebuild Remembered Sets and Scrub Regions
[2025-06-28T00:22:15.538+0200][4.335s] GC(73) Concurrent Rebuild Remembered Sets and Scrub Regions 3.537ms
[2025-06-28T00:22:15.540+0200][4.335s] GC(73) Pause Cleanup
[2025-06-28T00:22:15.540+0200][4.336s] GC(73) Pause Cleanup 12M->12M(22M) 0.235ms
[2025-06-28T00:22:15.540+0200][4.336s] GC(73) User=0.00s Sys=0.00s Real=0.00s
[2025-06-28T00:22:15.540+0200][4.336s] GC(73) Concurrent Clear Claimed Marks
[2025-06-28T00:22:15.540+0200][4.336s] GC(73) Concurrent Clear Claimed Marks 0.069ms
[2025-06-28T00:22:15.540+0200][4.336s] GC(73) Concurrent Cleanup for Next Mark
[2025-06-28T00:22:15.540+0200][4.336s] GC(73) Concurrent Cleanup for Next Mark 0.183ms
[2025-06-28T00:22:15.540+0200][4.336s] GC(73) Concurrent Mark Cycle 19.276ms
[2025-06-28T00:22:15.617+0200][4.413s] GC(74) Pause Young (Normal) (G1 Evacuation Pause)
[2025-06-28T00:22:15.617+0200][4.413s] GC(74) Using 2 workers of 10 for evacuation
[2025-06-28T00:22:15.620+0200][4.416s] GC(74)   Pre Evacuate Collection Set: 0.2ms
[2025-06-28T00:22:15.620+0200][4.416s] GC(74)   Merge Heap Roots: 0.1ms
[2025-06-28T00:22:15.620+0200][4.416s] GC(74)   Evacuate Collection Set: 1.7ms
[2025-06-28T00:22:15.620+0200][4.416s] GC(74)   Post Evacuate Collection Set: 0.6ms
[2025-06-28T00:22:15.620+0200][4.416s] GC(74)   Other: 0.1ms
[2025-06-28T00:22:15.620+0200][4.416s] GC(74) Eden regions: 6->0(6)
[2025-06-28T00:22:15.620+0200][4.416s] GC(74) Survivor regions: 1->1(1)
[2025-06-28T00:22:15.620+0200][4.416s] GC(74) Old regions: 12->12
[2025-06-28T00:22:15.620+0200][4.416s] GC(74) Humongous regions: 0->0
[2025-06-28T00:22:15.620+0200][4.416s] GC(74) Metaspace: 22630K(23040K)->22630K(23040K) NonClass: 19891K(20096K)->19891K(20096K) Class: 2738K(2944K)->2738K(2944K)
[2025-06-28T00:22:15.620+0200][4.416s] GC(74) Pause Young (Normal) (G1 Evacuation Pause) 17M->11M(22M) 3.063ms
[2025-06-28T00:22:15.620+0200][4.416s] GC(74) User=0.02s Sys=0.00s Real=0.00s
[2025-06-28T00:22:15.741+0200][4.538s] GC(75) Pause Young (Concurrent Start) (G1 Evacuation Pause)
[2025-06-28T00:22:15.741+0200][4.538s] GC(75) Using 2 workers of 10 for evacuation
[2025-06-28T00:22:15.745+0200][4.542s] GC(75)   Pre Evacuate Collection Set: 0.3ms
[2025-06-28T00:22:15.745+0200][4.542s] GC(75)   Merge Heap Roots: 0.1ms
[2025-06-28T00:22:15.745+0200][4.542s] GC(75)   Evacuate Collection Set: 1.9ms
[2025-06-28T00:22:15.745+0200][4.542s] GC(75)   Post Evacuate Collection Set: 0.8ms
[2025-06-28T00:22:15.745+0200][4.542s] GC(75)   Other: 0.2ms
[2025-06-28T00:22:15.745+0200][4.542s] GC(75) Eden regions: 6->0(6)
[2025-06-28T00:22:15.745+0200][4.542s] GC(75) Survivor regions: 1->1(1)
[2025-06-28T00:22:15.745+0200][4.542s] GC(75) Old regions: 12->12
[2025-06-28T00:22:15.745+0200][4.542s] GC(75) Humongous regions: 0->0
[2025-06-28T00:22:15.745+0200][4.542s] GC(75) Metaspace: 22947K(23296K)->22947K(23296K) NonClass: 20167K(20352K)->20167K(20352K) Class: 2779K(2944K)->2779K(2944K)
[2025-06-28T00:22:15.745+0200][4.542s] GC(75) Pause Young (Concurrent Start) (G1 Evacuation Pause) 17M->12M(22M) 3.673ms
[2025-06-28T00:22:15.745+0200][4.542s] GC(75) User=0.02s Sys=0.00s Real=0.00s
[2025-06-28T00:22:15.745+0200][4.542s] GC(76) Concurrent Mark Cycle
[2025-06-28T00:22:15.745+0200][4.542s] GC(76) Concurrent Scan Root Regions
[2025-06-28T00:22:15.747+0200][4.543s] GC(76) Concurrent Scan Root Regions 1.546ms
[2025-06-28T00:22:15.747+0200][4.543s] GC(76) Concurrent Mark
[2025-06-28T00:22:15.747+0200][4.544s] GC(76) Concurrent Mark From Roots
[2025-06-28T00:22:15.747+0200][4.544s] GC(76) Using 3 workers of 3 for marking
[2025-06-28T00:22:15.757+0200][4.553s] GC(76) Concurrent Mark From Roots 9.841ms
[2025-06-28T00:22:15.757+0200][4.553s] GC(76) Concurrent Preclean
[2025-06-28T00:22:15.757+0200][4.554s] GC(76) Concurrent Preclean 0.079ms
[2025-06-28T00:22:15.757+0200][4.554s] GC(76) Pause Remark
[2025-06-28T00:22:15.762+0200][4.558s] GC(76) Pause Remark 12M->12M(22M) 4.760ms
[2025-06-28T00:22:15.763+0200][4.558s] GC(76) User=0.05s Sys=0.00s Real=0.01s
[2025-06-28T00:22:15.763+0200][4.559s] GC(76) Concurrent Mark 15.118ms
[2025-06-28T00:22:15.763+0200][4.559s] GC(76) Concurrent Rebuild Remembered Sets and Scrub Regions
[2025-06-28T00:22:15.765+0200][4.562s] GC(76) Concurrent Rebuild Remembered Sets and Scrub Regions 3.387ms
[2025-06-28T00:22:15.765+0200][4.562s] GC(76) Pause Cleanup
[2025-06-28T00:22:15.767+0200][4.563s] GC(76) Pause Cleanup 12M->12M(22M) 0.281ms
[2025-06-28T00:22:15.767+0200][4.563s] GC(76) User=0.00s Sys=0.00s Real=0.00s
[2025-06-28T00:22:15.767+0200][4.563s] GC(76) Concurrent Clear Claimed Marks
[2025-06-28T00:22:15.767+0200][4.563s] GC(76) Concurrent Clear Claimed Marks 0.065ms
[2025-06-28T00:22:15.767+0200][4.563s] GC(76) Concurrent Cleanup for Next Mark
[2025-06-28T00:22:15.767+0200][4.563s] GC(76) Concurrent Cleanup for Next Mark 0.183ms
[2025-06-28T00:22:15.767+0200][4.563s] GC(76) Concurrent Mark Cycle 21.113ms
[2025-06-28T00:22:15.838+0200][4.634s] GC(77) Pause Young (Normal) (G1 Evacuation Pause)
[2025-06-28T00:22:15.838+0200][4.634s] GC(77) Using 2 workers of 10 for evacuation
[2025-06-28T00:22:15.841+0200][4.637s] GC(77)   Pre Evacuate Collection Set: 0.2ms
[2025-06-28T00:22:15.841+0200][4.637s] GC(77)   Merge Heap Roots: 0.0ms
[2025-06-28T00:22:15.841+0200][4.637s] GC(77)   Evacuate Collection Set: 1.9ms
[2025-06-28T00:22:15.841+0200][4.637s] GC(77)   Post Evacuate Collection Set: 0.5ms
[2025-06-28T00:22:15.841+0200][4.637s] GC(77)   Other: 0.1ms
[2025-06-28T00:22:15.841+0200][4.637s] GC(77) Eden regions: 6->0(6)
[2025-06-28T00:22:15.841+0200][4.637s] GC(77) Survivor regions: 1->1(1)
[2025-06-28T00:22:15.841+0200][4.637s] GC(77) Old regions: 12->12
[2025-06-28T00:22:15.841+0200][4.637s] GC(77) Humongous regions: 0->0
[2025-06-28T00:22:15.841+0200][4.637s] GC(77) Metaspace: 23426K(23808K)->23426K(23808K) NonClass: 20578K(20800K)->20578K(20800K) Class: 2847K(3008K)->2847K(3008K)
[2025-06-28T00:22:15.841+0200][4.637s] GC(77) Pause Young (Normal) (G1 Evacuation Pause) 18M->12M(22M) 2.928ms
[2025-06-28T00:22:15.841+0200][4.637s] GC(77) User=0.02s Sys=0.02s Real=0.00s
[2025-06-28T00:22:15.926+0200][4.722s] GC(78) Pause Young (Concurrent Start) (G1 Evacuation Pause)
[2025-06-28T00:22:15.926+0200][4.722s] GC(78) Using 2 workers of 10 for evacuation
[2025-06-28T00:22:15.930+0200][4.726s] GC(78)   Pre Evacuate Collection Set: 0.1ms
[2025-06-28T00:22:15.930+0200][4.726s] GC(78)   Merge Heap Roots: 0.1ms
[2025-06-28T00:22:15.930+0200][4.726s] GC(78)   Evacuate Collection Set: 2.0ms
[2025-06-28T00:22:15.930+0200][4.726s] GC(78)   Post Evacuate Collection Set: 1.1ms
[2025-06-28T00:22:15.930+0200][4.726s] GC(78)   Other: 0.8ms
[2025-06-28T00:22:15.930+0200][4.726s] GC(78) Eden regions: 6->0(6)
[2025-06-28T00:22:15.930+0200][4.726s] GC(78) Survivor regions: 1->1(1)
[2025-06-28T00:22:15.930+0200][4.726s] GC(78) Old regions: 12->12
[2025-06-28T00:22:15.930+0200][4.726s] GC(78) Humongous regions: 0->0
[2025-06-28T00:22:15.930+0200][4.726s] GC(78) Metaspace: 23897K(24256K)->23897K(24256K) NonClass: 20979K(21184K)->20979K(21184K) Class: 2918K(3072K)->2918K(3072K)
[2025-06-28T00:22:15.930+0200][4.726s] GC(78) Pause Young (Concurrent Start) (G1 Evacuation Pause) 18M->12M(22M) 4.524ms
[2025-06-28T00:22:15.930+0200][4.726s] GC(78) User=0.00s Sys=0.00s Real=0.00s
[2025-06-28T00:22:15.930+0200][4.726s] GC(79) Concurrent Mark Cycle
[2025-06-28T00:22:15.931+0200][4.727s] GC(79) Concurrent Scan Root Regions
[2025-06-28T00:22:15.932+0200][4.728s] GC(79) Concurrent Scan Root Regions 1.804ms
[2025-06-28T00:22:15.932+0200][4.728s] GC(79) Concurrent Mark
[2025-06-28T00:22:15.932+0200][4.728s] GC(79) Concurrent Mark From Roots
[2025-06-28T00:22:15.932+0200][4.728s] GC(79) Using 3 workers of 3 for marking
[2025-06-28T00:22:15.943+0200][4.739s] GC(79) Concurrent Mark From Roots 10.623ms
[2025-06-28T00:22:15.943+0200][4.739s] GC(79) Concurrent Preclean
[2025-06-28T00:22:15.943+0200][4.739s] GC(79) Concurrent Preclean 0.132ms
[2025-06-28T00:22:15.943+0200][4.739s] GC(79) Pause Remark
[2025-06-28T00:22:15.948+0200][4.744s] GC(79) Pause Remark 13M->13M(22M) 4.507ms
[2025-06-28T00:22:15.948+0200][4.744s] GC(79) User=0.00s Sys=0.00s Real=0.00s
[2025-06-28T00:22:15.948+0200][4.744s] GC(79) Concurrent Mark 15.830ms
[2025-06-28T00:22:15.948+0200][4.744s] GC(79) Concurrent Rebuild Remembered Sets and Scrub Regions
[2025-06-28T00:22:15.952+0200][4.748s] GC(79) Concurrent Rebuild Remembered Sets and Scrub Regions 3.925ms
[2025-06-28T00:22:15.952+0200][4.748s] GC(79) Pause Cleanup
[2025-06-28T00:22:15.953+0200][4.749s] GC(79) Pause Cleanup 13M->13M(22M) 0.173ms
[2025-06-28T00:22:15.953+0200][4.749s] GC(79) User=0.00s Sys=0.00s Real=0.00s
[2025-06-28T00:22:15.953+0200][4.749s] GC(79) Concurrent Clear Claimed Marks
[2025-06-28T00:22:15.953+0200][4.749s] GC(79) Concurrent Clear Claimed Marks 0.051ms
[2025-06-28T00:22:15.953+0200][4.749s] GC(79) Concurrent Cleanup for Next Mark
[2025-06-28T00:22:15.953+0200][4.749s] GC(79) Concurrent Cleanup for Next Mark 0.065ms
[2025-06-28T00:22:15.953+0200][4.749s] GC(79) Concurrent Mark Cycle 22.433ms
[2025-06-28T00:22:16.061+0200][4.858s] GC(80) Pause Young (Normal) (G1 Evacuation Pause)
[2025-06-28T00:22:16.061+0200][4.858s] GC(80) Using 2 workers of 10 for evacuation
[2025-06-28T00:22:16.065+0200][4.862s] GC(80)   Pre Evacuate Collection Set: 0.2ms
[2025-06-28T00:22:16.065+0200][4.862s] GC(80)   Merge Heap Roots: 0.1ms
[2025-06-28T00:22:16.065+0200][4.862s] GC(80)   Evacuate Collection Set: 2.5ms
[2025-06-28T00:22:16.065+0200][4.862s] GC(80)   Post Evacuate Collection Set: 0.7ms
[2025-06-28T00:22:16.065+0200][4.862s] GC(80)   Other: 0.2ms
[2025-06-28T00:22:16.065+0200][4.862s] GC(80) Eden regions: 6->0(5)
[2025-06-28T00:22:16.065+0200][4.862s] GC(80) Survivor regions: 1->1(1)
[2025-06-28T00:22:16.065+0200][4.862s] GC(80) Old regions: 12->13
[2025-06-28T00:22:16.065+0200][4.862s] GC(80) Humongous regions: 0->0
[2025-06-28T00:22:16.065+0200][4.862s] GC(80) Metaspace: 24145K(24576K)->24145K(24576K) NonClass: 21193K(21440K)->21193K(21440K) Class: 2952K(3136K)->2952K(3136K)
[2025-06-28T00:22:16.065+0200][4.862s] GC(80) Pause Young (Normal) (G1 Evacuation Pause) 18M->12M(22M) 4.239ms
[2025-06-28T00:22:16.066+0200][4.862s] GC(80) User=0.00s Sys=0.00s Real=0.00s
[2025-06-28T00:22:16.131+0200][4.927s] GC(81) Pause Young (Concurrent Start) (G1 Evacuation Pause)
[2025-06-28T00:22:16.131+0200][4.928s] GC(81) Using 2 workers of 10 for evacuation
[2025-06-28T00:22:16.134+0200][4.931s] GC(81)   Pre Evacuate Collection Set: 0.3ms
[2025-06-28T00:22:16.134+0200][4.931s] GC(81)   Merge Heap Roots: 0.1ms
[2025-06-28T00:22:16.134+0200][4.931s] GC(81)   Evacuate Collection Set: 2.0ms
[2025-06-28T00:22:16.134+0200][4.931s] GC(81)   Post Evacuate Collection Set: 0.4ms
[2025-06-28T00:22:16.134+0200][4.931s] GC(81)   Other: 0.2ms
[2025-06-28T00:22:16.134+0200][4.931s] GC(81) Eden regions: 5->0(5)
[2025-06-28T00:22:16.134+0200][4.931s] GC(81) Survivor regions: 1->1(1)
[2025-06-28T00:22:16.134+0200][4.931s] GC(81) Old regions: 13->13
[2025-06-28T00:22:16.134+0200][4.931s] GC(81) Humongous regions: 0->0
[2025-06-28T00:22:16.134+0200][4.931s] GC(81) Metaspace: 24289K(24704K)->24289K(24704K) NonClass: 21313K(21568K)->21313K(21568K) Class: 2975K(3136K)->2975K(3136K)
[2025-06-28T00:22:16.135+0200][4.931s] GC(81) Pause Young (Concurrent Start) (G1 Evacuation Pause) 17M->12M(22M) 3.236ms
[2025-06-28T00:22:16.135+0200][4.931s] GC(81) User=0.00s Sys=0.00s Real=0.00s
[2025-06-28T00:22:16.135+0200][4.931s] GC(82) Concurrent Mark Cycle
[2025-06-28T00:22:16.135+0200][4.931s] GC(82) Concurrent Scan Root Regions
[2025-06-28T00:22:16.136+0200][4.932s] GC(82) Concurrent Scan Root Regions 0.878ms
[2025-06-28T00:22:16.136+0200][4.932s] GC(82) Concurrent Mark
[2025-06-28T00:22:16.136+0200][4.932s] GC(82) Concurrent Mark From Roots
[2025-06-28T00:22:16.136+0200][4.932s] GC(82) Using 3 workers of 3 for marking
[2025-06-28T00:22:16.146+0200][4.943s] GC(82) Concurrent Mark From Roots 10.774ms
[2025-06-28T00:22:16.146+0200][4.943s] GC(82) Concurrent Preclean
[2025-06-28T00:22:16.147+0200][4.943s] GC(82) Concurrent Preclean 0.118ms
[2025-06-28T00:22:16.147+0200][4.943s] GC(82) Pause Remark
[2025-06-28T00:22:16.151+0200][4.947s] GC(82) Pause Remark 13M->13M(22M) 4.027ms
[2025-06-28T00:22:16.151+0200][4.947s] GC(82) User=0.00s Sys=0.00s Real=0.00s
[2025-06-28T00:22:16.151+0200][4.947s] GC(82) Concurrent Mark 15.316ms
[2025-06-28T00:22:16.151+0200][4.947s] GC(82) Concurrent Rebuild Remembered Sets and Scrub Regions
[2025-06-28T00:22:16.155+0200][4.951s] GC(82) Concurrent Rebuild Remembered Sets and Scrub Regions 4.045ms
[2025-06-28T00:22:16.155+0200][4.951s] GC(82) Pause Cleanup
[2025-06-28T00:22:16.155+0200][4.951s] GC(82) Pause Cleanup 14M->14M(22M) 0.144ms
[2025-06-28T00:22:16.155+0200][4.952s] GC(82) User=0.00s Sys=0.00s Real=0.00s
[2025-06-28T00:22:16.155+0200][4.952s] GC(82) Concurrent Clear Claimed Marks
[2025-06-28T00:22:16.156+0200][4.952s] GC(82) Concurrent Clear Claimed Marks 0.066ms
[2025-06-28T00:22:16.156+0200][4.952s] GC(82) Concurrent Cleanup for Next Mark
[2025-06-28T00:22:16.156+0200][4.952s] GC(82) Concurrent Cleanup for Next Mark 0.135ms
[2025-06-28T00:22:16.156+0200][4.952s] GC(82) Concurrent Mark Cycle 21.222ms
[2025-06-28T00:22:16.225+0200][5.021s] GC(83) Pause Young (Normal) (G1 Evacuation Pause)
[2025-06-28T00:22:16.225+0200][5.022s] GC(83) Using 2 workers of 10 for evacuation
[2025-06-28T00:22:16.228+0200][5.024s] GC(83)   Pre Evacuate Collection Set: 0.2ms
[2025-06-28T00:22:16.228+0200][5.025s] GC(83)   Merge Heap Roots: 0.1ms
[2025-06-28T00:22:16.228+0200][5.025s] GC(83)   Evacuate Collection Set: 2.1ms
[2025-06-28T00:22:16.228+0200][5.025s] GC(83)   Post Evacuate Collection Set: 0.5ms
[2025-06-28T00:22:16.228+0200][5.025s] GC(83)   Other: 0.1ms
[2025-06-28T00:22:16.228+0200][5.025s] GC(83) Eden regions: 5->0(5)
[2025-06-28T00:22:16.228+0200][5.025s] GC(83) Survivor regions: 1->1(1)
[2025-06-28T00:22:16.228+0200][5.025s] GC(83) Old regions: 13->13
[2025-06-28T00:22:16.228+0200][5.025s] GC(83) Humongous regions: 0->0
[2025-06-28T00:22:16.228+0200][5.025s] GC(83) Metaspace: 24506K(24960K)->24506K(24960K) NonClass: 21501K(21760K)->21501K(21760K) Class: 3005K(3200K)->3005K(3200K)
[2025-06-28T00:22:16.228+0200][5.025s] GC(83) Pause Young (Normal) (G1 Evacuation Pause) 17M->13M(22M) 3.227ms
[2025-06-28T00:22:16.228+0200][5.025s] GC(83) User=0.00s Sys=0.00s Real=0.00s
[2025-06-28T00:22:16.306+0200][5.102s] GC(84) Pause Young (Concurrent Start) (G1 Evacuation Pause)
[2025-06-28T00:22:16.306+0200][5.102s] GC(84) Using 2 workers of 10 for evacuation
[2025-06-28T00:22:16.309+0200][5.106s] GC(84)   Pre Evacuate Collection Set: 0.3ms
[2025-06-28T00:22:16.309+0200][5.106s] GC(84)   Merge Heap Roots: 0.2ms
[2025-06-28T00:22:16.309+0200][5.106s] GC(84)   Evacuate Collection Set: 2.1ms
[2025-06-28T00:22:16.309+0200][5.106s] GC(84)   Post Evacuate Collection Set: 0.5ms
[2025-06-28T00:22:16.309+0200][5.106s] GC(84)   Other: 0.2ms
[2025-06-28T00:22:16.309+0200][5.106s] GC(84) Eden regions: 5->0(5)
[2025-06-28T00:22:16.309+0200][5.106s] GC(84) Survivor regions: 1->1(1)
[2025-06-28T00:22:16.309+0200][5.106s] GC(84) Old regions: 13->13
[2025-06-28T00:22:16.309+0200][5.106s] GC(84) Humongous regions: 0->0
[2025-06-28T00:22:16.309+0200][5.106s] GC(84) Metaspace: 24817K(25152K)->24817K(25152K) NonClass: 21770K(21952K)->21770K(21952K) Class: 3046K(3200K)->3046K(3200K)
[2025-06-28T00:22:16.309+0200][5.106s] GC(84) Pause Young (Concurrent Start) (G1 Evacuation Pause) 18M->13M(22M) 3.556ms
[2025-06-28T00:22:16.309+0200][5.106s] GC(84) User=0.05s Sys=0.02s Real=0.00s
[2025-06-28T00:22:16.309+0200][5.106s] GC(85) Concurrent Mark Cycle
[2025-06-28T00:22:16.309+0200][5.106s] GC(85) Concurrent Scan Root Regions
[2025-06-28T00:22:16.311+0200][5.108s] GC(85) Concurrent Scan Root Regions 1.519ms
[2025-06-28T00:22:16.311+0200][5.108s] GC(85) Concurrent Mark
[2025-06-28T00:22:16.311+0200][5.108s] GC(85) Concurrent Mark From Roots
[2025-06-28T00:22:16.311+0200][5.108s] GC(85) Using 3 workers of 3 for marking
[2025-06-28T00:22:16.321+0200][5.118s] GC(85) Concurrent Mark From Roots 10.645ms
[2025-06-28T00:22:16.321+0200][5.118s] GC(85) Concurrent Preclean
[2025-06-28T00:22:16.322+0200][5.118s] GC(85) Concurrent Preclean 0.053ms
[2025-06-28T00:22:16.322+0200][5.118s] GC(85) Pause Remark
[2025-06-28T00:22:16.326+0200][5.123s] GC(85) Pause Remark 13M->13M(22M) 4.062ms
[2025-06-28T00:22:16.326+0200][5.123s] GC(85) User=0.03s Sys=0.03s Real=0.00s
[2025-06-28T00:22:16.326+0200][5.123s] GC(85) Concurrent Mark 15.234ms
[2025-06-28T00:22:16.326+0200][5.123s] GC(85) Concurrent Rebuild Remembered Sets and Scrub Regions
[2025-06-28T00:22:16.330+0200][5.127s] GC(85) Concurrent Rebuild Remembered Sets and Scrub Regions 4.127ms
[2025-06-28T00:22:16.330+0200][5.127s] GC(85) Pause Cleanup
[2025-06-28T00:22:16.331+0200][5.127s] GC(85) Pause Cleanup 14M->14M(22M) 0.117ms
[2025-06-28T00:22:16.331+0200][5.127s] GC(85) User=0.00s Sys=0.00s Real=0.00s
[2025-06-28T00:22:16.331+0200][5.128s] GC(85) Concurrent Clear Claimed Marks
[2025-06-28T00:22:16.331+0200][5.128s] GC(85) Concurrent Clear Claimed Marks 0.058ms
[2025-06-28T00:22:16.331+0200][5.128s] GC(85) Concurrent Cleanup for Next Mark
[2025-06-28T00:22:16.331+0200][5.128s] GC(85) Concurrent Cleanup for Next Mark 0.094ms
[2025-06-28T00:22:16.331+0200][5.128s] GC(85) Concurrent Mark Cycle 21.872ms
[2025-06-28T00:22:16.385+0200][5.182s] GC(86) Pause Young (Normal) (G1 Evacuation Pause)
[2025-06-28T00:22:16.385+0200][5.182s] GC(86) Using 2 workers of 10 for evacuation
[2025-06-28T00:22:16.388+0200][5.185s] GC(86)   Pre Evacuate Collection Set: 0.1ms
[2025-06-28T00:22:16.388+0200][5.185s] GC(86)   Merge Heap Roots: 0.1ms
[2025-06-28T00:22:16.388+0200][5.185s] GC(86)   Evacuate Collection Set: 2.5ms
[2025-06-28T00:22:16.388+0200][5.185s] GC(86)   Post Evacuate Collection Set: 0.4ms
[2025-06-28T00:22:16.388+0200][5.185s] GC(86)   Other: 0.1ms
[2025-06-28T00:22:16.388+0200][5.185s] GC(86) Eden regions: 5->0(5)
[2025-06-28T00:22:16.388+0200][5.185s] GC(86) Survivor regions: 1->1(1)
[2025-06-28T00:22:16.388+0200][5.185s] GC(86) Old regions: 13->13
[2025-06-28T00:22:16.388+0200][5.185s] GC(86) Humongous regions: 0->0
[2025-06-28T00:22:16.388+0200][5.185s] GC(86) Metaspace: 25194K(25600K)->25194K(25600K) NonClass: 22093K(22336K)->22093K(22336K) Class: 3100K(3264K)->3100K(3264K)
[2025-06-28T00:22:16.388+0200][5.185s] GC(86) Pause Young (Normal) (G1 Evacuation Pause) 18M->13M(22M) 3.376ms
[2025-06-28T00:22:16.388+0200][5.185s] GC(86) User=0.00s Sys=0.00s Real=0.00s
[2025-06-28T00:22:16.452+0200][5.248s] GC(87) Pause Young (Concurrent Start) (G1 Evacuation Pause)
[2025-06-28T00:22:16.452+0200][5.248s] GC(87) Using 2 workers of 10 for evacuation
[2025-06-28T00:22:16.455+0200][5.251s] GC(87)   Pre Evacuate Collection Set: 0.2ms
[2025-06-28T00:22:16.455+0200][5.251s] GC(87)   Merge Heap Roots: 0.1ms
[2025-06-28T00:22:16.455+0200][5.251s] GC(87)   Evacuate Collection Set: 1.6ms
[2025-06-28T00:22:16.455+0200][5.251s] GC(87)   Post Evacuate Collection Set: 0.5ms
[2025-06-28T00:22:16.455+0200][5.251s] GC(87)   Other: 0.2ms
[2025-06-28T00:22:16.455+0200][5.251s] GC(87) Eden regions: 5->0(4)
[2025-06-28T00:22:16.455+0200][5.251s] GC(87) Survivor regions: 1->1(1)
[2025-06-28T00:22:16.455+0200][5.251s] GC(87) Old regions: 13->14
[2025-06-28T00:22:16.455+0200][5.251s] GC(87) Humongous regions: 0->0
[2025-06-28T00:22:16.455+0200][5.251s] GC(87) Metaspace: 25643K(26048K)->25643K(26048K) NonClass: 22504K(22720K)->22504K(22720K) Class: 3139K(3328K)->3139K(3328K)
[2025-06-28T00:22:16.455+0200][5.251s] GC(87) Pause Young (Concurrent Start) (G1 Evacuation Pause) 18M->13M(22M) 2.880ms
[2025-06-28T00:22:16.455+0200][5.251s] GC(87) User=0.00s Sys=0.00s Real=0.00s
[2025-06-28T00:22:16.455+0200][5.251s] GC(88) Concurrent Mark Cycle
[2025-06-28T00:22:16.455+0200][5.251s] GC(88) Concurrent Scan Root Regions
[2025-06-28T00:22:16.456+0200][5.252s] GC(88) Concurrent Scan Root Regions 0.941ms
[2025-06-28T00:22:16.456+0200][5.252s] GC(88) Concurrent Mark
[2025-06-28T00:22:16.456+0200][5.252s] GC(88) Concurrent Mark From Roots
[2025-06-28T00:22:16.456+0200][5.252s] GC(88) Using 3 workers of 3 for marking
[2025-06-28T00:22:16.466+0200][5.263s] GC(88) Concurrent Mark From Roots 10.633ms
[2025-06-28T00:22:16.466+0200][5.263s] GC(88) Concurrent Preclean
[2025-06-28T00:22:16.466+0200][5.263s] GC(88) Concurrent Preclean 0.075ms
[2025-06-28T00:22:16.466+0200][5.263s] GC(88) Pause Remark
[2025-06-28T00:22:16.471+0200][5.268s] GC(88) Pause Remark 13M->13M(22M) 4.505ms
[2025-06-28T00:22:16.471+0200][5.268s] GC(88) User=0.00s Sys=0.00s Real=0.00s
[2025-06-28T00:22:16.471+0200][5.268s] GC(88) Concurrent Mark 15.669ms
[2025-06-28T00:22:16.471+0200][5.268s] GC(88) Concurrent Rebuild Remembered Sets and Scrub Regions
[2025-06-28T00:22:16.477+0200][5.273s] GC(88) Concurrent Rebuild Remembered Sets and Scrub Regions 4.684ms
[2025-06-28T00:22:16.477+0200][5.273s] GC(88) Pause Cleanup
[2025-06-28T00:22:16.477+0200][5.273s] GC(88) Pause Cleanup 14M->14M(22M) 0.175ms
[2025-06-28T00:22:16.477+0200][5.273s] GC(88) User=0.00s Sys=0.00s Real=0.00s
[2025-06-28T00:22:16.477+0200][5.273s] GC(88) Concurrent Clear Claimed Marks
[2025-06-28T00:22:16.477+0200][5.273s] GC(88) Concurrent Clear Claimed Marks 0.061ms
[2025-06-28T00:22:16.477+0200][5.273s] GC(88) Concurrent Cleanup for Next Mark
[2025-06-28T00:22:16.477+0200][5.273s] GC(88) Concurrent Cleanup for Next Mark 0.099ms
[2025-06-28T00:22:16.477+0200][5.273s] GC(88) Concurrent Mark Cycle 22.153ms
[2025-06-28T00:22:16.546+0200][5.341s] GC(89) Pause Young (Prepare Mixed) (G1 Evacuation Pause)
[2025-06-28T00:22:16.546+0200][5.342s] GC(89) Using 2 workers of 10 for evacuation
[2025-06-28T00:22:16.549+0200][5.345s] GC(89)   Pre Evacuate Collection Set: 0.3ms
[2025-06-28T00:22:16.549+0200][5.345s] GC(89)   Merge Heap Roots: 0.1ms
[2025-06-28T00:22:16.549+0200][5.345s] GC(89)   Evacuate Collection Set: 2.0ms
[2025-06-28T00:22:16.549+0200][5.345s] GC(89)   Post Evacuate Collection Set: 1.0ms
[2025-06-28T00:22:16.549+0200][5.345s] GC(89)   Other: 0.1ms
[2025-06-28T00:22:16.549+0200][5.345s] GC(89) Eden regions: 4->0(4)
[2025-06-28T00:22:16.549+0200][5.345s] GC(89) Survivor regions: 1->1(1)
[2025-06-28T00:22:16.549+0200][5.345s] GC(89) Old regions: 14->14
[2025-06-28T00:22:16.549+0200][5.345s] GC(89) Humongous regions: 0->0
[2025-06-28T00:22:16.549+0200][5.345s] GC(89) Metaspace: 25850K(26240K)->25850K(26240K) NonClass: 22683K(22912K)->22683K(22912K) Class: 3166K(3328K)->3166K(3328K)
[2025-06-28T00:22:16.549+0200][5.345s] GC(89) Pause Young (Prepare Mixed) (G1 Evacuation Pause) 17M->13M(22M) 3.939ms
[2025-06-28T00:22:16.549+0200][5.345s] GC(89) User=0.00s Sys=0.00s Real=0.00s
[2025-06-28T00:22:16.646+0200][5.443s] GC(90) Pause Young (Mixed) (G1 Evacuation Pause)
[2025-06-28T00:22:16.647+0200][5.443s] GC(90) Using 2 workers of 10 for evacuation
[2025-06-28T00:22:16.654+0200][5.450s] GC(90)   Pre Evacuate Collection Set: 0.2ms
[2025-06-28T00:22:16.654+0200][5.450s] GC(90)   Merge Heap Roots: 0.1ms
[2025-06-28T00:22:16.654+0200][5.450s] GC(90)   Evacuate Collection Set: 5.8ms
[2025-06-28T00:22:16.654+0200][5.450s] GC(90)   Post Evacuate Collection Set: 0.5ms
[2025-06-28T00:22:16.654+0200][5.450s] GC(90)   Other: 0.1ms
[2025-06-28T00:22:16.654+0200][5.450s] GC(90) Eden regions: 4->0(4)
[2025-06-28T00:22:16.654+0200][5.450s] GC(90) Survivor regions: 1->1(1)
[2025-06-28T00:22:16.654+0200][5.450s] GC(90) Old regions: 14->14
[2025-06-28T00:22:16.654+0200][5.450s] GC(90) Humongous regions: 0->0
[2025-06-28T00:22:16.654+0200][5.450s] GC(90) Metaspace: 26175K(26624K)->26175K(26624K) NonClass: 22966K(23232K)->22966K(23232K) Class: 3209K(3392K)->3209K(3392K)
[2025-06-28T00:22:16.654+0200][5.450s] GC(90) Pause Young (Mixed) (G1 Evacuation Pause) 17M->14M(22M) 7.088ms
[2025-06-28T00:22:16.654+0200][5.450s] GC(90) User=0.03s Sys=0.02s Real=0.01s
[2025-06-28T00:22:16.719+0200][5.515s] GC(91) Pause Young (Concurrent Start) (G1 Evacuation Pause)
[2025-06-28T00:22:16.719+0200][5.515s] GC(91) Using 2 workers of 10 for evacuation
[2025-06-28T00:22:16.723+0200][5.520s] GC(91)   Pre Evacuate Collection Set: 0.2ms
[2025-06-28T00:22:16.723+0200][5.520s] GC(91)   Merge Heap Roots: 0.1ms
[2025-06-28T00:22:16.723+0200][5.520s] GC(91)   Evacuate Collection Set: 2.9ms
[2025-06-28T00:22:16.723+0200][5.520s] GC(91)   Post Evacuate Collection Set: 0.9ms
[2025-06-28T00:22:16.723+0200][5.520s] GC(91)   Other: 0.1ms
[2025-06-28T00:22:16.723+0200][5.520s] GC(91) Eden regions: 4->0(4)
[2025-06-28T00:22:16.723+0200][5.520s] GC(91) Survivor regions: 1->1(1)
[2025-06-28T00:22:16.723+0200][5.520s] GC(91) Old regions: 14->14
[2025-06-28T00:22:16.723+0200][5.520s] GC(91) Humongous regions: 0->0
[2025-06-28T00:22:16.723+0200][5.520s] GC(91) Metaspace: 26424K(26880K)->26424K(26880K) NonClass: 23170K(23424K)->23170K(23424K) Class: 3254K(3456K)->3254K(3456K)
[2025-06-28T00:22:16.723+0200][5.520s] GC(91) Pause Young (Concurrent Start) (G1 Evacuation Pause) 18M->14M(22M) 4.652ms
[2025-06-28T00:22:16.723+0200][5.520s] GC(91) User=0.00s Sys=0.00s Real=0.00s
[2025-06-28T00:22:16.723+0200][5.520s] GC(92) Concurrent Mark Cycle
[2025-06-28T00:22:16.723+0200][5.520s] GC(92) Concurrent Scan Root Regions
[2025-06-28T00:22:16.724+0200][5.521s] GC(92) Concurrent Scan Root Regions 0.987ms
[2025-06-28T00:22:16.724+0200][5.521s] GC(92) Concurrent Mark
[2025-06-28T00:22:16.724+0200][5.521s] GC(92) Concurrent Mark From Roots
[2025-06-28T00:22:16.724+0200][5.521s] GC(92) Using 3 workers of 3 for marking
[2025-06-28T00:22:16.737+0200][5.533s] GC(92) Concurrent Mark From Roots 11.585ms
[2025-06-28T00:22:16.737+0200][5.533s] GC(92) Concurrent Preclean
[2025-06-28T00:22:16.737+0200][5.533s] GC(92) Concurrent Preclean 0.118ms
[2025-06-28T00:22:16.737+0200][5.533s] GC(92) Pause Remark
[2025-06-28T00:22:16.743+0200][5.540s] GC(92) Pause Remark 14M->14M(22M) 6.562ms
[2025-06-28T00:22:16.743+0200][5.540s] GC(92) User=0.00s Sys=0.00s Real=0.01s
[2025-06-28T00:22:16.743+0200][5.540s] GC(92) Concurrent Mark 18.783ms
[2025-06-28T00:22:16.743+0200][5.540s] GC(92) Concurrent Rebuild Remembered Sets and Scrub Regions
[2025-06-28T00:22:16.750+0200][5.546s] GC(92) Concurrent Rebuild Remembered Sets and Scrub Regions 6.409ms
[2025-06-28T00:22:16.750+0200][5.546s] GC(92) Pause Cleanup
[2025-06-28T00:22:16.750+0200][5.547s] GC(92) Pause Cleanup 15M->15M(22M) 0.195ms
[2025-06-28T00:22:16.750+0200][5.547s] GC(92) User=0.00s Sys=0.00s Real=0.00s
[2025-06-28T00:22:16.750+0200][5.547s] GC(92) Concurrent Clear Claimed Marks
[2025-06-28T00:22:16.750+0200][5.547s] GC(92) Concurrent Clear Claimed Marks 0.085ms
[2025-06-28T00:22:16.750+0200][5.547s] GC(92) Concurrent Cleanup for Next Mark
[2025-06-28T00:22:16.751+0200][5.547s] GC(92) Concurrent Cleanup for Next Mark 0.145ms
[2025-06-28T00:22:16.751+0200][5.547s] GC(92) Concurrent Mark Cycle 27.216ms
[2025-06-28T00:22:16.788+0200][5.584s] GC(93) Pause Young (Prepare Mixed) (G1 Evacuation Pause)
[2025-06-28T00:22:16.788+0200][5.584s] GC(93) Using 2 workers of 10 for evacuation
[2025-06-28T00:22:16.791+0200][5.587s] GC(93)   Pre Evacuate Collection Set: 0.2ms
[2025-06-28T00:22:16.791+0200][5.587s] GC(93)   Merge Heap Roots: 0.1ms
[2025-06-28T00:22:16.791+0200][5.587s] GC(93)   Evacuate Collection Set: 2.2ms
[2025-06-28T00:22:16.791+0200][5.587s] GC(93)   Post Evacuate Collection Set: 0.4ms
[2025-06-28T00:22:16.791+0200][5.587s] GC(93)   Other: 0.1ms
[2025-06-28T00:22:16.791+0200][5.587s] GC(93) Eden regions: 4->0(3)
[2025-06-28T00:22:16.791+0200][5.587s] GC(93) Survivor regions: 1->1(1)
[2025-06-28T00:22:16.791+0200][5.587s] GC(93) Old regions: 14->15
[2025-06-28T00:22:16.791+0200][5.588s] GC(93) Humongous regions: 0->0
[2025-06-28T00:22:16.791+0200][5.588s] GC(93) Metaspace: 26611K(27072K)->26611K(27072K) NonClass: 23317K(23552K)->23317K(23552K) Class: 3293K(3520K)->3293K(3520K)
[2025-06-28T00:22:16.791+0200][5.588s] GC(93) Pause Young (Prepare Mixed) (G1 Evacuation Pause) 18M->14M(22M) 3.154ms
[2025-06-28T00:22:16.791+0200][5.588s] GC(93) User=0.00s Sys=0.00s Real=0.00s
[2025-06-28T00:22:16.832+0200][5.628s] GC(94) Pause Young (Mixed) (G1 Evacuation Pause)
[2025-06-28T00:22:16.832+0200][5.628s] GC(94) Using 2 workers of 10 for evacuation
[2025-06-28T00:22:16.836+0200][5.633s] GC(94)   Pre Evacuate Collection Set: 0.1ms
[2025-06-28T00:22:16.836+0200][5.633s] GC(94)   Merge Heap Roots: 0.2ms
[2025-06-28T00:22:16.836+0200][5.633s] GC(94)   Evacuate Collection Set: 3.4ms
[2025-06-28T00:22:16.836+0200][5.633s] GC(94)   Post Evacuate Collection Set: 1.1ms
[2025-06-28T00:22:16.836+0200][5.633s] GC(94)   Other: 0.1ms
[2025-06-28T00:22:16.836+0200][5.633s] GC(94) Eden regions: 3->0(4)
[2025-06-28T00:22:16.836+0200][5.633s] GC(94) Survivor regions: 1->1(1)
[2025-06-28T00:22:16.836+0200][5.633s] GC(94) Old regions: 15->14
[2025-06-28T00:22:16.836+0200][5.633s] GC(94) Humongous regions: 0->0
[2025-06-28T00:22:16.836+0200][5.633s] GC(94) Metaspace: 26760K(27200K)->26760K(27200K) NonClass: 23442K(23680K)->23442K(23680K) Class: 3318K(3520K)->3318K(3520K)
[2025-06-28T00:22:16.837+0200][5.633s] GC(94) Pause Young (Mixed) (G1 Evacuation Pause) 17M->14M(22M) 5.170ms
[2025-06-28T00:22:16.837+0200][5.633s] GC(94) User=0.00s Sys=0.00s Real=0.00s
[2025-06-28T00:22:16.944+0200][5.740s] GC(95) Pause Young (Concurrent Start) (G1 Evacuation Pause)
[2025-06-28T00:22:16.944+0200][5.740s] GC(95) Using 2 workers of 10 for evacuation
[2025-06-28T00:22:16.948+0200][5.743s] GC(95)   Pre Evacuate Collection Set: 0.4ms
[2025-06-28T00:22:16.948+0200][5.743s] GC(95)   Merge Heap Roots: 0.1ms
[2025-06-28T00:22:16.948+0200][5.743s] GC(95)   Evacuate Collection Set: 1.9ms
[2025-06-28T00:22:16.948+0200][5.744s] GC(95)   Post Evacuate Collection Set: 0.7ms
[2025-06-28T00:22:16.948+0200][5.744s] GC(95)   Other: 0.2ms
[2025-06-28T00:22:16.948+0200][5.744s] GC(95) Eden regions: 4->0(4)
[2025-06-28T00:22:16.948+0200][5.744s] GC(95) Survivor regions: 1->1(1)
[2025-06-28T00:22:16.948+0200][5.744s] GC(95) Old regions: 14->14
[2025-06-28T00:22:16.948+0200][5.744s] GC(95) Humongous regions: 0->0
[2025-06-28T00:22:16.948+0200][5.744s] GC(95) Metaspace: 27112K(27584K)->27112K(27584K) NonClass: 23749K(24000K)->23749K(24000K) Class: 3363K(3584K)->3363K(3584K)
[2025-06-28T00:22:16.948+0200][5.744s] GC(95) Pause Young (Concurrent Start) (G1 Evacuation Pause) 18M->14M(22M) 3.687ms
[2025-06-28T00:22:16.948+0200][5.744s] GC(95) User=0.00s Sys=0.00s Real=0.00s
[2025-06-28T00:22:16.948+0200][5.744s] GC(96) Concurrent Mark Cycle
[2025-06-28T00:22:16.948+0200][5.744s] GC(96) Concurrent Scan Root Regions
[2025-06-28T00:22:16.949+0200][5.745s] GC(96) Concurrent Scan Root Regions 1.346ms
[2025-06-28T00:22:16.949+0200][5.745s] GC(96) Concurrent Mark
[2025-06-28T00:22:16.949+0200][5.745s] GC(96) Concurrent Mark From Roots
[2025-06-28T00:22:16.949+0200][5.745s] GC(96) Using 3 workers of 3 for marking
[2025-06-28T00:22:16.965+0200][5.761s] GC(96) Concurrent Mark From Roots 15.287ms
[2025-06-28T00:22:16.965+0200][5.761s] GC(96) Concurrent Preclean
[2025-06-28T00:22:16.965+0200][5.761s] GC(96) Concurrent Preclean 0.273ms
[2025-06-28T00:22:16.965+0200][5.761s] GC(96) Pause Remark
[2025-06-28T00:22:16.972+0200][5.768s] GC(96) Pause Remark 15M->15M(22M) 6.229ms
[2025-06-28T00:22:16.972+0200][5.768s] GC(96) User=0.00s Sys=0.00s Real=0.01s
[2025-06-28T00:22:16.972+0200][5.768s] GC(96) Concurrent Mark 22.503ms
[2025-06-28T00:22:16.972+0200][5.768s] GC(96) Concurrent Rebuild Remembered Sets and Scrub Regions
[2025-06-28T00:22:16.977+0200][5.773s] GC(96) Concurrent Rebuild Remembered Sets and Scrub Regions 5.612ms
[2025-06-28T00:22:16.977+0200][5.774s] GC(96) Pause Cleanup
[2025-06-28T00:22:16.978+0200][5.774s] GC(96) Pause Cleanup 15M->15M(22M) 0.163ms
[2025-06-28T00:22:16.978+0200][5.774s] GC(96) User=0.00s Sys=0.00s Real=0.00s
[2025-06-28T00:22:16.978+0200][5.774s] GC(96) Concurrent Clear Claimed Marks
[2025-06-28T00:22:16.978+0200][5.774s] GC(96) Concurrent Clear Claimed Marks 0.100ms
[2025-06-28T00:22:16.978+0200][5.774s] GC(96) Concurrent Cleanup for Next Mark
[2025-06-28T00:22:16.978+0200][5.774s] GC(96) Concurrent Cleanup for Next Mark 0.130ms
[2025-06-28T00:22:16.978+0200][5.774s] GC(96) Concurrent Mark Cycle 30.646ms
[2025-06-28T00:22:17.038+0200][5.834s] GC(97) Pause Young (Prepare Mixed) (G1 Evacuation Pause)
[2025-06-28T00:22:17.038+0200][5.834s] GC(97) Using 2 workers of 10 for evacuation
[2025-06-28T00:22:17.041+0200][5.837s] GC(97)   Pre Evacuate Collection Set: 0.2ms
[2025-06-28T00:22:17.041+0200][5.837s] GC(97)   Merge Heap Roots: 0.1ms
[2025-06-28T00:22:17.041+0200][5.837s] GC(97)   Evacuate Collection Set: 2.1ms
[2025-06-28T00:22:17.041+0200][5.837s] GC(97)   Post Evacuate Collection Set: 0.5ms
[2025-06-28T00:22:17.041+0200][5.838s] GC(97)   Other: 0.1ms
[2025-06-28T00:22:17.041+0200][5.838s] GC(97) Eden regions: 4->0(4)
[2025-06-28T00:22:17.041+0200][5.838s] GC(97) Survivor regions: 1->1(1)
[2025-06-28T00:22:17.041+0200][5.838s] GC(97) Old regions: 14->14
[2025-06-28T00:22:17.041+0200][5.838s] GC(97) Humongous regions: 0->0
[2025-06-28T00:22:17.041+0200][5.838s] GC(97) Metaspace: 27518K(28032K)->27518K(28032K) NonClass: 24094K(24384K)->24094K(24384K) Class: 3424K(3648K)->3424K(3648K)
[2025-06-28T00:22:17.041+0200][5.838s] GC(97) Pause Young (Prepare Mixed) (G1 Evacuation Pause) 18M->14M(22M) 3.420ms
[2025-06-28T00:22:17.041+0200][5.838s] GC(97) User=0.00s Sys=0.00s Real=0.00s
[2025-06-28T00:22:17.127+0200][5.923s] GC(98) Pause Young (Mixed) (G1 Evacuation Pause)
[2025-06-28T00:22:17.127+0200][5.923s] GC(98) Using 2 workers of 10 for evacuation
[2025-06-28T00:22:17.132+0200][5.928s] GC(98)   Pre Evacuate Collection Set: 0.2ms
[2025-06-28T00:22:17.132+0200][5.928s] GC(98)   Merge Heap Roots: 0.1ms
[2025-06-28T00:22:17.132+0200][5.928s] GC(98)   Evacuate Collection Set: 4.0ms
[2025-06-28T00:22:17.132+0200][5.928s] GC(98)   Post Evacuate Collection Set: 0.4ms
[2025-06-28T00:22:17.132+0200][5.928s] GC(98)   Other: 0.1ms
[2025-06-28T00:22:17.132+0200][5.928s] GC(98) Eden regions: 4->0(4)
[2025-06-28T00:22:17.132+0200][5.928s] GC(98) Survivor regions: 1->1(1)
[2025-06-28T00:22:17.132+0200][5.929s] GC(98) Old regions: 14->14
[2025-06-28T00:22:17.132+0200][5.929s] GC(98) Humongous regions: 0->0
[2025-06-28T00:22:17.132+0200][5.929s] GC(98) Metaspace: 27920K(28416K)->27920K(28416K) NonClass: 24448K(24704K)->24448K(24704K) Class: 3472K(3712K)->3472K(3712K)
[2025-06-28T00:22:17.132+0200][5.929s] GC(98) Pause Young (Mixed) (G1 Evacuation Pause) 18M->14M(22M) 5.199ms
[2025-06-28T00:22:17.132+0200][5.929s] GC(98) User=0.00s Sys=0.00s Real=0.00s
[2025-06-28T00:22:17.251+0200][6.047s] GC(99) Pause Young (Concurrent Start) (G1 Evacuation Pause)
[2025-06-28T00:22:17.251+0200][6.047s] GC(99) Using 2 workers of 10 for evacuation
[2025-06-28T00:22:17.254+0200][6.051s] GC(99)   Pre Evacuate Collection Set: 0.1ms
[2025-06-28T00:22:17.255+0200][6.051s] GC(99)   Merge Heap Roots: 0.1ms
[2025-06-28T00:22:17.255+0200][6.051s] GC(99)   Evacuate Collection Set: 2.9ms
[2025-06-28T00:22:17.255+0200][6.051s] GC(99)   Post Evacuate Collection Set: 0.3ms
[2025-06-28T00:22:17.255+0200][6.051s] GC(99)   Other: 0.1ms
[2025-06-28T00:22:17.255+0200][6.051s] GC(99) Eden regions: 4->0(3)
[2025-06-28T00:22:17.255+0200][6.051s] GC(99) Survivor regions: 1->1(1)
[2025-06-28T00:22:17.255+0200][6.051s] GC(99) Old regions: 14->15
[2025-06-28T00:22:17.255+0200][6.051s] GC(99) Humongous regions: 0->0
[2025-06-28T00:22:17.255+0200][6.051s] GC(99) Metaspace: 28181K(28672K)->28181K(28672K) NonClass: 24660K(24896K)->24660K(24896K) Class: 3520K(3776K)->3520K(3776K)
[2025-06-28T00:22:17.255+0200][6.051s] GC(99) Pause Young (Concurrent Start) (G1 Evacuation Pause) 18M->15M(22M) 3.852ms
[2025-06-28T00:22:17.255+0200][6.051s] GC(99) User=0.00s Sys=0.00s Real=0.00s
[2025-06-28T00:22:17.255+0200][6.051s] GC(100) Concurrent Mark Cycle
[2025-06-28T00:22:17.255+0200][6.051s] GC(100) Concurrent Scan Root Regions
[2025-06-28T00:22:17.257+0200][6.053s] GC(100) Concurrent Scan Root Regions 1.107ms
[2025-06-28T00:22:17.257+0200][6.053s] GC(100) Concurrent Mark
[2025-06-28T00:22:17.257+0200][6.053s] GC(100) Concurrent Mark From Roots
[2025-06-28T00:22:17.257+0200][6.053s] GC(100) Using 3 workers of 3 for marking
[2025-06-28T00:22:17.270+0200][6.066s] GC(100) Concurrent Mark From Roots 13.378ms
[2025-06-28T00:22:17.270+0200][6.066s] GC(100) Concurrent Preclean
[2025-06-28T00:22:17.270+0200][6.066s] GC(100) Concurrent Preclean 0.083ms
[2025-06-28T00:22:17.270+0200][6.067s] GC(100) Pause Remark
[2025-06-28T00:22:17.275+0200][6.072s] GC(100) Pause Remark 15M->15M(22M) 5.463ms
[2025-06-28T00:22:17.275+0200][6.072s] GC(100) User=0.00s Sys=0.00s Real=0.01s
[2025-06-28T00:22:17.276+0200][6.072s] GC(100) Concurrent Mark 19.689ms
[2025-06-28T00:22:17.276+0200][6.072s] GC(100) Concurrent Rebuild Remembered Sets and Scrub Regions
[2025-06-28T00:22:17.282+0200][6.079s] GC(100) Concurrent Rebuild Remembered Sets and Scrub Regions 6.498ms
[2025-06-28T00:22:17.282+0200][6.079s] GC(100) Pause Cleanup
[2025-06-28T00:22:17.283+0200][6.079s] GC(100) Pause Cleanup 15M->15M(22M) 0.172ms
[2025-06-28T00:22:17.283+0200][6.080s] GC(100) User=0.00s Sys=0.00s Real=0.00s
[2025-06-28T00:22:17.283+0200][6.080s] GC(100) Concurrent Clear Claimed Marks
[2025-06-28T00:22:17.283+0200][6.080s] GC(100) Concurrent Clear Claimed Marks 0.137ms
[2025-06-28T00:22:17.283+0200][6.080s] GC(100) Concurrent Cleanup for Next Mark
[2025-06-28T00:22:17.284+0200][6.080s] GC(100) Concurrent Cleanup for Next Mark 0.100ms
[2025-06-28T00:22:17.284+0200][6.080s] GC(100) Concurrent Mark Cycle 28.986ms
[2025-06-28T00:22:17.360+0200][6.156s] GC(101) Pause Young (Prepare Mixed) (G1 Evacuation Pause)
[2025-06-28T00:22:17.360+0200][6.156s] GC(101) Using 2 workers of 10 for evacuation
[2025-06-28T00:22:17.364+0200][6.160s] GC(101)   Pre Evacuate Collection Set: 0.2ms
[2025-06-28T00:22:17.364+0200][6.160s] GC(101)   Merge Heap Roots: 0.1ms
[2025-06-28T00:22:17.364+0200][6.160s] GC(101)   Evacuate Collection Set: 2.5ms
[2025-06-28T00:22:17.364+0200][6.160s] GC(101)   Post Evacuate Collection Set: 0.5ms
[2025-06-28T00:22:17.364+0200][6.160s] GC(101)   Other: 0.1ms
[2025-06-28T00:22:17.364+0200][6.160s] GC(101) Eden regions: 3->0(3)
[2025-06-28T00:22:17.364+0200][6.160s] GC(101) Survivor regions: 1->1(1)
[2025-06-28T00:22:17.364+0200][6.160s] GC(101) Old regions: 15->15
[2025-06-28T00:22:17.364+0200][6.160s] GC(101) Humongous regions: 0->0
[2025-06-28T00:22:17.364+0200][6.160s] GC(101) Metaspace: 28428K(28864K)->28428K(28864K) NonClass: 24847K(25088K)->24847K(25088K) Class: 3581K(3776K)->3581K(3776K)
[2025-06-28T00:22:17.364+0200][6.160s] GC(101) Pause Young (Prepare Mixed) (G1 Evacuation Pause) 18M->15M(22M) 3.687ms
[2025-06-28T00:22:17.364+0200][6.160s] GC(101) User=0.00s Sys=0.00s Real=0.00s
[2025-06-28T00:22:17.449+0200][6.246s] GC(102) Pause Young (Mixed) (G1 Evacuation Pause)
[2025-06-28T00:22:17.450+0200][6.246s] GC(102) Using 2 workers of 10 for evacuation
[2025-06-28T00:22:17.454+0200][6.250s] GC(102)   Pre Evacuate Collection Set: 0.1ms
[2025-06-28T00:22:17.454+0200][6.250s] GC(102)   Merge Heap Roots: 0.1ms
[2025-06-28T00:22:17.454+0200][6.250s] GC(102)   Evacuate Collection Set: 3.4ms
[2025-06-28T00:22:17.454+0200][6.250s] GC(102)   Post Evacuate Collection Set: 0.4ms
[2025-06-28T00:22:17.454+0200][6.250s] GC(102)   Other: 0.1ms
[2025-06-28T00:22:17.454+0200][6.250s] GC(102) Eden regions: 3->0(3)
[2025-06-28T00:22:17.454+0200][6.250s] GC(102) Survivor regions: 1->1(1)
[2025-06-28T00:22:17.454+0200][6.250s] GC(102) Old regions: 15->15
[2025-06-28T00:22:17.454+0200][6.250s] GC(102) Humongous regions: 0->0
[2025-06-28T00:22:17.454+0200][6.250s] GC(102) Metaspace: 28550K(29056K)->28550K(29056K) NonClass: 24943K(25216K)->24943K(25216K) Class: 3606K(3840K)->3606K(3840K)
[2025-06-28T00:22:17.454+0200][6.250s] GC(102) Pause Young (Mixed) (G1 Evacuation Pause) 18M->15M(22M) 4.484ms
[2025-06-28T00:22:17.454+0200][6.250s] GC(102) User=0.00s Sys=0.00s Real=0.01s
[2025-06-28T00:22:17.566+0200][6.362s] GC(103) Pause Young (Concurrent Start) (G1 Evacuation Pause)
[2025-06-28T00:22:17.566+0200][6.362s] GC(103) Using 2 workers of 10 for evacuation
[2025-06-28T00:22:17.569+0200][6.365s] GC(103)   Pre Evacuate Collection Set: 0.2ms
[2025-06-28T00:22:17.570+0200][6.365s] GC(103)   Merge Heap Roots: 0.1ms
[2025-06-28T00:22:17.570+0200][6.365s] GC(103)   Evacuate Collection Set: 2.3ms
[2025-06-28T00:22:17.570+0200][6.365s] GC(103)   Post Evacuate Collection Set: 0.3ms
[2025-06-28T00:22:17.570+0200][6.365s] GC(103)   Other: 0.1ms
[2025-06-28T00:22:17.570+0200][6.365s] GC(103) Eden regions: 3->0(3)
[2025-06-28T00:22:17.570+0200][6.365s] GC(103) Survivor regions: 1->1(1)
[2025-06-28T00:22:17.570+0200][6.365s] GC(103) Old regions: 15->15
[2025-06-28T00:22:17.570+0200][6.366s] GC(103) Humongous regions: 0->0
[2025-06-28T00:22:17.570+0200][6.366s] GC(103) Metaspace: 29151K(29696K)->29151K(29696K) NonClass: 25477K(25792K)->25477K(25792K) Class: 3674K(3904K)->3674K(3904K)
[2025-06-28T00:22:17.570+0200][6.366s] GC(103) Pause Young (Concurrent Start) (G1 Evacuation Pause) 18M->15M(22M) 3.433ms
[2025-06-28T00:22:17.570+0200][6.366s] GC(103) User=0.00s Sys=0.00s Real=0.00s
[2025-06-28T00:22:17.570+0200][6.366s] GC(104) Concurrent Mark Cycle
[2025-06-28T00:22:17.570+0200][6.366s] GC(104) Concurrent Scan Root Regions
[2025-06-28T00:22:17.571+0200][6.367s] GC(104) Concurrent Scan Root Regions 0.979ms
[2025-06-28T00:22:17.571+0200][6.367s] GC(104) Concurrent Mark
[2025-06-28T00:22:17.571+0200][6.367s] GC(104) Concurrent Mark From Roots
[2025-06-28T00:22:17.571+0200][6.367s] GC(104) Using 3 workers of 3 for marking
[2025-06-28T00:22:17.584+0200][6.380s] GC(104) Concurrent Mark From Roots 13.230ms
[2025-06-28T00:22:17.584+0200][6.380s] GC(104) Concurrent Preclean
[2025-06-28T00:22:17.584+0200][6.380s] GC(104) Concurrent Preclean 0.068ms
[2025-06-28T00:22:17.584+0200][6.380s] GC(104) Pause Remark
[2025-06-28T00:22:17.593+0200][6.389s] GC(104) Pause Remark 15M->15M(22M) 8.999ms
[2025-06-28T00:22:17.593+0200][6.389s] GC(104) User=0.03s Sys=0.02s Real=0.01s
[2025-06-28T00:22:17.593+0200][6.390s] GC(104) Concurrent Mark 22.815ms
[2025-06-28T00:22:17.593+0200][6.390s] GC(104) Concurrent Rebuild Remembered Sets and Scrub Regions
[2025-06-28T00:22:17.599+0200][6.395s] GC(104) Concurrent Rebuild Remembered Sets and Scrub Regions 5.750ms
[2025-06-28T00:22:17.599+0200][6.396s] GC(104) Pause Cleanup
[2025-06-28T00:22:17.599+0200][6.396s] GC(104) Pause Cleanup 16M->16M(22M) 0.116ms
[2025-06-28T00:22:17.599+0200][6.396s] GC(104) User=0.00s Sys=0.00s Real=0.00s
[2025-06-28T00:22:17.600+0200][6.396s] GC(104) Concurrent Clear Claimed Marks
[2025-06-28T00:22:17.600+0200][6.396s] GC(104) Concurrent Clear Claimed Marks 0.088ms
[2025-06-28T00:22:17.600+0200][6.396s] GC(104) Concurrent Cleanup for Next Mark
[2025-06-28T00:22:17.600+0200][6.396s] GC(104) Concurrent Cleanup for Next Mark 0.129ms
[2025-06-28T00:22:17.600+0200][6.396s] GC(104) Concurrent Mark Cycle 30.592ms
[2025-06-28T00:22:17.650+0200][6.447s] GC(105) Pause Young (Prepare Mixed) (G1 Evacuation Pause)
[2025-06-28T00:22:17.651+0200][6.447s] GC(105) Using 2 workers of 10 for evacuation
[2025-06-28T00:22:17.653+0200][6.449s] GC(105)   Pre Evacuate Collection Set: 0.1ms
[2025-06-28T00:22:17.653+0200][6.449s] GC(105)   Merge Heap Roots: 0.1ms
[2025-06-28T00:22:17.653+0200][6.449s] GC(105)   Evacuate Collection Set: 1.6ms
[2025-06-28T00:22:17.653+0200][6.449s] GC(105)   Post Evacuate Collection Set: 0.4ms
[2025-06-28T00:22:17.653+0200][6.449s] GC(105)   Other: 0.1ms
[2025-06-28T00:22:17.653+0200][6.449s] GC(105) Eden regions: 3->0(3)
[2025-06-28T00:22:17.653+0200][6.449s] GC(105) Survivor regions: 1->1(1)
[2025-06-28T00:22:17.653+0200][6.449s] GC(105) Old regions: 15->15
[2025-06-28T00:22:17.653+0200][6.449s] GC(105) Humongous regions: 0->0
[2025-06-28T00:22:17.653+0200][6.449s] GC(105) Metaspace: 29505K(30080K)->29505K(30080K) NonClass: 25791K(26112K)->25791K(26112K) Class: 3714K(3968K)->3714K(3968K)
[2025-06-28T00:22:17.653+0200][6.449s] GC(105) Pause Young (Prepare Mixed) (G1 Evacuation Pause) 18M->15M(22M) 2.582ms
[2025-06-28T00:22:17.653+0200][6.449s] GC(105) User=0.02s Sys=0.02s Real=0.00s
[2025-06-28T00:22:17.690+0200][6.486s] GC(106) Pause Young (Mixed) (G1 Evacuation Pause)
[2025-06-28T00:22:17.690+0200][6.486s] GC(106) Using 2 workers of 10 for evacuation
[2025-06-28T00:22:17.697+0200][6.493s] GC(106)   Pre Evacuate Collection Set: 0.1ms
[2025-06-28T00:22:17.697+0200][6.493s] GC(106)   Merge Heap Roots: 0.1ms
[2025-06-28T00:22:17.697+0200][6.493s] GC(106)   Evacuate Collection Set: 4.9ms
[2025-06-28T00:22:17.697+0200][6.493s] GC(106)   Post Evacuate Collection Set: 1.2ms
[2025-06-28T00:22:17.697+0200][6.493s] GC(106)   Other: 0.1ms
[2025-06-28T00:22:17.697+0200][6.493s] GC(106) Eden regions: 3->0(3)
[2025-06-28T00:22:17.697+0200][6.493s] GC(106) Survivor regions: 1->1(1)
[2025-06-28T00:22:17.697+0200][6.493s] GC(106) Old regions: 15->15
[2025-06-28T00:22:17.697+0200][6.493s] GC(106) Humongous regions: 0->0
[2025-06-28T00:22:17.697+0200][6.493s] GC(106) Metaspace: 29862K(30336K)->29862K(30336K) NonClass: 26118K(26368K)->26118K(26368K) Class: 3743K(3968K)->3743K(3968K)
[2025-06-28T00:22:17.697+0200][6.493s] GC(106) Pause Young (Mixed) (G1 Evacuation Pause) 18M->15M(22M) 6.724ms
[2025-06-28T00:22:17.697+0200][6.493s] GC(106) User=0.00s Sys=0.00s Real=0.01s
[2025-06-28T00:22:17.785+0200][6.582s] GC(107) Pause Young (Concurrent Start) (G1 Evacuation Pause)
[2025-06-28T00:22:17.786+0200][6.582s] GC(107) Using 2 workers of 10 for evacuation
[2025-06-28T00:22:17.789+0200][6.586s] GC(107)   Pre Evacuate Collection Set: 0.9ms
[2025-06-28T00:22:17.789+0200][6.586s] GC(107)   Merge Heap Roots: 0.1ms
[2025-06-28T00:22:17.789+0200][6.586s] GC(107)   Evacuate Collection Set: 2.3ms
[2025-06-28T00:22:17.789+0200][6.586s] GC(107)   Post Evacuate Collection Set: 0.4ms
[2025-06-28T00:22:17.789+0200][6.586s] GC(107)   Other: 0.1ms
[2025-06-28T00:22:17.789+0200][6.586s] GC(107) Eden regions: 3->0(2)
[2025-06-28T00:22:17.790+0200][6.586s] GC(107) Survivor regions: 1->1(1)
[2025-06-28T00:22:17.790+0200][6.586s] GC(107) Old regions: 15->16
[2025-06-28T00:22:17.790+0200][6.586s] GC(107) Humongous regions: 0->0
[2025-06-28T00:22:17.790+0200][6.586s] GC(107) Metaspace: 30209K(30656K)->30209K(30656K) NonClass: 26426K(26688K)->26426K(26688K) Class: 3782K(3968K)->3782K(3968K)
[2025-06-28T00:22:17.790+0200][6.586s] GC(107) Pause Young (Concurrent Start) (G1 Evacuation Pause) 18M->15M(22M) 4.234ms
[2025-06-28T00:22:17.790+0200][6.586s] GC(107) User=0.00s Sys=0.00s Real=0.00s
[2025-06-28T00:22:17.790+0200][6.586s] GC(108) Concurrent Mark Cycle
[2025-06-28T00:22:17.790+0200][6.586s] GC(108) Concurrent Scan Root Regions
[2025-06-28T00:22:17.792+0200][6.588s] GC(108) Concurrent Scan Root Regions 1.995ms
[2025-06-28T00:22:17.792+0200][6.588s] GC(108) Concurrent Mark
[2025-06-28T00:22:17.792+0200][6.588s] GC(108) Concurrent Mark From Roots
[2025-06-28T00:22:17.792+0200][6.588s] GC(108) Using 3 workers of 3 for marking
[2025-06-28T00:22:17.809+0200][6.605s] GC(108) Concurrent Mark From Roots 16.915ms
[2025-06-28T00:22:17.809+0200][6.605s] GC(108) Concurrent Preclean
[2025-06-28T00:22:17.809+0200][6.606s] GC(108) Concurrent Preclean 0.297ms
[2025-06-28T00:22:17.819+0200][6.615s] GC(108) Pause Remark
[2025-06-28T00:22:17.824+0200][6.621s] GC(108) Pause Remark 16M->16M(22M) 5.766ms
[2025-06-28T00:22:17.825+0200][6.621s] GC(108) User=0.05s Sys=0.00s Real=0.01s
[2025-06-28T00:22:17.825+0200][6.621s] GC(108) Concurrent Mark 33.167ms
[2025-06-28T00:22:17.825+0200][6.621s] GC(108) Concurrent Rebuild Remembered Sets and Scrub Regions
[2025-06-28T00:22:17.832+0200][6.628s] GC(108) Concurrent Rebuild Remembered Sets and Scrub Regions 6.264ms
[2025-06-28T00:22:17.832+0200][6.628s] GC(108) Pause Cleanup
[2025-06-28T00:22:17.832+0200][6.628s] GC(108) Pause Cleanup 16M->16M(22M) 0.223ms
[2025-06-28T00:22:17.832+0200][6.628s] GC(108) User=0.00s Sys=0.00s Real=0.00s
[2025-06-28T00:22:17.832+0200][6.628s] GC(108) Concurrent Clear Claimed Marks
[2025-06-28T00:22:17.832+0200][6.628s] GC(108) Concurrent Clear Claimed Marks 0.107ms
[2025-06-28T00:22:17.832+0200][6.628s] GC(108) Concurrent Cleanup for Next Mark
[2025-06-28T00:22:17.833+0200][6.629s] GC(108) Concurrent Cleanup for Next Mark 0.151ms
[2025-06-28T00:22:17.833+0200][6.629s] GC(108) Concurrent Mark Cycle 42.641ms
[2025-06-28T00:22:17.864+0200][6.661s] GC(109) Pause Young (Prepare Mixed) (G1 Evacuation Pause)
[2025-06-28T00:22:17.864+0200][6.661s] GC(109) Using 2 workers of 10 for evacuation
[2025-06-28T00:22:17.869+0200][6.665s] GC(109)   Pre Evacuate Collection Set: 0.2ms
[2025-06-28T00:22:17.869+0200][6.665s] GC(109)   Merge Heap Roots: 0.1ms
[2025-06-28T00:22:17.869+0200][6.665s] GC(109)   Evacuate Collection Set: 3.2ms
[2025-06-28T00:22:17.869+0200][6.665s] GC(109)   Post Evacuate Collection Set: 0.8ms
[2025-06-28T00:22:17.869+0200][6.665s] GC(109)   Other: 0.1ms
[2025-06-28T00:22:17.869+0200][6.665s] GC(109) Eden regions: 2->0(2)
[2025-06-28T00:22:17.869+0200][6.665s] GC(109) Survivor regions: 1->1(1)
[2025-06-28T00:22:17.869+0200][6.665s] GC(109) Old regions: 16->16
[2025-06-28T00:22:17.869+0200][6.665s] GC(109) Humongous regions: 0->0
[2025-06-28T00:22:17.869+0200][6.665s] GC(109) Metaspace: 30513K(30976K)->30513K(30976K) NonClass: 26699K(26944K)->26699K(26944K) Class: 3814K(4032K)->3814K(4032K)
[2025-06-28T00:22:17.869+0200][6.665s] GC(109) Pause Young (Prepare Mixed) (G1 Evacuation Pause) 17M->15M(22M) 4.810ms
[2025-06-28T00:22:17.869+0200][6.665s] GC(109) User=0.00s Sys=0.00s Real=0.00s
[2025-06-28T00:22:17.921+0200][6.717s] GC(110) Pause Young (Mixed) (G1 Evacuation Pause)
[2025-06-28T00:22:17.921+0200][6.718s] GC(110) Using 2 workers of 10 for evacuation
[2025-06-28T00:22:17.926+0200][6.723s] GC(110)   Pre Evacuate Collection Set: 0.2ms
[2025-06-28T00:22:17.926+0200][6.723s] GC(110)   Merge Heap Roots: 0.1ms
[2025-06-28T00:22:17.926+0200][6.723s] GC(110)   Evacuate Collection Set: 4.1ms
[2025-06-28T00:22:17.926+0200][6.723s] GC(110)   Post Evacuate Collection Set: 0.4ms
[2025-06-28T00:22:17.926+0200][6.723s] GC(110)   Other: 0.1ms
[2025-06-28T00:22:17.926+0200][6.723s] GC(110) Eden regions: 2->0(2)
[2025-06-28T00:22:17.926+0200][6.723s] GC(110) Survivor regions: 1->1(1)
[2025-06-28T00:22:17.926+0200][6.723s] GC(110) Old regions: 16->16
[2025-06-28T00:22:17.926+0200][6.723s] GC(110) Humongous regions: 0->0
[2025-06-28T00:22:17.926+0200][6.723s] GC(110) Metaspace: 30742K(31168K)->30742K(31168K) NonClass: 26906K(27136K)->26906K(27136K) Class: 3836K(4032K)->3836K(4032K)
[2025-06-28T00:22:17.926+0200][6.723s] GC(110) Pause Young (Mixed) (G1 Evacuation Pause) 17M->15M(22M) 5.401ms
[2025-06-28T00:22:17.926+0200][6.723s] GC(110) User=0.00s Sys=0.00s Real=0.01s
[2025-06-28T00:22:17.968+0200][6.765s] GC(111) Pause Young (Concurrent Start) (G1 Evacuation Pause)
[2025-06-28T00:22:17.968+0200][6.765s] GC(111) Using 2 workers of 10 for evacuation
[2025-06-28T00:22:17.971+0200][6.767s] GC(111)   Pre Evacuate Collection Set: 0.2ms
[2025-06-28T00:22:17.971+0200][6.767s] GC(111)   Merge Heap Roots: 0.1ms
[2025-06-28T00:22:17.971+0200][6.767s] GC(111)   Evacuate Collection Set: 1.8ms
[2025-06-28T00:22:17.971+0200][6.767s] GC(111)   Post Evacuate Collection Set: 0.4ms
[2025-06-28T00:22:17.971+0200][6.767s] GC(111)   Other: 0.1ms
[2025-06-28T00:22:17.971+0200][6.768s] GC(111) Eden regions: 2->0(2)
[2025-06-28T00:22:17.971+0200][6.768s] GC(111) Survivor regions: 1->1(1)
[2025-06-28T00:22:17.971+0200][6.768s] GC(111) Old regions: 16->16
[2025-06-28T00:22:17.971+0200][6.768s] GC(111) Humongous regions: 0->0
[2025-06-28T00:22:17.971+0200][6.768s] GC(111) Metaspace: 30962K(31488K)->30962K(31488K) NonClass: 27100K(27392K)->27100K(27392K) Class: 3862K(4096K)->3862K(4096K)
[2025-06-28T00:22:17.971+0200][6.768s] GC(111) Pause Young (Concurrent Start) (G1 Evacuation Pause) 17M->15M(22M) 2.795ms
[2025-06-28T00:22:17.971+0200][6.768s] GC(111) User=0.00s Sys=0.00s Real=0.00s
[2025-06-28T00:22:17.971+0200][6.768s] GC(112) Concurrent Mark Cycle
[2025-06-28T00:22:17.971+0200][6.768s] GC(112) Concurrent Scan Root Regions
[2025-06-28T00:22:17.972+0200][6.769s] GC(112) Concurrent Scan Root Regions 1.000ms
[2025-06-28T00:22:17.972+0200][6.769s] GC(112) Concurrent Mark
[2025-06-28T00:22:17.972+0200][6.769s] GC(112) Concurrent Mark From Roots
[2025-06-28T00:22:17.972+0200][6.769s] GC(112) Using 3 workers of 3 for marking
[2025-06-28T00:22:17.988+0200][6.784s] GC(112) Concurrent Mark From Roots 15.306ms
[2025-06-28T00:22:17.988+0200][6.784s] GC(112) Concurrent Preclean
[2025-06-28T00:22:17.988+0200][6.784s] GC(112) Concurrent Preclean 0.091ms
[2025-06-28T00:22:17.988+0200][6.784s] GC(112) Pause Remark
[2025-06-28T00:22:18.000+0200][6.796s] GC(112) Pause Remark 16M->16M(22M) 11.908ms
[2025-06-28T00:22:18.000+0200][6.796s] GC(112) User=0.02s Sys=0.02s Real=0.01s
[2025-06-28T00:22:18.000+0200][6.797s] GC(112) Concurrent Mark 27.843ms
[2025-06-28T00:22:18.000+0200][6.797s] GC(112) Concurrent Rebuild Remembered Sets and Scrub Regions
[2025-06-28T00:22:18.006+0200][6.802s] GC(112) Concurrent Rebuild Remembered Sets and Scrub Regions 5.367ms
[2025-06-28T00:22:18.007+0200][6.803s] GC(112) Pause Cleanup
[2025-06-28T00:22:18.007+0200][6.804s] GC(112) Pause Cleanup 16M->16M(22M) 0.249ms
[2025-06-28T00:22:18.007+0200][6.804s] GC(112) User=0.00s Sys=0.00s Real=0.00s
[2025-06-28T00:22:18.008+0200][6.805s] GC(112) Concurrent Clear Claimed Marks
[2025-06-28T00:22:18.008+0200][6.805s] GC(112) Concurrent Clear Claimed Marks 0.154ms
[2025-06-28T00:22:18.008+0200][6.805s] GC(112) Concurrent Cleanup for Next Mark
[2025-06-28T00:22:18.009+0200][6.805s] GC(112) Concurrent Cleanup for Next Mark 0.162ms
[2025-06-28T00:22:18.009+0200][6.805s] GC(112) Concurrent Mark Cycle 37.546ms
[2025-06-28T00:22:18.059+0200][6.856s] GC(113) Pause Young (Normal) (G1 Evacuation Pause)
[2025-06-28T00:22:18.059+0200][6.856s] GC(113) Using 2 workers of 10 for evacuation
[2025-06-28T00:22:18.064+0200][6.860s] GC(113)   Pre Evacuate Collection Set: 0.4ms
[2025-06-28T00:22:18.064+0200][6.860s] GC(113)   Merge Heap Roots: 0.1ms
[2025-06-28T00:22:18.064+0200][6.860s] GC(113)   Evacuate Collection Set: 2.7ms
[2025-06-28T00:22:18.064+0200][6.860s] GC(113)   Post Evacuate Collection Set: 0.5ms
[2025-06-28T00:22:18.064+0200][6.860s] GC(113)   Other: 0.1ms
[2025-06-28T00:22:18.064+0200][6.860s] GC(113) Eden regions: 2->0(2)
[2025-06-28T00:22:18.064+0200][6.860s] GC(113) Survivor regions: 1->1(1)
[2025-06-28T00:22:18.064+0200][6.860s] GC(113) Old regions: 16->16
[2025-06-28T00:22:18.064+0200][6.860s] GC(113) Humongous regions: 0->0
[2025-06-28T00:22:18.064+0200][6.860s] GC(113) Metaspace: 31056K(31552K)->31056K(31552K) NonClass: 27170K(27456K)->27170K(27456K) Class: 3885K(4096K)->3885K(4096K)
[2025-06-28T00:22:18.064+0200][6.860s] GC(113) Pause Young (Normal) (G1 Evacuation Pause) 17M->16M(22M) 4.425ms
[2025-06-28T00:22:18.064+0200][6.860s] GC(113) User=0.00s Sys=0.00s Real=0.00s
[2025-06-28T00:22:18.125+0200][6.921s] GC(114) Pause Young (Concurrent Start) (G1 Evacuation Pause)
[2025-06-28T00:22:18.125+0200][6.922s] GC(114) Using 2 workers of 10 for evacuation
[2025-06-28T00:22:18.129+0200][6.925s] GC(114)   Pre Evacuate Collection Set: 0.2ms
[2025-06-28T00:22:18.129+0200][6.925s] GC(114)   Merge Heap Roots: 0.1ms
[2025-06-28T00:22:18.129+0200][6.925s] GC(114)   Evacuate Collection Set: 2.4ms
[2025-06-28T00:22:18.129+0200][6.925s] GC(114)   Post Evacuate Collection Set: 0.5ms
[2025-06-28T00:22:18.129+0200][6.925s] GC(114)   Other: 0.1ms
[2025-06-28T00:22:18.129+0200][6.925s] GC(114) Eden regions: 2->0(2)
[2025-06-28T00:22:18.129+0200][6.925s] GC(114) Survivor regions: 1->1(1)
[2025-06-28T00:22:18.129+0200][6.925s] GC(114) Old regions: 16->16
[2025-06-28T00:22:18.129+0200][6.925s] GC(114) Humongous regions: 0->0
[2025-06-28T00:22:18.129+0200][6.925s] GC(114) Metaspace: 31167K(31680K)->31167K(31680K) NonClass: 27265K(27584K)->27265K(27584K) Class: 3902K(4096K)->3902K(4096K)
[2025-06-28T00:22:18.129+0200][6.925s] GC(114) Pause Young (Concurrent Start) (G1 Evacuation Pause) 18M->16M(22M) 3.622ms
[2025-06-28T00:22:18.129+0200][6.925s] GC(114) User=0.00s Sys=0.00s Real=0.00s
[2025-06-28T00:22:18.129+0200][6.925s] GC(115) Concurrent Mark Cycle
[2025-06-28T00:22:18.129+0200][6.925s] GC(115) Concurrent Scan Root Regions
[2025-06-28T00:22:18.130+0200][6.926s] GC(115) Concurrent Scan Root Regions 1.249ms
[2025-06-28T00:22:18.130+0200][6.926s] GC(115) Concurrent Mark
[2025-06-28T00:22:18.130+0200][6.927s] GC(115) Concurrent Mark From Roots
[2025-06-28T00:22:18.130+0200][6.927s] GC(115) Using 3 workers of 3 for marking
[2025-06-28T00:22:18.144+0200][6.940s] GC(115) Concurrent Mark From Roots 13.942ms
[2025-06-28T00:22:18.145+0200][6.941s] GC(115) Concurrent Preclean
[2025-06-28T00:22:18.145+0200][6.941s] GC(115) Concurrent Preclean 0.138ms
[2025-06-28T00:22:18.145+0200][6.941s] GC(115) Pause Remark
[2025-06-28T00:22:18.155+0200][6.951s] GC(115) Pause Remark 16M->16M(22M) 10.051ms
[2025-06-28T00:22:18.155+0200][6.951s] GC(115) User=0.03s Sys=0.00s Real=0.01s
[2025-06-28T00:22:18.155+0200][6.951s] GC(115) Concurrent Mark 24.599ms
[2025-06-28T00:22:18.155+0200][6.951s] GC(115) Concurrent Rebuild Remembered Sets and Scrub Regions
[2025-06-28T00:22:18.160+0200][6.957s] GC(115) Concurrent Rebuild Remembered Sets and Scrub Regions 5.332ms
[2025-06-28T00:22:18.161+0200][6.957s] GC(115) Pause Cleanup
[2025-06-28T00:22:18.161+0200][6.957s] GC(115) Pause Cleanup 16M->16M(22M) 0.152ms
[2025-06-28T00:22:18.161+0200][6.957s] GC(115) User=0.00s Sys=0.00s Real=0.00s
[2025-06-28T00:22:18.161+0200][6.957s] GC(115) Concurrent Clear Claimed Marks
[2025-06-28T00:22:18.161+0200][6.957s] GC(115) Concurrent Clear Claimed Marks 0.121ms
[2025-06-28T00:22:18.161+0200][6.957s] GC(115) Concurrent Cleanup for Next Mark
[2025-06-28T00:22:18.161+0200][6.957s] GC(115) Concurrent Cleanup for Next Mark 0.136ms
[2025-06-28T00:22:18.161+0200][6.957s] GC(115) Concurrent Mark Cycle 32.271ms
[2025-06-28T00:22:18.182+0200][6.978s] GC(116) Pause Young (Prepare Mixed) (G1 Evacuation Pause)
[2025-06-28T00:22:18.182+0200][6.978s] GC(116) Using 2 workers of 10 for evacuation
[2025-06-28T00:22:18.185+0200][6.981s] GC(116)   Pre Evacuate Collection Set: 0.1ms
[2025-06-28T00:22:18.185+0200][6.981s] GC(116)   Merge Heap Roots: 0.1ms
[2025-06-28T00:22:18.185+0200][6.981s] GC(116)   Evacuate Collection Set: 2.3ms
[2025-06-28T00:22:18.185+0200][6.981s] GC(116)   Post Evacuate Collection Set: 0.4ms
[2025-06-28T00:22:18.185+0200][6.981s] GC(116)   Other: 0.1ms
[2025-06-28T00:22:18.185+0200][6.981s] GC(116) Eden regions: 2->0(2)
[2025-06-28T00:22:18.185+0200][6.981s] GC(116) Survivor regions: 1->1(1)
[2025-06-28T00:22:18.185+0200][6.982s] GC(116) Old regions: 16->16
[2025-06-28T00:22:18.185+0200][6.982s] GC(116) Humongous regions: 0->0
[2025-06-28T00:22:18.185+0200][6.982s] GC(116) Metaspace: 31244K(31680K)->31244K(31680K) NonClass: 27330K(27584K)->27330K(27584K) Class: 3913K(4096K)->3913K(4096K)
[2025-06-28T00:22:18.185+0200][6.982s] GC(116) Pause Young (Prepare Mixed) (G1 Evacuation Pause) 18M->16M(22M) 3.424ms
[2025-06-28T00:22:18.185+0200][6.982s] GC(116) User=0.05s Sys=0.00s Real=0.00s
[2025-06-28T00:22:18.222+0200][7.019s] GC(117) Pause Young (Mixed) (G1 Evacuation Pause)
[2025-06-28T00:22:18.222+0200][7.019s] GC(117) Using 2 workers of 10 for evacuation
[2025-06-28T00:22:18.228+0200][7.025s] GC(117)   Pre Evacuate Collection Set: 0.2ms
[2025-06-28T00:22:18.228+0200][7.025s] GC(117)   Merge Heap Roots: 0.1ms
[2025-06-28T00:22:18.228+0200][7.025s] GC(117)   Evacuate Collection Set: 4.8ms
[2025-06-28T00:22:18.228+0200][7.025s] GC(117)   Post Evacuate Collection Set: 0.5ms
[2025-06-28T00:22:18.228+0200][7.025s] GC(117)   Other: 0.1ms
[2025-06-28T00:22:18.228+0200][7.025s] GC(117) Eden regions: 2->0(2)
[2025-06-28T00:22:18.228+0200][7.025s] GC(117) Survivor regions: 1->1(1)
[2025-06-28T00:22:18.228+0200][7.025s] GC(117) Old regions: 16->16
[2025-06-28T00:22:18.228+0200][7.025s] GC(117) Humongous regions: 0->0
[2025-06-28T00:22:18.228+0200][7.025s] GC(117) Metaspace: 31382K(31872K)->31382K(31872K) NonClass: 27453K(27712K)->27453K(27712K) Class: 3928K(4160K)->3928K(4160K)
[2025-06-28T00:22:18.228+0200][7.025s] GC(117) Pause Young (Mixed) (G1 Evacuation Pause) 18M->16M(22M) 6.154ms
[2025-06-28T00:22:18.228+0200][7.025s] GC(117) User=0.00s Sys=0.00s Real=0.01s
[2025-06-28T00:22:18.248+0200][7.045s] GC(118) Pause Young (Concurrent Start) (G1 Evacuation Pause)
[2025-06-28T00:22:18.248+0200][7.045s] GC(118) Using 2 workers of 10 for evacuation
[2025-06-28T00:22:18.251+0200][7.048s] GC(118)   Pre Evacuate Collection Set: 0.1ms
[2025-06-28T00:22:18.251+0200][7.048s] GC(118)   Merge Heap Roots: 0.1ms
[2025-06-28T00:22:18.251+0200][7.048s] GC(118)   Evacuate Collection Set: 1.8ms
[2025-06-28T00:22:18.251+0200][7.048s] GC(118)   Post Evacuate Collection Set: 0.4ms
[2025-06-28T00:22:18.251+0200][7.048s] GC(118)   Other: 0.1ms
[2025-06-28T00:22:18.251+0200][7.048s] GC(118) Eden regions: 2->0(2)
[2025-06-28T00:22:18.251+0200][7.048s] GC(118) Survivor regions: 1->1(1)
[2025-06-28T00:22:18.251+0200][7.048s] GC(118) Old regions: 16->16
[2025-06-28T00:22:18.251+0200][7.048s] GC(118) Humongous regions: 0->0
[2025-06-28T00:22:18.251+0200][7.048s] GC(118) Metaspace: 31401K(31872K)->31401K(31872K) NonClass: 27470K(27712K)->27470K(27712K) Class: 3930K(4160K)->3930K(4160K)
[2025-06-28T00:22:18.251+0200][7.048s] GC(118) Pause Young (Concurrent Start) (G1 Evacuation Pause) 18M->16M(22M) 2.858ms
[2025-06-28T00:22:18.251+0200][7.048s] GC(118) User=0.00s Sys=0.00s Real=0.00s
[2025-06-28T00:22:18.251+0200][7.048s] GC(119) Concurrent Mark Cycle
[2025-06-28T00:22:18.251+0200][7.048s] GC(119) Concurrent Scan Root Regions
[2025-06-28T00:22:18.252+0200][7.049s] GC(119) Concurrent Scan Root Regions 1.080ms
[2025-06-28T00:22:18.253+0200][7.049s] GC(119) Concurrent Mark
[2025-06-28T00:22:18.253+0200][7.049s] GC(119) Concurrent Mark From Roots
[2025-06-28T00:22:18.253+0200][7.049s] GC(119) Using 3 workers of 3 for marking
[2025-06-28T00:22:18.265+0200][7.062s] GC(119) Concurrent Mark From Roots 12.442ms
[2025-06-28T00:22:18.265+0200][7.062s] GC(119) Concurrent Preclean
[2025-06-28T00:22:18.265+0200][7.062s] GC(119) Concurrent Preclean 0.098ms
[2025-06-28T00:22:18.265+0200][7.062s] GC(119) Pause Remark
[2025-06-28T00:22:18.269+0200][7.066s] GC(119) Pause Remark 17M->17M(22M) 4.235ms
[2025-06-28T00:22:18.270+0200][7.066s] GC(119) User=0.00s Sys=0.00s Real=0.00s
[2025-06-28T00:22:18.270+0200][7.066s] GC(119) Concurrent Mark 17.125ms
[2025-06-28T00:22:18.270+0200][7.066s] GC(119) Concurrent Rebuild Remembered Sets and Scrub Regions
[2025-06-28T00:22:18.272+0200][7.069s] GC(119) Concurrent Rebuild Remembered Sets and Scrub Regions 2.628ms
[2025-06-28T00:22:18.272+0200][7.069s] GC(119) Pause Cleanup
[2025-06-28T00:22:18.273+0200][7.069s] GC(119) Pause Cleanup 17M->17M(22M) 0.062ms
[2025-06-28T00:22:18.273+0200][7.069s] GC(119) User=0.00s Sys=0.00s Real=0.00s
[2025-06-28T00:22:18.273+0200][7.069s] GC(119) Concurrent Clear Claimed Marks
[2025-06-28T00:22:18.273+0200][7.069s] GC(119) Concurrent Clear Claimed Marks 0.105ms
[2025-06-28T00:22:18.273+0200][7.069s] GC(119) Concurrent Cleanup for Next Mark
[2025-06-28T00:22:18.273+0200][7.070s] GC(119) Concurrent Cleanup for Next Mark 0.110ms
[2025-06-28T00:22:18.273+0200][7.070s] GC(119) Concurrent Mark Cycle 21.599ms
[2025-06-28T00:22:18.308+0200][7.104s] GC(120) Pause Young (Normal) (G1 Evacuation Pause)
[2025-06-28T00:22:18.308+0200][7.105s] GC(120) Using 2 workers of 10 for evacuation
[2025-06-28T00:22:18.311+0200][7.107s] GC(120)   Pre Evacuate Collection Set: 0.1ms
[2025-06-28T00:22:18.311+0200][7.107s] GC(120)   Merge Heap Roots: 0.1ms
[2025-06-28T00:22:18.311+0200][7.107s] GC(120)   Evacuate Collection Set: 2.0ms
[2025-06-28T00:22:18.311+0200][7.107s] GC(120)   Post Evacuate Collection Set: 0.4ms
[2025-06-28T00:22:18.311+0200][7.107s] GC(120)   Other: 0.1ms
[2025-06-28T00:22:18.311+0200][7.107s] GC(120) Eden regions: 2->0(1)
[2025-06-28T00:22:18.311+0200][7.107s] GC(120) Survivor regions: 1->1(1)
[2025-06-28T00:22:18.311+0200][7.107s] GC(120) Old regions: 16->17
[2025-06-28T00:22:18.311+0200][7.107s] GC(120) Humongous regions: 0->0
[2025-06-28T00:22:18.311+0200][7.108s] GC(120) Metaspace: 31467K(31936K)->31467K(31936K) NonClass: 27524K(27776K)->27524K(27776K) Class: 3942K(4160K)->3942K(4160K)
[2025-06-28T00:22:18.311+0200][7.108s] GC(120) Pause Young (Normal) (G1 Evacuation Pause) 18M->16M(22M) 3.089ms
[2025-06-28T00:22:18.311+0200][7.108s] GC(120) User=0.00s Sys=0.00s Real=0.00s
[2025-06-28T00:22:18.329+0200][7.125s] GC(121) Pause Young (Concurrent Start) (G1 Evacuation Pause)
[2025-06-28T00:22:18.329+0200][7.125s] GC(121) Using 2 workers of 10 for evacuation
[2025-06-28T00:22:18.332+0200][7.128s] GC(121)   Pre Evacuate Collection Set: 0.2ms
[2025-06-28T00:22:18.332+0200][7.128s] GC(121)   Merge Heap Roots: 0.1ms
[2025-06-28T00:22:18.332+0200][7.128s] GC(121)   Evacuate Collection Set: 2.0ms
[2025-06-28T00:22:18.332+0200][7.128s] GC(121)   Post Evacuate Collection Set: 0.3ms
[2025-06-28T00:22:18.332+0200][7.128s] GC(121)   Other: 0.1ms
[2025-06-28T00:22:18.332+0200][7.128s] GC(121) Eden regions: 1->0(1)
[2025-06-28T00:22:18.332+0200][7.128s] GC(121) Survivor regions: 1->1(1)
[2025-06-28T00:22:18.332+0200][7.128s] GC(121) Old regions: 17->17
[2025-06-28T00:22:18.332+0200][7.128s] GC(121) Humongous regions: 0->0
[2025-06-28T00:22:18.332+0200][7.128s] GC(121) Metaspace: 31540K(32000K)->31540K(32000K) NonClass: 27578K(27840K)->27578K(27840K) Class: 3962K(4160K)->3962K(4160K)
[2025-06-28T00:22:18.332+0200][7.128s] GC(121) Pause Young (Concurrent Start) (G1 Evacuation Pause) 17M->16M(22M) 3.126ms
[2025-06-28T00:22:18.332+0200][7.128s] GC(121) User=0.00s Sys=0.00s Real=0.00s
[2025-06-28T00:22:18.332+0200][7.128s] GC(122) Concurrent Mark Cycle
[2025-06-28T00:22:18.332+0200][7.128s] GC(122) Concurrent Scan Root Regions
[2025-06-28T00:22:18.333+0200][7.130s] GC(122) Concurrent Scan Root Regions 1.201ms
[2025-06-28T00:22:18.333+0200][7.130s] GC(122) Concurrent Mark
[2025-06-28T00:22:18.333+0200][7.130s] GC(122) Concurrent Mark From Roots
[2025-06-28T00:22:18.333+0200][7.130s] GC(122) Using 3 workers of 3 for marking
[2025-06-28T00:22:18.348+0200][7.144s] GC(122) Concurrent Mark From Roots 14.231ms
[2025-06-28T00:22:18.348+0200][7.144s] GC(122) Concurrent Preclean
[2025-06-28T00:22:18.348+0200][7.144s] GC(122) Concurrent Preclean 0.071ms
[2025-06-28T00:22:18.348+0200][7.144s] GC(122) Pause Remark
[2025-06-28T00:22:18.352+0200][7.149s] GC(122) Pause Remark 17M->17M(22M) 4.624ms
[2025-06-28T00:22:18.353+0200][7.149s] GC(122) User=0.00s Sys=0.00s Real=0.00s
[2025-06-28T00:22:18.353+0200][7.149s] GC(122) Concurrent Mark 19.332ms
[2025-06-28T00:22:18.353+0200][7.149s] GC(122) Concurrent Rebuild Remembered Sets and Scrub Regions
[2025-06-28T00:22:18.358+0200][7.155s] GC(122) Concurrent Rebuild Remembered Sets and Scrub Regions 5.508ms
[2025-06-28T00:22:18.358+0200][7.155s] GC(122) Pause Cleanup
[2025-06-28T00:22:18.359+0200][7.155s] GC(122) Pause Cleanup 17M->17M(22M) 0.183ms
[2025-06-28T00:22:18.359+0200][7.155s] GC(122) User=0.00s Sys=0.00s Real=0.00s
[2025-06-28T00:22:18.359+0200][7.155s] GC(122) Concurrent Clear Claimed Marks
[2025-06-28T00:22:18.359+0200][7.155s] GC(122) Concurrent Clear Claimed Marks 0.081ms
[2025-06-28T00:22:18.359+0200][7.155s] GC(122) Concurrent Cleanup for Next Mark
[2025-06-28T00:22:18.359+0200][7.155s] GC(122) Concurrent Cleanup for Next Mark 0.145ms
[2025-06-28T00:22:18.359+0200][7.156s] GC(122) Concurrent Mark Cycle 27.157ms
[2025-06-28T00:22:18.363+0200][7.159s] GC(123) Pause Young (Prepare Mixed) (G1 Evacuation Pause)
[2025-06-28T00:22:18.363+0200][7.159s] GC(123) Using 2 workers of 10 for evacuation
[2025-06-28T00:22:18.365+0200][7.162s] GC(123)   Pre Evacuate Collection Set: 0.2ms
[2025-06-28T00:22:18.365+0200][7.162s] GC(123)   Merge Heap Roots: 0.1ms
[2025-06-28T00:22:18.365+0200][7.162s] GC(123)   Evacuate Collection Set: 1.9ms
[2025-06-28T00:22:18.365+0200][7.162s] GC(123)   Post Evacuate Collection Set: 0.4ms
[2025-06-28T00:22:18.365+0200][7.162s] GC(123)   Other: 0.1ms
[2025-06-28T00:22:18.365+0200][7.162s] GC(123) Eden regions: 1->0(1)
[2025-06-28T00:22:18.365+0200][7.162s] GC(123) Survivor regions: 1->1(1)
[2025-06-28T00:22:18.366+0200][7.162s] GC(123) Old regions: 17->17
[2025-06-28T00:22:18.366+0200][7.162s] GC(123) Humongous regions: 0->0
[2025-06-28T00:22:18.366+0200][7.162s] GC(123) Metaspace: 31657K(32128K)->31657K(32128K) NonClass: 27671K(27904K)->27671K(27904K) Class: 3986K(4224K)->3986K(4224K)
[2025-06-28T00:22:18.366+0200][7.162s] GC(123) Pause Young (Prepare Mixed) (G1 Evacuation Pause) 17M->16M(22M) 3.113ms
[2025-06-28T00:22:18.366+0200][7.162s] GC(123) User=0.00s Sys=0.00s Real=0.00s
[2025-06-28T00:22:18.380+0200][7.176s] GC(124) Pause Young (Mixed) (G1 Evacuation Pause)
[2025-06-28T00:22:18.380+0200][7.176s] GC(124) Using 2 workers of 10 for evacuation
[2025-06-28T00:22:18.384+0200][7.181s] GC(124)   Pre Evacuate Collection Set: 0.1ms
[2025-06-28T00:22:18.385+0200][7.181s] GC(124)   Merge Heap Roots: 0.1ms
[2025-06-28T00:22:18.385+0200][7.181s] GC(124)   Evacuate Collection Set: 3.9ms
[2025-06-28T00:22:18.385+0200][7.181s] GC(124)   Post Evacuate Collection Set: 0.5ms
[2025-06-28T00:22:18.385+0200][7.181s] GC(124)   Other: 0.1ms
[2025-06-28T00:22:18.385+0200][7.181s] GC(124) Eden regions: 1->0(1)
[2025-06-28T00:22:18.385+0200][7.181s] GC(124) Survivor regions: 1->1(1)
[2025-06-28T00:22:18.385+0200][7.181s] GC(124) Old regions: 17->17
[2025-06-28T00:22:18.385+0200][7.181s] GC(124) Humongous regions: 0->0
[2025-06-28T00:22:18.385+0200][7.181s] GC(124) Metaspace: 31690K(32192K)->31690K(32192K) NonClass: 27698K(27968K)->27698K(27968K) Class: 3992K(4224K)->3992K(4224K)
[2025-06-28T00:22:18.385+0200][7.181s] GC(124) Pause Young (Mixed) (G1 Evacuation Pause) 17M->16M(22M) 5.107ms
[2025-06-28T00:22:18.385+0200][7.181s] GC(124) User=0.00s Sys=0.00s Real=0.00s
[2025-06-28T00:22:18.407+0200][7.203s] GC(125) Pause Young (Concurrent Start) (G1 Evacuation Pause)
[2025-06-28T00:22:18.407+0200][7.203s] GC(125) Using 2 workers of 10 for evacuation
[2025-06-28T00:22:18.410+0200][7.206s] GC(125)   Pre Evacuate Collection Set: 0.2ms
[2025-06-28T00:22:18.410+0200][7.206s] GC(125)   Merge Heap Roots: 0.1ms
[2025-06-28T00:22:18.410+0200][7.206s] GC(125)   Evacuate Collection Set: 2.0ms
[2025-06-28T00:22:18.410+0200][7.206s] GC(125)   Post Evacuate Collection Set: 0.4ms
[2025-06-28T00:22:18.410+0200][7.206s] GC(125)   Other: 0.2ms
[2025-06-28T00:22:18.410+0200][7.206s] GC(125) Eden regions: 1->0(1)
[2025-06-28T00:22:18.410+0200][7.206s] GC(125) Survivor regions: 1->1(1)
[2025-06-28T00:22:18.410+0200][7.206s] GC(125) Old regions: 17->17
[2025-06-28T00:22:18.410+0200][7.206s] GC(125) Humongous regions: 0->0
[2025-06-28T00:22:18.410+0200][7.206s] GC(125) Metaspace: 31803K(32320K)->31803K(32320K) NonClass: 27793K(28096K)->27793K(28096K) Class: 4009K(4224K)->4009K(4224K)
[2025-06-28T00:22:18.410+0200][7.206s] GC(125) Pause Young (Concurrent Start) (G1 Evacuation Pause) 17M->16M(22M) 3.227ms
[2025-06-28T00:22:18.410+0200][7.206s] GC(125) User=0.00s Sys=0.00s Real=0.00s
[2025-06-28T00:22:18.410+0200][7.206s] GC(126) Concurrent Mark Cycle
[2025-06-28T00:22:18.410+0200][7.206s] GC(126) Concurrent Scan Root Regions
[2025-06-28T00:22:18.412+0200][7.208s] GC(126) Concurrent Scan Root Regions 1.466ms
[2025-06-28T00:22:18.412+0200][7.208s] GC(126) Concurrent Mark
[2025-06-28T00:22:18.412+0200][7.208s] GC(126) Concurrent Mark From Roots
[2025-06-28T00:22:18.412+0200][7.208s] GC(126) Using 3 workers of 3 for marking
[2025-06-28T00:22:18.425+0200][7.221s] GC(126) Concurrent Mark From Roots 12.925ms
[2025-06-28T00:22:18.425+0200][7.221s] GC(126) Concurrent Preclean
[2025-06-28T00:22:18.425+0200][7.221s] GC(126) Concurrent Preclean 0.203ms
[2025-06-28T00:22:18.426+0200][7.222s] GC(126) Pause Remark
[2025-06-28T00:22:18.432+0200][7.228s] GC(126) Pause Remark 17M->17M(22M) 6.027ms
[2025-06-28T00:22:18.432+0200][7.228s] GC(126) User=0.00s Sys=0.00s Real=0.01s
[2025-06-28T00:22:18.432+0200][7.228s] GC(126) Concurrent Mark 20.414ms
[2025-06-28T00:22:18.432+0200][7.228s] GC(126) Concurrent Rebuild Remembered Sets and Scrub Regions
[2025-06-28T00:22:18.438+0200][7.235s] GC(126) Concurrent Rebuild Remembered Sets and Scrub Regions 6.175ms
[2025-06-28T00:22:18.439+0200][7.235s] GC(126) Pause Cleanup
[2025-06-28T00:22:18.439+0200][7.235s] GC(126) Pause Cleanup 17M->17M(22M) 0.173ms
[2025-06-28T00:22:18.439+0200][7.235s] GC(126) User=0.00s Sys=0.00s Real=0.00s
[2025-06-28T00:22:18.439+0200][7.235s] GC(126) Concurrent Clear Claimed Marks
[2025-06-28T00:22:18.439+0200][7.235s] GC(126) Concurrent Clear Claimed Marks 0.081ms
[2025-06-28T00:22:18.439+0200][7.235s] GC(126) Concurrent Cleanup for Next Mark
[2025-06-28T00:22:18.439+0200][7.235s] GC(126) Concurrent Cleanup for Next Mark 0.123ms
[2025-06-28T00:22:18.439+0200][7.235s] GC(126) Concurrent Mark Cycle 29.177ms
[2025-06-28T00:22:18.442+0200][7.238s] GC(127) Pause Young (Prepare Mixed) (G1 Evacuation Pause)
[2025-06-28T00:22:18.442+0200][7.238s] GC(127) Using 2 workers of 10 for evacuation
[2025-06-28T00:22:18.446+0200][7.242s] GC(127)   Pre Evacuate Collection Set: 0.1ms
[2025-06-28T00:22:18.446+0200][7.242s] GC(127)   Merge Heap Roots: 0.1ms
[2025-06-28T00:22:18.446+0200][7.242s] GC(127)   Evacuate Collection Set: 2.3ms
[2025-06-28T00:22:18.446+0200][7.242s] GC(127)   Post Evacuate Collection Set: 1.1ms
[2025-06-28T00:22:18.446+0200][7.242s] GC(127)   Other: 0.1ms
[2025-06-28T00:22:18.446+0200][7.242s] GC(127) Eden regions: 1->0(1)
[2025-06-28T00:22:18.446+0200][7.242s] GC(127) Survivor regions: 1->1(1)
[2025-06-28T00:22:18.446+0200][7.242s] GC(127) Old regions: 17->17
[2025-06-28T00:22:18.446+0200][7.242s] GC(127) Humongous regions: 0->0
[2025-06-28T00:22:18.446+0200][7.242s] GC(127) Metaspace: 31916K(32512K)->31916K(32512K) NonClass: 27888K(28224K)->27888K(28224K) Class: 4028K(4288K)->4028K(4288K)
[2025-06-28T00:22:18.446+0200][7.242s] GC(127) Pause Young (Prepare Mixed) (G1 Evacuation Pause) 17M->16M(22M) 4.068ms
[2025-06-28T00:22:18.446+0200][7.242s] GC(127) User=0.00s Sys=0.00s Real=0.00s
[2025-06-28T00:22:18.456+0200][7.252s] GC(128) Pause Young (Mixed) (G1 Evacuation Pause)
[2025-06-28T00:22:18.456+0200][7.252s] GC(128) Using 2 workers of 10 for evacuation
[2025-06-28T00:22:18.465+0200][7.261s] GC(128)   Pre Evacuate Collection Set: 0.2ms
[2025-06-28T00:22:18.465+0200][7.262s] GC(128)   Merge Heap Roots: 0.1ms
[2025-06-28T00:22:18.465+0200][7.262s] GC(128)   Evacuate Collection Set: 8.1ms
[2025-06-28T00:22:18.465+0200][7.262s] GC(128)   Post Evacuate Collection Set: 0.6ms
[2025-06-28T00:22:18.465+0200][7.262s] GC(128)   Other: 0.1ms
[2025-06-28T00:22:18.465+0200][7.262s] GC(128) Eden regions: 1->0(2)
[2025-06-28T00:22:18.465+0200][7.262s] GC(128) Survivor regions: 1->1(1)
[2025-06-28T00:22:18.465+0200][7.262s] GC(128) Old regions: 17->16
[2025-06-28T00:22:18.465+0200][7.262s] GC(128) Humongous regions: 0->0
[2025-06-28T00:22:18.465+0200][7.262s] GC(128) Metaspace: 32204K(32768K)->32204K(32768K) NonClass: 28170K(28480K)->28170K(28480K) Class: 4034K(4288K)->4034K(4288K)
[2025-06-28T00:22:18.466+0200][7.262s] GC(128) Pause Young (Mixed) (G1 Evacuation Pause) 17M->16M(22M) 9.411ms
[2025-06-28T00:22:18.466+0200][7.262s] GC(128) User=0.05s Sys=0.02s Real=0.01s
[2025-06-28T00:22:18.533+0200][7.330s] GC(129) Pause Young (Concurrent Start) (G1 Evacuation Pause)
[2025-06-28T00:22:18.534+0200][7.330s] GC(129) Using 2 workers of 10 for evacuation
[2025-06-28T00:22:18.537+0200][7.333s] GC(129)   Pre Evacuate Collection Set: 0.2ms
[2025-06-28T00:22:18.537+0200][7.333s] GC(129)   Merge Heap Roots: 0.1ms
[2025-06-28T00:22:18.537+0200][7.333s] GC(129)   Evacuate Collection Set: 2.1ms
[2025-06-28T00:22:18.537+0200][7.333s] GC(129)   Post Evacuate Collection Set: 0.5ms
[2025-06-28T00:22:18.537+0200][7.333s] GC(129)   Other: 0.2ms
[2025-06-28T00:22:18.537+0200][7.333s] GC(129) Eden regions: 2->0(1)
[2025-06-28T00:22:18.537+0200][7.333s] GC(129) Survivor regions: 1->1(1)
[2025-06-28T00:22:18.537+0200][7.333s] GC(129) Old regions: 16->17
[2025-06-28T00:22:18.537+0200][7.333s] GC(129) Humongous regions: 0->0
[2025-06-28T00:22:18.537+0200][7.333s] GC(129) Metaspace: 32623K(33152K)->32623K(33152K) NonClass: 28541K(28864K)->28541K(28864K) Class: 4081K(4288K)->4081K(4288K)
[2025-06-28T00:22:18.537+0200][7.333s] GC(129) Pause Young (Concurrent Start) (G1 Evacuation Pause) 18M->16M(22M) 3.566ms
[2025-06-28T00:22:18.537+0200][7.333s] GC(129) User=0.00s Sys=0.00s Real=0.00s
[2025-06-28T00:22:18.537+0200][7.334s] GC(130) Concurrent Mark Cycle
[2025-06-28T00:22:18.537+0200][7.334s] GC(130) Concurrent Scan Root Regions
[2025-06-28T00:22:18.539+0200][7.335s] GC(130) Concurrent Scan Root Regions 1.543ms
[2025-06-28T00:22:18.539+0200][7.335s] GC(130) Concurrent Mark
[2025-06-28T00:22:18.539+0200][7.335s] GC(130) Concurrent Mark From Roots
[2025-06-28T00:22:18.539+0200][7.335s] GC(130) Using 3 workers of 3 for marking
[2025-06-28T00:22:18.550+0200][7.346s] GC(130) Concurrent Mark From Roots 10.890ms
[2025-06-28T00:22:18.550+0200][7.346s] GC(130) Concurrent Preclean
[2025-06-28T00:22:18.550+0200][7.346s] GC(130) Concurrent Preclean 0.118ms
[2025-06-28T00:22:18.550+0200][7.347s] GC(130) Pause Remark
[2025-06-28T00:22:18.556+0200][7.352s] GC(130) Pause Remark 17M->17M(22M) 5.210ms
[2025-06-28T00:22:18.556+0200][7.352s] GC(130) User=0.00s Sys=0.00s Real=0.01s
[2025-06-28T00:22:18.556+0200][7.352s] GC(130) Concurrent Mark 16.904ms
[2025-06-28T00:22:18.556+0200][7.352s] GC(130) Concurrent Rebuild Remembered Sets and Scrub Regions
[2025-06-28T00:22:18.559+0200][7.355s] GC(131) Pause Young (Normal) (G1 Evacuation Pause)
[2025-06-28T00:22:18.559+0200][7.355s] GC(131) Using 2 workers of 10 for evacuation
[2025-06-28T00:22:18.562+0200][7.358s] GC(131)   Pre Evacuate Collection Set: 0.2ms
[2025-06-28T00:22:18.562+0200][7.358s] GC(131)   Merge Heap Roots: 0.1ms
[2025-06-28T00:22:18.562+0200][7.358s] GC(131)   Evacuate Collection Set: 2.2ms
[2025-06-28T00:22:18.562+0200][7.359s] GC(131)   Post Evacuate Collection Set: 0.5ms
[2025-06-28T00:22:18.562+0200][7.359s] GC(131)   Other: 0.1ms
[2025-06-28T00:22:18.562+0200][7.359s] GC(131) Eden regions: 1->0(1)
[2025-06-28T00:22:18.562+0200][7.359s] GC(131) Survivor regions: 1->1(1)
[2025-06-28T00:22:18.562+0200][7.359s] GC(131) Old regions: 17->17
[2025-06-28T00:22:18.562+0200][7.359s] GC(131) Humongous regions: 0->0
[2025-06-28T00:22:18.562+0200][7.359s] GC(131) Metaspace: 32664K(33216K)->32664K(33216K) NonClass: 28574K(28864K)->28574K(28864K) Class: 4090K(4352K)->4090K(4352K)
[2025-06-28T00:22:18.562+0200][7.359s] GC(131) Pause Young (Normal) (G1 Evacuation Pause) 17M->16M(22M) 3.458ms
[2025-06-28T00:22:18.562+0200][7.359s] GC(131) User=0.00s Sys=0.00s Real=0.00s
[2025-06-28T00:22:18.565+0200][7.361s] GC(130) Concurrent Rebuild Remembered Sets and Scrub Regions 9.168ms
[2025-06-28T00:22:18.569+0200][7.365s] GC(130) Pause Cleanup
[2025-06-28T00:22:18.569+0200][7.365s] GC(130) Pause Cleanup 16M->16M(22M) 0.226ms
[2025-06-28T00:22:18.569+0200][7.365s] GC(130) User=0.00s Sys=0.00s Real=0.00s
[2025-06-28T00:22:18.569+0200][7.366s] GC(130) Concurrent Clear Claimed Marks
[2025-06-28T00:22:18.569+0200][7.366s] GC(130) Concurrent Clear Claimed Marks 0.119ms
[2025-06-28T00:22:18.569+0200][7.366s] GC(130) Concurrent Cleanup for Next Mark
[2025-06-28T00:22:18.569+0200][7.366s] GC(130) Concurrent Cleanup for Next Mark 0.185ms
[2025-06-28T00:22:18.570+0200][7.366s] GC(130) Concurrent Mark Cycle 32.411ms
[2025-06-28T00:22:18.580+0200][7.376s] GC(132) Pause Young (Normal) (G1 Evacuation Pause)
[2025-06-28T00:22:18.580+0200][7.376s] GC(132) Using 2 workers of 10 for evacuation
[2025-06-28T00:22:18.582+0200][7.378s] GC(132)   Pre Evacuate Collection Set: 0.1ms
[2025-06-28T00:22:18.582+0200][7.378s] GC(132)   Merge Heap Roots: 0.1ms
[2025-06-28T00:22:18.582+0200][7.378s] GC(132)   Evacuate Collection Set: 1.4ms
[2025-06-28T00:22:18.582+0200][7.378s] GC(132)   Post Evacuate Collection Set: 0.4ms
[2025-06-28T00:22:18.582+0200][7.378s] GC(132)   Other: 0.1ms
[2025-06-28T00:22:18.582+0200][7.378s] GC(132) Eden regions: 1->0(1)
[2025-06-28T00:22:18.582+0200][7.378s] GC(132) Survivor regions: 1->1(1)
[2025-06-28T00:22:18.582+0200][7.378s] GC(132) Old regions: 17->17
[2025-06-28T00:22:18.582+0200][7.378s] GC(132) Humongous regions: 0->0
[2025-06-28T00:22:18.582+0200][7.378s] GC(132) Metaspace: 32775K(33344K)->32775K(33344K) NonClass: 28677K(28992K)->28677K(28992K) Class: 4097K(4352K)->4097K(4352K)
[2025-06-28T00:22:18.582+0200][7.378s] GC(132) Pause Young (Normal) (G1 Evacuation Pause) 17M->16M(22M) 2.230ms
[2025-06-28T00:22:18.582+0200][7.378s] GC(132) User=0.00s Sys=0.00s Real=0.00s
[2025-06-28T00:22:18.591+0200][7.387s] GC(133) Pause Young (Concurrent Start) (G1 Evacuation Pause)
[2025-06-28T00:22:18.591+0200][7.387s] GC(133) Using 2 workers of 10 for evacuation
[2025-06-28T00:22:18.593+0200][7.389s] GC(133)   Pre Evacuate Collection Set: 0.1ms
[2025-06-28T00:22:18.593+0200][7.389s] GC(133)   Merge Heap Roots: 0.0ms
[2025-06-28T00:22:18.593+0200][7.389s] GC(133)   Evacuate Collection Set: 1.5ms
[2025-06-28T00:22:18.593+0200][7.389s] GC(133)   Post Evacuate Collection Set: 0.4ms
[2025-06-28T00:22:18.593+0200][7.389s] GC(133)   Other: 0.1ms
[2025-06-28T00:22:18.593+0200][7.389s] GC(133) Eden regions: 1->0(1)
[2025-06-28T00:22:18.593+0200][7.389s] GC(133) Survivor regions: 1->1(1)
[2025-06-28T00:22:18.593+0200][7.389s] GC(133) Old regions: 17->17
[2025-06-28T00:22:18.593+0200][7.389s] GC(133) Humongous regions: 0->0
[2025-06-28T00:22:18.593+0200][7.389s] GC(133) Metaspace: 32889K(33408K)->32889K(33408K) NonClass: 28770K(29056K)->28770K(29056K) Class: 4119K(4352K)->4119K(4352K)
[2025-06-28T00:22:18.593+0200][7.389s] GC(133) Pause Young (Concurrent Start) (G1 Evacuation Pause) 17M->16M(22M) 2.364ms
[2025-06-28T00:22:18.593+0200][7.389s] GC(133) User=0.00s Sys=0.00s Real=0.00s
[2025-06-28T00:22:18.593+0200][7.389s] GC(134) Concurrent Mark Cycle
[2025-06-28T00:22:18.593+0200][7.389s] GC(134) Concurrent Scan Root Regions
[2025-06-28T00:22:18.594+0200][7.390s] GC(134) Concurrent Scan Root Regions 0.923ms
[2025-06-28T00:22:18.594+0200][7.390s] GC(134) Concurrent Mark
[2025-06-28T00:22:18.594+0200][7.390s] GC(134) Concurrent Mark From Roots
[2025-06-28T00:22:18.594+0200][7.390s] GC(134) Using 3 workers of 3 for marking
[2025-06-28T00:22:18.605+0200][7.401s] GC(135) Pause Young (Normal) (G1 Evacuation Pause)
[2025-06-28T00:22:18.605+0200][7.401s] GC(135) Using 2 workers of 10 for evacuation
[2025-06-28T00:22:18.608+0200][7.404s] GC(135)   Pre Evacuate Collection Set: 0.6ms
[2025-06-28T00:22:18.608+0200][7.404s] GC(135)   Merge Heap Roots: 0.1ms
[2025-06-28T00:22:18.608+0200][7.404s] GC(135)   Evacuate Collection Set: 2.0ms
[2025-06-28T00:22:18.608+0200][7.404s] GC(135)   Post Evacuate Collection Set: 0.3ms
[2025-06-28T00:22:18.608+0200][7.404s] GC(135)   Other: 0.1ms
[2025-06-28T00:22:18.608+0200][7.404s] GC(135) Eden regions: 1->0(1)
[2025-06-28T00:22:18.608+0200][7.404s] GC(135) Survivor regions: 1->1(1)
[2025-06-28T00:22:18.608+0200][7.404s] GC(135) Old regions: 17->17
[2025-06-28T00:22:18.608+0200][7.404s] GC(135) Humongous regions: 0->0
[2025-06-28T00:22:18.608+0200][7.404s] GC(135) Metaspace: 32961K(33472K)->32961K(33472K) NonClass: 28831K(29120K)->28831K(29120K) Class: 4129K(4352K)->4129K(4352K)
[2025-06-28T00:22:18.608+0200][7.404s] GC(135) Pause Young (Normal) (G1 Evacuation Pause) 17M->16M(22M) 3.299ms
[2025-06-28T00:22:18.608+0200][7.404s] GC(135) User=0.00s Sys=0.00s Real=0.00s
[2025-06-28T00:22:18.609+0200][7.405s] GC(134) Concurrent Mark From Roots 14.806ms
[2025-06-28T00:22:18.609+0200][7.405s] GC(134) Concurrent Preclean
[2025-06-28T00:22:18.609+0200][7.405s] GC(134) Concurrent Preclean 0.102ms
[2025-06-28T00:22:18.609+0200][7.405s] GC(134) Pause Remark
[2025-06-28T00:22:18.614+0200][7.410s] GC(134) Pause Remark 16M->16M(22M) 4.299ms
[2025-06-28T00:22:18.614+0200][7.410s] GC(134) User=0.00s Sys=0.00s Real=0.01s
[2025-06-28T00:22:18.614+0200][7.410s] GC(134) Concurrent Mark 19.564ms
[2025-06-28T00:22:18.614+0200][7.410s] GC(134) Concurrent Rebuild Remembered Sets and Scrub Regions
[2025-06-28T00:22:18.619+0200][7.415s] GC(134) Concurrent Rebuild Remembered Sets and Scrub Regions 4.632ms
[2025-06-28T00:22:18.619+0200][7.415s] GC(134) Pause Cleanup
[2025-06-28T00:22:18.619+0200][7.415s] GC(134) Pause Cleanup 17M->17M(22M) 0.090ms
[2025-06-28T00:22:18.619+0200][7.415s] GC(134) User=0.00s Sys=0.00s Real=0.00s
[2025-06-28T00:22:18.619+0200][7.415s] GC(134) Concurrent Clear Claimed Marks
[2025-06-28T00:22:18.619+0200][7.415s] GC(134) Concurrent Clear Claimed Marks 0.049ms
[2025-06-28T00:22:18.619+0200][7.415s] GC(134) Concurrent Cleanup for Next Mark
[2025-06-28T00:22:18.619+0200][7.415s] GC(134) Concurrent Cleanup for Next Mark 0.062ms
[2025-06-28T00:22:18.619+0200][7.415s] GC(134) Concurrent Mark Cycle 25.705ms
[2025-06-28T00:22:18.624+0200][7.420s] GC(136) Pause Young (Normal) (G1 Evacuation Pause)
[2025-06-28T00:22:18.624+0200][7.420s] GC(136) Using 2 workers of 10 for evacuation
[2025-06-28T00:22:18.626+0200][7.422s] GC(136)   Pre Evacuate Collection Set: 0.1ms
[2025-06-28T00:22:18.626+0200][7.422s] GC(136)   Merge Heap Roots: 0.0ms
[2025-06-28T00:22:18.626+0200][7.422s] GC(136)   Evacuate Collection Set: 1.5ms
[2025-06-28T00:22:18.626+0200][7.422s] GC(136)   Post Evacuate Collection Set: 0.4ms
[2025-06-28T00:22:18.626+0200][7.422s] GC(136)   Other: 0.1ms
[2025-06-28T00:22:18.626+0200][7.422s] GC(136) Eden regions: 1->0(1)
[2025-06-28T00:22:18.626+0200][7.422s] GC(136) Survivor regions: 1->1(1)
[2025-06-28T00:22:18.626+0200][7.422s] GC(136) Old regions: 17->17
[2025-06-28T00:22:18.626+0200][7.422s] GC(136) Humongous regions: 0->0
[2025-06-28T00:22:18.626+0200][7.422s] GC(136) Metaspace: 33066K(33600K)->33066K(33600K) NonClass: 28920K(29248K)->28920K(29248K) Class: 4145K(4352K)->4145K(4352K)
[2025-06-28T00:22:18.626+0200][7.422s] GC(136) Pause Young (Normal) (G1 Evacuation Pause) 17M->16M(22M) 2.231ms
[2025-06-28T00:22:18.626+0200][7.422s] GC(136) User=0.00s Sys=0.00s Real=0.00s
[2025-06-28T00:22:18.638+0200][7.434s] GC(137) Pause Young (Concurrent Start) (G1 Evacuation Pause)
[2025-06-28T00:22:18.638+0200][7.434s] GC(137) Using 2 workers of 10 for evacuation
[2025-06-28T00:22:18.641+0200][7.437s] GC(137)   Pre Evacuate Collection Set: 0.3ms
[2025-06-28T00:22:18.641+0200][7.437s] GC(137)   Merge Heap Roots: 0.1ms
[2025-06-28T00:22:18.641+0200][7.437s] GC(137)   Evacuate Collection Set: 1.7ms
[2025-06-28T00:22:18.641+0200][7.437s] GC(137)   Post Evacuate Collection Set: 0.9ms
[2025-06-28T00:22:18.641+0200][7.437s] GC(137)   Other: 0.1ms
[2025-06-28T00:22:18.641+0200][7.437s] GC(137) Eden regions: 1->0(1)
[2025-06-28T00:22:18.641+0200][7.437s] GC(137) Survivor regions: 1->1(1)
[2025-06-28T00:22:18.641+0200][7.437s] GC(137) Old regions: 17->17
[2025-06-28T00:22:18.641+0200][7.437s] GC(137) Humongous regions: 0->0
[2025-06-28T00:22:18.641+0200][7.437s] GC(137) Metaspace: 33146K(33728K)->33146K(33728K) NonClass: 28986K(29312K)->28986K(29312K) Class: 4160K(4416K)->4160K(4416K)
[2025-06-28T00:22:18.641+0200][7.438s] GC(137) Pause Young (Concurrent Start) (G1 Evacuation Pause) 17M->16M(22M) 3.275ms
[2025-06-28T00:22:18.641+0200][7.438s] GC(137) User=0.00s Sys=0.00s Real=0.00s
[2025-06-28T00:22:18.641+0200][7.438s] GC(138) Concurrent Mark Cycle
[2025-06-28T00:22:18.642+0200][7.438s] GC(138) Concurrent Scan Root Regions
[2025-06-28T00:22:18.642+0200][7.438s] GC(138) Concurrent Scan Root Regions 0.808ms
[2025-06-28T00:22:18.642+0200][7.438s] GC(138) Concurrent Mark
[2025-06-28T00:22:18.643+0200][7.438s] GC(138) Concurrent Mark From Roots
[2025-06-28T00:22:18.643+0200][7.438s] GC(138) Using 3 workers of 3 for marking
[2025-06-28T00:22:18.654+0200][7.451s] GC(139) Pause Young (Normal) (G1 Evacuation Pause)
[2025-06-28T00:22:18.654+0200][7.451s] GC(139) Using 2 workers of 10 for evacuation
[2025-06-28T00:22:18.657+0200][7.453s] GC(139)   Pre Evacuate Collection Set: 0.1ms
[2025-06-28T00:22:18.657+0200][7.453s] GC(139)   Merge Heap Roots: 0.0ms
[2025-06-28T00:22:18.657+0200][7.453s] GC(139)   Evacuate Collection Set: 1.7ms
[2025-06-28T00:22:18.657+0200][7.453s] GC(139)   Post Evacuate Collection Set: 0.4ms
[2025-06-28T00:22:18.657+0200][7.453s] GC(139)   Other: 0.1ms
[2025-06-28T00:22:18.657+0200][7.453s] GC(139) Eden regions: 1->0(1)
[2025-06-28T00:22:18.657+0200][7.453s] GC(139) Survivor regions: 1->1(1)
[2025-06-28T00:22:18.657+0200][7.453s] GC(139) Old regions: 17->17
[2025-06-28T00:22:18.657+0200][7.453s] GC(139) Humongous regions: 0->0
[2025-06-28T00:22:18.657+0200][7.453s] GC(139) Metaspace: 33210K(33792K)->33210K(33792K) NonClass: 29032K(29376K)->29032K(29376K) Class: 4177K(4416K)->4177K(4416K)
[2025-06-28T00:22:18.657+0200][7.453s] GC(139) Pause Young (Normal) (G1 Evacuation Pause) 17M->16M(22M) 2.553ms
[2025-06-28T00:22:18.657+0200][7.453s] GC(139) User=0.00s Sys=0.00s Real=0.00s
[2025-06-28T00:22:18.660+0200][7.456s] GC(138) Concurrent Mark From Roots 17.666ms
[2025-06-28T00:22:18.660+0200][7.456s] GC(138) Concurrent Preclean
[2025-06-28T00:22:18.660+0200][7.456s] GC(138) Concurrent Preclean 0.160ms
[2025-06-28T00:22:18.660+0200][7.456s] GC(138) Pause Remark
[2025-06-28T00:22:18.665+0200][7.461s] GC(138) Pause Remark 17M->17M(22M) 4.532ms
[2025-06-28T00:22:18.665+0200][7.461s] GC(138) User=0.00s Sys=0.00s Real=0.00s
[2025-06-28T00:22:18.665+0200][7.461s] GC(138) Concurrent Mark 22.727ms
[2025-06-28T00:22:18.665+0200][7.461s] GC(138) Concurrent Rebuild Remembered Sets and Scrub Regions
[2025-06-28T00:22:18.671+0200][7.467s] GC(138) Concurrent Rebuild Remembered Sets and Scrub Regions 5.472ms
[2025-06-28T00:22:18.671+0200][7.467s] GC(138) Pause Cleanup
[2025-06-28T00:22:18.671+0200][7.467s] GC(138) Pause Cleanup 17M->17M(22M) 0.194ms
[2025-06-28T00:22:18.671+0200][7.467s] GC(138) User=0.00s Sys=0.00s Real=0.00s
[2025-06-28T00:22:18.671+0200][7.467s] GC(138) Concurrent Clear Claimed Marks
[2025-06-28T00:22:18.671+0200][7.467s] GC(138) Concurrent Clear Claimed Marks 0.063ms
[2025-06-28T00:22:18.671+0200][7.467s] GC(138) Concurrent Cleanup for Next Mark
[2025-06-28T00:22:18.671+0200][7.467s] GC(138) Concurrent Cleanup for Next Mark 0.162ms
[2025-06-28T00:22:18.671+0200][7.467s] GC(138) Concurrent Mark Cycle 29.958ms
[2025-06-28T00:22:18.673+0200][7.469s] GC(140) Pause Young (Normal) (G1 Evacuation Pause)
[2025-06-28T00:22:18.673+0200][7.469s] GC(140) Using 2 workers of 10 for evacuation
[2025-06-28T00:22:18.675+0200][7.472s] GC(140)   Pre Evacuate Collection Set: 0.2ms
[2025-06-28T00:22:18.675+0200][7.472s] GC(140)   Merge Heap Roots: 0.1ms
[2025-06-28T00:22:18.675+0200][7.472s] GC(140)   Evacuate Collection Set: 1.8ms
[2025-06-28T00:22:18.675+0200][7.472s] GC(140)   Post Evacuate Collection Set: 0.5ms
[2025-06-28T00:22:18.675+0200][7.472s] GC(140)   Other: 0.1ms
[2025-06-28T00:22:18.675+0200][7.472s] GC(140) Eden regions: 1->0(1)
[2025-06-28T00:22:18.676+0200][7.472s] GC(140) Survivor regions: 1->1(1)
[2025-06-28T00:22:18.676+0200][7.472s] GC(140) Old regions: 17->17
[2025-06-28T00:22:18.676+0200][7.472s] GC(140) Humongous regions: 0->0
[2025-06-28T00:22:18.676+0200][7.472s] GC(140) Metaspace: 33254K(33792K)->33254K(33792K) NonClass: 29074K(29376K)->29074K(29376K) Class: 4180K(4416K)->4180K(4416K)
[2025-06-28T00:22:18.676+0200][7.472s] GC(140) Pause Young (Normal) (G1 Evacuation Pause) 17M->16M(22M) 2.841ms
[2025-06-28T00:22:18.676+0200][7.472s] GC(140) User=0.00s Sys=0.00s Real=0.00s
[2025-06-28T00:22:18.685+0200][7.482s] GC(141) Pause Young (Concurrent Start) (G1 Evacuation Pause)
[2025-06-28T00:22:18.685+0200][7.482s] GC(141) Using 2 workers of 10 for evacuation
[2025-06-28T00:22:18.688+0200][7.484s] GC(141)   Pre Evacuate Collection Set: 0.2ms
[2025-06-28T00:22:18.688+0200][7.484s] GC(141)   Merge Heap Roots: 0.1ms
[2025-06-28T00:22:18.688+0200][7.484s] GC(141)   Evacuate Collection Set: 1.6ms
[2025-06-28T00:22:18.688+0200][7.484s] GC(141)   Post Evacuate Collection Set: 0.4ms
[2025-06-28T00:22:18.688+0200][7.484s] GC(141)   Other: 0.1ms
[2025-06-28T00:22:18.688+0200][7.484s] GC(141) Eden regions: 1->0(1)
[2025-06-28T00:22:18.688+0200][7.484s] GC(141) Survivor regions: 1->1(1)
[2025-06-28T00:22:18.688+0200][7.484s] GC(141) Old regions: 17->17
[2025-06-28T00:22:18.688+0200][7.484s] GC(141) Humongous regions: 0->0
[2025-06-28T00:22:18.688+0200][7.484s] GC(141) Metaspace: 33367K(33920K)->33367K(33920K) NonClass: 29172K(29504K)->29172K(29504K) Class: 4195K(4416K)->4195K(4416K)
[2025-06-28T00:22:18.688+0200][7.484s] GC(141) Pause Young (Concurrent Start) (G1 Evacuation Pause) 17M->16M(22M) 2.611ms
[2025-06-28T00:22:18.688+0200][7.484s] GC(141) User=0.00s Sys=0.00s Real=0.00s
[2025-06-28T00:22:18.688+0200][7.485s] GC(142) Concurrent Mark Cycle
[2025-06-28T00:22:18.688+0200][7.485s] GC(142) Concurrent Scan Root Regions
[2025-06-28T00:22:18.690+0200][7.486s] GC(142) Concurrent Scan Root Regions 1.441ms
[2025-06-28T00:22:18.690+0200][7.486s] GC(142) Concurrent Mark
[2025-06-28T00:22:18.690+0200][7.486s] GC(142) Concurrent Mark From Roots
[2025-06-28T00:22:18.690+0200][7.486s] GC(142) Using 3 workers of 3 for marking
[2025-06-28T00:22:18.702+0200][7.498s] GC(143) Pause Young (Normal) (G1 Evacuation Pause)
[2025-06-28T00:22:18.702+0200][7.499s] GC(143) Using 2 workers of 10 for evacuation
[2025-06-28T00:22:18.704+0200][7.501s] GC(143)   Pre Evacuate Collection Set: 0.2ms
[2025-06-28T00:22:18.704+0200][7.501s] GC(143)   Merge Heap Roots: 0.0ms
[2025-06-28T00:22:18.704+0200][7.501s] GC(143)   Evacuate Collection Set: 1.6ms
[2025-06-28T00:22:18.704+0200][7.501s] GC(143)   Post Evacuate Collection Set: 0.3ms
[2025-06-28T00:22:18.704+0200][7.501s] GC(143)   Other: 0.1ms
[2025-06-28T00:22:18.705+0200][7.501s] GC(143) Eden regions: 1->0(1)
[2025-06-28T00:22:18.705+0200][7.501s] GC(143) Survivor regions: 1->1(1)
[2025-06-28T00:22:18.705+0200][7.501s] GC(143) Old regions: 17->17
[2025-06-28T00:22:18.705+0200][7.501s] GC(143) Humongous regions: 0->0
[2025-06-28T00:22:18.705+0200][7.501s] GC(143) Metaspace: 33478K(33984K)->33478K(33984K) NonClass: 29273K(29568K)->29273K(29568K) Class: 4205K(4416K)->4205K(4416K)
[2025-06-28T00:22:18.705+0200][7.501s] GC(143) Pause Young (Normal) (G1 Evacuation Pause) 17M->16M(22M) 2.492ms
[2025-06-28T00:22:18.705+0200][7.501s] GC(143) User=0.00s Sys=0.00s Real=0.00s
[2025-06-28T00:22:18.707+0200][7.504s] GC(142) Concurrent Mark From Roots 17.636ms
[2025-06-28T00:22:18.707+0200][7.504s] GC(142) Concurrent Preclean
[2025-06-28T00:22:18.708+0200][7.504s] GC(142) Concurrent Preclean 0.225ms
[2025-06-28T00:22:18.708+0200][7.504s] GC(142) Pause Remark
[2025-06-28T00:22:18.713+0200][7.509s] GC(142) Pause Remark 16M->16M(22M) 4.744ms
[2025-06-28T00:22:18.713+0200][7.509s] GC(142) User=0.00s Sys=0.00s Real=0.01s
[2025-06-28T00:22:18.713+0200][7.509s] GC(142) Concurrent Mark 23.026ms
[2025-06-28T00:22:18.713+0200][7.509s] GC(142) Concurrent Rebuild Remembered Sets and Scrub Regions
[2025-06-28T00:22:18.719+0200][7.515s] GC(142) Concurrent Rebuild Remembered Sets and Scrub Regions 6.167ms
[2025-06-28T00:22:18.719+0200][7.515s] GC(142) Pause Cleanup
[2025-06-28T00:22:18.719+0200][7.516s] GC(142) Pause Cleanup 17M->17M(22M) 0.132ms
[2025-06-28T00:22:18.719+0200][7.516s] GC(142) User=0.00s Sys=0.00s Real=0.00s
[2025-06-28T00:22:18.719+0200][7.516s] GC(142) Concurrent Clear Claimed Marks
[2025-06-28T00:22:18.719+0200][7.516s] GC(142) Concurrent Clear Claimed Marks 0.062ms
[2025-06-28T00:22:18.719+0200][7.516s] GC(142) Concurrent Cleanup for Next Mark
[2025-06-28T00:22:18.719+0200][7.516s] GC(142) Concurrent Cleanup for Next Mark 0.087ms
[2025-06-28T00:22:18.720+0200][7.516s] GC(142) Concurrent Mark Cycle 31.415ms
[2025-06-28T00:22:18.727+0200][7.523s] GC(144) Pause Young (Normal) (G1 Evacuation Pause)
[2025-06-28T00:22:18.727+0200][7.523s] GC(144) Using 2 workers of 10 for evacuation
[2025-06-28T00:22:18.730+0200][7.526s] GC(144)   Pre Evacuate Collection Set: 0.2ms
[2025-06-28T00:22:18.730+0200][7.526s] GC(144)   Merge Heap Roots: 0.1ms
[2025-06-28T00:22:18.730+0200][7.526s] GC(144)   Evacuate Collection Set: 2.0ms
[2025-06-28T00:22:18.730+0200][7.526s] GC(144)   Post Evacuate Collection Set: 0.6ms
[2025-06-28T00:22:18.730+0200][7.527s] GC(144)   Other: 0.1ms
[2025-06-28T00:22:18.730+0200][7.527s] GC(144) Eden regions: 1->0(1)
[2025-06-28T00:22:18.730+0200][7.527s] GC(144) Survivor regions: 1->1(1)
[2025-06-28T00:22:18.730+0200][7.527s] GC(144) Old regions: 17->17
[2025-06-28T00:22:18.730+0200][7.527s] GC(144) Humongous regions: 0->0
[2025-06-28T00:22:18.730+0200][7.527s] GC(144) Metaspace: 33551K(34112K)->33551K(34112K) NonClass: 29330K(29632K)->29330K(29632K) Class: 4220K(4480K)->4220K(4480K)
[2025-06-28T00:22:18.730+0200][7.527s] GC(144) Pause Young (Normal) (G1 Evacuation Pause) 17M->16M(22M) 3.366ms
[2025-06-28T00:22:18.730+0200][7.527s] GC(144) User=0.02s Sys=0.00s Real=0.00s
[2025-06-28T00:22:18.747+0200][7.544s] GC(145) Pause Young (Concurrent Start) (G1 Evacuation Pause)
[2025-06-28T00:22:18.747+0200][7.544s] GC(145) Using 2 workers of 10 for evacuation
[2025-06-28T00:22:18.750+0200][7.546s] GC(145)   Pre Evacuate Collection Set: 0.2ms
[2025-06-28T00:22:18.750+0200][7.546s] GC(145)   Merge Heap Roots: 0.1ms
[2025-06-28T00:22:18.750+0200][7.546s] GC(145)   Evacuate Collection Set: 1.5ms
[2025-06-28T00:22:18.750+0200][7.546s] GC(145)   Post Evacuate Collection Set: 0.5ms
[2025-06-28T00:22:18.750+0200][7.546s] GC(145)   Other: 0.1ms
[2025-06-28T00:22:18.750+0200][7.546s] GC(145) Eden regions: 1->0(1)
[2025-06-28T00:22:18.750+0200][7.546s] GC(145) Survivor regions: 1->1(1)
[2025-06-28T00:22:18.750+0200][7.546s] GC(145) Old regions: 17->17
[2025-06-28T00:22:18.750+0200][7.546s] GC(145) Humongous regions: 0->0
[2025-06-28T00:22:18.750+0200][7.546s] GC(145) Metaspace: 33671K(34240K)->33671K(34240K) NonClass: 29432K(29760K)->29432K(29760K) Class: 4239K(4480K)->4239K(4480K)
[2025-06-28T00:22:18.750+0200][7.546s] GC(145) Pause Young (Concurrent Start) (G1 Evacuation Pause) 17M->16M(22M) 2.573ms
[2025-06-28T00:22:18.750+0200][7.546s] GC(145) User=0.00s Sys=0.00s Real=0.00s
[2025-06-28T00:22:18.750+0200][7.546s] GC(146) Concurrent Mark Cycle
[2025-06-28T00:22:18.750+0200][7.546s] GC(146) Concurrent Scan Root Regions
[2025-06-28T00:22:18.751+0200][7.547s] GC(146) Concurrent Scan Root Regions 0.621ms
[2025-06-28T00:22:18.751+0200][7.547s] GC(146) Concurrent Mark
[2025-06-28T00:22:18.751+0200][7.547s] GC(146) Concurrent Mark From Roots
[2025-06-28T00:22:18.751+0200][7.547s] GC(146) Using 3 workers of 3 for marking
[2025-06-28T00:22:18.763+0200][7.559s] GC(146) Concurrent Mark From Roots 11.953ms
[2025-06-28T00:22:18.763+0200][7.559s] GC(146) Concurrent Preclean
[2025-06-28T00:22:18.763+0200][7.559s] GC(146) Concurrent Preclean 0.128ms
[2025-06-28T00:22:18.763+0200][7.559s] GC(146) Pause Remark
[2025-06-28T00:22:18.767+0200][7.564s] GC(146) Pause Remark 17M->17M(22M) 4.470ms
[2025-06-28T00:22:18.767+0200][7.564s] GC(146) User=0.00s Sys=0.00s Real=0.00s
[2025-06-28T00:22:18.768+0200][7.564s] GC(146) Concurrent Mark 16.967ms
[2025-06-28T00:22:18.768+0200][7.564s] GC(146) Concurrent Rebuild Remembered Sets and Scrub Regions
[2025-06-28T00:22:18.774+0200][7.570s] GC(146) Concurrent Rebuild Remembered Sets and Scrub Regions 5.808ms
[2025-06-28T00:22:18.774+0200][7.570s] GC(146) Pause Cleanup
[2025-06-28T00:22:18.774+0200][7.570s] GC(146) Pause Cleanup 17M->17M(22M) 0.118ms
[2025-06-28T00:22:18.774+0200][7.570s] GC(146) User=0.00s Sys=0.00s Real=0.00s
[2025-06-28T00:22:18.774+0200][7.570s] GC(146) Concurrent Clear Claimed Marks
[2025-06-28T00:22:18.774+0200][7.570s] GC(146) Concurrent Clear Claimed Marks 0.069ms
[2025-06-28T00:22:18.774+0200][7.570s] GC(146) Concurrent Cleanup for Next Mark
[2025-06-28T00:22:18.774+0200][7.571s] GC(146) Concurrent Cleanup for Next Mark 0.079ms
[2025-06-28T00:22:18.774+0200][7.571s] GC(146) Concurrent Mark Cycle 24.311ms
[2025-06-28T00:22:18.776+0200][7.572s] GC(147) Pause Young (Normal) (G1 Evacuation Pause)
[2025-06-28T00:22:18.776+0200][7.572s] GC(147) Using 2 workers of 10 for evacuation
[2025-06-28T00:22:18.779+0200][7.574s] GC(147)   Pre Evacuate Collection Set: 0.1ms
[2025-06-28T00:22:18.779+0200][7.574s] GC(147)   Merge Heap Roots: 0.1ms
[2025-06-28T00:22:18.779+0200][7.574s] GC(147)   Evacuate Collection Set: 1.5ms
[2025-06-28T00:22:18.779+0200][7.575s] GC(147)   Post Evacuate Collection Set: 0.5ms
[2025-06-28T00:22:18.779+0200][7.575s] GC(147)   Other: 0.1ms
[2025-06-28T00:22:18.779+0200][7.575s] GC(147) Eden regions: 1->0(1)
[2025-06-28T00:22:18.779+0200][7.575s] GC(147) Survivor regions: 1->1(1)
[2025-06-28T00:22:18.779+0200][7.575s] GC(147) Old regions: 17->17
[2025-06-28T00:22:18.779+0200][7.575s] GC(147) Humongous regions: 0->0
[2025-06-28T00:22:18.779+0200][7.575s] GC(147) Metaspace: 33828K(34368K)->33828K(34368K) NonClass: 29559K(29888K)->29559K(29888K) Class: 4269K(4480K)->4269K(4480K)
[2025-06-28T00:22:18.779+0200][7.575s] GC(147) Pause Young (Normal) (G1 Evacuation Pause) 17M->16M(22M) 2.469ms
[2025-06-28T00:22:18.779+0200][7.575s] GC(147) User=0.00s Sys=0.02s Real=0.00s
[2025-06-28T00:22:18.789+0200][7.585s] GC(148) Pause Young (Concurrent Start) (G1 Evacuation Pause)
[2025-06-28T00:22:18.789+0200][7.585s] GC(148) Using 2 workers of 10 for evacuation
[2025-06-28T00:22:18.791+0200][7.587s] GC(148)   Pre Evacuate Collection Set: 0.2ms
[2025-06-28T00:22:18.791+0200][7.587s] GC(148)   Merge Heap Roots: 0.1ms
[2025-06-28T00:22:18.791+0200][7.587s] GC(148)   Evacuate Collection Set: 1.3ms
[2025-06-28T00:22:18.791+0200][7.587s] GC(148)   Post Evacuate Collection Set: 0.4ms
[2025-06-28T00:22:18.791+0200][7.587s] GC(148)   Other: 0.1ms
[2025-06-28T00:22:18.791+0200][7.587s] GC(148) Eden regions: 1->0(1)
[2025-06-28T00:22:18.791+0200][7.587s] GC(148) Survivor regions: 1->1(1)
[2025-06-28T00:22:18.791+0200][7.587s] GC(148) Old regions: 17->17
[2025-06-28T00:22:18.791+0200][7.587s] GC(148) Humongous regions: 0->0
[2025-06-28T00:22:18.791+0200][7.587s] GC(148) Metaspace: 33991K(34560K)->33991K(34560K) NonClass: 29698K(30016K)->29698K(30016K) Class: 4292K(4544K)->4292K(4544K)
[2025-06-28T00:22:18.791+0200][7.587s] GC(148) Pause Young (Concurrent Start) (G1 Evacuation Pause) 17M->16M(22M) 2.293ms
[2025-06-28T00:22:18.791+0200][7.587s] GC(148) User=0.00s Sys=0.00s Real=0.00s
[2025-06-28T00:22:18.791+0200][7.587s] GC(149) Concurrent Mark Cycle
[2025-06-28T00:22:18.791+0200][7.587s] GC(149) Concurrent Scan Root Regions
[2025-06-28T00:22:18.792+0200][7.588s] GC(149) Concurrent Scan Root Regions 0.681ms
[2025-06-28T00:22:18.792+0200][7.588s] GC(149) Concurrent Mark
[2025-06-28T00:22:18.792+0200][7.588s] GC(149) Concurrent Mark From Roots
[2025-06-28T00:22:18.792+0200][7.588s] GC(149) Using 3 workers of 3 for marking
[2025-06-28T00:22:18.807+0200][7.603s] GC(149) Concurrent Mark From Roots 14.584ms
[2025-06-28T00:22:18.807+0200][7.603s] GC(149) Concurrent Preclean
[2025-06-28T00:22:18.807+0200][7.603s] GC(149) Concurrent Preclean 0.572ms
[2025-06-28T00:22:18.808+0200][7.604s] GC(149) Pause Remark
[2025-06-28T00:22:18.817+0200][7.613s] GC(149) Pause Remark 17M->17M(22M) 9.465ms
[2025-06-28T00:22:18.817+0200][7.613s] GC(149) User=0.05s Sys=0.00s Real=0.01s
[2025-06-28T00:22:18.817+0200][7.613s] GC(149) Concurrent Mark 25.147ms
[2025-06-28T00:22:18.817+0200][7.613s] GC(149) Concurrent Rebuild Remembered Sets and Scrub Regions
[2025-06-28T00:22:18.818+0200][7.614s] GC(150) Pause Young (Normal) (G1 Evacuation Pause)
[2025-06-28T00:22:18.818+0200][7.614s] GC(150) Using 2 workers of 10 for evacuation
[2025-06-28T00:22:18.820+0200][7.616s] GC(150)   Pre Evacuate Collection Set: 0.2ms
[2025-06-28T00:22:18.820+0200][7.616s] GC(150)   Merge Heap Roots: 0.1ms
[2025-06-28T00:22:18.820+0200][7.616s] GC(150)   Evacuate Collection Set: 1.4ms
[2025-06-28T00:22:18.820+0200][7.616s] GC(150)   Post Evacuate Collection Set: 0.5ms
[2025-06-28T00:22:18.820+0200][7.616s] GC(150)   Other: 0.1ms
[2025-06-28T00:22:18.820+0200][7.616s] GC(150) Eden regions: 1->0(1)
[2025-06-28T00:22:18.820+0200][7.616s] GC(150) Survivor regions: 1->1(1)
[2025-06-28T00:22:18.820+0200][7.616s] GC(150) Old regions: 17->17
[2025-06-28T00:22:18.820+0200][7.616s] GC(150) Humongous regions: 0->0
[2025-06-28T00:22:18.820+0200][7.616s] GC(150) Metaspace: 34120K(34688K)->34120K(34688K) NonClass: 29809K(30144K)->29809K(30144K) Class: 4311K(4544K)->4311K(4544K)
[2025-06-28T00:22:18.820+0200][7.616s] GC(150) Pause Young (Normal) (G1 Evacuation Pause) 17M->16M(22M) 2.466ms
[2025-06-28T00:22:18.821+0200][7.616s] GC(150) User=0.00s Sys=0.00s Real=0.00s
[2025-06-28T00:22:18.826+0200][7.622s] GC(149) Concurrent Rebuild Remembered Sets and Scrub Regions 9.000ms
[2025-06-28T00:22:18.827+0200][7.623s] GC(149) Pause Cleanup
[2025-06-28T00:22:18.827+0200][7.623s] GC(149) Pause Cleanup 17M->17M(22M) 0.120ms
[2025-06-28T00:22:18.827+0200][7.623s] GC(149) User=0.00s Sys=0.00s Real=0.00s
[2025-06-28T00:22:18.827+0200][7.623s] GC(149) Concurrent Clear Claimed Marks
[2025-06-28T00:22:18.827+0200][7.623s] GC(149) Concurrent Clear Claimed Marks 0.067ms
[2025-06-28T00:22:18.827+0200][7.623s] GC(149) Concurrent Cleanup for Next Mark
[2025-06-28T00:22:18.827+0200][7.623s] GC(149) Concurrent Cleanup for Next Mark 0.098ms
[2025-06-28T00:22:18.827+0200][7.623s] GC(149) Concurrent Mark Cycle 35.838ms
[2025-06-28T00:22:18.841+0200][7.637s] GC(151) Pause Young (Normal) (G1 Evacuation Pause)
[2025-06-28T00:22:18.841+0200][7.637s] GC(151) Using 2 workers of 10 for evacuation
[2025-06-28T00:22:18.843+0200][7.639s] GC(151)   Pre Evacuate Collection Set: 0.2ms
[2025-06-28T00:22:18.843+0200][7.639s] GC(151)   Merge Heap Roots: 0.1ms
[2025-06-28T00:22:18.843+0200][7.639s] GC(151)   Evacuate Collection Set: 1.2ms
[2025-06-28T00:22:18.843+0200][7.639s] GC(151)   Post Evacuate Collection Set: 0.8ms
[2025-06-28T00:22:18.843+0200][7.639s] GC(151)   Other: 0.1ms
[2025-06-28T00:22:18.843+0200][7.640s] GC(151) Eden regions: 1->0(1)
[2025-06-28T00:22:18.843+0200][7.640s] GC(151) Survivor regions: 1->1(1)
[2025-06-28T00:22:18.843+0200][7.640s] GC(151) Old regions: 17->17
[2025-06-28T00:22:18.843+0200][7.640s] GC(151) Humongous regions: 0->0
[2025-06-28T00:22:18.843+0200][7.640s] GC(151) Metaspace: 34294K(34816K)->34294K(34816K) NonClass: 29961K(30272K)->29961K(30272K) Class: 4333K(4544K)->4333K(4544K)
[2025-06-28T00:22:18.843+0200][7.640s] GC(151) Pause Young (Normal) (G1 Evacuation Pause) 17M->16M(22M) 2.698ms
[2025-06-28T00:22:18.843+0200][7.640s] GC(151) User=0.00s Sys=0.00s Real=0.00s
[2025-06-28T00:22:18.859+0200][7.655s] GC(152) Pause Young (Concurrent Start) (G1 Evacuation Pause)
[2025-06-28T00:22:18.859+0200][7.655s] GC(152) Using 2 workers of 10 for evacuation
[2025-06-28T00:22:18.861+0200][7.658s] GC(152)   Pre Evacuate Collection Set: 0.2ms
[2025-06-28T00:22:18.861+0200][7.658s] GC(152)   Merge Heap Roots: 0.1ms
[2025-06-28T00:22:18.861+0200][7.658s] GC(152)   Evacuate Collection Set: 1.4ms
[2025-06-28T00:22:18.861+0200][7.658s] GC(152)   Post Evacuate Collection Set: 0.4ms
[2025-06-28T00:22:18.861+0200][7.658s] GC(152)   Other: 0.1ms
[2025-06-28T00:22:18.861+0200][7.658s] GC(152) Eden regions: 1->0(1)
[2025-06-28T00:22:18.861+0200][7.658s] GC(152) Survivor regions: 1->1(1)
[2025-06-28T00:22:18.861+0200][7.658s] GC(152) Old regions: 17->17
[2025-06-28T00:22:18.861+0200][7.658s] GC(152) Humongous regions: 0->0
[2025-06-28T00:22:18.861+0200][7.658s] GC(152) Metaspace: 34538K(35072K)->34538K(35072K) NonClass: 30172K(30464K)->30172K(30464K) Class: 4366K(4608K)->4366K(4608K)
[2025-06-28T00:22:18.861+0200][7.658s] GC(152) Pause Young (Concurrent Start) (G1 Evacuation Pause) 17M->17M(22M) 2.462ms
[2025-06-28T00:22:18.861+0200][7.658s] GC(152) User=0.00s Sys=0.00s Real=0.00s
[2025-06-28T00:22:18.861+0200][7.658s] GC(153) Concurrent Mark Cycle
[2025-06-28T00:22:18.861+0200][7.658s] GC(153) Concurrent Scan Root Regions
[2025-06-28T00:22:18.862+0200][7.658s] GC(153) Concurrent Scan Root Regions 0.642ms
[2025-06-28T00:22:18.862+0200][7.658s] GC(153) Concurrent Mark
[2025-06-28T00:22:18.862+0200][7.659s] GC(153) Concurrent Mark From Roots
[2025-06-28T00:22:18.862+0200][7.659s] GC(153) Using 3 workers of 3 for marking
[2025-06-28T00:22:18.873+0200][7.670s] GC(153) Concurrent Mark From Roots 11.238ms
[2025-06-28T00:22:18.873+0200][7.670s] GC(153) Concurrent Preclean
[2025-06-28T00:22:18.873+0200][7.670s] GC(153) Concurrent Preclean 0.136ms
[2025-06-28T00:22:18.873+0200][7.670s] GC(153) Pause Remark
[2025-06-28T00:22:18.878+0200][7.675s] GC(153) Pause Remark 18M->18M(22M) 4.592ms
[2025-06-28T00:22:18.879+0200][7.675s] GC(153) User=0.00s Sys=0.00s Real=0.01s
[2025-06-28T00:22:18.879+0200][7.675s] GC(153) Concurrent Mark 16.364ms
[2025-06-28T00:22:18.879+0200][7.675s] GC(153) Concurrent Rebuild Remembered Sets and Scrub Regions
[2025-06-28T00:22:18.879+0200][7.675s] GC(154) Pause Young (Normal) (G1 Evacuation Pause)
[2025-06-28T00:22:18.879+0200][7.675s] GC(154) Using 2 workers of 10 for evacuation
[2025-06-28T00:22:18.881+0200][7.678s] GC(154)   Pre Evacuate Collection Set: 0.2ms
[2025-06-28T00:22:18.881+0200][7.678s] GC(154)   Merge Heap Roots: 0.1ms
[2025-06-28T00:22:18.881+0200][7.678s] GC(154)   Evacuate Collection Set: 1.5ms
[2025-06-28T00:22:18.881+0200][7.678s] GC(154)   Post Evacuate Collection Set: 0.3ms
[2025-06-28T00:22:18.881+0200][7.678s] GC(154)   Other: 0.1ms
[2025-06-28T00:22:18.881+0200][7.678s] GC(154) Eden regions: 1->0(1)
[2025-06-28T00:22:18.881+0200][7.678s] GC(154) Survivor regions: 1->1(1)
[2025-06-28T00:22:18.881+0200][7.678s] GC(154) Old regions: 17->17
[2025-06-28T00:22:18.881+0200][7.678s] GC(154) Humongous regions: 0->0
[2025-06-28T00:22:18.881+0200][7.678s] GC(154) Metaspace: 34790K(35328K)->34790K(35328K) NonClass: 30387K(30720K)->30387K(30720K) Class: 4403K(4608K)->4403K(4608K)
[2025-06-28T00:22:18.881+0200][7.678s] GC(154) Pause Young (Normal) (G1 Evacuation Pause) 18M->17M(22M) 2.310ms
[2025-06-28T00:22:18.882+0200][7.678s] GC(154) User=0.00s Sys=0.00s Real=0.00s
[2025-06-28T00:22:18.887+0200][7.683s] GC(153) Concurrent Rebuild Remembered Sets and Scrub Regions 8.231ms
[2025-06-28T00:22:18.887+0200][7.683s] GC(153) Pause Cleanup
[2025-06-28T00:22:18.887+0200][7.684s] GC(153) Pause Cleanup 17M->17M(22M) 0.230ms
[2025-06-28T00:22:18.887+0200][7.684s] GC(153) User=0.00s Sys=0.00s Real=0.00s
[2025-06-28T00:22:18.887+0200][7.684s] GC(153) Concurrent Clear Claimed Marks
[2025-06-28T00:22:18.887+0200][7.684s] GC(153) Concurrent Clear Claimed Marks 0.066ms
[2025-06-28T00:22:18.888+0200][7.684s] GC(153) Concurrent Cleanup for Next Mark
[2025-06-28T00:22:18.888+0200][7.684s] GC(153) Concurrent Cleanup for Next Mark 0.153ms
[2025-06-28T00:22:18.888+0200][7.684s] GC(153) Concurrent Mark Cycle 26.232ms
[2025-06-28T00:22:18.899+0200][7.695s] GC(155) Pause Young (Prepare Mixed) (G1 Evacuation Pause)
[2025-06-28T00:22:18.899+0200][7.695s] GC(155) Using 2 workers of 10 for evacuation
[2025-06-28T00:22:18.901+0200][7.697s] GC(155)   Pre Evacuate Collection Set: 0.2ms
[2025-06-28T00:22:18.901+0200][7.697s] GC(155)   Merge Heap Roots: 0.1ms
[2025-06-28T00:22:18.901+0200][7.697s] GC(155)   Evacuate Collection Set: 1.2ms
[2025-06-28T00:22:18.901+0200][7.697s] GC(155)   Post Evacuate Collection Set: 0.4ms
[2025-06-28T00:22:18.901+0200][7.697s] GC(155)   Other: 0.1ms
[2025-06-28T00:22:18.901+0200][7.697s] GC(155) Eden regions: 1->0(1)
[2025-06-28T00:22:18.901+0200][7.697s] GC(155) Survivor regions: 1->1(1)
[2025-06-28T00:22:18.901+0200][7.697s] GC(155) Old regions: 17->17
[2025-06-28T00:22:18.901+0200][7.697s] GC(155) Humongous regions: 0->0
[2025-06-28T00:22:18.901+0200][7.697s] GC(155) Metaspace: 34977K(35520K)->34977K(35520K) NonClass: 30538K(30848K)->30538K(30848K) Class: 4439K(4672K)->4439K(4672K)
[2025-06-28T00:22:18.901+0200][7.697s] GC(155) Pause Young (Prepare Mixed) (G1 Evacuation Pause) 18M->17M(22M) 2.123ms
[2025-06-28T00:22:18.901+0200][7.697s] GC(155) User=0.00s Sys=0.00s Real=0.00s
[2025-06-28T00:22:18.917+0200][7.713s] GC(156) Pause Young (Mixed) (G1 Evacuation Pause)
[2025-06-28T00:22:18.917+0200][7.713s] GC(156) Using 2 workers of 10 for evacuation
[2025-06-28T00:22:18.921+0200][7.718s] GC(156)   Pre Evacuate Collection Set: 0.3ms
[2025-06-28T00:22:18.921+0200][7.718s] GC(156)   Merge Heap Roots: 0.2ms
[2025-06-28T00:22:18.921+0200][7.718s] GC(156)   Evacuate Collection Set: 3.5ms
[2025-06-28T00:22:18.921+0200][7.718s] GC(156)   Post Evacuate Collection Set: 0.6ms
[2025-06-28T00:22:18.922+0200][7.718s] GC(156)   Other: 0.1ms
[2025-06-28T00:22:18.922+0200][7.718s] GC(156) Eden regions: 1->0(1)
[2025-06-28T00:22:18.922+0200][7.718s] GC(156) Survivor regions: 1->1(1)
[2025-06-28T00:22:18.922+0200][7.718s] GC(156) Old regions: 17->17
[2025-06-28T00:22:18.922+0200][7.718s] GC(156) Humongous regions: 0->0
[2025-06-28T00:22:18.922+0200][7.718s] GC(156) Metaspace: 35116K(35648K)->35116K(35648K) NonClass: 30648K(30976K)->30648K(30976K) Class: 4467K(4672K)->4467K(4672K)
[2025-06-28T00:22:18.922+0200][7.718s] GC(156) Pause Young (Mixed) (G1 Evacuation Pause) 18M->16M(22M) 4.893ms
[2025-06-28T00:22:18.922+0200][7.718s] GC(156) User=0.00s Sys=0.02s Real=0.00s
[2025-06-28T00:22:18.938+0200][7.734s] GC(157) Pause Young (Concurrent Start) (G1 Evacuation Pause)
[2025-06-28T00:22:18.939+0200][7.735s] GC(157) Using 2 workers of 10 for evacuation
[2025-06-28T00:22:18.941+0200][7.737s] GC(157)   Pre Evacuate Collection Set: 0.2ms
[2025-06-28T00:22:18.941+0200][7.737s] GC(157)   Merge Heap Roots: 0.1ms
[2025-06-28T00:22:18.941+0200][7.737s] GC(157)   Evacuate Collection Set: 1.2ms
[2025-06-28T00:22:18.941+0200][7.737s] GC(157)   Post Evacuate Collection Set: 0.6ms
[2025-06-28T00:22:18.941+0200][7.737s] GC(157)   Other: 0.1ms
[2025-06-28T00:22:18.941+0200][7.737s] GC(157) Eden regions: 1->0(1)
[2025-06-28T00:22:18.941+0200][7.737s] GC(157) Survivor regions: 1->1(1)
[2025-06-28T00:22:18.941+0200][7.737s] GC(157) Old regions: 17->17
[2025-06-28T00:22:18.941+0200][7.737s] GC(157) Humongous regions: 0->0
[2025-06-28T00:22:18.941+0200][7.737s] GC(157) Metaspace: 35230K(35776K)->35230K(35776K) NonClass: 30738K(31040K)->30738K(31040K) Class: 4492K(4736K)->4492K(4736K)
[2025-06-28T00:22:18.941+0200][7.737s] GC(157) Pause Young (Concurrent Start) (G1 Evacuation Pause) 17M->17M(22M) 2.408ms
[2025-06-28T00:22:18.941+0200][7.737s] GC(157) User=0.00s Sys=0.00s Real=0.00s
[2025-06-28T00:22:18.941+0200][7.737s] GC(158) Concurrent Mark Cycle
[2025-06-28T00:22:18.941+0200][7.737s] GC(158) Concurrent Scan Root Regions
[2025-06-28T00:22:18.942+0200][7.738s] GC(158) Concurrent Scan Root Regions 0.620ms
[2025-06-28T00:22:18.942+0200][7.738s] GC(158) Concurrent Mark
[2025-06-28T00:22:18.942+0200][7.738s] GC(158) Concurrent Mark From Roots
[2025-06-28T00:22:18.942+0200][7.738s] GC(158) Using 3 workers of 3 for marking
[2025-06-28T00:22:18.947+0200][7.743s] GC(159) Pause Young (Normal) (G1 Evacuation Pause)
[2025-06-28T00:22:18.948+0200][7.744s] GC(159) Using 2 workers of 10 for evacuation
[2025-06-28T00:22:18.949+0200][7.746s] GC(159)   Pre Evacuate Collection Set: 0.2ms
[2025-06-28T00:22:18.949+0200][7.746s] GC(159)   Merge Heap Roots: 0.2ms
[2025-06-28T00:22:18.949+0200][7.746s] GC(159)   Evacuate Collection Set: 1.1ms
[2025-06-28T00:22:18.949+0200][7.746s] GC(159)   Post Evacuate Collection Set: 0.5ms
[2025-06-28T00:22:18.949+0200][7.746s] GC(159)   Other: 0.1ms
[2025-06-28T00:22:18.949+0200][7.746s] GC(159) Eden regions: 1->0(1)
[2025-06-28T00:22:18.949+0200][7.746s] GC(159) Survivor regions: 1->1(1)
[2025-06-28T00:22:18.949+0200][7.746s] GC(159) Old regions: 17->17
[2025-06-28T00:22:18.949+0200][7.746s] GC(159) Humongous regions: 0->0
[2025-06-28T00:22:18.949+0200][7.746s] GC(159) Metaspace: 35238K(35776K)->35238K(35776K) NonClass: 30744K(31040K)->30744K(31040K) Class: 4493K(4736K)->4493K(4736K)
[2025-06-28T00:22:18.949+0200][7.746s] GC(159) Pause Young (Normal) (G1 Evacuation Pause) 18M->17M(22M) 2.267ms
[2025-06-28T00:22:18.949+0200][7.746s] GC(159) User=0.02s Sys=0.02s Real=0.00s
[2025-06-28T00:22:18.955+0200][7.751s] GC(160) Pause Young (Normal) (G1 Evacuation Pause)
[2025-06-28T00:22:18.955+0200][7.751s] GC(160) Using 2 workers of 10 for evacuation
[2025-06-28T00:22:18.956+0200][7.753s] GC(160)   Pre Evacuate Collection Set: 0.2ms
[2025-06-28T00:22:18.956+0200][7.753s] GC(160)   Merge Heap Roots: 0.1ms
[2025-06-28T00:22:18.956+0200][7.753s] GC(160)   Evacuate Collection Set: 1.0ms
[2025-06-28T00:22:18.956+0200][7.753s] GC(160)   Post Evacuate Collection Set: 0.4ms
[2025-06-28T00:22:18.956+0200][7.753s] GC(160)   Other: 0.1ms
[2025-06-28T00:22:18.957+0200][7.753s] GC(160) Eden regions: 1->0(1)
[2025-06-28T00:22:18.957+0200][7.753s] GC(160) Survivor regions: 1->1(1)
[2025-06-28T00:22:18.957+0200][7.753s] GC(160) Old regions: 17->17
[2025-06-28T00:22:18.957+0200][7.753s] GC(160) Humongous regions: 0->0
[2025-06-28T00:22:18.957+0200][7.753s] GC(160) Metaspace: 35246K(35776K)->35246K(35776K) NonClass: 30751K(31040K)->30751K(31040K) Class: 4495K(4736K)->4495K(4736K)
[2025-06-28T00:22:18.957+0200][7.753s] GC(160) Pause Young (Normal) (G1 Evacuation Pause) 18M->17M(22M) 1.953ms
[2025-06-28T00:22:18.957+0200][7.753s] GC(160) User=0.00s Sys=0.00s Real=0.00s
[2025-06-28T00:22:18.960+0200][7.757s] GC(158) Concurrent Mark From Roots 19.349ms
[2025-06-28T00:22:18.961+0200][7.757s] GC(158) Concurrent Preclean
[2025-06-28T00:22:18.961+0200][7.757s] GC(158) Concurrent Preclean 0.166ms
[2025-06-28T00:22:18.961+0200][7.757s] GC(158) Pause Remark
[2025-06-28T00:22:18.969+0200][7.766s] GC(158) Pause Remark 17M->17M(22M) 8.140ms
[2025-06-28T00:22:18.969+0200][7.766s] GC(158) User=0.02s Sys=0.02s Real=0.01s
[2025-06-28T00:22:18.969+0200][7.766s] GC(158) Concurrent Mark 28.125ms
[2025-06-28T00:22:18.969+0200][7.766s] GC(158) Concurrent Rebuild Remembered Sets and Scrub Regions
[2025-06-28T00:22:18.975+0200][7.772s] GC(158) Concurrent Rebuild Remembered Sets and Scrub Regions 6.161ms
[2025-06-28T00:22:18.975+0200][7.772s] GC(158) Pause Cleanup
[2025-06-28T00:22:18.975+0200][7.772s] GC(158) Pause Cleanup 17M->17M(22M) 0.212ms
[2025-06-28T00:22:18.975+0200][7.772s] GC(158) User=0.00s Sys=0.00s Real=0.00s
[2025-06-28T00:22:18.975+0200][7.773s] GC(158) Concurrent Clear Claimed Marks
[2025-06-28T00:22:18.977+0200][7.773s] GC(158) Concurrent Clear Claimed Marks 0.071ms
[2025-06-28T00:22:18.977+0200][7.773s] GC(158) Concurrent Cleanup for Next Mark
[2025-06-28T00:22:18.977+0200][7.773s] GC(158) Concurrent Cleanup for Next Mark 0.083ms
[2025-06-28T00:22:18.977+0200][7.773s] GC(158) Concurrent Mark Cycle 35.866ms
[2025-06-28T00:22:18.982+0200][7.779s] GC(161) Pause Young (Prepare Mixed) (G1 Evacuation Pause)
[2025-06-28T00:22:18.982+0200][7.779s] GC(161) Using 2 workers of 10 for evacuation
[2025-06-28T00:22:18.985+0200][7.782s] GC(161)   Pre Evacuate Collection Set: 0.2ms
[2025-06-28T00:22:18.985+0200][7.782s] GC(161)   Merge Heap Roots: 0.1ms
[2025-06-28T00:22:18.985+0200][7.782s] GC(161)   Evacuate Collection Set: 1.6ms
[2025-06-28T00:22:18.985+0200][7.782s] GC(161)   Post Evacuate Collection Set: 1.0ms
[2025-06-28T00:22:18.985+0200][7.782s] GC(161)   Other: 0.1ms
[2025-06-28T00:22:18.986+0200][7.782s] GC(161) Eden regions: 1->0(1)
[2025-06-28T00:22:18.986+0200][7.782s] GC(161) Survivor regions: 1->1(1)
[2025-06-28T00:22:18.986+0200][7.782s] GC(161) Old regions: 17->17
[2025-06-28T00:22:18.986+0200][7.782s] GC(161) Humongous regions: 0->0
[2025-06-28T00:22:18.986+0200][7.782s] GC(161) Metaspace: 35367K(35904K)->35367K(35904K) NonClass: 30854K(31168K)->30854K(31168K) Class: 4512K(4736K)->4512K(4736K)
[2025-06-28T00:22:18.986+0200][7.782s] GC(161) Pause Young (Prepare Mixed) (G1 Evacuation Pause) 18M->17M(22M) 3.201ms
[2025-06-28T00:22:18.986+0200][7.782s] GC(161) User=0.00s Sys=0.00s Real=0.00s
[2025-06-28T00:22:19.000+0200][7.796s] GC(162) Pause Young (Mixed) (G1 Evacuation Pause)
[2025-06-28T00:22:19.000+0200][7.796s] GC(162) Using 2 workers of 10 for evacuation
[2025-06-28T00:22:19.004+0200][7.800s] GC(162)   Pre Evacuate Collection Set: 0.2ms
[2025-06-28T00:22:19.004+0200][7.800s] GC(162)   Merge Heap Roots: 0.1ms
[2025-06-28T00:22:19.004+0200][7.800s] GC(162)   Evacuate Collection Set: 3.6ms
[2025-06-28T00:22:19.004+0200][7.800s] GC(162)   Post Evacuate Collection Set: 0.4ms
[2025-06-28T00:22:19.004+0200][7.800s] GC(162)   Other: 0.1ms
[2025-06-28T00:22:19.004+0200][7.800s] GC(162) Eden regions: 1->0(1)
[2025-06-28T00:22:19.004+0200][7.800s] GC(162) Survivor regions: 1->1(1)
[2025-06-28T00:22:19.004+0200][7.800s] GC(162) Old regions: 17->17
[2025-06-28T00:22:19.004+0200][7.800s] GC(162) Humongous regions: 0->0
[2025-06-28T00:22:19.004+0200][7.801s] GC(162) Metaspace: 35479K(36032K)->35479K(36032K) NonClass: 30947K(31296K)->30947K(31296K) Class: 4531K(4736K)->4531K(4736K)
[2025-06-28T00:22:19.004+0200][7.801s] GC(162) Pause Young (Mixed) (G1 Evacuation Pause) 18M->17M(22M) 4.694ms
[2025-06-28T00:22:19.004+0200][7.801s] GC(162) User=0.00s Sys=0.00s Real=0.00s
[2025-06-28T00:22:19.017+0200][7.814s] GC(163) Pause Young (Concurrent Start) (G1 Evacuation Pause)
[2025-06-28T00:22:19.017+0200][7.814s] GC(163) Using 2 workers of 10 for evacuation
[2025-06-28T00:22:19.020+0200][7.816s] GC(163)   Pre Evacuate Collection Set: 0.2ms
[2025-06-28T00:22:19.020+0200][7.816s] GC(163)   Merge Heap Roots: 0.1ms
[2025-06-28T00:22:19.020+0200][7.816s] GC(163)   Evacuate Collection Set: 1.4ms
[2025-06-28T00:22:19.020+0200][7.816s] GC(163)   Post Evacuate Collection Set: 0.4ms
[2025-06-28T00:22:19.020+0200][7.816s] GC(163)   Other: 0.1ms
[2025-06-28T00:22:19.020+0200][7.816s] GC(163) Eden regions: 1->0(1)
[2025-06-28T00:22:19.020+0200][7.816s] GC(163) Survivor regions: 1->1(1)
[2025-06-28T00:22:19.020+0200][7.816s] GC(163) Old regions: 17->17
[2025-06-28T00:22:19.020+0200][7.816s] GC(163) Humongous regions: 0->0
[2025-06-28T00:22:19.020+0200][7.816s] GC(163) Metaspace: 35616K(36160K)->35616K(36160K) NonClass: 31070K(31424K)->31070K(31424K) Class: 4545K(4736K)->4545K(4736K)
[2025-06-28T00:22:19.020+0200][7.816s] GC(163) Pause Young (Concurrent Start) (G1 Evacuation Pause) 18M->17M(22M) 2.512ms
[2025-06-28T00:22:19.020+0200][7.816s] GC(163) User=0.00s Sys=0.00s Real=0.00s
[2025-06-28T00:22:19.020+0200][7.816s] GC(164) Concurrent Mark Cycle
[2025-06-28T00:22:19.020+0200][7.816s] GC(164) Concurrent Scan Root Regions
[2025-06-28T00:22:19.021+0200][7.817s] GC(164) Concurrent Scan Root Regions 0.869ms
[2025-06-28T00:22:19.021+0200][7.817s] GC(164) Concurrent Mark
[2025-06-28T00:22:19.021+0200][7.817s] GC(164) Concurrent Mark From Roots
[2025-06-28T00:22:19.021+0200][7.817s] GC(164) Using 3 workers of 3 for marking
[2025-06-28T00:22:19.035+0200][7.832s] GC(164) Concurrent Mark From Roots 14.462ms
[2025-06-28T00:22:19.035+0200][7.832s] GC(164) Concurrent Preclean
[2025-06-28T00:22:19.035+0200][7.832s] GC(164) Concurrent Preclean 0.163ms
[2025-06-28T00:22:19.035+0200][7.832s] GC(164) Pause Remark
[2025-06-28T00:22:19.042+0200][7.838s] GC(164) Pause Remark 17M->17M(22M) 6.174ms
[2025-06-28T00:22:19.042+0200][7.838s] GC(164) User=0.02s Sys=0.00s Real=0.01s
[2025-06-28T00:22:19.042+0200][7.839s] GC(164) Concurrent Mark 21.475ms
[2025-06-28T00:22:19.042+0200][7.839s] GC(164) Concurrent Rebuild Remembered Sets and Scrub Regions
[2025-06-28T00:22:19.049+0200][7.845s] GC(164) Concurrent Rebuild Remembered Sets and Scrub Regions 6.034ms
[2025-06-28T00:22:19.049+0200][7.845s] GC(165) Pause Young (Normal) (G1 Evacuation Pause)
[2025-06-28T00:22:19.049+0200][7.845s] GC(165) Using 2 workers of 10 for evacuation
[2025-06-28T00:22:19.051+0200][7.847s] GC(165)   Pre Evacuate Collection Set: 0.1ms
[2025-06-28T00:22:19.051+0200][7.847s] GC(165)   Merge Heap Roots: 0.1ms
[2025-06-28T00:22:19.051+0200][7.847s] GC(165)   Evacuate Collection Set: 1.3ms
[2025-06-28T00:22:19.051+0200][7.847s] GC(165)   Post Evacuate Collection Set: 0.4ms
[2025-06-28T00:22:19.051+0200][7.847s] GC(165)   Other: 0.1ms
[2025-06-28T00:22:19.051+0200][7.847s] GC(165) Eden regions: 1->0(1)
[2025-06-28T00:22:19.051+0200][7.847s] GC(165) Survivor regions: 1->1(1)
[2025-06-28T00:22:19.051+0200][7.847s] GC(165) Old regions: 17->17
[2025-06-28T00:22:19.051+0200][7.847s] GC(165) Humongous regions: 0->0
[2025-06-28T00:22:19.051+0200][7.847s] GC(165) Metaspace: 35738K(36288K)->35738K(36288K) NonClass: 31172K(31488K)->31172K(31488K) Class: 4566K(4800K)->4566K(4800K)
[2025-06-28T00:22:19.051+0200][7.847s] GC(165) Pause Young (Normal) (G1 Evacuation Pause) 18M->17M(22M) 2.217ms
[2025-06-28T00:22:19.052+0200][7.848s] GC(165) User=0.00s Sys=0.00s Real=0.00s
[2025-06-28T00:22:19.052+0200][7.848s] GC(164) Pause Cleanup
[2025-06-28T00:22:19.052+0200][7.848s] GC(164) Pause Cleanup 17M->17M(22M) 0.123ms
[2025-06-28T00:22:19.052+0200][7.848s] GC(164) User=0.00s Sys=0.00s Real=0.00s
[2025-06-28T00:22:19.053+0200][7.848s] GC(164) Concurrent Clear Claimed Marks
[2025-06-28T00:22:19.053+0200][7.849s] GC(164) Concurrent Clear Claimed Marks 0.082ms
[2025-06-28T00:22:19.053+0200][7.849s] GC(164) Concurrent Cleanup for Next Mark
[2025-06-28T00:22:19.053+0200][7.849s] GC(164) Concurrent Cleanup for Next Mark 0.120ms
[2025-06-28T00:22:19.053+0200][7.849s] GC(164) Concurrent Mark Cycle 32.609ms
[2025-06-28T00:22:19.068+0200][7.864s] GC(166) Pause Young (Prepare Mixed) (G1 Evacuation Pause)
[2025-06-28T00:22:19.068+0200][7.864s] GC(166) Using 2 workers of 10 for evacuation
[2025-06-28T00:22:19.071+0200][7.867s] GC(166)   Pre Evacuate Collection Set: 0.2ms
[2025-06-28T00:22:19.071+0200][7.867s] GC(166)   Merge Heap Roots: 0.1ms
[2025-06-28T00:22:19.071+0200][7.867s] GC(166)   Evacuate Collection Set: 1.4ms
[2025-06-28T00:22:19.071+0200][7.867s] GC(166)   Post Evacuate Collection Set: 0.5ms
[2025-06-28T00:22:19.071+0200][7.867s] GC(166)   Other: 0.1ms
[2025-06-28T00:22:19.071+0200][7.867s] GC(166) Eden regions: 1->0(1)
[2025-06-28T00:22:19.071+0200][7.867s] GC(166) Survivor regions: 1->1(1)
[2025-06-28T00:22:19.071+0200][7.867s] GC(166) Old regions: 17->17
[2025-06-28T00:22:19.071+0200][7.867s] GC(166) Humongous regions: 0->0
[2025-06-28T00:22:19.071+0200][7.867s] GC(166) Metaspace: 35964K(36480K)->35964K(36480K) NonClass: 31362K(31680K)->31362K(31680K) Class: 4602K(4800K)->4602K(4800K)
[2025-06-28T00:22:19.071+0200][7.867s] GC(166) Pause Young (Prepare Mixed) (G1 Evacuation Pause) 18M->17M(22M) 2.470ms
[2025-06-28T00:22:19.071+0200][7.867s] GC(166) User=0.00s Sys=0.00s Real=0.00s
[2025-06-28T00:22:19.086+0200][7.883s] GC(167) Pause Young (Mixed) (G1 Evacuation Pause)
[2025-06-28T00:22:19.087+0200][7.883s] GC(167) Using 2 workers of 10 for evacuation
[2025-06-28T00:22:19.091+0200][7.887s] GC(167)   Pre Evacuate Collection Set: 0.1ms
[2025-06-28T00:22:19.091+0200][7.887s] GC(167)   Merge Heap Roots: 0.1ms
[2025-06-28T00:22:19.091+0200][7.887s] GC(167)   Evacuate Collection Set: 3.3ms
[2025-06-28T00:22:19.091+0200][7.887s] GC(167)   Post Evacuate Collection Set: 0.5ms
[2025-06-28T00:22:19.091+0200][7.887s] GC(167)   Other: 0.1ms
[2025-06-28T00:22:19.091+0200][7.887s] GC(167) Eden regions: 1->0(1)
[2025-06-28T00:22:19.091+0200][7.887s] GC(167) Survivor regions: 1->1(1)
[2025-06-28T00:22:19.091+0200][7.887s] GC(167) Old regions: 17->17
[2025-06-28T00:22:19.091+0200][7.887s] GC(167) Humongous regions: 0->0
[2025-06-28T00:22:19.091+0200][7.887s] GC(167) Metaspace: 36156K(36736K)->36156K(36736K) NonClass: 31538K(31872K)->31538K(31872K) Class: 4618K(4864K)->4618K(4864K)
[2025-06-28T00:22:19.091+0200][7.887s] GC(167) Pause Young (Mixed) (G1 Evacuation Pause) 18M->17M(22M) 4.508ms
[2025-06-28T00:22:19.091+0200][7.887s] GC(167) User=0.02s Sys=0.02s Real=0.01s
[2025-06-28T00:22:19.109+0200][7.905s] GC(168) Pause Young (Concurrent Start) (G1 Evacuation Pause)
[2025-06-28T00:22:19.109+0200][7.905s] GC(168) Using 2 workers of 10 for evacuation
[2025-06-28T00:22:19.112+0200][7.908s] GC(168)   Pre Evacuate Collection Set: 0.2ms
[2025-06-28T00:22:19.112+0200][7.908s] GC(168)   Merge Heap Roots: 0.1ms
[2025-06-28T00:22:19.112+0200][7.908s] GC(168)   Evacuate Collection Set: 1.6ms
[2025-06-28T00:22:19.112+0200][7.908s] GC(168)   Post Evacuate Collection Set: 0.7ms
[2025-06-28T00:22:19.112+0200][7.908s] GC(168)   Other: 0.2ms
[2025-06-28T00:22:19.112+0200][7.908s] GC(168) Eden regions: 1->0(1)
[2025-06-28T00:22:19.112+0200][7.908s] GC(168) Survivor regions: 1->1(1)
[2025-06-28T00:22:19.112+0200][7.908s] GC(168) Old regions: 17->17
[2025-06-28T00:22:19.112+0200][7.908s] GC(168) Humongous regions: 0->0
[2025-06-28T00:22:19.112+0200][7.908s] GC(168) Metaspace: 36271K(36800K)->36271K(36800K) NonClass: 31634K(31936K)->31634K(31936K) Class: 4637K(4864K)->4637K(4864K)
[2025-06-28T00:22:19.112+0200][7.908s] GC(168) Pause Young (Concurrent Start) (G1 Evacuation Pause) 18M->17M(22M) 3.300ms
[2025-06-28T00:22:19.112+0200][7.909s] GC(168) User=0.00s Sys=0.00s Real=0.00s
[2025-06-28T00:22:19.112+0200][7.909s] GC(169) Concurrent Mark Cycle
[2025-06-28T00:22:19.112+0200][7.909s] GC(169) Concurrent Scan Root Regions
[2025-06-28T00:22:19.113+0200][7.909s] GC(169) Concurrent Scan Root Regions 0.692ms
[2025-06-28T00:22:19.113+0200][7.909s] GC(169) Concurrent Mark
[2025-06-28T00:22:19.113+0200][7.909s] GC(169) Concurrent Mark From Roots
[2025-06-28T00:22:19.113+0200][7.909s] GC(169) Using 3 workers of 3 for marking
[2025-06-28T00:22:19.129+0200][7.925s] GC(169) Concurrent Mark From Roots 15.815ms
[2025-06-28T00:22:19.129+0200][7.925s] GC(169) Concurrent Preclean
[2025-06-28T00:22:19.129+0200][7.926s] GC(169) Concurrent Preclean 0.361ms
[2025-06-28T00:22:19.129+0200][7.926s] GC(169) Pause Remark
[2025-06-28T00:22:19.135+0200][7.932s] GC(169) Pause Remark 17M->17M(22M) 6.151ms
[2025-06-28T00:22:19.135+0200][7.932s] GC(169) User=0.03s Sys=0.00s Real=0.01s
[2025-06-28T00:22:19.136+0200][7.932s] GC(169) Concurrent Mark 22.845ms
[2025-06-28T00:22:19.136+0200][7.932s] GC(169) Concurrent Rebuild Remembered Sets and Scrub Regions
[2025-06-28T00:22:19.142+0200][7.939s] GC(169) Concurrent Rebuild Remembered Sets and Scrub Regions 6.511ms
[2025-06-28T00:22:19.142+0200][7.939s] GC(169) Pause Cleanup
[2025-06-28T00:22:19.143+0200][7.939s] GC(169) Pause Cleanup 18M->18M(22M) 0.287ms
[2025-06-28T00:22:19.143+0200][7.939s] GC(169) User=0.00s Sys=0.00s Real=0.00s
[2025-06-28T00:22:19.143+0200][7.940s] GC(169) Concurrent Clear Claimed Marks
[2025-06-28T00:22:19.143+0200][7.940s] GC(169) Concurrent Clear Claimed Marks 0.099ms
[2025-06-28T00:22:19.143+0200][7.940s] GC(169) Concurrent Cleanup for Next Mark
[2025-06-28T00:22:19.143+0200][7.940s] GC(169) Concurrent Cleanup for Next Mark 0.214ms
[2025-06-28T00:22:19.143+0200][7.940s] GC(169) Concurrent Mark Cycle 31.403ms
[2025-06-28T00:22:19.148+0200][7.945s] GC(170) Pause Young (Prepare Mixed) (G1 Evacuation Pause)
[2025-06-28T00:22:19.148+0200][7.945s] GC(170) Using 2 workers of 10 for evacuation
[2025-06-28T00:22:19.152+0200][7.948s] GC(170)   Pre Evacuate Collection Set: 0.4ms
[2025-06-28T00:22:19.152+0200][7.949s] GC(170)   Merge Heap Roots: 0.1ms
[2025-06-28T00:22:19.152+0200][7.949s] GC(170)   Evacuate Collection Set: 2.0ms
[2025-06-28T00:22:19.152+0200][7.949s] GC(170)   Post Evacuate Collection Set: 0.7ms
[2025-06-28T00:22:19.152+0200][7.949s] GC(170)   Other: 0.1ms
[2025-06-28T00:22:19.152+0200][7.949s] GC(170) Eden regions: 1->0(1)
[2025-06-28T00:22:19.152+0200][7.949s] GC(170) Survivor regions: 1->1(1)
[2025-06-28T00:22:19.152+0200][7.949s] GC(170) Old regions: 17->17
[2025-06-28T00:22:19.152+0200][7.949s] GC(170) Humongous regions: 0->0
[2025-06-28T00:22:19.152+0200][7.949s] GC(170) Metaspace: 36404K(36928K)->36404K(36928K) NonClass: 31737K(32064K)->31737K(32064K) Class: 4667K(4864K)->4667K(4864K)
[2025-06-28T00:22:19.152+0200][7.949s] GC(170) Pause Young (Prepare Mixed) (G1 Evacuation Pause) 18M->17M(22M) 3.823ms
[2025-06-28T00:22:19.152+0200][7.949s] GC(170) User=0.05s Sys=0.00s Real=0.00s
[2025-06-28T00:22:19.181+0200][7.978s] GC(171) Pause Young (Mixed) (G1 Evacuation Pause)
[2025-06-28T00:22:19.181+0200][7.978s] GC(171) Using 2 workers of 10 for evacuation
[2025-06-28T00:22:19.186+0200][7.982s] GC(171)   Pre Evacuate Collection Set: 0.3ms
[2025-06-28T00:22:19.186+0200][7.982s] GC(171)   Merge Heap Roots: 0.1ms
[2025-06-28T00:22:19.186+0200][7.982s] GC(171)   Evacuate Collection Set: 3.3ms
[2025-06-28T00:22:19.186+0200][7.982s] GC(171)   Post Evacuate Collection Set: 0.5ms
[2025-06-28T00:22:19.186+0200][7.982s] GC(171)   Other: 0.1ms
[2025-06-28T00:22:19.186+0200][7.982s] GC(171) Eden regions: 1->0(1)
[2025-06-28T00:22:19.186+0200][7.982s] GC(171) Survivor regions: 1->1(1)
[2025-06-28T00:22:19.186+0200][7.982s] GC(171) Old regions: 17->17
[2025-06-28T00:22:19.186+0200][7.982s] GC(171) Humongous regions: 0->0
[2025-06-28T00:22:19.186+0200][7.982s] GC(171) Metaspace: 36515K(37056K)->36515K(37056K) NonClass: 31824K(32128K)->31824K(32128K) Class: 4690K(4928K)->4690K(4928K)
[2025-06-28T00:22:19.186+0200][7.982s] GC(171) Pause Young (Mixed) (G1 Evacuation Pause) 18M->17M(22M) 4.686ms
[2025-06-28T00:22:19.186+0200][7.982s] GC(171) User=0.05s Sys=0.02s Real=0.01s
[2025-06-28T00:22:19.208+0200][8.004s] GC(172) Pause Young (Concurrent Start) (G1 Evacuation Pause)
[2025-06-28T00:22:19.208+0200][8.004s] GC(172) Using 2 workers of 10 for evacuation
[2025-06-28T00:22:19.211+0200][8.007s] GC(172)   Pre Evacuate Collection Set: 0.4ms
[2025-06-28T00:22:19.211+0200][8.008s] GC(172)   Merge Heap Roots: 0.2ms
[2025-06-28T00:22:19.211+0200][8.008s] GC(172)   Evacuate Collection Set: 1.6ms
[2025-06-28T00:22:19.211+0200][8.008s] GC(172)   Post Evacuate Collection Set: 0.7ms
[2025-06-28T00:22:19.211+0200][8.008s] GC(172)   Other: 0.3ms
[2025-06-28T00:22:19.211+0200][8.008s] GC(172) Eden regions: 1->0(1)
[2025-06-28T00:22:19.211+0200][8.008s] GC(172) Survivor regions: 1->1(1)
[2025-06-28T00:22:19.211+0200][8.008s] GC(172) Old regions: 17->17
[2025-06-28T00:22:19.211+0200][8.008s] GC(172) Humongous regions: 0->0
[2025-06-28T00:22:19.211+0200][8.008s] GC(172) Metaspace: 36622K(37184K)->36622K(37184K) NonClass: 31913K(32256K)->31913K(32256K) Class: 4709K(4928K)->4709K(4928K)
[2025-06-28T00:22:19.211+0200][8.008s] GC(172) Pause Young (Concurrent Start) (G1 Evacuation Pause) 18M->17M(22M) 3.626ms
[2025-06-28T00:22:19.212+0200][8.008s] GC(173) Concurrent Mark Cycle
[2025-06-28T00:22:19.212+0200][8.008s] GC(172) User=0.00s Sys=0.00s Real=0.00s
[2025-06-28T00:22:19.212+0200][8.008s] GC(173) Concurrent Scan Root Regions
[2025-06-28T00:22:19.213+0200][8.009s] GC(173) Concurrent Scan Root Regions 1.005ms
[2025-06-28T00:22:19.213+0200][8.009s] GC(173) Concurrent Mark
[2025-06-28T00:22:19.213+0200][8.009s] GC(173) Concurrent Mark From Roots
[2025-06-28T00:22:19.213+0200][8.009s] GC(173) Using 3 workers of 3 for marking
[2025-06-28T00:22:19.225+0200][8.021s] GC(173) Concurrent Mark From Roots 12.179ms
[2025-06-28T00:22:19.225+0200][8.021s] GC(173) Concurrent Preclean
[2025-06-28T00:22:19.225+0200][8.021s] GC(173) Concurrent Preclean 0.191ms
[2025-06-28T00:22:19.225+0200][8.022s] GC(173) Pause Remark
[2025-06-28T00:22:19.231+0200][8.028s] GC(173) Pause Remark 17M->17M(22M) 5.949ms
[2025-06-28T00:22:19.231+0200][8.028s] GC(173) User=0.03s Sys=0.00s Real=0.01s
[2025-06-28T00:22:19.232+0200][8.028s] GC(173) Concurrent Mark 18.935ms
[2025-06-28T00:22:19.232+0200][8.028s] GC(173) Concurrent Rebuild Remembered Sets and Scrub Regions
[2025-06-28T00:22:19.237+0200][8.033s] GC(174) Pause Young (Normal) (G1 Evacuation Pause)
[2025-06-28T00:22:19.237+0200][8.033s] GC(174) Using 2 workers of 10 for evacuation
[2025-06-28T00:22:19.240+0200][8.036s] GC(174)   Pre Evacuate Collection Set: 0.3ms
[2025-06-28T00:22:19.240+0200][8.036s] GC(174)   Merge Heap Roots: 0.2ms
[2025-06-28T00:22:19.240+0200][8.036s] GC(174)   Evacuate Collection Set: 1.8ms
[2025-06-28T00:22:19.240+0200][8.036s] GC(174)   Post Evacuate Collection Set: 0.8ms
[2025-06-28T00:22:19.240+0200][8.036s] GC(174)   Other: 0.1ms
[2025-06-28T00:22:19.240+0200][8.036s] GC(174) Eden regions: 1->0(1)
[2025-06-28T00:22:19.240+0200][8.036s] GC(174) Survivor regions: 1->1(1)
[2025-06-28T00:22:19.240+0200][8.036s] GC(174) Old regions: 17->17
[2025-06-28T00:22:19.240+0200][8.037s] GC(174) Humongous regions: 0->0
[2025-06-28T00:22:19.240+0200][8.037s] GC(174) Metaspace: 36740K(37248K)->36740K(37248K) NonClass: 32006K(32320K)->32006K(32320K) Class: 4734K(4928K)->4734K(4928K)
[2025-06-28T00:22:19.240+0200][8.037s] GC(174) Pause Young (Normal) (G1 Evacuation Pause) 18M->17M(22M) 3.530ms
[2025-06-28T00:22:19.240+0200][8.037s] GC(174) User=0.00s Sys=0.00s Real=0.00s
[2025-06-28T00:22:19.242+0200][8.038s] GC(173) Concurrent Rebuild Remembered Sets and Scrub Regions 10.516ms
[2025-06-28T00:22:19.242+0200][8.039s] GC(173) Pause Cleanup
[2025-06-28T00:22:19.243+0200][8.039s] GC(173) Pause Cleanup 17M->17M(22M) 0.203ms
[2025-06-28T00:22:19.243+0200][8.039s] GC(173) User=0.00s Sys=0.00s Real=0.00s
[2025-06-28T00:22:19.243+0200][8.039s] GC(173) Concurrent Clear Claimed Marks
[2025-06-28T00:22:19.243+0200][8.039s] GC(173) Concurrent Clear Claimed Marks 0.087ms
[2025-06-28T00:22:19.243+0200][8.039s] GC(173) Concurrent Cleanup for Next Mark
[2025-06-28T00:22:19.243+0200][8.039s] GC(173) Concurrent Cleanup for Next Mark 0.170ms
[2025-06-28T00:22:19.243+0200][8.039s] GC(173) Concurrent Mark Cycle 31.527ms
[2025-06-28T00:22:19.264+0200][8.061s] GC(175) Pause Young (Prepare Mixed) (G1 Evacuation Pause)
[2025-06-28T00:22:19.264+0200][8.061s] GC(175) Using 2 workers of 10 for evacuation
[2025-06-28T00:22:19.268+0200][8.064s] GC(175)   Pre Evacuate Collection Set: 0.3ms
[2025-06-28T00:22:19.268+0200][8.064s] GC(175)   Merge Heap Roots: 0.1ms
[2025-06-28T00:22:19.268+0200][8.064s] GC(175)   Evacuate Collection Set: 1.5ms
[2025-06-28T00:22:19.268+0200][8.065s] GC(175)   Post Evacuate Collection Set: 1.4ms
[2025-06-28T00:22:19.268+0200][8.065s] GC(175)   Other: 0.1ms
[2025-06-28T00:22:19.268+0200][8.065s] GC(175) Eden regions: 1->0(1)
[2025-06-28T00:22:19.268+0200][8.065s] GC(175) Survivor regions: 1->1(1)
[2025-06-28T00:22:19.268+0200][8.065s] GC(175) Old regions: 17->17
[2025-06-28T00:22:19.268+0200][8.065s] GC(175) Humongous regions: 0->0
[2025-06-28T00:22:19.268+0200][8.065s] GC(175) Metaspace: 36886K(37440K)->36886K(37440K) NonClass: 32121K(32448K)->32121K(32448K) Class: 4765K(4992K)->4765K(4992K)
[2025-06-28T00:22:19.268+0200][8.065s] GC(175) Pause Young (Prepare Mixed) (G1 Evacuation Pause) 18M->17M(22M) 3.779ms
[2025-06-28T00:22:19.268+0200][8.065s] GC(175) User=0.00s Sys=0.00s Real=0.00s
[2025-06-28T00:22:19.295+0200][8.091s] GC(176) Pause Young (Mixed) (G1 Evacuation Pause)
[2025-06-28T00:22:19.295+0200][8.091s] GC(176) Using 2 workers of 10 for evacuation
[2025-06-28T00:22:19.300+0200][8.096s] GC(176)   Pre Evacuate Collection Set: 0.2ms
[2025-06-28T00:22:19.300+0200][8.096s] GC(176)   Merge Heap Roots: 0.2ms
[2025-06-28T00:22:19.300+0200][8.096s] GC(176)   Evacuate Collection Set: 4.6ms
[2025-06-28T00:22:19.300+0200][8.096s] GC(176)   Post Evacuate Collection Set: 0.5ms
[2025-06-28T00:22:19.300+0200][8.096s] GC(176)   Other: 0.1ms
[2025-06-28T00:22:19.300+0200][8.096s] GC(176) Eden regions: 1->0(1)
[2025-06-28T00:22:19.300+0200][8.096s] GC(176) Survivor regions: 1->1(1)
[2025-06-28T00:22:19.300+0200][8.096s] GC(176) Old regions: 17->17
[2025-06-28T00:22:19.300+0200][8.097s] GC(176) Humongous regions: 0->0
[2025-06-28T00:22:19.300+0200][8.097s] GC(176) Metaspace: 37005K(37504K)->37005K(37504K) NonClass: 32215K(32512K)->32215K(32512K) Class: 4790K(4992K)->4790K(4992K)
[2025-06-28T00:22:19.300+0200][8.097s] GC(176) Pause Young (Mixed) (G1 Evacuation Pause) 18M->17M(22M) 5.847ms
[2025-06-28T00:22:19.300+0200][8.097s] GC(176) User=0.00s Sys=0.00s Real=0.00s
[2025-06-28T00:22:19.312+0200][8.108s] GC(177) Pause Young (Concurrent Start) (G1 Evacuation Pause)
[2025-06-28T00:22:19.312+0200][8.108s] GC(177) Using 2 workers of 10 for evacuation
[2025-06-28T00:22:19.315+0200][8.111s] GC(177)   Pre Evacuate Collection Set: 0.2ms
[2025-06-28T00:22:19.315+0200][8.111s] GC(177)   Merge Heap Roots: 0.1ms
[2025-06-28T00:22:19.315+0200][8.111s] GC(177)   Evacuate Collection Set: 1.4ms
[2025-06-28T00:22:19.315+0200][8.111s] GC(177)   Post Evacuate Collection Set: 0.4ms
[2025-06-28T00:22:19.315+0200][8.111s] GC(177)   Other: 0.1ms
[2025-06-28T00:22:19.315+0200][8.111s] GC(177) Eden regions: 1->0(1)
[2025-06-28T00:22:19.315+0200][8.111s] GC(177) Survivor regions: 1->1(1)
[2025-06-28T00:22:19.315+0200][8.111s] GC(177) Old regions: 17->17
[2025-06-28T00:22:19.315+0200][8.111s] GC(177) Humongous regions: 0->0
[2025-06-28T00:22:19.315+0200][8.111s] GC(177) Metaspace: 37130K(37696K)->37130K(37696K) NonClass: 32311K(32640K)->32311K(32640K) Class: 4818K(5056K)->4818K(5056K)
[2025-06-28T00:22:19.315+0200][8.111s] GC(177) Pause Young (Concurrent Start) (G1 Evacuation Pause) 18M->17M(22M) 2.560ms
[2025-06-28T00:22:19.315+0200][8.111s] GC(177) User=0.00s Sys=0.00s Real=0.00s
[2025-06-28T00:22:19.315+0200][8.111s] GC(178) Concurrent Mark Cycle
[2025-06-28T00:22:19.315+0200][8.111s] GC(178) Concurrent Scan Root Regions
[2025-06-28T00:22:19.316+0200][8.112s] GC(178) Concurrent Scan Root Regions 0.568ms
[2025-06-28T00:22:19.316+0200][8.112s] GC(178) Concurrent Mark
[2025-06-28T00:22:19.316+0200][8.112s] GC(178) Concurrent Mark From Roots
[2025-06-28T00:22:19.316+0200][8.112s] GC(178) Using 3 workers of 3 for marking
[2025-06-28T00:22:19.331+0200][8.127s] GC(178) Concurrent Mark From Roots 14.999ms
[2025-06-28T00:22:19.331+0200][8.127s] GC(178) Concurrent Preclean
[2025-06-28T00:22:19.331+0200][8.127s] GC(178) Concurrent Preclean 0.170ms
[2025-06-28T00:22:19.332+0200][8.128s] GC(178) Pause Remark
[2025-06-28T00:22:19.336+0200][8.132s] GC(178) Pause Remark 18M->18M(22M) 4.494ms
[2025-06-28T00:22:19.336+0200][8.132s] GC(178) User=0.00s Sys=0.00s Real=0.00s
[2025-06-28T00:22:19.336+0200][8.132s] GC(178) Concurrent Mark 20.752ms
[2025-06-28T00:22:19.336+0200][8.132s] GC(178) Concurrent Rebuild Remembered Sets and Scrub Regions
[2025-06-28T00:22:19.342+0200][8.138s] GC(178) Concurrent Rebuild Remembered Sets and Scrub Regions 5.390ms
[2025-06-28T00:22:19.342+0200][8.138s] GC(178) Pause Cleanup
[2025-06-28T00:22:19.342+0200][8.138s] GC(178) Pause Cleanup 18M->18M(22M) 0.225ms
[2025-06-28T00:22:19.342+0200][8.138s] GC(178) User=0.00s Sys=0.00s Real=0.00s
[2025-06-28T00:22:19.342+0200][8.138s] GC(178) Concurrent Clear Claimed Marks
[2025-06-28T00:22:19.342+0200][8.138s] GC(178) Concurrent Clear Claimed Marks 0.089ms
[2025-06-28T00:22:19.342+0200][8.138s] GC(178) Concurrent Cleanup for Next Mark
[2025-06-28T00:22:19.342+0200][8.139s] GC(178) Concurrent Cleanup for Next Mark 0.185ms
[2025-06-28T00:22:19.343+0200][8.139s] GC(178) Concurrent Mark Cycle 27.817ms
[2025-06-28T00:22:19.343+0200][8.139s] GC(179) Pause Young (Prepare Mixed) (G1 Evacuation Pause)
[2025-06-28T00:22:19.343+0200][8.139s] GC(179) Using 2 workers of 10 for evacuation
[2025-06-28T00:22:19.345+0200][8.142s] GC(179)   Pre Evacuate Collection Set: 0.3ms
[2025-06-28T00:22:19.345+0200][8.142s] GC(179)   Merge Heap Roots: 0.1ms
[2025-06-28T00:22:19.345+0200][8.142s] GC(179)   Evacuate Collection Set: 1.7ms
[2025-06-28T00:22:19.345+0200][8.142s] GC(179)   Post Evacuate Collection Set: 0.5ms
[2025-06-28T00:22:19.345+0200][8.142s] GC(179)   Other: 0.1ms
[2025-06-28T00:22:19.345+0200][8.142s] GC(179) Eden regions: 1->0(1)
[2025-06-28T00:22:19.345+0200][8.142s] GC(179) Survivor regions: 1->1(1)
[2025-06-28T00:22:19.345+0200][8.142s] GC(179) Old regions: 17->17
[2025-06-28T00:22:19.345+0200][8.142s] GC(179) Humongous regions: 0->0
[2025-06-28T00:22:19.346+0200][8.142s] GC(179) Metaspace: 37289K(37824K)->37289K(37824K) NonClass: 32440K(32768K)->32440K(32768K) Class: 4848K(5056K)->4848K(5056K)
[2025-06-28T00:22:19.346+0200][8.142s] GC(179) Pause Young (Prepare Mixed) (G1 Evacuation Pause) 18M->17M(22M) 2.950ms
[2025-06-28T00:22:19.346+0200][8.142s] GC(179) User=0.00s Sys=0.00s Real=0.00s
[2025-06-28T00:22:19.359+0200][8.156s] GC(180) Pause Young (Mixed) (G1 Evacuation Pause)
[2025-06-28T00:22:19.359+0200][8.156s] GC(180) Using 2 workers of 10 for evacuation
[2025-06-28T00:22:19.364+0200][8.161s] GC(180)   Pre Evacuate Collection Set: 0.2ms
[2025-06-28T00:22:19.364+0200][8.161s] GC(180)   Merge Heap Roots: 0.1ms
[2025-06-28T00:22:19.364+0200][8.161s] GC(180)   Evacuate Collection Set: 4.0ms
[2025-06-28T00:22:19.364+0200][8.161s] GC(180)   Post Evacuate Collection Set: 0.7ms
[2025-06-28T00:22:19.364+0200][8.161s] GC(180)   Other: 0.1ms
[2025-06-28T00:22:19.364+0200][8.161s] GC(180) Eden regions: 1->0(1)
[2025-06-28T00:22:19.364+0200][8.161s] GC(180) Survivor regions: 1->1(1)
[2025-06-28T00:22:19.364+0200][8.161s] GC(180) Old regions: 17->17
[2025-06-28T00:22:19.364+0200][8.161s] GC(180) Humongous regions: 0->0
[2025-06-28T00:22:19.364+0200][8.161s] GC(180) Metaspace: 37428K(37952K)->37428K(37952K) NonClass: 32566K(32896K)->32566K(32896K) Class: 4862K(5056K)->4862K(5056K)
[2025-06-28T00:22:19.365+0200][8.161s] GC(180) Pause Young (Mixed) (G1 Evacuation Pause) 18M->17M(22M) 5.371ms
[2025-06-28T00:22:19.365+0200][8.161s] GC(180) User=0.00s Sys=0.00s Real=0.01s
[2025-06-28T00:22:19.377+0200][8.174s] GC(181) Pause Young (Concurrent Start) (G1 Evacuation Pause)
[2025-06-28T00:22:19.377+0200][8.174s] GC(181) Using 2 workers of 10 for evacuation
[2025-06-28T00:22:19.380+0200][8.177s] GC(181)   Pre Evacuate Collection Set: 0.3ms
[2025-06-28T00:22:19.380+0200][8.177s] GC(181)   Merge Heap Roots: 0.2ms
[2025-06-28T00:22:19.380+0200][8.177s] GC(181)   Evacuate Collection Set: 1.7ms
[2025-06-28T00:22:19.380+0200][8.177s] GC(181)   Post Evacuate Collection Set: 0.5ms
[2025-06-28T00:22:19.380+0200][8.177s] GC(181)   Other: 0.2ms
[2025-06-28T00:22:19.380+0200][8.177s] GC(181) Eden regions: 1->0(1)
[2025-06-28T00:22:19.380+0200][8.177s] GC(181) Survivor regions: 1->1(1)
[2025-06-28T00:22:19.380+0200][8.177s] GC(181) Old regions: 17->17
[2025-06-28T00:22:19.380+0200][8.177s] GC(181) Humongous regions: 0->0
[2025-06-28T00:22:19.380+0200][8.177s] GC(181) Metaspace: 37513K(38080K)->37513K(38080K) NonClass: 32642K(32960K)->32642K(32960K) Class: 4871K(5120K)->4871K(5120K)
[2025-06-28T00:22:19.380+0200][8.177s] GC(181) Pause Young (Concurrent Start) (G1 Evacuation Pause) 18M->17M(22M) 3.044ms
[2025-06-28T00:22:19.380+0200][8.177s] GC(181) User=0.00s Sys=0.00s Real=0.00s
[2025-06-28T00:22:19.380+0200][8.177s] GC(182) Concurrent Mark Cycle
[2025-06-28T00:22:19.380+0200][8.177s] GC(182) Concurrent Scan Root Regions
[2025-06-28T00:22:19.381+0200][8.177s] GC(182) Concurrent Scan Root Regions 0.564ms
[2025-06-28T00:22:19.381+0200][8.178s] GC(182) Concurrent Mark
[2025-06-28T00:22:19.381+0200][8.178s] GC(182) Concurrent Mark From Roots
[2025-06-28T00:22:19.381+0200][8.178s] GC(182) Using 3 workers of 3 for marking
[2025-06-28T00:22:19.396+0200][8.192s] GC(182) Concurrent Mark From Roots 14.569ms
[2025-06-28T00:22:19.396+0200][8.192s] GC(182) Concurrent Preclean
[2025-06-28T00:22:19.396+0200][8.192s] GC(182) Concurrent Preclean 0.216ms
[2025-06-28T00:22:19.397+0200][8.193s] GC(182) Pause Remark
[2025-06-28T00:22:19.402+0200][8.198s] GC(182) Pause Remark 17M->17M(22M) 5.456ms
[2025-06-28T00:22:19.402+0200][8.198s] GC(182) User=0.03s Sys=0.00s Real=0.00s
[2025-06-28T00:22:19.402+0200][8.198s] GC(182) Concurrent Mark 20.771ms
[2025-06-28T00:22:19.402+0200][8.198s] GC(182) Concurrent Rebuild Remembered Sets and Scrub Regions
[2025-06-28T00:22:19.409+0200][8.205s] GC(182) Concurrent Rebuild Remembered Sets and Scrub Regions 7.001ms
[2025-06-28T00:22:19.410+0200][8.206s] GC(182) Pause Cleanup
[2025-06-28T00:22:19.410+0200][8.206s] GC(182) Pause Cleanup 18M->18M(22M) 0.262ms
[2025-06-28T00:22:19.410+0200][8.206s] GC(182) User=0.00s Sys=0.00s Real=0.00s
[2025-06-28T00:22:19.410+0200][8.206s] GC(182) Concurrent Clear Claimed Marks
[2025-06-28T00:22:19.410+0200][8.207s] GC(182) Concurrent Clear Claimed Marks 0.098ms
[2025-06-28T00:22:19.410+0200][8.207s] GC(182) Concurrent Cleanup for Next Mark
[2025-06-28T00:22:19.411+0200][8.207s] GC(182) Concurrent Cleanup for Next Mark 0.175ms
[2025-06-28T00:22:19.411+0200][8.207s] GC(182) Concurrent Mark Cycle 29.928ms
[2025-06-28T00:22:19.412+0200][8.208s] GC(183) Pause Young (Prepare Mixed) (G1 Evacuation Pause)
[2025-06-28T00:22:19.412+0200][8.208s] GC(183) Using 2 workers of 10 for evacuation
[2025-06-28T00:22:19.415+0200][8.211s] GC(183)   Pre Evacuate Collection Set: 0.3ms
[2025-06-28T00:22:19.415+0200][8.211s] GC(183)   Merge Heap Roots: 0.1ms
[2025-06-28T00:22:19.415+0200][8.211s] GC(183)   Evacuate Collection Set: 2.2ms
[2025-06-28T00:22:19.415+0200][8.211s] GC(183)   Post Evacuate Collection Set: 0.7ms
[2025-06-28T00:22:19.415+0200][8.211s] GC(183)   Other: 0.1ms
[2025-06-28T00:22:19.415+0200][8.211s] GC(183) Eden regions: 1->0(1)
[2025-06-28T00:22:19.415+0200][8.211s] GC(183) Survivor regions: 1->1(1)
[2025-06-28T00:22:19.415+0200][8.211s] GC(183) Old regions: 17->17
[2025-06-28T00:22:19.415+0200][8.211s] GC(183) Humongous regions: 0->0
[2025-06-28T00:22:19.415+0200][8.211s] GC(183) Metaspace: 37641K(38144K)->37641K(38144K) NonClass: 32750K(33024K)->32750K(33024K) Class: 4891K(5120K)->4891K(5120K)
[2025-06-28T00:22:19.415+0200][8.211s] GC(183) Pause Young (Prepare Mixed) (G1 Evacuation Pause) 18M->17M(22M) 3.791ms
[2025-06-28T00:22:19.415+0200][8.211s] GC(183) User=0.00s Sys=0.00s Real=0.00s
[2025-06-28T00:22:19.430+0200][8.227s] GC(184) Pause Young (Mixed) (G1 Evacuation Pause)
[2025-06-28T00:22:19.430+0200][8.227s] GC(184) Using 2 workers of 10 for evacuation
[2025-06-28T00:22:19.436+0200][8.233s] GC(184)   Pre Evacuate Collection Set: 0.3ms
[2025-06-28T00:22:19.436+0200][8.233s] GC(184)   Merge Heap Roots: 0.2ms
[2025-06-28T00:22:19.436+0200][8.233s] GC(184)   Evacuate Collection Set: 4.4ms
[2025-06-28T00:22:19.436+0200][8.233s] GC(184)   Post Evacuate Collection Set: 0.8ms
[2025-06-28T00:22:19.436+0200][8.233s] GC(184)   Other: 0.1ms
[2025-06-28T00:22:19.436+0200][8.233s] GC(184) Eden regions: 1->0(1)
[2025-06-28T00:22:19.436+0200][8.233s] GC(184) Survivor regions: 1->1(1)
[2025-06-28T00:22:19.436+0200][8.233s] GC(184) Old regions: 17->17
[2025-06-28T00:22:19.436+0200][8.233s] GC(184) Humongous regions: 0->0
[2025-06-28T00:22:19.436+0200][8.233s] GC(184) Metaspace: 37719K(38208K)->37719K(38208K) NonClass: 32814K(33088K)->32814K(33088K) Class: 4905K(5120K)->4905K(5120K)
[2025-06-28T00:22:19.436+0200][8.233s] GC(184) Pause Young (Mixed) (G1 Evacuation Pause) 18M->17M(22M) 6.058ms
[2025-06-28T00:22:19.436+0200][8.233s] GC(184) User=0.03s Sys=0.03s Real=0.01s
[2025-06-28T00:22:19.455+0200][8.252s] GC(185) Pause Young (Concurrent Start) (G1 Evacuation Pause)
[2025-06-28T00:22:19.455+0200][8.252s] GC(185) Using 2 workers of 10 for evacuation
[2025-06-28T00:22:19.458+0200][8.255s] GC(185)   Pre Evacuate Collection Set: 0.3ms
[2025-06-28T00:22:19.458+0200][8.255s] GC(185)   Merge Heap Roots: 0.1ms
[2025-06-28T00:22:19.458+0200][8.255s] GC(185)   Evacuate Collection Set: 1.7ms
[2025-06-28T00:22:19.458+0200][8.255s] GC(185)   Post Evacuate Collection Set: 0.5ms
[2025-06-28T00:22:19.458+0200][8.255s] GC(185)   Other: 0.2ms
[2025-06-28T00:22:19.458+0200][8.255s] GC(185) Eden regions: 1->0(1)
[2025-06-28T00:22:19.458+0200][8.255s] GC(185) Survivor regions: 1->1(1)
[2025-06-28T00:22:19.458+0200][8.255s] GC(185) Old regions: 17->17
[2025-06-28T00:22:19.458+0200][8.255s] GC(185) Humongous regions: 0->0
[2025-06-28T00:22:19.458+0200][8.255s] GC(185) Metaspace: 37827K(38336K)->37827K(38336K) NonClass: 32907K(33216K)->32907K(33216K) Class: 4919K(5120K)->4919K(5120K)
[2025-06-28T00:22:19.458+0200][8.255s] GC(185) Pause Young (Concurrent Start) (G1 Evacuation Pause) 18M->17M(22M) 3.165ms
[2025-06-28T00:22:19.458+0200][8.255s] GC(185) User=0.00s Sys=0.00s Real=0.00s
[2025-06-28T00:22:19.458+0200][8.255s] GC(186) Concurrent Mark Cycle
[2025-06-28T00:22:19.458+0200][8.255s] GC(186) Concurrent Scan Root Regions
[2025-06-28T00:22:19.459+0200][8.256s] GC(186) Concurrent Scan Root Regions 0.755ms
[2025-06-28T00:22:19.459+0200][8.256s] GC(186) Concurrent Mark
[2025-06-28T00:22:19.459+0200][8.256s] GC(186) Concurrent Mark From Roots
[2025-06-28T00:22:19.459+0200][8.256s] GC(186) Using 3 workers of 3 for marking
[2025-06-28T00:22:19.472+0200][8.269s] GC(186) Concurrent Mark From Roots 12.791ms
[2025-06-28T00:22:19.472+0200][8.269s] GC(186) Concurrent Preclean
[2025-06-28T00:22:19.472+0200][8.269s] GC(186) Concurrent Preclean 0.140ms
[2025-06-28T00:22:19.472+0200][8.269s] GC(186) Pause Remark
[2025-06-28T00:22:19.479+0200][8.275s] GC(186) Pause Remark 17M->17M(22M) 5.794ms
[2025-06-28T00:22:19.479+0200][8.275s] GC(186) User=0.00s Sys=0.00s Real=0.01s
[2025-06-28T00:22:19.479+0200][8.275s] GC(186) Concurrent Mark 19.259ms
[2025-06-28T00:22:19.479+0200][8.275s] GC(186) Concurrent Rebuild Remembered Sets and Scrub Regions
[2025-06-28T00:22:19.486+0200][8.282s] GC(186) Concurrent Rebuild Remembered Sets and Scrub Regions 6.839ms
[2025-06-28T00:22:19.486+0200][8.282s] GC(186) Pause Cleanup
[2025-06-28T00:22:19.486+0200][8.282s] GC(186) Pause Cleanup 17M->17M(22M) 0.158ms
[2025-06-28T00:22:19.486+0200][8.282s] GC(186) User=0.00s Sys=0.00s Real=0.00s
[2025-06-28T00:22:19.486+0200][8.282s] GC(186) Concurrent Clear Claimed Marks
[2025-06-28T00:22:19.486+0200][8.283s] GC(186) Concurrent Clear Claimed Marks 0.109ms
[2025-06-28T00:22:19.486+0200][8.283s] GC(186) Concurrent Cleanup for Next Mark
[2025-06-28T00:22:19.486+0200][8.283s] GC(186) Concurrent Cleanup for Next Mark 0.221ms
[2025-06-28T00:22:19.486+0200][8.283s] GC(186) Concurrent Mark Cycle 27.996ms
[2025-06-28T00:22:19.492+0200][8.289s] GC(187) Pause Young (Prepare Mixed) (G1 Evacuation Pause)
[2025-06-28T00:22:19.492+0200][8.289s] GC(187) Using 2 workers of 10 for evacuation
[2025-06-28T00:22:19.497+0200][8.292s] GC(187)   Pre Evacuate Collection Set: 0.3ms
[2025-06-28T00:22:19.497+0200][8.292s] GC(187)   Merge Heap Roots: 0.1ms
[2025-06-28T00:22:19.497+0200][8.292s] GC(187)   Evacuate Collection Set: 2.0ms
[2025-06-28T00:22:19.497+0200][8.292s] GC(187)   Post Evacuate Collection Set: 0.8ms
[2025-06-28T00:22:19.497+0200][8.293s] GC(187)   Other: 0.1ms
[2025-06-28T00:22:19.497+0200][8.293s] GC(187) Eden regions: 1->0(1)
[2025-06-28T00:22:19.497+0200][8.293s] GC(187) Survivor regions: 1->1(1)
[2025-06-28T00:22:19.497+0200][8.293s] GC(187) Old regions: 17->17
[2025-06-28T00:22:19.497+0200][8.293s] GC(187) Humongous regions: 0->0
[2025-06-28T00:22:19.497+0200][8.293s] GC(187) Metaspace: 37965K(38464K)->37965K(38464K) NonClass: 33030K(33344K)->33030K(33344K) Class: 4934K(5120K)->4934K(5120K)
[2025-06-28T00:22:19.497+0200][8.293s] GC(187) Pause Young (Prepare Mixed) (G1 Evacuation Pause) 18M->17M(22M) 3.762ms
[2025-06-28T00:22:19.497+0200][8.293s] GC(187) User=0.05s Sys=0.00s Real=0.00s
[2025-06-28T00:22:19.517+0200][8.313s] GC(188) Pause Young (Mixed) (G1 Evacuation Pause)
[2025-06-28T00:22:19.517+0200][8.313s] GC(188) Using 2 workers of 10 for evacuation
[2025-06-28T00:22:19.521+0200][8.318s] GC(188)   Pre Evacuate Collection Set: 0.3ms
[2025-06-28T00:22:19.521+0200][8.318s] GC(188)   Merge Heap Roots: 0.2ms
[2025-06-28T00:22:19.521+0200][8.318s] GC(188)   Evacuate Collection Set: 3.7ms
[2025-06-28T00:22:19.521+0200][8.318s] GC(188)   Post Evacuate Collection Set: 0.6ms
[2025-06-28T00:22:19.521+0200][8.318s] GC(188)   Other: 0.1ms
[2025-06-28T00:22:19.521+0200][8.318s] GC(188) Eden regions: 1->0(1)
[2025-06-28T00:22:19.521+0200][8.318s] GC(188) Survivor regions: 1->1(1)
[2025-06-28T00:22:19.521+0200][8.318s] GC(188) Old regions: 17->17
[2025-06-28T00:22:19.521+0200][8.318s] GC(188) Humongous regions: 0->0
[2025-06-28T00:22:19.521+0200][8.318s] GC(188) Metaspace: 38219K(38848K)->38219K(38848K) NonClass: 33264K(33600K)->33264K(33600K) Class: 4955K(5248K)->4955K(5248K)
[2025-06-28T00:22:19.521+0200][8.318s] GC(188) Pause Young (Mixed) (G1 Evacuation Pause) 18M->17M(22M) 5.223ms
[2025-06-28T00:22:19.521+0200][8.318s] GC(188) User=0.00s Sys=0.00s Real=0.00s
[2025-06-28T00:22:19.532+0200][8.328s] GC(189) Pause Young (Concurrent Start) (G1 Evacuation Pause)
[2025-06-28T00:22:19.532+0200][8.328s] GC(189) Using 2 workers of 10 for evacuation
[2025-06-28T00:22:19.535+0200][8.331s] GC(189)   Pre Evacuate Collection Set: 0.3ms
[2025-06-28T00:22:19.535+0200][8.331s] GC(189)   Merge Heap Roots: 0.1ms
[2025-06-28T00:22:19.535+0200][8.331s] GC(189)   Evacuate Collection Set: 1.6ms
[2025-06-28T00:22:19.535+0200][8.331s] GC(189)   Post Evacuate Collection Set: 0.4ms
[2025-06-28T00:22:19.535+0200][8.331s] GC(189)   Other: 0.2ms
[2025-06-28T00:22:19.535+0200][8.331s] GC(189) Eden regions: 1->0(1)
[2025-06-28T00:22:19.535+0200][8.331s] GC(189) Survivor regions: 1->1(1)
[2025-06-28T00:22:19.535+0200][8.331s] GC(189) Old regions: 17->17
[2025-06-28T00:22:19.535+0200][8.331s] GC(189) Humongous regions: 0->0
[2025-06-28T00:22:19.535+0200][8.331s] GC(189) Metaspace: 38300K(38912K)->38300K(38912K) NonClass: 33334K(33664K)->33334K(33664K) Class: 4965K(5248K)->4965K(5248K)
[2025-06-28T00:22:19.535+0200][8.331s] GC(189) Pause Young (Concurrent Start) (G1 Evacuation Pause) 18M->17M(22M) 2.929ms
[2025-06-28T00:22:19.535+0200][8.331s] GC(189) User=0.00s Sys=0.00s Real=0.00s
[2025-06-28T00:22:19.535+0200][8.331s] GC(190) Concurrent Mark Cycle
[2025-06-28T00:22:19.535+0200][8.331s] GC(190) Concurrent Scan Root Regions
[2025-06-28T00:22:19.536+0200][8.332s] GC(190) Concurrent Scan Root Regions 0.694ms
[2025-06-28T00:22:19.536+0200][8.332s] GC(190) Concurrent Mark
[2025-06-28T00:22:19.536+0200][8.332s] GC(190) Concurrent Mark From Roots
[2025-06-28T00:22:19.536+0200][8.332s] GC(190) Using 3 workers of 3 for marking
[2025-06-28T00:22:19.548+0200][8.344s] GC(190) Concurrent Mark From Roots 12.344ms
[2025-06-28T00:22:19.548+0200][8.345s] GC(190) Concurrent Preclean
[2025-06-28T00:22:19.549+0200][8.345s] GC(190) Concurrent Preclean 0.150ms
[2025-06-28T00:22:19.549+0200][8.345s] GC(190) Pause Remark
[2025-06-28T00:22:19.555+0200][8.351s] GC(190) Pause Remark 18M->18M(22M) 6.406ms
[2025-06-28T00:22:19.555+0200][8.351s] GC(190) User=0.00s Sys=0.00s Real=0.01s
[2025-06-28T00:22:19.555+0200][8.351s] GC(190) Concurrent Mark 19.342ms
[2025-06-28T00:22:19.555+0200][8.352s] GC(190) Concurrent Rebuild Remembered Sets and Scrub Regions
[2025-06-28T00:22:19.562+0200][8.358s] GC(190) Concurrent Rebuild Remembered Sets and Scrub Regions 6.784ms
[2025-06-28T00:22:19.562+0200][8.359s] GC(190) Pause Cleanup
[2025-06-28T00:22:19.563+0200][8.359s] GC(190) Pause Cleanup 18M->18M(22M) 0.333ms
[2025-06-28T00:22:19.563+0200][8.359s] GC(190) User=0.00s Sys=0.00s Real=0.00s
[2025-06-28T00:22:19.563+0200][8.359s] GC(190) Concurrent Clear Claimed Marks
[2025-06-28T00:22:19.563+0200][8.359s] GC(190) Concurrent Clear Claimed Marks 0.076ms
[2025-06-28T00:22:19.563+0200][8.359s] GC(190) Concurrent Cleanup for Next Mark
[2025-06-28T00:22:19.563+0200][8.360s] GC(190) Concurrent Cleanup for Next Mark 0.198ms
[2025-06-28T00:22:19.563+0200][8.360s] GC(190) Concurrent Mark Cycle 28.298ms
[2025-06-28T00:22:19.570+0200][8.366s] GC(191) Pause Young (Prepare Mixed) (G1 Evacuation Pause)
[2025-06-28T00:22:19.570+0200][8.366s] GC(191) Using 2 workers of 10 for evacuation
[2025-06-28T00:22:19.574+0200][8.370s] GC(191)   Pre Evacuate Collection Set: 0.2ms
[2025-06-28T00:22:19.574+0200][8.370s] GC(191)   Merge Heap Roots: 0.1ms
[2025-06-28T00:22:19.574+0200][8.370s] GC(191)   Evacuate Collection Set: 2.0ms
[2025-06-28T00:22:19.574+0200][8.370s] GC(191)   Post Evacuate Collection Set: 1.5ms
[2025-06-28T00:22:19.574+0200][8.370s] GC(191)   Other: 0.1ms
[2025-06-28T00:22:19.574+0200][8.370s] GC(191) Eden regions: 1->0(0)
[2025-06-28T00:22:19.574+0200][8.370s] GC(191) Survivor regions: 1->1(1)
[2025-06-28T00:22:19.574+0200][8.370s] GC(191) Old regions: 17->18
[2025-06-28T00:22:19.574+0200][8.370s] GC(191) Humongous regions: 0->0
[2025-06-28T00:22:19.574+0200][8.371s] GC(191) Metaspace: 38627K(39168K)->38627K(39168K) NonClass: 33621K(33920K)->33621K(33920K) Class: 5005K(5248K)->5005K(5248K)
[2025-06-28T00:22:19.574+0200][8.371s] GC(191) Pause Young (Prepare Mixed) (G1 Evacuation Pause) 18M->17M(22M) 4.173ms
[2025-06-28T00:22:19.574+0200][8.371s] GC(191) User=0.00s Sys=0.00s Real=0.00s
[2025-06-28T00:22:19.574+0200][8.371s] Attempting full compaction
[2025-06-28T00:22:19.574+0200][8.371s] GC(192) Pause Full (G1 Compaction Pause)
[2025-06-28T00:22:19.574+0200][8.371s] GC(192) Using 2 workers of 10 for full compaction
[2025-06-28T00:22:19.574+0200][8.371s] GC(192) Phase 1: Mark live objects
[2025-06-28T00:22:19.601+0200][8.397s] GC(192) Phase 1: Mark live objects 26.445ms
[2025-06-28T00:22:19.601+0200][8.397s] GC(192) Phase 2: Prepare compaction
[2025-06-28T00:22:19.604+0200][8.401s] GC(192) Phase 2: Prepare compaction 3.721ms
[2025-06-28T00:22:19.604+0200][8.401s] GC(192) Phase 3: Adjust pointers
[2025-06-28T00:22:19.616+0200][8.413s] GC(192) Phase 3: Adjust pointers 11.697ms
[2025-06-28T00:22:19.616+0200][8.413s] GC(192) Phase 4: Compact heap
[2025-06-28T00:22:19.621+0200][8.418s] GC(192) Phase 4: Compact heap 4.867ms
[2025-06-28T00:22:19.621+0200][8.418s] GC(192) Phase 5: Reset Metadata
[2025-06-28T00:22:19.622+0200][8.419s] GC(192) Phase 5: Reset Metadata 1.117ms
[2025-06-28T00:22:19.626+0200][8.423s] GC(192) Eden regions: 0->0(3)
[2025-06-28T00:22:19.627+0200][8.423s] GC(192) Survivor regions: 1->0(1)
[2025-06-28T00:22:19.627+0200][8.423s] GC(192) Old regions: 18->17
[2025-06-28T00:22:19.627+0200][8.423s] GC(192) Humongous regions: 0->0
[2025-06-28T00:22:19.627+0200][8.423s] GC(192) Metaspace: 38627K(39168K)->38627K(39168K) NonClass: 33621K(33920K)->33621K(33920K) Class: 5005K(5248K)->5005K(5248K)
[2025-06-28T00:22:19.627+0200][8.423s] GC(192) Pause Full (G1 Compaction Pause) 17M->15M(22M) 52.704ms
[2025-06-28T00:22:19.627+0200][8.423s] GC(192) User=0.14s Sys=0.00s Real=0.05s
[2025-06-28T00:22:19.677+0200][8.474s] GC(193) Pause Young (Concurrent Start) (G1 Evacuation Pause)
[2025-06-28T00:22:19.677+0200][8.474s] GC(193) Using 2 workers of 10 for evacuation
[2025-06-28T00:22:19.680+0200][8.476s] GC(193)   Pre Evacuate Collection Set: 0.3ms
[2025-06-28T00:22:19.680+0200][8.476s] GC(193)   Merge Heap Roots: 0.1ms
[2025-06-28T00:22:19.680+0200][8.476s] GC(193)   Evacuate Collection Set: 1.0ms
[2025-06-28T00:22:19.680+0200][8.476s] GC(193)   Post Evacuate Collection Set: 0.6ms
[2025-06-28T00:22:19.680+0200][8.476s] GC(193)   Other: 0.1ms
[2025-06-28T00:22:19.680+0200][8.476s] GC(193) Eden regions: 3->0(1)
[2025-06-28T00:22:19.680+0200][8.476s] GC(193) Survivor regions: 0->1(1)
[2025-06-28T00:22:19.680+0200][8.476s] GC(193) Old regions: 17->17
[2025-06-28T00:22:19.680+0200][8.476s] GC(193) Humongous regions: 0->0
[2025-06-28T00:22:19.680+0200][8.476s] GC(193) Metaspace: 38995K(39552K)->38995K(39552K) NonClass: 33932K(34240K)->33932K(34240K) Class: 5063K(5312K)->5063K(5312K)
[2025-06-28T00:22:19.680+0200][8.477s] GC(193) Pause Young (Concurrent Start) (G1 Evacuation Pause) 18M->15M(22M) 2.591ms
[2025-06-28T00:22:19.680+0200][8.477s] GC(193) User=0.00s Sys=0.00s Real=0.00s
[2025-06-28T00:22:19.680+0200][8.477s] GC(194) Concurrent Mark Cycle
[2025-06-28T00:22:19.680+0200][8.477s] GC(194) Concurrent Scan Root Regions
[2025-06-28T00:22:19.681+0200][8.478s] GC(194) Concurrent Scan Root Regions 0.848ms
[2025-06-28T00:22:19.681+0200][8.478s] GC(194) Concurrent Mark
[2025-06-28T00:22:19.681+0200][8.478s] GC(194) Concurrent Mark From Roots
[2025-06-28T00:22:19.681+0200][8.478s] GC(194) Using 3 workers of 3 for marking
[2025-06-28T00:22:19.694+0200][8.491s] GC(194) Concurrent Mark From Roots 13.269ms
[2025-06-28T00:22:19.694+0200][8.491s] GC(194) Concurrent Preclean
[2025-06-28T00:22:19.695+0200][8.491s] GC(194) Concurrent Preclean 0.143ms
[2025-06-28T00:22:19.695+0200][8.492s] GC(194) Pause Remark
[2025-06-28T00:22:19.701+0200][8.497s] GC(194) Pause Remark 16M->16M(22M) 5.438ms
[2025-06-28T00:22:19.701+0200][8.497s] GC(194) User=0.03s Sys=0.02s Real=0.01s
[2025-06-28T00:22:19.701+0200][8.497s] GC(194) Concurrent Mark 19.410ms
[2025-06-28T00:22:19.701+0200][8.497s] GC(194) Concurrent Rebuild Remembered Sets and Scrub Regions
[2025-06-28T00:22:19.703+0200][8.500s] GC(195) Pause Young (Normal) (G1 Evacuation Pause)
[2025-06-28T00:22:19.703+0200][8.500s] GC(195) Using 2 workers of 10 for evacuation
[2025-06-28T00:22:19.706+0200][8.502s] GC(195)   Pre Evacuate Collection Set: 0.3ms
[2025-06-28T00:22:19.706+0200][8.502s] GC(195)   Merge Heap Roots: 0.1ms
[2025-06-28T00:22:19.706+0200][8.502s] GC(195)   Evacuate Collection Set: 1.2ms
[2025-06-28T00:22:19.706+0200][8.502s] GC(195)   Post Evacuate Collection Set: 0.5ms
[2025-06-28T00:22:19.706+0200][8.502s] GC(195)   Other: 0.1ms
[2025-06-28T00:22:19.706+0200][8.502s] GC(195) Eden regions: 1->0(1)
[2025-06-28T00:22:19.706+0200][8.502s] GC(195) Survivor regions: 1->1(1)
[2025-06-28T00:22:19.706+0200][8.502s] GC(195) Old regions: 17->17
[2025-06-28T00:22:19.706+0200][8.502s] GC(195) Humongous regions: 0->0
[2025-06-28T00:22:19.706+0200][8.502s] GC(195) Metaspace: 39052K(39616K)->39052K(39616K) NonClass: 33978K(34304K)->33978K(34304K) Class: 5074K(5312K)->5074K(5312K)
[2025-06-28T00:22:19.706+0200][8.502s] GC(195) Pause Young (Normal) (G1 Evacuation Pause) 16M->15M(22M) 2.247ms
[2025-06-28T00:22:19.706+0200][8.502s] GC(195) User=0.00s Sys=0.00s Real=0.00s
[2025-06-28T00:22:19.709+0200][8.505s] GC(194) Concurrent Rebuild Remembered Sets and Scrub Regions 8.163ms
[2025-06-28T00:22:19.720+0200][8.516s] GC(194) Pause Cleanup
[2025-06-28T00:22:19.720+0200][8.516s] GC(194) Pause Cleanup 15M->15M(22M) 0.299ms
[2025-06-28T00:22:19.720+0200][8.516s] GC(194) User=0.00s Sys=0.00s Real=0.00s
[2025-06-28T00:22:19.720+0200][8.516s] GC(194) Concurrent Clear Claimed Marks
[2025-06-28T00:22:19.720+0200][8.516s] GC(194) Concurrent Clear Claimed Marks 0.108ms
[2025-06-28T00:22:19.720+0200][8.516s] GC(194) Concurrent Cleanup for Next Mark
[2025-06-28T00:22:19.720+0200][8.516s] GC(194) Concurrent Cleanup for Next Mark 0.085ms
[2025-06-28T00:22:19.720+0200][8.516s] GC(194) Concurrent Mark Cycle 39.590ms
[2025-06-28T00:22:19.726+0200][8.522s] GC(196) Pause Young (Prepare Mixed) (G1 Evacuation Pause)
[2025-06-28T00:22:19.726+0200][8.523s] GC(196) Using 2 workers of 10 for evacuation
[2025-06-28T00:22:19.728+0200][8.525s] GC(196)   Pre Evacuate Collection Set: 0.3ms
[2025-06-28T00:22:19.728+0200][8.525s] GC(196)   Merge Heap Roots: 0.1ms
[2025-06-28T00:22:19.728+0200][8.525s] GC(196)   Evacuate Collection Set: 1.0ms
[2025-06-28T00:22:19.728+0200][8.525s] GC(196)   Post Evacuate Collection Set: 0.7ms
[2025-06-28T00:22:19.728+0200][8.525s] GC(196)   Other: 0.1ms
[2025-06-28T00:22:19.728+0200][8.525s] GC(196) Eden regions: 1->0(1)
[2025-06-28T00:22:19.728+0200][8.525s] GC(196) Survivor regions: 1->1(1)
[2025-06-28T00:22:19.728+0200][8.525s] GC(196) Old regions: 17->17
[2025-06-28T00:22:19.728+0200][8.525s] GC(196) Humongous regions: 0->0
[2025-06-28T00:22:19.728+0200][8.525s] GC(196) Metaspace: 39099K(39680K)->39099K(39680K) NonClass: 34018K(34304K)->34018K(34304K) Class: 5080K(5376K)->5080K(5376K)
[2025-06-28T00:22:19.728+0200][8.525s] GC(196) Pause Young (Prepare Mixed) (G1 Evacuation Pause) 16M->15M(22M) 2.583ms
[2025-06-28T00:22:19.728+0200][8.525s] GC(196) User=0.00s Sys=0.00s Real=0.00s
[2025-06-28T00:22:19.817+0200][8.614s] GC(197) Pause Young (Mixed) (G1 Evacuation Pause)
[2025-06-28T00:22:19.817+0200][8.614s] GC(197) Using 2 workers of 10 for evacuation
[2025-06-28T00:22:19.820+0200][8.617s] GC(197)   Pre Evacuate Collection Set: 0.1ms
[2025-06-28T00:22:19.820+0200][8.617s] GC(197)   Merge Heap Roots: 0.0ms
[2025-06-28T00:22:19.820+0200][8.617s] GC(197)   Evacuate Collection Set: 1.9ms
[2025-06-28T00:22:19.820+0200][8.617s] GC(197)   Post Evacuate Collection Set: 0.5ms
[2025-06-28T00:22:19.820+0200][8.617s] GC(197)   Other: 0.1ms
[2025-06-28T00:22:19.821+0200][8.617s] GC(197) Eden regions: 1->0(1)
[2025-06-28T00:22:19.821+0200][8.617s] GC(197) Survivor regions: 1->1(1)
[2025-06-28T00:22:19.821+0200][8.617s] GC(197) Old regions: 17->17
[2025-06-28T00:22:19.821+0200][8.617s] GC(197) Humongous regions: 0->0
[2025-06-28T00:22:19.821+0200][8.617s] GC(197) Metaspace: 39556K(40128K)->39556K(40128K) NonClass: 34427K(34752K)->34427K(34752K) Class: 5129K(5376K)->5129K(5376K)
[2025-06-28T00:22:19.821+0200][8.617s] GC(197) Pause Young (Mixed) (G1 Evacuation Pause) 16M->15M(22M) 3.029ms
[2025-06-28T00:22:19.821+0200][8.617s] GC(197) User=0.00s Sys=0.00s Real=0.00s
[2025-06-28T00:22:19.837+0200][8.633s] GC(198) Pause Young (Concurrent Start) (G1 Evacuation Pause)
[2025-06-28T00:22:19.837+0200][8.634s] GC(198) Using 2 workers of 10 for evacuation
[2025-06-28T00:22:19.839+0200][8.635s] GC(198)   Pre Evacuate Collection Set: 0.2ms
[2025-06-28T00:22:19.839+0200][8.635s] GC(198)   Merge Heap Roots: 0.1ms
[2025-06-28T00:22:19.839+0200][8.635s] GC(198)   Evacuate Collection Set: 1.0ms
[2025-06-28T00:22:19.839+0200][8.635s] GC(198)   Post Evacuate Collection Set: 0.3ms
[2025-06-28T00:22:19.839+0200][8.635s] GC(198)   Other: 0.1ms
[2025-06-28T00:22:19.839+0200][8.635s] GC(198) Eden regions: 1->0(1)
[2025-06-28T00:22:19.839+0200][8.635s] GC(198) Survivor regions: 1->1(1)
[2025-06-28T00:22:19.839+0200][8.635s] GC(198) Old regions: 17->17
[2025-06-28T00:22:19.839+0200][8.635s] GC(198) Humongous regions: 0->0
[2025-06-28T00:22:19.839+0200][8.635s] GC(198) Metaspace: 39660K(40192K)->39660K(40192K) NonClass: 34522K(34816K)->34522K(34816K) Class: 5138K(5376K)->5138K(5376K)
[2025-06-28T00:22:19.839+0200][8.635s] GC(198) Pause Young (Concurrent Start) (G1 Evacuation Pause) 16M->15M(22M) 1.884ms
[2025-06-28T00:22:19.839+0200][8.635s] GC(198) User=0.05s Sys=0.00s Real=0.00s
[2025-06-28T00:22:19.839+0200][8.635s] GC(199) Concurrent Mark Cycle
[2025-06-28T00:22:19.839+0200][8.635s] GC(199) Concurrent Scan Root Regions
[2025-06-28T00:22:19.840+0200][8.636s] GC(199) Concurrent Scan Root Regions 0.972ms
[2025-06-28T00:22:19.840+0200][8.636s] GC(199) Concurrent Mark
[2025-06-28T00:22:19.840+0200][8.636s] GC(199) Concurrent Mark From Roots
[2025-06-28T00:22:19.840+0200][8.636s] GC(199) Using 3 workers of 3 for marking
[2025-06-28T00:22:19.855+0200][8.651s] GC(200) Pause Young (Normal) (G1 Evacuation Pause)
[2025-06-28T00:22:19.856+0200][8.651s] GC(200) Using 2 workers of 10 for evacuation
[2025-06-28T00:22:19.858+0200][8.654s] GC(200)   Pre Evacuate Collection Set: 0.3ms
[2025-06-28T00:22:19.858+0200][8.654s] GC(200)   Merge Heap Roots: 0.1ms
[2025-06-28T00:22:19.858+0200][8.654s] GC(200)   Evacuate Collection Set: 1.3ms
[2025-06-28T00:22:19.858+0200][8.654s] GC(200)   Post Evacuate Collection Set: 0.6ms
[2025-06-28T00:22:19.858+0200][8.654s] GC(200)   Other: 0.1ms
[2025-06-28T00:22:19.858+0200][8.654s] GC(200) Eden regions: 1->0(1)
[2025-06-28T00:22:19.858+0200][8.654s] GC(200) Survivor regions: 1->1(1)
[2025-06-28T00:22:19.858+0200][8.654s] GC(200) Old regions: 17->17
[2025-06-28T00:22:19.858+0200][8.654s] GC(200) Humongous regions: 0->0
[2025-06-28T00:22:19.858+0200][8.654s] GC(200) Metaspace: 39717K(40256K)->39717K(40256K) NonClass: 34568K(34880K)->34568K(34880K) Class: 5149K(5376K)->5149K(5376K)
[2025-06-28T00:22:19.858+0200][8.654s] GC(200) Pause Young (Normal) (G1 Evacuation Pause) 16M->15M(22M) 2.733ms
[2025-06-28T00:22:19.858+0200][8.654s] GC(200) User=0.02s Sys=0.00s Real=0.00s
[2025-06-28T00:22:19.858+0200][8.654s] GC(199) Concurrent Mark From Roots 17.817ms
[2025-06-28T00:22:19.858+0200][8.654s] GC(199) Concurrent Preclean
[2025-06-28T00:22:19.859+0200][8.654s] GC(199) Concurrent Preclean 0.115ms
[2025-06-28T00:22:19.859+0200][8.655s] GC(199) Pause Remark
[2025-06-28T00:22:19.864+0200][8.660s] GC(199) Pause Remark 15M->15M(22M) 5.019ms
[2025-06-28T00:22:19.864+0200][8.660s] GC(199) User=0.00s Sys=0.00s Real=0.01s
[2025-06-28T00:22:19.864+0200][8.660s] GC(199) Concurrent Mark 23.307ms
[2025-06-28T00:22:19.864+0200][8.660s] GC(199) Concurrent Rebuild Remembered Sets and Scrub Regions
[2025-06-28T00:22:19.869+0200][8.665s] GC(199) Concurrent Rebuild Remembered Sets and Scrub Regions 5.562ms
[2025-06-28T00:22:19.870+0200][8.666s] GC(199) Pause Cleanup
[2025-06-28T00:22:19.870+0200][8.666s] GC(199) Pause Cleanup 16M->16M(22M) 0.199ms
[2025-06-28T00:22:19.870+0200][8.666s] GC(199) User=0.00s Sys=0.00s Real=0.00s
[2025-06-28T00:22:19.870+0200][8.666s] GC(199) Concurrent Clear Claimed Marks
[2025-06-28T00:22:19.870+0200][8.666s] GC(199) Concurrent Clear Claimed Marks 0.077ms
[2025-06-28T00:22:19.870+0200][8.666s] GC(199) Concurrent Cleanup for Next Mark
[2025-06-28T00:22:19.870+0200][8.666s] GC(199) Concurrent Cleanup for Next Mark 0.177ms
[2025-06-28T00:22:19.870+0200][8.666s] GC(199) Concurrent Mark Cycle 30.944ms
[2025-06-28T00:22:19.881+0200][8.678s] GC(201) Pause Young (Prepare Mixed) (G1 Evacuation Pause)
[2025-06-28T00:22:19.882+0200][8.678s] GC(201) Using 2 workers of 10 for evacuation
[2025-06-28T00:22:19.884+0200][8.680s] GC(201)   Pre Evacuate Collection Set: 0.2ms
[2025-06-28T00:22:19.884+0200][8.680s] GC(201)   Merge Heap Roots: 0.1ms
[2025-06-28T00:22:19.884+0200][8.680s] GC(201)   Evacuate Collection Set: 1.1ms
[2025-06-28T00:22:19.884+0200][8.680s] GC(201)   Post Evacuate Collection Set: 0.4ms
[2025-06-28T00:22:19.884+0200][8.680s] GC(201)   Other: 0.1ms
[2025-06-28T00:22:19.884+0200][8.680s] GC(201) Eden regions: 1->0(1)
[2025-06-28T00:22:19.884+0200][8.680s] GC(201) Survivor regions: 1->1(1)
[2025-06-28T00:22:19.884+0200][8.680s] GC(201) Old regions: 17->17
[2025-06-28T00:22:19.884+0200][8.680s] GC(201) Humongous regions: 0->0
[2025-06-28T00:22:19.884+0200][8.680s] GC(201) Metaspace: 39811K(40320K)->39811K(40320K) NonClass: 34650K(34944K)->34650K(34944K) Class: 5160K(5376K)->5160K(5376K)
[2025-06-28T00:22:19.884+0200][8.680s] GC(201) Pause Young (Prepare Mixed) (G1 Evacuation Pause) 16M->15M(22M) 2.206ms
[2025-06-28T00:22:19.884+0200][8.680s] GC(201) User=0.00s Sys=0.00s Real=0.00s
[2025-06-28T00:22:19.909+0200][8.705s] GC(202) Pause Young (Mixed) (G1 Evacuation Pause)
[2025-06-28T00:22:19.909+0200][8.705s] GC(202) Using 2 workers of 10 for evacuation
[2025-06-28T00:22:19.911+0200][8.708s] GC(202)   Pre Evacuate Collection Set: 0.2ms
[2025-06-28T00:22:19.912+0200][8.708s] GC(202)   Merge Heap Roots: 0.1ms
[2025-06-28T00:22:19.912+0200][8.708s] GC(202)   Evacuate Collection Set: 1.9ms
[2025-06-28T00:22:19.912+0200][8.708s] GC(202)   Post Evacuate Collection Set: 0.5ms
[2025-06-28T00:22:19.912+0200][8.708s] GC(202)   Other: 0.1ms
[2025-06-28T00:22:19.912+0200][8.708s] GC(202) Eden regions: 1->0(2)
[2025-06-28T00:22:19.912+0200][8.708s] GC(202) Survivor regions: 1->1(1)
[2025-06-28T00:22:19.912+0200][8.708s] GC(202) Old regions: 17->16
[2025-06-28T00:22:19.912+0200][8.708s] GC(202) Humongous regions: 0->0
[2025-06-28T00:22:19.912+0200][8.708s] GC(202) Metaspace: 39879K(40384K)->39879K(40384K) NonClass: 34712K(35008K)->34712K(35008K) Class: 5167K(5376K)->5167K(5376K)
[2025-06-28T00:22:19.912+0200][8.708s] GC(202) Pause Young (Mixed) (G1 Evacuation Pause) 16M->15M(22M) 3.227ms
[2025-06-28T00:22:19.912+0200][8.708s] GC(202) User=0.00s Sys=0.00s Real=0.00s
[2025-06-28T00:22:19.944+0200][8.740s] GC(203) Pause Young (Concurrent Start) (G1 Evacuation Pause)
[2025-06-28T00:22:19.944+0200][8.740s] GC(203) Using 2 workers of 10 for evacuation
[2025-06-28T00:22:19.946+0200][8.742s] GC(203)   Pre Evacuate Collection Set: 0.2ms
[2025-06-28T00:22:19.946+0200][8.742s] GC(203)   Merge Heap Roots: 0.0ms
[2025-06-28T00:22:19.946+0200][8.742s] GC(203)   Evacuate Collection Set: 1.2ms
[2025-06-28T00:22:19.946+0200][8.742s] GC(203)   Post Evacuate Collection Set: 0.3ms
[2025-06-28T00:22:19.946+0200][8.742s] GC(203)   Other: 0.1ms
[2025-06-28T00:22:19.946+0200][8.742s] GC(203) Eden regions: 2->0(2)
[2025-06-28T00:22:19.946+0200][8.742s] GC(203) Survivor regions: 1->1(1)
[2025-06-28T00:22:19.946+0200][8.742s] GC(203) Old regions: 16->16
[2025-06-28T00:22:19.946+0200][8.742s] GC(203) Humongous regions: 0->0
[2025-06-28T00:22:19.946+0200][8.742s] GC(203) Metaspace: 40096K(40576K)->40096K(40576K) NonClass: 34908K(35200K)->34908K(35200K) Class: 5187K(5376K)->5187K(5376K)
[2025-06-28T00:22:19.946+0200][8.742s] GC(203) Pause Young (Concurrent Start) (G1 Evacuation Pause) 17M->15M(22M) 2.094ms
[2025-06-28T00:22:19.946+0200][8.742s] GC(203) User=0.00s Sys=0.00s Real=0.00s
[2025-06-28T00:22:19.946+0200][8.742s] GC(204) Concurrent Mark Cycle
[2025-06-28T00:22:19.946+0200][8.743s] GC(204) Concurrent Scan Root Regions
[2025-06-28T00:22:19.947+0200][8.743s] GC(204) Concurrent Scan Root Regions 0.798ms
[2025-06-28T00:22:19.947+0200][8.743s] GC(204) Concurrent Mark
[2025-06-28T00:22:19.947+0200][8.743s] GC(204) Concurrent Mark From Roots
[2025-06-28T00:22:19.947+0200][8.743s] GC(204) Using 3 workers of 3 for marking
[2025-06-28T00:22:19.959+0200][8.755s] GC(204) Concurrent Mark From Roots 11.654ms
[2025-06-28T00:22:19.959+0200][8.755s] GC(204) Concurrent Preclean
[2025-06-28T00:22:19.959+0200][8.755s] GC(204) Concurrent Preclean 0.125ms
[2025-06-28T00:22:19.959+0200][8.755s] GC(204) Pause Remark
[2025-06-28T00:22:19.963+0200][8.760s] GC(204) Pause Remark 16M->16M(22M) 4.299ms
[2025-06-28T00:22:19.963+0200][8.760s] GC(204) User=0.00s Sys=0.00s Real=0.00s
[2025-06-28T00:22:19.963+0200][8.760s] GC(204) Concurrent Mark 16.430ms
[2025-06-28T00:22:19.964+0200][8.760s] GC(204) Concurrent Rebuild Remembered Sets and Scrub Regions
[2025-06-28T00:22:19.969+0200][8.765s] GC(204) Concurrent Rebuild Remembered Sets and Scrub Regions 5.602ms
[2025-06-28T00:22:19.971+0200][8.767s] GC(204) Pause Cleanup
[2025-06-28T00:22:19.971+0200][8.767s] GC(204) Pause Cleanup 17M->17M(22M) 0.148ms
[2025-06-28T00:22:19.971+0200][8.767s] GC(204) User=0.00s Sys=0.00s Real=0.00s
[2025-06-28T00:22:19.971+0200][8.767s] GC(204) Concurrent Clear Claimed Marks
[2025-06-28T00:22:19.971+0200][8.768s] GC(204) Concurrent Clear Claimed Marks 0.088ms
[2025-06-28T00:22:19.971+0200][8.768s] GC(204) Concurrent Cleanup for Next Mark
[2025-06-28T00:22:19.971+0200][8.768s] GC(204) Concurrent Cleanup for Next Mark 0.179ms
[2025-06-28T00:22:19.972+0200][8.768s] GC(204) Concurrent Mark Cycle 25.331ms
[2025-06-28T00:22:19.983+0200][8.778s] GC(205) Pause Young (Normal) (G1 Evacuation Pause)
[2025-06-28T00:22:19.983+0200][8.779s] GC(205) Using 2 workers of 10 for evacuation
[2025-06-28T00:22:19.985+0200][8.781s] GC(205)   Pre Evacuate Collection Set: 0.2ms
[2025-06-28T00:22:19.985+0200][8.781s] GC(205)   Merge Heap Roots: 0.1ms
[2025-06-28T00:22:19.985+0200][8.781s] GC(205)   Evacuate Collection Set: 1.9ms
[2025-06-28T00:22:19.985+0200][8.781s] GC(205)   Post Evacuate Collection Set: 0.3ms
[2025-06-28T00:22:19.985+0200][8.781s] GC(205)   Other: 0.1ms
[2025-06-28T00:22:19.985+0200][8.781s] GC(205) Eden regions: 2->0(2)
[2025-06-28T00:22:19.985+0200][8.781s] GC(205) Survivor regions: 1->1(1)
[2025-06-28T00:22:19.985+0200][8.781s] GC(205) Old regions: 16->16
[2025-06-28T00:22:19.985+0200][8.781s] GC(205) Humongous regions: 0->0
[2025-06-28T00:22:19.985+0200][8.781s] GC(205) Metaspace: 40504K(41088K)->40504K(41088K) NonClass: 35286K(35584K)->35286K(35584K) Class: 5217K(5504K)->5217K(5504K)
[2025-06-28T00:22:19.985+0200][8.781s] GC(205) Pause Young (Normal) (G1 Evacuation Pause) 17M->16M(22M) 2.934ms
[2025-06-28T00:22:19.985+0200][8.781s] GC(205) User=0.00s Sys=0.00s Real=0.00s
[2025-06-28T00:22:20.031+0200][8.827s] GC(206) Pause Young (Concurrent Start) (G1 Evacuation Pause)
[2025-06-28T00:22:20.031+0200][8.827s] GC(206) Using 2 workers of 10 for evacuation
[2025-06-28T00:22:20.033+0200][8.830s] GC(206)   Pre Evacuate Collection Set: 0.2ms
[2025-06-28T00:22:20.034+0200][8.830s] GC(206)   Merge Heap Roots: 0.0ms
[2025-06-28T00:22:20.034+0200][8.830s] GC(206)   Evacuate Collection Set: 1.9ms
[2025-06-28T00:22:20.034+0200][8.830s] GC(206)   Post Evacuate Collection Set: 0.4ms
[2025-06-28T00:22:20.034+0200][8.830s] GC(206)   Other: 0.1ms
[2025-06-28T00:22:20.034+0200][8.830s] GC(206) Eden regions: 2->0(2)
[2025-06-28T00:22:20.034+0200][8.830s] GC(206) Survivor regions: 1->1(1)
[2025-06-28T00:22:20.034+0200][8.830s] GC(206) Old regions: 16->16
[2025-06-28T00:22:20.034+0200][8.830s] GC(206) Humongous regions: 0->0
[2025-06-28T00:22:20.034+0200][8.830s] GC(206) Metaspace: 40955K(41536K)->40955K(41536K) NonClass: 35689K(35968K)->35689K(35968K) Class: 5265K(5568K)->5265K(5568K)
[2025-06-28T00:22:20.034+0200][8.830s] GC(206) Pause Young (Concurrent Start) (G1 Evacuation Pause) 18M->16M(22M) 2.893ms
[2025-06-28T00:22:20.034+0200][8.830s] GC(206) User=0.00s Sys=0.00s Real=0.00s
[2025-06-28T00:22:20.034+0200][8.830s] GC(207) Concurrent Mark Cycle
[2025-06-28T00:22:20.034+0200][8.830s] GC(207) Concurrent Scan Root Regions
[2025-06-28T00:22:20.035+0200][8.832s] GC(207) Concurrent Scan Root Regions 1.175ms
[2025-06-28T00:22:20.035+0200][8.832s] GC(207) Concurrent Mark
[2025-06-28T00:22:20.035+0200][8.832s] GC(207) Concurrent Mark From Roots
[2025-06-28T00:22:20.035+0200][8.832s] GC(207) Using 3 workers of 3 for marking
[2025-06-28T00:22:20.049+0200][8.845s] GC(207) Concurrent Mark From Roots 13.666ms
[2025-06-28T00:22:20.049+0200][8.845s] GC(207) Concurrent Preclean
[2025-06-28T00:22:20.049+0200][8.845s] GC(207) Concurrent Preclean 0.105ms
[2025-06-28T00:22:20.049+0200][8.846s] GC(207) Pause Remark
[2025-06-28T00:22:20.053+0200][8.850s] GC(207) Pause Remark 16M->16M(22M) 4.175ms
[2025-06-28T00:22:20.053+0200][8.850s] GC(207) User=0.00s Sys=0.00s Real=0.00s
[2025-06-28T00:22:20.053+0200][8.850s] GC(207) Concurrent Mark 18.301ms
[2025-06-28T00:22:20.053+0200][8.850s] GC(207) Concurrent Rebuild Remembered Sets and Scrub Regions
[2025-06-28T00:22:20.058+0200][8.855s] GC(207) Concurrent Rebuild Remembered Sets and Scrub Regions 4.988ms
[2025-06-28T00:22:20.059+0200][8.855s] GC(207) Pause Cleanup
[2025-06-28T00:22:20.059+0200][8.855s] GC(207) Pause Cleanup 17M->17M(22M) 0.195ms
[2025-06-28T00:22:20.059+0200][8.855s] GC(207) User=0.00s Sys=0.00s Real=0.00s
[2025-06-28T00:22:20.059+0200][8.855s] GC(207) Concurrent Clear Claimed Marks
[2025-06-28T00:22:20.059+0200][8.856s] GC(207) Concurrent Clear Claimed Marks 0.087ms
[2025-06-28T00:22:20.059+0200][8.856s] GC(207) Concurrent Cleanup for Next Mark
[2025-06-28T00:22:20.059+0200][8.856s] GC(207) Concurrent Cleanup for Next Mark 0.173ms
[2025-06-28T00:22:20.059+0200][8.856s] GC(207) Concurrent Mark Cycle 25.507ms
[2025-06-28T00:22:20.076+0200][8.873s] GC(208) Pause Young (Normal) (G1 Evacuation Pause)
[2025-06-28T00:22:20.076+0200][8.873s] GC(208) Using 2 workers of 10 for evacuation
[2025-06-28T00:22:20.080+0200][8.876s] GC(208)   Pre Evacuate Collection Set: 0.2ms
[2025-06-28T00:22:20.080+0200][8.876s] GC(208)   Merge Heap Roots: 0.1ms
[2025-06-28T00:22:20.080+0200][8.876s] GC(208)   Evacuate Collection Set: 2.0ms
[2025-06-28T00:22:20.080+0200][8.876s] GC(208)   Post Evacuate Collection Set: 0.5ms
[2025-06-28T00:22:20.080+0200][8.876s] GC(208)   Other: 0.1ms
[2025-06-28T00:22:20.080+0200][8.876s] GC(208) Eden regions: 2->0(2)
[2025-06-28T00:22:20.080+0200][8.876s] GC(208) Survivor regions: 1->1(1)
[2025-06-28T00:22:20.080+0200][8.876s] GC(208) Old regions: 16->16
[2025-06-28T00:22:20.080+0200][8.876s] GC(208) Humongous regions: 0->0
[2025-06-28T00:22:20.080+0200][8.876s] GC(208) Metaspace: 41171K(41728K)->41171K(41728K) NonClass: 35865K(36160K)->35865K(36160K) Class: 5305K(5568K)->5305K(5568K)
[2025-06-28T00:22:20.080+0200][8.876s] GC(208) Pause Young (Normal) (G1 Evacuation Pause) 18M->16M(22M) 3.220ms
[2025-06-28T00:22:20.080+0200][8.876s] GC(208) User=0.00s Sys=0.00s Real=0.00s
[2025-06-28T00:22:20.159+0200][8.956s] GC(209) Pause Young (Concurrent Start) (G1 Evacuation Pause)
[2025-06-28T00:22:20.160+0200][8.956s] GC(209) Using 2 workers of 10 for evacuation
[2025-06-28T00:22:20.162+0200][8.959s] GC(209)   Pre Evacuate Collection Set: 0.3ms
[2025-06-28T00:22:20.162+0200][8.959s] GC(209)   Merge Heap Roots: 0.1ms
[2025-06-28T00:22:20.162+0200][8.959s] GC(209)   Evacuate Collection Set: 1.8ms
[2025-06-28T00:22:20.162+0200][8.959s] GC(209)   Post Evacuate Collection Set: 0.5ms
[2025-06-28T00:22:20.162+0200][8.959s] GC(209)   Other: 0.2ms
[2025-06-28T00:22:20.162+0200][8.959s] GC(209) Eden regions: 2->0(2)
[2025-06-28T00:22:20.163+0200][8.959s] GC(209) Survivor regions: 1->1(1)
[2025-06-28T00:22:20.163+0200][8.959s] GC(209) Old regions: 16->16
[2025-06-28T00:22:20.163+0200][8.959s] GC(209) Humongous regions: 0->0
[2025-06-28T00:22:20.163+0200][8.959s] GC(209) Metaspace: 41468K(42048K)->41468K(42048K) NonClass: 36116K(36416K)->36116K(36416K) Class: 5351K(5632K)->5351K(5632K)
[2025-06-28T00:22:20.163+0200][8.959s] GC(209) Pause Young (Concurrent Start) (G1 Evacuation Pause) 18M->16M(22M) 3.150ms
[2025-06-28T00:22:20.163+0200][8.959s] GC(209) User=0.00s Sys=0.00s Real=0.00s
[2025-06-28T00:22:20.163+0200][8.959s] GC(210) Concurrent Mark Cycle
[2025-06-28T00:22:20.163+0200][8.959s] GC(210) Concurrent Scan Root Regions
[2025-06-28T00:22:20.164+0200][8.960s] GC(210) Concurrent Scan Root Regions 1.306ms
[2025-06-28T00:22:20.164+0200][8.960s] GC(210) Concurrent Mark
[2025-06-28T00:22:20.164+0200][8.960s] GC(210) Concurrent Mark From Roots
[2025-06-28T00:22:20.164+0200][8.960s] GC(210) Using 3 workers of 3 for marking
[2025-06-28T00:22:20.178+0200][8.974s] GC(210) Concurrent Mark From Roots 13.747ms
[2025-06-28T00:22:20.178+0200][8.974s] GC(210) Concurrent Preclean
[2025-06-28T00:22:20.178+0200][8.974s] GC(210) Concurrent Preclean 0.179ms
[2025-06-28T00:22:20.179+0200][8.975s] GC(210) Pause Remark
[2025-06-28T00:22:20.183+0200][8.980s] GC(210) Pause Remark 16M->16M(22M) 4.959ms
[2025-06-28T00:22:20.183+0200][8.980s] GC(210) User=0.03s Sys=0.00s Real=0.00s
[2025-06-28T00:22:20.183+0200][8.980s] GC(210) Concurrent Mark 19.474ms
[2025-06-28T00:22:20.183+0200][8.980s] GC(210) Concurrent Rebuild Remembered Sets and Scrub Regions
[2025-06-28T00:22:20.189+0200][8.985s] GC(210) Concurrent Rebuild Remembered Sets and Scrub Regions 4.899ms
[2025-06-28T00:22:20.189+0200][8.985s] GC(210) Pause Cleanup
[2025-06-28T00:22:20.189+0200][8.985s] GC(210) Pause Cleanup 16M->16M(22M) 0.115ms
[2025-06-28T00:22:20.189+0200][8.985s] GC(210) User=0.00s Sys=0.00s Real=0.00s
[2025-06-28T00:22:20.189+0200][8.985s] GC(210) Concurrent Clear Claimed Marks
[2025-06-28T00:22:20.189+0200][8.985s] GC(210) Concurrent Clear Claimed Marks 0.095ms
[2025-06-28T00:22:20.189+0200][8.985s] GC(210) Concurrent Cleanup for Next Mark
[2025-06-28T00:22:20.189+0200][8.986s] GC(210) Concurrent Cleanup for Next Mark 0.164ms
[2025-06-28T00:22:20.189+0200][8.986s] GC(210) Concurrent Mark Cycle 26.683ms
[2025-06-28T00:22:20.230+0200][9.026s] GC(211) Pause Young (Normal) (G1 Evacuation Pause)
[2025-06-28T00:22:20.230+0200][9.026s] GC(211) Using 2 workers of 10 for evacuation
[2025-06-28T00:22:20.233+0200][9.030s] GC(211)   Pre Evacuate Collection Set: 0.2ms
[2025-06-28T00:22:20.233+0200][9.030s] GC(211)   Merge Heap Roots: 0.1ms
[2025-06-28T00:22:20.233+0200][9.030s] GC(211)   Evacuate Collection Set: 2.4ms
[2025-06-28T00:22:20.233+0200][9.030s] GC(211)   Post Evacuate Collection Set: 0.6ms
[2025-06-28T00:22:20.233+0200][9.030s] GC(211)   Other: 0.1ms
[2025-06-28T00:22:20.233+0200][9.030s] GC(211) Eden regions: 2->0(2)
[2025-06-28T00:22:20.233+0200][9.030s] GC(211) Survivor regions: 1->1(1)
[2025-06-28T00:22:20.233+0200][9.030s] GC(211) Old regions: 16->16
[2025-06-28T00:22:20.233+0200][9.030s] GC(211) Humongous regions: 0->0
[2025-06-28T00:22:20.233+0200][9.030s] GC(211) Metaspace: 41824K(42432K)->41824K(42432K) NonClass: 36418K(36736K)->36418K(36736K) Class: 5405K(5696K)->5405K(5696K)
[2025-06-28T00:22:20.233+0200][9.030s] GC(211) Pause Young (Normal) (G1 Evacuation Pause) 18M->16M(22M) 3.876ms
[2025-06-28T00:22:20.233+0200][9.030s] GC(211) User=0.03s Sys=0.00s Real=0.00s
[2025-06-28T00:22:20.273+0200][9.070s] GC(212) Pause Young (Concurrent Start) (G1 Evacuation Pause)
[2025-06-28T00:22:20.273+0200][9.070s] GC(212) Using 2 workers of 10 for evacuation
[2025-06-28T00:22:20.276+0200][9.072s] GC(212)   Pre Evacuate Collection Set: 0.3ms
[2025-06-28T00:22:20.276+0200][9.072s] GC(212)   Merge Heap Roots: 0.1ms
[2025-06-28T00:22:20.276+0200][9.073s] GC(212)   Evacuate Collection Set: 1.7ms
[2025-06-28T00:22:20.276+0200][9.073s] GC(212)   Post Evacuate Collection Set: 0.6ms
[2025-06-28T00:22:20.276+0200][9.073s] GC(212)   Other: 0.2ms
[2025-06-28T00:22:20.276+0200][9.073s] GC(212) Eden regions: 2->0(1)
[2025-06-28T00:22:20.276+0200][9.073s] GC(212) Survivor regions: 1->1(1)
[2025-06-28T00:22:20.276+0200][9.073s] GC(212) Old regions: 16->17
[2025-06-28T00:22:20.276+0200][9.073s] GC(212) Humongous regions: 0->0
[2025-06-28T00:22:20.276+0200][9.073s] GC(212) Metaspace: 42279K(42880K)->42279K(42880K) NonClass: 36804K(37120K)->36804K(37120K) Class: 5475K(5760K)->5475K(5760K)
[2025-06-28T00:22:20.276+0200][9.073s] GC(212) Pause Young (Concurrent Start) (G1 Evacuation Pause) 18M->16M(22M) 3.137ms
[2025-06-28T00:22:20.277+0200][9.073s] GC(212) User=0.00s Sys=0.00s Real=0.00s
[2025-06-28T00:22:20.277+0200][9.073s] GC(213) Concurrent Mark Cycle
[2025-06-28T00:22:20.277+0200][9.073s] GC(213) Concurrent Scan Root Regions
[2025-06-28T00:22:20.278+0200][9.074s] GC(213) Concurrent Scan Root Regions 1.044ms
[2025-06-28T00:22:20.278+0200][9.074s] GC(213) Concurrent Mark
[2025-06-28T00:22:20.278+0200][9.074s] GC(213) Concurrent Mark From Roots
[2025-06-28T00:22:20.278+0200][9.074s] GC(213) Using 3 workers of 3 for marking
[2025-06-28T00:22:20.292+0200][9.088s] GC(213) Concurrent Mark From Roots 14.224ms
[2025-06-28T00:22:20.292+0200][9.088s] GC(213) Concurrent Preclean
[2025-06-28T00:22:20.292+0200][9.088s] GC(213) Concurrent Preclean 0.162ms
[2025-06-28T00:22:20.292+0200][9.089s] GC(213) Pause Remark
[2025-06-28T00:22:20.297+0200][9.094s] GC(213) Pause Remark 17M->17M(22M) 4.492ms
[2025-06-28T00:22:20.297+0200][9.094s] GC(213) User=0.00s Sys=0.00s Real=0.00s
[2025-06-28T00:22:20.297+0200][9.094s] GC(213) Concurrent Mark 19.825ms
[2025-06-28T00:22:20.297+0200][9.094s] GC(213) Concurrent Rebuild Remembered Sets and Scrub Regions
[2025-06-28T00:22:20.300+0200][9.097s] GC(214) Pause Young (Normal) (G1 Evacuation Pause)
[2025-06-28T00:22:20.300+0200][9.097s] GC(214) Using 2 workers of 10 for evacuation
[2025-06-28T00:22:20.303+0200][9.100s] GC(214)   Pre Evacuate Collection Set: 0.2ms
[2025-06-28T00:22:20.303+0200][9.100s] GC(214)   Merge Heap Roots: 0.2ms
[2025-06-28T00:22:20.303+0200][9.100s] GC(214)   Evacuate Collection Set: 1.6ms
[2025-06-28T00:22:20.303+0200][9.100s] GC(214)   Post Evacuate Collection Set: 0.6ms
[2025-06-28T00:22:20.303+0200][9.100s] GC(214)   Other: 0.1ms
[2025-06-28T00:22:20.303+0200][9.100s] GC(214) Eden regions: 1->0(1)
[2025-06-28T00:22:20.303+0200][9.100s] GC(214) Survivor regions: 1->1(1)
[2025-06-28T00:22:20.303+0200][9.100s] GC(214) Old regions: 17->17
[2025-06-28T00:22:20.303+0200][9.100s] GC(214) Humongous regions: 0->0
[2025-06-28T00:22:20.303+0200][9.100s] GC(214) Metaspace: 42366K(42944K)->42366K(42944K) NonClass: 36880K(37184K)->36880K(37184K) Class: 5486K(5760K)->5486K(5760K)
[2025-06-28T00:22:20.303+0200][9.100s] GC(214) Pause Young (Normal) (G1 Evacuation Pause) 17M->16M(22M) 2.936ms
[2025-06-28T00:22:20.303+0200][9.100s] GC(214) User=0.00s Sys=0.00s Real=0.00s
[2025-06-28T00:22:20.307+0200][9.104s] GC(213) Concurrent Rebuild Remembered Sets and Scrub Regions 9.862ms
[2025-06-28T00:22:20.307+0200][9.104s] GC(213) Pause Cleanup
[2025-06-28T00:22:20.308+0200][9.104s] GC(213) Pause Cleanup 16M->16M(22M) 0.221ms
[2025-06-28T00:22:20.308+0200][9.104s] GC(213) User=0.00s Sys=0.00s Real=0.00s
[2025-06-28T00:22:20.308+0200][9.104s] GC(213) Concurrent Clear Claimed Marks
[2025-06-28T00:22:20.308+0200][9.105s] GC(213) Concurrent Clear Claimed Marks 0.102ms
[2025-06-28T00:22:20.308+0200][9.105s] GC(213) Concurrent Cleanup for Next Mark
[2025-06-28T00:22:20.308+0200][9.105s] GC(213) Concurrent Cleanup for Next Mark 0.284ms
[2025-06-28T00:22:20.308+0200][9.105s] GC(213) Concurrent Mark Cycle 32.153ms
[2025-06-28T00:22:20.324+0200][9.121s] GC(215) Pause Young (Normal) (G1 Evacuation Pause)
[2025-06-28T00:22:20.324+0200][9.121s] GC(215) Using 2 workers of 10 for evacuation
[2025-06-28T00:22:20.327+0200][9.123s] GC(215)   Pre Evacuate Collection Set: 0.2ms
[2025-06-28T00:22:20.327+0200][9.123s] GC(215)   Merge Heap Roots: 0.1ms
[2025-06-28T00:22:20.327+0200][9.123s] GC(215)   Evacuate Collection Set: 1.6ms
[2025-06-28T00:22:20.327+0200][9.123s] GC(215)   Post Evacuate Collection Set: 0.6ms
[2025-06-28T00:22:20.327+0200][9.123s] GC(215)   Other: 0.1ms
[2025-06-28T00:22:20.327+0200][9.123s] GC(215) Eden regions: 1->0(1)
[2025-06-28T00:22:20.327+0200][9.123s] GC(215) Survivor regions: 1->1(1)
[2025-06-28T00:22:20.327+0200][9.123s] GC(215) Old regions: 17->17
[2025-06-28T00:22:20.327+0200][9.124s] GC(215) Humongous regions: 0->0
[2025-06-28T00:22:20.327+0200][9.124s] GC(215) Metaspace: 42462K(43072K)->42462K(43072K) NonClass: 36961K(37312K)->36961K(37312K) Class: 5501K(5760K)->5501K(5760K)
[2025-06-28T00:22:20.327+0200][9.124s] GC(215) Pause Young (Normal) (G1 Evacuation Pause) 17M->16M(22M) 2.800ms
[2025-06-28T00:22:20.327+0200][9.124s] GC(215) User=0.00s Sys=0.00s Real=0.00s
[2025-06-28T00:22:20.350+0200][9.147s] GC(216) Pause Young (Concurrent Start) (G1 Evacuation Pause)
[2025-06-28T00:22:20.350+0200][9.147s] GC(216) Using 2 workers of 10 for evacuation
[2025-06-28T00:22:20.353+0200][9.149s] GC(216)   Pre Evacuate Collection Set: 0.2ms
[2025-06-28T00:22:20.353+0200][9.149s] GC(216)   Merge Heap Roots: 0.1ms
[2025-06-28T00:22:20.353+0200][9.149s] GC(216)   Evacuate Collection Set: 1.7ms
[2025-06-28T00:22:20.353+0200][9.149s] GC(216)   Post Evacuate Collection Set: 0.4ms
[2025-06-28T00:22:20.353+0200][9.149s] GC(216)   Other: 0.1ms
[2025-06-28T00:22:20.353+0200][9.149s] GC(216) Eden regions: 1->0(1)
[2025-06-28T00:22:20.353+0200][9.149s] GC(216) Survivor regions: 1->1(1)
[2025-06-28T00:22:20.353+0200][9.149s] GC(216) Old regions: 17->17
[2025-06-28T00:22:20.353+0200][9.149s] GC(216) Humongous regions: 0->0
[2025-06-28T00:22:20.353+0200][9.149s] GC(216) Metaspace: 42633K(43200K)->42633K(43200K) NonClass: 37118K(37440K)->37118K(37440K) Class: 5514K(5760K)->5514K(5760K)
[2025-06-28T00:22:20.353+0200][9.149s] GC(216) Pause Young (Concurrent Start) (G1 Evacuation Pause) 17M->16M(22M) 2.702ms
[2025-06-28T00:22:20.353+0200][9.149s] GC(216) User=0.00s Sys=0.00s Real=0.00s
[2025-06-28T00:22:20.353+0200][9.149s] GC(217) Concurrent Mark Cycle
[2025-06-28T00:22:20.353+0200][9.150s] GC(217) Concurrent Scan Root Regions
[2025-06-28T00:22:20.355+0200][9.151s] GC(217) Concurrent Scan Root Regions 1.335ms
[2025-06-28T00:22:20.355+0200][9.151s] GC(217) Concurrent Mark
[2025-06-28T00:22:20.355+0200][9.151s] GC(217) Concurrent Mark From Roots
[2025-06-28T00:22:20.355+0200][9.151s] GC(217) Using 3 workers of 3 for marking
[2025-06-28T00:22:20.370+0200][9.167s] GC(217) Concurrent Mark From Roots 15.551ms
[2025-06-28T00:22:20.370+0200][9.167s] GC(217) Concurrent Preclean
[2025-06-28T00:22:20.370+0200][9.167s] GC(217) Concurrent Preclean 0.157ms
[2025-06-28T00:22:20.371+0200][9.167s] GC(217) Pause Remark
[2025-06-28T00:22:20.376+0200][9.172s] GC(217) Pause Remark 16M->16M(22M) 5.237ms
[2025-06-28T00:22:20.376+0200][9.172s] GC(217) User=0.00s Sys=0.00s Real=0.00s
[2025-06-28T00:22:20.376+0200][9.172s] GC(217) Concurrent Mark 21.345ms
[2025-06-28T00:22:20.376+0200][9.172s] GC(217) Concurrent Rebuild Remembered Sets and Scrub Regions
[2025-06-28T00:22:20.383+0200][9.179s] GC(217) Concurrent Rebuild Remembered Sets and Scrub Regions 6.951ms
[2025-06-28T00:22:20.384+0200][9.179s] GC(217) Pause Cleanup
[2025-06-28T00:22:20.384+0200][9.180s] GC(217) Pause Cleanup 17M->17M(22M) 0.210ms
[2025-06-28T00:22:20.384+0200][9.180s] GC(217) User=0.00s Sys=0.00s Real=0.00s
[2025-06-28T00:22:20.384+0200][9.180s] GC(217) Concurrent Clear Claimed Marks
[2025-06-28T00:22:20.384+0200][9.180s] GC(217) Concurrent Clear Claimed Marks 0.129ms
[2025-06-28T00:22:20.384+0200][9.180s] GC(217) Concurrent Cleanup for Next Mark
[2025-06-28T00:22:20.384+0200][9.180s] GC(217) Concurrent Cleanup for Next Mark 0.158ms
[2025-06-28T00:22:20.384+0200][9.180s] GC(217) Concurrent Mark Cycle 30.811ms
[2025-06-28T00:22:20.409+0200][9.206s] GC(218) Pause Young (Normal) (G1 Evacuation Pause)
[2025-06-28T00:22:20.409+0200][9.206s] GC(218) Using 2 workers of 10 for evacuation
[2025-06-28T00:22:20.413+0200][9.210s] GC(218)   Pre Evacuate Collection Set: 0.2ms
[2025-06-28T00:22:20.413+0200][9.210s] GC(218)   Merge Heap Roots: 0.1ms
[2025-06-28T00:22:20.413+0200][9.210s] GC(218)   Evacuate Collection Set: 2.9ms
[2025-06-28T00:22:20.413+0200][9.210s] GC(218)   Post Evacuate Collection Set: 0.4ms
[2025-06-28T00:22:20.413+0200][9.210s] GC(218)   Other: 0.1ms
[2025-06-28T00:22:20.413+0200][9.210s] GC(218) Eden regions: 1->0(1)
[2025-06-28T00:22:20.413+0200][9.210s] GC(218) Survivor regions: 1->1(1)
[2025-06-28T00:22:20.413+0200][9.210s] GC(218) Old regions: 17->17
[2025-06-28T00:22:20.413+0200][9.210s] GC(218) Humongous regions: 0->0
[2025-06-28T00:22:20.413+0200][9.210s] GC(218) Metaspace: 42735K(43328K)->42735K(43328K) NonClass: 37195K(37504K)->37195K(37504K) Class: 5540K(5824K)->5540K(5824K)
[2025-06-28T00:22:20.413+0200][9.210s] GC(218) Pause Young (Normal) (G1 Evacuation Pause) 17M->16M(22M) 4.027ms
[2025-06-28T00:22:20.413+0200][9.210s] GC(218) User=0.00s Sys=0.00s Real=0.00s
[2025-06-28T00:22:20.433+0200][9.229s] GC(219) Pause Young (Concurrent Start) (G1 Evacuation Pause)
[2025-06-28T00:22:20.433+0200][9.229s] GC(219) Using 2 workers of 10 for evacuation
[2025-06-28T00:22:20.436+0200][9.232s] GC(219)   Pre Evacuate Collection Set: 0.3ms
[2025-06-28T00:22:20.436+0200][9.232s] GC(219)   Merge Heap Roots: 0.2ms
[2025-06-28T00:22:20.436+0200][9.232s] GC(219)   Evacuate Collection Set: 1.8ms
[2025-06-28T00:22:20.436+0200][9.232s] GC(219)   Post Evacuate Collection Set: 0.5ms
[2025-06-28T00:22:20.436+0200][9.232s] GC(219)   Other: 0.2ms
[2025-06-28T00:22:20.436+0200][9.232s] GC(219) Eden regions: 1->0(1)
[2025-06-28T00:22:20.436+0200][9.232s] GC(219) Survivor regions: 1->1(1)
[2025-06-28T00:22:20.436+0200][9.232s] GC(219) Old regions: 17->17
[2025-06-28T00:22:20.436+0200][9.232s] GC(219) Humongous regions: 0->0
[2025-06-28T00:22:20.436+0200][9.233s] GC(219) Metaspace: 42891K(43456K)->42891K(43456K) NonClass: 37332K(37632K)->37332K(37632K) Class: 5558K(5824K)->5558K(5824K)
[2025-06-28T00:22:20.436+0200][9.233s] GC(219) Pause Young (Concurrent Start) (G1 Evacuation Pause) 17M->16M(22M) 3.156ms
[2025-06-28T00:22:20.436+0200][9.233s] GC(219) User=0.00s Sys=0.00s Real=0.00s
[2025-06-28T00:22:20.436+0200][9.233s] GC(220) Concurrent Mark Cycle
[2025-06-28T00:22:20.436+0200][9.233s] GC(220) Concurrent Scan Root Regions
[2025-06-28T00:22:20.437+0200][9.234s] GC(220) Concurrent Scan Root Regions 1.207ms
[2025-06-28T00:22:20.437+0200][9.234s] GC(220) Concurrent Mark
[2025-06-28T00:22:20.437+0200][9.234s] GC(220) Concurrent Mark From Roots
[2025-06-28T00:22:20.437+0200][9.234s] GC(220) Using 3 workers of 3 for marking
[2025-06-28T00:22:20.450+0200][9.246s] GC(220) Concurrent Mark From Roots 12.365ms
[2025-06-28T00:22:20.450+0200][9.246s] GC(220) Concurrent Preclean
[2025-06-28T00:22:20.450+0200][9.247s] GC(220) Concurrent Preclean 0.178ms
[2025-06-28T00:22:20.451+0200][9.247s] GC(220) Pause Remark
[2025-06-28T00:22:20.462+0200][9.258s] GC(220) Pause Remark 17M->17M(22M) 11.289ms
[2025-06-28T00:22:20.462+0200][9.259s] GC(220) User=0.00s Sys=0.00s Real=0.01s
[2025-06-28T00:22:20.463+0200][9.259s] GC(220) Concurrent Mark 24.764ms
[2025-06-28T00:22:20.463+0200][9.259s] GC(220) Concurrent Rebuild Remembered Sets and Scrub Regions
[2025-06-28T00:22:20.469+0200][9.265s] GC(220) Concurrent Rebuild Remembered Sets and Scrub Regions 5.895ms
[2025-06-28T00:22:20.469+0200][9.265s] GC(220) Pause Cleanup
[2025-06-28T00:22:20.469+0200][9.266s] GC(220) Pause Cleanup 17M->17M(22M) 0.175ms
[2025-06-28T00:22:20.469+0200][9.266s] GC(220) User=0.00s Sys=0.00s Real=0.00s
[2025-06-28T00:22:20.470+0200][9.266s] GC(220) Concurrent Clear Claimed Marks
[2025-06-28T00:22:20.470+0200][9.266s] GC(220) Concurrent Clear Claimed Marks 0.077ms
[2025-06-28T00:22:20.470+0200][9.266s] GC(220) Concurrent Cleanup for Next Mark
[2025-06-28T00:22:20.470+0200][9.266s] GC(220) Concurrent Cleanup for Next Mark 0.148ms
[2025-06-28T00:22:20.470+0200][9.266s] GC(220) Concurrent Mark Cycle 33.422ms
[2025-06-28T00:22:20.483+0200][9.279s] GC(221) Pause Young (Normal) (G1 Evacuation Pause)
[2025-06-28T00:22:20.483+0200][9.279s] GC(221) Using 2 workers of 10 for evacuation
[2025-06-28T00:22:20.486+0200][9.282s] GC(221)   Pre Evacuate Collection Set: 0.2ms
[2025-06-28T00:22:20.486+0200][9.282s] GC(221)   Merge Heap Roots: 0.1ms
[2025-06-28T00:22:20.486+0200][9.282s] GC(221)   Evacuate Collection Set: 1.8ms
[2025-06-28T00:22:20.486+0200][9.282s] GC(221)   Post Evacuate Collection Set: 0.6ms
[2025-06-28T00:22:20.486+0200][9.282s] GC(221)   Other: 0.1ms
[2025-06-28T00:22:20.486+0200][9.282s] GC(221) Eden regions: 1->0(1)
[2025-06-28T00:22:20.486+0200][9.282s] GC(221) Survivor regions: 1->1(1)
[2025-06-28T00:22:20.486+0200][9.282s] GC(221) Old regions: 17->17
[2025-06-28T00:22:20.486+0200][9.282s] GC(221) Humongous regions: 0->0
[2025-06-28T00:22:20.486+0200][9.282s] GC(221) Metaspace: 43024K(43584K)->43024K(43584K) NonClass: 37447K(37760K)->37447K(37760K) Class: 5576K(5824K)->5576K(5824K)
[2025-06-28T00:22:20.486+0200][9.282s] GC(221) Pause Young (Normal) (G1 Evacuation Pause) 17M->16M(22M) 3.226ms
[2025-06-28T00:22:20.486+0200][9.282s] GC(221) User=0.00s Sys=0.00s Real=0.00s
[2025-06-28T00:22:20.505+0200][9.302s] GC(222) Pause Young (Concurrent Start) (G1 Evacuation Pause)
[2025-06-28T00:22:20.505+0200][9.302s] GC(222) Using 2 workers of 10 for evacuation
[2025-06-28T00:22:20.508+0200][9.305s] GC(222)   Pre Evacuate Collection Set: 0.4ms
[2025-06-28T00:22:20.508+0200][9.305s] GC(222)   Merge Heap Roots: 0.1ms
[2025-06-28T00:22:20.508+0200][9.305s] GC(222)   Evacuate Collection Set: 2.1ms
[2025-06-28T00:22:20.508+0200][9.305s] GC(222)   Post Evacuate Collection Set: 0.5ms
[2025-06-28T00:22:20.508+0200][9.305s] GC(222)   Other: 0.1ms
[2025-06-28T00:22:20.508+0200][9.305s] GC(222) Eden regions: 1->0(1)
[2025-06-28T00:22:20.508+0200][9.305s] GC(222) Survivor regions: 1->1(1)
[2025-06-28T00:22:20.508+0200][9.305s] GC(222) Old regions: 17->17
[2025-06-28T00:22:20.508+0200][9.305s] GC(222) Humongous regions: 0->0
[2025-06-28T00:22:20.508+0200][9.305s] GC(222) Metaspace: 43133K(43712K)->43133K(43712K) NonClass: 37543K(37824K)->37543K(37824K) Class: 5589K(5888K)->5589K(5888K)
[2025-06-28T00:22:20.508+0200][9.305s] GC(222) Pause Young (Concurrent Start) (G1 Evacuation Pause) 17M->16M(22M) 3.581ms
[2025-06-28T00:22:20.509+0200][9.305s] GC(222) User=0.00s Sys=0.00s Real=0.00s
[2025-06-28T00:22:20.509+0200][9.305s] GC(223) Concurrent Mark Cycle
[2025-06-28T00:22:20.509+0200][9.305s] GC(223) Concurrent Scan Root Regions
[2025-06-28T00:22:20.510+0200][9.307s] GC(223) Concurrent Scan Root Regions 1.711ms
[2025-06-28T00:22:20.510+0200][9.307s] GC(223) Concurrent Mark
[2025-06-28T00:22:20.510+0200][9.307s] GC(223) Concurrent Mark From Roots
[2025-06-28T00:22:20.511+0200][9.307s] GC(223) Using 3 workers of 3 for marking
[2025-06-28T00:22:20.525+0200][9.322s] GC(223) Concurrent Mark From Roots 15.000ms
[2025-06-28T00:22:20.525+0200][9.322s] GC(223) Concurrent Preclean
[2025-06-28T00:22:20.525+0200][9.322s] GC(223) Concurrent Preclean 0.137ms
[2025-06-28T00:22:20.536+0200][9.332s] GC(223) Pause Remark
[2025-06-28T00:22:20.541+0200][9.337s] GC(223) Pause Remark 17M->17M(22M) 5.138ms
[2025-06-28T00:22:20.541+0200][9.337s] GC(223) User=0.00s Sys=0.00s Real=0.00s
[2025-06-28T00:22:20.541+0200][9.337s] GC(223) Concurrent Mark 29.810ms
[2025-06-28T00:22:20.541+0200][9.337s] GC(223) Concurrent Rebuild Remembered Sets and Scrub Regions
[2025-06-28T00:22:20.546+0200][9.343s] GC(223) Concurrent Rebuild Remembered Sets and Scrub Regions 6.286ms
[2025-06-28T00:22:20.547+0200][9.343s] GC(223) Pause Cleanup
[2025-06-28T00:22:20.547+0200][9.344s] GC(223) Pause Cleanup 17M->17M(22M) 0.222ms
[2025-06-28T00:22:20.547+0200][9.344s] GC(223) User=0.00s Sys=0.00s Real=0.00s
[2025-06-28T00:22:20.547+0200][9.344s] GC(223) Concurrent Clear Claimed Marks
[2025-06-28T00:22:20.547+0200][9.344s] GC(223) Concurrent Clear Claimed Marks 0.081ms
[2025-06-28T00:22:20.547+0200][9.344s] GC(223) Concurrent Cleanup for Next Mark
[2025-06-28T00:22:20.547+0200][9.344s] GC(223) Concurrent Cleanup for Next Mark 0.213ms
[2025-06-28T00:22:20.547+0200][9.344s] GC(223) Concurrent Mark Cycle 38.962ms
[2025-06-28T00:22:20.550+0200][9.346s] GC(224) Pause Young (Normal) (G1 Evacuation Pause)
[2025-06-28T00:22:20.550+0200][9.346s] GC(224) Using 2 workers of 10 for evacuation
[2025-06-28T00:22:20.552+0200][9.349s] GC(224)   Pre Evacuate Collection Set: 0.2ms
[2025-06-28T00:22:20.552+0200][9.349s] GC(224)   Merge Heap Roots: 0.1ms
[2025-06-28T00:22:20.552+0200][9.349s] GC(224)   Evacuate Collection Set: 1.9ms
[2025-06-28T00:22:20.552+0200][9.349s] GC(224)   Post Evacuate Collection Set: 0.6ms
[2025-06-28T00:22:20.552+0200][9.349s] GC(224)   Other: 0.1ms
[2025-06-28T00:22:20.552+0200][9.349s] GC(224) Eden regions: 1->0(1)
[2025-06-28T00:22:20.552+0200][9.349s] GC(224) Survivor regions: 1->1(1)
[2025-06-28T00:22:20.552+0200][9.349s] GC(224) Old regions: 17->17
[2025-06-28T00:22:20.552+0200][9.349s] GC(224) Humongous regions: 0->0
[2025-06-28T00:22:20.552+0200][9.349s] GC(224) Metaspace: 43205K(43776K)->43205K(43776K) NonClass: 37603K(37888K)->37603K(37888K) Class: 5602K(5888K)->5602K(5888K)
[2025-06-28T00:22:20.552+0200][9.349s] GC(224) Pause Young (Normal) (G1 Evacuation Pause) 17M->16M(22M) 3.174ms
[2025-06-28T00:22:20.552+0200][9.349s] GC(224) User=0.00s Sys=0.00s Real=0.00s
[2025-06-28T00:22:20.569+0200][9.366s] GC(225) Pause Young (Concurrent Start) (G1 Evacuation Pause)
[2025-06-28T00:22:20.569+0200][9.366s] GC(225) Using 2 workers of 10 for evacuation
[2025-06-28T00:22:20.573+0200][9.369s] GC(225)   Pre Evacuate Collection Set: 0.3ms
[2025-06-28T00:22:20.573+0200][9.369s] GC(225)   Merge Heap Roots: 0.2ms
[2025-06-28T00:22:20.573+0200][9.369s] GC(225)   Evacuate Collection Set: 1.8ms
[2025-06-28T00:22:20.573+0200][9.369s] GC(225)   Post Evacuate Collection Set: 0.6ms
[2025-06-28T00:22:20.573+0200][9.369s] GC(225)   Other: 0.3ms
[2025-06-28T00:22:20.573+0200][9.369s] GC(225) Eden regions: 1->0(1)
[2025-06-28T00:22:20.573+0200][9.369s] GC(225) Survivor regions: 1->1(1)
[2025-06-28T00:22:20.573+0200][9.369s] GC(225) Old regions: 17->17
[2025-06-28T00:22:20.573+0200][9.369s] GC(225) Humongous regions: 0->0
[2025-06-28T00:22:20.573+0200][9.369s] GC(225) Metaspace: 43322K(43904K)->43322K(43904K) NonClass: 37703K(38016K)->37703K(38016K) Class: 5618K(5888K)->5618K(5888K)
[2025-06-28T00:22:20.573+0200][9.369s] GC(225) Pause Young (Concurrent Start) (G1 Evacuation Pause) 17M->16M(22M) 3.442ms
[2025-06-28T00:22:20.573+0200][9.369s] GC(225) User=0.00s Sys=0.00s Real=0.00s
[2025-06-28T00:22:20.573+0200][9.369s] GC(226) Concurrent Mark Cycle
[2025-06-28T00:22:20.573+0200][9.369s] GC(226) Concurrent Scan Root Regions
[2025-06-28T00:22:20.575+0200][9.371s] GC(226) Concurrent Scan Root Regions 1.716ms
[2025-06-28T00:22:20.575+0200][9.371s] GC(226) Concurrent Mark
[2025-06-28T00:22:20.575+0200][9.371s] GC(226) Concurrent Mark From Roots
[2025-06-28T00:22:20.575+0200][9.371s] GC(226) Using 3 workers of 3 for marking
[2025-06-28T00:22:20.590+0200][9.386s] GC(226) Concurrent Mark From Roots 14.759ms
[2025-06-28T00:22:20.590+0200][9.386s] GC(226) Concurrent Preclean
[2025-06-28T00:22:20.590+0200][9.386s] GC(226) Concurrent Preclean 0.150ms
[2025-06-28T00:22:20.591+0200][9.387s] GC(226) Pause Remark
[2025-06-28T00:22:20.597+0200][9.393s] GC(226) Pause Remark 17M->17M(22M) 6.469ms
[2025-06-28T00:22:20.597+0200][9.393s] GC(226) User=0.00s Sys=0.00s Real=0.01s
[2025-06-28T00:22:20.597+0200][9.393s] GC(226) Concurrent Mark 22.225ms
[2025-06-28T00:22:20.597+0200][9.393s] GC(226) Concurrent Rebuild Remembered Sets and Scrub Regions
[2025-06-28T00:22:20.603+0200][9.399s] GC(227) Pause Young (Normal) (G1 Evacuation Pause)
[2025-06-28T00:22:20.603+0200][9.399s] GC(227) Using 2 workers of 10 for evacuation
[2025-06-28T00:22:20.606+0200][9.402s] GC(227)   Pre Evacuate Collection Set: 0.2ms
[2025-06-28T00:22:20.606+0200][9.402s] GC(227)   Merge Heap Roots: 0.1ms
[2025-06-28T00:22:20.606+0200][9.402s] GC(227)   Evacuate Collection Set: 1.6ms
[2025-06-28T00:22:20.606+0200][9.402s] GC(227)   Post Evacuate Collection Set: 0.7ms
[2025-06-28T00:22:20.606+0200][9.402s] GC(227)   Other: 0.1ms
[2025-06-28T00:22:20.606+0200][9.402s] GC(227) Eden regions: 1->0(1)
[2025-06-28T00:22:20.606+0200][9.402s] GC(227) Survivor regions: 1->1(1)
[2025-06-28T00:22:20.606+0200][9.402s] GC(227) Old regions: 17->17
[2025-06-28T00:22:20.606+0200][9.402s] GC(227) Humongous regions: 0->0
[2025-06-28T00:22:20.606+0200][9.402s] GC(227) Metaspace: 43398K(43968K)->43398K(43968K) NonClass: 37768K(38080K)->37768K(38080K) Class: 5630K(5888K)->5630K(5888K)
[2025-06-28T00:22:20.606+0200][9.402s] GC(227) Pause Young (Normal) (G1 Evacuation Pause) 17M->16M(22M) 3.013ms
[2025-06-28T00:22:20.606+0200][9.402s] GC(227) User=0.05s Sys=0.00s Real=0.00s
[2025-06-28T00:22:20.606+0200][9.403s] GC(226) Concurrent Rebuild Remembered Sets and Scrub Regions 9.279ms
[2025-06-28T00:22:20.615+0200][9.411s] GC(226) Pause Cleanup
[2025-06-28T00:22:20.615+0200][9.411s] GC(226) Pause Cleanup 17M->17M(22M) 0.283ms
[2025-06-28T00:22:20.615+0200][9.411s] GC(226) User=0.00s Sys=0.00s Real=0.00s
[2025-06-28T00:22:20.615+0200][9.412s] GC(226) Concurrent Clear Claimed Marks
[2025-06-28T00:22:20.615+0200][9.412s] GC(226) Concurrent Clear Claimed Marks 0.080ms
[2025-06-28T00:22:20.615+0200][9.412s] GC(226) Concurrent Cleanup for Next Mark
[2025-06-28T00:22:20.615+0200][9.412s] GC(226) Concurrent Cleanup for Next Mark 0.110ms
[2025-06-28T00:22:20.616+0200][9.412s] GC(226) Concurrent Mark Cycle 42.640ms
[2025-06-28T00:22:20.626+0200][9.423s] GC(228) Pause Young (Normal) (G1 Evacuation Pause)
[2025-06-28T00:22:20.626+0200][9.423s] GC(228) Using 2 workers of 10 for evacuation
[2025-06-28T00:22:20.629+0200][9.425s] GC(228)   Pre Evacuate Collection Set: 0.1ms
[2025-06-28T00:22:20.629+0200][9.425s] GC(228)   Merge Heap Roots: 0.1ms
[2025-06-28T00:22:20.629+0200][9.425s] GC(228)   Evacuate Collection Set: 1.3ms
[2025-06-28T00:22:20.629+0200][9.425s] GC(228)   Post Evacuate Collection Set: 0.4ms
[2025-06-28T00:22:20.629+0200][9.425s] GC(228)   Other: 0.1ms
[2025-06-28T00:22:20.629+0200][9.425s] GC(228) Eden regions: 1->0(1)
[2025-06-28T00:22:20.629+0200][9.425s] GC(228) Survivor regions: 1->1(1)
[2025-06-28T00:22:20.629+0200][9.425s] GC(228) Old regions: 17->17
[2025-06-28T00:22:20.629+0200][9.425s] GC(228) Humongous regions: 0->0
[2025-06-28T00:22:20.629+0200][9.425s] GC(228) Metaspace: 43595K(44224K)->43595K(44224K) NonClass: 37942K(38272K)->37942K(38272K) Class: 5653K(5952K)->5653K(5952K)
[2025-06-28T00:22:20.629+0200][9.425s] GC(228) Pause Young (Normal) (G1 Evacuation Pause) 17M->16M(22M) 2.409ms
[2025-06-28T00:22:20.629+0200][9.425s] GC(228) User=0.00s Sys=0.00s Real=0.00s
[2025-06-28T00:22:20.638+0200][9.435s] GC(229) Pause Young (Concurrent Start) (G1 Evacuation Pause)
[2025-06-28T00:22:20.638+0200][9.435s] GC(229) Using 2 workers of 10 for evacuation
[2025-06-28T00:22:20.641+0200][9.437s] GC(229)   Pre Evacuate Collection Set: 0.1ms
[2025-06-28T00:22:20.641+0200][9.437s] GC(229)   Merge Heap Roots: 0.1ms
[2025-06-28T00:22:20.641+0200][9.437s] GC(229)   Evacuate Collection Set: 1.7ms
[2025-06-28T00:22:20.641+0200][9.437s] GC(229)   Post Evacuate Collection Set: 0.5ms
[2025-06-28T00:22:20.641+0200][9.437s] GC(229)   Other: 0.1ms
[2025-06-28T00:22:20.641+0200][9.437s] GC(229) Eden regions: 1->0(1)
[2025-06-28T00:22:20.641+0200][9.437s] GC(229) Survivor regions: 1->1(1)
[2025-06-28T00:22:20.641+0200][9.438s] GC(229) Old regions: 17->17
[2025-06-28T00:22:20.641+0200][9.438s] GC(229) Humongous regions: 0->0
[2025-06-28T00:22:20.641+0200][9.438s] GC(229) Metaspace: 43709K(44288K)->43709K(44288K) NonClass: 38038K(38336K)->38038K(38336K) Class: 5671K(5952K)->5671K(5952K)
[2025-06-28T00:22:20.641+0200][9.438s] GC(229) Pause Young (Concurrent Start) (G1 Evacuation Pause) 17M->16M(22M) 2.982ms
[2025-06-28T00:22:20.641+0200][9.438s] GC(229) User=0.00s Sys=0.00s Real=0.00s
[2025-06-28T00:22:20.641+0200][9.438s] GC(230) Concurrent Mark Cycle
[2025-06-28T00:22:20.641+0200][9.438s] GC(230) Concurrent Scan Root Regions
[2025-06-28T00:22:20.643+0200][9.440s] GC(230) Concurrent Scan Root Regions 1.985ms
[2025-06-28T00:22:20.643+0200][9.440s] GC(230) Concurrent Mark
[2025-06-28T00:22:20.643+0200][9.440s] GC(230) Concurrent Mark From Roots
[2025-06-28T00:22:20.643+0200][9.440s] GC(230) Using 3 workers of 3 for marking
[2025-06-28T00:22:20.656+0200][9.453s] GC(230) Concurrent Mark From Roots 13.182ms
[2025-06-28T00:22:20.656+0200][9.453s] GC(230) Concurrent Preclean
[2025-06-28T00:22:20.657+0200][9.453s] GC(230) Concurrent Preclean 0.194ms
[2025-06-28T00:22:20.657+0200][9.453s] GC(230) Pause Remark
[2025-06-28T00:22:20.662+0200][9.459s] GC(230) Pause Remark 17M->17M(22M) 5.636ms
[2025-06-28T00:22:20.663+0200][9.459s] GC(230) User=0.00s Sys=0.00s Real=0.01s
[2025-06-28T00:22:20.663+0200][9.459s] GC(230) Concurrent Mark 19.649ms
[2025-06-28T00:22:20.663+0200][9.460s] GC(230) Concurrent Rebuild Remembered Sets and Scrub Regions
[2025-06-28T00:22:20.669+0200][9.466s] GC(230) Concurrent Rebuild Remembered Sets and Scrub Regions 6.146ms
[2025-06-28T00:22:20.669+0200][9.466s] GC(230) Pause Cleanup
[2025-06-28T00:22:20.669+0200][9.466s] GC(230) Pause Cleanup 17M->17M(22M) 0.189ms
[2025-06-28T00:22:20.670+0200][9.466s] GC(230) User=0.00s Sys=0.00s Real=0.00s
[2025-06-28T00:22:20.670+0200][9.467s] GC(230) Concurrent Clear Claimed Marks
[2025-06-28T00:22:20.670+0200][9.467s] GC(230) Concurrent Clear Claimed Marks 0.119ms
[2025-06-28T00:22:20.670+0200][9.467s] GC(230) Concurrent Cleanup for Next Mark
[2025-06-28T00:22:20.671+0200][9.467s] GC(230) Concurrent Cleanup for Next Mark 0.107ms
[2025-06-28T00:22:20.671+0200][9.467s] GC(230) Concurrent Mark Cycle 29.761ms
[2025-06-28T00:22:20.675+0200][9.472s] GC(231) Pause Young (Normal) (G1 Evacuation Pause)
[2025-06-28T00:22:20.675+0200][9.472s] GC(231) Using 2 workers of 10 for evacuation
[2025-06-28T00:22:20.679+0200][9.475s] GC(231)   Pre Evacuate Collection Set: 0.3ms
[2025-06-28T00:22:20.679+0200][9.475s] GC(231)   Merge Heap Roots: 0.1ms
[2025-06-28T00:22:20.679+0200][9.475s] GC(231)   Evacuate Collection Set: 1.9ms
[2025-06-28T00:22:20.679+0200][9.475s] GC(231)   Post Evacuate Collection Set: 0.4ms
[2025-06-28T00:22:20.679+0200][9.475s] GC(231)   Other: 0.1ms
[2025-06-28T00:22:20.679+0200][9.475s] GC(231) Eden regions: 1->0(1)
[2025-06-28T00:22:20.679+0200][9.475s] GC(231) Survivor regions: 1->1(1)
[2025-06-28T00:22:20.679+0200][9.475s] GC(231) Old regions: 17->17
[2025-06-28T00:22:20.679+0200][9.475s] GC(231) Humongous regions: 0->0
[2025-06-28T00:22:20.679+0200][9.475s] GC(231) Metaspace: 43760K(44352K)->43760K(44352K) NonClass: 38076K(38400K)->38076K(38400K) Class: 5683K(5952K)->5683K(5952K)
[2025-06-28T00:22:20.679+0200][9.475s] GC(231) Pause Young (Normal) (G1 Evacuation Pause) 17M->17M(22M) 3.183ms
[2025-06-28T00:22:20.679+0200][9.475s] GC(231) User=0.00s Sys=0.00s Real=0.00s
[2025-06-28T00:22:20.709+0200][9.505s] GC(232) Pause Young (Concurrent Start) (G1 Evacuation Pause)
[2025-06-28T00:22:20.709+0200][9.505s] GC(232) Using 2 workers of 10 for evacuation
[2025-06-28T00:22:20.712+0200][9.508s] GC(232)   Pre Evacuate Collection Set: 0.3ms
[2025-06-28T00:22:20.712+0200][9.509s] GC(232)   Merge Heap Roots: 0.1ms
[2025-06-28T00:22:20.712+0200][9.509s] GC(232)   Evacuate Collection Set: 2.0ms
[2025-06-28T00:22:20.712+0200][9.509s] GC(232)   Post Evacuate Collection Set: 0.5ms
[2025-06-28T00:22:20.712+0200][9.509s] GC(232)   Other: 0.3ms
[2025-06-28T00:22:20.712+0200][9.509s] GC(232) Eden regions: 1->0(1)
[2025-06-28T00:22:20.712+0200][9.509s] GC(232) Survivor regions: 1->1(1)
[2025-06-28T00:22:20.712+0200][9.509s] GC(232) Old regions: 17->17
[2025-06-28T00:22:20.712+0200][9.509s] GC(232) Humongous regions: 0->0
[2025-06-28T00:22:20.712+0200][9.509s] GC(232) Metaspace: 43810K(44352K)->43810K(44352K) NonClass: 38122K(38400K)->38122K(38400K) Class: 5688K(5952K)->5688K(5952K)
[2025-06-28T00:22:20.712+0200][9.509s] GC(232) Pause Young (Concurrent Start) (G1 Evacuation Pause) 18M->17M(22M) 3.551ms
[2025-06-28T00:22:20.712+0200][9.509s] GC(233) Concurrent Mark Cycle
[2025-06-28T00:22:20.712+0200][9.509s] GC(232) User=0.00s Sys=0.00s Real=0.00s
[2025-06-28T00:22:20.712+0200][9.509s] GC(233) Concurrent Scan Root Regions
[2025-06-28T00:22:20.714+0200][9.510s] GC(233) Concurrent Scan Root Regions 1.467ms
[2025-06-28T00:22:20.714+0200][9.510s] GC(233) Concurrent Mark
[2025-06-28T00:22:20.714+0200][9.510s] GC(233) Concurrent Mark From Roots
[2025-06-28T00:22:20.714+0200][9.510s] GC(233) Using 3 workers of 3 for marking
[2025-06-28T00:22:20.730+0200][9.527s] GC(233) Concurrent Mark From Roots 16.140ms
[2025-06-28T00:22:20.730+0200][9.527s] GC(233) Concurrent Preclean
[2025-06-28T00:22:20.730+0200][9.527s] GC(233) Concurrent Preclean 0.206ms
[2025-06-28T00:22:20.730+0200][9.527s] GC(233) Pause Remark
[2025-06-28T00:22:20.745+0200][9.542s] GC(233) Pause Remark 17M->17M(22M) 15.255ms
[2025-06-28T00:22:20.746+0200][9.542s] GC(233) User=0.05s Sys=0.00s Real=0.02s
[2025-06-28T00:22:20.746+0200][9.543s] GC(233) Concurrent Mark 32.226ms
[2025-06-28T00:22:20.747+0200][9.544s] GC(233) Concurrent Rebuild Remembered Sets and Scrub Regions
[2025-06-28T00:22:20.750+0200][9.547s] GC(234) Pause Young (Normal) (G1 Evacuation Pause)
[2025-06-28T00:22:20.750+0200][9.547s] GC(234) Using 2 workers of 10 for evacuation
[2025-06-28T00:22:20.753+0200][9.550s] GC(234)   Pre Evacuate Collection Set: 0.2ms
[2025-06-28T00:22:20.753+0200][9.550s] GC(234)   Merge Heap Roots: 0.1ms
[2025-06-28T00:22:20.753+0200][9.550s] GC(234)   Evacuate Collection Set: 2.1ms
[2025-06-28T00:22:20.753+0200][9.550s] GC(234)   Post Evacuate Collection Set: 0.4ms
[2025-06-28T00:22:20.753+0200][9.550s] GC(234)   Other: 0.1ms
[2025-06-28T00:22:20.753+0200][9.550s] GC(234) Eden regions: 1->0(1)
[2025-06-28T00:22:20.753+0200][9.550s] GC(234) Survivor regions: 1->1(1)
[2025-06-28T00:22:20.753+0200][9.550s] GC(234) Old regions: 17->17
[2025-06-28T00:22:20.753+0200][9.550s] GC(234) Humongous regions: 0->0
[2025-06-28T00:22:20.753+0200][9.550s] GC(234) Metaspace: 43809K(44416K)->43809K(44416K) NonClass: 38128K(38464K)->38128K(38464K) Class: 5681K(5952K)->5681K(5952K)
[2025-06-28T00:22:20.753+0200][9.550s] GC(234) Pause Young (Normal) (G1 Evacuation Pause) 18M->17M(22M) 3.087ms
[2025-06-28T00:22:20.753+0200][9.550s] GC(234) User=0.00s Sys=0.00s Real=0.00s
[2025-06-28T00:22:20.757+0200][9.553s] GC(233) Concurrent Rebuild Remembered Sets and Scrub Regions 9.117ms
[2025-06-28T00:22:20.757+0200][9.553s] GC(233) Pause Cleanup
[2025-06-28T00:22:20.757+0200][9.554s] GC(233) Pause Cleanup 17M->17M(22M) 0.164ms
[2025-06-28T00:22:20.757+0200][9.554s] GC(233) User=0.00s Sys=0.00s Real=0.00s
[2025-06-28T00:22:20.757+0200][9.554s] GC(233) Concurrent Clear Claimed Marks
[2025-06-28T00:22:20.757+0200][9.554s] GC(233) Concurrent Clear Claimed Marks 0.082ms
[2025-06-28T00:22:20.757+0200][9.554s] GC(233) Concurrent Cleanup for Next Mark
[2025-06-28T00:22:20.757+0200][9.554s] GC(233) Concurrent Cleanup for Next Mark 0.120ms
[2025-06-28T00:22:20.757+0200][9.554s] GC(233) Concurrent Mark Cycle 45.199ms
[2025-06-28T00:22:20.766+0200][9.562s] GC(235) Pause Young (Normal) (G1 Evacuation Pause)
[2025-06-28T00:22:20.766+0200][9.562s] GC(235) Using 2 workers of 10 for evacuation
[2025-06-28T00:22:20.768+0200][9.564s] GC(235)   Pre Evacuate Collection Set: 0.1ms
[2025-06-28T00:22:20.768+0200][9.564s] GC(235)   Merge Heap Roots: 0.1ms
[2025-06-28T00:22:20.768+0200][9.564s] GC(235)   Evacuate Collection Set: 1.4ms
[2025-06-28T00:22:20.768+0200][9.564s] GC(235)   Post Evacuate Collection Set: 0.4ms
[2025-06-28T00:22:20.768+0200][9.565s] GC(235)   Other: 0.1ms
[2025-06-28T00:22:20.768+0200][9.565s] GC(235) Eden regions: 1->0(1)
[2025-06-28T00:22:20.768+0200][9.565s] GC(235) Survivor regions: 1->1(1)
[2025-06-28T00:22:20.768+0200][9.565s] GC(235) Old regions: 17->17
[2025-06-28T00:22:20.768+0200][9.565s] GC(235) Humongous regions: 0->0
[2025-06-28T00:22:20.768+0200][9.565s] GC(235) Metaspace: 43819K(44416K)->43819K(44416K) NonClass: 38138K(38464K)->38138K(38464K) Class: 5681K(5952K)->5681K(5952K)
[2025-06-28T00:22:20.768+0200][9.565s] GC(235) Pause Young (Normal) (G1 Evacuation Pause) 18M->17M(22M) 2.277ms
[2025-06-28T00:22:20.768+0200][9.565s] GC(235) User=0.00s Sys=0.00s Real=0.00s
[2025-06-28T00:22:20.787+0200][9.584s] GC(236) Pause Young (Concurrent Start) (G1 Evacuation Pause)
[2025-06-28T00:22:20.787+0200][9.584s] GC(236) Using 2 workers of 10 for evacuation
[2025-06-28T00:22:20.791+0200][9.587s] GC(236)   Pre Evacuate Collection Set: 0.2ms
[2025-06-28T00:22:20.791+0200][9.587s] GC(236)   Merge Heap Roots: 0.1ms
[2025-06-28T00:22:20.791+0200][9.587s] GC(236)   Evacuate Collection Set: 1.8ms
[2025-06-28T00:22:20.791+0200][9.587s] GC(236)   Post Evacuate Collection Set: 0.4ms
[2025-06-28T00:22:20.791+0200][9.587s] GC(236)   Other: 0.2ms
[2025-06-28T00:22:20.791+0200][9.587s] GC(236) Eden regions: 1->0(1)
[2025-06-28T00:22:20.791+0200][9.587s] GC(236) Survivor regions: 1->1(1)
[2025-06-28T00:22:20.791+0200][9.587s] GC(236) Old regions: 17->17
[2025-06-28T00:22:20.791+0200][9.587s] GC(236) Humongous regions: 0->0
[2025-06-28T00:22:20.791+0200][9.587s] GC(236) Metaspace: 44020K(44544K)->44020K(44544K) NonClass: 38309K(38592K)->38309K(38592K) Class: 5711K(5952K)->5711K(5952K)
[2025-06-28T00:22:20.791+0200][9.587s] GC(236) Pause Young (Concurrent Start) (G1 Evacuation Pause) 18M->17M(22M) 3.042ms
[2025-06-28T00:22:20.791+0200][9.587s] GC(236) User=0.00s Sys=0.00s Real=0.00s
[2025-06-28T00:22:20.791+0200][9.587s] GC(237) Concurrent Mark Cycle
[2025-06-28T00:22:20.791+0200][9.587s] GC(237) Concurrent Scan Root Regions
[2025-06-28T00:22:20.793+0200][9.589s] GC(237) Concurrent Scan Root Regions 1.430ms
[2025-06-28T00:22:20.793+0200][9.589s] GC(237) Concurrent Mark
[2025-06-28T00:22:20.793+0200][9.589s] GC(237) Concurrent Mark From Roots
[2025-06-28T00:22:20.793+0200][9.589s] GC(237) Using 3 workers of 3 for marking
[2025-06-28T00:22:20.809+0200][9.605s] GC(237) Concurrent Mark From Roots 16.599ms
[2025-06-28T00:22:20.810+0200][9.606s] GC(237) Concurrent Preclean
[2025-06-28T00:22:20.810+0200][9.606s] GC(237) Concurrent Preclean 0.209ms
[2025-06-28T00:22:20.810+0200][9.606s] GC(237) Pause Remark
[2025-06-28T00:22:20.815+0200][9.611s] GC(237) Pause Remark 17M->17M(22M) 5.574ms
[2025-06-28T00:22:20.815+0200][9.612s] GC(237) User=0.00s Sys=0.00s Real=0.01s
[2025-06-28T00:22:20.815+0200][9.612s] GC(237) Concurrent Mark 22.824ms
[2025-06-28T00:22:20.815+0200][9.612s] GC(237) Concurrent Rebuild Remembered Sets and Scrub Regions
[2025-06-28T00:22:20.822+0200][9.618s] GC(237) Concurrent Rebuild Remembered Sets and Scrub Regions 6.705ms
[2025-06-28T00:22:20.822+0200][9.619s] GC(237) Pause Cleanup
[2025-06-28T00:22:20.822+0200][9.619s] GC(237) Pause Cleanup 17M->17M(22M) 0.175ms
[2025-06-28T00:22:20.822+0200][9.619s] GC(237) User=0.00s Sys=0.00s Real=0.00s
[2025-06-28T00:22:20.823+0200][9.619s] GC(237) Concurrent Clear Claimed Marks
[2025-06-28T00:22:20.823+0200][9.619s] GC(237) Concurrent Clear Claimed Marks 0.064ms
[2025-06-28T00:22:20.823+0200][9.619s] GC(237) Concurrent Cleanup for Next Mark
[2025-06-28T00:22:20.823+0200][9.619s] GC(237) Concurrent Cleanup for Next Mark 0.097ms
[2025-06-28T00:22:20.823+0200][9.619s] GC(237) Concurrent Mark Cycle 32.105ms
[2025-06-28T00:22:20.827+0200][9.624s] GC(238) Pause Young (Normal) (G1 Evacuation Pause)
[2025-06-28T00:22:20.827+0200][9.624s] GC(238) Using 2 workers of 10 for evacuation
[2025-06-28T00:22:20.830+0200][9.627s] GC(238)   Pre Evacuate Collection Set: 0.5ms
[2025-06-28T00:22:20.831+0200][9.627s] GC(238)   Merge Heap Roots: 0.1ms
[2025-06-28T00:22:20.831+0200][9.627s] GC(238)   Evacuate Collection Set: 1.8ms
[2025-06-28T00:22:20.831+0200][9.627s] GC(238)   Post Evacuate Collection Set: 0.6ms
[2025-06-28T00:22:20.831+0200][9.627s] GC(238)   Other: 0.4ms
[2025-06-28T00:22:20.831+0200][9.627s] GC(238) Eden regions: 1->0(1)
[2025-06-28T00:22:20.831+0200][9.627s] GC(238) Survivor regions: 1->1(1)
[2025-06-28T00:22:20.831+0200][9.627s] GC(238) Old regions: 17->17
[2025-06-28T00:22:20.831+0200][9.627s] GC(238) Humongous regions: 0->0
[2025-06-28T00:22:20.831+0200][9.627s] GC(238) Metaspace: 44199K(44736K)->44199K(44736K) NonClass: 38466K(38720K)->38466K(38720K) Class: 5733K(6016K)->5733K(6016K)
[2025-06-28T00:22:20.831+0200][9.627s] GC(238) Pause Young (Normal) (G1 Evacuation Pause) 18M->17M(22M) 3.749ms
[2025-06-28T00:22:20.831+0200][9.627s] GC(238) User=0.00s Sys=0.00s Real=0.00s
[2025-06-28T00:22:20.836+0200][9.633s] GC(239) Pause Young (Concurrent Start) (G1 Evacuation Pause)
[2025-06-28T00:22:20.836+0200][9.633s] GC(239) Using 2 workers of 10 for evacuation
[2025-06-28T00:22:20.839+0200][9.635s] GC(239)   Pre Evacuate Collection Set: 0.3ms
[2025-06-28T00:22:20.840+0200][9.636s] GC(239)   Merge Heap Roots: 0.1ms
[2025-06-28T00:22:20.840+0200][9.636s] GC(239)   Evacuate Collection Set: 1.7ms
[2025-06-28T00:22:20.840+0200][9.636s] GC(239)   Post Evacuate Collection Set: 0.6ms
[2025-06-28T00:22:20.840+0200][9.636s] GC(239)   Other: 0.2ms
[2025-06-28T00:22:20.840+0200][9.636s] GC(239) Eden regions: 1->0(1)
[2025-06-28T00:22:20.840+0200][9.636s] GC(239) Survivor regions: 1->1(1)
[2025-06-28T00:22:20.840+0200][9.636s] GC(239) Old regions: 17->17
[2025-06-28T00:22:20.840+0200][9.636s] GC(239) Humongous regions: 0->0
[2025-06-28T00:22:20.840+0200][9.636s] GC(239) Metaspace: 44203K(44800K)->44203K(44800K) NonClass: 38468K(38784K)->38468K(38784K) Class: 5735K(6016K)->5735K(6016K)
[2025-06-28T00:22:20.840+0200][9.636s] GC(239) Pause Young (Concurrent Start) (G1 Evacuation Pause) 18M->17M(22M) 3.221ms
[2025-06-28T00:22:20.840+0200][9.636s] GC(239) User=0.05s Sys=0.00s Real=0.00s
[2025-06-28T00:22:20.840+0200][9.636s] GC(240) Concurrent Mark Cycle
[2025-06-28T00:22:20.840+0200][9.636s] GC(240) Concurrent Scan Root Regions
[2025-06-28T00:22:20.842+0200][9.638s] GC(240) Concurrent Scan Root Regions 1.526ms
[2025-06-28T00:22:20.842+0200][9.638s] GC(240) Concurrent Mark
[2025-06-28T00:22:20.842+0200][9.638s] GC(240) Concurrent Mark From Roots
[2025-06-28T00:22:20.842+0200][9.638s] GC(240) Using 3 workers of 3 for marking
[2025-06-28T00:22:20.857+0200][9.653s] GC(240) Concurrent Mark From Roots 15.182ms
[2025-06-28T00:22:20.857+0200][9.653s] GC(240) Concurrent Preclean
[2025-06-28T00:22:20.857+0200][9.653s] GC(240) Concurrent Preclean 0.216ms
[2025-06-28T00:22:20.857+0200][9.653s] GC(240) Pause Remark
[2025-06-28T00:22:20.866+0200][9.663s] GC(240) Pause Remark 18M->18M(22M) 9.362ms
[2025-06-28T00:22:20.867+0200][9.663s] GC(240) User=0.00s Sys=0.00s Real=0.01s
[2025-06-28T00:22:20.867+0200][9.663s] GC(240) Concurrent Mark 25.172ms
[2025-06-28T00:22:20.867+0200][9.663s] GC(240) Concurrent Rebuild Remembered Sets and Scrub Regions
[2025-06-28T00:22:20.870+0200][9.666s] GC(241) Pause Young (Normal) (G1 Evacuation Pause)
[2025-06-28T00:22:20.870+0200][9.666s] GC(241) Using 2 workers of 10 for evacuation
[2025-06-28T00:22:20.875+0200][9.671s] GC(241)   Pre Evacuate Collection Set: 0.3ms
[2025-06-28T00:22:20.875+0200][9.671s] GC(241)   Merge Heap Roots: 0.1ms
[2025-06-28T00:22:20.875+0200][9.671s] GC(241)   Evacuate Collection Set: 3.7ms
[2025-06-28T00:22:20.875+0200][9.671s] GC(241)   Post Evacuate Collection Set: 0.4ms
[2025-06-28T00:22:20.875+0200][9.671s] GC(241)   Other: 0.1ms
[2025-06-28T00:22:20.875+0200][9.671s] GC(241) Eden regions: 1->0(1)
[2025-06-28T00:22:20.875+0200][9.671s] GC(241) Survivor regions: 1->1(1)
[2025-06-28T00:22:20.875+0200][9.671s] GC(241) Old regions: 17->17
[2025-06-28T00:22:20.875+0200][9.671s] GC(241) Humongous regions: 0->0
[2025-06-28T00:22:20.875+0200][9.671s] GC(241) Metaspace: 44278K(44864K)->44278K(44864K) NonClass: 38530K(38848K)->38530K(38848K) Class: 5747K(6016K)->5747K(6016K)
[2025-06-28T00:22:20.875+0200][9.671s] GC(241) Pause Young (Normal) (G1 Evacuation Pause) 18M->17M(22M) 4.886ms
[2025-06-28T00:22:20.875+0200][9.671s] GC(241) User=0.00s Sys=0.00s Real=0.01s
[2025-06-28T00:22:20.878+0200][9.674s] GC(240) Concurrent Rebuild Remembered Sets and Scrub Regions 11.202ms
[2025-06-28T00:22:20.881+0200][9.677s] GC(240) Pause Cleanup
[2025-06-28T00:22:20.881+0200][9.677s] GC(240) Pause Cleanup 17M->17M(22M) 0.180ms
[2025-06-28T00:22:20.881+0200][9.677s] GC(240) User=0.00s Sys=0.00s Real=0.00s
[2025-06-28T00:22:20.881+0200][9.678s] GC(240) Concurrent Clear Claimed Marks
[2025-06-28T00:22:20.881+0200][9.678s] GC(240) Concurrent Clear Claimed Marks 0.109ms
[2025-06-28T00:22:20.881+0200][9.678s] GC(240) Concurrent Cleanup for Next Mark
[2025-06-28T00:22:20.881+0200][9.678s] GC(240) Concurrent Cleanup for Next Mark 0.142ms
[2025-06-28T00:22:20.882+0200][9.678s] GC(240) Concurrent Mark Cycle 42.176ms
[2025-06-28T00:22:20.906+0200][9.702s] GC(242) Pause Young (Normal) (G1 Evacuation Pause)
[2025-06-28T00:22:20.906+0200][9.702s] GC(242) Using 2 workers of 10 for evacuation
[2025-06-28T00:22:20.908+0200][9.704s] GC(242)   Pre Evacuate Collection Set: 0.1ms
[2025-06-28T00:22:20.908+0200][9.704s] GC(242)   Merge Heap Roots: 0.0ms
[2025-06-28T00:22:20.908+0200][9.704s] GC(242)   Evacuate Collection Set: 1.4ms
[2025-06-28T00:22:20.908+0200][9.704s] GC(242)   Post Evacuate Collection Set: 0.5ms
[2025-06-28T00:22:20.908+0200][9.704s] GC(242)   Other: 0.1ms
[2025-06-28T00:22:20.908+0200][9.704s] GC(242) Eden regions: 1->0(1)
[2025-06-28T00:22:20.908+0200][9.704s] GC(242) Survivor regions: 1->1(1)
[2025-06-28T00:22:20.908+0200][9.704s] GC(242) Old regions: 17->17
[2025-06-28T00:22:20.908+0200][9.704s] GC(242) Humongous regions: 0->0
[2025-06-28T00:22:20.908+0200][9.704s] GC(242) Metaspace: 44508K(45056K)->44508K(45056K) NonClass: 38738K(39040K)->38738K(39040K) Class: 5770K(6016K)->5770K(6016K)
[2025-06-28T00:22:20.908+0200][9.704s] GC(242) Pause Young (Normal) (G1 Evacuation Pause) 18M->17M(22M) 2.425ms
[2025-06-28T00:22:20.908+0200][9.704s] GC(242) User=0.00s Sys=0.00s Real=0.00s
[2025-06-28T00:22:20.919+0200][9.716s] GC(243) Pause Young (Concurrent Start) (G1 Evacuation Pause)
[2025-06-28T00:22:20.919+0200][9.716s] GC(243) Using 2 workers of 10 for evacuation
[2025-06-28T00:22:20.922+0200][9.719s] GC(243)   Pre Evacuate Collection Set: 0.2ms
[2025-06-28T00:22:20.922+0200][9.719s] GC(243)   Merge Heap Roots: 0.0ms
[2025-06-28T00:22:20.922+0200][9.719s] GC(243)   Evacuate Collection Set: 2.1ms
[2025-06-28T00:22:20.922+0200][9.719s] GC(243)   Post Evacuate Collection Set: 0.6ms
[2025-06-28T00:22:20.922+0200][9.719s] GC(243)   Other: 0.1ms
[2025-06-28T00:22:20.922+0200][9.719s] GC(243) Eden regions: 1->0(1)
[2025-06-28T00:22:20.923+0200][9.719s] GC(243) Survivor regions: 1->1(1)
[2025-06-28T00:22:20.923+0200][9.719s] GC(243) Old regions: 17->17
[2025-06-28T00:22:20.923+0200][9.719s] GC(243) Humongous regions: 0->0
[2025-06-28T00:22:20.923+0200][9.719s] GC(243) Metaspace: 44662K(45184K)->44662K(45184K) NonClass: 38882K(39168K)->38882K(39168K) Class: 5780K(6016K)->5780K(6016K)
[2025-06-28T00:22:20.923+0200][9.719s] GC(243) Pause Young (Concurrent Start) (G1 Evacuation Pause) 18M->17M(22M) 3.356ms
[2025-06-28T00:22:20.923+0200][9.719s] GC(243) User=0.00s Sys=0.00s Real=0.00s
[2025-06-28T00:22:20.923+0200][9.719s] GC(244) Concurrent Mark Cycle
[2025-06-28T00:22:20.923+0200][9.719s] GC(244) Concurrent Scan Root Regions
[2025-06-28T00:22:20.924+0200][9.720s] GC(244) Concurrent Scan Root Regions 0.936ms
[2025-06-28T00:22:20.924+0200][9.720s] GC(244) Concurrent Mark
[2025-06-28T00:22:20.924+0200][9.720s] GC(244) Concurrent Mark From Roots
[2025-06-28T00:22:20.924+0200][9.720s] GC(244) Using 3 workers of 3 for marking
[2025-06-28T00:22:20.940+0200][9.736s] GC(244) Concurrent Mark From Roots 16.192ms
[2025-06-28T00:22:20.940+0200][9.737s] GC(244) Concurrent Preclean
[2025-06-28T00:22:20.940+0200][9.737s] GC(245) Pause Young (Normal) (G1 Evacuation Pause)
[2025-06-28T00:22:20.940+0200][9.737s] GC(245) Using 2 workers of 10 for evacuation
[2025-06-28T00:22:20.943+0200][9.740s] GC(245)   Pre Evacuate Collection Set: 0.3ms
[2025-06-28T00:22:20.944+0200][9.740s] GC(245)   Merge Heap Roots: 0.2ms
[2025-06-28T00:22:20.944+0200][9.740s] GC(245)   Evacuate Collection Set: 2.1ms
[2025-06-28T00:22:20.944+0200][9.740s] GC(245)   Post Evacuate Collection Set: 0.5ms
[2025-06-28T00:22:20.944+0200][9.740s] GC(245)   Other: 0.1ms
[2025-06-28T00:22:20.944+0200][9.740s] GC(245) Eden regions: 1->0(1)
[2025-06-28T00:22:20.944+0200][9.740s] GC(245) Survivor regions: 1->1(1)
[2025-06-28T00:22:20.944+0200][9.740s] GC(245) Old regions: 17->17
[2025-06-28T00:22:20.944+0200][9.740s] GC(245) Humongous regions: 0->0
[2025-06-28T00:22:20.944+0200][9.740s] GC(245) Metaspace: 44737K(45312K)->44737K(45312K) NonClass: 38941K(39232K)->38941K(39232K) Class: 5795K(6080K)->5795K(6080K)
[2025-06-28T00:22:20.944+0200][9.740s] GC(245) Pause Young (Normal) (G1 Evacuation Pause) 18M->17M(22M) 3.441ms
[2025-06-28T00:22:20.944+0200][9.740s] GC(245) User=0.00s Sys=0.00s Real=0.00s
[2025-06-28T00:22:20.944+0200][9.740s] GC(244) Concurrent Preclean 3.916ms
[2025-06-28T00:22:20.944+0200][9.741s] GC(244) Pause Remark
[2025-06-28T00:22:20.949+0200][9.746s] GC(244) Pause Remark 17M->17M(22M) 4.905ms
[2025-06-28T00:22:20.949+0200][9.746s] GC(244) User=0.03s Sys=0.00s Real=0.00s
[2025-06-28T00:22:20.949+0200][9.746s] GC(244) Concurrent Mark 25.576ms
[2025-06-28T00:22:20.949+0200][9.746s] GC(244) Concurrent Rebuild Remembered Sets and Scrub Regions
[2025-06-28T00:22:20.955+0200][9.751s] GC(244) Concurrent Rebuild Remembered Sets and Scrub Regions 5.240ms
[2025-06-28T00:22:20.955+0200][9.751s] GC(244) Pause Cleanup
[2025-06-28T00:22:20.955+0200][9.751s] GC(244) Pause Cleanup 18M->18M(22M) 0.186ms
[2025-06-28T00:22:20.955+0200][9.752s] GC(244) User=0.00s Sys=0.00s Real=0.00s
[2025-06-28T00:22:20.955+0200][9.752s] GC(244) Concurrent Clear Claimed Marks
[2025-06-28T00:22:20.955+0200][9.752s] GC(244) Concurrent Clear Claimed Marks 0.082ms
[2025-06-28T00:22:20.955+0200][9.752s] GC(244) Concurrent Cleanup for Next Mark
[2025-06-28T00:22:20.955+0200][9.752s] GC(244) Concurrent Cleanup for Next Mark 0.199ms
[2025-06-28T00:22:20.956+0200][9.752s] GC(244) Concurrent Mark Cycle 32.872ms
[2025-06-28T00:22:20.960+0200][9.757s] GC(246) Pause Young (Normal) (G1 Evacuation Pause)
[2025-06-28T00:22:20.960+0200][9.757s] GC(246) Using 2 workers of 10 for evacuation
[2025-06-28T00:22:20.963+0200][9.759s] GC(246)   Pre Evacuate Collection Set: 0.3ms
[2025-06-28T00:22:20.963+0200][9.759s] GC(246)   Merge Heap Roots: 0.1ms
[2025-06-28T00:22:20.963+0200][9.759s] GC(246)   Evacuate Collection Set: 1.6ms
[2025-06-28T00:22:20.963+0200][9.759s] GC(246)   Post Evacuate Collection Set: 0.6ms
[2025-06-28T00:22:20.963+0200][9.759s] GC(246)   Other: 0.1ms
[2025-06-28T00:22:20.963+0200][9.759s] GC(246) Eden regions: 1->0(1)
[2025-06-28T00:22:20.963+0200][9.759s] GC(246) Survivor regions: 1->1(1)
[2025-06-28T00:22:20.963+0200][9.759s] GC(246) Old regions: 17->17
[2025-06-28T00:22:20.963+0200][9.759s] GC(246) Humongous regions: 0->0
[2025-06-28T00:22:20.963+0200][9.759s] GC(246) Metaspace: 44840K(45376K)->44840K(45376K) NonClass: 39035K(39296K)->39035K(39296K) Class: 5804K(6080K)->5804K(6080K)
[2025-06-28T00:22:20.963+0200][9.759s] GC(246) Pause Young (Normal) (G1 Evacuation Pause) 18M->17M(22M) 2.865ms
[2025-06-28T00:22:20.963+0200][9.759s] GC(246) User=0.00s Sys=0.00s Real=0.00s
[2025-06-28T00:22:20.975+0200][9.771s] GC(247) Pause Young (Concurrent Start) (G1 Evacuation Pause)
[2025-06-28T00:22:20.975+0200][9.772s] GC(247) Using 2 workers of 10 for evacuation
[2025-06-28T00:22:20.978+0200][9.775s] GC(247)   Pre Evacuate Collection Set: 0.3ms
[2025-06-28T00:22:20.978+0200][9.775s] GC(247)   Merge Heap Roots: 0.2ms
[2025-06-28T00:22:20.978+0200][9.775s] GC(247)   Evacuate Collection Set: 2.0ms
[2025-06-28T00:22:20.978+0200][9.775s] GC(247)   Post Evacuate Collection Set: 0.7ms
[2025-06-28T00:22:20.978+0200][9.775s] GC(247)   Other: 0.2ms
[2025-06-28T00:22:20.978+0200][9.775s] GC(247) Eden regions: 1->0(1)
[2025-06-28T00:22:20.978+0200][9.775s] GC(247) Survivor regions: 1->1(1)
[2025-06-28T00:22:20.978+0200][9.775s] GC(247) Old regions: 17->17
[2025-06-28T00:22:20.978+0200][9.775s] GC(247) Humongous regions: 0->0
[2025-06-28T00:22:20.978+0200][9.775s] GC(247) Metaspace: 45078K(45568K)->45078K(45568K) NonClass: 39255K(39488K)->39255K(39488K) Class: 5822K(6080K)->5822K(6080K)
[2025-06-28T00:22:20.978+0200][9.775s] GC(247) Pause Young (Concurrent Start) (G1 Evacuation Pause) 18M->17M(22M) 3.568ms
[2025-06-28T00:22:20.978+0200][9.775s] GC(247) User=0.00s Sys=0.00s Real=0.00s
[2025-06-28T00:22:20.978+0200][9.775s] GC(248) Concurrent Mark Cycle
[2025-06-28T00:22:20.978+0200][9.775s] GC(248) Concurrent Scan Root Regions
[2025-06-28T00:22:20.979+0200][9.776s] GC(248) Concurrent Scan Root Regions 0.984ms
[2025-06-28T00:22:20.980+0200][9.776s] GC(248) Concurrent Mark
[2025-06-28T00:22:20.980+0200][9.776s] GC(248) Concurrent Mark From Roots
[2025-06-28T00:22:20.980+0200][9.776s] GC(248) Using 3 workers of 3 for marking
[2025-06-28T00:22:20.988+0200][9.784s] GC(249) Pause Young (Normal) (G1 Evacuation Pause)
[2025-06-28T00:22:20.988+0200][9.784s] GC(249) Using 2 workers of 10 for evacuation
[2025-06-28T00:22:20.990+0200][9.787s] GC(249)   Pre Evacuate Collection Set: 0.3ms
[2025-06-28T00:22:20.990+0200][9.787s] GC(249)   Merge Heap Roots: 0.1ms
[2025-06-28T00:22:20.990+0200][9.787s] GC(249)   Evacuate Collection Set: 1.8ms
[2025-06-28T00:22:20.990+0200][9.787s] GC(249)   Post Evacuate Collection Set: 0.5ms
[2025-06-28T00:22:20.990+0200][9.787s] GC(249)   Other: 0.1ms
[2025-06-28T00:22:20.990+0200][9.787s] GC(249) Eden regions: 1->0(1)
[2025-06-28T00:22:20.990+0200][9.787s] GC(249) Survivor regions: 1->1(1)
[2025-06-28T00:22:20.990+0200][9.787s] GC(249) Old regions: 17->17
[2025-06-28T00:22:20.990+0200][9.787s] GC(249) Humongous regions: 0->0
[2025-06-28T00:22:20.990+0200][9.787s] GC(249) Metaspace: 45122K(45632K)->45122K(45632K) NonClass: 39295K(39552K)->39295K(39552K) Class: 5826K(6080K)->5826K(6080K)
[2025-06-28T00:22:20.990+0200][9.787s] GC(249) Pause Young (Normal) (G1 Evacuation Pause) 18M->17M(22M) 2.990ms
[2025-06-28T00:22:20.991+0200][9.787s] GC(249) User=0.00s Sys=0.00s Real=0.00s
[2025-06-28T00:22:20.996+0200][9.792s] GC(248) Concurrent Mark From Roots 15.948ms
[2025-06-28T00:22:20.996+0200][9.792s] GC(248) Concurrent Preclean
[2025-06-28T00:22:20.996+0200][9.792s] GC(248) Concurrent Preclean 0.142ms
[2025-06-28T00:22:20.996+0200][9.793s] GC(248) Pause Remark
[2025-06-28T00:22:21.001+0200][9.797s] GC(248) Pause Remark 17M->17M(22M) 4.258ms
[2025-06-28T00:22:21.001+0200][9.797s] GC(248) User=0.00s Sys=0.00s Real=0.00s
[2025-06-28T00:22:21.001+0200][9.797s] GC(248) Concurrent Mark 20.877ms
[2025-06-28T00:22:21.001+0200][9.797s] GC(248) Concurrent Rebuild Remembered Sets and Scrub Regions
[2025-06-28T00:22:21.003+0200][9.799s] GC(248) Concurrent Rebuild Remembered Sets and Scrub Regions 2.217ms
[2025-06-28T00:22:21.003+0200][9.799s] GC(248) Pause Cleanup
[2025-06-28T00:22:21.003+0200][9.799s] GC(248) Pause Cleanup 17M->17M(22M) 0.063ms
[2025-06-28T00:22:21.003+0200][9.800s] GC(248) User=0.00s Sys=0.00s Real=0.00s
[2025-06-28T00:22:21.003+0200][9.800s] GC(248) Concurrent Clear Claimed Marks
[2025-06-28T00:22:21.003+0200][9.800s] GC(248) Concurrent Clear Claimed Marks 0.078ms
[2025-06-28T00:22:21.003+0200][9.800s] GC(248) Concurrent Cleanup for Next Mark
[2025-06-28T00:22:21.004+0200][9.800s] GC(248) Concurrent Cleanup for Next Mark 0.133ms
[2025-06-28T00:22:21.004+0200][9.800s] GC(248) Concurrent Mark Cycle 24.818ms
[2025-06-28T00:22:21.008+0200][9.804s] GC(250) Pause Young (Normal) (G1 Evacuation Pause)
[2025-06-28T00:22:21.008+0200][9.804s] GC(250) Using 2 workers of 10 for evacuation
[2025-06-28T00:22:21.011+0200][9.807s] GC(250)   Pre Evacuate Collection Set: 0.2ms
[2025-06-28T00:22:21.011+0200][9.807s] GC(250)   Merge Heap Roots: 0.1ms
[2025-06-28T00:22:21.011+0200][9.807s] GC(250)   Evacuate Collection Set: 2.3ms
[2025-06-28T00:22:21.011+0200][9.807s] GC(250)   Post Evacuate Collection Set: 0.6ms
[2025-06-28T00:22:21.011+0200][9.807s] GC(250)   Other: 0.1ms
[2025-06-28T00:22:21.011+0200][9.807s] GC(250) Eden regions: 1->0(1)
[2025-06-28T00:22:21.011+0200][9.808s] GC(250) Survivor regions: 1->1(1)
[2025-06-28T00:22:21.011+0200][9.808s] GC(250) Old regions: 17->17
[2025-06-28T00:22:21.011+0200][9.808s] GC(250) Humongous regions: 0->0
[2025-06-28T00:22:21.011+0200][9.808s] GC(250) Metaspace: 45228K(45760K)->45228K(45760K) NonClass: 39380K(39680K)->39380K(39680K) Class: 5847K(6080K)->5847K(6080K)
[2025-06-28T00:22:21.011+0200][9.808s] GC(250) Pause Young (Normal) (G1 Evacuation Pause) 18M->17M(22M) 3.644ms
[2025-06-28T00:22:21.011+0200][9.808s] GC(250) User=0.03s Sys=0.00s Real=0.00s
[2025-06-28T00:22:21.035+0200][9.831s] GC(251) Pause Young (Concurrent Start) (G1 Evacuation Pause)
[2025-06-28T00:22:21.035+0200][9.831s] GC(251) Using 2 workers of 10 for evacuation
[2025-06-28T00:22:21.038+0200][9.834s] GC(251)   Pre Evacuate Collection Set: 0.4ms
[2025-06-28T00:22:21.038+0200][9.834s] GC(251)   Merge Heap Roots: 0.1ms
[2025-06-28T00:22:21.038+0200][9.834s] GC(251)   Evacuate Collection Set: 1.8ms
[2025-06-28T00:22:21.038+0200][9.834s] GC(251)   Post Evacuate Collection Set: 0.7ms
[2025-06-28T00:22:21.038+0200][9.834s] GC(251)   Other: 0.2ms
[2025-06-28T00:22:21.038+0200][9.834s] GC(251) Eden regions: 1->0(0)
[2025-06-28T00:22:21.038+0200][9.834s] GC(251) Survivor regions: 1->1(1)
[2025-06-28T00:22:21.038+0200][9.834s] GC(251) Old regions: 17->18
[2025-06-28T00:22:21.038+0200][9.834s] GC(251) Humongous regions: 0->0
[2025-06-28T00:22:21.038+0200][9.834s] GC(251) Metaspace: 45397K(45952K)->45397K(45952K) NonClass: 39531K(39808K)->39531K(39808K) Class: 5866K(6144K)->5866K(6144K)
[2025-06-28T00:22:21.038+0200][9.834s] GC(251) Pause Young (Concurrent Start) (G1 Evacuation Pause) 18M->17M(22M) 3.513ms
[2025-06-28T00:22:21.038+0200][9.834s] GC(251) User=0.00s Sys=0.00s Real=0.00s
[2025-06-28T00:22:21.038+0200][9.834s] GC(252) Concurrent Mark Cycle
[2025-06-28T00:22:21.038+0200][9.834s] Attempting full compaction
[2025-06-28T00:22:21.038+0200][9.834s] GC(252) Concurrent Scan Root Regions
[2025-06-28T00:22:21.038+0200][9.835s] GC(253) Pause Full (G1 Compaction Pause)
[2025-06-28T00:22:21.039+0200][9.835s] GC(253) Using 2 workers of 10 for full compaction
[2025-06-28T00:22:21.039+0200][9.836s] GC(252) Concurrent Scan Root Regions 1.205ms
[2025-06-28T00:22:21.040+0200][9.836s] GC(252) Concurrent Mark
[2025-06-28T00:22:21.040+0200][9.836s] GC(252) Concurrent Mark From Roots
[2025-06-28T00:22:21.040+0200][9.836s] GC(253) Phase 1: Mark live objects
[2025-06-28T00:22:21.040+0200][9.836s] GC(252) Using 3 workers of 3 for marking
[2025-06-28T00:22:21.060+0200][9.856s] GC(253) Phase 1: Mark live objects 19.974ms
[2025-06-28T00:22:21.060+0200][9.856s] GC(253) Phase 2: Prepare compaction
[2025-06-28T00:22:21.062+0200][9.858s] GC(253) Phase 2: Prepare compaction 2.395ms
[2025-06-28T00:22:21.062+0200][9.858s] GC(253) Phase 3: Adjust pointers
[2025-06-28T00:22:21.073+0200][9.869s] GC(253) Phase 3: Adjust pointers 10.514ms
[2025-06-28T00:22:21.073+0200][9.869s] GC(253) Phase 4: Compact heap
[2025-06-28T00:22:21.076+0200][9.872s] GC(253) Phase 4: Compact heap 3.011ms
[2025-06-28T00:22:21.076+0200][9.872s] GC(253) Phase 5: Reset Metadata
[2025-06-28T00:22:21.078+0200][9.874s] GC(253) Phase 5: Reset Metadata 1.966ms
[2025-06-28T00:22:21.081+0200][9.877s] GC(253) Eden regions: 0->0(2)
[2025-06-28T00:22:21.081+0200][9.877s] GC(253) Survivor regions: 1->0(1)
[2025-06-28T00:22:21.081+0200][9.877s] GC(253) Old regions: 18->18
[2025-06-28T00:22:21.081+0200][9.877s] GC(253) Humongous regions: 0->0
[2025-06-28T00:22:21.081+0200][9.877s] GC(253) Metaspace: 45397K(45952K)->45397K(45952K) NonClass: 39531K(39808K)->39531K(39808K) Class: 5866K(6144K)->5866K(6144K)
[2025-06-28T00:22:21.081+0200][9.877s] GC(253) Pause Full (G1 Compaction Pause) 17M->16M(22M) 42.708ms
[2025-06-28T00:22:21.081+0200][9.877s] GC(253) User=0.09s Sys=0.00s Real=0.04s
[2025-06-28T00:22:21.082+0200][9.878s] GC(252) Concurrent Mark From Roots 41.869ms
[2025-06-28T00:22:21.082+0200][9.878s] GC(252) Concurrent Mark Abort
[2025-06-28T00:22:21.082+0200][9.878s] GC(252) Concurrent Mark Cycle 43.419ms
[2025-06-28T00:22:21.095+0200][9.891s] GC(254) Pause Young (Normal) (G1 Evacuation Pause)
[2025-06-28T00:22:21.096+0200][9.891s] GC(254) Using 2 workers of 10 for evacuation
[2025-06-28T00:22:21.097+0200][9.893s] GC(254)   Pre Evacuate Collection Set: 0.3ms
[2025-06-28T00:22:21.097+0200][9.893s] GC(254)   Merge Heap Roots: 0.1ms
[2025-06-28T00:22:21.097+0200][9.893s] GC(254)   Evacuate Collection Set: 0.6ms
[2025-06-28T00:22:21.097+0200][9.893s] GC(254)   Post Evacuate Collection Set: 0.6ms
[2025-06-28T00:22:21.097+0200][9.893s] GC(254)   Other: 0.1ms
[2025-06-28T00:22:21.097+0200][9.893s] GC(254) Eden regions: 2->0(0)
[2025-06-28T00:22:21.097+0200][9.893s] GC(254) Survivor regions: 0->1(1)
[2025-06-28T00:22:21.097+0200][9.893s] GC(254) Old regions: 18->18
[2025-06-28T00:22:21.097+0200][9.893s] GC(254) Humongous regions: 0->0
[2025-06-28T00:22:21.097+0200][9.893s] GC(254) Metaspace: 45600K(46144K)->45600K(46144K) NonClass: 39712K(40000K)->39712K(40000K) Class: 5888K(6144K)->5888K(6144K)
[2025-06-28T00:22:21.097+0200][9.893s] GC(254) Pause Young (Normal) (G1 Evacuation Pause) 18M->17M(22M) 1.977ms
[2025-06-28T00:22:21.097+0200][9.893s] GC(254) User=0.00s Sys=0.00s Real=0.00s
[2025-06-28T00:22:21.097+0200][9.893s] Attempting full compaction
[2025-06-28T00:22:21.098+0200][9.893s] GC(255) Pause Full (G1 Compaction Pause)
[2025-06-28T00:22:21.098+0200][9.893s] GC(255) Using 2 workers of 10 for full compaction
[2025-06-28T00:22:21.098+0200][9.894s] GC(255) Phase 1: Mark live objects
[2025-06-28T00:22:21.115+0200][9.911s] GC(255) Phase 1: Mark live objects 17.785ms
[2025-06-28T00:22:21.115+0200][9.911s] GC(255) Phase 2: Prepare compaction
[2025-06-28T00:22:21.116+0200][9.912s] GC(255) Phase 2: Prepare compaction 0.549ms
[2025-06-28T00:22:21.116+0200][9.912s] GC(255) Phase 3: Adjust pointers
[2025-06-28T00:22:21.123+0200][9.920s] GC(255) Phase 3: Adjust pointers 7.671ms
[2025-06-28T00:22:21.124+0200][9.920s] GC(255) Phase 4: Compact heap
[2025-06-28T00:22:21.124+0200][9.920s] GC(255) Phase 4: Compact heap 0.408ms
[2025-06-28T00:22:21.124+0200][9.920s] GC(255) Phase 5: Reset Metadata
[2025-06-28T00:22:21.127+0200][9.924s] GC(255) Phase 5: Reset Metadata 3.403ms
[2025-06-28T00:22:21.131+0200][9.927s] GC(255) Eden regions: 0->0(2)
[2025-06-28T00:22:21.131+0200][9.927s] GC(255) Survivor regions: 1->0(1)
[2025-06-28T00:22:21.131+0200][9.927s] GC(255) Old regions: 18->18
[2025-06-28T00:22:21.131+0200][9.927s] GC(255) Humongous regions: 0->0
[2025-06-28T00:22:21.131+0200][9.927s] GC(255) Metaspace: 45600K(46144K)->45600K(46144K) NonClass: 39712K(40000K)->39712K(40000K) Class: 5888K(6144K)->5888K(6144K)
[2025-06-28T00:22:21.131+0200][9.927s] GC(255) Pause Full (G1 Compaction Pause) 17M->16M(22M) 33.645ms
[2025-06-28T00:22:21.131+0200][9.927s] GC(255) User=0.06s Sys=0.00s Real=0.03s
[2025-06-28T00:22:21.143+0200][9.939s] GC(256) Pause Young (Concurrent Start) (G1 Evacuation Pause)
[2025-06-28T00:22:21.143+0200][9.939s] GC(256) Using 2 workers of 10 for evacuation
[2025-06-28T00:22:21.145+0200][9.941s] GC(256)   Pre Evacuate Collection Set: 0.3ms
[2025-06-28T00:22:21.145+0200][9.941s] GC(256)   Merge Heap Roots: 0.1ms
[2025-06-28T00:22:21.145+0200][9.941s] GC(256)   Evacuate Collection Set: 0.8ms
[2025-06-28T00:22:21.145+0200][9.941s] GC(256)   Post Evacuate Collection Set: 0.7ms
[2025-06-28T00:22:21.145+0200][9.941s] GC(256)   Other: 0.2ms
[2025-06-28T00:22:21.145+0200][9.941s] GC(256) Eden regions: 2->0(0)
[2025-06-28T00:22:21.145+0200][9.941s] GC(256) Survivor regions: 0->1(1)
[2025-06-28T00:22:21.145+0200][9.941s] GC(256) Old regions: 18->18
[2025-06-28T00:22:21.145+0200][9.941s] GC(256) Humongous regions: 0->0
[2025-06-28T00:22:21.145+0200][9.941s] GC(256) Metaspace: 45709K(46272K)->45709K(46272K) NonClass: 39802K(40128K)->39802K(40128K) Class: 5906K(6144K)->5906K(6144K)
[2025-06-28T00:22:21.145+0200][9.941s] GC(256) Pause Young (Concurrent Start) (G1 Evacuation Pause) 18M->17M(22M) 2.402ms
[2025-06-28T00:22:21.145+0200][9.941s] GC(256) User=0.00s Sys=0.00s Real=0.00s
[2025-06-28T00:22:21.145+0200][9.941s] Attempting full compaction
[2025-06-28T00:22:21.145+0200][9.941s] GC(257) Pause Full (G1 Compaction Pause)
[2025-06-28T00:22:21.145+0200][9.941s] GC(257) Using 2 workers of 10 for full compaction
[2025-06-28T00:22:21.145+0200][9.941s] GC(258) Concurrent Mark Cycle
[2025-06-28T00:22:21.145+0200][9.941s] GC(258) Concurrent Scan Root Regions
[2025-06-28T00:22:21.145+0200][9.942s] GC(258) Concurrent Scan Root Regions 0.215ms
[2025-06-28T00:22:21.145+0200][9.942s] GC(258) Concurrent Mark
[2025-06-28T00:22:21.145+0200][9.942s] GC(258) Concurrent Mark From Roots
[2025-06-28T00:22:21.145+0200][9.942s] GC(258) Using 3 workers of 3 for marking
[2025-06-28T00:22:21.145+0200][9.942s] GC(257) Phase 1: Mark live objects
[2025-06-28T00:22:21.168+0200][9.964s] GC(257) Phase 1: Mark live objects 22.616ms
[2025-06-28T00:22:21.168+0200][9.964s] GC(257) Phase 2: Prepare compaction
[2025-06-28T00:22:21.168+0200][9.965s] GC(257) Phase 2: Prepare compaction 0.599ms
[2025-06-28T00:22:21.169+0200][9.965s] GC(257) Phase 3: Adjust pointers
[2025-06-28T00:22:21.177+0200][9.974s] GC(257) Phase 3: Adjust pointers 8.507ms
[2025-06-28T00:22:21.177+0200][9.974s] GC(257) Phase 4: Compact heap
[2025-06-28T00:22:21.178+0200][9.974s] GC(257) Phase 4: Compact heap 0.546ms
[2025-06-28T00:22:21.178+0200][9.974s] GC(257) Phase 5: Reset Metadata
[2025-06-28T00:22:21.182+0200][9.978s] GC(257) Phase 5: Reset Metadata 3.709ms
[2025-06-28T00:22:21.185+0200][9.981s] GC(257) Eden regions: 0->0(2)
[2025-06-28T00:22:21.185+0200][9.982s] GC(257) Survivor regions: 1->0(1)
[2025-06-28T00:22:21.186+0200][9.982s] GC(257) Old regions: 18->18
[2025-06-28T00:22:21.186+0200][9.982s] GC(257) Humongous regions: 0->0
[2025-06-28T00:22:21.186+0200][9.982s] GC(257) Metaspace: 45709K(46272K)->45699K(46272K) NonClass: 39802K(40128K)->39795K(40128K) Class: 5906K(6144K)->5903K(6144K)
[2025-06-28T00:22:21.186+0200][9.982s] GC(257) Pause Full (G1 Compaction Pause) 17M->16M(22M) 40.340ms
[2025-06-28T00:22:21.186+0200][9.982s] GC(257) User=0.08s Sys=0.00s Real=0.04s
[2025-06-28T00:22:21.186+0200][9.982s] GC(258) Concurrent Mark From Roots 40.305ms
[2025-06-28T00:22:21.186+0200][9.982s] GC(258) Concurrent Mark Abort
[2025-06-28T00:22:21.186+0200][9.982s] GC(258) Concurrent Mark Cycle 40.701ms
[2025-06-28T00:22:21.207+0200][10.003s] GC(259) Pause Young (Normal) (G1 Evacuation Pause)
[2025-06-28T00:22:21.207+0200][10.003s] GC(259) Using 2 workers of 10 for evacuation
[2025-06-28T00:22:21.209+0200][10.005s] GC(259)   Pre Evacuate Collection Set: 0.3ms
[2025-06-28T00:22:21.209+0200][10.005s] GC(259)   Merge Heap Roots: 0.1ms
[2025-06-28T00:22:21.209+0200][10.005s] GC(259)   Evacuate Collection Set: 0.9ms
[2025-06-28T00:22:21.209+0200][10.005s] GC(259)   Post Evacuate Collection Set: 0.5ms
[2025-06-28T00:22:21.209+0200][10.005s] GC(259)   Other: 0.1ms
[2025-06-28T00:22:21.209+0200][10.005s] GC(259) Eden regions: 2->0(0)
[2025-06-28T00:22:21.209+0200][10.005s] GC(259) Survivor regions: 0->1(1)
[2025-06-28T00:22:21.209+0200][10.005s] GC(259) Old regions: 18->18
[2025-06-28T00:22:21.209+0200][10.005s] GC(259) Humongous regions: 0->0
[2025-06-28T00:22:21.209+0200][10.005s] GC(259) Metaspace: 45842K(46400K)->45842K(46400K) NonClass: 39916K(40192K)->39916K(40192K) Class: 5925K(6208K)->5925K(6208K)
[2025-06-28T00:22:21.209+0200][10.005s] GC(259) Pause Young (Normal) (G1 Evacuation Pause) 18M->17M(22M) 2.175ms
[2025-06-28T00:22:21.209+0200][10.005s] GC(259) User=0.00s Sys=0.00s Real=0.00s
[2025-06-28T00:22:21.209+0200][10.006s] Attempting full compaction
[2025-06-28T00:22:21.209+0200][10.006s] GC(260) Pause Full (G1 Compaction Pause)
[2025-06-28T00:22:21.209+0200][10.006s] GC(260) Using 2 workers of 10 for full compaction
[2025-06-28T00:22:21.209+0200][10.006s] GC(260) Phase 1: Mark live objects
[2025-06-28T00:22:21.238+0200][10.034s] GC(260) Phase 1: Mark live objects 28.592ms
[2025-06-28T00:22:21.238+0200][10.034s] GC(260) Phase 2: Prepare compaction
[2025-06-28T00:22:21.239+0200][10.035s] GC(260) Phase 2: Prepare compaction 0.437ms
[2025-06-28T00:22:21.239+0200][10.035s] GC(260) Phase 3: Adjust pointers
[2025-06-28T00:22:21.248+0200][10.045s] GC(260) Phase 3: Adjust pointers 9.827ms
[2025-06-28T00:22:21.248+0200][10.045s] GC(260) Phase 4: Compact heap
[2025-06-28T00:22:21.250+0200][10.046s] GC(260) Phase 4: Compact heap 1.089ms
[2025-06-28T00:22:21.250+0200][10.046s] GC(260) Phase 5: Reset Metadata
[2025-06-28T00:22:21.253+0200][10.050s] GC(260) Phase 5: Reset Metadata 3.690ms
[2025-06-28T00:22:21.256+0200][10.053s] GC(260) Eden regions: 0->0(2)
[2025-06-28T00:22:21.257+0200][10.053s] GC(260) Survivor regions: 1->0(1)
[2025-06-28T00:22:21.257+0200][10.053s] GC(260) Old regions: 18->18
[2025-06-28T00:22:21.257+0200][10.053s] GC(260) Humongous regions: 0->0
[2025-06-28T00:22:21.257+0200][10.053s] GC(260) Metaspace: 45842K(46400K)->45842K(46400K) NonClass: 39916K(40192K)->39916K(40192K) Class: 5925K(6208K)->5925K(6208K)
[2025-06-28T00:22:21.257+0200][10.053s] GC(260) Pause Full (G1 Compaction Pause) 17M->17M(22M) 47.265ms
[2025-06-28T00:22:21.257+0200][10.053s] GC(260) User=0.09s Sys=0.00s Real=0.05s
[2025-06-28T00:22:21.291+0200][10.088s] GC(261) Pause Young (Concurrent Start) (G1 Evacuation Pause)
[2025-06-28T00:22:21.291+0200][10.088s] GC(261) Using 2 workers of 10 for evacuation
[2025-06-28T00:22:21.293+0200][10.090s] GC(261)   Pre Evacuate Collection Set: 0.2ms
[2025-06-28T00:22:21.293+0200][10.090s] GC(261)   Merge Heap Roots: 0.2ms
[2025-06-28T00:22:21.293+0200][10.090s] GC(261)   Evacuate Collection Set: 1.1ms
[2025-06-28T00:22:21.293+0200][10.090s] GC(261)   Post Evacuate Collection Set: 0.4ms
[2025-06-28T00:22:21.293+0200][10.090s] GC(261)   Other: 0.1ms
[2025-06-28T00:22:21.293+0200][10.090s] GC(261) Eden regions: 2->0(0)
[2025-06-28T00:22:21.293+0200][10.090s] GC(261) Survivor regions: 0->1(1)
[2025-06-28T00:22:21.293+0200][10.090s] GC(261) Old regions: 18->18
[2025-06-28T00:22:21.293+0200][10.090s] GC(261) Humongous regions: 0->0
[2025-06-28T00:22:21.293+0200][10.090s] GC(261) Metaspace: 46254K(46784K)->46254K(46784K) NonClass: 40300K(40576K)->40300K(40576K) Class: 5954K(6208K)->5954K(6208K)
[2025-06-28T00:22:21.293+0200][10.090s] GC(261) Pause Young (Concurrent Start) (G1 Evacuation Pause) 19M->17M(22M) 2.462ms
[2025-06-28T00:22:21.293+0200][10.090s] GC(261) User=0.03s Sys=0.00s Real=0.00s
[2025-06-28T00:22:21.293+0200][10.090s] GC(262) Concurrent Mark Cycle
[2025-06-28T00:22:21.293+0200][10.090s] Attempting full compaction
[2025-06-28T00:22:21.293+0200][10.090s] GC(262) Concurrent Scan Root Regions
[2025-06-28T00:22:21.294+0200][10.090s] GC(263) Pause Full (G1 Compaction Pause)
[2025-06-28T00:22:21.294+0200][10.090s] GC(263) Using 2 workers of 10 for full compaction
[2025-06-28T00:22:21.294+0200][10.091s] GC(262) Concurrent Scan Root Regions 1.042ms
[2025-06-28T00:22:21.295+0200][10.091s] GC(262) Concurrent Mark
[2025-06-28T00:22:21.295+0200][10.091s] GC(262) Concurrent Mark From Roots
[2025-06-28T00:22:21.295+0200][10.091s] GC(262) Using 3 workers of 3 for marking
[2025-06-28T00:22:21.295+0200][10.091s] GC(263) Phase 1: Mark live objects
[2025-06-28T00:22:21.319+0200][10.115s] GC(263) Phase 1: Mark live objects 24.072ms
[2025-06-28T00:22:21.319+0200][10.116s] GC(263) Phase 2: Prepare compaction
[2025-06-28T00:22:21.320+0200][10.116s] GC(263) Phase 2: Prepare compaction 0.934ms
[2025-06-28T00:22:21.320+0200][10.117s] GC(263) Phase 3: Adjust pointers
[2025-06-28T00:22:21.330+0200][10.126s] GC(263) Phase 3: Adjust pointers 9.794ms
[2025-06-28T00:22:21.331+0200][10.127s] GC(263) Phase 4: Compact heap
[2025-06-28T00:22:21.332+0200][10.128s] GC(263) Phase 4: Compact heap 1.330ms
[2025-06-28T00:22:21.332+0200][10.128s] GC(263) Phase 5: Reset Metadata
[2025-06-28T00:22:21.335+0200][10.131s] GC(263) Phase 5: Reset Metadata 2.729ms
[2025-06-28T00:22:21.338+0200][10.134s] GC(263) Eden regions: 0->0(2)
[2025-06-28T00:22:21.338+0200][10.134s] GC(263) Survivor regions: 1->0(1)
[2025-06-28T00:22:21.338+0200][10.134s] GC(263) Old regions: 18->18
[2025-06-28T00:22:21.338+0200][10.134s] GC(263) Humongous regions: 0->0
[2025-06-28T00:22:21.338+0200][10.134s] GC(263) Metaspace: 46254K(46784K)->46254K(46784K) NonClass: 40300K(40576K)->40300K(40576K) Class: 5954K(6208K)->5954K(6208K)
[2025-06-28T00:22:21.338+0200][10.134s] GC(263) Pause Full (G1 Compaction Pause) 17M->16M(22M) 44.027ms
[2025-06-28T00:22:21.338+0200][10.134s] GC(263) User=0.05s Sys=0.02s Real=0.04s
[2025-06-28T00:22:21.339+0200][10.134s] GC(262) Concurrent Mark From Roots 43.091ms
[2025-06-28T00:22:21.339+0200][10.134s] GC(262) Concurrent Mark Abort
[2025-06-28T00:22:21.339+0200][10.134s] GC(262) Concurrent Mark Cycle 44.442ms
[2025-06-28T00:22:21.379+0200][10.175s] GC(264) Pause Young (Normal) (G1 Evacuation Pause)
[2025-06-28T00:22:21.379+0200][10.175s] GC(264) Using 2 workers of 10 for evacuation
[2025-06-28T00:22:21.381+0200][10.178s] GC(264)   Pre Evacuate Collection Set: 0.3ms
[2025-06-28T00:22:21.381+0200][10.178s] GC(264)   Merge Heap Roots: 0.1ms
[2025-06-28T00:22:21.381+0200][10.178s] GC(264)   Evacuate Collection Set: 1.2ms
[2025-06-28T00:22:21.381+0200][10.178s] GC(264)   Post Evacuate Collection Set: 0.5ms
[2025-06-28T00:22:21.381+0200][10.178s] GC(264)   Other: 0.2ms
[2025-06-28T00:22:21.381+0200][10.178s] GC(264) Eden regions: 2->0(0)
[2025-06-28T00:22:21.381+0200][10.178s] GC(264) Survivor regions: 0->1(1)
[2025-06-28T00:22:21.381+0200][10.178s] GC(264) Old regions: 18->18
[2025-06-28T00:22:21.381+0200][10.178s] GC(264) Humongous regions: 0->0
[2025-06-28T00:22:21.381+0200][10.178s] GC(264) Metaspace: 46633K(47232K)->46633K(47232K) NonClass: 40622K(40960K)->40622K(40960K) Class: 6010K(6272K)->6010K(6272K)
[2025-06-28T00:22:21.381+0200][10.178s] GC(264) Pause Young (Normal) (G1 Evacuation Pause) 18M->17M(22M) 2.970ms
[2025-06-28T00:22:21.381+0200][10.178s] GC(264) User=0.00s Sys=0.00s Real=0.00s
[2025-06-28T00:22:21.382+0200][10.178s] Attempting full compaction
[2025-06-28T00:22:21.382+0200][10.178s] GC(265) Pause Full (G1 Compaction Pause)
[2025-06-28T00:22:21.382+0200][10.178s] GC(265) Using 2 workers of 10 for full compaction
[2025-06-28T00:22:21.382+0200][10.178s] GC(265) Phase 1: Mark live objects
[2025-06-28T00:22:21.407+0200][10.203s] GC(265) Phase 1: Mark live objects 25.205ms
[2025-06-28T00:22:21.407+0200][10.203s] GC(265) Phase 2: Prepare compaction
[2025-06-28T00:22:21.408+0200][10.204s] GC(265) Phase 2: Prepare compaction 0.887ms
[2025-06-28T00:22:21.408+0200][10.204s] GC(265) Phase 3: Adjust pointers
[2025-06-28T00:22:21.418+0200][10.215s] GC(265) Phase 3: Adjust pointers 10.246ms
[2025-06-28T00:22:21.418+0200][10.215s] GC(265) Phase 4: Compact heap
[2025-06-28T00:22:21.419+0200][10.216s] GC(265) Phase 4: Compact heap 1.140ms
[2025-06-28T00:22:21.419+0200][10.216s] GC(265) Phase 5: Reset Metadata
[2025-06-28T00:22:21.422+0200][10.219s] GC(265) Phase 5: Reset Metadata 2.805ms
[2025-06-28T00:22:21.425+0200][10.222s] GC(265) Eden regions: 0->0(2)
[2025-06-28T00:22:21.426+0200][10.222s] GC(265) Survivor regions: 1->0(1)
[2025-06-28T00:22:21.426+0200][10.222s] GC(265) Old regions: 18->18
[2025-06-28T00:22:21.426+0200][10.222s] GC(265) Humongous regions: 0->0
[2025-06-28T00:22:21.426+0200][10.222s] GC(265) Metaspace: 46633K(47232K)->46629K(47232K) NonClass: 40622K(40960K)->40620K(40960K) Class: 6010K(6272K)->6009K(6272K)
[2025-06-28T00:22:21.426+0200][10.222s] GC(265) Pause Full (G1 Compaction Pause) 17M->16M(22M) 44.057ms
[2025-06-28T00:22:21.426+0200][10.222s] GC(265) User=0.09s Sys=0.00s Real=0.04s
[2025-06-28T00:22:21.452+0200][10.248s] GC(266) Pause Young (Concurrent Start) (G1 Evacuation Pause)
[2025-06-28T00:22:21.452+0200][10.248s] GC(266) Using 2 workers of 10 for evacuation
[2025-06-28T00:22:21.454+0200][10.250s] GC(266)   Pre Evacuate Collection Set: 0.2ms
[2025-06-28T00:22:21.454+0200][10.250s] GC(266)   Merge Heap Roots: 0.1ms
[2025-06-28T00:22:21.454+0200][10.250s] GC(266)   Evacuate Collection Set: 1.0ms
[2025-06-28T00:22:21.454+0200][10.250s] GC(266)   Post Evacuate Collection Set: 0.5ms
[2025-06-28T00:22:21.454+0200][10.250s] GC(266)   Other: 0.1ms
[2025-06-28T00:22:21.454+0200][10.250s] GC(266) Eden regions: 2->0(0)
[2025-06-28T00:22:21.454+0200][10.250s] GC(266) Survivor regions: 0->1(1)
[2025-06-28T00:22:21.454+0200][10.250s] GC(266) Old regions: 18->18
[2025-06-28T00:22:21.454+0200][10.250s] GC(266) Humongous regions: 0->0
[2025-06-28T00:22:21.454+0200][10.250s] GC(266) Metaspace: 47566K(48128K)->47566K(48128K) NonClass: 41423K(41728K)->41423K(41728K) Class: 6142K(6400K)->6142K(6400K)
[2025-06-28T00:22:21.454+0200][10.250s] GC(266) Pause Young (Concurrent Start) (G1 Evacuation Pause) 18M->17M(22M) 2.084ms
[2025-06-28T00:22:21.454+0200][10.250s] GC(266) User=0.00s Sys=0.00s Real=0.00s
[2025-06-28T00:22:21.454+0200][10.250s] GC(267) Concurrent Mark Cycle
[2025-06-28T00:22:21.454+0200][10.250s] Attempting full compaction
[2025-06-28T00:22:21.454+0200][10.250s] GC(267) Concurrent Scan Root Regions
[2025-06-28T00:22:21.454+0200][10.250s] GC(268) Pause Full (G1 Compaction Pause)
[2025-06-28T00:22:21.454+0200][10.250s] GC(268) Using 2 workers of 10 for full compaction
[2025-06-28T00:22:21.454+0200][10.251s] GC(267) Concurrent Scan Root Regions 0.177ms
[2025-06-28T00:22:21.454+0200][10.251s] GC(267) Concurrent Mark
[2025-06-28T00:22:21.454+0200][10.251s] GC(267) Concurrent Mark From Roots
[2025-06-28T00:22:21.454+0200][10.251s] GC(267) Using 3 workers of 3 for marking
[2025-06-28T00:22:21.454+0200][10.251s] GC(268) Phase 1: Mark live objects
[2025-06-28T00:22:21.474+0200][10.270s] GC(268) Phase 1: Mark live objects 19.775ms
[2025-06-28T00:22:21.474+0200][10.271s] GC(268) Phase 2: Prepare compaction
[2025-06-28T00:22:21.475+0200][10.271s] GC(268) Phase 2: Prepare compaction 0.478ms
[2025-06-28T00:22:21.475+0200][10.271s] GC(268) Phase 3: Adjust pointers
[2025-06-28T00:22:21.484+0200][10.280s] GC(268) Phase 3: Adjust pointers 9.276ms
[2025-06-28T00:22:21.484+0200][10.280s] GC(268) Phase 4: Compact heap
[2025-06-28T00:22:21.484+0200][10.281s] GC(268) Phase 4: Compact heap 0.408ms
[2025-06-28T00:22:21.484+0200][10.281s] GC(268) Phase 5: Reset Metadata
[2025-06-28T00:22:21.487+0200][10.284s] GC(268) Phase 5: Reset Metadata 3.195ms
[2025-06-28T00:22:21.491+0200][10.287s] GC(268) Eden regions: 0->0(2)
[2025-06-28T00:22:21.491+0200][10.287s] GC(268) Survivor regions: 1->0(1)
[2025-06-28T00:22:21.491+0200][10.287s] GC(268) Old regions: 18->18
[2025-06-28T00:22:21.491+0200][10.287s] GC(268) Humongous regions: 0->0
[2025-06-28T00:22:21.491+0200][10.287s] GC(268) Metaspace: 47566K(48128K)->47566K(48128K) NonClass: 41423K(41728K)->41423K(41728K) Class: 6142K(6400K)->6142K(6400K)
[2025-06-28T00:22:21.491+0200][10.287s] GC(268) Pause Full (G1 Compaction Pause) 17M->17M(22M) 36.515ms
[2025-06-28T00:22:21.491+0200][10.287s] GC(268) User=0.05s Sys=0.02s Real=0.04s
[2025-06-28T00:22:21.491+0200][10.287s] GC(267) Concurrent Mark From Roots 36.597ms
[2025-06-28T00:22:21.491+0200][10.287s] GC(267) Concurrent Mark Abort
[2025-06-28T00:22:21.491+0200][10.287s] GC(267) Concurrent Mark Cycle 36.956ms
[2025-06-28T00:22:21.522+0200][10.318s] GC(269) Pause Young (Normal) (G1 Evacuation Pause)
[2025-06-28T00:22:21.522+0200][10.318s] GC(269) Using 2 workers of 10 for evacuation
[2025-06-28T00:22:21.524+0200][10.320s] GC(269)   Pre Evacuate Collection Set: 0.2ms
[2025-06-28T00:22:21.524+0200][10.320s] GC(269)   Merge Heap Roots: 0.0ms
[2025-06-28T00:22:21.524+0200][10.320s] GC(269)   Evacuate Collection Set: 1.1ms
[2025-06-28T00:22:21.524+0200][10.320s] GC(269)   Post Evacuate Collection Set: 0.3ms
[2025-06-28T00:22:21.524+0200][10.320s] GC(269)   Other: 0.1ms
[2025-06-28T00:22:21.524+0200][10.320s] GC(269) Eden regions: 2->0(0)
[2025-06-28T00:22:21.524+0200][10.320s] GC(269) Survivor regions: 0->1(1)
[2025-06-28T00:22:21.524+0200][10.320s] GC(269) Old regions: 18->18
[2025-06-28T00:22:21.524+0200][10.320s] GC(269) Humongous regions: 0->0
[2025-06-28T00:22:21.524+0200][10.320s] GC(269) Metaspace: 48591K(49152K)->48591K(49152K) NonClass: 42310K(42624K)->42310K(42624K) Class: 6281K(6528K)->6281K(6528K)
[2025-06-28T00:22:21.524+0200][10.320s] GC(269) Pause Young (Normal) (G1 Evacuation Pause) 19M->17M(22M) 2.028ms
[2025-06-28T00:22:21.524+0200][10.320s] GC(269) User=0.00s Sys=0.00s Real=0.00s
[2025-06-28T00:22:21.524+0200][10.320s] Attempting full compaction
[2025-06-28T00:22:21.524+0200][10.320s] GC(270) Pause Full (G1 Compaction Pause)
[2025-06-28T00:22:21.524+0200][10.320s] GC(270) Using 2 workers of 10 for full compaction
[2025-06-28T00:22:21.524+0200][10.321s] GC(270) Phase 1: Mark live objects
[2025-06-28T00:22:21.551+0200][10.347s] GC(270) Phase 1: Mark live objects 26.258ms
[2025-06-28T00:22:21.551+0200][10.347s] GC(270) Phase 2: Prepare compaction
[2025-06-28T00:22:21.551+0200][10.347s] GC(270) Phase 2: Prepare compaction 0.565ms
[2025-06-28T00:22:21.551+0200][10.347s] GC(270) Phase 3: Adjust pointers
[2025-06-28T00:22:21.560+0200][10.356s] GC(270) Phase 3: Adjust pointers 8.674ms
[2025-06-28T00:22:21.560+0200][10.356s] GC(270) Phase 4: Compact heap
[2025-06-28T00:22:21.560+0200][10.357s] GC(270) Phase 4: Compact heap 0.580ms
[2025-06-28T00:22:21.561+0200][10.357s] GC(270) Phase 5: Reset Metadata
[2025-06-28T00:22:21.564+0200][10.361s] GC(270) Phase 5: Reset Metadata 3.928ms
[2025-06-28T00:22:21.567+0200][10.364s] GC(270) Eden regions: 0->0(2)
[2025-06-28T00:22:21.567+0200][10.364s] GC(270) Survivor regions: 1->0(1)
[2025-06-28T00:22:21.567+0200][10.364s] GC(270) Old regions: 18->18
[2025-06-28T00:22:21.567+0200][10.364s] GC(270) Humongous regions: 0->0
[2025-06-28T00:22:21.567+0200][10.364s] GC(270) Metaspace: 48591K(49152K)->48587K(49152K) NonClass: 42310K(42624K)->42307K(42624K) Class: 6281K(6528K)->6280K(6528K)
[2025-06-28T00:22:21.567+0200][10.364s] GC(270) Pause Full (G1 Compaction Pause) 17M->17M(22M) 43.516ms
[2025-06-28T00:22:21.567+0200][10.364s] GC(270) User=0.09s Sys=0.00s Real=0.04s
[2025-06-28T00:22:21.635+0200][10.431s] GC(271) Pause Young (Concurrent Start) (G1 Evacuation Pause)
[2025-06-28T00:22:21.635+0200][10.432s] GC(271) Using 2 workers of 10 for evacuation
[2025-06-28T00:22:21.639+0200][10.435s] GC(271)   Pre Evacuate Collection Set: 0.4ms
[2025-06-28T00:22:21.639+0200][10.435s] GC(271)   Merge Heap Roots: 0.1ms
[2025-06-28T00:22:21.639+0200][10.435s] GC(271)   Evacuate Collection Set: 1.9ms
[2025-06-28T00:22:21.639+0200][10.435s] GC(271)   Post Evacuate Collection Set: 0.9ms
[2025-06-28T00:22:21.639+0200][10.435s] GC(271)   Other: 0.3ms
[2025-06-28T00:22:21.639+0200][10.435s] GC(271) Eden regions: 2->0(0)
[2025-06-28T00:22:21.639+0200][10.436s] GC(271) Survivor regions: 0->1(1)
[2025-06-28T00:22:21.639+0200][10.436s] GC(271) Old regions: 18->18
[2025-06-28T00:22:21.639+0200][10.436s] GC(271) Humongous regions: 0->0
[2025-06-28T00:22:21.639+0200][10.436s] GC(271) Metaspace: 49481K(50048K)->49481K(50048K) NonClass: 43107K(43456K)->43107K(43456K) Class: 6374K(6592K)->6374K(6592K)
[2025-06-28T00:22:21.639+0200][10.436s] GC(271) Pause Young (Concurrent Start) (G1 Evacuation Pause) 19M->17M(22M) 4.172ms
[2025-06-28T00:22:21.639+0200][10.436s] GC(271) User=0.00s Sys=0.02s Real=0.00s
[2025-06-28T00:22:21.639+0200][10.436s] Attempting full compaction
[2025-06-28T00:22:21.639+0200][10.436s] GC(272) Concurrent Mark Cycle
[2025-06-28T00:22:21.639+0200][10.436s] GC(273) Pause Full (G1 Compaction Pause)
[2025-06-28T00:22:21.640+0200][10.436s] GC(272) Concurrent Scan Root Regions
[2025-06-28T00:22:21.640+0200][10.436s] GC(273) Using 2 workers of 10 for full compaction
[2025-06-28T00:22:21.641+0200][10.437s] GC(272) Concurrent Scan Root Regions 1.517ms
[2025-06-28T00:22:21.641+0200][10.438s] GC(272) Concurrent Mark
[2025-06-28T00:22:21.641+0200][10.438s] GC(272) Concurrent Mark From Roots
[2025-06-28T00:22:21.641+0200][10.438s] GC(272) Using 3 workers of 3 for marking
[2025-06-28T00:22:21.641+0200][10.438s] GC(273) Phase 1: Mark live objects
[2025-06-28T00:22:21.676+0200][10.472s] GC(273) Phase 1: Mark live objects 34.685ms
[2025-06-28T00:22:21.676+0200][10.473s] GC(273) Phase 2: Prepare compaction
[2025-06-28T00:22:21.677+0200][10.473s] GC(273) Phase 2: Prepare compaction 0.798ms
[2025-06-28T00:22:21.677+0200][10.473s] GC(273) Phase 3: Adjust pointers
[2025-06-28T00:22:21.691+0200][10.488s] GC(273) Phase 3: Adjust pointers 14.542ms
[2025-06-28T00:22:21.691+0200][10.488s] GC(273) Phase 4: Compact heap
[2025-06-28T00:22:21.692+0200][10.489s] GC(273) Phase 4: Compact heap 1.011ms
[2025-06-28T00:22:21.692+0200][10.489s] GC(273) Phase 5: Reset Metadata
[2025-06-28T00:22:21.699+0200][10.495s] GC(273) Phase 5: Reset Metadata 6.174ms
[2025-06-28T00:22:21.705+0200][10.502s] GC(273) Eden regions: 0->0(2)
[2025-06-28T00:22:21.705+0200][10.502s] GC(273) Survivor regions: 1->0(1)
[2025-06-28T00:22:21.705+0200][10.502s] GC(273) Old regions: 18->18
[2025-06-28T00:22:21.705+0200][10.502s] GC(273) Humongous regions: 0->0
[2025-06-28T00:22:21.705+0200][10.502s] GC(273) Metaspace: 49481K(50048K)->49481K(50048K) NonClass: 43107K(43456K)->43107K(43456K) Class: 6374K(6592K)->6374K(6592K)
[2025-06-28T00:22:21.705+0200][10.502s] GC(273) Pause Full (G1 Compaction Pause) 17M->17M(22M) 66.087ms
[2025-06-28T00:22:21.705+0200][10.502s] GC(273) User=0.12s Sys=0.00s Real=0.07s
[2025-06-28T00:22:21.706+0200][10.503s] GC(272) Concurrent Mark From Roots 64.889ms
[2025-06-28T00:22:21.706+0200][10.503s] GC(272) Concurrent Mark Abort
[2025-06-28T00:22:21.706+0200][10.503s] GC(272) Concurrent Mark Cycle 66.867ms
[2025-06-28T00:22:21.874+0200][10.670s] GC(274) Pause Young (Normal) (G1 Evacuation Pause)
[2025-06-28T00:22:21.874+0200][10.670s] GC(274) Using 2 workers of 10 for evacuation
[2025-06-28T00:22:21.877+0200][10.673s] GC(274)   Pre Evacuate Collection Set: 0.2ms
[2025-06-28T00:22:21.877+0200][10.673s] GC(274)   Merge Heap Roots: 0.1ms
[2025-06-28T00:22:21.877+0200][10.673s] GC(274)   Evacuate Collection Set: 2.1ms
[2025-06-28T00:22:21.877+0200][10.673s] GC(274)   Post Evacuate Collection Set: 0.8ms
[2025-06-28T00:22:21.877+0200][10.674s] GC(274)   Other: 0.2ms
[2025-06-28T00:22:21.877+0200][10.674s] GC(274) Eden regions: 2->0(0)
[2025-06-28T00:22:21.878+0200][10.674s] GC(274) Survivor regions: 0->1(1)
[2025-06-28T00:22:21.878+0200][10.674s] GC(274) Old regions: 18->18
[2025-06-28T00:22:21.878+0200][10.674s] GC(274) Humongous regions: 0->0
[2025-06-28T00:22:21.878+0200][10.674s] GC(274) Metaspace: 50462K(51008K)->50462K(51008K) NonClass: 44038K(44352K)->44038K(44352K) Class: 6423K(6656K)->6423K(6656K)
[2025-06-28T00:22:21.878+0200][10.674s] GC(274) Pause Young (Normal) (G1 Evacuation Pause) 19M->17M(22M) 4.144ms
[2025-06-28T00:22:21.878+0200][10.674s] GC(274) User=0.00s Sys=0.00s Real=0.00s
[2025-06-28T00:22:21.878+0200][10.674s] Attempting full compaction
[2025-06-28T00:22:21.878+0200][10.674s] GC(275) Pause Full (G1 Compaction Pause)
[2025-06-28T00:22:21.878+0200][10.674s] GC(275) Using 2 workers of 10 for full compaction
[2025-06-28T00:22:21.878+0200][10.674s] GC(275) Phase 1: Mark live objects
[2025-06-28T00:22:21.934+0200][10.730s] GC(275) Phase 1: Mark live objects 55.926ms
[2025-06-28T00:22:21.934+0200][10.730s] GC(275) Phase 2: Prepare compaction
[2025-06-28T00:22:21.935+0200][10.731s] GC(275) Phase 2: Prepare compaction 1.004ms
[2025-06-28T00:22:21.936+0200][10.731s] GC(275) Phase 3: Adjust pointers
[2025-06-28T00:22:21.949+0200][10.745s] GC(275) Phase 3: Adjust pointers 13.171ms
[2025-06-28T00:22:21.949+0200][10.745s] GC(275) Phase 4: Compact heap
[2025-06-28T00:22:21.950+0200][10.746s] GC(275) Phase 4: Compact heap 1.426ms
[2025-06-28T00:22:21.950+0200][10.746s] GC(275) Phase 5: Reset Metadata
[2025-06-28T00:22:21.956+0200][10.751s] GC(275) Phase 5: Reset Metadata 5.051ms
[2025-06-28T00:22:21.958+0200][10.754s] GC(275) Eden regions: 0->0(2)
[2025-06-28T00:22:21.958+0200][10.754s] GC(275) Survivor regions: 1->0(1)
[2025-06-28T00:22:21.958+0200][10.754s] GC(275) Old regions: 18->18
[2025-06-28T00:22:21.958+0200][10.754s] GC(275) Humongous regions: 0->0
[2025-06-28T00:22:21.958+0200][10.754s] GC(275) Metaspace: 50462K(51008K)->50423K(51008K) NonClass: 44038K(44352K)->44010K(44352K) Class: 6423K(6656K)->6413K(6656K)
[2025-06-28T00:22:21.958+0200][10.754s] GC(275) Pause Full (G1 Compaction Pause) 17M->17M(22M) 80.259ms
[2025-06-28T00:22:21.958+0200][10.754s] GC(275) User=0.12s Sys=0.00s Real=0.08s
[2025-06-28T00:22:22.324+0200][11.121s] GC(276) Pause Young (Concurrent Start) (G1 Evacuation Pause)
[2025-06-28T00:22:22.324+0200][11.121s] GC(276) Using 2 workers of 10 for evacuation
[2025-06-28T00:22:22.327+0200][11.123s] GC(276)   Pre Evacuate Collection Set: 0.3ms
[2025-06-28T00:22:22.327+0200][11.124s] GC(276)   Merge Heap Roots: 0.1ms
[2025-06-28T00:22:22.327+0200][11.124s] GC(276)   Evacuate Collection Set: 1.4ms
[2025-06-28T00:22:22.327+0200][11.124s] GC(276)   Post Evacuate Collection Set: 0.7ms
[2025-06-28T00:22:22.327+0200][11.124s] GC(276)   Other: 0.3ms
[2025-06-28T00:22:22.327+0200][11.124s] GC(276) Eden regions: 2->0(0)
[2025-06-28T00:22:22.327+0200][11.124s] GC(276) Survivor regions: 0->1(1)
[2025-06-28T00:22:22.328+0200][11.124s] GC(276) Old regions: 18->18
[2025-06-28T00:22:22.328+0200][11.124s] GC(276) Humongous regions: 0->0
[2025-06-28T00:22:22.328+0200][11.124s] GC(276) Metaspace: 51064K(51648K)->51064K(51648K) NonClass: 44383K(44672K)->44383K(44672K) Class: 6681K(6976K)->6681K(6976K)
[2025-06-28T00:22:22.328+0200][11.124s] GC(276) Pause Young (Concurrent Start) (G1 Evacuation Pause) 19M->17M(22M) 3.488ms
[2025-06-28T00:22:22.328+0200][11.124s] GC(276) User=0.00s Sys=0.00s Real=0.00s
[2025-06-28T00:22:22.328+0200][11.124s] GC(277) Concurrent Mark Cycle
[2025-06-28T00:22:22.328+0200][11.124s] Attempting full compaction
[2025-06-28T00:22:22.328+0200][11.124s] GC(277) Concurrent Scan Root Regions
[2025-06-28T00:22:22.328+0200][11.124s] GC(278) Pause Full (G1 Compaction Pause)
[2025-06-28T00:22:22.328+0200][11.125s] GC(278) Using 2 workers of 10 for full compaction
[2025-06-28T00:22:22.330+0200][11.127s] GC(277) Concurrent Scan Root Regions 2.239ms
[2025-06-28T00:22:22.330+0200][11.127s] GC(277) Concurrent Mark
[2025-06-28T00:22:22.330+0200][11.127s] GC(277) Concurrent Mark From Roots
[2025-06-28T00:22:22.330+0200][11.127s] GC(277) Using 3 workers of 3 for marking
[2025-06-28T00:22:22.331+0200][11.127s] GC(278) Phase 1: Mark live objects
[2025-06-28T00:22:22.376+0200][11.172s] GC(278) Phase 1: Mark live objects 45.184ms
[2025-06-28T00:22:22.387+0200][11.183s] GC(278) Phase 2: Prepare compaction
[2025-06-28T00:22:22.390+0200][11.186s] GC(278) Phase 2: Prepare compaction 3.622ms
[2025-06-28T00:22:22.390+0200][11.187s] GC(278) Phase 3: Adjust pointers
[2025-06-28T00:22:22.407+0200][11.203s] GC(278) Phase 3: Adjust pointers 16.123ms
[2025-06-28T00:22:22.407+0200][11.203s] GC(278) Phase 4: Compact heap
[2025-06-28T00:22:22.411+0200][11.208s] GC(278) Phase 4: Compact heap 4.763ms
[2025-06-28T00:22:22.411+0200][11.208s] GC(278) Phase 5: Reset Metadata
[2025-06-28T00:22:22.416+0200][11.212s] GC(278) Phase 5: Reset Metadata 4.632ms
[2025-06-28T00:22:22.418+0200][11.214s] GC(278) Eden regions: 0->0(2)
[2025-06-28T00:22:22.418+0200][11.214s] GC(278) Survivor regions: 1->0(1)
[2025-06-28T00:22:22.418+0200][11.214s] GC(278) Old regions: 18->18
[2025-06-28T00:22:22.418+0200][11.214s] GC(278) Humongous regions: 0->0
[2025-06-28T00:22:22.418+0200][11.214s] GC(278) Metaspace: 51064K(51648K)->51024K(51648K) NonClass: 44383K(44672K)->44354K(44672K) Class: 6681K(6976K)->6669K(6976K)
[2025-06-28T00:22:22.418+0200][11.214s] GC(278) Pause Full (G1 Compaction Pause) 17M->17M(22M) 89.806ms
[2025-06-28T00:22:22.418+0200][11.214s] GC(278) User=0.19s Sys=0.00s Real=0.09s
[2025-06-28T00:22:22.419+0200][11.215s] GC(277) Concurrent Mark From Roots 88.051ms
[2025-06-28T00:22:22.419+0200][11.215s] GC(277) Concurrent Mark Abort
[2025-06-28T00:22:22.419+0200][11.215s] GC(277) Concurrent Mark Cycle 90.829ms
[2025-06-28T00:22:22.801+0200][11.597s] GC(279) Pause Young (Normal) (G1 Evacuation Pause)
[2025-06-28T00:22:22.801+0200][11.598s] GC(279) Using 2 workers of 10 for evacuation
[2025-06-28T00:22:22.804+0200][11.601s] GC(279)   Pre Evacuate Collection Set: 0.4ms
[2025-06-28T00:22:22.804+0200][11.601s] GC(279)   Merge Heap Roots: 0.1ms
[2025-06-28T00:22:22.804+0200][11.601s] GC(279)   Evacuate Collection Set: 1.6ms
[2025-06-28T00:22:22.804+0200][11.601s] GC(279)   Post Evacuate Collection Set: 0.7ms
[2025-06-28T00:22:22.804+0200][11.601s] GC(279)   Other: 0.2ms
[2025-06-28T00:22:22.804+0200][11.601s] GC(279) Eden regions: 2->0(0)
[2025-06-28T00:22:22.805+0200][11.601s] GC(279) Survivor regions: 0->1(1)
[2025-06-28T00:22:22.805+0200][11.601s] GC(279) Old regions: 18->18
[2025-06-28T00:22:22.805+0200][11.601s] GC(279) Humongous regions: 0->0
[2025-06-28T00:22:22.805+0200][11.601s] GC(279) Metaspace: 51340K(51904K)->51340K(51904K) NonClass: 44653K(44928K)->44653K(44928K) Class: 6687K(6976K)->6687K(6976K)
[2025-06-28T00:22:22.805+0200][11.601s] GC(279) Pause Young (Normal) (G1 Evacuation Pause) 19M->17M(22M) 3.634ms
[2025-06-28T00:22:22.805+0200][11.601s] GC(279) User=0.00s Sys=0.00s Real=0.00s
[2025-06-28T00:22:22.805+0200][11.601s] Attempting full compaction
[2025-06-28T00:22:22.805+0200][11.601s] GC(280) Pause Full (G1 Compaction Pause)
[2025-06-28T00:22:22.805+0200][11.601s] GC(280) Using 2 workers of 10 for full compaction
[2025-06-28T00:22:22.805+0200][11.601s] GC(280) Phase 1: Mark live objects
[2025-06-28T00:22:22.846+0200][11.643s] GC(280) Phase 1: Mark live objects 41.434ms
[2025-06-28T00:22:22.847+0200][11.643s] GC(280) Phase 2: Prepare compaction
[2025-06-28T00:22:22.848+0200][11.644s] GC(280) Phase 2: Prepare compaction 1.443ms
[2025-06-28T00:22:22.848+0200][11.645s] GC(280) Phase 3: Adjust pointers
[2025-06-28T00:22:22.862+0200][11.659s] GC(280) Phase 3: Adjust pointers 14.315ms
[2025-06-28T00:22:22.862+0200][11.659s] GC(280) Phase 4: Compact heap
[2025-06-28T00:22:22.865+0200][11.661s] GC(280) Phase 4: Compact heap 2.129ms
[2025-06-28T00:22:22.865+0200][11.661s] GC(280) Phase 5: Reset Metadata
[2025-06-28T00:22:22.869+0200][11.665s] GC(280) Phase 5: Reset Metadata 4.209ms
[2025-06-28T00:22:22.871+0200][11.667s] GC(280) Eden regions: 0->0(2)
[2025-06-28T00:22:22.871+0200][11.668s] GC(280) Survivor regions: 1->0(1)
[2025-06-28T00:22:22.871+0200][11.668s] GC(280) Old regions: 18->18
[2025-06-28T00:22:22.871+0200][11.668s] GC(280) Humongous regions: 0->0
[2025-06-28T00:22:22.871+0200][11.668s] GC(280) Metaspace: 51340K(51904K)->51305K(51904K) NonClass: 44653K(44928K)->44627K(44928K) Class: 6687K(6976K)->6677K(6976K)
[2025-06-28T00:22:22.871+0200][11.668s] GC(280) Pause Full (G1 Compaction Pause) 17M->17M(22M) 66.455ms
[2025-06-28T00:22:22.871+0200][11.668s] GC(280) User=0.25s Sys=0.02s Real=0.07s
[2025-06-28T00:22:23.056+0200][11.852s] GC(281) Pause Young (Concurrent Start) (G1 Evacuation Pause)
[2025-06-28T00:22:23.056+0200][11.852s] GC(281) Using 2 workers of 10 for evacuation
[2025-06-28T00:22:23.062+0200][11.858s] GC(281)   Pre Evacuate Collection Set: 0.2ms
[2025-06-28T00:22:23.062+0200][11.858s] GC(281)   Merge Heap Roots: 0.1ms
[2025-06-28T00:22:23.062+0200][11.858s] GC(281)   Evacuate Collection Set: 4.8ms
[2025-06-28T00:22:23.062+0200][11.858s] GC(281)   Post Evacuate Collection Set: 0.6ms
[2025-06-28T00:22:23.062+0200][11.858s] GC(281)   Other: 0.2ms
[2025-06-28T00:22:23.062+0200][11.858s] GC(281) Eden regions: 2->0(0)
[2025-06-28T00:22:23.062+0200][11.858s] GC(281) Survivor regions: 0->1(1)
[2025-06-28T00:22:23.062+0200][11.858s] GC(281) Old regions: 18->18
[2025-06-28T00:22:23.062+0200][11.858s] GC(281) Humongous regions: 0->0
[2025-06-28T00:22:23.062+0200][11.858s] GC(281) Metaspace: 51969K(52544K)->51969K(52544K) NonClass: 45219K(45504K)->45219K(45504K) Class: 6749K(7040K)->6749K(7040K)
[2025-06-28T00:22:23.062+0200][11.858s] GC(281) Pause Young (Concurrent Start) (G1 Evacuation Pause) 19M->17M(22M) 6.390ms
[2025-06-28T00:22:23.062+0200][11.858s] GC(281) User=0.08s Sys=0.00s Real=0.01s
[2025-06-28T00:22:23.062+0200][11.858s] GC(282) Concurrent Mark Cycle
[2025-06-28T00:22:23.062+0200][11.858s] Attempting full compaction
[2025-06-28T00:22:23.062+0200][11.859s] GC(282) Concurrent Scan Root Regions
[2025-06-28T00:22:23.063+0200][11.859s] GC(283) Pause Full (G1 Compaction Pause)
[2025-06-28T00:22:23.063+0200][11.859s] GC(283) Using 2 workers of 10 for full compaction
[2025-06-28T00:22:23.064+0200][11.860s] GC(282) Concurrent Scan Root Regions 1.103ms
[2025-06-28T00:22:23.064+0200][11.860s] GC(282) Concurrent Mark
[2025-06-28T00:22:23.064+0200][11.860s] GC(282) Concurrent Mark From Roots
[2025-06-28T00:22:23.064+0200][11.860s] GC(282) Using 3 workers of 3 for marking
[2025-06-28T00:22:23.064+0200][11.860s] GC(283) Phase 1: Mark live objects
[2025-06-28T00:22:23.092+0200][11.889s] GC(283) Phase 1: Mark live objects 28.920ms
[2025-06-28T00:22:23.092+0200][11.889s] GC(283) Phase 2: Prepare compaction
[2025-06-28T00:22:23.093+0200][11.889s] GC(283) Phase 2: Prepare compaction 0.548ms
[2025-06-28T00:22:23.093+0200][11.889s] GC(283) Phase 3: Adjust pointers
[2025-06-28T00:22:23.104+0200][11.901s] GC(283) Phase 3: Adjust pointers 11.615ms
[2025-06-28T00:22:23.104+0200][11.901s] GC(283) Phase 4: Compact heap
[2025-06-28T00:22:23.105+0200][11.902s] GC(283) Phase 4: Compact heap 0.688ms
[2025-06-28T00:22:23.105+0200][11.902s] GC(283) Phase 5: Reset Metadata
[2025-06-28T00:22:23.110+0200][11.907s] GC(283) Phase 5: Reset Metadata 4.729ms
[2025-06-28T00:22:23.112+0200][11.909s] GC(283) Eden regions: 0->0(2)
[2025-06-28T00:22:23.112+0200][11.909s] GC(283) Survivor regions: 1->0(1)
[2025-06-28T00:22:23.112+0200][11.909s] GC(283) Old regions: 18->18
[2025-06-28T00:22:23.112+0200][11.909s] GC(283) Humongous regions: 0->0
[2025-06-28T00:22:23.112+0200][11.909s] GC(283) Metaspace: 51969K(52544K)->51969K(52544K) NonClass: 45219K(45504K)->45219K(45504K) Class: 6749K(7040K)->6749K(7040K)
[2025-06-28T00:22:23.112+0200][11.909s] GC(283) Pause Full (G1 Compaction Pause) 17M->17M(22M) 50.180ms
[2025-06-28T00:22:23.112+0200][11.909s] GC(283) User=0.08s Sys=0.00s Real=0.05s
[2025-06-28T00:22:23.116+0200][11.913s] GC(282) Concurrent Mark From Roots 53.151ms
[2025-06-28T00:22:23.116+0200][11.913s] GC(282) Concurrent Mark Abort
[2025-06-28T00:22:23.116+0200][11.913s] GC(282) Concurrent Mark Cycle 54.633ms
[2025-06-28T00:22:23.367+0200][12.164s] GC(284) Pause Young (Normal) (G1 Evacuation Pause)
[2025-06-28T00:22:23.368+0200][12.164s] GC(284) Using 2 workers of 10 for evacuation
[2025-06-28T00:22:23.372+0200][12.169s] GC(284)   Pre Evacuate Collection Set: 0.2ms
[2025-06-28T00:22:23.372+0200][12.169s] GC(284)   Merge Heap Roots: 0.1ms
[2025-06-28T00:22:23.372+0200][12.169s] GC(284)   Evacuate Collection Set: 3.2ms
[2025-06-28T00:22:23.372+0200][12.169s] GC(284)   Post Evacuate Collection Set: 0.6ms
[2025-06-28T00:22:23.372+0200][12.169s] GC(284)   Other: 0.2ms
[2025-06-28T00:22:23.372+0200][12.169s] GC(284) Eden regions: 2->0(0)
[2025-06-28T00:22:23.372+0200][12.169s] GC(284) Survivor regions: 0->1(1)
[2025-06-28T00:22:23.372+0200][12.169s] GC(284) Old regions: 18->18
[2025-06-28T00:22:23.372+0200][12.169s] GC(284) Humongous regions: 0->0
[2025-06-28T00:22:23.372+0200][12.169s] GC(284) Metaspace: 52278K(52800K)->52278K(52800K) NonClass: 45499K(45760K)->45499K(45760K) Class: 6778K(7040K)->6778K(7040K)
[2025-06-28T00:22:23.372+0200][12.169s] GC(284) Pause Young (Normal) (G1 Evacuation Pause) 19M->17M(22M) 4.907ms
[2025-06-28T00:22:23.372+0200][12.169s] GC(284) User=0.05s Sys=0.00s Real=0.00s
[2025-06-28T00:22:23.372+0200][12.169s] Attempting full compaction
[2025-06-28T00:22:23.372+0200][12.169s] GC(285) Pause Full (G1 Compaction Pause)
[2025-06-28T00:22:23.372+0200][12.169s] GC(285) Using 2 workers of 10 for full compaction
[2025-06-28T00:22:23.373+0200][12.169s] GC(285) Phase 1: Mark live objects
[2025-06-28T00:22:23.410+0200][12.206s] GC(285) Phase 1: Mark live objects 37.223ms
[2025-06-28T00:22:23.410+0200][12.207s] GC(285) Phase 2: Prepare compaction
[2025-06-28T00:22:23.411+0200][12.207s] GC(285) Phase 2: Prepare compaction 0.572ms
[2025-06-28T00:22:23.411+0200][12.207s] GC(285) Phase 3: Adjust pointers
[2025-06-28T00:22:23.423+0200][12.219s] GC(285) Phase 3: Adjust pointers 11.922ms
[2025-06-28T00:22:23.423+0200][12.219s] GC(285) Phase 4: Compact heap
[2025-06-28T00:22:23.423+0200][12.220s] GC(285) Phase 4: Compact heap 0.388ms
[2025-06-28T00:22:23.424+0200][12.220s] GC(285) Phase 5: Reset Metadata
[2025-06-28T00:22:23.428+0200][12.224s] GC(285) Phase 5: Reset Metadata 4.356ms
[2025-06-28T00:22:23.430+0200][12.226s] GC(285) Eden regions: 0->0(2)
[2025-06-28T00:22:23.430+0200][12.226s] GC(285) Survivor regions: 1->0(1)
[2025-06-28T00:22:23.430+0200][12.226s] GC(285) Old regions: 18->18
[2025-06-28T00:22:23.430+0200][12.226s] GC(285) Humongous regions: 0->0
[2025-06-28T00:22:23.430+0200][12.226s] GC(285) Metaspace: 52278K(52800K)->52273K(52800K) NonClass: 45499K(45760K)->45496K(45760K) Class: 6778K(7040K)->6777K(7040K)
[2025-06-28T00:22:23.430+0200][12.226s] GC(285) Pause Full (G1 Compaction Pause) 17M->17M(22M) 57.046ms
[2025-06-28T00:22:23.430+0200][12.226s] GC(285) User=0.09s Sys=0.02s Real=0.06s
[2025-06-28T00:22:23.574+0200][12.371s] GC(286) Pause Young (Concurrent Start) (G1 Evacuation Pause)
[2025-06-28T00:22:23.574+0200][12.371s] GC(286) Using 2 workers of 10 for evacuation
[2025-06-28T00:22:23.578+0200][12.374s] GC(286)   Pre Evacuate Collection Set: 0.3ms
[2025-06-28T00:22:23.578+0200][12.375s] GC(286)   Merge Heap Roots: 0.1ms
[2025-06-28T00:22:23.578+0200][12.375s] GC(286)   Evacuate Collection Set: 1.9ms
[2025-06-28T00:22:23.578+0200][12.375s] GC(286)   Post Evacuate Collection Set: 0.9ms
[2025-06-28T00:22:23.578+0200][12.375s] GC(286)   Other: 0.3ms
[2025-06-28T00:22:23.578+0200][12.375s] GC(286) Eden regions: 2->0(0)
[2025-06-28T00:22:23.578+0200][12.375s] GC(286) Survivor regions: 0->1(1)
[2025-06-28T00:22:23.578+0200][12.375s] GC(286) Old regions: 18->18
[2025-06-28T00:22:23.578+0200][12.375s] GC(286) Humongous regions: 0->0
[2025-06-28T00:22:23.578+0200][12.375s] GC(286) Metaspace: 52482K(52992K)->52482K(52992K) NonClass: 45651K(45952K)->45651K(45952K) Class: 6830K(7040K)->6830K(7040K)
[2025-06-28T00:22:23.578+0200][12.375s] GC(286) Pause Young (Concurrent Start) (G1 Evacuation Pause) 19M->17M(22M) 4.179ms
[2025-06-28T00:22:23.578+0200][12.375s] GC(286) User=0.00s Sys=0.00s Real=0.00s
[2025-06-28T00:22:23.578+0200][12.375s] GC(287) Concurrent Mark Cycle
[2025-06-28T00:22:23.578+0200][12.375s] Attempting full compaction
[2025-06-28T00:22:23.579+0200][12.375s] GC(287) Concurrent Scan Root Regions
[2025-06-28T00:22:23.579+0200][12.375s] GC(288) Pause Full (G1 Compaction Pause)
[2025-06-28T00:22:23.579+0200][12.376s] GC(288) Using 2 workers of 10 for full compaction
[2025-06-28T00:22:23.580+0200][12.377s] GC(287) Concurrent Scan Root Regions 1.349ms
[2025-06-28T00:22:23.580+0200][12.377s] GC(287) Concurrent Mark
[2025-06-28T00:22:23.580+0200][12.377s] GC(287) Concurrent Mark From Roots
[2025-06-28T00:22:23.580+0200][12.377s] GC(287) Using 3 workers of 3 for marking
[2025-06-28T00:22:23.580+0200][12.377s] GC(288) Phase 1: Mark live objects
[2025-06-28T00:22:23.628+0200][12.424s] GC(288) Phase 1: Mark live objects 47.063ms
[2025-06-28T00:22:23.628+0200][12.424s] GC(288) Phase 2: Prepare compaction
[2025-06-28T00:22:23.628+0200][12.425s] GC(288) Phase 2: Prepare compaction 0.618ms
[2025-06-28T00:22:23.628+0200][12.425s] GC(288) Phase 3: Adjust pointers
[2025-06-28T00:22:23.642+0200][12.438s] GC(288) Phase 3: Adjust pointers 13.266ms
[2025-06-28T00:22:23.642+0200][12.438s] GC(288) Phase 4: Compact heap
[2025-06-28T00:22:23.642+0200][12.439s] GC(288) Phase 4: Compact heap 0.655ms
[2025-06-28T00:22:23.642+0200][12.439s] GC(288) Phase 5: Reset Metadata
[2025-06-28T00:22:23.647+0200][12.443s] GC(288) Phase 5: Reset Metadata 4.564ms
[2025-06-28T00:22:23.649+0200][12.446s] GC(288) Eden regions: 0->0(2)
[2025-06-28T00:22:23.649+0200][12.446s] GC(288) Survivor regions: 1->0(1)
[2025-06-28T00:22:23.649+0200][12.446s] GC(288) Old regions: 18->18
[2025-06-28T00:22:23.649+0200][12.446s] GC(288) Humongous regions: 0->0
[2025-06-28T00:22:23.649+0200][12.446s] GC(288) Metaspace: 52482K(52992K)->52478K(52992K) NonClass: 45651K(45952K)->45649K(45952K) Class: 6830K(7040K)->6829K(7040K)
[2025-06-28T00:22:23.650+0200][12.446s] GC(288) Pause Full (G1 Compaction Pause) 17M->17M(22M) 70.443ms
[2025-06-28T00:22:23.650+0200][12.446s] GC(288) User=0.23s Sys=0.00s Real=0.07s
[2025-06-28T00:22:23.650+0200][12.446s] GC(287) Concurrent Mark From Roots 69.638ms
[2025-06-28T00:22:23.650+0200][12.446s] GC(287) Concurrent Mark Abort
[2025-06-28T00:22:23.650+0200][12.446s] GC(287) Concurrent Mark Cycle 71.343ms
[2025-06-28T00:22:23.901+0200][12.698s] GC(289) Pause Young (Normal) (G1 Evacuation Pause)
[2025-06-28T00:22:23.901+0200][12.698s] GC(289) Using 2 workers of 10 for evacuation
[2025-06-28T00:22:23.904+0200][12.700s] GC(289)   Pre Evacuate Collection Set: 0.1ms
[2025-06-28T00:22:23.904+0200][12.701s] GC(289)   Merge Heap Roots: 0.2ms
[2025-06-28T00:22:23.904+0200][12.701s] GC(289)   Evacuate Collection Set: 1.6ms
[2025-06-28T00:22:23.904+0200][12.701s] GC(289)   Post Evacuate Collection Set: 0.5ms
[2025-06-28T00:22:23.904+0200][12.701s] GC(289)   Other: 0.1ms
[2025-06-28T00:22:23.904+0200][12.701s] GC(289) Eden regions: 2->0(0)
[2025-06-28T00:22:23.904+0200][12.701s] GC(289) Survivor regions: 0->1(1)
[2025-06-28T00:22:23.904+0200][12.701s] GC(289) Old regions: 18->18
[2025-06-28T00:22:23.904+0200][12.701s] GC(289) Humongous regions: 0->0
[2025-06-28T00:22:23.904+0200][12.701s] GC(289) Metaspace: 52688K(53184K)->52688K(53184K) NonClass: 45813K(46080K)->45813K(46080K) Class: 6874K(7104K)->6874K(7104K)
[2025-06-28T00:22:23.904+0200][12.701s] GC(289) Pause Young (Normal) (G1 Evacuation Pause) 19M->17M(22M) 3.095ms
[2025-06-28T00:22:23.904+0200][12.701s] GC(289) User=0.02s Sys=0.00s Real=0.00s
[2025-06-28T00:22:23.904+0200][12.701s] Attempting full compaction
[2025-06-28T00:22:23.904+0200][12.701s] GC(290) Pause Full (G1 Compaction Pause)
[2025-06-28T00:22:23.905+0200][12.701s] GC(290) Using 2 workers of 10 for full compaction
[2025-06-28T00:22:23.905+0200][12.701s] GC(290) Phase 1: Mark live objects
[2025-06-28T00:22:23.938+0200][12.734s] GC(290) Phase 1: Mark live objects 33.129ms
[2025-06-28T00:22:23.938+0200][12.734s] GC(290) Phase 2: Prepare compaction
[2025-06-28T00:22:23.939+0200][12.735s] GC(290) Phase 2: Prepare compaction 0.701ms
[2025-06-28T00:22:23.939+0200][12.735s] GC(290) Phase 3: Adjust pointers
[2025-06-28T00:22:23.952+0200][12.748s] GC(290) Phase 3: Adjust pointers 13.275ms
[2025-06-28T00:22:23.952+0200][12.749s] GC(290) Phase 4: Compact heap
[2025-06-28T00:22:23.953+0200][12.749s] GC(290) Phase 4: Compact heap 0.710ms
[2025-06-28T00:22:23.953+0200][12.749s] GC(290) Phase 5: Reset Metadata
[2025-06-28T00:22:23.957+0200][12.754s] GC(290) Phase 5: Reset Metadata 4.456ms
[2025-06-28T00:22:23.959+0200][12.756s] GC(290) Eden regions: 0->0(2)
[2025-06-28T00:22:23.960+0200][12.756s] GC(290) Survivor regions: 1->0(1)
[2025-06-28T00:22:23.960+0200][12.756s] GC(290) Old regions: 18->18
[2025-06-28T00:22:23.960+0200][12.756s] GC(290) Humongous regions: 0->0
[2025-06-28T00:22:23.960+0200][12.756s] GC(290) Metaspace: 52688K(53184K)->52688K(53184K) NonClass: 45813K(46080K)->45813K(46080K) Class: 6874K(7104K)->6874K(7104K)
[2025-06-28T00:22:23.960+0200][12.756s] GC(290) Pause Full (G1 Compaction Pause) 17M->17M(22M) 55.224ms
[2025-06-28T00:22:23.960+0200][12.756s] GC(290) User=0.12s Sys=0.02s Real=0.06s
[2025-06-28T00:22:24.266+0200][13.062s] GC(291) Pause Young (Concurrent Start) (G1 Evacuation Pause)
[2025-06-28T00:22:24.266+0200][13.062s] GC(291) Using 2 workers of 10 for evacuation
[2025-06-28T00:22:24.269+0200][13.065s] GC(291)   Pre Evacuate Collection Set: 0.2ms
[2025-06-28T00:22:24.269+0200][13.065s] GC(291)   Merge Heap Roots: 0.1ms
[2025-06-28T00:22:24.269+0200][13.065s] GC(291)   Evacuate Collection Set: 1.7ms
[2025-06-28T00:22:24.269+0200][13.065s] GC(291)   Post Evacuate Collection Set: 0.7ms
[2025-06-28T00:22:24.269+0200][13.066s] GC(291)   Other: 0.2ms
[2025-06-28T00:22:24.269+0200][13.066s] GC(291) Eden regions: 2->0(0)
[2025-06-28T00:22:24.269+0200][13.066s] GC(291) Survivor regions: 0->1(1)
[2025-06-28T00:22:24.269+0200][13.066s] GC(291) Old regions: 18->18
[2025-06-28T00:22:24.269+0200][13.066s] GC(291) Humongous regions: 0->0
[2025-06-28T00:22:24.269+0200][13.066s] GC(291) Metaspace: 52955K(53504K)->52955K(53504K) NonClass: 46029K(46336K)->46029K(46336K) Class: 6925K(7168K)->6925K(7168K)
[2025-06-28T00:22:24.269+0200][13.066s] GC(291) Pause Young (Concurrent Start) (G1 Evacuation Pause) 19M->17M(22M) 3.497ms
[2025-06-28T00:22:24.269+0200][13.066s] GC(291) User=0.00s Sys=0.00s Real=0.00s
[2025-06-28T00:22:24.269+0200][13.066s] Attempting full compaction
[2025-06-28T00:22:24.269+0200][13.066s] GC(292) Pause Full (G1 Compaction Pause)
[2025-06-28T00:22:24.270+0200][13.066s] GC(292) Using 2 workers of 10 for full compaction
[2025-06-28T00:22:24.270+0200][13.066s] GC(293) Concurrent Mark Cycle
[2025-06-28T00:22:24.270+0200][13.066s] GC(293) Concurrent Scan Root Regions
[2025-06-28T00:22:24.270+0200][13.066s] GC(293) Concurrent Scan Root Regions 0.075ms
[2025-06-28T00:22:24.270+0200][13.066s] GC(293) Concurrent Mark
[2025-06-28T00:22:24.270+0200][13.066s] GC(293) Concurrent Mark From Roots
[2025-06-28T00:22:24.270+0200][13.066s] GC(293) Using 3 workers of 3 for marking
[2025-06-28T00:22:24.270+0200][13.066s] GC(292) Phase 1: Mark live objects
[2025-06-28T00:22:24.303+0200][13.099s] GC(292) Phase 1: Mark live objects 32.491ms
[2025-06-28T00:22:24.303+0200][13.099s] GC(292) Phase 2: Prepare compaction
[2025-06-28T00:22:24.304+0200][13.100s] GC(292) Phase 2: Prepare compaction 0.625ms
[2025-06-28T00:22:24.304+0200][13.100s] GC(292) Phase 3: Adjust pointers
[2025-06-28T00:22:24.317+0200][13.113s] GC(292) Phase 3: Adjust pointers 13.232ms
[2025-06-28T00:22:24.317+0200][13.113s] GC(292) Phase 4: Compact heap
[2025-06-28T00:22:24.318+0200][13.114s] GC(292) Phase 4: Compact heap 0.732ms
[2025-06-28T00:22:24.318+0200][13.114s] GC(292) Phase 5: Reset Metadata
[2025-06-28T00:22:24.323+0200][13.119s] GC(292) Phase 5: Reset Metadata 5.047ms
[2025-06-28T00:22:24.325+0200][13.121s] GC(292) Eden regions: 0->0(2)
[2025-06-28T00:22:24.326+0200][13.122s] GC(292) Survivor regions: 1->0(1)
[2025-06-28T00:22:24.326+0200][13.122s] GC(292) Old regions: 18->18
[2025-06-28T00:22:24.326+0200][13.122s] GC(292) Humongous regions: 0->0
[2025-06-28T00:22:24.326+0200][13.122s] GC(292) Metaspace: 52955K(53504K)->52955K(53504K) NonClass: 46029K(46336K)->46029K(46336K) Class: 6925K(7168K)->6925K(7168K)
[2025-06-28T00:22:24.326+0200][13.122s] GC(292) Pause Full (G1 Compaction Pause) 17M->17M(22M) 55.849ms
[2025-06-28T00:22:24.326+0200][13.122s] GC(292) User=0.12s Sys=0.00s Real=0.06s
[2025-06-28T00:22:24.326+0200][13.122s] GC(293) Concurrent Mark From Roots 55.980ms
[2025-06-28T00:22:24.326+0200][13.122s] GC(293) Concurrent Mark Abort
[2025-06-28T00:22:24.326+0200][13.122s] GC(293) Concurrent Mark Cycle 56.290ms
[2025-06-28T00:22:24.440+0200][13.236s] GC(294) Pause Young (Normal) (G1 Evacuation Pause)
[2025-06-28T00:22:24.440+0200][13.236s] GC(294) Using 2 workers of 10 for evacuation
[2025-06-28T00:22:24.443+0200][13.239s] GC(294)   Pre Evacuate Collection Set: 0.1ms
[2025-06-28T00:22:24.443+0200][13.239s] GC(294)   Merge Heap Roots: 0.1ms
[2025-06-28T00:22:24.443+0200][13.239s] GC(294)   Evacuate Collection Set: 1.5ms
[2025-06-28T00:22:24.443+0200][13.239s] GC(294)   Post Evacuate Collection Set: 0.7ms
[2025-06-28T00:22:24.443+0200][13.239s] GC(294)   Other: 0.1ms
[2025-06-28T00:22:24.443+0200][13.239s] GC(294) Eden regions: 2->0(0)
[2025-06-28T00:22:24.443+0200][13.239s] GC(294) Survivor regions: 0->1(1)
[2025-06-28T00:22:24.443+0200][13.239s] GC(294) Old regions: 18->18
[2025-06-28T00:22:24.443+0200][13.239s] GC(294) Humongous regions: 0->0
[2025-06-28T00:22:24.443+0200][13.239s] GC(294) Metaspace: 53250K(53760K)->53250K(53760K) NonClass: 46242K(46528K)->46242K(46528K) Class: 7008K(7232K)->7008K(7232K)
[2025-06-28T00:22:24.443+0200][13.239s] GC(294) Pause Young (Normal) (G1 Evacuation Pause) 19M->17M(22M) 3.120ms
[2025-06-28T00:22:24.443+0200][13.239s] GC(294) User=0.00s Sys=0.00s Real=0.00s
[2025-06-28T00:22:24.443+0200][13.239s] Attempting full compaction
[2025-06-28T00:22:24.443+0200][13.239s] GC(295) Pause Full (G1 Compaction Pause)
[2025-06-28T00:22:24.443+0200][13.239s] GC(295) Using 2 workers of 10 for full compaction
[2025-06-28T00:22:24.443+0200][13.239s] GC(295) Phase 1: Mark live objects
[2025-06-28T00:22:24.474+0200][13.270s] GC(295) Phase 1: Mark live objects 30.752ms
[2025-06-28T00:22:24.474+0200][13.270s] GC(295) Phase 2: Prepare compaction
[2025-06-28T00:22:24.475+0200][13.271s] GC(295) Phase 2: Prepare compaction 0.996ms
[2025-06-28T00:22:24.475+0200][13.271s] GC(295) Phase 3: Adjust pointers
[2025-06-28T00:22:24.487+0200][13.283s] GC(295) Phase 3: Adjust pointers 12.153ms
[2025-06-28T00:22:24.487+0200][13.284s] GC(295) Phase 4: Compact heap
[2025-06-28T00:22:24.488+0200][13.285s] GC(295) Phase 4: Compact heap 1.523ms
[2025-06-28T00:22:24.488+0200][13.285s] GC(295) Phase 5: Reset Metadata
[2025-06-28T00:22:24.493+0200][13.290s] GC(295) Phase 5: Reset Metadata 4.933ms
[2025-06-28T00:22:24.496+0200][13.292s] GC(295) Eden regions: 0->0(2)
[2025-06-28T00:22:24.496+0200][13.292s] GC(295) Survivor regions: 1->0(1)
[2025-06-28T00:22:24.496+0200][13.292s] GC(295) Old regions: 18->18
[2025-06-28T00:22:24.496+0200][13.292s] GC(295) Humongous regions: 0->0
[2025-06-28T00:22:24.496+0200][13.292s] GC(295) Metaspace: 53250K(53760K)->53250K(53760K) NonClass: 46242K(46528K)->46242K(46528K) Class: 7008K(7232K)->7008K(7232K)
[2025-06-28T00:22:24.496+0200][13.293s] GC(295) Pause Full (G1 Compaction Pause) 17M->17M(22M) 53.470ms
[2025-06-28T00:22:24.496+0200][13.293s] GC(295) User=0.11s Sys=0.00s Real=0.05s
[2025-06-28T00:22:24.697+0200][13.494s] GC(296) Pause Young (Concurrent Start) (G1 Evacuation Pause)
[2025-06-28T00:22:24.697+0200][13.494s] GC(296) Using 2 workers of 10 for evacuation
[2025-06-28T00:22:24.700+0200][13.497s] GC(296)   Pre Evacuate Collection Set: 0.3ms
[2025-06-28T00:22:24.700+0200][13.497s] GC(296)   Merge Heap Roots: 0.1ms
[2025-06-28T00:22:24.700+0200][13.497s] GC(296)   Evacuate Collection Set: 1.6ms
[2025-06-28T00:22:24.700+0200][13.497s] GC(296)   Post Evacuate Collection Set: 0.7ms
[2025-06-28T00:22:24.700+0200][13.497s] GC(296)   Other: 0.2ms
[2025-06-28T00:22:24.700+0200][13.497s] GC(296) Eden regions: 2->0(0)
[2025-06-28T00:22:24.700+0200][13.497s] GC(296) Survivor regions: 0->1(1)
[2025-06-28T00:22:24.700+0200][13.497s] GC(296) Old regions: 18->18
[2025-06-28T00:22:24.701+0200][13.497s] GC(296) Humongous regions: 0->0
[2025-06-28T00:22:24.701+0200][13.497s] GC(296) Metaspace: 53515K(54016K)->53515K(54016K) NonClass: 46443K(46720K)->46443K(46720K) Class: 7071K(7296K)->7071K(7296K)
[2025-06-28T00:22:24.701+0200][13.497s] GC(296) Pause Young (Concurrent Start) (G1 Evacuation Pause) 19M->17M(22M) 3.382ms
[2025-06-28T00:22:24.701+0200][13.497s] GC(296) User=0.02s Sys=0.02s Real=0.00s
[2025-06-28T00:22:24.701+0200][13.497s] GC(297) Concurrent Mark Cycle
[2025-06-28T00:22:24.701+0200][13.497s] Attempting full compaction
[2025-06-28T00:22:24.701+0200][13.497s] GC(297) Concurrent Scan Root Regions
[2025-06-28T00:22:24.701+0200][13.498s] GC(298) Pause Full (G1 Compaction Pause)
[2025-06-28T00:22:24.701+0200][13.498s] GC(298) Using 2 workers of 10 for full compaction
[2025-06-28T00:22:24.702+0200][13.499s] GC(297) Concurrent Scan Root Regions 1.305ms
[2025-06-28T00:22:24.702+0200][13.499s] GC(297) Concurrent Mark
[2025-06-28T00:22:24.702+0200][13.499s] GC(297) Concurrent Mark From Roots
[2025-06-28T00:22:24.702+0200][13.499s] GC(297) Using 3 workers of 3 for marking
[2025-06-28T00:22:24.702+0200][13.499s] GC(298) Phase 1: Mark live objects
[2025-06-28T00:22:24.738+0200][13.535s] GC(298) Phase 1: Mark live objects 35.987ms
[2025-06-28T00:22:24.738+0200][13.535s] GC(298) Phase 2: Prepare compaction
[2025-06-28T00:22:24.739+0200][13.536s] GC(298) Phase 2: Prepare compaction 0.686ms
[2025-06-28T00:22:24.739+0200][13.536s] GC(298) Phase 3: Adjust pointers
[2025-06-28T00:22:24.751+0200][13.547s] GC(298) Phase 3: Adjust pointers 11.579ms
[2025-06-28T00:22:24.751+0200][13.548s] GC(298) Phase 4: Compact heap
[2025-06-28T00:22:24.752+0200][13.548s] GC(298) Phase 4: Compact heap 0.781ms
[2025-06-28T00:22:24.752+0200][13.548s] GC(298) Phase 5: Reset Metadata
[2025-06-28T00:22:24.758+0200][13.555s] GC(298) Phase 5: Reset Metadata 6.122ms
[2025-06-28T00:22:24.760+0200][13.557s] GC(298) Eden regions: 0->0(2)
[2025-06-28T00:22:24.760+0200][13.557s] GC(298) Survivor regions: 1->0(1)
[2025-06-28T00:22:24.760+0200][13.557s] GC(298) Old regions: 18->18
[2025-06-28T00:22:24.761+0200][13.557s] GC(298) Humongous regions: 0->0
[2025-06-28T00:22:24.761+0200][13.557s] GC(298) Metaspace: 53515K(54016K)->53504K(54016K) NonClass: 46443K(46720K)->46436K(46720K) Class: 7071K(7296K)->7068K(7296K)
[2025-06-28T00:22:24.761+0200][13.557s] GC(298) Pause Full (G1 Compaction Pause) 17M->17M(22M) 59.740ms
[2025-06-28T00:22:24.761+0200][13.557s] GC(298) User=0.09s Sys=0.02s Real=0.06s
[2025-06-28T00:22:24.761+0200][13.558s] GC(297) Concurrent Mark From Roots 59.176ms
[2025-06-28T00:22:24.761+0200][13.558s] GC(297) Concurrent Mark Abort
[2025-06-28T00:22:24.762+0200][13.558s] GC(297) Concurrent Mark Cycle 60.766ms
[2025-06-28T00:22:24.942+0200][13.738s] GC(299) Pause Young (Normal) (G1 Evacuation Pause)
[2025-06-28T00:22:24.942+0200][13.738s] GC(299) Using 2 workers of 10 for evacuation
[2025-06-28T00:22:24.944+0200][13.740s] GC(299)   Pre Evacuate Collection Set: 0.1ms
[2025-06-28T00:22:24.944+0200][13.740s] GC(299)   Merge Heap Roots: 0.1ms
[2025-06-28T00:22:24.945+0200][13.740s] GC(299)   Evacuate Collection Set: 1.1ms
[2025-06-28T00:22:24.945+0200][13.740s] GC(299)   Post Evacuate Collection Set: 0.6ms
[2025-06-28T00:22:24.945+0200][13.741s] GC(299)   Other: 0.1ms
[2025-06-28T00:22:24.945+0200][13.741s] GC(299) Eden regions: 2->0(0)
[2025-06-28T00:22:24.945+0200][13.741s] GC(299) Survivor regions: 0->1(1)
[2025-06-28T00:22:24.945+0200][13.741s] GC(299) Old regions: 18->18
[2025-06-28T00:22:24.945+0200][13.741s] GC(299) Humongous regions: 0->0
[2025-06-28T00:22:24.945+0200][13.741s] GC(299) Metaspace: 53751K(54272K)->53751K(54272K) NonClass: 46640K(46912K)->46640K(46912K) Class: 7111K(7360K)->7111K(7360K)
[2025-06-28T00:22:24.945+0200][13.741s] GC(299) Pause Young (Normal) (G1 Evacuation Pause) 19M->17M(22M) 2.357ms
[2025-06-28T00:22:24.945+0200][13.741s] GC(299) User=0.00s Sys=0.00s Real=0.00s
[2025-06-28T00:22:24.945+0200][13.741s] Attempting full compaction
[2025-06-28T00:22:24.945+0200][13.741s] GC(300) Pause Full (G1 Compaction Pause)
[2025-06-28T00:22:24.945+0200][13.741s] GC(300) Using 2 workers of 10 for full compaction
[2025-06-28T00:22:24.945+0200][13.741s] GC(300) Phase 1: Mark live objects
[2025-06-28T00:22:24.985+0200][13.781s] GC(300) Phase 1: Mark live objects 40.131ms
[2025-06-28T00:22:24.985+0200][13.781s] GC(300) Phase 2: Prepare compaction
[2025-06-28T00:22:24.986+0200][13.782s] GC(300) Phase 2: Prepare compaction 0.683ms
[2025-06-28T00:22:24.986+0200][13.782s] GC(300) Phase 3: Adjust pointers
[2025-06-28T00:22:24.999+0200][13.796s] GC(300) Phase 3: Adjust pointers 14.178ms
[2025-06-28T00:22:24.999+0200][13.796s] GC(300) Phase 4: Compact heap
[2025-06-28T00:22:25.001+0200][13.797s] GC(300) Phase 4: Compact heap 0.930ms
[2025-06-28T00:22:25.001+0200][13.797s] GC(300) Phase 5: Reset Metadata
[2025-06-28T00:22:25.006+0200][13.802s] GC(300) Phase 5: Reset Metadata 4.954ms
[2025-06-28T00:22:25.009+0200][13.805s] GC(300) Eden regions: 0->0(2)
[2025-06-28T00:22:25.009+0200][13.805s] GC(300) Survivor regions: 1->0(1)
[2025-06-28T00:22:25.009+0200][13.805s] GC(300) Old regions: 18->18
[2025-06-28T00:22:25.009+0200][13.805s] GC(300) Humongous regions: 0->0
[2025-06-28T00:22:25.009+0200][13.805s] GC(300) Metaspace: 53751K(54272K)->53746K(54272K) NonClass: 46640K(46912K)->46636K(46912K) Class: 7111K(7360K)->7109K(7360K)
[2025-06-28T00:22:25.009+0200][13.805s] GC(300) Pause Full (G1 Compaction Pause) 17M->17M(22M) 64.390ms
[2025-06-28T00:22:25.009+0200][13.805s] GC(300) User=0.17s Sys=0.00s Real=0.06s
[2025-06-28T00:22:25.134+0200][13.930s] GC(301) Pause Young (Concurrent Start) (G1 Evacuation Pause)
[2025-06-28T00:22:25.134+0200][13.930s] GC(301) Using 2 workers of 10 for evacuation
[2025-06-28T00:22:25.137+0200][13.933s] GC(301)   Pre Evacuate Collection Set: 0.2ms
[2025-06-28T00:22:25.137+0200][13.933s] GC(301)   Merge Heap Roots: 0.1ms
[2025-06-28T00:22:25.137+0200][13.933s] GC(301)   Evacuate Collection Set: 1.4ms
[2025-06-28T00:22:25.137+0200][13.933s] GC(301)   Post Evacuate Collection Set: 0.6ms
[2025-06-28T00:22:25.137+0200][13.933s] GC(301)   Other: 0.1ms
[2025-06-28T00:22:25.137+0200][13.933s] GC(301) Eden regions: 2->0(0)
[2025-06-28T00:22:25.137+0200][13.933s] GC(301) Survivor regions: 0->1(1)
[2025-06-28T00:22:25.137+0200][13.933s] GC(301) Old regions: 18->18
[2025-06-28T00:22:25.137+0200][13.933s] GC(301) Humongous regions: 0->0
[2025-06-28T00:22:25.137+0200][13.933s] GC(301) Metaspace: 54034K(54528K)->54034K(54528K) NonClass: 46872K(47168K)->46872K(47168K) Class: 7161K(7360K)->7161K(7360K)
[2025-06-28T00:22:25.137+0200][13.933s] GC(301) Pause Young (Concurrent Start) (G1 Evacuation Pause) 19M->17M(22M) 2.970ms
[2025-06-28T00:22:25.137+0200][13.933s] GC(301) User=0.05s Sys=0.00s Real=0.00s
[2025-06-28T00:22:25.137+0200][13.933s] GC(302) Concurrent Mark Cycle
[2025-06-28T00:22:25.137+0200][13.933s] Attempting full compaction
[2025-06-28T00:22:25.137+0200][13.933s] GC(302) Concurrent Scan Root Regions
[2025-06-28T00:22:25.137+0200][13.933s] GC(303) Pause Full (G1 Compaction Pause)
[2025-06-28T00:22:25.137+0200][13.934s] GC(303) Using 2 workers of 10 for full compaction
[2025-06-28T00:22:25.138+0200][13.935s] GC(302) Concurrent Scan Root Regions 1.215ms
[2025-06-28T00:22:25.138+0200][13.935s] GC(302) Concurrent Mark
[2025-06-28T00:22:25.138+0200][13.935s] GC(302) Concurrent Mark From Roots
[2025-06-28T00:22:25.138+0200][13.935s] GC(302) Using 3 workers of 3 for marking
[2025-06-28T00:22:25.139+0200][13.935s] GC(303) Phase 1: Mark live objects
[2025-06-28T00:22:25.173+0200][13.969s] GC(303) Phase 1: Mark live objects 34.348ms
[2025-06-28T00:22:25.173+0200][13.969s] GC(303) Phase 2: Prepare compaction
[2025-06-28T00:22:25.175+0200][13.971s] GC(303) Phase 2: Prepare compaction 1.296ms
[2025-06-28T00:22:25.175+0200][13.971s] GC(303) Phase 3: Adjust pointers
[2025-06-28T00:22:25.188+0200][13.984s] GC(303) Phase 3: Adjust pointers 13.468ms
[2025-06-28T00:22:25.188+0200][13.984s] GC(303) Phase 4: Compact heap
[2025-06-28T00:22:25.190+0200][13.986s] GC(303) Phase 4: Compact heap 2.032ms
[2025-06-28T00:22:25.190+0200][13.987s] GC(303) Phase 5: Reset Metadata
[2025-06-28T00:22:25.195+0200][13.992s] GC(303) Phase 5: Reset Metadata 4.899ms
[2025-06-28T00:22:25.198+0200][13.994s] GC(303) Eden regions: 0->0(2)
[2025-06-28T00:22:25.198+0200][13.994s] GC(303) Survivor regions: 1->0(1)
[2025-06-28T00:22:25.198+0200][13.994s] GC(303) Old regions: 18->18
[2025-06-28T00:22:25.198+0200][13.994s] GC(303) Humongous regions: 0->0
[2025-06-28T00:22:25.198+0200][13.994s] GC(303) Metaspace: 54034K(54528K)->54034K(54528K) NonClass: 46872K(47168K)->46872K(47168K) Class: 7161K(7360K)->7161K(7360K)
[2025-06-28T00:22:25.199+0200][13.995s] GC(303) Pause Full (G1 Compaction Pause) 17M->17M(22M) 61.063ms
[2025-06-28T00:22:25.199+0200][13.995s] GC(303) User=0.14s Sys=0.02s Real=0.06s
[2025-06-28T00:22:25.199+0200][13.995s] GC(302) Concurrent Mark From Roots 60.079ms
[2025-06-28T00:22:25.199+0200][13.995s] GC(302) Concurrent Mark Abort
[2025-06-28T00:22:25.199+0200][13.995s] GC(302) Concurrent Mark Cycle 61.635ms
[2025-06-28T00:22:25.857+0200][14.654s] GC(304) Pause Young (Normal) (G1 Evacuation Pause)
[2025-06-28T00:22:25.857+0200][14.654s] GC(304) Using 2 workers of 10 for evacuation
[2025-06-28T00:22:25.861+0200][14.657s] GC(304)   Pre Evacuate Collection Set: 0.3ms
[2025-06-28T00:22:25.861+0200][14.657s] GC(304)   Merge Heap Roots: 0.1ms
[2025-06-28T00:22:25.861+0200][14.657s] GC(304)   Evacuate Collection Set: 2.0ms
[2025-06-28T00:22:25.861+0200][14.657s] GC(304)   Post Evacuate Collection Set: 0.8ms
[2025-06-28T00:22:25.861+0200][14.657s] GC(304)   Other: 0.1ms
[2025-06-28T00:22:25.861+0200][14.657s] GC(304) Eden regions: 2->0(0)
[2025-06-28T00:22:25.861+0200][14.658s] GC(304) Survivor regions: 0->1(1)
[2025-06-28T00:22:25.861+0200][14.658s] GC(304) Old regions: 18->18
[2025-06-28T00:22:25.861+0200][14.658s] GC(304) Humongous regions: 0->0
[2025-06-28T00:22:25.861+0200][14.658s] GC(304) Metaspace: 54417K(54912K)->54417K(54912K) NonClass: 47198K(47488K)->47198K(47488K) Class: 7219K(7424K)->7219K(7424K)
[2025-06-28T00:22:25.861+0200][14.658s] GC(304) Pause Young (Normal) (G1 Evacuation Pause) 19M->17M(22M) 3.899ms
[2025-06-28T00:22:25.861+0200][14.658s] GC(304) User=0.00s Sys=0.00s Real=0.00s
[2025-06-28T00:22:25.861+0200][14.658s] Attempting full compaction
[2025-06-28T00:22:25.861+0200][14.658s] GC(305) Pause Full (G1 Compaction Pause)
[2025-06-28T00:22:25.861+0200][14.658s] GC(305) Using 2 workers of 10 for full compaction
[2025-06-28T00:22:25.862+0200][14.658s] GC(305) Phase 1: Mark live objects
[2025-06-28T00:22:25.894+0200][14.690s] GC(305) Phase 1: Mark live objects 32.059ms
[2025-06-28T00:22:25.894+0200][14.690s] GC(305) Phase 2: Prepare compaction
[2025-06-28T00:22:25.895+0200][14.692s] GC(305) Phase 2: Prepare compaction 1.649ms
[2025-06-28T00:22:25.895+0200][14.692s] GC(305) Phase 3: Adjust pointers
[2025-06-28T00:22:25.909+0200][14.706s] GC(305) Phase 3: Adjust pointers 13.714ms
[2025-06-28T00:22:25.909+0200][14.706s] GC(305) Phase 4: Compact heap
[2025-06-28T00:22:25.912+0200][14.708s] GC(305) Phase 4: Compact heap 2.186ms
[2025-06-28T00:22:25.912+0200][14.708s] GC(305) Phase 5: Reset Metadata
[2025-06-28T00:22:25.916+0200][14.713s] GC(305) Phase 5: Reset Metadata 4.563ms
[2025-06-28T00:22:25.919+0200][14.715s] GC(305) Eden regions: 0->0(1)
[2025-06-28T00:22:25.919+0200][14.715s] GC(305) Survivor regions: 1->0(1)
[2025-06-28T00:22:25.919+0200][14.715s] GC(305) Old regions: 18->19
[2025-06-28T00:22:25.919+0200][14.715s] GC(305) Humongous regions: 0->0
[2025-06-28T00:22:25.919+0200][14.715s] GC(305) Metaspace: 54417K(54912K)->54417K(54912K) NonClass: 47198K(47488K)->47198K(47488K) Class: 7219K(7424K)->7219K(7424K)
[2025-06-28T00:22:25.919+0200][14.715s] GC(305) Pause Full (G1 Compaction Pause) 17M->17M(22M) 57.406ms
[2025-06-28T00:22:25.919+0200][14.715s] GC(305) User=0.12s Sys=0.00s Real=0.06s
[2025-06-28T00:22:25.987+0200][14.784s] GC(306) Pause Young (Concurrent Start) (G1 Evacuation Pause)
[2025-06-28T00:22:25.987+0200][14.784s] GC(306) Using 2 workers of 10 for evacuation
[2025-06-28T00:22:25.991+0200][14.787s] GC(306)   Pre Evacuate Collection Set: 0.3ms
[2025-06-28T00:22:25.991+0200][14.787s] GC(306)   Merge Heap Roots: 0.1ms
[2025-06-28T00:22:25.991+0200][14.787s] GC(306)   Evacuate Collection Set: 1.9ms
[2025-06-28T00:22:25.991+0200][14.787s] GC(306)   Post Evacuate Collection Set: 0.6ms
[2025-06-28T00:22:25.991+0200][14.787s] GC(306)   Other: 0.2ms
[2025-06-28T00:22:25.991+0200][14.787s] GC(306) Eden regions: 1->0(0)
[2025-06-28T00:22:25.991+0200][14.787s] GC(306) Survivor regions: 0->1(1)
[2025-06-28T00:22:25.991+0200][14.787s] GC(306) Old regions: 19->19
[2025-06-28T00:22:25.991+0200][14.787s] GC(306) Humongous regions: 0->0
[2025-06-28T00:22:25.991+0200][14.787s] GC(306) Metaspace: 54511K(54976K)->54511K(54976K) NonClass: 47277K(47552K)->47277K(47552K) Class: 7234K(7424K)->7234K(7424K)
[2025-06-28T00:22:25.991+0200][14.787s] GC(306) Pause Young (Concurrent Start) (G1 Evacuation Pause) 18M->17M(22M) 3.640ms
[2025-06-28T00:22:25.991+0200][14.787s] GC(306) User=0.00s Sys=0.00s Real=0.00s
[2025-06-28T00:22:25.991+0200][14.787s] GC(307) Concurrent Mark Cycle
[2025-06-28T00:22:25.991+0200][14.787s] Attempting full compaction
[2025-06-28T00:22:25.991+0200][14.788s] GC(307) Concurrent Scan Root Regions
[2025-06-28T00:22:25.991+0200][14.788s] GC(308) Pause Full (G1 Compaction Pause)
[2025-06-28T00:22:25.991+0200][14.788s] GC(308) Using 2 workers of 10 for full compaction
[2025-06-28T00:22:25.992+0200][14.788s] GC(307) Concurrent Scan Root Regions 0.898ms
[2025-06-28T00:22:25.992+0200][14.789s] GC(307) Concurrent Mark
[2025-06-28T00:22:25.992+0200][14.789s] GC(307) Concurrent Mark From Roots
[2025-06-28T00:22:25.992+0200][14.789s] GC(307) Using 3 workers of 3 for marking
[2025-06-28T00:22:25.992+0200][14.789s] GC(308) Phase 1: Mark live objects
[2025-06-28T00:22:26.025+0200][14.821s] GC(308) Phase 1: Mark live objects 32.321ms
[2025-06-28T00:22:26.025+0200][14.821s] GC(308) Phase 2: Prepare compaction
[2025-06-28T00:22:26.026+0200][14.822s] GC(308) Phase 2: Prepare compaction 0.780ms
[2025-06-28T00:22:26.026+0200][14.822s] GC(308) Phase 3: Adjust pointers
[2025-06-28T00:22:26.038+0200][14.834s] GC(308) Phase 3: Adjust pointers 12.431ms
[2025-06-28T00:22:26.038+0200][14.835s] GC(308) Phase 4: Compact heap
[2025-06-28T00:22:26.039+0200][14.836s] GC(308) Phase 4: Compact heap 1.131ms
[2025-06-28T00:22:26.040+0200][14.836s] GC(308) Phase 5: Reset Metadata
[2025-06-28T00:22:26.044+0200][14.840s] GC(308) Phase 5: Reset Metadata 4.358ms
[2025-06-28T00:22:26.046+0200][14.842s] GC(308) Eden regions: 0->0(2)
[2025-06-28T00:22:26.046+0200][14.842s] GC(308) Survivor regions: 1->0(1)
[2025-06-28T00:22:26.046+0200][14.843s] GC(308) Old regions: 19->18
[2025-06-28T00:22:26.046+0200][14.843s] GC(308) Humongous regions: 0->0
[2025-06-28T00:22:26.046+0200][14.843s] GC(308) Metaspace: 54511K(54976K)->54511K(54976K) NonClass: 47277K(47552K)->47277K(47552K) Class: 7234K(7424K)->7234K(7424K)
[2025-06-28T00:22:26.046+0200][14.843s] GC(308) Pause Full (G1 Compaction Pause) 17M->17M(22M) 55.028ms
[2025-06-28T00:22:26.046+0200][14.843s] GC(308) User=0.11s Sys=0.02s Real=0.06s
[2025-06-28T00:22:26.051+0200][14.847s] GC(307) Concurrent Mark From Roots 58.326ms
[2025-06-28T00:22:26.051+0200][14.847s] GC(307) Concurrent Mark Abort
[2025-06-28T00:22:26.051+0200][14.847s] GC(307) Concurrent Mark Cycle 59.536ms
[2025-06-28T00:22:26.192+0200][14.988s] GC(309) Pause Young (Normal) (G1 Evacuation Pause)
[2025-06-28T00:22:26.192+0200][14.988s] GC(309) Using 2 workers of 10 for evacuation
[2025-06-28T00:22:26.194+0200][14.991s] GC(309)   Pre Evacuate Collection Set: 0.3ms
[2025-06-28T00:22:26.194+0200][14.991s] GC(309)   Merge Heap Roots: 0.2ms
[2025-06-28T00:22:26.195+0200][14.991s] GC(309)   Evacuate Collection Set: 1.4ms
[2025-06-28T00:22:26.195+0200][14.991s] GC(309)   Post Evacuate Collection Set: 0.8ms
[2025-06-28T00:22:26.195+0200][14.991s] GC(309)   Other: 0.1ms
[2025-06-28T00:22:26.195+0200][14.991s] GC(309) Eden regions: 2->0(0)
[2025-06-28T00:22:26.195+0200][14.991s] GC(309) Survivor regions: 0->1(1)
[2025-06-28T00:22:26.195+0200][14.991s] GC(309) Old regions: 18->18
[2025-06-28T00:22:26.195+0200][14.991s] GC(309) Humongous regions: 0->0
[2025-06-28T00:22:26.195+0200][14.991s] GC(309) Metaspace: 54757K(55232K)->54757K(55232K) NonClass: 47476K(47744K)->47476K(47744K) Class: 7281K(7488K)->7281K(7488K)
[2025-06-28T00:22:26.195+0200][14.991s] GC(309) Pause Young (Normal) (G1 Evacuation Pause) 19M->17M(22M) 3.173ms
[2025-06-28T00:22:26.195+0200][14.991s] GC(309) User=0.00s Sys=0.00s Real=0.00s
[2025-06-28T00:22:26.195+0200][14.992s] Attempting full compaction
[2025-06-28T00:22:26.195+0200][14.992s] GC(310) Pause Full (G1 Compaction Pause)
[2025-06-28T00:22:26.195+0200][14.992s] GC(310) Using 2 workers of 10 for full compaction
[2025-06-28T00:22:26.195+0200][14.992s] GC(310) Phase 1: Mark live objects
[2025-06-28T00:22:26.226+0200][15.022s] GC(310) Phase 1: Mark live objects 30.498ms
[2025-06-28T00:22:26.226+0200][15.022s] GC(310) Phase 2: Prepare compaction
[2025-06-28T00:22:26.226+0200][15.023s] GC(310) Phase 2: Prepare compaction 0.823ms
[2025-06-28T00:22:26.226+0200][15.023s] GC(310) Phase 3: Adjust pointers
[2025-06-28T00:22:26.240+0200][15.035s] GC(310) Phase 3: Adjust pointers 12.174ms
[2025-06-28T00:22:26.240+0200][15.036s] GC(310) Phase 4: Compact heap
[2025-06-28T00:22:26.240+0200][15.036s] GC(310) Phase 4: Compact heap 0.706ms
[2025-06-28T00:22:26.240+0200][15.036s] GC(310) Phase 5: Reset Metadata
[2025-06-28T00:22:26.245+0200][15.041s] GC(310) Phase 5: Reset Metadata 4.229ms
[2025-06-28T00:22:26.247+0200][15.043s] GC(310) Eden regions: 0->0(2)
[2025-06-28T00:22:26.247+0200][15.043s] GC(310) Survivor regions: 1->0(1)
[2025-06-28T00:22:26.247+0200][15.043s] GC(310) Old regions: 18->18
[2025-06-28T00:22:26.247+0200][15.043s] GC(310) Humongous regions: 0->0
[2025-06-28T00:22:26.247+0200][15.043s] GC(310) Metaspace: 54757K(55232K)->54757K(55232K) NonClass: 47476K(47744K)->47476K(47744K) Class: 7281K(7488K)->7281K(7488K)
[2025-06-28T00:22:26.247+0200][15.043s] GC(310) Pause Full (G1 Compaction Pause) 17M->17M(22M) 51.521ms
[2025-06-28T00:22:26.247+0200][15.043s] GC(310) User=0.09s Sys=0.00s Real=0.05s
[2025-06-28T00:22:26.362+0200][15.158s] GC(311) Pause Young (Concurrent Start) (G1 Evacuation Pause)
[2025-06-28T00:22:26.362+0200][15.158s] GC(311) Using 2 workers of 10 for evacuation
[2025-06-28T00:22:26.365+0200][15.161s] GC(311)   Pre Evacuate Collection Set: 0.2ms
[2025-06-28T00:22:26.365+0200][15.161s] GC(311)   Merge Heap Roots: 0.1ms
[2025-06-28T00:22:26.365+0200][15.161s] GC(311)   Evacuate Collection Set: 1.7ms
[2025-06-28T00:22:26.365+0200][15.161s] GC(311)   Post Evacuate Collection Set: 0.9ms
[2025-06-28T00:22:26.365+0200][15.161s] GC(311)   Other: 0.2ms
[2025-06-28T00:22:26.365+0200][15.161s] GC(311) Eden regions: 2->0(0)
[2025-06-28T00:22:26.365+0200][15.161s] GC(311) Survivor regions: 0->1(1)
[2025-06-28T00:22:26.365+0200][15.161s] GC(311) Old regions: 18->18
[2025-06-28T00:22:26.365+0200][15.161s] GC(311) Humongous regions: 0->0
[2025-06-28T00:22:26.365+0200][15.161s] GC(311) Metaspace: 55175K(55680K)->55175K(55680K) NonClass: 47837K(48128K)->47837K(48128K) Class: 7337K(7552K)->7337K(7552K)
[2025-06-28T00:22:26.365+0200][15.161s] GC(311) Pause Young (Concurrent Start) (G1 Evacuation Pause) 19M->17M(22M) 3.730ms
[2025-06-28T00:22:26.365+0200][15.161s] GC(311) User=0.00s Sys=0.00s Real=0.00s
[2025-06-28T00:22:26.365+0200][15.161s] Attempting full compaction
[2025-06-28T00:22:26.365+0200][15.162s] GC(312) Concurrent Mark Cycle
[2025-06-28T00:22:26.365+0200][15.162s] GC(313) Pause Full (G1 Compaction Pause)
[2025-06-28T00:22:26.365+0200][15.162s] GC(312) Concurrent Scan Root Regions
[2025-06-28T00:22:26.366+0200][15.162s] GC(313) Using 2 workers of 10 for full compaction
[2025-06-28T00:22:26.367+0200][15.163s] GC(312) Concurrent Scan Root Regions 1.103ms
[2025-06-28T00:22:26.367+0200][15.163s] GC(312) Concurrent Mark
[2025-06-28T00:22:26.367+0200][15.163s] GC(312) Concurrent Mark From Roots
[2025-06-28T00:22:26.367+0200][15.163s] GC(312) Using 3 workers of 3 for marking
[2025-06-28T00:22:26.367+0200][15.163s] GC(313) Phase 1: Mark live objects
[2025-06-28T00:22:26.400+0200][15.197s] GC(313) Phase 1: Mark live objects 33.814ms
[2025-06-28T00:22:26.400+0200][15.197s] GC(313) Phase 2: Prepare compaction
[2025-06-28T00:22:26.401+0200][15.198s] GC(313) Phase 2: Prepare compaction 0.817ms
[2025-06-28T00:22:26.401+0200][15.198s] GC(313) Phase 3: Adjust pointers
[2025-06-28T00:22:26.414+0200][15.210s] GC(313) Phase 3: Adjust pointers 12.743ms
[2025-06-28T00:22:26.414+0200][15.211s] GC(313) Phase 4: Compact heap
[2025-06-28T00:22:26.415+0200][15.211s] GC(313) Phase 4: Compact heap 0.680ms
[2025-06-28T00:22:26.415+0200][15.211s] GC(313) Phase 5: Reset Metadata
[2025-06-28T00:22:26.419+0200][15.216s] GC(313) Phase 5: Reset Metadata 4.241ms
[2025-06-28T00:22:26.422+0200][15.218s] GC(313) Eden regions: 0->0(2)
[2025-06-28T00:22:26.422+0200][15.218s] GC(313) Survivor regions: 1->0(1)
[2025-06-28T00:22:26.422+0200][15.218s] GC(313) Old regions: 18->18
[2025-06-28T00:22:26.422+0200][15.218s] GC(313) Humongous regions: 0->0
[2025-06-28T00:22:26.422+0200][15.218s] GC(313) Metaspace: 55175K(55680K)->55175K(55680K) NonClass: 47837K(48128K)->47837K(48128K) Class: 7337K(7552K)->7337K(7552K)
[2025-06-28T00:22:26.422+0200][15.218s] GC(313) Pause Full (G1 Compaction Pause) 17M->17M(22M) 56.809ms
[2025-06-28T00:22:26.422+0200][15.218s] GC(313) User=0.12s Sys=0.00s Real=0.06s
[2025-06-28T00:22:26.423+0200][15.219s] GC(312) Concurrent Mark From Roots 55.954ms
[2025-06-28T00:22:26.423+0200][15.219s] GC(312) Concurrent Mark Abort
[2025-06-28T00:22:26.423+0200][15.219s] GC(312) Concurrent Mark Cycle 57.392ms
[2025-06-28T00:22:26.555+0200][15.352s] GC(314) Pause Young (Normal) (G1 Evacuation Pause)
[2025-06-28T00:22:26.555+0200][15.352s] GC(314) Using 2 workers of 10 for evacuation
[2025-06-28T00:22:26.558+0200][15.354s] GC(314)   Pre Evacuate Collection Set: 0.2ms
[2025-06-28T00:22:26.558+0200][15.354s] GC(314)   Merge Heap Roots: 0.1ms
[2025-06-28T00:22:26.558+0200][15.354s] GC(314)   Evacuate Collection Set: 1.2ms
[2025-06-28T00:22:26.558+0200][15.354s] GC(314)   Post Evacuate Collection Set: 0.6ms
[2025-06-28T00:22:26.558+0200][15.354s] GC(314)   Other: 0.1ms
[2025-06-28T00:22:26.558+0200][15.354s] GC(314) Eden regions: 2->0(0)
[2025-06-28T00:22:26.558+0200][15.354s] GC(314) Survivor regions: 0->1(1)
[2025-06-28T00:22:26.558+0200][15.354s] GC(314) Old regions: 18->18
[2025-06-28T00:22:26.558+0200][15.355s] GC(314) Humongous regions: 0->0
[2025-06-28T00:22:26.558+0200][15.355s] GC(314) Metaspace: 55251K(55744K)->55251K(55744K) NonClass: 47902K(48192K)->47902K(48192K) Class: 7349K(7552K)->7349K(7552K)
[2025-06-28T00:22:26.558+0200][15.355s] GC(314) Pause Young (Normal) (G1 Evacuation Pause) 19M->17M(22M) 2.724ms
[2025-06-28T00:22:26.558+0200][15.355s] GC(314) User=0.03s Sys=0.00s Real=0.00s
[2025-06-28T00:22:26.558+0200][15.355s] Attempting full compaction
[2025-06-28T00:22:26.558+0200][15.355s] GC(315) Pause Full (G1 Compaction Pause)
[2025-06-28T00:22:26.558+0200][15.355s] GC(315) Using 2 workers of 10 for full compaction
[2025-06-28T00:22:26.558+0200][15.355s] GC(315) Phase 1: Mark live objects
[2025-06-28T00:22:26.592+0200][15.388s] GC(315) Phase 1: Mark live objects 33.511ms
[2025-06-28T00:22:26.592+0200][15.389s] GC(315) Phase 2: Prepare compaction
[2025-06-28T00:22:26.593+0200][15.389s] GC(315) Phase 2: Prepare compaction 0.921ms
[2025-06-28T00:22:26.593+0200][15.390s] GC(315) Phase 3: Adjust pointers
[2025-06-28T00:22:26.607+0200][15.404s] GC(315) Phase 3: Adjust pointers 14.096ms
[2025-06-28T00:22:26.607+0200][15.404s] GC(315) Phase 4: Compact heap
[2025-06-28T00:22:26.608+0200][15.405s] GC(315) Phase 4: Compact heap 0.771ms
[2025-06-28T00:22:26.608+0200][15.405s] GC(315) Phase 5: Reset Metadata
[2025-06-28T00:22:26.614+0200][15.410s] GC(315) Phase 5: Reset Metadata 5.331ms
[2025-06-28T00:22:26.617+0200][15.414s] GC(315) Eden regions: 0->0(2)
[2025-06-28T00:22:26.617+0200][15.414s] GC(315) Survivor regions: 1->0(1)
[2025-06-28T00:22:26.618+0200][15.414s] GC(315) Old regions: 18->18
[2025-06-28T00:22:26.618+0200][15.414s] GC(315) Humongous regions: 0->0
[2025-06-28T00:22:26.618+0200][15.414s] GC(315) Metaspace: 55251K(55744K)->55251K(55744K) NonClass: 47902K(48192K)->47902K(48192K) Class: 7349K(7552K)->7349K(7552K)
[2025-06-28T00:22:26.618+0200][15.414s] GC(315) Pause Full (G1 Compaction Pause) 17M->17M(22M) 59.291ms
[2025-06-28T00:22:26.618+0200][15.414s] GC(315) User=0.09s Sys=0.00s Real=0.06s
[2025-06-28T00:22:26.767+0200][15.563s] GC(316) Pause Young (Concurrent Start) (G1 Evacuation Pause)
[2025-06-28T00:22:26.767+0200][15.563s] GC(316) Using 2 workers of 10 for evacuation
[2025-06-28T00:22:26.770+0200][15.567s] GC(316)   Pre Evacuate Collection Set: 0.3ms
[2025-06-28T00:22:26.770+0200][15.567s] GC(316)   Merge Heap Roots: 0.1ms
[2025-06-28T00:22:26.770+0200][15.567s] GC(316)   Evacuate Collection Set: 2.0ms
[2025-06-28T00:22:26.770+0200][15.567s] GC(316)   Post Evacuate Collection Set: 0.7ms
[2025-06-28T00:22:26.770+0200][15.567s] GC(316)   Other: 0.2ms
[2025-06-28T00:22:26.770+0200][15.567s] GC(316) Eden regions: 2->0(0)
[2025-06-28T00:22:26.770+0200][15.567s] GC(316) Survivor regions: 0->1(1)
[2025-06-28T00:22:26.770+0200][15.567s] GC(316) Old regions: 18->18
[2025-06-28T00:22:26.771+0200][15.567s] GC(316) Humongous regions: 0->0
[2025-06-28T00:22:26.771+0200][15.567s] GC(316) Metaspace: 55308K(55808K)->55308K(55808K) NonClass: 47954K(48256K)->47954K(48256K) Class: 7353K(7552K)->7353K(7552K)
[2025-06-28T00:22:26.771+0200][15.567s] GC(316) Pause Young (Concurrent Start) (G1 Evacuation Pause) 19M->17M(22M) 3.827ms
[2025-06-28T00:22:26.771+0200][15.567s] GC(316) User=0.00s Sys=0.00s Real=0.00s
[2025-06-28T00:22:26.771+0200][15.567s] Attempting full compaction
[2025-06-28T00:22:26.771+0200][15.567s] GC(317) Concurrent Mark Cycle
[2025-06-28T00:22:26.771+0200][15.567s] GC(318) Pause Full (G1 Compaction Pause)
[2025-06-28T00:22:26.771+0200][15.567s] GC(317) Concurrent Scan Root Regions
[2025-06-28T00:22:26.771+0200][15.567s] GC(318) Using 2 workers of 10 for full compaction
[2025-06-28T00:22:26.772+0200][15.568s] GC(317) Concurrent Scan Root Regions 0.949ms
[2025-06-28T00:22:26.772+0200][15.568s] GC(317) Concurrent Mark
[2025-06-28T00:22:26.772+0200][15.568s] GC(317) Concurrent Mark From Roots
[2025-06-28T00:22:26.772+0200][15.568s] GC(317) Using 3 workers of 3 for marking
[2025-06-28T00:22:26.772+0200][15.568s] GC(318) Phase 1: Mark live objects
[2025-06-28T00:22:26.810+0200][15.606s] GC(318) Phase 1: Mark live objects 37.637ms
[2025-06-28T00:22:26.810+0200][15.606s] GC(318) Phase 2: Prepare compaction
[2025-06-28T00:22:26.811+0200][15.607s] GC(318) Phase 2: Prepare compaction 1.273ms
[2025-06-28T00:22:26.811+0200][15.608s] GC(318) Phase 3: Adjust pointers
[2025-06-28T00:22:26.825+0200][15.621s] GC(318) Phase 3: Adjust pointers 13.898ms
[2025-06-28T00:22:26.825+0200][15.622s] GC(318) Phase 4: Compact heap
[2025-06-28T00:22:26.827+0200][15.623s] GC(318) Phase 4: Compact heap 1.669ms
[2025-06-28T00:22:26.827+0200][15.623s] GC(318) Phase 5: Reset Metadata
[2025-06-28T00:22:26.832+0200][15.628s] GC(318) Phase 5: Reset Metadata 4.582ms
[2025-06-28T00:22:26.835+0200][15.631s] GC(318) Eden regions: 0->0(2)
[2025-06-28T00:22:26.835+0200][15.631s] GC(318) Survivor regions: 1->0(1)
[2025-06-28T00:22:26.835+0200][15.631s] GC(318) Old regions: 18->18
[2025-06-28T00:22:26.835+0200][15.631s] GC(318) Humongous regions: 0->0
[2025-06-28T00:22:26.835+0200][15.631s] GC(318) Metaspace: 55308K(55808K)->55308K(55808K) NonClass: 47954K(48256K)->47954K(48256K) Class: 7353K(7552K)->7353K(7552K)
[2025-06-28T00:22:26.835+0200][15.631s] GC(318) Pause Full (G1 Compaction Pause) 17M->17M(22M) 64.071ms
[2025-06-28T00:22:26.835+0200][15.631s] GC(318) User=0.17s Sys=0.00s Real=0.06s
[2025-06-28T00:22:26.836+0200][15.632s] GC(317) Concurrent Mark From Roots 64.023ms
[2025-06-28T00:22:26.836+0200][15.632s] GC(317) Concurrent Mark Abort
[2025-06-28T00:22:26.836+0200][15.632s] GC(317) Concurrent Mark Cycle 65.343ms
[2025-06-28T00:22:27.076+0200][15.872s] GC(319) Pause Young (Normal) (G1 Evacuation Pause)
[2025-06-28T00:22:27.076+0200][15.872s] GC(319) Using 2 workers of 10 for evacuation
[2025-06-28T00:22:27.079+0200][15.875s] GC(319)   Pre Evacuate Collection Set: 0.2ms
[2025-06-28T00:22:27.079+0200][15.875s] GC(319)   Merge Heap Roots: 0.1ms
[2025-06-28T00:22:27.079+0200][15.875s] GC(319)   Evacuate Collection Set: 1.4ms
[2025-06-28T00:22:27.079+0200][15.875s] GC(319)   Post Evacuate Collection Set: 0.9ms
[2025-06-28T00:22:27.079+0200][15.875s] GC(319)   Other: 0.1ms
[2025-06-28T00:22:27.079+0200][15.875s] GC(319) Eden regions: 2->0(0)
[2025-06-28T00:22:27.079+0200][15.875s] GC(319) Survivor regions: 0->1(1)
[2025-06-28T00:22:27.079+0200][15.875s] GC(319) Old regions: 18->18
[2025-06-28T00:22:27.079+0200][15.875s] GC(319) Humongous regions: 0->0
[2025-06-28T00:22:27.079+0200][15.875s] GC(319) Metaspace: 55787K(56256K)->55787K(56256K) NonClass: 48372K(48640K)->48372K(48640K) Class: 7415K(7616K)->7415K(7616K)
[2025-06-28T00:22:27.079+0200][15.875s] GC(319) Pause Young (Normal) (G1 Evacuation Pause) 19M->17M(22M) 3.260ms
[2025-06-28T00:22:27.079+0200][15.875s] GC(319) User=0.00s Sys=0.00s Real=0.00s
[2025-06-28T00:22:27.079+0200][15.875s] Attempting full compaction
[2025-06-28T00:22:27.079+0200][15.875s] GC(320) Pause Full (G1 Compaction Pause)
[2025-06-28T00:22:27.079+0200][15.875s] GC(320) Using 2 workers of 10 for full compaction
[2025-06-28T00:22:27.080+0200][15.876s] GC(320) Phase 1: Mark live objects
[2025-06-28T00:22:27.112+0200][15.908s] GC(320) Phase 1: Mark live objects 32.342ms
[2025-06-28T00:22:27.112+0200][15.908s] GC(320) Phase 2: Prepare compaction
[2025-06-28T00:22:27.113+0200][15.910s] GC(320) Phase 2: Prepare compaction 1.430ms
[2025-06-28T00:22:27.114+0200][15.910s] GC(320) Phase 3: Adjust pointers
[2025-06-28T00:22:27.132+0200][15.928s] GC(320) Phase 3: Adjust pointers 18.601ms
[2025-06-28T00:22:27.132+0200][15.928s] GC(320) Phase 4: Compact heap
[2025-06-28T00:22:27.134+0200][15.930s] GC(320) Phase 4: Compact heap 1.848ms
[2025-06-28T00:22:27.134+0200][15.930s] GC(320) Phase 5: Reset Metadata
[2025-06-28T00:22:27.138+0200][15.934s] GC(320) Phase 5: Reset Metadata 3.713ms
[2025-06-28T00:22:27.141+0200][15.937s] GC(320) Eden regions: 0->0(2)
[2025-06-28T00:22:27.141+0200][15.937s] GC(320) Survivor regions: 1->0(1)
[2025-06-28T00:22:27.141+0200][15.937s] GC(320) Old regions: 18->18
[2025-06-28T00:22:27.141+0200][15.937s] GC(320) Humongous regions: 0->0
[2025-06-28T00:22:27.141+0200][15.937s] GC(320) Metaspace: 55787K(56256K)->55787K(56256K) NonClass: 48372K(48640K)->48372K(48640K) Class: 7415K(7616K)->7415K(7616K)
[2025-06-28T00:22:27.141+0200][15.937s] GC(320) Pause Full (G1 Compaction Pause) 17M->17M(22M) 61.466ms
[2025-06-28T00:22:27.141+0200][15.937s] GC(320) User=0.14s Sys=0.00s Real=0.06s
[2025-06-28T00:22:27.330+0200][16.127s] GC(321) Pause Young (Concurrent Start) (G1 Evacuation Pause)
[2025-06-28T00:22:27.330+0200][16.127s] GC(321) Using 2 workers of 10 for evacuation
[2025-06-28T00:22:27.335+0200][16.131s] GC(321)   Pre Evacuate Collection Set: 0.2ms
[2025-06-28T00:22:27.335+0200][16.131s] GC(321)   Merge Heap Roots: 0.2ms
[2025-06-28T00:22:27.335+0200][16.131s] GC(321)   Evacuate Collection Set: 2.2ms
[2025-06-28T00:22:27.335+0200][16.131s] GC(321)   Post Evacuate Collection Set: 0.9ms
[2025-06-28T00:22:27.335+0200][16.131s] GC(321)   Other: 0.2ms
[2025-06-28T00:22:27.335+0200][16.131s] GC(321) Eden regions: 2->0(0)
[2025-06-28T00:22:27.335+0200][16.131s] GC(321) Survivor regions: 0->1(1)
[2025-06-28T00:22:27.335+0200][16.131s] GC(321) Old regions: 18->18
[2025-06-28T00:22:27.336+0200][16.131s] GC(321) Humongous regions: 0->0
[2025-06-28T00:22:27.336+0200][16.131s] GC(321) Metaspace: 56106K(56576K)->56106K(56576K) NonClass: 48626K(48896K)->48626K(48896K) Class: 7479K(7680K)->7479K(7680K)
[2025-06-28T00:22:27.336+0200][16.132s] GC(321) Pause Young (Concurrent Start) (G1 Evacuation Pause) 19M->17M(22M) 4.276ms
[2025-06-28T00:22:27.336+0200][16.132s] GC(321) User=0.00s Sys=0.00s Real=0.01s
[2025-06-28T00:22:27.336+0200][16.132s] Attempting full compaction
[2025-06-28T00:22:27.336+0200][16.132s] GC(322) Concurrent Mark Cycle
[2025-06-28T00:22:27.336+0200][16.132s] GC(323) Pause Full (G1 Compaction Pause)
[2025-06-28T00:22:27.336+0200][16.132s] GC(322) Concurrent Scan Root Regions
[2025-06-28T00:22:27.336+0200][16.132s] GC(323) Using 2 workers of 10 for full compaction
[2025-06-28T00:22:27.337+0200][16.133s] GC(322) Concurrent Scan Root Regions 1.154ms
[2025-06-28T00:22:27.337+0200][16.133s] GC(322) Concurrent Mark
[2025-06-28T00:22:27.337+0200][16.133s] GC(322) Concurrent Mark From Roots
[2025-06-28T00:22:27.337+0200][16.133s] GC(322) Using 3 workers of 3 for marking
[2025-06-28T00:22:27.337+0200][16.133s] GC(323) Phase 1: Mark live objects
[2025-06-28T00:22:27.370+0200][16.166s] GC(323) Phase 1: Mark live objects 33.095ms
[2025-06-28T00:22:27.370+0200][16.166s] GC(323) Phase 2: Prepare compaction
[2025-06-28T00:22:27.371+0200][16.167s] GC(323) Phase 2: Prepare compaction 0.776ms
[2025-06-28T00:22:27.371+0200][16.167s] GC(323) Phase 3: Adjust pointers
[2025-06-28T00:22:27.384+0200][16.180s] GC(323) Phase 3: Adjust pointers 12.722ms
[2025-06-28T00:22:27.384+0200][16.180s] GC(323) Phase 4: Compact heap
[2025-06-28T00:22:27.385+0200][16.181s] GC(323) Phase 4: Compact heap 0.714ms
[2025-06-28T00:22:27.385+0200][16.181s] GC(323) Phase 5: Reset Metadata
[2025-06-28T00:22:27.389+0200][16.185s] GC(323) Phase 5: Reset Metadata 4.343ms
[2025-06-28T00:22:27.392+0200][16.188s] GC(323) Eden regions: 0->0(2)
[2025-06-28T00:22:27.392+0200][16.188s] GC(323) Survivor regions: 1->0(1)
[2025-06-28T00:22:27.392+0200][16.188s] GC(323) Old regions: 18->18
[2025-06-28T00:22:27.392+0200][16.188s] GC(323) Humongous regions: 0->0
[2025-06-28T00:22:27.392+0200][16.188s] GC(323) Metaspace: 56106K(56576K)->56106K(56576K) NonClass: 48626K(48896K)->48626K(48896K) Class: 7479K(7680K)->7479K(7680K)
[2025-06-28T00:22:27.392+0200][16.188s] GC(323) Pause Full (G1 Compaction Pause) 17M->17M(22M) 56.587ms
[2025-06-28T00:22:27.392+0200][16.188s] GC(323) User=0.11s Sys=0.00s Real=0.06s
[2025-06-28T00:22:27.393+0200][16.189s] GC(322) Concurrent Mark From Roots 55.706ms
[2025-06-28T00:22:27.393+0200][16.189s] GC(322) Concurrent Mark Abort
[2025-06-28T00:22:27.393+0200][16.189s] GC(322) Concurrent Mark Cycle 57.209ms
[2025-06-28T00:22:27.517+0200][16.314s] GC(324) Pause Young (Normal) (G1 Evacuation Pause)
[2025-06-28T00:22:27.518+0200][16.314s] GC(324) Using 2 workers of 10 for evacuation
[2025-06-28T00:22:27.520+0200][16.316s] GC(324)   Pre Evacuate Collection Set: 0.2ms
[2025-06-28T00:22:27.520+0200][16.316s] GC(324)   Merge Heap Roots: 0.1ms
[2025-06-28T00:22:27.520+0200][16.316s] GC(324)   Evacuate Collection Set: 1.1ms
[2025-06-28T00:22:27.520+0200][16.316s] GC(324)   Post Evacuate Collection Set: 0.5ms
[2025-06-28T00:22:27.520+0200][16.316s] GC(324)   Other: 0.1ms
[2025-06-28T00:22:27.520+0200][16.316s] GC(324) Eden regions: 2->0(0)
[2025-06-28T00:22:27.520+0200][16.316s] GC(324) Survivor regions: 0->1(1)
[2025-06-28T00:22:27.520+0200][16.316s] GC(324) Old regions: 18->18
[2025-06-28T00:22:27.520+0200][16.316s] GC(324) Humongous regions: 0->0
[2025-06-28T00:22:27.520+0200][16.316s] GC(324) Metaspace: 56563K(57088K)->56563K(57088K) NonClass: 49023K(49344K)->49023K(49344K) Class: 7539K(7744K)->7539K(7744K)
[2025-06-28T00:22:27.520+0200][16.317s] GC(324) Pause Young (Normal) (G1 Evacuation Pause) 19M->17M(22M) 2.588ms
[2025-06-28T00:22:27.520+0200][16.317s] GC(324) User=0.00s Sys=0.00s Real=0.00s
[2025-06-28T00:22:27.520+0200][16.317s] Attempting full compaction
[2025-06-28T00:22:27.520+0200][16.317s] GC(325) Pause Full (G1 Compaction Pause)
[2025-06-28T00:22:27.520+0200][16.317s] GC(325) Using 2 workers of 10 for full compaction
[2025-06-28T00:22:27.520+0200][16.317s] GC(325) Phase 1: Mark live objects
[2025-06-28T00:22:27.552+0200][16.349s] GC(325) Phase 1: Mark live objects 31.924ms
[2025-06-28T00:22:27.552+0200][16.349s] GC(325) Phase 2: Prepare compaction
[2025-06-28T00:22:27.553+0200][16.350s] GC(325) Phase 2: Prepare compaction 0.735ms
[2025-06-28T00:22:27.553+0200][16.350s] GC(325) Phase 3: Adjust pointers
[2025-06-28T00:22:27.566+0200][16.363s] GC(325) Phase 3: Adjust pointers 12.787ms
[2025-06-28T00:22:27.566+0200][16.363s] GC(325) Phase 4: Compact heap
[2025-06-28T00:22:27.567+0200][16.363s] GC(325) Phase 4: Compact heap 0.590ms
[2025-06-28T00:22:27.567+0200][16.363s] GC(325) Phase 5: Reset Metadata
[2025-06-28T00:22:27.571+0200][16.368s] GC(325) Phase 5: Reset Metadata 4.456ms
[2025-06-28T00:22:27.574+0200][16.371s] GC(325) Eden regions: 0->0(2)
[2025-06-28T00:22:27.574+0200][16.371s] GC(325) Survivor regions: 1->0(1)
[2025-06-28T00:22:27.574+0200][16.371s] GC(325) Old regions: 18->18
[2025-06-28T00:22:27.574+0200][16.371s] GC(325) Humongous regions: 0->0
[2025-06-28T00:22:27.574+0200][16.371s] GC(325) Metaspace: 56563K(57088K)->56563K(57088K) NonClass: 49023K(49344K)->49023K(49344K) Class: 7539K(7744K)->7539K(7744K)
[2025-06-28T00:22:27.574+0200][16.371s] GC(325) Pause Full (G1 Compaction Pause) 17M->17M(22M) 54.067ms
[2025-06-28T00:22:27.574+0200][16.371s] GC(325) User=0.11s Sys=0.02s Real=0.05s
[2025-06-28T00:22:27.712+0200][16.509s] GC(326) Pause Young (Concurrent Start) (G1 Evacuation Pause)
[2025-06-28T00:22:27.712+0200][16.509s] GC(326) Using 2 workers of 10 for evacuation
[2025-06-28T00:22:27.715+0200][16.512s] GC(326)   Pre Evacuate Collection Set: 0.2ms
[2025-06-28T00:22:27.716+0200][16.512s] GC(326)   Merge Heap Roots: 0.1ms
[2025-06-28T00:22:27.716+0200][16.512s] GC(326)   Evacuate Collection Set: 2.4ms
[2025-06-28T00:22:27.716+0200][16.512s] GC(326)   Post Evacuate Collection Set: 0.7ms
[2025-06-28T00:22:27.716+0200][16.512s] GC(326)   Other: 0.2ms
[2025-06-28T00:22:27.716+0200][16.513s] GC(326) Eden regions: 2->0(0)
[2025-06-28T00:22:27.716+0200][16.513s] GC(326) Survivor regions: 0->1(1)
[2025-06-28T00:22:27.716+0200][16.513s] GC(326) Old regions: 18->18
[2025-06-28T00:22:27.716+0200][16.513s] GC(326) Humongous regions: 0->0
[2025-06-28T00:22:27.716+0200][16.513s] GC(326) Metaspace: 56919K(57408K)->56919K(57408K) NonClass: 49322K(49600K)->49322K(49600K) Class: 7596K(7808K)->7596K(7808K)
[2025-06-28T00:22:27.716+0200][16.513s] GC(326) Pause Young (Concurrent Start) (G1 Evacuation Pause) 19M->17M(22M) 4.051ms
[2025-06-28T00:22:27.716+0200][16.513s] GC(326) User=0.03s Sys=0.00s Real=0.00s
[2025-06-28T00:22:27.716+0200][16.513s] GC(327) Concurrent Mark Cycle
[2025-06-28T00:22:27.716+0200][16.513s] Attempting full compaction
[2025-06-28T00:22:27.716+0200][16.513s] GC(327) Concurrent Scan Root Regions
[2025-06-28T00:22:27.716+0200][16.513s] GC(328) Pause Full (G1 Compaction Pause)
[2025-06-28T00:22:27.716+0200][16.513s] GC(328) Using 2 workers of 10 for full compaction
[2025-06-28T00:22:27.718+0200][16.514s] GC(327) Concurrent Scan Root Regions 1.234ms
[2025-06-28T00:22:27.718+0200][16.514s] GC(327) Concurrent Mark
[2025-06-28T00:22:27.718+0200][16.514s] GC(327) Concurrent Mark From Roots
[2025-06-28T00:22:27.718+0200][16.514s] GC(327) Using 3 workers of 3 for marking
[2025-06-28T00:22:27.718+0200][16.514s] GC(328) Phase 1: Mark live objects
[2025-06-28T00:22:27.749+0200][16.546s] GC(328) Phase 1: Mark live objects 31.586ms
[2025-06-28T00:22:27.750+0200][16.546s] GC(328) Phase 2: Prepare compaction
[2025-06-28T00:22:27.750+0200][16.547s] GC(328) Phase 2: Prepare compaction 0.840ms
[2025-06-28T00:22:27.750+0200][16.547s] GC(328) Phase 3: Adjust pointers
[2025-06-28T00:22:27.764+0200][16.560s] GC(328) Phase 3: Adjust pointers 13.088ms
[2025-06-28T00:22:27.764+0200][16.560s] GC(328) Phase 4: Compact heap
[2025-06-28T00:22:27.765+0200][16.561s] GC(328) Phase 4: Compact heap 0.892ms
[2025-06-28T00:22:27.765+0200][16.561s] GC(328) Phase 5: Reset Metadata
[2025-06-28T00:22:27.769+0200][16.565s] GC(328) Phase 5: Reset Metadata 4.038ms
[2025-06-28T00:22:27.772+0200][16.568s] GC(328) Eden regions: 0->0(2)
[2025-06-28T00:22:27.772+0200][16.568s] GC(328) Survivor regions: 1->0(1)
[2025-06-28T00:22:27.772+0200][16.568s] GC(328) Old regions: 18->18
[2025-06-28T00:22:27.772+0200][16.568s] GC(328) Humongous regions: 0->0
[2025-06-28T00:22:27.772+0200][16.568s] GC(328) Metaspace: 56919K(57408K)->56919K(57408K) NonClass: 49322K(49600K)->49322K(49600K) Class: 7596K(7808K)->7596K(7808K)
[2025-06-28T00:22:27.772+0200][16.568s] GC(328) Pause Full (G1 Compaction Pause) 17M->17M(22M) 55.084ms
[2025-06-28T00:22:27.772+0200][16.568s] GC(328) User=0.09s Sys=0.00s Real=0.06s
[2025-06-28T00:22:27.773+0200][16.569s] GC(327) Concurrent Mark From Roots 54.270ms
[2025-06-28T00:22:27.773+0200][16.569s] GC(327) Concurrent Mark Abort
[2025-06-28T00:22:27.773+0200][16.569s] GC(327) Concurrent Mark Cycle 55.845ms
[2025-06-28T00:22:27.998+0200][16.794s] GC(329) Pause Young (Normal) (G1 Evacuation Pause)
[2025-06-28T00:22:27.998+0200][16.795s] GC(329) Using 2 workers of 10 for evacuation
[2025-06-28T00:22:28.001+0200][16.797s] GC(329)   Pre Evacuate Collection Set: 0.2ms
[2025-06-28T00:22:28.001+0200][16.798s] GC(329)   Merge Heap Roots: 0.1ms
[2025-06-28T00:22:28.001+0200][16.798s] GC(329)   Evacuate Collection Set: 1.6ms
[2025-06-28T00:22:28.001+0200][16.798s] GC(329)   Post Evacuate Collection Set: 0.8ms
[2025-06-28T00:22:28.001+0200][16.798s] GC(329)   Other: 0.1ms
[2025-06-28T00:22:28.001+0200][16.798s] GC(329) Eden regions: 2->0(0)
[2025-06-28T00:22:28.001+0200][16.798s] GC(329) Survivor regions: 0->1(1)
[2025-06-28T00:22:28.001+0200][16.798s] GC(329) Old regions: 18->18
[2025-06-28T00:22:28.001+0200][16.798s] GC(329) Humongous regions: 0->0
[2025-06-28T00:22:28.001+0200][16.798s] GC(329) Metaspace: 57270K(57792K)->57270K(57792K) NonClass: 49620K(49920K)->49620K(49920K) Class: 7649K(7872K)->7649K(7872K)
[2025-06-28T00:22:28.001+0200][16.798s] GC(329) Pause Young (Normal) (G1 Evacuation Pause) 19M->17M(22M) 3.455ms
[2025-06-28T00:22:28.001+0200][16.798s] GC(329) User=0.00s Sys=0.00s Real=0.00s
[2025-06-28T00:22:28.001+0200][16.798s] Attempting full compaction
[2025-06-28T00:22:28.001+0200][16.798s] GC(330) Pause Full (G1 Compaction Pause)
[2025-06-28T00:22:28.001+0200][16.798s] GC(330) Using 2 workers of 10 for full compaction
[2025-06-28T00:22:28.002+0200][16.798s] GC(330) Phase 1: Mark live objects
[2025-06-28T00:22:28.037+0200][16.833s] GC(330) Phase 1: Mark live objects 34.627ms
[2025-06-28T00:22:28.037+0200][16.833s] GC(330) Phase 2: Prepare compaction
[2025-06-28T00:22:28.037+0200][16.834s] GC(330) Phase 2: Prepare compaction 0.799ms
[2025-06-28T00:22:28.037+0200][16.834s] GC(330) Phase 3: Adjust pointers
[2025-06-28T00:22:28.052+0200][16.849s] GC(330) Phase 3: Adjust pointers 14.578ms
[2025-06-28T00:22:28.052+0200][16.849s] GC(330) Phase 4: Compact heap
[2025-06-28T00:22:28.053+0200][16.850s] GC(330) Phase 4: Compact heap 1.167ms
[2025-06-28T00:22:28.053+0200][16.850s] GC(330) Phase 5: Reset Metadata
[2025-06-28T00:22:28.058+0200][16.855s] GC(330) Phase 5: Reset Metadata 4.720ms
[2025-06-28T00:22:28.062+0200][16.858s] GC(330) Eden regions: 0->0(2)
[2025-06-28T00:22:28.062+0200][16.858s] GC(330) Survivor regions: 1->0(1)
[2025-06-28T00:22:28.062+0200][16.858s] GC(330) Old regions: 18->18
[2025-06-28T00:22:28.062+0200][16.858s] GC(330) Humongous regions: 0->0
[2025-06-28T00:22:28.062+0200][16.858s] GC(330) Metaspace: 57270K(57792K)->57270K(57792K) NonClass: 49620K(49920K)->49620K(49920K) Class: 7649K(7872K)->7649K(7872K)
[2025-06-28T00:22:28.062+0200][16.859s] GC(330) Pause Full (G1 Compaction Pause) 17M->17M(22M) 60.517ms
[2025-06-28T00:22:28.062+0200][16.859s] GC(330) User=0.14s Sys=0.00s Real=0.06s
[2025-06-28T00:22:28.232+0200][17.028s] GC(331) Pause Young (Concurrent Start) (G1 Evacuation Pause)
[2025-06-28T00:22:28.232+0200][17.028s] GC(331) Using 2 workers of 10 for evacuation
[2025-06-28T00:22:28.236+0200][17.032s] GC(331)   Pre Evacuate Collection Set: 0.3ms
[2025-06-28T00:22:28.236+0200][17.032s] GC(331)   Merge Heap Roots: 0.1ms
[2025-06-28T00:22:28.236+0200][17.032s] GC(331)   Evacuate Collection Set: 2.2ms
[2025-06-28T00:22:28.236+0200][17.032s] GC(331)   Post Evacuate Collection Set: 0.7ms
[2025-06-28T00:22:28.236+0200][17.032s] GC(331)   Other: 0.3ms
[2025-06-28T00:22:28.236+0200][17.032s] GC(331) Eden regions: 2->0(0)
[2025-06-28T00:22:28.236+0200][17.032s] GC(331) Survivor regions: 0->1(1)
[2025-06-28T00:22:28.236+0200][17.032s] GC(331) Old regions: 18->18
[2025-06-28T00:22:28.236+0200][17.032s] GC(331) Humongous regions: 0->0
[2025-06-28T00:22:28.236+0200][17.032s] GC(331) Metaspace: 58912K(59392K)->58912K(59392K) NonClass: 51140K(51392K)->51140K(51392K) Class: 7771K(8000K)->7771K(8000K)
[2025-06-28T00:22:28.236+0200][17.032s] GC(331) Pause Young (Concurrent Start) (G1 Evacuation Pause) 19M->17M(22M) 4.101ms
[2025-06-28T00:22:28.236+0200][17.032s] GC(332) Concurrent Mark Cycle
[2025-06-28T00:22:28.236+0200][17.032s] GC(331) User=0.00s Sys=0.00s Real=0.00s
[2025-06-28T00:22:28.236+0200][17.033s] GC(332) Concurrent Scan Root Regions
[2025-06-28T00:22:28.236+0200][17.033s] Attempting full compaction
[2025-06-28T00:22:28.237+0200][17.033s] GC(333) Pause Full (G1 Compaction Pause)
[2025-06-28T00:22:28.237+0200][17.033s] GC(333) Using 2 workers of 10 for full compaction
[2025-06-28T00:22:28.238+0200][17.034s] GC(332) Concurrent Scan Root Regions 1.543ms
[2025-06-28T00:22:28.238+0200][17.034s] GC(332) Concurrent Mark
[2025-06-28T00:22:28.238+0200][17.034s] GC(332) Concurrent Mark From Roots
[2025-06-28T00:22:28.238+0200][17.034s] GC(332) Using 3 workers of 3 for marking
[2025-06-28T00:22:28.238+0200][17.034s] GC(333) Phase 1: Mark live objects
[2025-06-28T00:22:28.272+0200][17.068s] GC(333) Phase 1: Mark live objects 34.005ms
[2025-06-28T00:22:28.272+0200][17.068s] GC(333) Phase 2: Prepare compaction
[2025-06-28T00:22:28.273+0200][17.069s] GC(333) Phase 2: Prepare compaction 0.789ms
[2025-06-28T00:22:28.273+0200][17.069s] GC(333) Phase 3: Adjust pointers
[2025-06-28T00:22:28.287+0200][17.083s] GC(333) Phase 3: Adjust pointers 13.965ms
[2025-06-28T00:22:28.287+0200][17.083s] GC(333) Phase 4: Compact heap
[2025-06-28T00:22:28.287+0200][17.084s] GC(333) Phase 4: Compact heap 0.710ms
[2025-06-28T00:22:28.288+0200][17.084s] GC(333) Phase 5: Reset Metadata
[2025-06-28T00:22:28.293+0200][17.090s] GC(333) Phase 5: Reset Metadata 5.503ms
[2025-06-28T00:22:28.296+0200][17.093s] GC(333) Eden regions: 0->0(2)
[2025-06-28T00:22:28.296+0200][17.093s] GC(333) Survivor regions: 1->0(1)
[2025-06-28T00:22:28.296+0200][17.093s] GC(333) Old regions: 18->18
[2025-06-28T00:22:28.296+0200][17.093s] GC(333) Humongous regions: 0->0
[2025-06-28T00:22:28.296+0200][17.093s] GC(333) Metaspace: 58912K(59392K)->58912K(59392K) NonClass: 51140K(51392K)->51140K(51392K) Class: 7771K(8000K)->7771K(8000K)
[2025-06-28T00:22:28.296+0200][17.093s] GC(333) Pause Full (G1 Compaction Pause) 17M->17M(22M) 59.791ms
[2025-06-28T00:22:28.296+0200][17.093s] GC(333) User=0.12s Sys=0.02s Real=0.06s
[2025-06-28T00:22:28.296+0200][17.093s] GC(332) Concurrent Mark From Roots 58.697ms
[2025-06-28T00:22:28.296+0200][17.093s] GC(332) Concurrent Mark Abort
[2025-06-28T00:22:28.296+0200][17.093s] GC(332) Concurrent Mark Cycle 60.624ms
[2025-06-28T00:22:28.479+0200][17.275s] GC(334) Pause Young (Normal) (G1 Evacuation Pause)
[2025-06-28T00:22:28.479+0200][17.276s] GC(334) Using 2 workers of 10 for evacuation
[2025-06-28T00:22:28.482+0200][17.278s] GC(334)   Pre Evacuate Collection Set: 0.3ms
[2025-06-28T00:22:28.482+0200][17.278s] GC(334)   Merge Heap Roots: 0.1ms
[2025-06-28T00:22:28.482+0200][17.278s] GC(334)   Evacuate Collection Set: 1.3ms
[2025-06-28T00:22:28.482+0200][17.278s] GC(334)   Post Evacuate Collection Set: 0.8ms
[2025-06-28T00:22:28.482+0200][17.278s] GC(334)   Other: 0.1ms
[2025-06-28T00:22:28.482+0200][17.278s] GC(334) Eden regions: 2->0(0)
[2025-06-28T00:22:28.482+0200][17.278s] GC(334) Survivor regions: 0->1(1)
[2025-06-28T00:22:28.482+0200][17.278s] GC(334) Old regions: 18->18
[2025-06-28T00:22:28.482+0200][17.279s] GC(334) Humongous regions: 0->0
[2025-06-28T00:22:28.482+0200][17.279s] GC(334) Metaspace: 59302K(59776K)->59302K(59776K) NonClass: 51452K(51712K)->51452K(51712K) Class: 7850K(8064K)->7850K(8064K)
[2025-06-28T00:22:28.482+0200][17.279s] GC(334) Pause Young (Normal) (G1 Evacuation Pause) 19M->17M(22M) 3.250ms
[2025-06-28T00:22:28.482+0200][17.279s] GC(334) User=0.05s Sys=0.00s Real=0.00s
[2025-06-28T00:22:28.483+0200][17.279s] Attempting full compaction
[2025-06-28T00:22:28.483+0200][17.279s] GC(335) Pause Full (G1 Compaction Pause)
[2025-06-28T00:22:28.483+0200][17.279s] GC(335) Using 2 workers of 10 for full compaction
[2025-06-28T00:22:28.483+0200][17.279s] GC(335) Phase 1: Mark live objects
[2025-06-28T00:22:28.524+0200][17.321s] GC(335) Phase 1: Mark live objects 41.631ms
[2025-06-28T00:22:28.524+0200][17.321s] GC(335) Phase 2: Prepare compaction
[2025-06-28T00:22:28.525+0200][17.322s] GC(335) Phase 2: Prepare compaction 0.794ms
[2025-06-28T00:22:28.525+0200][17.322s] GC(335) Phase 3: Adjust pointers
[2025-06-28T00:22:28.541+0200][17.338s] GC(335) Phase 3: Adjust pointers 15.886ms
[2025-06-28T00:22:28.541+0200][17.338s] GC(335) Phase 4: Compact heap
[2025-06-28T00:22:28.542+0200][17.339s] GC(335) Phase 4: Compact heap 1.214ms
[2025-06-28T00:22:28.542+0200][17.339s] GC(335) Phase 5: Reset Metadata
[2025-06-28T00:22:28.547+0200][17.343s] GC(335) Phase 5: Reset Metadata 4.470ms
[2025-06-28T00:22:28.550+0200][17.346s] GC(335) Eden regions: 0->0(2)
[2025-06-28T00:22:28.550+0200][17.347s] GC(335) Survivor regions: 1->0(1)
[2025-06-28T00:22:28.550+0200][17.347s] GC(335) Old regions: 18->18
[2025-06-28T00:22:28.550+0200][17.347s] GC(335) Humongous regions: 0->0
[2025-06-28T00:22:28.550+0200][17.347s] GC(335) Metaspace: 59302K(59776K)->59302K(59776K) NonClass: 51452K(51712K)->51452K(51712K) Class: 7850K(8064K)->7850K(8064K)
[2025-06-28T00:22:28.551+0200][17.347s] GC(335) Pause Full (G1 Compaction Pause) 17M->17M(22M) 67.931ms
[2025-06-28T00:22:28.551+0200][17.347s] GC(335) User=0.12s Sys=0.00s Real=0.07s
[2025-06-28T00:22:28.697+0200][17.494s] GC(336) Pause Young (Concurrent Start) (G1 Evacuation Pause)
[2025-06-28T00:22:28.697+0200][17.494s] GC(336) Using 2 workers of 10 for evacuation
[2025-06-28T00:22:28.700+0200][17.497s] GC(336)   Pre Evacuate Collection Set: 0.3ms
[2025-06-28T00:22:28.700+0200][17.497s] GC(336)   Merge Heap Roots: 0.1ms
[2025-06-28T00:22:28.701+0200][17.497s] GC(336)   Evacuate Collection Set: 1.9ms
[2025-06-28T00:22:28.701+0200][17.497s] GC(336)   Post Evacuate Collection Set: 0.6ms
[2025-06-28T00:22:28.701+0200][17.497s] GC(336)   Other: 0.2ms
[2025-06-28T00:22:28.701+0200][17.497s] GC(336) Eden regions: 2->0(0)
[2025-06-28T00:22:28.701+0200][17.497s] GC(336) Survivor regions: 0->1(1)
[2025-06-28T00:22:28.701+0200][17.497s] GC(336) Old regions: 18->18
[2025-06-28T00:22:28.701+0200][17.497s] GC(336) Humongous regions: 0->0
[2025-06-28T00:22:28.701+0200][17.497s] GC(336) Metaspace: 59446K(60032K)->59446K(60032K) NonClass: 51559K(51904K)->51559K(51904K) Class: 7886K(8128K)->7886K(8128K)
[2025-06-28T00:22:28.701+0200][17.497s] GC(336) Pause Young (Concurrent Start) (G1 Evacuation Pause) 19M->17M(22M) 3.568ms
[2025-06-28T00:22:28.701+0200][17.497s] GC(336) User=0.05s Sys=0.00s Real=0.00s
[2025-06-28T00:22:28.701+0200][17.497s] GC(337) Concurrent Mark Cycle
[2025-06-28T00:22:28.701+0200][17.497s] Attempting full compaction
[2025-06-28T00:22:28.701+0200][17.498s] GC(337) Concurrent Scan Root Regions
[2025-06-28T00:22:28.701+0200][17.498s] GC(338) Pause Full (G1 Compaction Pause)
[2025-06-28T00:22:28.701+0200][17.498s] GC(338) Using 2 workers of 10 for full compaction
[2025-06-28T00:22:28.702+0200][17.499s] GC(337) Concurrent Scan Root Regions 1.278ms
[2025-06-28T00:22:28.702+0200][17.499s] GC(337) Concurrent Mark
[2025-06-28T00:22:28.702+0200][17.499s] GC(337) Concurrent Mark From Roots
[2025-06-28T00:22:28.703+0200][17.499s] GC(337) Using 3 workers of 3 for marking
[2025-06-28T00:22:28.703+0200][17.499s] GC(338) Phase 1: Mark live objects
[2025-06-28T00:22:28.738+0200][17.534s] GC(338) Phase 1: Mark live objects 34.858ms
[2025-06-28T00:22:28.738+0200][17.534s] GC(338) Phase 2: Prepare compaction
[2025-06-28T00:22:28.739+0200][17.535s] GC(338) Phase 2: Prepare compaction 0.818ms
[2025-06-28T00:22:28.739+0200][17.535s] GC(338) Phase 3: Adjust pointers
[2025-06-28T00:22:28.754+0200][17.550s] GC(338) Phase 3: Adjust pointers 14.956ms
[2025-06-28T00:22:28.754+0200][17.550s] GC(338) Phase 4: Compact heap
[2025-06-28T00:22:28.755+0200][17.551s] GC(338) Phase 4: Compact heap 1.263ms
[2025-06-28T00:22:28.755+0200][17.551s] GC(338) Phase 5: Reset Metadata
[2025-06-28T00:22:28.759+0200][17.556s] GC(338) Phase 5: Reset Metadata 4.449ms
[2025-06-28T00:22:28.763+0200][17.560s] GC(338) Eden regions: 0->0(2)
[2025-06-28T00:22:28.763+0200][17.560s] GC(338) Survivor regions: 1->0(1)
[2025-06-28T00:22:28.763+0200][17.560s] GC(338) Old regions: 18->18
[2025-06-28T00:22:28.763+0200][17.560s] GC(338) Humongous regions: 0->0
[2025-06-28T00:22:28.763+0200][17.560s] GC(338) Metaspace: 59446K(60032K)->59446K(60032K) NonClass: 51559K(51904K)->51559K(51904K) Class: 7886K(8128K)->7886K(8128K)
[2025-06-28T00:22:28.764+0200][17.560s] GC(338) Pause Full (G1 Compaction Pause) 17M->17M(22M) 62.429ms
[2025-06-28T00:22:28.764+0200][17.560s] GC(338) User=0.16s Sys=0.00s Real=0.06s
[2025-06-28T00:22:28.764+0200][17.560s] GC(337) Concurrent Mark From Roots 61.334ms
[2025-06-28T00:22:28.764+0200][17.560s] GC(337) Concurrent Mark Abort
[2025-06-28T00:22:28.764+0200][17.560s] GC(337) Concurrent Mark Cycle 63.068ms
[2025-06-28T00:22:28.921+0200][17.717s] GC(339) Pause Young (Normal) (G1 Evacuation Pause)
[2025-06-28T00:22:28.921+0200][17.718s] GC(339) Using 2 workers of 10 for evacuation
[2025-06-28T00:22:28.924+0200][17.720s] GC(339)   Pre Evacuate Collection Set: 0.2ms
[2025-06-28T00:22:28.924+0200][17.720s] GC(339)   Merge Heap Roots: 0.1ms
[2025-06-28T00:22:28.924+0200][17.720s] GC(339)   Evacuate Collection Set: 1.9ms
[2025-06-28T00:22:28.924+0200][17.721s] GC(339)   Post Evacuate Collection Set: 0.6ms
[2025-06-28T00:22:28.924+0200][17.721s] GC(339)   Other: 0.1ms
[2025-06-28T00:22:28.924+0200][17.721s] GC(339) Eden regions: 2->0(0)
[2025-06-28T00:22:28.924+0200][17.721s] GC(339) Survivor regions: 0->1(1)
[2025-06-28T00:22:28.924+0200][17.721s] GC(339) Old regions: 18->18
[2025-06-28T00:22:28.924+0200][17.721s] GC(339) Humongous regions: 0->0
[2025-06-28T00:22:28.924+0200][17.721s] GC(339) Metaspace: 60240K(60864K)->60240K(60864K) NonClass: 52328K(52672K)->52328K(52672K) Class: 7912K(8192K)->7912K(8192K)
[2025-06-28T00:22:28.924+0200][17.721s] GC(339) Pause Young (Normal) (G1 Evacuation Pause) 19M->17M(22M) 3.362ms
[2025-06-28T00:22:28.924+0200][17.721s] GC(339) User=0.00s Sys=0.00s Real=0.00s
[2025-06-28T00:22:28.924+0200][17.721s] Attempting full compaction
[2025-06-28T00:22:28.924+0200][17.721s] GC(340) Pause Full (G1 Compaction Pause)
[2025-06-28T00:22:28.924+0200][17.721s] GC(340) Using 2 workers of 10 for full compaction
[2025-06-28T00:22:28.924+0200][17.721s] GC(340) Phase 1: Mark live objects
[2025-06-28T00:22:28.960+0200][17.756s] GC(340) Phase 1: Mark live objects 35.003ms
[2025-06-28T00:22:28.960+0200][17.756s] GC(340) Phase 2: Prepare compaction
[2025-06-28T00:22:28.961+0200][17.757s] GC(340) Phase 2: Prepare compaction 0.933ms
[2025-06-28T00:22:28.961+0200][17.757s] GC(340) Phase 3: Adjust pointers
[2025-06-28T00:22:28.973+0200][17.769s] GC(340) Phase 3: Adjust pointers 11.691ms
[2025-06-28T00:22:28.973+0200][17.769s] GC(340) Phase 4: Compact heap
[2025-06-28T00:22:28.974+0200][17.770s] GC(340) Phase 4: Compact heap 0.925ms
[2025-06-28T00:22:28.974+0200][17.770s] GC(340) Phase 5: Reset Metadata
[2025-06-28T00:22:28.978+0200][17.774s] GC(340) Phase 5: Reset Metadata 3.891ms
[2025-06-28T00:22:28.981+0200][17.777s] GC(340) Eden regions: 0->0(1)
[2025-06-28T00:22:28.981+0200][17.778s] GC(340) Survivor regions: 1->0(1)
[2025-06-28T00:22:28.981+0200][17.778s] GC(340) Old regions: 18->19
[2025-06-28T00:22:28.981+0200][17.778s] GC(340) Humongous regions: 0->0
[2025-06-28T00:22:28.981+0200][17.778s] GC(340) Metaspace: 60240K(60864K)->60240K(60864K) NonClass: 52328K(52672K)->52328K(52672K) Class: 7912K(8192K)->7912K(8192K)
[2025-06-28T00:22:28.981+0200][17.778s] GC(340) Pause Full (G1 Compaction Pause) 17M->17M(22M) 56.798ms
[2025-06-28T00:22:28.981+0200][17.778s] GC(340) User=0.12s Sys=0.02s Real=0.06s
[2025-06-28T00:22:29.015+0200][17.812s] GC(341) Pause Young (Concurrent Start) (G1 Evacuation Pause)
[2025-06-28T00:22:29.015+0200][17.812s] GC(341) Using 2 workers of 10 for evacuation
[2025-06-28T00:22:29.019+0200][17.815s] GC(341)   Pre Evacuate Collection Set: 0.3ms
[2025-06-28T00:22:29.019+0200][17.815s] GC(341)   Merge Heap Roots: 0.1ms
[2025-06-28T00:22:29.019+0200][17.816s] GC(341)   Evacuate Collection Set: 2.3ms
[2025-06-28T00:22:29.019+0200][17.816s] GC(341)   Post Evacuate Collection Set: 0.7ms
[2025-06-28T00:22:29.019+0200][17.816s] GC(341)   Other: 0.2ms
[2025-06-28T00:22:29.019+0200][17.816s] GC(341) Eden regions: 1->0(0)
[2025-06-28T00:22:29.019+0200][17.816s] GC(341) Survivor regions: 0->1(1)
[2025-06-28T00:22:29.019+0200][17.816s] GC(341) Old regions: 19->19
[2025-06-28T00:22:29.019+0200][17.816s] GC(341) Humongous regions: 0->0
[2025-06-28T00:22:29.019+0200][17.816s] GC(341) Metaspace: 60245K(60864K)->60245K(60864K) NonClass: 52333K(52672K)->52333K(52672K) Class: 7912K(8192K)->7912K(8192K)
[2025-06-28T00:22:29.019+0200][17.816s] GC(341) Pause Young (Concurrent Start) (G1 Evacuation Pause) 18M->18M(22M) 4.011ms
[2025-06-28T00:22:29.019+0200][17.816s] GC(341) User=0.00s Sys=0.00s Real=0.00s
[2025-06-28T00:22:29.019+0200][17.816s] Attempting full compaction
[2025-06-28T00:22:29.019+0200][17.816s] GC(342) Concurrent Mark Cycle
[2025-06-28T00:22:29.019+0200][17.816s] GC(343) Pause Full (G1 Compaction Pause)
[2025-06-28T00:22:29.020+0200][17.816s] GC(342) Concurrent Scan Root Regions
[2025-06-28T00:22:29.020+0200][17.816s] GC(343) Using 2 workers of 10 for full compaction
[2025-06-28T00:22:29.020+0200][17.817s] GC(342) Concurrent Scan Root Regions 1.074ms
[2025-06-28T00:22:29.020+0200][17.817s] GC(342) Concurrent Mark
[2025-06-28T00:22:29.021+0200][17.817s] GC(342) Concurrent Mark From Roots
[2025-06-28T00:22:29.021+0200][17.817s] GC(342) Using 3 workers of 3 for marking
[2025-06-28T00:22:29.021+0200][17.817s] GC(343) Phase 1: Mark live objects
[2025-06-28T00:22:29.060+0200][17.856s] GC(343) Phase 1: Mark live objects 38.939ms
[2025-06-28T00:22:29.060+0200][17.856s] GC(343) Phase 2: Prepare compaction
[2025-06-28T00:22:29.061+0200][17.857s] GC(343) Phase 2: Prepare compaction 0.771ms
[2025-06-28T00:22:29.061+0200][17.857s] GC(343) Phase 3: Adjust pointers
[2025-06-28T00:22:29.079+0200][17.875s] GC(343) Phase 3: Adjust pointers 18.080ms
[2025-06-28T00:22:29.079+0200][17.875s] GC(343) Phase 4: Compact heap
[2025-06-28T00:22:29.080+0200][17.877s] GC(343) Phase 4: Compact heap 1.151ms
[2025-06-28T00:22:29.080+0200][17.877s] GC(343) Phase 5: Reset Metadata
[2025-06-28T00:22:29.085+0200][17.882s] GC(343) Phase 5: Reset Metadata 5.205ms
[2025-06-28T00:22:29.088+0200][17.885s] GC(343) Eden regions: 0->0(1)
[2025-06-28T00:22:29.088+0200][17.885s] GC(343) Survivor regions: 1->0(1)
[2025-06-28T00:22:29.088+0200][17.885s] GC(343) Old regions: 19->19
[2025-06-28T00:22:29.088+0200][17.885s] GC(343) Humongous regions: 0->0
[2025-06-28T00:22:29.088+0200][17.885s] GC(343) Metaspace: 60245K(60864K)->60245K(60864K) NonClass: 52333K(52672K)->52333K(52672K) Class: 7912K(8192K)->7912K(8192K)
[2025-06-28T00:22:29.088+0200][17.885s] GC(343) Pause Full (G1 Compaction Pause) 18M->18M(22M) 69.047ms
[2025-06-28T00:22:29.088+0200][17.885s] GC(343) User=0.11s Sys=0.00s Real=0.07s
[2025-06-28T00:22:29.089+0200][17.885s] GC(342) Concurrent Mark From Roots 68.000ms
[2025-06-28T00:22:29.089+0200][17.885s] GC(342) Concurrent Mark Abort
[2025-06-28T00:22:29.089+0200][17.885s] GC(342) Concurrent Mark Cycle 69.411ms
[2025-06-28T00:22:29.127+0200][17.923s] GC(344) Pause Young (Normal) (G1 Evacuation Pause)
[2025-06-28T00:22:29.128+0200][17.924s] GC(344) Using 2 workers of 10 for evacuation
[2025-06-28T00:22:29.130+0200][17.926s] GC(344)   Pre Evacuate Collection Set: 0.2ms
[2025-06-28T00:22:29.130+0200][17.926s] GC(344)   Merge Heap Roots: 0.1ms
[2025-06-28T00:22:29.130+0200][17.926s] GC(344)   Evacuate Collection Set: 1.7ms
[2025-06-28T00:22:29.130+0200][17.926s] GC(344)   Post Evacuate Collection Set: 0.7ms
[2025-06-28T00:22:29.130+0200][17.926s] GC(344)   Other: 0.1ms
[2025-06-28T00:22:29.130+0200][17.927s] GC(344) Eden regions: 1->0(0)
[2025-06-28T00:22:29.131+0200][17.927s] GC(344) Survivor regions: 0->1(1)
[2025-06-28T00:22:29.131+0200][17.927s] GC(344) Old regions: 19->19
[2025-06-28T00:22:29.131+0200][17.927s] GC(344) Humongous regions: 0->0
[2025-06-28T00:22:29.131+0200][17.927s] GC(344) Metaspace: 60261K(60864K)->60261K(60864K) NonClass: 52341K(52672K)->52341K(52672K) Class: 7919K(8192K)->7919K(8192K)
[2025-06-28T00:22:29.131+0200][17.927s] GC(344) Pause Young (Normal) (G1 Evacuation Pause) 19M->18M(22M) 3.240ms
[2025-06-28T00:22:29.131+0200][17.927s] GC(344) User=0.00s Sys=0.00s Real=0.00s
[2025-06-28T00:22:29.131+0200][17.927s] Attempting full compaction
[2025-06-28T00:22:29.131+0200][17.927s] GC(345) Pause Full (G1 Compaction Pause)
[2025-06-28T00:22:29.131+0200][17.927s] GC(345) Using 2 workers of 10 for full compaction
[2025-06-28T00:22:29.131+0200][17.927s] GC(345) Phase 1: Mark live objects
[2025-06-28T00:22:29.175+0200][17.971s] GC(345) Phase 1: Mark live objects 43.814ms
[2025-06-28T00:22:29.175+0200][17.971s] GC(345) Phase 2: Prepare compaction
[2025-06-28T00:22:29.175+0200][17.971s] GC(345) Phase 2: Prepare compaction 0.297ms
[2025-06-28T00:22:29.175+0200][17.971s] GC(345) Phase 3: Adjust pointers
[2025-06-28T00:22:29.187+0200][17.983s] GC(345) Phase 3: Adjust pointers 11.446ms
[2025-06-28T00:22:29.187+0200][17.983s] GC(345) Phase 4: Compact heap
[2025-06-28T00:22:29.187+0200][17.983s] GC(345) Phase 4: Compact heap 0.266ms
[2025-06-28T00:22:29.187+0200][17.983s] GC(345) Phase 5: Reset Metadata
[2025-06-28T00:22:29.192+0200][17.988s] GC(345) Phase 5: Reset Metadata 4.673ms
[2025-06-28T00:22:29.195+0200][17.991s] GC(345) Eden regions: 0->0(1)
[2025-06-28T00:22:29.195+0200][17.991s] GC(345) Survivor regions: 1->0(1)
[2025-06-28T00:22:29.195+0200][17.991s] GC(345) Old regions: 19->19
[2025-06-28T00:22:29.195+0200][17.991s] GC(345) Humongous regions: 0->0
[2025-06-28T00:22:29.195+0200][17.991s] GC(345) Metaspace: 60261K(60864K)->60259K(60864K) NonClass: 52341K(52672K)->52340K(52672K) Class: 7919K(8192K)->7918K(8192K)
[2025-06-28T00:22:29.195+0200][17.991s] GC(345) Pause Full (G1 Compaction Pause) 18M->18M(22M) 64.272ms
[2025-06-28T00:22:29.195+0200][17.991s] GC(345) User=0.12s Sys=0.00s Real=0.06s
[2025-06-28T00:22:29.228+0200][18.024s] GC(346) Pause Young (Concurrent Start) (G1 Evacuation Pause)
[2025-06-28T00:22:29.228+0200][18.024s] GC(346) Using 2 workers of 10 for evacuation
[2025-06-28T00:22:29.232+0200][18.028s] GC(346)   Pre Evacuate Collection Set: 0.3ms
[2025-06-28T00:22:29.232+0200][18.028s] GC(346)   Merge Heap Roots: 0.1ms
[2025-06-28T00:22:29.232+0200][18.029s] GC(346)   Evacuate Collection Set: 3.5ms
[2025-06-28T00:22:29.232+0200][18.029s] GC(346)   Post Evacuate Collection Set: 0.6ms
[2025-06-28T00:22:29.233+0200][18.029s] GC(346)   Other: 0.2ms
[2025-06-28T00:22:29.233+0200][18.029s] GC(346) Eden regions: 1->0(0)
[2025-06-28T00:22:29.233+0200][18.029s] GC(346) Survivor regions: 0->1(1)
[2025-06-28T00:22:29.233+0200][18.029s] GC(346) Old regions: 19->19
[2025-06-28T00:22:29.233+0200][18.029s] GC(346) Humongous regions: 0->0
[2025-06-28T00:22:29.233+0200][18.029s] GC(346) Metaspace: 60273K(60864K)->60273K(60864K) NonClass: 52344K(52672K)->52344K(52672K) Class: 7929K(8192K)->7929K(8192K)
[2025-06-28T00:22:29.233+0200][18.029s] GC(346) Pause Young (Concurrent Start) (G1 Evacuation Pause) 19M->18M(22M) 5.193ms
[2025-06-28T00:22:29.233+0200][18.029s] GC(346) User=0.03s Sys=0.00s Real=0.01s
[2025-06-28T00:22:29.233+0200][18.029s] GC(347) Concurrent Mark Cycle
[2025-06-28T00:22:29.233+0200][18.029s] Attempting full compaction
[2025-06-28T00:22:29.233+0200][18.029s] GC(347) Concurrent Scan Root Regions
[2025-06-28T00:22:29.233+0200][18.029s] GC(348) Pause Full (G1 Compaction Pause)
[2025-06-28T00:22:29.233+0200][18.029s] GC(348) Using 2 workers of 10 for full compaction
[2025-06-28T00:22:29.234+0200][18.030s] GC(347) Concurrent Scan Root Regions 1.095ms
[2025-06-28T00:22:29.234+0200][18.030s] GC(347) Concurrent Mark
[2025-06-28T00:22:29.234+0200][18.030s] GC(347) Concurrent Mark From Roots
[2025-06-28T00:22:29.234+0200][18.030s] GC(347) Using 3 workers of 3 for marking
[2025-06-28T00:22:29.234+0200][18.030s] GC(348) Phase 1: Mark live objects
[2025-06-28T00:22:29.275+0200][18.071s] GC(348) Phase 1: Mark live objects 40.940ms
[2025-06-28T00:22:29.275+0200][18.071s] GC(348) Phase 2: Prepare compaction
[2025-06-28T00:22:29.276+0200][18.072s] GC(348) Phase 2: Prepare compaction 0.288ms
[2025-06-28T00:22:29.276+0200][18.072s] GC(348) Phase 3: Adjust pointers
[2025-06-28T00:22:29.287+0200][18.083s] GC(348) Phase 3: Adjust pointers 11.114ms
[2025-06-28T00:22:29.287+0200][18.083s] GC(348) Phase 4: Compact heap
[2025-06-28T00:22:29.287+0200][18.083s] GC(348) Phase 4: Compact heap 0.298ms
[2025-06-28T00:22:29.287+0200][18.083s] GC(348) Phase 5: Reset Metadata
[2025-06-28T00:22:29.292+0200][18.088s] GC(348) Phase 5: Reset Metadata 4.471ms
[2025-06-28T00:22:29.295+0200][18.091s] GC(348) Eden regions: 0->0(1)
[2025-06-28T00:22:29.295+0200][18.092s] GC(348) Survivor regions: 1->0(1)
[2025-06-28T00:22:29.296+0200][18.092s] GC(348) Old regions: 19->19
[2025-06-28T00:22:29.296+0200][18.092s] GC(348) Humongous regions: 0->0
[2025-06-28T00:22:29.296+0200][18.092s] GC(348) Metaspace: 60273K(60864K)->60273K(60864K) NonClass: 52344K(52672K)->52344K(52672K) Class: 7929K(8192K)->7929K(8192K)
[2025-06-28T00:22:29.296+0200][18.092s] GC(348) Pause Full (G1 Compaction Pause) 18M->18M(22M) 62.786ms
[2025-06-28T00:22:29.296+0200][18.092s] GC(348) User=0.11s Sys=0.02s Real=0.06s
[2025-06-28T00:22:29.296+0200][18.092s] GC(347) Concurrent Mark From Roots 61.955ms
[2025-06-28T00:22:29.296+0200][18.092s] GC(347) Concurrent Mark Abort
[2025-06-28T00:22:29.296+0200][18.092s] GC(347) Concurrent Mark Cycle 63.365ms
[2025-06-28T00:22:29.346+0200][18.142s] GC(349) Pause Young (Normal) (G1 Evacuation Pause)
[2025-06-28T00:22:29.346+0200][18.142s] GC(349) Using 2 workers of 10 for evacuation
[2025-06-28T00:22:29.348+0200][18.145s] GC(349)   Pre Evacuate Collection Set: 0.2ms
[2025-06-28T00:22:29.348+0200][18.145s] GC(349)   Merge Heap Roots: 0.1ms
[2025-06-28T00:22:29.348+0200][18.145s] GC(349)   Evacuate Collection Set: 1.7ms
[2025-06-28T00:22:29.348+0200][18.145s] GC(349)   Post Evacuate Collection Set: 0.6ms
[2025-06-28T00:22:29.349+0200][18.145s] GC(349)   Other: 0.1ms
[2025-06-28T00:22:29.349+0200][18.145s] GC(349) Eden regions: 1->0(0)
[2025-06-28T00:22:29.349+0200][18.145s] GC(349) Survivor regions: 0->1(1)
[2025-06-28T00:22:29.349+0200][18.145s] GC(349) Old regions: 19->19
[2025-06-28T00:22:29.349+0200][18.145s] GC(349) Humongous regions: 0->0
[2025-06-28T00:22:29.349+0200][18.145s] GC(349) Metaspace: 60292K(60864K)->60292K(60864K) NonClass: 52356K(52672K)->52356K(52672K) Class: 7936K(8192K)->7936K(8192K)
[2025-06-28T00:22:29.349+0200][18.146s] GC(349) Pause Young (Normal) (G1 Evacuation Pause) 19M->18M(22M) 3.207ms
[2025-06-28T00:22:29.349+0200][18.146s] GC(349) User=0.00s Sys=0.00s Real=0.00s
[2025-06-28T00:22:29.349+0200][18.146s] Attempting full compaction
[2025-06-28T00:22:29.349+0200][18.146s] GC(350) Pause Full (G1 Compaction Pause)
[2025-06-28T00:22:29.349+0200][18.146s] GC(350) Using 2 workers of 10 for full compaction
[2025-06-28T00:22:29.349+0200][18.146s] GC(350) Phase 1: Mark live objects
[2025-06-28T00:22:29.383+0200][18.180s] GC(350) Phase 1: Mark live objects 33.667ms
[2025-06-28T00:22:29.383+0200][18.180s] GC(350) Phase 2: Prepare compaction
[2025-06-28T00:22:29.383+0200][18.180s] GC(350) Phase 2: Prepare compaction 0.319ms
[2025-06-28T00:22:29.383+0200][18.180s] GC(350) Phase 3: Adjust pointers
[2025-06-28T00:22:29.395+0200][18.192s] GC(350) Phase 3: Adjust pointers 11.913ms
[2025-06-28T00:22:29.395+0200][18.192s] GC(350) Phase 4: Compact heap
[2025-06-28T00:22:29.396+0200][18.192s] GC(350) Phase 4: Compact heap 0.498ms
[2025-06-28T00:22:29.396+0200][18.193s] GC(350) Phase 5: Reset Metadata
[2025-06-28T00:22:29.401+0200][18.198s] GC(350) Phase 5: Reset Metadata 5.056ms
[2025-06-28T00:22:29.405+0200][18.201s] GC(350) Eden regions: 0->0(1)
[2025-06-28T00:22:29.405+0200][18.201s] GC(350) Survivor regions: 1->0(1)
[2025-06-28T00:22:29.405+0200][18.201s] GC(350) Old regions: 19->19
[2025-06-28T00:22:29.405+0200][18.201s] GC(350) Humongous regions: 0->0
[2025-06-28T00:22:29.405+0200][18.201s] GC(350) Metaspace: 60292K(60864K)->60292K(60864K) NonClass: 52356K(52672K)->52356K(52672K) Class: 7936K(8192K)->7936K(8192K)
[2025-06-28T00:22:29.405+0200][18.201s] GC(350) Pause Full (G1 Compaction Pause) 18M->18M(22M) 55.537ms
[2025-06-28T00:22:29.405+0200][18.201s] GC(350) User=0.11s Sys=0.00s Real=0.06s
[2025-06-28T00:22:29.610+0200][18.407s] GC(351) Pause Young (Concurrent Start) (G1 Evacuation Pause)
[2025-06-28T00:22:29.611+0200][18.407s] GC(351) Using 2 workers of 10 for evacuation
[2025-06-28T00:22:29.613+0200][18.409s] GC(351)   Pre Evacuate Collection Set: 0.2ms
[2025-06-28T00:22:29.613+0200][18.409s] GC(351)   Merge Heap Roots: 0.1ms
[2025-06-28T00:22:29.613+0200][18.409s] GC(351)   Evacuate Collection Set: 1.5ms
[2025-06-28T00:22:29.614+0200][18.410s] GC(351)   Post Evacuate Collection Set: 0.5ms
[2025-06-28T00:22:29.614+0200][18.410s] GC(351)   Other: 0.2ms
[2025-06-28T00:22:29.614+0200][18.410s] GC(351) Eden regions: 1->0(0)
[2025-06-28T00:22:29.614+0200][18.410s] GC(351) Survivor regions: 0->1(1)
[2025-06-28T00:22:29.614+0200][18.410s] GC(351) Old regions: 19->19
[2025-06-28T00:22:29.614+0200][18.410s] GC(351) Humongous regions: 0->0
[2025-06-28T00:22:29.614+0200][18.410s] GC(351) Metaspace: 60351K(60992K)->60351K(60992K) NonClass: 52394K(52736K)->52394K(52736K) Class: 7957K(8256K)->7957K(8256K)
[2025-06-28T00:22:29.614+0200][18.410s] GC(351) Pause Young (Concurrent Start) (G1 Evacuation Pause) 19M->18M(22M) 3.393ms
[2025-06-28T00:22:29.614+0200][18.410s] GC(351) User=0.00s Sys=0.00s Real=0.00s
[2025-06-28T00:22:29.614+0200][18.410s] GC(352) Concurrent Mark Cycle
[2025-06-28T00:22:29.614+0200][18.410s] Attempting full compaction
[2025-06-28T00:22:29.614+0200][18.410s] GC(352) Concurrent Scan Root Regions
[2025-06-28T00:22:29.614+0200][18.410s] GC(353) Pause Full (G1 Compaction Pause)
[2025-06-28T00:22:29.614+0200][18.410s] GC(353) Using 2 workers of 10 for full compaction
[2025-06-28T00:22:29.615+0200][18.411s] GC(352) Concurrent Scan Root Regions 1.191ms
[2025-06-28T00:22:29.615+0200][18.411s] GC(352) Concurrent Mark
[2025-06-28T00:22:29.615+0200][18.411s] GC(352) Concurrent Mark From Roots
[2025-06-28T00:22:29.615+0200][18.411s] GC(352) Using 3 workers of 3 for marking
[2025-06-28T00:22:29.615+0200][18.412s] GC(353) Phase 1: Mark live objects
[2025-06-28T00:22:29.658+0200][18.454s] GC(353) Phase 1: Mark live objects 42.647ms
[2025-06-28T00:22:29.658+0200][18.454s] GC(353) Phase 2: Prepare compaction
[2025-06-28T00:22:29.659+0200][18.455s] GC(353) Phase 2: Prepare compaction 0.755ms
[2025-06-28T00:22:29.659+0200][18.455s] GC(353) Phase 3: Adjust pointers
[2025-06-28T00:22:29.671+0200][18.467s] GC(353) Phase 3: Adjust pointers 12.270ms
[2025-06-28T00:22:29.671+0200][18.467s] GC(353) Phase 4: Compact heap
[2025-06-28T00:22:29.672+0200][18.468s] GC(353) Phase 4: Compact heap 0.862ms
[2025-06-28T00:22:29.672+0200][18.468s] GC(353) Phase 5: Reset Metadata
[2025-06-28T00:22:29.677+0200][18.473s] GC(353) Phase 5: Reset Metadata 4.329ms
[2025-06-28T00:22:29.680+0200][18.476s] GC(353) Eden regions: 0->0(1)
[2025-06-28T00:22:29.680+0200][18.476s] GC(353) Survivor regions: 1->0(1)
[2025-06-28T00:22:29.680+0200][18.476s] GC(353) Old regions: 19->19
[2025-06-28T00:22:29.680+0200][18.476s] GC(353) Humongous regions: 0->0
[2025-06-28T00:22:29.680+0200][18.476s] GC(353) Metaspace: 60351K(60992K)->60304K(60992K) NonClass: 52394K(52736K)->52360K(52736K) Class: 7957K(8256K)->7944K(8256K)
[2025-06-28T00:22:29.680+0200][18.476s] GC(353) Pause Full (G1 Compaction Pause) 18M->18M(22M) 66.072ms
[2025-06-28T00:22:29.680+0200][18.476s] GC(353) User=0.12s Sys=0.00s Real=0.07s
[2025-06-28T00:22:29.680+0200][18.477s] GC(352) Concurrent Mark From Roots 65.096ms
[2025-06-28T00:22:29.681+0200][18.477s] GC(352) Concurrent Mark Abort
[2025-06-28T00:22:29.681+0200][18.477s] GC(352) Concurrent Mark Cycle 66.672ms
[2025-06-28T00:22:29.757+0200][18.554s] GC(354) Pause Young (Normal) (G1 Evacuation Pause)
[2025-06-28T00:22:29.757+0200][18.554s] GC(354) Using 2 workers of 10 for evacuation
[2025-06-28T00:22:29.759+0200][18.556s] GC(354)   Pre Evacuate Collection Set: 0.2ms
[2025-06-28T00:22:29.759+0200][18.556s] GC(354)   Merge Heap Roots: 0.1ms
[2025-06-28T00:22:29.759+0200][18.556s] GC(354)   Evacuate Collection Set: 1.0ms
[2025-06-28T00:22:29.759+0200][18.556s] GC(354)   Post Evacuate Collection Set: 0.6ms
[2025-06-28T00:22:29.759+0200][18.556s] GC(354)   Other: 0.1ms
[2025-06-28T00:22:29.759+0200][18.556s] GC(354) Eden regions: 1->0(0)
[2025-06-28T00:22:29.759+0200][18.556s] GC(354) Survivor regions: 0->1(1)
[2025-06-28T00:22:29.759+0200][18.556s] GC(354) Old regions: 19->19
[2025-06-28T00:22:29.759+0200][18.556s] GC(354) Humongous regions: 0->0
[2025-06-28T00:22:29.759+0200][18.556s] GC(354) Metaspace: 60313K(60992K)->60313K(60992K) NonClass: 52361K(52736K)->52361K(52736K) Class: 7951K(8256K)->7951K(8256K)
[2025-06-28T00:22:29.759+0200][18.556s] GC(354) Pause Young (Normal) (G1 Evacuation Pause) 19M->18M(22M) 2.389ms
[2025-06-28T00:22:29.759+0200][18.556s] GC(354) User=0.00s Sys=0.00s Real=0.00s
[2025-06-28T00:22:29.760+0200][18.556s] Attempting full compaction
[2025-06-28T00:22:29.760+0200][18.556s] GC(355) Pause Full (G1 Compaction Pause)
[2025-06-28T00:22:29.760+0200][18.556s] GC(355) Using 2 workers of 10 for full compaction
[2025-06-28T00:22:29.760+0200][18.556s] GC(355) Phase 1: Mark live objects
[2025-06-28T00:22:29.795+0200][18.592s] GC(355) Phase 1: Mark live objects 35.473ms
[2025-06-28T00:22:29.795+0200][18.592s] GC(355) Phase 2: Prepare compaction
[2025-06-28T00:22:29.796+0200][18.593s] GC(355) Phase 2: Prepare compaction 1.118ms
[2025-06-28T00:22:29.796+0200][18.593s] GC(355) Phase 3: Adjust pointers
[2025-06-28T00:22:29.811+0200][18.608s] GC(355) Phase 3: Adjust pointers 14.309ms
[2025-06-28T00:22:29.811+0200][18.608s] GC(355) Phase 4: Compact heap
[2025-06-28T00:22:29.813+0200][18.609s] GC(355) Phase 4: Compact heap 1.623ms
[2025-06-28T00:22:29.813+0200][18.609s] GC(355) Phase 5: Reset Metadata
[2025-06-28T00:22:29.817+0200][18.614s] GC(355) Phase 5: Reset Metadata 4.316ms
[2025-06-28T00:22:29.821+0200][18.617s] GC(355) Eden regions: 0->0(1)
[2025-06-28T00:22:29.821+0200][18.617s] GC(355) Survivor regions: 1->0(1)
[2025-06-28T00:22:29.821+0200][18.617s] GC(355) Old regions: 19->19
[2025-06-28T00:22:29.821+0200][18.617s] GC(355) Humongous regions: 0->0
[2025-06-28T00:22:29.821+0200][18.617s] GC(355) Metaspace: 60313K(60992K)->60313K(60992K) NonClass: 52361K(52736K)->52361K(52736K) Class: 7951K(8256K)->7951K(8256K)
[2025-06-28T00:22:29.821+0200][18.617s] GC(355) Pause Full (G1 Compaction Pause) 18M->18M(22M) 61.000ms
[2025-06-28T00:22:29.821+0200][18.617s] GC(355) User=0.12s Sys=0.00s Real=0.06s
[2025-06-28T00:22:29.905+0200][18.702s] GC(356) Pause Young (Concurrent Start) (G1 Evacuation Pause)
[2025-06-28T00:22:29.905+0200][18.702s] GC(356) Using 2 workers of 10 for evacuation
[2025-06-28T00:22:29.908+0200][18.705s] GC(356)   Pre Evacuate Collection Set: 0.2ms
[2025-06-28T00:22:29.908+0200][18.705s] GC(356)   Merge Heap Roots: 0.1ms
[2025-06-28T00:22:29.908+0200][18.705s] GC(356)   Evacuate Collection Set: 1.8ms
[2025-06-28T00:22:29.908+0200][18.705s] GC(356)   Post Evacuate Collection Set: 0.5ms
[2025-06-28T00:22:29.908+0200][18.705s] GC(356)   Other: 0.2ms
[2025-06-28T00:22:29.908+0200][18.705s] GC(356) Eden regions: 1->0(0)
[2025-06-28T00:22:29.908+0200][18.705s] GC(356) Survivor regions: 0->1(1)
[2025-06-28T00:22:29.908+0200][18.705s] GC(356) Old regions: 19->19
[2025-06-28T00:22:29.908+0200][18.705s] GC(356) Humongous regions: 0->0
[2025-06-28T00:22:29.908+0200][18.705s] GC(356) Metaspace: 60327K(60992K)->60327K(60992K) NonClass: 52373K(52736K)->52373K(52736K) Class: 7953K(8256K)->7953K(8256K)
[2025-06-28T00:22:29.908+0200][18.705s] GC(356) Pause Young (Concurrent Start) (G1 Evacuation Pause) 19M->18M(22M) 3.367ms
[2025-06-28T00:22:29.908+0200][18.705s] GC(356) User=0.00s Sys=0.00s Real=0.00s
[2025-06-28T00:22:29.908+0200][18.705s] GC(357) Concurrent Mark Cycle
[2025-06-28T00:22:29.908+0200][18.705s] Attempting full compaction
[2025-06-28T00:22:29.908+0200][18.705s] GC(357) Concurrent Scan Root Regions
[2025-06-28T00:22:29.909+0200][18.705s] GC(358) Pause Full (G1 Compaction Pause)
[2025-06-28T00:22:29.909+0200][18.705s] GC(358) Using 2 workers of 10 for full compaction
[2025-06-28T00:22:29.910+0200][18.707s] GC(357) Concurrent Scan Root Regions 1.657ms
[2025-06-28T00:22:29.910+0200][18.707s] GC(357) Concurrent Mark
[2025-06-28T00:22:29.910+0200][18.707s] GC(357) Concurrent Mark From Roots
[2025-06-28T00:22:29.910+0200][18.707s] GC(358) Phase 1: Mark live objects
[2025-06-28T00:22:29.910+0200][18.707s] GC(357) Using 3 workers of 3 for marking
[2025-06-28T00:22:29.953+0200][18.749s] GC(358) Phase 1: Mark live objects 42.429ms
[2025-06-28T00:22:29.953+0200][18.750s] GC(358) Phase 2: Prepare compaction
[2025-06-28T00:22:29.955+0200][18.751s] GC(358) Phase 2: Prepare compaction 1.515ms
[2025-06-28T00:22:29.955+0200][18.751s] GC(358) Phase 3: Adjust pointers
[2025-06-28T00:22:29.971+0200][18.767s] GC(358) Phase 3: Adjust pointers 15.477ms
[2025-06-28T00:22:29.971+0200][18.767s] GC(358) Phase 4: Compact heap
[2025-06-28T00:22:29.972+0200][18.769s] GC(358) Phase 4: Compact heap 1.797ms
[2025-06-28T00:22:29.972+0200][18.769s] GC(358) Phase 5: Reset Metadata
[2025-06-28T00:22:29.977+0200][18.773s] GC(358) Phase 5: Reset Metadata 4.261ms
[2025-06-28T00:22:29.980+0200][18.776s] GC(358) Eden regions: 0->0(1)
[2025-06-28T00:22:29.980+0200][18.777s] GC(358) Survivor regions: 1->0(1)
[2025-06-28T00:22:29.980+0200][18.777s] GC(358) Old regions: 19->19
[2025-06-28T00:22:29.980+0200][18.777s] GC(358) Humongous regions: 0->0
[2025-06-28T00:22:29.980+0200][18.777s] GC(358) Metaspace: 60327K(60992K)->60320K(60992K) NonClass: 52373K(52736K)->52368K(52736K) Class: 7953K(8256K)->7951K(8256K)
[2025-06-28T00:22:29.980+0200][18.777s] GC(358) Pause Full (G1 Compaction Pause) 18M->18M(22M) 71.368ms
[2025-06-28T00:22:29.981+0200][18.777s] GC(358) User=0.12s Sys=0.00s Real=0.07s
[2025-06-28T00:22:29.981+0200][18.777s] GC(357) Concurrent Mark From Roots 70.132ms
[2025-06-28T00:22:29.981+0200][18.777s] GC(357) Concurrent Mark Abort
[2025-06-28T00:22:29.981+0200][18.777s] GC(357) Concurrent Mark Cycle 72.232ms
[2025-06-28T00:22:30.035+0200][18.831s] GC(359) Pause Young (Normal) (G1 Evacuation Pause)
[2025-06-28T00:22:30.035+0200][18.831s] GC(359) Using 2 workers of 10 for evacuation
[2025-06-28T00:22:30.037+0200][18.834s] GC(359)   Pre Evacuate Collection Set: 0.2ms
[2025-06-28T00:22:30.037+0200][18.834s] GC(359)   Merge Heap Roots: 0.1ms
[2025-06-28T00:22:30.037+0200][18.834s] GC(359)   Evacuate Collection Set: 1.3ms
[2025-06-28T00:22:30.037+0200][18.834s] GC(359)   Post Evacuate Collection Set: 0.6ms
[2025-06-28T00:22:30.037+0200][18.834s] GC(359)   Other: 0.1ms
[2025-06-28T00:22:30.037+0200][18.834s] GC(359) Eden regions: 1->0(0)
[2025-06-28T00:22:30.037+0200][18.834s] GC(359) Survivor regions: 0->1(1)
[2025-06-28T00:22:30.037+0200][18.834s] GC(359) Old regions: 19->19
[2025-06-28T00:22:30.037+0200][18.834s] GC(359) Humongous regions: 0->0
[2025-06-28T00:22:30.037+0200][18.834s] GC(359) Metaspace: 60386K(60992K)->60386K(60992K) NonClass: 52416K(52736K)->52416K(52736K) Class: 7969K(8256K)->7969K(8256K)
[2025-06-28T00:22:30.037+0200][18.834s] GC(359) Pause Young (Normal) (G1 Evacuation Pause) 19M->18M(22M) 2.750ms
[2025-06-28T00:22:30.037+0200][18.834s] GC(359) User=0.00s Sys=0.00s Real=0.00s
[2025-06-28T00:22:30.037+0200][18.834s] Attempting full compaction
[2025-06-28T00:22:30.038+0200][18.834s] GC(360) Pause Full (G1 Compaction Pause)
[2025-06-28T00:22:30.038+0200][18.834s] GC(360) Using 2 workers of 10 for full compaction
[2025-06-28T00:22:30.038+0200][18.834s] GC(360) Phase 1: Mark live objects
[2025-06-28T00:22:30.072+0200][18.868s] GC(360) Phase 1: Mark live objects 33.366ms
[2025-06-28T00:22:30.072+0200][18.868s] GC(360) Phase 2: Prepare compaction
[2025-06-28T00:22:30.073+0200][18.869s] GC(360) Phase 2: Prepare compaction 0.900ms
[2025-06-28T00:22:30.073+0200][18.869s] GC(360) Phase 3: Adjust pointers
[2025-06-28T00:22:30.086+0200][18.882s] GC(360) Phase 3: Adjust pointers 13.328ms
[2025-06-28T00:22:30.086+0200][18.882s] GC(360) Phase 4: Compact heap
[2025-06-28T00:22:30.087+0200][18.883s] GC(360) Phase 4: Compact heap 0.720ms
[2025-06-28T00:22:30.087+0200][18.883s] GC(360) Phase 5: Reset Metadata
[2025-06-28T00:22:30.091+0200][18.887s] GC(360) Phase 5: Reset Metadata 4.241ms
[2025-06-28T00:22:30.095+0200][18.891s] GC(360) Eden regions: 0->0(1)
[2025-06-28T00:22:30.095+0200][18.891s] GC(360) Survivor regions: 1->0(1)
[2025-06-28T00:22:30.095+0200][18.891s] GC(360) Old regions: 19->19
[2025-06-28T00:22:30.095+0200][18.891s] GC(360) Humongous regions: 0->0
[2025-06-28T00:22:30.095+0200][18.891s] GC(360) Metaspace: 60386K(60992K)->60386K(60992K) NonClass: 52416K(52736K)->52416K(52736K) Class: 7969K(8256K)->7969K(8256K)
[2025-06-28T00:22:30.095+0200][18.891s] GC(360) Pause Full (G1 Compaction Pause) 18M->18M(22M) 56.756ms
[2025-06-28T00:22:30.095+0200][18.891s] GC(360) User=0.19s Sys=0.00s Real=0.06s
[2025-06-28T00:22:30.107+0200][18.903s] GC(361) Pause Young (Concurrent Start) (G1 Evacuation Pause)
[2025-06-28T00:22:30.107+0200][18.903s] GC(361) Using 2 workers of 10 for evacuation
[2025-06-28T00:22:30.110+0200][18.906s] GC(361)   Pre Evacuate Collection Set: 0.3ms
[2025-06-28T00:22:30.110+0200][18.906s] GC(361)   Merge Heap Roots: 0.1ms
[2025-06-28T00:22:30.110+0200][18.906s] GC(361)   Evacuate Collection Set: 1.6ms
[2025-06-28T00:22:30.110+0200][18.906s] GC(361)   Post Evacuate Collection Set: 0.7ms
[2025-06-28T00:22:30.110+0200][18.906s] GC(361)   Other: 0.2ms
[2025-06-28T00:22:30.110+0200][18.906s] GC(361) Eden regions: 1->0(0)
[2025-06-28T00:22:30.110+0200][18.906s] GC(361) Survivor regions: 0->1(1)
[2025-06-28T00:22:30.110+0200][18.906s] GC(361) Old regions: 19->19
[2025-06-28T00:22:30.110+0200][18.906s] GC(361) Humongous regions: 0->0
[2025-06-28T00:22:30.110+0200][18.907s] GC(361) Metaspace: 60447K(61056K)->60447K(61056K) NonClass: 52476K(52800K)->52476K(52800K) Class: 7970K(8256K)->7970K(8256K)
[2025-06-28T00:22:30.110+0200][18.907s] GC(361) Pause Young (Concurrent Start) (G1 Evacuation Pause) 19M->18M(22M) 3.382ms
[2025-06-28T00:22:30.110+0200][18.907s] GC(361) User=0.00s Sys=0.00s Real=0.00s
[2025-06-28T00:22:30.110+0200][18.907s] Attempting full compaction
[2025-06-28T00:22:30.110+0200][18.907s] GC(362) Concurrent Mark Cycle
[2025-06-28T00:22:30.110+0200][18.907s] GC(363) Pause Full (G1 Compaction Pause)
[2025-06-28T00:22:30.111+0200][18.907s] GC(362) Concurrent Scan Root Regions
[2025-06-28T00:22:30.111+0200][18.907s] GC(363) Using 2 workers of 10 for full compaction
[2025-06-28T00:22:30.112+0200][18.909s] GC(362) Concurrent Scan Root Regions 1.732ms
[2025-06-28T00:22:30.112+0200][18.909s] GC(362) Concurrent Mark
[2025-06-28T00:22:30.112+0200][18.909s] GC(362) Concurrent Mark From Roots
[2025-06-28T00:22:30.112+0200][18.909s] GC(362) Using 3 workers of 3 for marking
[2025-06-28T00:22:30.112+0200][18.909s] GC(363) Phase 1: Mark live objects
[2025-06-28T00:22:30.156+0200][18.952s] GC(363) Phase 1: Mark live objects 43.078ms
[2025-06-28T00:22:30.156+0200][18.952s] GC(363) Phase 2: Prepare compaction
[2025-06-28T00:22:30.156+0200][18.953s] GC(363) Phase 2: Prepare compaction 0.619ms
[2025-06-28T00:22:30.156+0200][18.953s] GC(363) Phase 3: Adjust pointers
[2025-06-28T00:22:30.174+0200][18.970s] GC(363) Phase 3: Adjust pointers 17.342ms
[2025-06-28T00:22:30.174+0200][18.970s] GC(363) Phase 4: Compact heap
[2025-06-28T00:22:30.175+0200][18.971s] GC(363) Phase 4: Compact heap 0.940ms
[2025-06-28T00:22:30.175+0200][18.971s] GC(363) Phase 5: Reset Metadata
[2025-06-28T00:22:30.181+0200][18.977s] GC(363) Phase 5: Reset Metadata 6.002ms
[2025-06-28T00:22:30.184+0200][18.981s] GC(363) Eden regions: 0->0(1)
[2025-06-28T00:22:30.184+0200][18.981s] GC(363) Survivor regions: 1->0(1)
[2025-06-28T00:22:30.185+0200][18.981s] GC(363) Old regions: 19->19
[2025-06-28T00:22:30.185+0200][18.981s] GC(363) Humongous regions: 0->0
[2025-06-28T00:22:30.185+0200][18.981s] GC(363) Metaspace: 60447K(61056K)->60446K(61056K) NonClass: 52476K(52800K)->52475K(52800K) Class: 7970K(8256K)->7970K(8256K)
[2025-06-28T00:22:30.185+0200][18.981s] GC(363) Pause Full (G1 Compaction Pause) 18M->18M(22M) 74.291ms
[2025-06-28T00:22:30.185+0200][18.981s] GC(363) User=0.20s Sys=0.02s Real=0.08s
[2025-06-28T00:22:30.185+0200][18.981s] GC(362) Concurrent Mark From Roots 72.655ms
[2025-06-28T00:22:30.185+0200][18.981s] GC(362) Concurrent Mark Abort
[2025-06-28T00:22:30.185+0200][18.981s] GC(362) Concurrent Mark Cycle 74.735ms
[2025-06-28T00:22:30.271+0200][19.067s] GC(364) Pause Young (Normal) (G1 Evacuation Pause)
[2025-06-28T00:22:30.271+0200][19.067s] GC(364) Using 2 workers of 10 for evacuation
[2025-06-28T00:22:30.274+0200][19.070s] GC(364)   Pre Evacuate Collection Set: 0.2ms
[2025-06-28T00:22:30.274+0200][19.070s] GC(364)   Merge Heap Roots: 0.1ms
[2025-06-28T00:22:30.274+0200][19.070s] GC(364)   Evacuate Collection Set: 1.4ms
[2025-06-28T00:22:30.274+0200][19.070s] GC(364)   Post Evacuate Collection Set: 0.6ms
[2025-06-28T00:22:30.274+0200][19.070s] GC(364)   Other: 0.1ms
[2025-06-28T00:22:30.274+0200][19.070s] GC(364) Eden regions: 1->0(0)
[2025-06-28T00:22:30.274+0200][19.070s] GC(364) Survivor regions: 0->1(1)
[2025-06-28T00:22:30.274+0200][19.070s] GC(364) Old regions: 19->19
[2025-06-28T00:22:30.274+0200][19.070s] GC(364) Humongous regions: 0->0
[2025-06-28T00:22:30.274+0200][19.070s] GC(364) Metaspace: 60505K(61120K)->60505K(61120K) NonClass: 52528K(52864K)->52528K(52864K) Class: 7976K(8256K)->7976K(8256K)
[2025-06-28T00:22:30.274+0200][19.070s] GC(364) Pause Young (Normal) (G1 Evacuation Pause) 19M->19M(22M) 2.999ms
[2025-06-28T00:22:30.274+0200][19.070s] GC(364) User=0.00s Sys=0.00s Real=0.00s
[2025-06-28T00:22:30.274+0200][19.070s] Attempting full compaction
[2025-06-28T00:22:30.274+0200][19.070s] GC(365) Pause Full (G1 Compaction Pause)
[2025-06-28T00:22:30.275+0200][19.070s] GC(365) Using 2 workers of 10 for full compaction
[2025-06-28T00:22:30.275+0200][19.071s] GC(365) Phase 1: Mark live objects
[2025-06-28T00:22:30.307+0200][19.103s] GC(365) Phase 1: Mark live objects 32.462ms
[2025-06-28T00:22:30.307+0200][19.103s] GC(365) Phase 2: Prepare compaction
[2025-06-28T00:22:30.307+0200][19.104s] GC(365) Phase 2: Prepare compaction 0.601ms
[2025-06-28T00:22:30.307+0200][19.104s] GC(365) Phase 3: Adjust pointers
[2025-06-28T00:22:30.321+0200][19.117s] GC(365) Phase 3: Adjust pointers 13.525ms
[2025-06-28T00:22:30.321+0200][19.117s] GC(365) Phase 4: Compact heap
[2025-06-28T00:22:30.322+0200][19.118s] GC(365) Phase 4: Compact heap 0.787ms
[2025-06-28T00:22:30.322+0200][19.118s] GC(365) Phase 5: Reset Metadata
[2025-06-28T00:22:30.327+0200][19.123s] GC(365) Phase 5: Reset Metadata 4.709ms
[2025-06-28T00:22:30.331+0200][19.127s] GC(365) Eden regions: 0->0(1)
[2025-06-28T00:22:30.331+0200][19.127s] GC(365) Survivor regions: 1->0(1)
[2025-06-28T00:22:30.331+0200][19.127s] GC(365) Old regions: 19->19
[2025-06-28T00:22:30.331+0200][19.127s] GC(365) Humongous regions: 0->0
[2025-06-28T00:22:30.331+0200][19.127s] GC(365) Metaspace: 60505K(61120K)->60505K(61120K) NonClass: 52528K(52864K)->52528K(52864K) Class: 7976K(8256K)->7976K(8256K)
[2025-06-28T00:22:30.331+0200][19.127s] GC(365) Pause Full (G1 Compaction Pause) 19M->18M(22M) 56.712ms
[2025-06-28T00:22:30.331+0200][19.127s] GC(365) User=0.22s Sys=0.00s Real=0.06s
[2025-06-28T00:22:30.399+0200][19.195s] GC(366) Pause Young (Concurrent Start) (G1 Evacuation Pause)
[2025-06-28T00:22:30.399+0200][19.195s] GC(366) Using 2 workers of 10 for evacuation
[2025-06-28T00:22:30.401+0200][19.198s] GC(366)   Pre Evacuate Collection Set: 0.2ms
[2025-06-28T00:22:30.401+0200][19.198s] GC(366)   Merge Heap Roots: 0.0ms
[2025-06-28T00:22:30.401+0200][19.198s] GC(366)   Evacuate Collection Set: 1.3ms
[2025-06-28T00:22:30.401+0200][19.198s] GC(366)   Post Evacuate Collection Set: 1.0ms
[2025-06-28T00:22:30.401+0200][19.198s] GC(366)   Other: 0.2ms
[2025-06-28T00:22:30.401+0200][19.198s] GC(366) Eden regions: 1->0(0)
[2025-06-28T00:22:30.402+0200][19.198s] GC(366) Survivor regions: 0->1(1)
[2025-06-28T00:22:30.402+0200][19.198s] GC(366) Old regions: 19->19
[2025-06-28T00:22:30.402+0200][19.198s] GC(366) Humongous regions: 0->0
[2025-06-28T00:22:30.402+0200][19.198s] GC(366) Metaspace: 60534K(61120K)->60534K(61120K) NonClass: 52553K(52864K)->52553K(52864K) Class: 7981K(8256K)->7981K(8256K)
[2025-06-28T00:22:30.402+0200][19.198s] GC(366) Pause Young (Concurrent Start) (G1 Evacuation Pause) 19M->18M(22M) 3.271ms
[2025-06-28T00:22:30.402+0200][19.199s] GC(366) User=0.11s Sys=0.00s Real=0.00s
[2025-06-28T00:22:30.402+0200][19.199s] GC(367) Concurrent Mark Cycle
[2025-06-28T00:22:30.402+0200][19.199s] Attempting full compaction
[2025-06-28T00:22:30.402+0200][19.199s] GC(367) Concurrent Scan Root Regions
[2025-06-28T00:22:30.402+0200][19.199s] GC(368) Pause Full (G1 Compaction Pause)
[2025-06-28T00:22:30.402+0200][19.199s] GC(368) Using 2 workers of 10 for full compaction
[2025-06-28T00:22:30.404+0200][19.200s] GC(367) Concurrent Scan Root Regions 1.297ms
[2025-06-28T00:22:30.404+0200][19.200s] GC(367) Concurrent Mark
[2025-06-28T00:22:30.404+0200][19.200s] GC(367) Concurrent Mark From Roots
[2025-06-28T00:22:30.404+0200][19.200s] GC(367) Using 3 workers of 3 for marking
[2025-06-28T00:22:30.404+0200][19.200s] GC(368) Phase 1: Mark live objects
[2025-06-28T00:22:30.441+0200][19.238s] GC(368) Phase 1: Mark live objects 37.772ms
[2025-06-28T00:22:30.441+0200][19.238s] GC(368) Phase 2: Prepare compaction
[2025-06-28T00:22:30.442+0200][19.239s] GC(368) Phase 2: Prepare compaction 0.771ms
[2025-06-28T00:22:30.442+0200][19.239s] GC(368) Phase 3: Adjust pointers
[2025-06-28T00:22:30.458+0200][19.254s] GC(368) Phase 3: Adjust pointers 15.562ms
[2025-06-28T00:22:30.458+0200][19.255s] GC(368) Phase 4: Compact heap
[2025-06-28T00:22:30.459+0200][19.255s] GC(368) Phase 4: Compact heap 0.793ms
[2025-06-28T00:22:30.459+0200][19.256s] GC(368) Phase 5: Reset Metadata
[2025-06-28T00:22:30.464+0200][19.261s] GC(368) Phase 5: Reset Metadata 5.067ms
[2025-06-28T00:22:30.467+0200][19.264s] GC(368) Eden regions: 0->0(1)
[2025-06-28T00:22:30.468+0200][19.264s] GC(368) Survivor regions: 1->0(1)
[2025-06-28T00:22:30.468+0200][19.264s] GC(368) Old regions: 19->19
[2025-06-28T00:22:30.468+0200][19.264s] GC(368) Humongous regions: 0->0
[2025-06-28T00:22:30.468+0200][19.264s] GC(368) Metaspace: 60534K(61120K)->60534K(61120K) NonClass: 52553K(52864K)->52553K(52864K) Class: 7981K(8256K)->7981K(8256K)
[2025-06-28T00:22:30.468+0200][19.265s] GC(368) Pause Full (G1 Compaction Pause) 18M->18M(22M) 65.767ms
[2025-06-28T00:22:30.468+0200][19.265s] GC(368) User=0.14s Sys=0.00s Real=0.07s
[2025-06-28T00:22:30.468+0200][19.265s] GC(367) Concurrent Mark From Roots 64.896ms
[2025-06-28T00:22:30.468+0200][19.265s] GC(367) Concurrent Mark Abort
[2025-06-28T00:22:30.468+0200][19.265s] GC(367) Concurrent Mark Cycle 66.540ms
[2025-06-28T00:22:30.546+0200][19.342s] GC(369) Pause Young (Normal) (G1 Evacuation Pause)
[2025-06-28T00:22:30.546+0200][19.342s] GC(369) Using 2 workers of 10 for evacuation
[2025-06-28T00:22:30.549+0200][19.345s] GC(369)   Pre Evacuate Collection Set: 0.3ms
[2025-06-28T00:22:30.549+0200][19.345s] GC(369)   Merge Heap Roots: 0.1ms
[2025-06-28T00:22:30.549+0200][19.345s] GC(369)   Evacuate Collection Set: 1.3ms
[2025-06-28T00:22:30.549+0200][19.345s] GC(369)   Post Evacuate Collection Set: 0.8ms
[2025-06-28T00:22:30.549+0200][19.345s] GC(369)   Other: 0.2ms
[2025-06-28T00:22:30.549+0200][19.345s] GC(369) Eden regions: 1->0(0)
[2025-06-28T00:22:30.549+0200][19.345s] GC(369) Survivor regions: 0->1(1)
[2025-06-28T00:22:30.549+0200][19.345s] GC(369) Old regions: 19->19
[2025-06-28T00:22:30.549+0200][19.345s] GC(369) Humongous regions: 0->0
[2025-06-28T00:22:30.549+0200][19.345s] GC(369) Metaspace: 60587K(61184K)->60587K(61184K) NonClass: 52591K(52928K)->52591K(52928K) Class: 7995K(8256K)->7995K(8256K)
[2025-06-28T00:22:30.549+0200][19.345s] GC(369) Pause Young (Normal) (G1 Evacuation Pause) 19M->18M(22M) 3.385ms
[2025-06-28T00:22:30.549+0200][19.345s] GC(369) User=0.00s Sys=0.00s Real=0.00s
[2025-06-28T00:22:30.549+0200][19.345s] Attempting full compaction
[2025-06-28T00:22:30.549+0200][19.345s] GC(370) Pause Full (G1 Compaction Pause)
[2025-06-28T00:22:30.549+0200][19.346s] GC(370) Using 2 workers of 10 for full compaction
[2025-06-28T00:22:30.549+0200][19.346s] GC(370) Phase 1: Mark live objects
[2025-06-28T00:22:30.590+0200][19.386s] GC(370) Phase 1: Mark live objects 40.233ms
[2025-06-28T00:22:30.590+0200][19.386s] GC(370) Phase 2: Prepare compaction
[2025-06-28T00:22:30.590+0200][19.387s] GC(370) Phase 2: Prepare compaction 0.786ms
[2025-06-28T00:22:30.591+0200][19.387s] GC(370) Phase 3: Adjust pointers
[2025-06-28T00:22:30.607+0200][19.403s] GC(370) Phase 3: Adjust pointers 15.625ms
[2025-06-28T00:22:30.607+0200][19.403s] GC(370) Phase 4: Compact heap
[2025-06-28T00:22:30.608+0200][19.404s] GC(370) Phase 4: Compact heap 0.854ms
[2025-06-28T00:22:30.608+0200][19.404s] GC(370) Phase 5: Reset Metadata
[2025-06-28T00:22:30.613+0200][19.409s] GC(370) Phase 5: Reset Metadata 5.081ms
[2025-06-28T00:22:30.617+0200][19.413s] GC(370) Eden regions: 0->0(1)
[2025-06-28T00:22:30.617+0200][19.413s] GC(370) Survivor regions: 1->0(1)
[2025-06-28T00:22:30.617+0200][19.413s] GC(370) Old regions: 19->19
[2025-06-28T00:22:30.617+0200][19.413s] GC(370) Humongous regions: 0->0
[2025-06-28T00:22:30.617+0200][19.413s] GC(370) Metaspace: 60587K(61184K)->60587K(61184K) NonClass: 52591K(52928K)->52591K(52928K) Class: 7995K(8256K)->7995K(8256K)
[2025-06-28T00:22:30.617+0200][19.413s] GC(370) Pause Full (G1 Compaction Pause) 18M->18M(22M) 67.501ms
[2025-06-28T00:22:30.617+0200][19.413s] GC(370) User=0.17s Sys=0.00s Real=0.07s
[2025-06-28T00:22:30.688+0200][19.484s] GC(371) Pause Young (Concurrent Start) (G1 Evacuation Pause)
[2025-06-28T00:22:30.688+0200][19.484s] GC(371) Using 2 workers of 10 for evacuation
[2025-06-28T00:22:30.691+0200][19.487s] GC(371)   Pre Evacuate Collection Set: 0.4ms
[2025-06-28T00:22:30.691+0200][19.488s] GC(371)   Merge Heap Roots: 0.1ms
[2025-06-28T00:22:30.692+0200][19.488s] GC(371)   Evacuate Collection Set: 1.8ms
[2025-06-28T00:22:30.692+0200][19.488s] GC(371)   Post Evacuate Collection Set: 1.0ms
[2025-06-28T00:22:30.692+0200][19.488s] GC(371)   Other: 0.3ms
[2025-06-28T00:22:30.692+0200][19.488s] GC(371) Eden regions: 1->0(0)
[2025-06-28T00:22:30.692+0200][19.488s] GC(371) Survivor regions: 0->1(1)
[2025-06-28T00:22:30.692+0200][19.488s] GC(371) Old regions: 19->19
[2025-06-28T00:22:30.692+0200][19.488s] GC(371) Humongous regions: 0->0
[2025-06-28T00:22:30.692+0200][19.488s] GC(371) Metaspace: 60632K(61184K)->60632K(61184K) NonClass: 52626K(52928K)->52626K(52928K) Class: 8005K(8256K)->8005K(8256K)
[2025-06-28T00:22:30.692+0200][19.488s] GC(371) Pause Young (Concurrent Start) (G1 Evacuation Pause) 19M->18M(22M) 4.176ms
[2025-06-28T00:22:30.692+0200][19.488s] GC(371) User=0.00s Sys=0.00s Real=0.00s
[2025-06-28T00:22:30.692+0200][19.488s] Attempting full compaction
[2025-06-28T00:22:30.692+0200][19.488s] GC(372) Concurrent Mark Cycle
[2025-06-28T00:22:30.692+0200][19.488s] GC(373) Pause Full (G1 Compaction Pause)
[2025-06-28T00:22:30.692+0200][19.488s] GC(372) Concurrent Scan Root Regions
[2025-06-28T00:22:30.692+0200][19.488s] GC(373) Using 2 workers of 10 for full compaction
[2025-06-28T00:22:30.694+0200][19.490s] GC(372) Concurrent Scan Root Regions 1.583ms
[2025-06-28T00:22:30.694+0200][19.490s] GC(372) Concurrent Mark
[2025-06-28T00:22:30.694+0200][19.490s] GC(372) Concurrent Mark From Roots
[2025-06-28T00:22:30.694+0200][19.490s] GC(372) Using 3 workers of 3 for marking
[2025-06-28T00:22:30.694+0200][19.490s] GC(373) Phase 1: Mark live objects
[2025-06-28T00:22:30.734+0200][19.530s] GC(373) Phase 1: Mark live objects 40.454ms
[2025-06-28T00:22:30.734+0200][19.531s] GC(373) Phase 2: Prepare compaction
[2025-06-28T00:22:30.735+0200][19.531s] GC(373) Phase 2: Prepare compaction 0.872ms
[2025-06-28T00:22:30.735+0200][19.532s] GC(373) Phase 3: Adjust pointers
[2025-06-28T00:22:30.750+0200][19.547s] GC(373) Phase 3: Adjust pointers 15.213ms
[2025-06-28T00:22:30.750+0200][19.547s] GC(373) Phase 4: Compact heap
[2025-06-28T00:22:30.751+0200][19.548s] GC(373) Phase 4: Compact heap 0.745ms
[2025-06-28T00:22:30.751+0200][19.548s] GC(373) Phase 5: Reset Metadata
[2025-06-28T00:22:30.756+0200][19.553s] GC(373) Phase 5: Reset Metadata 5.188ms
[2025-06-28T00:22:30.760+0200][19.556s] GC(373) Eden regions: 0->0(1)
[2025-06-28T00:22:30.760+0200][19.557s] GC(373) Survivor regions: 1->0(1)
[2025-06-28T00:22:30.760+0200][19.557s] GC(373) Old regions: 19->19
[2025-06-28T00:22:30.760+0200][19.557s] GC(373) Humongous regions: 0->0
[2025-06-28T00:22:30.760+0200][19.557s] GC(373) Metaspace: 60632K(61184K)->60632K(61184K) NonClass: 52626K(52928K)->52626K(52928K) Class: 8005K(8256K)->8005K(8256K)
[2025-06-28T00:22:30.760+0200][19.557s] GC(373) Pause Full (G1 Compaction Pause) 18M->18M(22M) 68.738ms
[2025-06-28T00:22:30.760+0200][19.557s] GC(373) User=0.20s Sys=0.00s Real=0.07s
[2025-06-28T00:22:30.761+0200][19.558s] GC(372) Concurrent Mark From Roots 68.257ms
[2025-06-28T00:22:30.761+0200][19.558s] GC(372) Concurrent Mark Abort
[2025-06-28T00:22:30.762+0200][19.558s] GC(372) Concurrent Mark Cycle 70.268ms
[2025-06-28T00:22:30.829+0200][19.626s] GC(374) Pause Young (Normal) (G1 Evacuation Pause)
[2025-06-28T00:22:30.829+0200][19.626s] GC(374) Using 2 workers of 10 for evacuation
[2025-06-28T00:22:30.832+0200][19.628s] GC(374)   Pre Evacuate Collection Set: 0.3ms
[2025-06-28T00:22:30.832+0200][19.629s] GC(374)   Merge Heap Roots: 0.1ms
[2025-06-28T00:22:30.832+0200][19.629s] GC(374)   Evacuate Collection Set: 1.4ms
[2025-06-28T00:22:30.832+0200][19.629s] GC(374)   Post Evacuate Collection Set: 0.6ms
[2025-06-28T00:22:30.832+0200][19.629s] GC(374)   Other: 0.1ms
[2025-06-28T00:22:30.832+0200][19.629s] GC(374) Eden regions: 1->0(0)
[2025-06-28T00:22:30.832+0200][19.629s] GC(374) Survivor regions: 0->1(1)
[2025-06-28T00:22:30.832+0200][19.629s] GC(374) Old regions: 19->19
[2025-06-28T00:22:30.832+0200][19.629s] GC(374) Humongous regions: 0->0
[2025-06-28T00:22:30.832+0200][19.629s] GC(374) Metaspace: 60687K(61248K)->60687K(61248K) NonClass: 52667K(52992K)->52667K(52992K) Class: 8019K(8256K)->8019K(8256K)
[2025-06-28T00:22:30.832+0200][19.629s] GC(374) Pause Young (Normal) (G1 Evacuation Pause) 19M->18M(22M) 3.143ms
[2025-06-28T00:22:30.832+0200][19.629s] GC(374) User=0.00s Sys=0.00s Real=0.00s
[2025-06-28T00:22:30.832+0200][19.629s] Attempting full compaction
[2025-06-28T00:22:30.833+0200][19.629s] GC(375) Pause Full (G1 Compaction Pause)
[2025-06-28T00:22:30.833+0200][19.629s] GC(375) Using 2 workers of 10 for full compaction
[2025-06-28T00:22:30.833+0200][19.629s] GC(375) Phase 1: Mark live objects
[2025-06-28T00:22:30.875+0200][19.671s] GC(375) Phase 1: Mark live objects 42.008ms
[2025-06-28T00:22:30.875+0200][19.671s] GC(375) Phase 2: Prepare compaction
[2025-06-28T00:22:30.876+0200][19.672s] GC(375) Phase 2: Prepare compaction 0.838ms
[2025-06-28T00:22:30.876+0200][19.672s] GC(375) Phase 3: Adjust pointers
[2025-06-28T00:22:30.891+0200][19.687s] GC(375) Phase 3: Adjust pointers 14.887ms
[2025-06-28T00:22:30.891+0200][19.687s] GC(375) Phase 4: Compact heap
[2025-06-28T00:22:30.892+0200][19.688s] GC(375) Phase 4: Compact heap 0.885ms
[2025-06-28T00:22:30.892+0200][19.688s] GC(375) Phase 5: Reset Metadata
[2025-06-28T00:22:30.897+0200][19.693s] GC(375) Phase 5: Reset Metadata 5.108ms
[2025-06-28T00:22:30.901+0200][19.697s] GC(375) Eden regions: 0->0(1)
[2025-06-28T00:22:30.901+0200][19.697s] GC(375) Survivor regions: 1->0(1)
[2025-06-28T00:22:30.901+0200][19.697s] GC(375) Old regions: 19->19
[2025-06-28T00:22:30.901+0200][19.697s] GC(375) Humongous regions: 0->0
[2025-06-28T00:22:30.901+0200][19.697s] GC(375) Metaspace: 60687K(61248K)->60687K(61248K) NonClass: 52667K(52992K)->52667K(52992K) Class: 8019K(8256K)->8019K(8256K)
[2025-06-28T00:22:30.901+0200][19.697s] GC(375) Pause Full (G1 Compaction Pause) 18M->18M(22M) 68.507ms
[2025-06-28T00:22:30.902+0200][19.698s] GC(375) User=0.14s Sys=0.02s Real=0.07s
[2025-06-28T00:22:30.955+0200][19.751s] GC(376) Pause Young (Concurrent Start) (G1 Evacuation Pause)
[2025-06-28T00:22:30.955+0200][19.752s] GC(376) Using 2 workers of 10 for evacuation
[2025-06-28T00:22:30.958+0200][19.755s] GC(376)   Pre Evacuate Collection Set: 0.4ms
[2025-06-28T00:22:30.958+0200][19.755s] GC(376)   Merge Heap Roots: 0.2ms
[2025-06-28T00:22:30.958+0200][19.755s] GC(376)   Evacuate Collection Set: 1.3ms
[2025-06-28T00:22:30.958+0200][19.755s] GC(376)   Post Evacuate Collection Set: 0.8ms
[2025-06-28T00:22:30.958+0200][19.755s] GC(376)   Other: 0.4ms
[2025-06-28T00:22:30.958+0200][19.755s] GC(376) Eden regions: 1->0(0)
[2025-06-28T00:22:30.958+0200][19.755s] GC(376) Survivor regions: 0->1(1)
[2025-06-28T00:22:30.958+0200][19.755s] GC(376) Old regions: 19->19
[2025-06-28T00:22:30.959+0200][19.755s] GC(376) Humongous regions: 0->0
[2025-06-28T00:22:30.959+0200][19.755s] GC(376) Metaspace: 60722K(61312K)->60722K(61312K) NonClass: 52692K(52992K)->52692K(52992K) Class: 8029K(8320K)->8029K(8320K)
[2025-06-28T00:22:30.959+0200][19.755s] GC(376) Pause Young (Concurrent Start) (G1 Evacuation Pause) 19M->18M(22M) 3.702ms
[2025-06-28T00:22:30.959+0200][19.755s] GC(376) User=0.00s Sys=0.00s Real=0.00s
[2025-06-28T00:22:30.959+0200][19.755s] Attempting full compaction
[2025-06-28T00:22:30.959+0200][19.755s] GC(377) Pause Full (G1 Compaction Pause)
[2025-06-28T00:22:30.959+0200][19.755s] GC(378) Concurrent Mark Cycle
[2025-06-28T00:22:30.959+0200][19.755s] GC(377) Using 2 workers of 10 for full compaction
[2025-06-28T00:22:30.959+0200][19.755s] GC(378) Concurrent Scan Root Regions
[2025-06-28T00:22:30.959+0200][19.756s] GC(378) Concurrent Scan Root Regions 0.425ms
[2025-06-28T00:22:30.959+0200][19.756s] GC(378) Concurrent Mark
[2025-06-28T00:22:30.960+0200][19.756s] GC(378) Concurrent Mark From Roots
[2025-06-28T00:22:30.960+0200][19.756s] GC(378) Using 3 workers of 3 for marking
[2025-06-28T00:22:30.960+0200][19.756s] GC(377) Phase 1: Mark live objects
[2025-06-28T00:22:30.997+0200][19.793s] GC(377) Phase 1: Mark live objects 37.259ms
[2025-06-28T00:22:30.997+0200][19.793s] GC(377) Phase 2: Prepare compaction
[2025-06-28T00:22:30.998+0200][19.794s] GC(377) Phase 2: Prepare compaction 0.908ms
[2025-06-28T00:22:30.998+0200][19.794s] GC(377) Phase 3: Adjust pointers
[2025-06-28T00:22:31.013+0200][19.809s] GC(377) Phase 3: Adjust pointers 14.944ms
[2025-06-28T00:22:31.013+0200][19.809s] GC(377) Phase 4: Compact heap
[2025-06-28T00:22:31.014+0200][19.810s] GC(377) Phase 4: Compact heap 0.919ms
[2025-06-28T00:22:31.014+0200][19.811s] GC(377) Phase 5: Reset Metadata
[2025-06-28T00:22:31.020+0200][19.816s] GC(377) Phase 5: Reset Metadata 5.593ms
[2025-06-28T00:22:31.024+0200][19.820s] GC(377) Eden regions: 0->0(1)
[2025-06-28T00:22:31.024+0200][19.820s] GC(377) Survivor regions: 1->0(1)
[2025-06-28T00:22:31.024+0200][19.820s] GC(377) Old regions: 19->19
[2025-06-28T00:22:31.024+0200][19.820s] GC(377) Humongous regions: 0->0
[2025-06-28T00:22:31.024+0200][19.820s] GC(377) Metaspace: 60722K(61312K)->60722K(61312K) NonClass: 52692K(52992K)->52692K(52992K) Class: 8029K(8320K)->8029K(8320K)
[2025-06-28T00:22:31.024+0200][19.821s] GC(377) Pause Full (G1 Compaction Pause) 18M->18M(22M) 65.275ms
[2025-06-28T00:22:31.025+0200][19.821s] GC(377) User=0.14s Sys=0.00s Real=0.07s
[2025-06-28T00:22:31.025+0200][19.821s] GC(378) Concurrent Mark From Roots 65.104ms
[2025-06-28T00:22:31.025+0200][19.821s] GC(378) Concurrent Mark Abort
[2025-06-28T00:22:31.025+0200][19.821s] GC(378) Concurrent Mark Cycle 65.829ms
[2025-06-28T00:22:31.070+0200][19.866s] GC(379) Pause Young (Normal) (G1 Evacuation Pause)
[2025-06-28T00:22:31.071+0200][19.867s] GC(379) Using 2 workers of 10 for evacuation
[2025-06-28T00:22:31.076+0200][19.872s] GC(379)   Pre Evacuate Collection Set: 0.5ms
[2025-06-28T00:22:31.076+0200][19.872s] GC(379)   Merge Heap Roots: 0.2ms
[2025-06-28T00:22:31.076+0200][19.872s] GC(379)   Evacuate Collection Set: 2.8ms
[2025-06-28T00:22:31.076+0200][19.872s] GC(379)   Post Evacuate Collection Set: 1.2ms
[2025-06-28T00:22:31.076+0200][19.872s] GC(379)   Other: 0.2ms
[2025-06-28T00:22:31.076+0200][19.872s] GC(379) Eden regions: 1->0(0)
[2025-06-28T00:22:31.076+0200][19.872s] GC(379) Survivor regions: 0->1(1)
[2025-06-28T00:22:31.076+0200][19.872s] GC(379) Old regions: 19->19
[2025-06-28T00:22:31.076+0200][19.872s] GC(379) Humongous regions: 0->0
[2025-06-28T00:22:31.076+0200][19.872s] GC(379) Metaspace: 60772K(61376K)->60772K(61376K) NonClass: 52732K(53056K)->52732K(53056K) Class: 8040K(8320K)->8040K(8320K)
[2025-06-28T00:22:31.076+0200][19.872s] GC(379) Pause Young (Normal) (G1 Evacuation Pause) 19M->18M(22M) 5.435ms
[2025-06-28T00:22:31.076+0200][19.872s] GC(379) User=0.05s Sys=0.00s Real=0.01s
[2025-06-28T00:22:31.076+0200][19.872s] Attempting full compaction
[2025-06-28T00:22:31.076+0200][19.872s] GC(380) Pause Full (G1 Compaction Pause)
[2025-06-28T00:22:31.076+0200][19.872s] GC(380) Using 2 workers of 10 for full compaction
[2025-06-28T00:22:31.076+0200][19.872s] GC(380) Phase 1: Mark live objects
[2025-06-28T00:22:31.130+0200][19.927s] GC(380) Phase 1: Mark live objects 54.669ms
[2025-06-28T00:22:31.130+0200][19.927s] GC(380) Phase 2: Prepare compaction
[2025-06-28T00:22:31.132+0200][19.928s] GC(380) Phase 2: Prepare compaction 1.207ms
[2025-06-28T00:22:31.132+0200][19.928s] GC(380) Phase 3: Adjust pointers
[2025-06-28T00:22:31.155+0200][19.952s] GC(380) Phase 3: Adjust pointers 23.504ms
[2025-06-28T00:22:31.156+0200][19.952s] GC(380) Phase 4: Compact heap
[2025-06-28T00:22:31.157+0200][19.954s] GC(380) Phase 4: Compact heap 1.363ms
[2025-06-28T00:22:31.157+0200][19.954s] GC(380) Phase 5: Reset Metadata
[2025-06-28T00:22:31.166+0200][19.962s] GC(380) Phase 5: Reset Metadata 8.533ms
[2025-06-28T00:22:31.172+0200][19.969s] GC(380) Eden regions: 0->0(1)
[2025-06-28T00:22:31.172+0200][19.969s] GC(380) Survivor regions: 1->0(1)
[2025-06-28T00:22:31.172+0200][19.969s] GC(380) Old regions: 19->19
[2025-06-28T00:22:31.172+0200][19.969s] GC(380) Humongous regions: 0->0
[2025-06-28T00:22:31.172+0200][19.969s] GC(380) Metaspace: 60772K(61376K)->60772K(61376K) NonClass: 52732K(53056K)->52732K(53056K) Class: 8040K(8320K)->8040K(8320K)
[2025-06-28T00:22:31.172+0200][19.969s] GC(380) Pause Full (G1 Compaction Pause) 18M->18M(22M) 97.005ms
[2025-06-28T00:22:31.172+0200][19.969s] GC(380) User=0.17s Sys=0.00s Real=0.10s
[2025-06-28T00:22:31.235+0200][20.032s] GC(381) Pause Young (Concurrent Start) (G1 Evacuation Pause)
[2025-06-28T00:22:31.236+0200][20.032s] GC(381) Using 2 workers of 10 for evacuation
[2025-06-28T00:22:31.238+0200][20.035s] GC(381)   Pre Evacuate Collection Set: 0.3ms
[2025-06-28T00:22:31.239+0200][20.035s] GC(381)   Merge Heap Roots: 0.1ms
[2025-06-28T00:22:31.239+0200][20.035s] GC(381)   Evacuate Collection Set: 1.5ms
[2025-06-28T00:22:31.239+0200][20.035s] GC(381)   Post Evacuate Collection Set: 0.8ms
[2025-06-28T00:22:31.239+0200][20.035s] GC(381)   Other: 0.3ms
[2025-06-28T00:22:31.239+0200][20.035s] GC(381) Eden regions: 1->0(0)
[2025-06-28T00:22:31.239+0200][20.035s] GC(381) Survivor regions: 0->1(1)
[2025-06-28T00:22:31.239+0200][20.035s] GC(381) Old regions: 19->19
[2025-06-28T00:22:31.239+0200][20.035s] GC(381) Humongous regions: 0->0
[2025-06-28T00:22:31.239+0200][20.035s] GC(381) Metaspace: 61194K(61760K)->61194K(61760K) NonClass: 53130K(53440K)->53130K(53440K) Class: 8064K(8320K)->8064K(8320K)
[2025-06-28T00:22:31.239+0200][20.035s] GC(381) Pause Young (Concurrent Start) (G1 Evacuation Pause) 19M->18M(22M) 3.756ms
[2025-06-28T00:22:31.239+0200][20.036s] GC(381) User=0.00s Sys=0.00s Real=0.00s
[2025-06-28T00:22:31.239+0200][20.036s] Attempting full compaction
[2025-06-28T00:22:31.239+0200][20.036s] GC(382) Concurrent Mark Cycle
[2025-06-28T00:22:31.239+0200][20.036s] GC(383) Pause Full (G1 Compaction Pause)
[2025-06-28T00:22:31.239+0200][20.036s] GC(382) Concurrent Scan Root Regions
[2025-06-28T00:22:31.239+0200][20.036s] GC(383) Using 2 workers of 10 for full compaction
[2025-06-28T00:22:31.241+0200][20.037s] GC(382) Concurrent Scan Root Regions 1.420ms
[2025-06-28T00:22:31.241+0200][20.037s] GC(382) Concurrent Mark
[2025-06-28T00:22:31.241+0200][20.037s] GC(382) Concurrent Mark From Roots
[2025-06-28T00:22:31.241+0200][20.037s] GC(382) Using 3 workers of 3 for marking
[2025-06-28T00:22:31.241+0200][20.037s] GC(383) Phase 1: Mark live objects
[2025-06-28T00:22:31.280+0200][20.077s] GC(383) Phase 1: Mark live objects 39.357ms
[2025-06-28T00:22:31.280+0200][20.077s] GC(383) Phase 2: Prepare compaction
[2025-06-28T00:22:31.281+0200][20.078s] GC(383) Phase 2: Prepare compaction 0.798ms
[2025-06-28T00:22:31.281+0200][20.078s] GC(383) Phase 3: Adjust pointers
[2025-06-28T00:22:31.297+0200][20.093s] GC(383) Phase 3: Adjust pointers 15.638ms
[2025-06-28T00:22:31.297+0200][20.093s] GC(383) Phase 4: Compact heap
[2025-06-28T00:22:31.298+0200][20.094s] GC(383) Phase 4: Compact heap 0.821ms
[2025-06-28T00:22:31.298+0200][20.094s] GC(383) Phase 5: Reset Metadata
[2025-06-28T00:22:31.303+0200][20.100s] GC(383) Phase 5: Reset Metadata 5.680ms
[2025-06-28T00:22:31.308+0200][20.104s] GC(383) Eden regions: 0->0(1)
[2025-06-28T00:22:31.308+0200][20.104s] GC(383) Survivor regions: 1->0(1)
[2025-06-28T00:22:31.308+0200][20.104s] GC(383) Old regions: 19->19
[2025-06-28T00:22:31.308+0200][20.105s] GC(383) Humongous regions: 0->0
[2025-06-28T00:22:31.308+0200][20.105s] GC(383) Metaspace: 61194K(61760K)->61194K(61760K) NonClass: 53130K(53440K)->53130K(53440K) Class: 8064K(8320K)->8064K(8320K)
[2025-06-28T00:22:31.308+0200][20.105s] GC(383) Pause Full (G1 Compaction Pause) 18M->18M(22M) 68.973ms
[2025-06-28T00:22:31.308+0200][20.105s] GC(383) User=0.14s Sys=0.00s Real=0.07s
[2025-06-28T00:22:31.312+0200][20.109s] GC(382) Concurrent Mark From Roots 71.682ms
[2025-06-28T00:22:31.312+0200][20.109s] GC(382) Concurrent Mark Abort
[2025-06-28T00:22:31.312+0200][20.109s] GC(382) Concurrent Mark Cycle 73.580ms
[2025-06-28T00:22:31.373+0200][20.170s] GC(384) Pause Young (Normal) (G1 Evacuation Pause)
[2025-06-28T00:22:31.373+0200][20.170s] GC(384) Using 2 workers of 10 for evacuation
[2025-06-28T00:22:31.377+0200][20.173s] GC(384)   Pre Evacuate Collection Set: 0.4ms
[2025-06-28T00:22:31.377+0200][20.173s] GC(384)   Merge Heap Roots: 0.3ms
[2025-06-28T00:22:31.377+0200][20.173s] GC(384)   Evacuate Collection Set: 1.3ms
[2025-06-28T00:22:31.377+0200][20.174s] GC(384)   Post Evacuate Collection Set: 1.0ms
[2025-06-28T00:22:31.377+0200][20.174s] GC(384)   Other: 0.2ms
[2025-06-28T00:22:31.377+0200][20.174s] GC(384) Eden regions: 1->0(0)
[2025-06-28T00:22:31.377+0200][20.174s] GC(384) Survivor regions: 0->1(1)
[2025-06-28T00:22:31.377+0200][20.174s] GC(384) Old regions: 19->19
[2025-06-28T00:22:31.377+0200][20.174s] GC(384) Humongous regions: 0->0
[2025-06-28T00:22:31.377+0200][20.174s] GC(384) Metaspace: 61315K(61888K)->61315K(61888K) NonClass: 53240K(53568K)->53240K(53568K) Class: 8074K(8320K)->8074K(8320K)
[2025-06-28T00:22:31.377+0200][20.174s] GC(384) Pause Young (Normal) (G1 Evacuation Pause) 19M->18M(22M) 3.894ms
[2025-06-28T00:22:31.377+0200][20.174s] GC(384) User=0.00s Sys=0.00s Real=0.00s
[2025-06-28T00:22:31.377+0200][20.174s] Attempting full compaction
[2025-06-28T00:22:31.377+0200][20.174s] GC(385) Pause Full (G1 Compaction Pause)
[2025-06-28T00:22:31.377+0200][20.174s] GC(385) Using 2 workers of 10 for full compaction
[2025-06-28T00:22:31.377+0200][20.174s] GC(385) Phase 1: Mark live objects
[2025-06-28T00:22:31.421+0200][20.217s] GC(385) Phase 1: Mark live objects 42.829ms
[2025-06-28T00:22:31.421+0200][20.217s] GC(385) Phase 2: Prepare compaction
[2025-06-28T00:22:31.422+0200][20.218s] GC(385) Phase 2: Prepare compaction 0.815ms
[2025-06-28T00:22:31.422+0200][20.218s] GC(385) Phase 3: Adjust pointers
[2025-06-28T00:22:31.437+0200][20.233s] GC(385) Phase 3: Adjust pointers 14.979ms
[2025-06-28T00:22:31.437+0200][20.233s] GC(385) Phase 4: Compact heap
[2025-06-28T00:22:31.438+0200][20.234s] GC(385) Phase 4: Compact heap 0.935ms
[2025-06-28T00:22:31.438+0200][20.234s] GC(385) Phase 5: Reset Metadata
[2025-06-28T00:22:31.443+0200][20.240s] GC(385) Phase 5: Reset Metadata 5.492ms
[2025-06-28T00:22:31.448+0200][20.244s] GC(385) Eden regions: 0->0(1)
[2025-06-28T00:22:31.448+0200][20.244s] GC(385) Survivor regions: 1->0(1)
[2025-06-28T00:22:31.448+0200][20.244s] GC(385) Old regions: 19->19
[2025-06-28T00:22:31.448+0200][20.244s] GC(385) Humongous regions: 0->0
[2025-06-28T00:22:31.448+0200][20.244s] GC(385) Metaspace: 61315K(61888K)->61315K(61888K) NonClass: 53240K(53568K)->53240K(53568K) Class: 8074K(8320K)->8074K(8320K)
[2025-06-28T00:22:31.448+0200][20.244s] GC(385) Pause Full (G1 Compaction Pause) 18M->18M(22M) 70.087ms
[2025-06-28T00:22:31.448+0200][20.244s] GC(385) User=0.12s Sys=0.00s Real=0.07s
[2025-06-28T00:22:31.535+0200][20.331s] GC(386) Pause Young (Concurrent Start) (G1 Evacuation Pause)
[2025-06-28T00:22:31.535+0200][20.331s] GC(386) Using 2 workers of 10 for evacuation
[2025-06-28T00:22:31.541+0200][20.337s] GC(386)   Pre Evacuate Collection Set: 0.4ms
[2025-06-28T00:22:31.541+0200][20.337s] GC(386)   Merge Heap Roots: 0.2ms
[2025-06-28T00:22:31.541+0200][20.337s] GC(386)   Evacuate Collection Set: 3.3ms
[2025-06-28T00:22:31.541+0200][20.337s] GC(386)   Post Evacuate Collection Set: 1.2ms
[2025-06-28T00:22:31.541+0200][20.337s] GC(386)   Other: 0.3ms
[2025-06-28T00:22:31.541+0200][20.337s] GC(386) Eden regions: 1->0(0)
[2025-06-28T00:22:31.541+0200][20.337s] GC(386) Survivor regions: 0->1(1)
[2025-06-28T00:22:31.541+0200][20.337s] GC(386) Old regions: 19->19
[2025-06-28T00:22:31.541+0200][20.337s] GC(386) Humongous regions: 0->0
[2025-06-28T00:22:31.541+0200][20.337s] GC(386) Metaspace: 61444K(62016K)->61444K(62016K) NonClass: 53355K(53696K)->53355K(53696K) Class: 8089K(8320K)->8089K(8320K)
[2025-06-28T00:22:31.541+0200][20.337s] GC(386) Pause Young (Concurrent Start) (G1 Evacuation Pause) 19M->18M(22M) 6.204ms
[2025-06-28T00:22:31.541+0200][20.337s] GC(386) User=0.00s Sys=0.00s Real=0.01s
[2025-06-28T00:22:31.541+0200][20.337s] GC(387) Concurrent Mark Cycle
[2025-06-28T00:22:31.541+0200][20.338s] Attempting full compaction
[2025-06-28T00:22:31.542+0200][20.338s] GC(387) Concurrent Scan Root Regions
[2025-06-28T00:22:31.542+0200][20.338s] GC(388) Pause Full (G1 Compaction Pause)
[2025-06-28T00:22:31.542+0200][20.338s] GC(388) Using 2 workers of 10 for full compaction
[2025-06-28T00:22:31.544+0200][20.340s] GC(387) Concurrent Scan Root Regions 1.982ms
[2025-06-28T00:22:31.544+0200][20.340s] GC(387) Concurrent Mark
[2025-06-28T00:22:31.544+0200][20.340s] GC(387) Concurrent Mark From Roots
[2025-06-28T00:22:31.544+0200][20.340s] GC(387) Using 3 workers of 3 for marking
[2025-06-28T00:22:31.544+0200][20.340s] GC(388) Phase 1: Mark live objects
[2025-06-28T00:22:31.592+0200][20.388s] GC(388) Phase 1: Mark live objects 48.613ms
[2025-06-28T00:22:31.592+0200][20.389s] GC(388) Phase 2: Prepare compaction
[2025-06-28T00:22:31.594+0200][20.390s] GC(388) Phase 2: Prepare compaction 1.209ms
[2025-06-28T00:22:31.594+0200][20.390s] GC(388) Phase 3: Adjust pointers
[2025-06-28T00:22:31.613+0200][20.410s] GC(388) Phase 3: Adjust pointers 19.861ms
[2025-06-28T00:22:31.613+0200][20.410s] GC(388) Phase 4: Compact heap
[2025-06-28T00:22:31.614+0200][20.411s] GC(388) Phase 4: Compact heap 1.081ms
[2025-06-28T00:22:31.614+0200][20.411s] GC(388) Phase 5: Reset Metadata
[2025-06-28T00:22:31.621+0200][20.417s] GC(388) Phase 5: Reset Metadata 6.314ms
[2025-06-28T00:22:31.626+0200][20.422s] GC(388) Eden regions: 0->0(1)
[2025-06-28T00:22:31.626+0200][20.422s] GC(388) Survivor regions: 1->0(1)
[2025-06-28T00:22:31.626+0200][20.422s] GC(388) Old regions: 19->19
[2025-06-28T00:22:31.626+0200][20.422s] GC(388) Humongous regions: 0->0
[2025-06-28T00:22:31.626+0200][20.422s] GC(388) Metaspace: 61444K(62016K)->61444K(62016K) NonClass: 53355K(53696K)->53355K(53696K) Class: 8089K(8320K)->8089K(8320K)
[2025-06-28T00:22:31.626+0200][20.422s] GC(388) Pause Full (G1 Compaction Pause) 18M->18M(22M) 84.630ms
[2025-06-28T00:22:31.626+0200][20.423s] GC(388) User=0.20s Sys=0.00s Real=0.08s
[2025-06-28T00:22:31.626+0200][20.423s] GC(387) Concurrent Mark From Roots 83.021ms
[2025-06-28T00:22:31.626+0200][20.423s] GC(387) Concurrent Mark Abort
[2025-06-28T00:22:31.626+0200][20.423s] GC(387) Concurrent Mark Cycle 85.481ms
[2025-06-28T00:22:31.720+0200][20.516s] GC(389) Pause Young (Normal) (G1 Evacuation Pause)
[2025-06-28T00:22:31.720+0200][20.516s] GC(389) Using 2 workers of 10 for evacuation
[2025-06-28T00:22:31.723+0200][20.519s] GC(389)   Pre Evacuate Collection Set: 0.3ms
[2025-06-28T00:22:31.723+0200][20.519s] GC(389)   Merge Heap Roots: 0.1ms
[2025-06-28T00:22:31.723+0200][20.519s] GC(389)   Evacuate Collection Set: 1.4ms
[2025-06-28T00:22:31.723+0200][20.519s] GC(389)   Post Evacuate Collection Set: 0.9ms
[2025-06-28T00:22:31.723+0200][20.519s] GC(389)   Other: 0.2ms
[2025-06-28T00:22:31.723+0200][20.519s] GC(389) Eden regions: 1->0(0)
[2025-06-28T00:22:31.723+0200][20.519s] GC(389) Survivor regions: 0->1(1)
[2025-06-28T00:22:31.723+0200][20.520s] GC(389) Old regions: 19->19
[2025-06-28T00:22:31.723+0200][20.520s] GC(389) Humongous regions: 0->0
[2025-06-28T00:22:31.723+0200][20.520s] GC(389) Metaspace: 61545K(62144K)->61545K(62144K) NonClass: 53441K(53760K)->53441K(53760K) Class: 8104K(8384K)->8104K(8384K)
[2025-06-28T00:22:31.723+0200][20.520s] GC(389) Pause Young (Normal) (G1 Evacuation Pause) 19M->18M(22M) 3.601ms
[2025-06-28T00:22:31.723+0200][20.520s] GC(389) User=0.00s Sys=0.00s Real=0.00s
[2025-06-28T00:22:31.723+0200][20.520s] Attempting full compaction
[2025-06-28T00:22:31.723+0200][20.520s] GC(390) Pause Full (G1 Compaction Pause)
[2025-06-28T00:22:31.724+0200][20.520s] GC(390) Using 2 workers of 10 for full compaction
[2025-06-28T00:22:31.724+0200][20.520s] GC(390) Phase 1: Mark live objects
[2025-06-28T00:22:31.774+0200][20.571s] GC(390) Phase 1: Mark live objects 50.970ms
[2025-06-28T00:22:31.774+0200][20.571s] GC(390) Phase 2: Prepare compaction
[2025-06-28T00:22:31.775+0200][20.572s] GC(390) Phase 2: Prepare compaction 0.901ms
[2025-06-28T00:22:31.775+0200][20.572s] GC(390) Phase 3: Adjust pointers
[2025-06-28T00:22:31.790+0200][20.587s] GC(390) Phase 3: Adjust pointers 14.680ms
[2025-06-28T00:22:31.791+0200][20.587s] GC(390) Phase 4: Compact heap
[2025-06-28T00:22:31.792+0200][20.588s] GC(390) Phase 4: Compact heap 0.867ms
[2025-06-28T00:22:31.792+0200][20.588s] GC(390) Phase 5: Reset Metadata
[2025-06-28T00:22:31.797+0200][20.593s] GC(390) Phase 5: Reset Metadata 5.425ms
[2025-06-28T00:22:31.801+0200][20.598s] GC(390) Eden regions: 0->0(1)
[2025-06-28T00:22:31.802+0200][20.598s] GC(390) Survivor regions: 1->0(1)
[2025-06-28T00:22:31.802+0200][20.598s] GC(390) Old regions: 19->20
[2025-06-28T00:22:31.802+0200][20.598s] GC(390) Humongous regions: 0->0
[2025-06-28T00:22:31.802+0200][20.598s] GC(390) Metaspace: 61545K(62144K)->61545K(62144K) NonClass: 53441K(53760K)->53441K(53760K) Class: 8104K(8384K)->8104K(8384K)
[2025-06-28T00:22:31.802+0200][20.598s] GC(390) Pause Full (G1 Compaction Pause) 18M->18M(22M) 78.392ms
[2025-06-28T00:22:31.802+0200][20.598s] GC(390) User=0.22s Sys=0.00s Real=0.08s
[2025-06-28T00:22:31.865+0200][20.662s] GC(391) Pause Young (Concurrent Start) (G1 Evacuation Pause)
[2025-06-28T00:22:31.865+0200][20.662s] GC(391) Using 2 workers of 10 for evacuation
[2025-06-28T00:22:31.868+0200][20.665s] GC(391)   Pre Evacuate Collection Set: 0.2ms
[2025-06-28T00:22:31.868+0200][20.665s] GC(391)   Merge Heap Roots: 0.1ms
[2025-06-28T00:22:31.868+0200][20.665s] GC(391)   Evacuate Collection Set: 1.3ms
[2025-06-28T00:22:31.868+0200][20.665s] GC(391)   Post Evacuate Collection Set: 0.8ms
[2025-06-28T00:22:31.868+0200][20.665s] GC(391)   Other: 0.2ms
[2025-06-28T00:22:31.868+0200][20.665s] GC(391) Eden regions: 1->0(0)
[2025-06-28T00:22:31.868+0200][20.665s] GC(391) Survivor regions: 0->1(1)
[2025-06-28T00:22:31.868+0200][20.665s] GC(391) Old regions: 20->20
[2025-06-28T00:22:31.868+0200][20.665s] GC(391) Humongous regions: 0->0
[2025-06-28T00:22:31.868+0200][20.665s] GC(391) Metaspace: 61666K(62272K)->61666K(62272K) NonClass: 53540K(53888K)->53540K(53888K) Class: 8126K(8384K)->8126K(8384K)
[2025-06-28T00:22:31.868+0200][20.665s] GC(391) Pause Young (Concurrent Start) (G1 Evacuation Pause) 19M->19M(22M) 3.009ms
[2025-06-28T00:22:31.868+0200][20.665s] GC(391) User=0.00s Sys=0.00s Real=0.00s
[2025-06-28T00:22:31.868+0200][20.665s] Attempting full compaction
[2025-06-28T00:22:31.868+0200][20.665s] GC(392) Concurrent Mark Cycle
[2025-06-28T00:22:31.868+0200][20.665s] GC(393) Pause Full (G1 Compaction Pause)
[2025-06-28T00:22:31.868+0200][20.665s] GC(392) Concurrent Scan Root Regions
[2025-06-28T00:22:31.868+0200][20.665s] GC(393) Using 2 workers of 10 for full compaction
[2025-06-28T00:22:31.870+0200][20.666s] GC(392) Concurrent Scan Root Regions 1.403ms
[2025-06-28T00:22:31.870+0200][20.667s] GC(392) Concurrent Mark
[2025-06-28T00:22:31.870+0200][20.667s] GC(392) Concurrent Mark From Roots
[2025-06-28T00:22:31.870+0200][20.667s] GC(392) Using 3 workers of 3 for marking
[2025-06-28T00:22:31.870+0200][20.667s] GC(393) Phase 1: Mark live objects
[2025-06-28T00:22:31.926+0200][20.722s] GC(393) Phase 1: Mark live objects 55.757ms
[2025-06-28T00:22:31.927+0200][20.723s] GC(393) Phase 2: Prepare compaction
[2025-06-28T00:22:31.927+0200][20.723s] GC(393) Phase 2: Prepare compaction 0.769ms
[2025-06-28T00:22:31.927+0200][20.723s] GC(393) Phase 3: Adjust pointers
[2025-06-28T00:22:31.943+0200][20.739s] GC(393) Phase 3: Adjust pointers 15.546ms
[2025-06-28T00:22:31.943+0200][20.739s] GC(393) Phase 4: Compact heap
[2025-06-28T00:22:31.944+0200][20.740s] GC(393) Phase 4: Compact heap 1.121ms
[2025-06-28T00:22:31.944+0200][20.740s] GC(393) Phase 5: Reset Metadata
[2025-06-28T00:22:31.950+0200][20.746s] GC(393) Phase 5: Reset Metadata 6.014ms
[2025-06-28T00:22:31.955+0200][20.751s] GC(393) Eden regions: 0->0(1)
[2025-06-28T00:22:31.955+0200][20.751s] GC(393) Survivor regions: 1->0(1)
[2025-06-28T00:22:31.955+0200][20.751s] GC(393) Old regions: 20->20
[2025-06-28T00:22:31.955+0200][20.751s] GC(393) Humongous regions: 0->0
[2025-06-28T00:22:31.955+0200][20.751s] GC(393) Metaspace: 61666K(62272K)->61615K(62272K) NonClass: 53540K(53888K)->53503K(53888K) Class: 8126K(8384K)->8111K(8384K)
[2025-06-28T00:22:31.955+0200][20.751s] GC(393) Pause Full (G1 Compaction Pause) 19M->18M(22M) 85.988ms
[2025-06-28T00:22:31.955+0200][20.751s] GC(393) User=0.31s Sys=0.02s Real=0.09s
[2025-06-28T00:22:31.956+0200][20.751s] GC(392) Concurrent Mark From Roots 84.788ms
[2025-06-28T00:22:31.956+0200][20.752s] GC(392) Concurrent Mark Abort
[2025-06-28T00:22:31.956+0200][20.752s] GC(392) Concurrent Mark Cycle 86.655ms
[2025-06-28T00:22:32.027+0200][20.823s] GC(394) Pause Young (Normal) (G1 Evacuation Pause)
[2025-06-28T00:22:32.027+0200][20.823s] GC(394) Using 2 workers of 10 for evacuation
[2025-06-28T00:22:32.028+0200][20.825s] GC(394)   Pre Evacuate Collection Set: 0.2ms
[2025-06-28T00:22:32.028+0200][20.825s] GC(394)   Merge Heap Roots: 0.1ms
[2025-06-28T00:22:32.028+0200][20.825s] GC(394)   Evacuate Collection Set: 1.4ms
[2025-06-28T00:22:32.028+0200][20.825s] GC(394)   Post Evacuate Collection Set: 0.5ms
[2025-06-28T00:22:32.028+0200][20.825s] GC(394)   Other: 0.1ms
[2025-06-28T00:22:32.028+0200][20.825s] GC(394) Eden regions: 1->0(0)
[2025-06-28T00:22:32.028+0200][20.825s] GC(394) Survivor regions: 0->1(1)
[2025-06-28T00:22:32.030+0200][20.825s] GC(394) Old regions: 20->20
[2025-06-28T00:22:32.030+0200][20.825s] GC(394) Humongous regions: 0->0
[2025-06-28T00:22:32.030+0200][20.825s] GC(394) Metaspace: 61769K(62336K)->61769K(62336K) NonClass: 53631K(53952K)->53631K(53952K) Class: 8138K(8384K)->8138K(8384K)
[2025-06-28T00:22:32.030+0200][20.826s] GC(394) Pause Young (Normal) (G1 Evacuation Pause) 19M->18M(22M) 2.805ms
[2025-06-28T00:22:32.030+0200][20.826s] GC(394) User=0.05s Sys=0.00s Real=0.00s
[2025-06-28T00:22:32.030+0200][20.826s] Attempting full compaction
[2025-06-28T00:22:32.030+0200][20.826s] GC(395) Pause Full (G1 Compaction Pause)
[2025-06-28T00:22:32.030+0200][20.826s] GC(395) Using 2 workers of 10 for full compaction
[2025-06-28T00:22:32.030+0200][20.826s] GC(395) Phase 1: Mark live objects
[2025-06-28T00:22:32.069+0200][20.865s] GC(395) Phase 1: Mark live objects 39.517ms
[2025-06-28T00:22:32.069+0200][20.865s] GC(395) Phase 2: Prepare compaction
[2025-06-28T00:22:32.069+0200][20.866s] GC(395) Phase 2: Prepare compaction 0.786ms
[2025-06-28T00:22:32.069+0200][20.866s] GC(395) Phase 3: Adjust pointers
[2025-06-28T00:22:32.084+0200][20.881s] GC(395) Phase 3: Adjust pointers 14.731ms
[2025-06-28T00:22:32.084+0200][20.881s] GC(395) Phase 4: Compact heap
[2025-06-28T00:22:32.085+0200][20.882s] GC(395) Phase 4: Compact heap 1.000ms
[2025-06-28T00:22:32.085+0200][20.882s] GC(395) Phase 5: Reset Metadata
[2025-06-28T00:22:32.092+0200][20.888s] GC(395) Phase 5: Reset Metadata 5.300ms
[2025-06-28T00:22:32.096+0200][20.892s] GC(395) Eden regions: 0->0(1)
[2025-06-28T00:22:32.096+0200][20.892s] GC(395) Survivor regions: 1->0(1)
[2025-06-28T00:22:32.096+0200][20.892s] GC(395) Old regions: 20->20
[2025-06-28T00:22:32.096+0200][20.892s] GC(395) Humongous regions: 0->0
[2025-06-28T00:22:32.096+0200][20.892s] GC(395) Metaspace: 61769K(62336K)->61769K(62336K) NonClass: 53631K(53952K)->53631K(53952K) Class: 8138K(8384K)->8138K(8384K)
[2025-06-28T00:22:32.096+0200][20.892s] GC(395) Pause Full (G1 Compaction Pause) 18M->18M(22M) 66.142ms
[2025-06-28T00:22:32.096+0200][20.892s] GC(395) User=0.16s Sys=0.00s Real=0.07s
[2025-06-28T00:22:32.252+0200][21.049s] GC(396) Pause Young (Concurrent Start) (G1 Evacuation Pause)
[2025-06-28T00:22:32.252+0200][21.049s] GC(396) Using 2 workers of 10 for evacuation
[2025-06-28T00:22:32.255+0200][21.051s] GC(396)   Pre Evacuate Collection Set: 0.3ms
[2025-06-28T00:22:32.255+0200][21.051s] GC(396)   Merge Heap Roots: 0.1ms
[2025-06-28T00:22:32.255+0200][21.051s] GC(396)   Evacuate Collection Set: 1.5ms
[2025-06-28T00:22:32.255+0200][21.051s] GC(396)   Post Evacuate Collection Set: 0.5ms
[2025-06-28T00:22:32.255+0200][21.052s] GC(396)   Other: 0.2ms
[2025-06-28T00:22:32.255+0200][21.052s] GC(396) Eden regions: 1->0(0)
[2025-06-28T00:22:32.255+0200][21.052s] GC(396) Survivor regions: 0->1(1)
[2025-06-28T00:22:32.255+0200][21.052s] GC(396) Old regions: 20->20
[2025-06-28T00:22:32.255+0200][21.052s] GC(396) Humongous regions: 0->0
[2025-06-28T00:22:32.255+0200][21.052s] GC(396) Metaspace: 61870K(62464K)->61870K(62464K) NonClass: 53691K(54016K)->53691K(54016K) Class: 8179K(8448K)->8179K(8448K)
[2025-06-28T00:22:32.255+0200][21.052s] GC(396) Pause Young (Concurrent Start) (G1 Evacuation Pause) 19M->19M(22M) 3.168ms
[2025-06-28T00:22:32.255+0200][21.052s] GC(396) User=0.00s Sys=0.00s Real=0.00s
[2025-06-28T00:22:32.255+0200][21.052s] GC(397) Concurrent Mark Cycle
[2025-06-28T00:22:32.255+0200][21.052s] Attempting full compaction
[2025-06-28T00:22:32.256+0200][21.052s] GC(397) Concurrent Scan Root Regions
[2025-06-28T00:22:32.256+0200][21.052s] GC(398) Pause Full (G1 Compaction Pause)
[2025-06-28T00:22:32.256+0200][21.052s] GC(398) Using 2 workers of 10 for full compaction
[2025-06-28T00:22:32.257+0200][21.054s] GC(397) Concurrent Scan Root Regions 1.579ms
[2025-06-28T00:22:32.257+0200][21.054s] GC(397) Concurrent Mark
[2025-06-28T00:22:32.257+0200][21.054s] GC(397) Concurrent Mark From Roots
[2025-06-28T00:22:32.257+0200][21.054s] GC(397) Using 3 workers of 3 for marking
[2025-06-28T00:22:32.257+0200][21.054s] GC(398) Phase 1: Mark live objects
[2025-06-28T00:22:32.306+0200][21.102s] GC(398) Phase 1: Mark live objects 48.187ms
[2025-06-28T00:22:32.306+0200][21.102s] GC(398) Phase 2: Prepare compaction
[2025-06-28T00:22:32.307+0200][21.103s] GC(398) Phase 2: Prepare compaction 0.825ms
[2025-06-28T00:22:32.307+0200][21.103s] GC(398) Phase 3: Adjust pointers
[2025-06-28T00:22:32.322+0200][21.118s] GC(398) Phase 3: Adjust pointers 15.299ms
[2025-06-28T00:22:32.322+0200][21.118s] GC(398) Phase 4: Compact heap
[2025-06-28T00:22:32.323+0200][21.120s] GC(398) Phase 4: Compact heap 1.194ms
[2025-06-28T00:22:32.323+0200][21.120s] GC(398) Phase 5: Reset Metadata
[2025-06-28T00:22:32.329+0200][21.125s] GC(398) Phase 5: Reset Metadata 5.564ms
[2025-06-28T00:22:32.333+0200][21.130s] GC(398) Eden regions: 0->0(1)
[2025-06-28T00:22:32.333+0200][21.130s] GC(398) Survivor regions: 1->0(1)
[2025-06-28T00:22:32.333+0200][21.130s] GC(398) Old regions: 20->21
[2025-06-28T00:22:32.333+0200][21.130s] GC(398) Humongous regions: 0->0
[2025-06-28T00:22:32.334+0200][21.130s] GC(398) Metaspace: 61870K(62464K)->61865K(62464K) NonClass: 53691K(54016K)->53687K(54016K) Class: 8179K(8448K)->8177K(8448K)
[2025-06-28T00:22:32.334+0200][21.130s] GC(398) Pause Full (G1 Compaction Pause) 19M->19M(22M) 77.901ms
[2025-06-28T00:22:32.334+0200][21.130s] GC(398) User=0.16s Sys=0.03s Real=0.08s
[2025-06-28T00:22:32.334+0200][21.130s] GC(397) Concurrent Mark From Roots 76.725ms
[2025-06-28T00:22:32.334+0200][21.131s] GC(397) Concurrent Mark Abort
[2025-06-28T00:22:32.334+0200][21.131s] GC(397) Concurrent Mark Cycle 78.756ms
[2025-06-28T00:22:32.439+0200][21.235s] GC(399) Pause Young (Normal) (G1 Evacuation Pause)
[2025-06-28T00:22:32.439+0200][21.235s] GC(399) Using 2 workers of 10 for evacuation
[2025-06-28T00:22:32.444+0200][21.240s] GC(399)   Pre Evacuate Collection Set: 0.4ms
[2025-06-28T00:22:32.445+0200][21.240s] GC(399)   Merge Heap Roots: 0.1ms
[2025-06-28T00:22:32.445+0200][21.241s] GC(399)   Evacuate Collection Set: 3.0ms
[2025-06-28T00:22:32.445+0200][21.241s] GC(399)   Post Evacuate Collection Set: 1.3ms
[2025-06-28T00:22:32.445+0200][21.241s] GC(399)   Other: 0.2ms
[2025-06-28T00:22:32.445+0200][21.241s] GC(399) Eden regions: 1->0(0)
[2025-06-28T00:22:32.445+0200][21.241s] GC(399) Survivor regions: 0->0(0)
[2025-06-28T00:22:32.445+0200][21.241s] GC(399) Old regions: 21->22
[2025-06-28T00:22:32.445+0200][21.241s] GC(399) Humongous regions: 0->0
[2025-06-28T00:22:32.445+0200][21.241s] GC(399) Metaspace: 61889K(62464K)->61889K(62464K) NonClass: 53704K(54016K)->53704K(54016K) Class: 8184K(8448K)->8184K(8448K)
[2025-06-28T00:22:32.445+0200][21.241s] GC(399) Pause Young (Normal) (G1 Evacuation Pause) (Evacuation Failure) 20M->20M(22M) 5.860ms
[2025-06-28T00:22:32.445+0200][21.241s] GC(399) User=0.00s Sys=0.00s Real=0.01s
[2025-06-28T00:22:32.445+0200][21.241s] Attempting full compaction
[2025-06-28T00:22:32.445+0200][21.241s] GC(400) Pause Full (G1 Compaction Pause)
[2025-06-28T00:22:32.445+0200][21.241s] GC(400) Using 2 workers of 10 for full compaction
[2025-06-28T00:22:32.445+0200][21.241s] GC(400) Phase 1: Mark live objects
[2025-06-28T00:22:32.510+0200][21.306s] GC(400) Phase 1: Mark live objects 65.028ms
[2025-06-28T00:22:32.510+0200][21.306s] GC(400) Phase 2: Prepare compaction
[2025-06-28T00:22:32.511+0200][21.307s] GC(400) Phase 2: Prepare compaction 0.705ms
[2025-06-28T00:22:32.511+0200][21.307s] GC(400) Phase 3: Adjust pointers
[2025-06-28T00:22:32.526+0200][21.322s] GC(400) Phase 3: Adjust pointers 15.353ms
[2025-06-28T00:22:32.526+0200][21.323s] GC(400) Phase 4: Compact heap
[2025-06-28T00:22:32.528+0200][21.324s] GC(400) Phase 4: Compact heap 1.019ms
[2025-06-28T00:22:32.528+0200][21.324s] GC(400) Phase 5: Reset Metadata
[2025-06-28T00:22:32.533+0200][21.329s] GC(400) Phase 5: Reset Metadata 5.293ms
[2025-06-28T00:22:32.538+0200][21.334s] GC(400) Eden regions: 0->0(1)
[2025-06-28T00:22:32.538+0200][21.334s] GC(400) Survivor regions: 0->0(0)
[2025-06-28T00:22:32.538+0200][21.334s] GC(400) Old regions: 22->20
[2025-06-28T00:22:32.538+0200][21.334s] GC(400) Humongous regions: 0->0
[2025-06-28T00:22:32.538+0200][21.334s] GC(400) Metaspace: 61889K(62464K)->61876K(62464K) NonClass: 53704K(54016K)->53695K(54016K) Class: 8184K(8448K)->8181K(8448K)
[2025-06-28T00:22:32.538+0200][21.334s] GC(400) Pause Full (G1 Compaction Pause) 20M->19M(22M) 93.219ms
[2025-06-28T00:22:32.538+0200][21.334s] GC(400) User=0.19s Sys=0.00s Real=0.09s
[2025-06-28T00:22:32.589+0200][21.385s] GC(401) Pause Young (Concurrent Start) (G1 Evacuation Pause)
[2025-06-28T00:22:32.589+0200][21.385s] GC(401) Using 2 workers of 10 for evacuation
[2025-06-28T00:22:32.591+0200][21.388s] GC(401)   Pre Evacuate Collection Set: 0.2ms
[2025-06-28T00:22:32.591+0200][21.388s] GC(401)   Merge Heap Roots: 0.1ms
[2025-06-28T00:22:32.591+0200][21.388s] GC(401)   Evacuate Collection Set: 1.5ms
[2025-06-28T00:22:32.591+0200][21.388s] GC(401)   Post Evacuate Collection Set: 0.5ms
[2025-06-28T00:22:32.591+0200][21.388s] GC(401)   Other: 0.2ms
[2025-06-28T00:22:32.591+0200][21.388s] GC(401) Eden regions: 1->0(0)
[2025-06-28T00:22:32.591+0200][21.388s] GC(401) Survivor regions: 0->1(1)
[2025-06-28T00:22:32.591+0200][21.388s] GC(401) Old regions: 20->20
[2025-06-28T00:22:32.592+0200][21.388s] GC(401) Humongous regions: 0->0
[2025-06-28T00:22:32.592+0200][21.388s] GC(401) Metaspace: 61926K(62464K)->61926K(62464K) NonClass: 53736K(54016K)->53736K(54016K) Class: 8190K(8448K)->8190K(8448K)
[2025-06-28T00:22:32.592+0200][21.388s] GC(401) Pause Young (Concurrent Start) (G1 Evacuation Pause) 20M->19M(22M) 2.934ms
[2025-06-28T00:22:32.592+0200][21.388s] GC(401) User=0.00s Sys=0.00s Real=0.00s
[2025-06-28T00:22:32.592+0200][21.388s] GC(402) Concurrent Mark Cycle
[2025-06-28T00:22:32.592+0200][21.388s] Attempting full compaction
[2025-06-28T00:22:32.592+0200][21.388s] GC(402) Concurrent Scan Root Regions
[2025-06-28T00:22:32.592+0200][21.388s] GC(403) Pause Full (G1 Compaction Pause)
[2025-06-28T00:22:32.592+0200][21.389s] GC(403) Using 2 workers of 10 for full compaction
[2025-06-28T00:22:32.594+0200][21.390s] GC(402) Concurrent Scan Root Regions 1.293ms
[2025-06-28T00:22:32.594+0200][21.390s] GC(402) Concurrent Mark
[2025-06-28T00:22:32.594+0200][21.390s] GC(402) Concurrent Mark From Roots
[2025-06-28T00:22:32.594+0200][21.390s] GC(402) Using 3 workers of 3 for marking
[2025-06-28T00:22:32.594+0200][21.390s] GC(403) Phase 1: Mark live objects
[2025-06-28T00:22:32.632+0200][21.428s] GC(403) Phase 1: Mark live objects 37.911ms
[2025-06-28T00:22:32.632+0200][21.428s] GC(403) Phase 2: Prepare compaction
[2025-06-28T00:22:32.632+0200][21.429s] GC(403) Phase 2: Prepare compaction 0.661ms
[2025-06-28T00:22:32.632+0200][21.429s] GC(403) Phase 3: Adjust pointers
[2025-06-28T00:22:32.645+0200][21.441s] GC(403) Phase 3: Adjust pointers 12.489ms
[2025-06-28T00:22:32.645+0200][21.441s] GC(403) Phase 4: Compact heap
[2025-06-28T00:22:32.646+0200][21.442s] GC(403) Phase 4: Compact heap 0.677ms
[2025-06-28T00:22:32.646+0200][21.442s] GC(403) Phase 5: Reset Metadata
[2025-06-28T00:22:32.650+0200][21.447s] GC(403) Phase 5: Reset Metadata 4.769ms
[2025-06-28T00:22:32.655+0200][21.451s] GC(403) Eden regions: 0->0(1)
[2025-06-28T00:22:32.655+0200][21.451s] GC(403) Survivor regions: 1->0(1)
[2025-06-28T00:22:32.655+0200][21.451s] GC(403) Old regions: 20->20
[2025-06-28T00:22:32.655+0200][21.451s] GC(403) Humongous regions: 0->0
[2025-06-28T00:22:32.655+0200][21.451s] GC(403) Metaspace: 61926K(62464K)->61926K(62464K) NonClass: 53736K(54016K)->53736K(54016K) Class: 8190K(8448K)->8190K(8448K)
[2025-06-28T00:22:32.655+0200][21.452s] GC(403) Pause Full (G1 Compaction Pause) 19M->19M(22M) 63.030ms
[2025-06-28T00:22:32.655+0200][21.452s] GC(403) User=0.11s Sys=0.00s Real=0.06s
[2025-06-28T00:22:32.656+0200][21.452s] GC(402) Concurrent Mark From Roots 62.323ms
[2025-06-28T00:22:32.656+0200][21.452s] GC(402) Concurrent Mark Abort
[2025-06-28T00:22:32.656+0200][21.452s] GC(402) Concurrent Mark Cycle 63.966ms
[2025-06-28T00:22:32.696+0200][21.493s] GC(404) Pause Young (Normal) (G1 Evacuation Pause)
[2025-06-28T00:22:32.696+0200][21.493s] GC(404) Using 2 workers of 10 for evacuation
[2025-06-28T00:22:32.698+0200][21.495s] GC(404)   Pre Evacuate Collection Set: 0.2ms
[2025-06-28T00:22:32.698+0200][21.495s] GC(404)   Merge Heap Roots: 0.1ms
[2025-06-28T00:22:32.698+0200][21.495s] GC(404)   Evacuate Collection Set: 1.0ms
[2025-06-28T00:22:32.698+0200][21.495s] GC(404)   Post Evacuate Collection Set: 0.6ms
[2025-06-28T00:22:32.698+0200][21.495s] GC(404)   Other: 0.1ms
[2025-06-28T00:22:32.698+0200][21.495s] GC(404) Eden regions: 1->0(0)
[2025-06-28T00:22:32.698+0200][21.495s] GC(404) Survivor regions: 0->1(1)
[2025-06-28T00:22:32.698+0200][21.495s] GC(404) Old regions: 20->20
[2025-06-28T00:22:32.698+0200][21.495s] GC(404) Humongous regions: 0->0
[2025-06-28T00:22:32.698+0200][21.495s] GC(404) Metaspace: 62028K(62592K)->62028K(62592K) NonClass: 53828K(54144K)->53828K(54144K) Class: 8200K(8448K)->8200K(8448K)
[2025-06-28T00:22:32.698+0200][21.495s] GC(404) Pause Young (Normal) (G1 Evacuation Pause) 20M->19M(22M) 2.562ms
[2025-06-28T00:22:32.698+0200][21.495s] GC(404) User=0.06s Sys=0.00s Real=0.00s
[2025-06-28T00:22:32.698+0200][21.495s] Attempting full compaction
[2025-06-28T00:22:32.698+0200][21.495s] GC(405) Pause Full (G1 Compaction Pause)
[2025-06-28T00:22:32.698+0200][21.495s] GC(405) Using 2 workers of 10 for full compaction
[2025-06-28T00:22:32.699+0200][21.495s] GC(405) Phase 1: Mark live objects
[2025-06-28T00:22:32.737+0200][21.532s] GC(405) Phase 1: Mark live objects 36.878ms
[2025-06-28T00:22:32.737+0200][21.533s] GC(405) Phase 2: Prepare compaction
[2025-06-28T00:22:32.737+0200][21.533s] GC(405) Phase 2: Prepare compaction 0.563ms
[2025-06-28T00:22:32.737+0200][21.533s] GC(405) Phase 3: Adjust pointers
[2025-06-28T00:22:32.749+0200][21.545s] GC(405) Phase 3: Adjust pointers 12.188ms
[2025-06-28T00:22:32.750+0200][21.545s] GC(405) Phase 4: Compact heap
[2025-06-28T00:22:32.750+0200][21.546s] GC(405) Phase 4: Compact heap 0.727ms
[2025-06-28T00:22:32.750+0200][21.546s] GC(405) Phase 5: Reset Metadata
[2025-06-28T00:22:32.755+0200][21.552s] GC(405) Phase 5: Reset Metadata 5.459ms
[2025-06-28T00:22:32.759+0200][21.556s] GC(405) Eden regions: 0->0(1)
[2025-06-28T00:22:32.760+0200][21.556s] GC(405) Survivor regions: 1->0(1)
[2025-06-28T00:22:32.760+0200][21.556s] GC(405) Old regions: 20->20
[2025-06-28T00:22:32.760+0200][21.556s] GC(405) Humongous regions: 0->0
[2025-06-28T00:22:32.760+0200][21.556s] GC(405) Metaspace: 62028K(62592K)->62028K(62592K) NonClass: 53828K(54144K)->53828K(54144K) Class: 8200K(8448K)->8200K(8448K)
[2025-06-28T00:22:32.760+0200][21.556s] GC(405) Pause Full (G1 Compaction Pause) 19M->19M(22M) 60.662ms
[2025-06-28T00:22:32.760+0200][21.556s] GC(405) User=0.09s Sys=0.00s Real=0.06s
[2025-06-28T00:22:32.822+0200][21.618s] GC(406) Pause Young (Concurrent Start) (G1 Evacuation Pause)
[2025-06-28T00:22:32.822+0200][21.619s] GC(406) Using 2 workers of 10 for evacuation
[2025-06-28T00:22:32.825+0200][21.622s] GC(406)   Pre Evacuate Collection Set: 0.3ms
[2025-06-28T00:22:32.825+0200][21.622s] GC(406)   Merge Heap Roots: 0.1ms
[2025-06-28T00:22:32.826+0200][21.622s] GC(406)   Evacuate Collection Set: 1.8ms
[2025-06-28T00:22:32.826+0200][21.622s] GC(406)   Post Evacuate Collection Set: 0.5ms
[2025-06-28T00:22:32.826+0200][21.622s] GC(406)   Other: 0.2ms
[2025-06-28T00:22:32.826+0200][21.622s] GC(406) Eden regions: 1->0(0)
[2025-06-28T00:22:32.826+0200][21.622s] GC(406) Survivor regions: 0->1(1)
[2025-06-28T00:22:32.826+0200][21.622s] GC(406) Old regions: 20->20
[2025-06-28T00:22:32.826+0200][21.622s] GC(406) Humongous regions: 0->0
[2025-06-28T00:22:32.826+0200][21.622s] GC(406) Metaspace: 62150K(62656K)->62150K(62656K) NonClass: 53928K(54208K)->53928K(54208K) Class: 8221K(8448K)->8221K(8448K)
[2025-06-28T00:22:32.826+0200][21.622s] GC(406) Pause Young (Concurrent Start) (G1 Evacuation Pause) 20M->19M(22M) 3.613ms
[2025-06-28T00:22:32.826+0200][21.622s] GC(406) User=0.03s Sys=0.00s Real=0.00s
[2025-06-28T00:22:32.826+0200][21.622s] GC(407) Concurrent Mark Cycle
[2025-06-28T00:22:32.826+0200][21.622s] Attempting full compaction
[2025-06-28T00:22:32.826+0200][21.622s] GC(407) Concurrent Scan Root Regions
[2025-06-28T00:22:32.826+0200][21.622s] GC(408) Pause Full (G1 Compaction Pause)
[2025-06-28T00:22:32.826+0200][21.622s] GC(408) Using 2 workers of 10 for full compaction
[2025-06-28T00:22:32.827+0200][21.623s] GC(407) Concurrent Scan Root Regions 1.209ms
[2025-06-28T00:22:32.827+0200][21.624s] GC(407) Concurrent Mark
[2025-06-28T00:22:32.827+0200][21.624s] GC(407) Concurrent Mark From Roots
[2025-06-28T00:22:32.827+0200][21.624s] GC(407) Using 3 workers of 3 for marking
[2025-06-28T00:22:32.827+0200][21.624s] GC(408) Phase 1: Mark live objects
[2025-06-28T00:22:32.868+0200][21.664s] GC(408) Phase 1: Mark live objects 40.721ms
[2025-06-28T00:22:32.868+0200][21.664s] GC(408) Phase 2: Prepare compaction
[2025-06-28T00:22:32.869+0200][21.665s] GC(408) Phase 2: Prepare compaction 0.737ms
[2025-06-28T00:22:32.869+0200][21.665s] GC(408) Phase 3: Adjust pointers
[2025-06-28T00:22:32.884+0200][21.681s] GC(408) Phase 3: Adjust pointers 15.653ms
[2025-06-28T00:22:32.884+0200][21.681s] GC(408) Phase 4: Compact heap
[2025-06-28T00:22:32.886+0200][21.682s] GC(408) Phase 4: Compact heap 1.162ms
[2025-06-28T00:22:32.886+0200][21.682s] GC(408) Phase 5: Reset Metadata
[2025-06-28T00:22:32.891+0200][21.688s] GC(408) Phase 5: Reset Metadata 5.540ms
[2025-06-28T00:22:32.895+0200][21.692s] GC(408) Eden regions: 0->0(1)
[2025-06-28T00:22:32.896+0200][21.692s] GC(408) Survivor regions: 1->0(1)
[2025-06-28T00:22:32.896+0200][21.692s] GC(408) Old regions: 20->20
[2025-06-28T00:22:32.896+0200][21.692s] GC(408) Humongous regions: 0->0
[2025-06-28T00:22:32.896+0200][21.692s] GC(408) Metaspace: 62150K(62656K)->62150K(62656K) NonClass: 53928K(54208K)->53928K(54208K) Class: 8221K(8448K)->8221K(8448K)
[2025-06-28T00:22:32.896+0200][21.692s] GC(408) Pause Full (G1 Compaction Pause) 19M->19M(22M) 70.143ms
[2025-06-28T00:22:32.896+0200][21.693s] GC(408) User=0.11s Sys=0.00s Real=0.07s
[2025-06-28T00:22:32.896+0200][21.693s] GC(407) Concurrent Mark From Roots 69.346ms
[2025-06-28T00:22:32.896+0200][21.693s] GC(407) Concurrent Mark Abort
[2025-06-28T00:22:32.896+0200][21.693s] GC(407) Concurrent Mark Cycle 70.920ms
[2025-06-28T00:22:32.937+0200][21.733s] GC(409) Pause Young (Normal) (G1 Evacuation Pause)
[2025-06-28T00:22:32.937+0200][21.733s] GC(409) Using 2 workers of 10 for evacuation
[2025-06-28T00:22:32.939+0200][21.736s] GC(409)   Pre Evacuate Collection Set: 0.3ms
[2025-06-28T00:22:32.940+0200][21.736s] GC(409)   Merge Heap Roots: 0.1ms
[2025-06-28T00:22:32.940+0200][21.736s] GC(409)   Evacuate Collection Set: 1.7ms
[2025-06-28T00:22:32.940+0200][21.736s] GC(409)   Post Evacuate Collection Set: 0.6ms
[2025-06-28T00:22:32.940+0200][21.736s] GC(409)   Other: 0.1ms
[2025-06-28T00:22:32.940+0200][21.736s] GC(409) Eden regions: 1->0(0)
[2025-06-28T00:22:32.940+0200][21.736s] GC(409) Survivor regions: 0->1(1)
[2025-06-28T00:22:32.940+0200][21.736s] GC(409) Old regions: 20->20
[2025-06-28T00:22:32.940+0200][21.736s] GC(409) Humongous regions: 0->0
[2025-06-28T00:22:32.940+0200][21.737s] GC(409) Metaspace: 62175K(62720K)->62175K(62720K) NonClass: 53948K(54272K)->53948K(54272K) Class: 8227K(8448K)->8227K(8448K)
[2025-06-28T00:22:32.940+0200][21.737s] GC(409) Pause Young (Normal) (G1 Evacuation Pause) 20M->19M(22M) 3.328ms
[2025-06-28T00:22:32.940+0200][21.737s] GC(409) User=0.00s Sys=0.00s Real=0.00s
[2025-06-28T00:22:32.940+0200][21.737s] Attempting full compaction
[2025-06-28T00:22:32.940+0200][21.737s] GC(410) Pause Full (G1 Compaction Pause)
[2025-06-28T00:22:32.940+0200][21.737s] GC(410) Using 2 workers of 10 for full compaction
[2025-06-28T00:22:32.940+0200][21.737s] GC(410) Phase 1: Mark live objects
[2025-06-28T00:22:32.983+0200][21.779s] GC(410) Phase 1: Mark live objects 42.448ms
[2025-06-28T00:22:32.983+0200][21.779s] GC(410) Phase 2: Prepare compaction
[2025-06-28T00:22:32.983+0200][21.780s] GC(410) Phase 2: Prepare compaction 0.326ms
[2025-06-28T00:22:32.983+0200][21.780s] GC(410) Phase 3: Adjust pointers
[2025-06-28T00:22:32.999+0200][21.796s] GC(410) Phase 3: Adjust pointers 15.617ms
[2025-06-28T00:22:32.999+0200][21.796s] GC(410) Phase 4: Compact heap
[2025-06-28T00:22:32.999+0200][21.796s] GC(410) Phase 4: Compact heap 0.275ms
[2025-06-28T00:22:32.999+0200][21.796s] GC(410) Phase 5: Reset Metadata
[2025-06-28T00:22:33.007+0200][21.803s] GC(410) Phase 5: Reset Metadata 7.159ms
[2025-06-28T00:22:33.011+0200][21.807s] GC(410) Eden regions: 0->0(1)
[2025-06-28T00:22:33.011+0200][21.808s] GC(410) Survivor regions: 1->0(1)
[2025-06-28T00:22:33.011+0200][21.808s] GC(410) Old regions: 20->21
[2025-06-28T00:22:33.011+0200][21.808s] GC(410) Humongous regions: 0->0
[2025-06-28T00:22:33.011+0200][21.808s] GC(410) Metaspace: 62175K(62720K)->62175K(62720K) NonClass: 53948K(54272K)->53948K(54272K) Class: 8227K(8448K)->8227K(8448K)
[2025-06-28T00:22:33.011+0200][21.808s] GC(410) Pause Full (G1 Compaction Pause) 19M->19M(22M) 70.992ms
[2025-06-28T00:22:33.012+0200][21.808s] GC(410) User=0.12s Sys=0.03s Real=0.07s
[2025-06-28T00:22:33.104+0200][21.900s] GC(411) Pause Young (Concurrent Start) (G1 Evacuation Pause)
[2025-06-28T00:22:33.104+0200][21.900s] GC(411) Using 2 workers of 10 for evacuation
[2025-06-28T00:22:33.107+0200][21.903s] GC(411)   Pre Evacuate Collection Set: 0.3ms
[2025-06-28T00:22:33.107+0200][21.903s] GC(411)   Merge Heap Roots: 0.2ms
[2025-06-28T00:22:33.107+0200][21.903s] GC(411)   Evacuate Collection Set: 1.3ms
[2025-06-28T00:22:33.107+0200][21.903s] GC(411)   Post Evacuate Collection Set: 0.8ms
[2025-06-28T00:22:33.107+0200][21.903s] GC(411)   Other: 0.2ms
[2025-06-28T00:22:33.107+0200][21.904s] GC(411) Eden regions: 1->0(0)
[2025-06-28T00:22:33.107+0200][21.904s] GC(411) Survivor regions: 0->0(0)
[2025-06-28T00:22:33.107+0200][21.904s] GC(411) Old regions: 21->22
[2025-06-28T00:22:33.108+0200][21.904s] GC(411) Humongous regions: 0->0
[2025-06-28T00:22:33.108+0200][21.904s] GC(411) Metaspace: 62215K(62720K)->62215K(62720K) NonClass: 53978K(54272K)->53978K(54272K) Class: 8236K(8448K)->8236K(8448K)
[2025-06-28T00:22:33.108+0200][21.904s] GC(411) Pause Young (Concurrent Start) (G1 Evacuation Pause) (Evacuation Failure) 20M->20M(22M) 3.364ms
[2025-06-28T00:22:33.108+0200][21.904s] GC(411) User=0.03s Sys=0.03s Real=0.00s
[2025-06-28T00:22:33.108+0200][21.904s] Attempting full compaction
[2025-06-28T00:22:33.108+0200][21.904s] GC(412) Pause Full (G1 Compaction Pause)
[2025-06-28T00:22:33.108+0200][21.904s] GC(412) Using 2 workers of 10 for full compaction
[2025-06-28T00:22:33.108+0200][21.904s] GC(413) Concurrent Mark Cycle
[2025-06-28T00:22:33.108+0200][21.904s] GC(413) Concurrent Scan Root Regions
[2025-06-28T00:22:33.108+0200][21.904s] GC(413) Concurrent Scan Root Regions 0.032ms
[2025-06-28T00:22:33.108+0200][21.904s] GC(412) Phase 1: Mark live objects
[2025-06-28T00:22:33.159+0200][21.956s] GC(412) Phase 1: Mark live objects 51.663ms
[2025-06-28T00:22:33.159+0200][21.956s] GC(412) Phase 2: Prepare compaction
[2025-06-28T00:22:33.161+0200][21.958s] GC(412) Phase 2: Prepare compaction 1.738ms
[2025-06-28T00:22:33.161+0200][21.958s] GC(412) Phase 3: Adjust pointers
[2025-06-28T00:22:33.178+0200][21.974s] GC(412) Phase 3: Adjust pointers 16.210ms
[2025-06-28T00:22:33.178+0200][21.974s] GC(412) Phase 4: Compact heap
[2025-06-28T00:22:33.179+0200][21.975s] GC(412) Phase 4: Compact heap 1.197ms
[2025-06-28T00:22:33.179+0200][21.975s] GC(412) Phase 5: Reset Metadata
[2025-06-28T00:22:33.185+0200][21.982s] GC(412) Phase 5: Reset Metadata 6.095ms
[2025-06-28T00:22:33.190+0200][21.986s] GC(412) Eden regions: 0->0(1)
[2025-06-28T00:22:33.190+0200][21.986s] GC(412) Survivor regions: 0->0(0)
[2025-06-28T00:22:33.190+0200][21.986s] GC(412) Old regions: 22->20
[2025-06-28T00:22:33.190+0200][21.986s] GC(412) Humongous regions: 0->0
[2025-06-28T00:22:33.190+0200][21.986s] GC(412) Metaspace: 62215K(62720K)->62211K(62720K) NonClass: 53978K(54272K)->53976K(54272K) Class: 8236K(8448K)->8235K(8448K)
[2025-06-28T00:22:33.190+0200][21.986s] GC(412) Pause Full (G1 Compaction Pause) 20M->19M(22M) 82.303ms
[2025-06-28T00:22:33.190+0200][21.986s] GC(412) User=0.27s Sys=0.00s Real=0.08s
[2025-06-28T00:22:33.190+0200][21.986s] GC(413) Concurrent Mark Abort
[2025-06-28T00:22:33.190+0200][21.986s] GC(413) Concurrent Mark Cycle 82.586ms
[2025-06-28T00:22:33.209+0200][22.005s] GC(414) Pause Young (Normal) (G1 Evacuation Pause)
[2025-06-28T00:22:33.209+0200][22.006s] GC(414) Using 2 workers of 10 for evacuation
[2025-06-28T00:22:33.212+0200][22.008s] GC(414)   Pre Evacuate Collection Set: 0.2ms
[2025-06-28T00:22:33.212+0200][22.009s] GC(414)   Merge Heap Roots: 0.2ms
[2025-06-28T00:22:33.212+0200][22.009s] GC(414)   Evacuate Collection Set: 1.9ms
[2025-06-28T00:22:33.212+0200][22.009s] GC(414)   Post Evacuate Collection Set: 0.5ms
[2025-06-28T00:22:33.212+0200][22.009s] GC(414)   Other: 0.1ms
[2025-06-28T00:22:33.212+0200][22.009s] GC(414) Eden regions: 1->0(0)
[2025-06-28T00:22:33.212+0200][22.009s] GC(414) Survivor regions: 0->1(1)
[2025-06-28T00:22:33.212+0200][22.009s] GC(414) Old regions: 20->20
[2025-06-28T00:22:33.212+0200][22.009s] GC(414) Humongous regions: 0->0
[2025-06-28T00:22:33.212+0200][22.009s] GC(414) Metaspace: 62213K(62720K)->62213K(62720K) NonClass: 53978K(54272K)->53978K(54272K) Class: 8235K(8448K)->8235K(8448K)
[2025-06-28T00:22:33.212+0200][22.009s] GC(414) Pause Young (Normal) (G1 Evacuation Pause) 20M->19M(22M) 3.328ms
[2025-06-28T00:22:33.212+0200][22.009s] GC(414) User=0.00s Sys=0.00s Real=0.00s
[2025-06-28T00:22:33.212+0200][22.009s] Attempting full compaction
[2025-06-28T00:22:33.212+0200][22.009s] GC(415) Pause Full (G1 Compaction Pause)
[2025-06-28T00:22:33.212+0200][22.009s] GC(415) Using 2 workers of 10 for full compaction
[2025-06-28T00:22:33.212+0200][22.009s] GC(415) Phase 1: Mark live objects
[2025-06-28T00:22:33.253+0200][22.050s] GC(415) Phase 1: Mark live objects 40.480ms
[2025-06-28T00:22:33.253+0200][22.050s] GC(415) Phase 2: Prepare compaction
[2025-06-28T00:22:33.254+0200][22.051s] GC(415) Phase 2: Prepare compaction 1.240ms
[2025-06-28T00:22:33.255+0200][22.051s] GC(415) Phase 3: Adjust pointers
[2025-06-28T00:22:33.272+0200][22.069s] GC(415) Phase 3: Adjust pointers 17.581ms
[2025-06-28T00:22:33.272+0200][22.069s] GC(415) Phase 4: Compact heap
[2025-06-28T00:22:33.274+0200][22.070s] GC(415) Phase 4: Compact heap 1.166ms
[2025-06-28T00:22:33.274+0200][22.070s] GC(415) Phase 5: Reset Metadata
[2025-06-28T00:22:33.281+0200][22.078s] GC(415) Phase 5: Reset Metadata 7.508ms
[2025-06-28T00:22:33.287+0200][22.084s] GC(415) Eden regions: 0->0(1)
[2025-06-28T00:22:33.296+0200][22.092s] GC(415) Survivor regions: 1->0(1)
[2025-06-28T00:22:33.296+0200][22.092s] GC(415) Old regions: 20->20
[2025-06-28T00:22:33.296+0200][22.092s] GC(415) Humongous regions: 0->0
[2025-06-28T00:22:33.296+0200][22.092s] GC(415) Metaspace: 62213K(62720K)->62213K(62720K) NonClass: 53978K(54272K)->53978K(54272K) Class: 8235K(8448K)->8235K(8448K)
[2025-06-28T00:22:33.296+0200][22.092s] GC(415) Pause Full (G1 Compaction Pause) 19M->19M(22M) 83.393ms
[2025-06-28T00:22:33.296+0200][22.092s] GC(415) User=0.14s Sys=0.00s Real=0.08s
[2025-06-28T00:22:33.343+0200][22.139s] GC(416) Pause Young (Concurrent Start) (G1 Evacuation Pause)
[2025-06-28T00:22:33.343+0200][22.139s] GC(416) Using 2 workers of 10 for evacuation
[2025-06-28T00:22:33.347+0200][22.143s] GC(416)   Pre Evacuate Collection Set: 0.3ms
[2025-06-28T00:22:33.347+0200][22.143s] GC(416)   Merge Heap Roots: 0.1ms
[2025-06-28T00:22:33.347+0200][22.143s] GC(416)   Evacuate Collection Set: 2.2ms
[2025-06-28T00:22:33.347+0200][22.143s] GC(416)   Post Evacuate Collection Set: 0.8ms
[2025-06-28T00:22:33.347+0200][22.143s] GC(416)   Other: 0.2ms
[2025-06-28T00:22:33.347+0200][22.143s] GC(416) Eden regions: 1->0(0)
[2025-06-28T00:22:33.347+0200][22.143s] GC(416) Survivor regions: 0->1(1)
[2025-06-28T00:22:33.347+0200][22.143s] GC(416) Old regions: 20->20
[2025-06-28T00:22:33.347+0200][22.143s] GC(416) Humongous regions: 0->0
[2025-06-28T00:22:33.347+0200][22.143s] GC(416) Metaspace: 62223K(62720K)->62223K(62720K) NonClass: 53988K(54272K)->53988K(54272K) Class: 8235K(8448K)->8235K(8448K)
[2025-06-28T00:22:33.347+0200][22.143s] GC(416) Pause Young (Concurrent Start) (G1 Evacuation Pause) 20M->19M(22M) 4.227ms
[2025-06-28T00:22:33.347+0200][22.143s] GC(416) User=0.00s Sys=0.00s Real=0.00s
[2025-06-28T00:22:33.347+0200][22.143s] Attempting full compaction
[2025-06-28T00:22:33.347+0200][22.143s] GC(417) Concurrent Mark Cycle
[2025-06-28T00:22:33.347+0200][22.143s] GC(418) Pause Full (G1 Compaction Pause)
[2025-06-28T00:22:33.347+0200][22.143s] GC(417) Concurrent Scan Root Regions
[2025-06-28T00:22:33.347+0200][22.144s] GC(418) Using 2 workers of 10 for full compaction
[2025-06-28T00:22:33.349+0200][22.145s] GC(417) Concurrent Scan Root Regions 1.559ms
[2025-06-28T00:22:33.349+0200][22.145s] GC(417) Concurrent Mark
[2025-06-28T00:22:33.349+0200][22.145s] GC(417) Concurrent Mark From Roots
[2025-06-28T00:22:33.349+0200][22.145s] GC(417) Using 3 workers of 3 for marking
[2025-06-28T00:22:33.349+0200][22.145s] GC(418) Phase 1: Mark live objects
[2025-06-28T00:22:33.396+0200][22.192s] GC(418) Phase 1: Mark live objects 47.209ms
[2025-06-28T00:22:33.396+0200][22.193s] GC(418) Phase 2: Prepare compaction
[2025-06-28T00:22:33.397+0200][22.193s] GC(418) Phase 2: Prepare compaction 0.815ms
[2025-06-28T00:22:33.397+0200][22.193s] GC(418) Phase 3: Adjust pointers
[2025-06-28T00:22:33.414+0200][22.210s] GC(418) Phase 3: Adjust pointers 16.331ms
[2025-06-28T00:22:33.414+0200][22.210s] GC(418) Phase 4: Compact heap
[2025-06-28T00:22:33.415+0200][22.211s] GC(418) Phase 4: Compact heap 0.730ms
[2025-06-28T00:22:33.415+0200][22.211s] GC(418) Phase 5: Reset Metadata
[2025-06-28T00:22:33.421+0200][22.217s] GC(418) Phase 5: Reset Metadata 5.803ms
[2025-06-28T00:22:33.425+0200][22.221s] GC(418) Eden regions: 0->0(1)
[2025-06-28T00:22:33.425+0200][22.221s] GC(418) Survivor regions: 1->0(1)
[2025-06-28T00:22:33.425+0200][22.221s] GC(418) Old regions: 20->20
[2025-06-28T00:22:33.425+0200][22.221s] GC(418) Humongous regions: 0->0
[2025-06-28T00:22:33.425+0200][22.221s] GC(418) Metaspace: 62223K(62720K)->62223K(62720K) NonClass: 53988K(54272K)->53988K(54272K) Class: 8235K(8448K)->8235K(8448K)
[2025-06-28T00:22:33.425+0200][22.221s] GC(418) Pause Full (G1 Compaction Pause) 19M->19M(22M) 77.805ms
[2025-06-28T00:22:33.425+0200][22.221s] GC(418) User=0.16s Sys=0.00s Real=0.08s
[2025-06-28T00:22:33.425+0200][22.221s] GC(417) Concurrent Mark From Roots 76.291ms
[2025-06-28T00:22:33.426+0200][22.222s] GC(417) Concurrent Mark Abort
[2025-06-28T00:22:33.426+0200][22.222s] GC(417) Concurrent Mark Cycle 78.281ms
[2025-06-28T00:22:33.435+0200][22.231s] GC(419) Pause Young (Normal) (G1 Evacuation Pause)
[2025-06-28T00:22:33.436+0200][22.232s] GC(419) Using 2 workers of 10 for evacuation
[2025-06-28T00:22:33.437+0200][22.233s] GC(419)   Pre Evacuate Collection Set: 0.2ms
[2025-06-28T00:22:33.437+0200][22.233s] GC(419)   Merge Heap Roots: 0.1ms
[2025-06-28T00:22:33.437+0200][22.233s] GC(419)   Evacuate Collection Set: 0.6ms
[2025-06-28T00:22:33.438+0200][22.234s] GC(419)   Post Evacuate Collection Set: 0.6ms
[2025-06-28T00:22:33.438+0200][22.234s] GC(419)   Other: 0.1ms
[2025-06-28T00:22:33.438+0200][22.234s] GC(419) Eden regions: 1->0(0)
[2025-06-28T00:22:33.438+0200][22.234s] GC(419) Survivor regions: 0->1(1)
[2025-06-28T00:22:33.438+0200][22.234s] GC(419) Old regions: 20->20
[2025-06-28T00:22:33.438+0200][22.234s] GC(419) Humongous regions: 0->0
[2025-06-28T00:22:33.438+0200][22.234s] GC(419) Metaspace: 62223K(62720K)->62223K(62720K) NonClass: 53988K(54272K)->53988K(54272K) Class: 8235K(8448K)->8235K(8448K)
[2025-06-28T00:22:33.438+0200][22.234s] GC(419) Pause Young (Normal) (G1 Evacuation Pause) 20M->19M(22M) 2.272ms
[2025-06-28T00:22:33.438+0200][22.234s] GC(419) User=0.00s Sys=0.00s Real=0.00s
[2025-06-28T00:22:33.438+0200][22.234s] Attempting full compaction
[2025-06-28T00:22:33.438+0200][22.234s] GC(420) Pause Full (G1 Compaction Pause)
[2025-06-28T00:22:33.438+0200][22.234s] GC(420) Using 2 workers of 10 for full compaction
[2025-06-28T00:22:33.438+0200][22.234s] GC(420) Phase 1: Mark live objects
[2025-06-28T00:22:33.480+0200][22.276s] GC(420) Phase 1: Mark live objects 41.779ms
[2025-06-28T00:22:33.480+0200][22.276s] GC(420) Phase 2: Prepare compaction
[2025-06-28T00:22:33.481+0200][22.277s] GC(420) Phase 2: Prepare compaction 0.808ms
[2025-06-28T00:22:33.481+0200][22.277s] GC(420) Phase 3: Adjust pointers
[2025-06-28T00:22:33.499+0200][22.296s] GC(420) Phase 3: Adjust pointers 19.023ms
[2025-06-28T00:22:33.500+0200][22.296s] GC(420) Phase 4: Compact heap
[2025-06-28T00:22:33.501+0200][22.297s] GC(420) Phase 4: Compact heap 1.003ms
[2025-06-28T00:22:33.501+0200][22.297s] GC(420) Phase 5: Reset Metadata
[2025-06-28T00:22:33.508+0200][22.304s] GC(420) Phase 5: Reset Metadata 6.863ms
[2025-06-28T00:22:33.513+0200][22.309s] GC(420) Eden regions: 0->0(1)
[2025-06-28T00:22:33.513+0200][22.309s] GC(420) Survivor regions: 1->0(1)
[2025-06-28T00:22:33.513+0200][22.309s] GC(420) Old regions: 20->20
[2025-06-28T00:22:33.513+0200][22.309s] GC(420) Humongous regions: 0->0
[2025-06-28T00:22:33.513+0200][22.309s] GC(420) Metaspace: 62223K(62720K)->62223K(62720K) NonClass: 53988K(54272K)->53988K(54272K) Class: 8235K(8448K)->8235K(8448K)
[2025-06-28T00:22:33.513+0200][22.310s] GC(420) Pause Full (G1 Compaction Pause) 19M->19M(22M) 75.705ms
[2025-06-28T00:22:33.513+0200][22.310s] GC(420) User=0.12s Sys=0.00s Real=0.08s
[2025-06-28T00:22:33.532+0200][22.328s] GC(421) Pause Young (Concurrent Start) (G1 Evacuation Pause)
[2025-06-28T00:22:33.532+0200][22.329s] GC(421) Using 2 workers of 10 for evacuation
[2025-06-28T00:22:33.536+0200][22.332s] GC(421)   Pre Evacuate Collection Set: 0.3ms
[2025-06-28T00:22:33.536+0200][22.332s] GC(421)   Merge Heap Roots: 0.1ms
[2025-06-28T00:22:33.536+0200][22.332s] GC(421)   Evacuate Collection Set: 1.6ms
[2025-06-28T00:22:33.536+0200][22.332s] GC(421)   Post Evacuate Collection Set: 1.0ms
[2025-06-28T00:22:33.536+0200][22.332s] GC(421)   Other: 0.3ms
[2025-06-28T00:22:33.536+0200][22.332s] GC(421) Eden regions: 1->0(0)
[2025-06-28T00:22:33.536+0200][22.332s] GC(421) Survivor regions: 0->1(1)
[2025-06-28T00:22:33.536+0200][22.332s] GC(421) Old regions: 20->20
[2025-06-28T00:22:33.536+0200][22.332s] GC(421) Humongous regions: 0->0
[2025-06-28T00:22:33.536+0200][22.332s] GC(421) Metaspace: 62224K(62720K)->62224K(62720K) NonClass: 53989K(54272K)->53989K(54272K) Class: 8235K(8448K)->8235K(8448K)
[2025-06-28T00:22:33.536+0200][22.333s] GC(421) Pause Young (Concurrent Start) (G1 Evacuation Pause) 20M->19M(22M) 4.104ms
[2025-06-28T00:22:33.536+0200][22.333s] GC(421) User=0.00s Sys=0.00s Real=0.00s
[2025-06-28T00:22:33.536+0200][22.333s] Attempting full compaction
[2025-06-28T00:22:33.536+0200][22.333s] GC(422) Concurrent Mark Cycle
[2025-06-28T00:22:33.537+0200][22.333s] GC(423) Pause Full (G1 Compaction Pause)
[2025-06-28T00:22:33.537+0200][22.333s] GC(422) Concurrent Scan Root Regions
[2025-06-28T00:22:33.537+0200][22.333s] GC(423) Using 2 workers of 10 for full compaction
[2025-06-28T00:22:33.539+0200][22.335s] GC(422) Concurrent Scan Root Regions 2.046ms
[2025-06-28T00:22:33.539+0200][22.335s] GC(422) Concurrent Mark
[2025-06-28T00:22:33.539+0200][22.335s] GC(422) Concurrent Mark From Roots
[2025-06-28T00:22:33.539+0200][22.335s] GC(422) Using 3 workers of 3 for marking
[2025-06-28T00:22:33.539+0200][22.335s] GC(423) Phase 1: Mark live objects
[2025-06-28T00:22:33.589+0200][22.385s] GC(423) Phase 1: Mark live objects 49.683ms
[2025-06-28T00:22:33.589+0200][22.385s] GC(423) Phase 2: Prepare compaction
[2025-06-28T00:22:33.590+0200][22.386s] GC(423) Phase 2: Prepare compaction 0.913ms
[2025-06-28T00:22:33.590+0200][22.386s] GC(423) Phase 3: Adjust pointers
[2025-06-28T00:22:33.605+0200][22.402s] GC(423) Phase 3: Adjust pointers 15.705ms
[2025-06-28T00:22:33.605+0200][22.402s] GC(423) Phase 4: Compact heap
[2025-06-28T00:22:33.607+0200][22.403s] GC(423) Phase 4: Compact heap 0.811ms
[2025-06-28T00:22:33.607+0200][22.403s] GC(423) Phase 5: Reset Metadata
[2025-06-28T00:22:33.613+0200][22.409s] GC(423) Phase 5: Reset Metadata 5.741ms
[2025-06-28T00:22:33.617+0200][22.412s] GC(423) Eden regions: 0->0(1)
[2025-06-28T00:22:33.617+0200][22.413s] GC(423) Survivor regions: 1->0(1)
[2025-06-28T00:22:33.617+0200][22.413s] GC(423) Old regions: 20->20
[2025-06-28T00:22:33.617+0200][22.413s] GC(423) Humongous regions: 0->0
[2025-06-28T00:22:33.617+0200][22.413s] GC(423) Metaspace: 62224K(62720K)->62224K(62720K) NonClass: 53989K(54272K)->53989K(54272K) Class: 8235K(8448K)->8235K(8448K)
[2025-06-28T00:22:33.617+0200][22.413s] GC(423) Pause Full (G1 Compaction Pause) 19M->19M(22M) 79.903ms
[2025-06-28T00:22:33.617+0200][22.413s] GC(423) User=0.14s Sys=0.00s Real=0.08s
[2025-06-28T00:22:33.617+0200][22.413s] GC(422) Concurrent Mark From Roots 78.005ms
[2025-06-28T00:22:33.617+0200][22.413s] GC(422) Concurrent Mark Abort
[2025-06-28T00:22:33.617+0200][22.413s] GC(422) Concurrent Mark Cycle 80.619ms
[2025-06-28T00:22:33.627+0200][22.424s] GC(424) Pause Young (Normal) (G1 Evacuation Pause)
[2025-06-28T00:22:33.627+0200][22.424s] GC(424) Using 2 workers of 10 for evacuation
[2025-06-28T00:22:33.630+0200][22.426s] GC(424)   Pre Evacuate Collection Set: 0.2ms
[2025-06-28T00:22:33.630+0200][22.426s] GC(424)   Merge Heap Roots: 0.1ms
[2025-06-28T00:22:33.630+0200][22.426s] GC(424)   Evacuate Collection Set: 0.6ms
[2025-06-28T00:22:33.630+0200][22.426s] GC(424)   Post Evacuate Collection Set: 0.7ms
[2025-06-28T00:22:33.630+0200][22.426s] GC(424)   Other: 0.1ms
[2025-06-28T00:22:33.630+0200][22.426s] GC(424) Eden regions: 1->0(0)
[2025-06-28T00:22:33.630+0200][22.426s] GC(424) Survivor regions: 0->1(1)
[2025-06-28T00:22:33.630+0200][22.426s] GC(424) Old regions: 20->20
[2025-06-28T00:22:33.630+0200][22.426s] GC(424) Humongous regions: 0->0
[2025-06-28T00:22:33.630+0200][22.426s] GC(424) Metaspace: 62224K(62720K)->62224K(62720K) NonClass: 53989K(54272K)->53989K(54272K) Class: 8235K(8448K)->8235K(8448K)
[2025-06-28T00:22:33.631+0200][22.427s] GC(424) Pause Young (Normal) (G1 Evacuation Pause) 20M->19M(22M) 2.457ms
[2025-06-28T00:22:33.631+0200][22.427s] GC(424) User=0.00s Sys=0.00s Real=0.00s
[2025-06-28T00:22:33.631+0200][22.427s] Attempting full compaction
[2025-06-28T00:22:33.631+0200][22.427s] GC(425) Pause Full (G1 Compaction Pause)
[2025-06-28T00:22:33.631+0200][22.427s] GC(425) Using 2 workers of 10 for full compaction
[2025-06-28T00:22:33.631+0200][22.427s] GC(425) Phase 1: Mark live objects
[2025-06-28T00:22:33.673+0200][22.470s] GC(425) Phase 1: Mark live objects 42.881ms
[2025-06-28T00:22:33.673+0200][22.470s] GC(425) Phase 2: Prepare compaction
[2025-06-28T00:22:33.674+0200][22.471s] GC(425) Phase 2: Prepare compaction 0.792ms
[2025-06-28T00:22:33.674+0200][22.471s] GC(425) Phase 3: Adjust pointers
[2025-06-28T00:22:33.689+0200][22.486s] GC(425) Phase 3: Adjust pointers 15.169ms
[2025-06-28T00:22:33.689+0200][22.486s] GC(425) Phase 4: Compact heap
[2025-06-28T00:22:33.690+0200][22.487s] GC(425) Phase 4: Compact heap 0.860ms
[2025-06-28T00:22:33.690+0200][22.487s] GC(425) Phase 5: Reset Metadata
[2025-06-28T00:22:33.695+0200][22.492s] GC(425) Phase 5: Reset Metadata 5.119ms
[2025-06-28T00:22:33.700+0200][22.496s] GC(425) Eden regions: 0->0(1)
[2025-06-28T00:22:33.700+0200][22.496s] GC(425) Survivor regions: 1->0(1)
[2025-06-28T00:22:33.700+0200][22.496s] GC(425) Old regions: 20->20
[2025-06-28T00:22:33.700+0200][22.496s] GC(425) Humongous regions: 0->0
[2025-06-28T00:22:33.700+0200][22.497s] GC(425) Metaspace: 62224K(62720K)->62224K(62720K) NonClass: 53989K(54272K)->53989K(54272K) Class: 8235K(8448K)->8235K(8448K)
[2025-06-28T00:22:33.700+0200][22.497s] GC(425) Pause Full (G1 Compaction Pause) 19M->19M(22M) 69.994ms
[2025-06-28T00:22:33.700+0200][22.497s] GC(425) User=0.17s Sys=0.00s Real=0.07s
[2025-06-28T00:22:33.725+0200][22.522s] GC(426) Pause Young (Concurrent Start) (G1 Evacuation Pause)
[2025-06-28T00:22:33.726+0200][22.522s] GC(426) Using 2 workers of 10 for evacuation
[2025-06-28T00:22:33.728+0200][22.525s] GC(426)   Pre Evacuate Collection Set: 0.3ms
[2025-06-28T00:22:33.729+0200][22.525s] GC(426)   Merge Heap Roots: 0.1ms
[2025-06-28T00:22:33.729+0200][22.525s] GC(426)   Evacuate Collection Set: 1.6ms
[2025-06-28T00:22:33.729+0200][22.525s] GC(426)   Post Evacuate Collection Set: 0.6ms
[2025-06-28T00:22:33.729+0200][22.525s] GC(426)   Other: 0.2ms
[2025-06-28T00:22:33.729+0200][22.525s] GC(426) Eden regions: 1->0(0)
[2025-06-28T00:22:33.729+0200][22.525s] GC(426) Survivor regions: 0->1(1)
[2025-06-28T00:22:33.729+0200][22.525s] GC(426) Old regions: 20->20
[2025-06-28T00:22:33.729+0200][22.525s] GC(426) Humongous regions: 0->0
[2025-06-28T00:22:33.729+0200][22.525s] GC(426) Metaspace: 62224K(62720K)->62224K(62720K) NonClass: 53989K(54272K)->53989K(54272K) Class: 8235K(8448K)->8235K(8448K)
[2025-06-28T00:22:33.729+0200][22.525s] GC(426) Pause Young (Concurrent Start) (G1 Evacuation Pause) 20M->19M(22M) 3.552ms
[2025-06-28T00:22:33.729+0200][22.525s] GC(426) User=0.00s Sys=0.00s Real=0.00s
[2025-06-28T00:22:33.729+0200][22.525s] GC(427) Concurrent Mark Cycle
[2025-06-28T00:22:33.729+0200][22.525s] Attempting full compaction
[2025-06-28T00:22:33.729+0200][22.525s] GC(427) Concurrent Scan Root Regions
[2025-06-28T00:22:33.729+0200][22.526s] GC(428) Pause Full (G1 Compaction Pause)
[2025-06-28T00:22:33.730+0200][22.526s] GC(428) Using 2 workers of 10 for full compaction
[2025-06-28T00:22:33.731+0200][22.527s] GC(427) Concurrent Scan Root Regions 1.322ms
[2025-06-28T00:22:33.731+0200][22.527s] GC(427) Concurrent Mark
[2025-06-28T00:22:33.731+0200][22.527s] GC(427) Concurrent Mark From Roots
[2025-06-28T00:22:33.731+0200][22.527s] GC(427) Using 3 workers of 3 for marking
[2025-06-28T00:22:33.731+0200][22.527s] GC(428) Phase 1: Mark live objects
[2025-06-28T00:22:33.774+0200][22.570s] GC(428) Phase 1: Mark live objects 43.058ms
[2025-06-28T00:22:33.774+0200][22.570s] GC(428) Phase 2: Prepare compaction
[2025-06-28T00:22:33.775+0200][22.571s] GC(428) Phase 2: Prepare compaction 0.776ms
[2025-06-28T00:22:33.775+0200][22.571s] GC(428) Phase 3: Adjust pointers
[2025-06-28T00:22:33.791+0200][22.587s] GC(428) Phase 3: Adjust pointers 15.880ms
[2025-06-28T00:22:33.791+0200][22.587s] GC(428) Phase 4: Compact heap
[2025-06-28T00:22:33.792+0200][22.588s] GC(428) Phase 4: Compact heap 0.732ms
[2025-06-28T00:22:33.792+0200][22.588s] GC(428) Phase 5: Reset Metadata
[2025-06-28T00:22:33.798+0200][22.594s] GC(428) Phase 5: Reset Metadata 5.969ms
[2025-06-28T00:22:33.804+0200][22.600s] GC(428) Eden regions: 0->0(1)
[2025-06-28T00:22:33.804+0200][22.600s] GC(428) Survivor regions: 1->0(1)
[2025-06-28T00:22:33.804+0200][22.600s] GC(428) Old regions: 20->20
[2025-06-28T00:22:33.804+0200][22.600s] GC(428) Humongous regions: 0->0
[2025-06-28T00:22:33.804+0200][22.601s] GC(428) Metaspace: 62224K(62720K)->62224K(62720K) NonClass: 53989K(54272K)->53989K(54272K) Class: 8235K(8448K)->8235K(8448K)
[2025-06-28T00:22:33.804+0200][22.601s] GC(428) Pause Full (G1 Compaction Pause) 19M->19M(22M) 74.983ms
[2025-06-28T00:22:33.804+0200][22.601s] GC(428) User=0.11s Sys=0.00s Real=0.07s
[2025-06-28T00:22:33.807+0200][22.603s] GC(427) Concurrent Mark From Roots 76.251ms
[2025-06-28T00:22:33.807+0200][22.603s] GC(427) Concurrent Mark Abort
[2025-06-28T00:22:33.807+0200][22.603s] GC(427) Concurrent Mark Cycle 77.959ms
[2025-06-28T00:22:33.826+0200][22.622s] GC(429) Pause Young (Normal) (G1 Evacuation Pause)
[2025-06-28T00:22:33.826+0200][22.622s] GC(429) Using 2 workers of 10 for evacuation
[2025-06-28T00:22:33.828+0200][22.624s] GC(429)   Pre Evacuate Collection Set: 0.3ms
[2025-06-28T00:22:33.829+0200][22.625s] GC(429)   Merge Heap Roots: 0.2ms
[2025-06-28T00:22:33.829+0200][22.625s] GC(429)   Evacuate Collection Set: 0.9ms
[2025-06-28T00:22:33.829+0200][22.625s] GC(429)   Post Evacuate Collection Set: 0.8ms
[2025-06-28T00:22:33.829+0200][22.625s] GC(429)   Other: 0.2ms
[2025-06-28T00:22:33.829+0200][22.625s] GC(429) Eden regions: 1->0(0)
[2025-06-28T00:22:33.829+0200][22.625s] GC(429) Survivor regions: 0->1(1)
[2025-06-28T00:22:33.829+0200][22.625s] GC(429) Old regions: 20->20
[2025-06-28T00:22:33.829+0200][22.625s] GC(429) Humongous regions: 0->0
[2025-06-28T00:22:33.829+0200][22.625s] GC(429) Metaspace: 62224K(62720K)->62224K(62720K) NonClass: 53989K(54272K)->53989K(54272K) Class: 8235K(8448K)->8235K(8448K)
[2025-06-28T00:22:33.829+0200][22.625s] GC(429) Pause Young (Normal) (G1 Evacuation Pause) 20M->19M(22M) 2.978ms
[2025-06-28T00:22:33.829+0200][22.625s] GC(429) User=0.00s Sys=0.00s Real=0.00s
[2025-06-28T00:22:33.829+0200][22.625s] Attempting full compaction
[2025-06-28T00:22:33.829+0200][22.625s] GC(430) Pause Full (G1 Compaction Pause)
[2025-06-28T00:22:33.829+0200][22.625s] GC(430) Using 2 workers of 10 for full compaction
[2025-06-28T00:22:33.829+0200][22.625s] GC(430) Phase 1: Mark live objects
[2025-06-28T00:22:33.872+0200][22.668s] GC(430) Phase 1: Mark live objects 43.137ms
[2025-06-28T00:22:33.873+0200][22.668s] GC(430) Phase 2: Prepare compaction
[2025-06-28T00:22:33.873+0200][22.669s] GC(430) Phase 2: Prepare compaction 0.766ms
[2025-06-28T00:22:33.873+0200][22.669s] GC(430) Phase 3: Adjust pointers
[2025-06-28T00:22:33.890+0200][22.687s] GC(430) Phase 3: Adjust pointers 17.229ms
[2025-06-28T00:22:33.891+0200][22.687s] GC(430) Phase 4: Compact heap
[2025-06-28T00:22:33.891+0200][22.687s] GC(430) Phase 4: Compact heap 0.783ms
[2025-06-28T00:22:33.891+0200][22.687s] GC(430) Phase 5: Reset Metadata
[2025-06-28T00:22:33.897+0200][22.693s] GC(430) Phase 5: Reset Metadata 5.797ms
[2025-06-28T00:22:33.902+0200][22.698s] GC(430) Eden regions: 0->0(1)
[2025-06-28T00:22:33.902+0200][22.698s] GC(430) Survivor regions: 1->0(1)
[2025-06-28T00:22:33.902+0200][22.698s] GC(430) Old regions: 20->20
[2025-06-28T00:22:33.902+0200][22.698s] GC(430) Humongous regions: 0->0
[2025-06-28T00:22:33.902+0200][22.698s] GC(430) Metaspace: 62224K(62720K)->62224K(62720K) NonClass: 53989K(54272K)->53989K(54272K) Class: 8235K(8448K)->8235K(8448K)
[2025-06-28T00:22:33.902+0200][22.698s] GC(430) Pause Full (G1 Compaction Pause) 19M->19M(22M) 73.133ms
[2025-06-28T00:22:33.902+0200][22.698s] GC(430) User=0.11s Sys=0.02s Real=0.07s
[2025-06-28T00:22:33.954+0200][22.750s] GC(431) Pause Young (Concurrent Start) (G1 Evacuation Pause)
[2025-06-28T00:22:33.954+0200][22.751s] GC(431) Using 2 workers of 10 for evacuation
[2025-06-28T00:22:33.959+0200][22.756s] GC(431)   Pre Evacuate Collection Set: 0.3ms
[2025-06-28T00:22:33.960+0200][22.756s] GC(431)   Merge Heap Roots: 0.1ms
[2025-06-28T00:22:33.960+0200][22.756s] GC(431)   Evacuate Collection Set: 2.3ms
[2025-06-28T00:22:33.960+0200][22.756s] GC(431)   Post Evacuate Collection Set: 2.2ms
[2025-06-28T00:22:33.960+0200][22.756s] GC(431)   Other: 0.4ms
[2025-06-28T00:22:33.960+0200][22.756s] GC(431) Eden regions: 1->0(0)
[2025-06-28T00:22:33.960+0200][22.756s] GC(431) Survivor regions: 0->1(1)
[2025-06-28T00:22:33.960+0200][22.756s] GC(431) Old regions: 20->20
[2025-06-28T00:22:33.960+0200][22.756s] GC(431) Humongous regions: 0->0
[2025-06-28T00:22:33.960+0200][22.757s] GC(431) Metaspace: 62258K(62848K)->62258K(62848K) NonClass: 54014K(54336K)->54014K(54336K) Class: 8243K(8512K)->8243K(8512K)
[2025-06-28T00:22:33.961+0200][22.757s] GC(431) Pause Young (Concurrent Start) (G1 Evacuation Pause) 20M->19M(22M) 6.310ms
[2025-06-28T00:22:33.961+0200][22.757s] GC(431) User=0.00s Sys=0.00s Real=0.01s
[2025-06-28T00:22:33.961+0200][22.757s] GC(432) Concurrent Mark Cycle
[2025-06-28T00:22:33.961+0200][22.757s] Attempting full compaction
[2025-06-28T00:22:33.961+0200][22.757s] GC(432) Concurrent Scan Root Regions
[2025-06-28T00:22:33.961+0200][22.757s] GC(433) Pause Full (G1 Compaction Pause)
[2025-06-28T00:22:33.962+0200][22.758s] GC(433) Using 2 workers of 10 for full compaction
[2025-06-28T00:22:33.963+0200][22.759s] GC(432) Concurrent Scan Root Regions 1.484ms
[2025-06-28T00:22:33.963+0200][22.759s] GC(432) Concurrent Mark
[2025-06-28T00:22:33.963+0200][22.759s] GC(432) Concurrent Mark From Roots
[2025-06-28T00:22:33.963+0200][22.759s] GC(432) Using 3 workers of 3 for marking
[2025-06-28T00:22:33.963+0200][22.759s] GC(433) Phase 1: Mark live objects
[2025-06-28T00:22:34.024+0200][22.820s] GC(433) Phase 1: Mark live objects 61.405ms
[2025-06-28T00:22:34.025+0200][22.820s] GC(433) Phase 2: Prepare compaction
[2025-06-28T00:22:34.026+0200][22.822s] GC(433) Phase 2: Prepare compaction 1.201ms
[2025-06-28T00:22:34.026+0200][22.822s] GC(433) Phase 3: Adjust pointers
[2025-06-28T00:22:34.045+0200][22.841s] GC(433) Phase 3: Adjust pointers 19.019ms
[2025-06-28T00:22:34.045+0200][22.841s] GC(433) Phase 4: Compact heap
[2025-06-28T00:22:34.046+0200][22.842s] GC(433) Phase 4: Compact heap 1.073ms
[2025-06-28T00:22:34.046+0200][22.842s] GC(433) Phase 5: Reset Metadata
[2025-06-28T00:22:34.052+0200][22.849s] GC(433) Phase 5: Reset Metadata 6.753ms
[2025-06-28T00:22:34.058+0200][22.854s] GC(433) Eden regions: 0->0(1)
[2025-06-28T00:22:34.058+0200][22.854s] GC(433) Survivor regions: 1->0(1)
[2025-06-28T00:22:34.058+0200][22.854s] GC(433) Old regions: 20->20
[2025-06-28T00:22:34.058+0200][22.854s] GC(433) Humongous regions: 0->0
[2025-06-28T00:22:34.058+0200][22.854s] GC(433) Metaspace: 62258K(62848K)->62258K(62848K) NonClass: 54014K(54336K)->54014K(54336K) Class: 8243K(8512K)->8243K(8512K)
[2025-06-28T00:22:34.058+0200][22.854s] GC(433) Pause Full (G1 Compaction Pause) 19M->19M(22M) 96.777ms
[2025-06-28T00:22:34.058+0200][22.854s] GC(433) User=0.20s Sys=0.00s Real=0.10s
[2025-06-28T00:22:34.058+0200][22.854s] GC(432) Concurrent Mark From Roots 95.645ms
[2025-06-28T00:22:34.058+0200][22.855s] GC(432) Concurrent Mark Abort
[2025-06-28T00:22:34.058+0200][22.855s] GC(432) Concurrent Mark Cycle 97.811ms
[2025-06-28T00:22:34.106+0200][22.902s] GC(434) Pause Young (Normal) (G1 Evacuation Pause)
[2025-06-28T00:22:34.106+0200][22.903s] GC(434) Using 2 workers of 10 for evacuation
[2025-06-28T00:22:34.109+0200][22.905s] GC(434)   Pre Evacuate Collection Set: 0.2ms
[2025-06-28T00:22:34.109+0200][22.905s] GC(434)   Merge Heap Roots: 0.1ms
[2025-06-28T00:22:34.109+0200][22.905s] GC(434)   Evacuate Collection Set: 1.2ms
[2025-06-28T00:22:34.109+0200][22.905s] GC(434)   Post Evacuate Collection Set: 0.8ms
[2025-06-28T00:22:34.109+0200][22.905s] GC(434)   Other: 0.2ms
[2025-06-28T00:22:34.109+0200][22.905s] GC(434) Eden regions: 1->0(0)
[2025-06-28T00:22:34.109+0200][22.905s] GC(434) Survivor regions: 0->1(1)
[2025-06-28T00:22:34.109+0200][22.905s] GC(434) Old regions: 20->20
[2025-06-28T00:22:34.109+0200][22.905s] GC(434) Humongous regions: 0->0
[2025-06-28T00:22:34.109+0200][22.905s] GC(434) Metaspace: 62361K(62912K)->62361K(62912K) NonClass: 54100K(54400K)->54100K(54400K) Class: 8261K(8512K)->8261K(8512K)
[2025-06-28T00:22:34.109+0200][22.906s] GC(434) Pause Young (Normal) (G1 Evacuation Pause) 20M->19M(22M) 3.170ms
[2025-06-28T00:22:34.109+0200][22.906s] GC(434) User=0.00s Sys=0.00s Real=0.00s
[2025-06-28T00:22:34.109+0200][22.906s] Attempting full compaction
[2025-06-28T00:22:34.109+0200][22.906s] GC(435) Pause Full (G1 Compaction Pause)
[2025-06-28T00:22:34.109+0200][22.906s] GC(435) Using 2 workers of 10 for full compaction
[2025-06-28T00:22:34.110+0200][22.906s] GC(435) Phase 1: Mark live objects
[2025-06-28T00:22:34.153+0200][22.949s] GC(435) Phase 1: Mark live objects 43.262ms
[2025-06-28T00:22:34.153+0200][22.949s] GC(435) Phase 2: Prepare compaction
[2025-06-28T00:22:34.153+0200][22.950s] GC(435) Phase 2: Prepare compaction 0.351ms
[2025-06-28T00:22:34.153+0200][22.950s] GC(435) Phase 3: Adjust pointers
[2025-06-28T00:22:34.169+0200][22.966s] GC(435) Phase 3: Adjust pointers 15.707ms
[2025-06-28T00:22:34.169+0200][22.966s] GC(435) Phase 4: Compact heap
[2025-06-28T00:22:34.169+0200][22.966s] GC(435) Phase 4: Compact heap 0.363ms
[2025-06-28T00:22:34.170+0200][22.966s] GC(435) Phase 5: Reset Metadata
[2025-06-28T00:22:34.175+0200][22.972s] GC(435) Phase 5: Reset Metadata 5.899ms
[2025-06-28T00:22:34.180+0200][22.976s] GC(435) Eden regions: 0->0(1)
[2025-06-28T00:22:34.180+0200][22.976s] GC(435) Survivor regions: 1->0(1)
[2025-06-28T00:22:34.180+0200][22.977s] GC(435) Old regions: 20->21
[2025-06-28T00:22:34.180+0200][22.977s] GC(435) Humongous regions: 0->0
[2025-06-28T00:22:34.180+0200][22.977s] GC(435) Metaspace: 62361K(62912K)->62361K(62912K) NonClass: 54100K(54400K)->54100K(54400K) Class: 8261K(8512K)->8261K(8512K)
[2025-06-28T00:22:34.180+0200][22.977s] GC(435) Pause Full (G1 Compaction Pause) 19M->19M(22M) 70.901ms
[2025-06-28T00:22:34.180+0200][22.977s] GC(435) User=0.11s Sys=0.00s Real=0.07s
[2025-06-28T00:22:34.239+0200][23.035s] GC(436) Pause Young (Concurrent Start) (G1 Evacuation Pause)
[2025-06-28T00:22:34.240+0200][23.036s] GC(436) Using 2 workers of 10 for evacuation
[2025-06-28T00:22:34.242+0200][23.038s] GC(436)   Pre Evacuate Collection Set: 0.2ms
[2025-06-28T00:22:34.242+0200][23.038s] GC(436)   Merge Heap Roots: 0.1ms
[2025-06-28T00:22:34.242+0200][23.038s] GC(436)   Evacuate Collection Set: 1.4ms
[2025-06-28T00:22:34.242+0200][23.038s] GC(436)   Post Evacuate Collection Set: 0.7ms
[2025-06-28T00:22:34.242+0200][23.038s] GC(436)   Other: 0.2ms
[2025-06-28T00:22:34.242+0200][23.038s] GC(436) Eden regions: 1->0(0)
[2025-06-28T00:22:34.242+0200][23.038s] GC(436) Survivor regions: 0->0(0)
[2025-06-28T00:22:34.242+0200][23.038s] GC(436) Old regions: 21->22
[2025-06-28T00:22:34.242+0200][23.038s] GC(436) Humongous regions: 0->0
[2025-06-28T00:22:34.242+0200][23.039s] GC(436) Metaspace: 62475K(62976K)->62475K(62976K) NonClass: 54193K(54464K)->54193K(54464K) Class: 8281K(8512K)->8281K(8512K)
[2025-06-28T00:22:34.243+0200][23.039s] GC(436) Pause Young (Concurrent Start) (G1 Evacuation Pause) (Evacuation Failure) 20M->20M(22M) 3.180ms
[2025-06-28T00:22:34.243+0200][23.039s] GC(436) User=0.00s Sys=0.00s Real=0.00s
[2025-06-28T00:22:34.243+0200][23.039s] GC(437) Concurrent Mark Cycle
[2025-06-28T00:22:34.243+0200][23.039s] Attempting full compaction
[2025-06-28T00:22:34.243+0200][23.039s] GC(437) Concurrent Scan Root Regions
[2025-06-28T00:22:34.243+0200][23.039s] GC(438) Pause Full (G1 Compaction Pause)
[2025-06-28T00:22:34.243+0200][23.039s] GC(437) Concurrent Scan Root Regions 0.118ms
[2025-06-28T00:22:34.243+0200][23.039s] GC(438) Using 2 workers of 10 for full compaction
[2025-06-28T00:22:34.243+0200][23.039s] GC(437) Concurrent Mark
[2025-06-28T00:22:34.243+0200][23.039s] GC(437) Concurrent Mark From Roots
[2025-06-28T00:22:34.243+0200][23.039s] GC(437) Using 3 workers of 3 for marking
[2025-06-28T00:22:34.243+0200][23.039s] GC(438) Phase 1: Mark live objects
[2025-06-28T00:22:34.296+0200][23.092s] GC(438) Phase 1: Mark live objects 52.780ms
[2025-06-28T00:22:34.296+0200][23.092s] GC(438) Phase 2: Prepare compaction
[2025-06-28T00:22:34.297+0200][23.093s] GC(438) Phase 2: Prepare compaction 0.806ms
[2025-06-28T00:22:34.297+0200][23.093s] GC(438) Phase 3: Adjust pointers
[2025-06-28T00:22:34.313+0200][23.109s] GC(438) Phase 3: Adjust pointers 16.026ms
[2025-06-28T00:22:34.313+0200][23.109s] GC(438) Phase 4: Compact heap
[2025-06-28T00:22:34.314+0200][23.110s] GC(438) Phase 4: Compact heap 0.985ms
[2025-06-28T00:22:34.314+0200][23.110s] GC(438) Phase 5: Reset Metadata
[2025-06-28T00:22:34.320+0200][23.116s] GC(438) Phase 5: Reset Metadata 5.817ms
[2025-06-28T00:22:34.324+0200][23.121s] GC(438) Eden regions: 0->0(1)
[2025-06-28T00:22:34.324+0200][23.121s] GC(438) Survivor regions: 0->0(0)
[2025-06-28T00:22:34.324+0200][23.121s] GC(438) Old regions: 22->20
[2025-06-28T00:22:34.324+0200][23.121s] GC(438) Humongous regions: 0->0
[2025-06-28T00:22:34.325+0200][23.121s] GC(438) Metaspace: 62475K(62976K)->62463K(62976K) NonClass: 54193K(54464K)->54185K(54464K) Class: 8281K(8512K)->8278K(8512K)
[2025-06-28T00:22:34.325+0200][23.121s] GC(438) Pause Full (G1 Compaction Pause) 20M->19M(22M) 82.218ms
[2025-06-28T00:22:34.325+0200][23.121s] GC(438) User=0.20s Sys=0.00s Real=0.08s
[2025-06-28T00:22:34.325+0200][23.122s] GC(437) Concurrent Mark From Roots 82.411ms
[2025-06-28T00:22:34.325+0200][23.122s] GC(437) Concurrent Mark Abort
[2025-06-28T00:22:34.325+0200][23.122s] GC(437) Concurrent Mark Cycle 82.990ms
[2025-06-28T00:22:34.394+0200][23.190s] GC(439) Pause Young (Normal) (G1 Evacuation Pause)
[2025-06-28T00:22:34.394+0200][23.190s] GC(439) Using 2 workers of 10 for evacuation
[2025-06-28T00:22:34.397+0200][23.193s] GC(439)   Pre Evacuate Collection Set: 0.3ms
[2025-06-28T00:22:34.397+0200][23.193s] GC(439)   Merge Heap Roots: 0.2ms
[2025-06-28T00:22:34.397+0200][23.193s] GC(439)   Evacuate Collection Set: 1.5ms
[2025-06-28T00:22:34.397+0200][23.193s] GC(439)   Post Evacuate Collection Set: 0.7ms
[2025-06-28T00:22:34.397+0200][23.193s] GC(439)   Other: 0.1ms
[2025-06-28T00:22:34.397+0200][23.193s] GC(439) Eden regions: 1->0(0)
[2025-06-28T00:22:34.397+0200][23.194s] GC(439) Survivor regions: 0->1(1)
[2025-06-28T00:22:34.397+0200][23.194s] GC(439) Old regions: 20->20
[2025-06-28T00:22:34.397+0200][23.194s] GC(439) Humongous regions: 0->0
[2025-06-28T00:22:34.397+0200][23.194s] GC(439) Metaspace: 62559K(63104K)->62559K(63104K) NonClass: 54264K(54592K)->54264K(54592K) Class: 8295K(8512K)->8295K(8512K)
[2025-06-28T00:22:34.397+0200][23.194s] GC(439) Pause Young (Normal) (G1 Evacuation Pause) 20M->19M(22M) 3.453ms
[2025-06-28T00:22:34.397+0200][23.194s] GC(439) User=0.00s Sys=0.00s Real=0.00s
[2025-06-28T00:22:34.397+0200][23.194s] Attempting full compaction
[2025-06-28T00:22:34.397+0200][23.194s] GC(440) Pause Full (G1 Compaction Pause)
[2025-06-28T00:22:34.397+0200][23.194s] GC(440) Using 2 workers of 10 for full compaction
[2025-06-28T00:22:34.398+0200][23.194s] GC(440) Phase 1: Mark live objects
[2025-06-28T00:22:34.440+0200][23.236s] GC(440) Phase 1: Mark live objects 42.328ms
[2025-06-28T00:22:34.441+0200][23.236s] GC(440) Phase 2: Prepare compaction
[2025-06-28T00:22:34.441+0200][23.237s] GC(440) Phase 2: Prepare compaction 0.340ms
[2025-06-28T00:22:34.441+0200][23.237s] GC(440) Phase 3: Adjust pointers
[2025-06-28T00:22:34.456+0200][23.252s] GC(440) Phase 3: Adjust pointers 15.503ms
[2025-06-28T00:22:34.457+0200][23.252s] GC(440) Phase 4: Compact heap
[2025-06-28T00:22:34.457+0200][23.253s] GC(440) Phase 4: Compact heap 0.335ms
[2025-06-28T00:22:34.457+0200][23.253s] GC(440) Phase 5: Reset Metadata
[2025-06-28T00:22:34.463+0200][23.259s] GC(440) Phase 5: Reset Metadata 5.794ms
[2025-06-28T00:22:34.467+0200][23.263s] GC(440) Eden regions: 0->0(1)
[2025-06-28T00:22:34.468+0200][23.263s] GC(440) Survivor regions: 1->0(1)
[2025-06-28T00:22:34.468+0200][23.263s] GC(440) Old regions: 20->21
[2025-06-28T00:22:34.468+0200][23.263s] GC(440) Humongous regions: 0->0
[2025-06-28T00:22:34.468+0200][23.264s] GC(440) Metaspace: 62559K(63104K)->62559K(63104K) NonClass: 54264K(54592K)->54264K(54592K) Class: 8295K(8512K)->8295K(8512K)
[2025-06-28T00:22:34.468+0200][23.264s] GC(440) Pause Full (G1 Compaction Pause) 19M->19M(22M) 69.797ms
[2025-06-28T00:22:34.468+0200][23.264s] GC(440) User=0.12s Sys=0.00s Real=0.07s
[2025-06-28T00:22:34.592+0200][23.388s] GC(441) Pause Young (Concurrent Start) (G1 Evacuation Pause)
[2025-06-28T00:22:34.592+0200][23.388s] GC(441) Using 2 workers of 10 for evacuation
[2025-06-28T00:22:34.596+0200][23.392s] GC(441)   Pre Evacuate Collection Set: 0.4ms
[2025-06-28T00:22:34.596+0200][23.392s] GC(441)   Merge Heap Roots: 0.2ms
[2025-06-28T00:22:34.596+0200][23.392s] GC(441)   Evacuate Collection Set: 2.2ms
[2025-06-28T00:22:34.596+0200][23.392s] GC(441)   Post Evacuate Collection Set: 0.9ms
[2025-06-28T00:22:34.596+0200][23.393s] GC(441)   Other: 0.3ms
[2025-06-28T00:22:34.596+0200][23.393s] GC(441) Eden regions: 1->0(0)
[2025-06-28T00:22:34.596+0200][23.393s] GC(441) Survivor regions: 0->0(0)
[2025-06-28T00:22:34.596+0200][23.393s] GC(441) Old regions: 21->22
[2025-06-28T00:22:34.596+0200][23.393s] GC(441) Humongous regions: 0->0
[2025-06-28T00:22:34.596+0200][23.393s] GC(441) Metaspace: 62698K(63232K)->62698K(63232K) NonClass: 54382K(54656K)->54382K(54656K) Class: 8316K(8576K)->8316K(8576K)
[2025-06-28T00:22:34.596+0200][23.393s] GC(441) Pause Young (Concurrent Start) (G1 Evacuation Pause) (Evacuation Failure) 20M->20M(22M) 4.657ms
[2025-06-28T00:22:34.596+0200][23.393s] GC(441) User=0.00s Sys=0.00s Real=0.00s
[2025-06-28T00:22:34.596+0200][23.393s] GC(442) Concurrent Mark Cycle
[2025-06-28T00:22:34.596+0200][23.393s] Attempting full compaction
[2025-06-28T00:22:34.597+0200][23.393s] GC(442) Concurrent Scan Root Regions
[2025-06-28T00:22:34.597+0200][23.393s] GC(443) Pause Full (G1 Compaction Pause)
[2025-06-28T00:22:34.597+0200][23.393s] GC(442) Concurrent Scan Root Regions 0.121ms
[2025-06-28T00:22:34.597+0200][23.393s] GC(442) Concurrent Mark
[2025-06-28T00:22:34.597+0200][23.393s] GC(443) Using 2 workers of 10 for full compaction
[2025-06-28T00:22:34.597+0200][23.393s] GC(442) Concurrent Mark From Roots
[2025-06-28T00:22:34.597+0200][23.393s] GC(442) Using 3 workers of 3 for marking
[2025-06-28T00:22:34.597+0200][23.394s] GC(443) Phase 1: Mark live objects
[2025-06-28T00:22:34.647+0200][23.443s] GC(443) Phase 1: Mark live objects 49.364ms
[2025-06-28T00:22:34.647+0200][23.443s] GC(443) Phase 2: Prepare compaction
[2025-06-28T00:22:34.648+0200][23.444s] GC(443) Phase 2: Prepare compaction 0.671ms
[2025-06-28T00:22:34.648+0200][23.444s] GC(443) Phase 3: Adjust pointers
[2025-06-28T00:22:34.666+0200][23.462s] GC(443) Phase 3: Adjust pointers 18.215ms
[2025-06-28T00:22:34.666+0200][23.462s] GC(443) Phase 4: Compact heap
[2025-06-28T00:22:34.667+0200][23.463s] GC(443) Phase 4: Compact heap 0.761ms
[2025-06-28T00:22:34.667+0200][23.463s] GC(443) Phase 5: Reset Metadata
[2025-06-28T00:22:34.675+0200][23.471s] GC(443) Phase 5: Reset Metadata 7.686ms
[2025-06-28T00:22:34.681+0200][23.477s] GC(443) Eden regions: 0->0(1)
[2025-06-28T00:22:34.681+0200][23.478s] GC(443) Survivor regions: 0->0(0)
[2025-06-28T00:22:34.681+0200][23.478s] GC(443) Old regions: 22->21
[2025-06-28T00:22:34.681+0200][23.478s] GC(443) Humongous regions: 0->0
[2025-06-28T00:22:34.681+0200][23.478s] GC(443) Metaspace: 62698K(63232K)->62698K(63232K) NonClass: 54382K(54656K)->54382K(54656K) Class: 8316K(8576K)->8316K(8576K)
[2025-06-28T00:22:34.681+0200][23.478s] GC(443) Pause Full (G1 Compaction Pause) 20M->19M(22M) 84.670ms
[2025-06-28T00:22:34.681+0200][23.478s] GC(443) User=0.31s Sys=0.00s Real=0.08s
[2025-06-28T00:22:34.682+0200][23.478s] GC(442) Concurrent Mark From Roots 84.909ms
[2025-06-28T00:22:34.682+0200][23.478s] GC(442) Concurrent Mark Abort
[2025-06-28T00:22:34.682+0200][23.478s] GC(442) Concurrent Mark Cycle 85.544ms
[2025-06-28T00:22:34.733+0200][23.529s] GC(444) Pause Young (Normal) (G1 Evacuation Pause)
[2025-06-28T00:22:34.733+0200][23.529s] GC(444) Using 2 workers of 10 for evacuation
[2025-06-28T00:22:34.736+0200][23.532s] GC(444)   Pre Evacuate Collection Set: 0.3ms
[2025-06-28T00:22:34.736+0200][23.532s] GC(444)   Merge Heap Roots: 0.1ms
[2025-06-28T00:22:34.736+0200][23.532s] GC(444)   Evacuate Collection Set: 1.2ms
[2025-06-28T00:22:34.736+0200][23.532s] GC(444)   Post Evacuate Collection Set: 0.8ms
[2025-06-28T00:22:34.736+0200][23.532s] GC(444)   Other: 0.1ms
[2025-06-28T00:22:34.736+0200][23.532s] GC(444) Eden regions: 1->0(0)
[2025-06-28T00:22:34.736+0200][23.532s] GC(444) Survivor regions: 0->0(0)
[2025-06-28T00:22:34.736+0200][23.532s] GC(444) Old regions: 21->22
[2025-06-28T00:22:34.736+0200][23.532s] GC(444) Humongous regions: 0->0
[2025-06-28T00:22:34.736+0200][23.532s] GC(444) Metaspace: 62930K(63424K)->62930K(63424K) NonClass: 54580K(54848K)->54580K(54848K) Class: 8350K(8576K)->8350K(8576K)
[2025-06-28T00:22:34.736+0200][23.532s] GC(444) Pause Young (Normal) (G1 Evacuation Pause) (Evacuation Failure) 20M->20M(22M) 3.210ms
[2025-06-28T00:22:34.736+0200][23.533s] GC(444) User=0.00s Sys=0.00s Real=0.00s
[2025-06-28T00:22:34.736+0200][23.533s] Attempting full compaction
[2025-06-28T00:22:34.736+0200][23.533s] GC(445) Pause Full (G1 Compaction Pause)
[2025-06-28T00:22:34.736+0200][23.533s] GC(445) Using 2 workers of 10 for full compaction
[2025-06-28T00:22:34.737+0200][23.533s] GC(445) Phase 1: Mark live objects
[2025-06-28T00:22:34.787+0200][23.584s] GC(445) Phase 1: Mark live objects 50.875ms
[2025-06-28T00:22:34.787+0200][23.584s] GC(445) Phase 2: Prepare compaction
[2025-06-28T00:22:34.788+0200][23.585s] GC(445) Phase 2: Prepare compaction 0.577ms
[2025-06-28T00:22:34.788+0200][23.585s] GC(445) Phase 3: Adjust pointers
[2025-06-28T00:22:34.805+0200][23.601s] GC(445) Phase 3: Adjust pointers 16.546ms
[2025-06-28T00:22:34.805+0200][23.601s] GC(445) Phase 4: Compact heap
[2025-06-28T00:22:34.805+0200][23.602s] GC(445) Phase 4: Compact heap 0.582ms
[2025-06-28T00:22:34.805+0200][23.602s] GC(445) Phase 5: Reset Metadata
[2025-06-28T00:22:34.812+0200][23.608s] GC(445) Phase 5: Reset Metadata 6.475ms
[2025-06-28T00:22:34.817+0200][23.613s] GC(445) Eden regions: 0->0(1)
[2025-06-28T00:22:34.817+0200][23.613s] GC(445) Survivor regions: 0->0(0)
[2025-06-28T00:22:34.817+0200][23.613s] GC(445) Old regions: 22->21
[2025-06-28T00:22:34.817+0200][23.613s] GC(445) Humongous regions: 0->0
[2025-06-28T00:22:34.817+0200][23.613s] GC(445) Metaspace: 62930K(63424K)->62930K(63424K) NonClass: 54580K(54848K)->54580K(54848K) Class: 8350K(8576K)->8350K(8576K)
[2025-06-28T00:22:34.817+0200][23.614s] GC(445) Pause Full (G1 Compaction Pause) 20M->19M(22M) 80.941ms
[2025-06-28T00:22:34.817+0200][23.614s] GC(445) User=0.23s Sys=0.00s Real=0.08s
[2025-06-28T00:22:34.919+0200][23.715s] GC(446) Pause Young (Concurrent Start) (G1 Evacuation Pause)
[2025-06-28T00:22:34.919+0200][23.715s] GC(446) Using 2 workers of 10 for evacuation
[2025-06-28T00:22:34.922+0200][23.718s] GC(446)   Pre Evacuate Collection Set: 0.3ms
[2025-06-28T00:22:34.923+0200][23.719s] GC(446)   Merge Heap Roots: 0.2ms
[2025-06-28T00:22:34.923+0200][23.719s] GC(446)   Evacuate Collection Set: 1.7ms
[2025-06-28T00:22:34.923+0200][23.719s] GC(446)   Post Evacuate Collection Set: 0.9ms
[2025-06-28T00:22:34.923+0200][23.719s] GC(446)   Other: 0.3ms
[2025-06-28T00:22:34.923+0200][23.719s] GC(446) Eden regions: 1->0(0)
[2025-06-28T00:22:34.923+0200][23.719s] GC(446) Survivor regions: 0->0(0)
[2025-06-28T00:22:34.923+0200][23.719s] GC(446) Old regions: 21->22
[2025-06-28T00:22:34.923+0200][23.719s] GC(446) Humongous regions: 0->0
[2025-06-28T00:22:34.923+0200][23.719s] GC(446) Metaspace: 63202K(63744K)->63202K(63744K) NonClass: 54812K(55104K)->54812K(55104K) Class: 8390K(8640K)->8390K(8640K)
[2025-06-28T00:22:34.923+0200][23.719s] GC(446) Pause Young (Concurrent Start) (G1 Evacuation Pause) (Evacuation Failure) 20M->20M(22M) 4.296ms
[2025-06-28T00:22:34.923+0200][23.719s] GC(447) Concurrent Mark Cycle
[2025-06-28T00:22:34.923+0200][23.719s] GC(446) User=0.00s Sys=0.00s Real=0.00s
[2025-06-28T00:22:34.923+0200][23.719s] GC(447) Concurrent Scan Root Regions
[2025-06-28T00:22:34.923+0200][23.719s] Attempting full compaction
[2025-06-28T00:22:34.924+0200][23.719s] GC(447) Concurrent Scan Root Regions 0.189ms
[2025-06-28T00:22:34.924+0200][23.719s] GC(448) Pause Full (G1 Compaction Pause)
[2025-06-28T00:22:34.924+0200][23.720s] GC(447) Concurrent Mark
[2025-06-28T00:22:34.924+0200][23.720s] GC(448) Using 2 workers of 10 for full compaction
[2025-06-28T00:22:34.924+0200][23.720s] GC(447) Concurrent Mark From Roots
[2025-06-28T00:22:34.924+0200][23.720s] GC(447) Using 3 workers of 3 for marking
[2025-06-28T00:22:34.924+0200][23.720s] GC(448) Phase 1: Mark live objects
[2025-06-28T00:22:34.965+0200][23.761s] GC(448) Phase 1: Mark live objects 40.913ms
[2025-06-28T00:22:34.965+0200][23.761s] GC(448) Phase 2: Prepare compaction
[2025-06-28T00:22:34.966+0200][23.762s] GC(448) Phase 2: Prepare compaction 0.571ms
[2025-06-28T00:22:34.966+0200][23.762s] GC(448) Phase 3: Adjust pointers
[2025-06-28T00:22:34.981+0200][23.777s] GC(448) Phase 3: Adjust pointers 15.210ms
[2025-06-28T00:22:34.981+0200][23.777s] GC(448) Phase 4: Compact heap
[2025-06-28T00:22:34.982+0200][23.778s] GC(448) Phase 4: Compact heap 0.626ms
[2025-06-28T00:22:34.982+0200][23.778s] GC(448) Phase 5: Reset Metadata
[2025-06-28T00:22:34.989+0200][23.785s] GC(448) Phase 5: Reset Metadata 6.993ms
[2025-06-28T00:22:34.994+0200][23.789s] GC(448) Eden regions: 0->0(1)
[2025-06-28T00:22:34.994+0200][23.790s] GC(448) Survivor regions: 0->0(0)
[2025-06-28T00:22:34.994+0200][23.790s] GC(448) Old regions: 22->21
[2025-06-28T00:22:34.994+0200][23.790s] GC(448) Humongous regions: 0->0
[2025-06-28T00:22:34.994+0200][23.790s] GC(448) Metaspace: 63202K(63744K)->63202K(63744K) NonClass: 54812K(55104K)->54812K(55104K) Class: 8390K(8640K)->8390K(8640K)
[2025-06-28T00:22:34.994+0200][23.790s] GC(448) Pause Full (G1 Compaction Pause) 20M->19M(22M) 70.242ms
[2025-06-28T00:22:34.994+0200][23.790s] GC(448) User=0.28s Sys=0.00s Real=0.07s
[2025-06-28T00:22:34.994+0200][23.790s] GC(447) Concurrent Mark From Roots 70.340ms
[2025-06-28T00:22:34.994+0200][23.790s] GC(447) Concurrent Mark Abort
[2025-06-28T00:22:34.994+0200][23.790s] GC(447) Concurrent Mark Cycle 70.999ms
[2025-06-28T00:22:35.042+0200][23.839s] GC(449) Pause Young (Normal) (G1 Evacuation Pause)
[2025-06-28T00:22:35.042+0200][23.839s] GC(449) Using 2 workers of 10 for evacuation
[2025-06-28T00:22:35.044+0200][23.841s] GC(449)   Pre Evacuate Collection Set: 0.2ms
[2025-06-28T00:22:35.045+0200][23.841s] GC(449)   Merge Heap Roots: 0.1ms
[2025-06-28T00:22:35.045+0200][23.841s] GC(449)   Evacuate Collection Set: 0.9ms
[2025-06-28T00:22:35.045+0200][23.841s] GC(449)   Post Evacuate Collection Set: 0.7ms
[2025-06-28T00:22:35.045+0200][23.841s] GC(449)   Other: 0.1ms
[2025-06-28T00:22:35.045+0200][23.841s] GC(449) Eden regions: 1->0(0)
[2025-06-28T00:22:35.045+0200][23.841s] GC(449) Survivor regions: 0->0(0)
[2025-06-28T00:22:35.045+0200][23.841s] GC(449) Old regions: 21->22
[2025-06-28T00:22:35.045+0200][23.841s] GC(449) Humongous regions: 0->0
[2025-06-28T00:22:35.045+0200][23.841s] GC(449) Metaspace: 63328K(63808K)->63328K(63808K) NonClass: 54914K(55168K)->54914K(55168K) Class: 8413K(8640K)->8413K(8640K)
[2025-06-28T00:22:35.045+0200][23.841s] GC(449) Pause Young (Normal) (G1 Evacuation Pause) (Evacuation Failure) 20M->20M(22M) 2.750ms
[2025-06-28T00:22:35.045+0200][23.841s] GC(449) User=0.02s Sys=0.00s Real=0.00s
[2025-06-28T00:22:35.045+0200][23.842s] Attempting full compaction
[2025-06-28T00:22:35.045+0200][23.842s] GC(450) Pause Full (G1 Compaction Pause)
[2025-06-28T00:22:35.045+0200][23.842s] GC(450) Using 2 workers of 10 for full compaction
[2025-06-28T00:22:35.045+0200][23.842s] GC(450) Phase 1: Mark live objects
[2025-06-28T00:22:35.098+0200][23.895s] GC(450) Phase 1: Mark live objects 52.884ms
[2025-06-28T00:22:35.098+0200][23.895s] GC(450) Phase 2: Prepare compaction
[2025-06-28T00:22:35.099+0200][23.895s] GC(450) Phase 2: Prepare compaction 0.611ms
[2025-06-28T00:22:35.099+0200][23.895s] GC(450) Phase 3: Adjust pointers
[2025-06-28T00:22:35.114+0200][23.911s] GC(450) Phase 3: Adjust pointers 15.133ms
[2025-06-28T00:22:35.115+0200][23.911s] GC(450) Phase 4: Compact heap
[2025-06-28T00:22:35.115+0200][23.911s] GC(450) Phase 4: Compact heap 0.613ms
[2025-06-28T00:22:35.115+0200][23.911s] GC(450) Phase 5: Reset Metadata
[2025-06-28T00:22:35.121+0200][23.917s] GC(450) Phase 5: Reset Metadata 5.891ms
[2025-06-28T00:22:35.125+0200][23.921s] GC(450) Eden regions: 0->0(1)
[2025-06-28T00:22:35.125+0200][23.922s] GC(450) Survivor regions: 0->0(0)
[2025-06-28T00:22:35.125+0200][23.922s] GC(450) Old regions: 22->21
[2025-06-28T00:22:35.126+0200][23.922s] GC(450) Humongous regions: 0->0
[2025-06-28T00:22:35.126+0200][23.922s] GC(450) Metaspace: 63328K(63808K)->63326K(63808K) NonClass: 54914K(55168K)->54913K(55168K) Class: 8413K(8640K)->8412K(8640K)
[2025-06-28T00:22:35.126+0200][23.922s] GC(450) Pause Full (G1 Compaction Pause) 20M->19M(22M) 80.172ms
[2025-06-28T00:22:35.126+0200][23.922s] GC(450) User=0.14s Sys=0.02s Real=0.08s
[2025-06-28T00:22:35.205+0200][24.001s] GC(451) Pause Young (Concurrent Start) (G1 Evacuation Pause)
[2025-06-28T00:22:35.205+0200][24.001s] GC(451) Using 2 workers of 10 for evacuation
[2025-06-28T00:22:35.208+0200][24.004s] GC(451)   Pre Evacuate Collection Set: 0.4ms
[2025-06-28T00:22:35.208+0200][24.004s] GC(451)   Merge Heap Roots: 0.2ms
[2025-06-28T00:22:35.208+0200][24.004s] GC(451)   Evacuate Collection Set: 1.7ms
[2025-06-28T00:22:35.208+0200][24.004s] GC(451)   Post Evacuate Collection Set: 0.8ms
[2025-06-28T00:22:35.208+0200][24.005s] GC(451)   Other: 0.3ms
[2025-06-28T00:22:35.208+0200][24.005s] GC(451) Eden regions: 1->0(0)
[2025-06-28T00:22:35.208+0200][24.005s] GC(451) Survivor regions: 0->0(0)
[2025-06-28T00:22:35.208+0200][24.005s] GC(451) Old regions: 21->22
[2025-06-28T00:22:35.208+0200][24.005s] GC(451) Humongous regions: 0->0
[2025-06-28T00:22:35.208+0200][24.005s] GC(451) Metaspace: 63389K(63872K)->63389K(63872K) NonClass: 54967K(55232K)->54967K(55232K) Class: 8421K(8640K)->8421K(8640K)
[2025-06-28T00:22:35.208+0200][24.005s] GC(451) Pause Young (Concurrent Start) (G1 Evacuation Pause) (Evacuation Failure) 20M->20M(22M) 3.987ms
[2025-06-28T00:22:35.208+0200][24.005s] GC(451) User=0.00s Sys=0.00s Real=0.00s
[2025-06-28T00:22:35.208+0200][24.005s] Attempting full compaction
[2025-06-28T00:22:35.208+0200][24.005s] GC(452) Concurrent Mark Cycle
[2025-06-28T00:22:35.208+0200][24.005s] GC(453) Pause Full (G1 Compaction Pause)
[2025-06-28T00:22:35.208+0200][24.005s] GC(452) Concurrent Scan Root Regions
[2025-06-28T00:22:35.209+0200][24.005s] GC(453) Using 2 workers of 10 for full compaction
[2025-06-28T00:22:35.209+0200][24.005s] GC(452) Concurrent Scan Root Regions 0.198ms
[2025-06-28T00:22:35.209+0200][24.005s] GC(452) Concurrent Mark
[2025-06-28T00:22:35.209+0200][24.005s] GC(452) Concurrent Mark From Roots
[2025-06-28T00:22:35.209+0200][24.005s] GC(452) Using 3 workers of 3 for marking
[2025-06-28T00:22:35.209+0200][24.006s] GC(453) Phase 1: Mark live objects
[2025-06-28T00:22:35.255+0200][24.051s] GC(453) Phase 1: Mark live objects 45.595ms
[2025-06-28T00:22:35.255+0200][24.051s] GC(453) Phase 2: Prepare compaction
[2025-06-28T00:22:35.256+0200][24.052s] GC(453) Phase 2: Prepare compaction 0.863ms
[2025-06-28T00:22:35.256+0200][24.052s] GC(453) Phase 3: Adjust pointers
[2025-06-28T00:22:35.270+0200][24.067s] GC(453) Phase 3: Adjust pointers 14.824ms
[2025-06-28T00:22:35.270+0200][24.067s] GC(453) Phase 4: Compact heap
[2025-06-28T00:22:35.272+0200][24.068s] GC(453) Phase 4: Compact heap 0.835ms
[2025-06-28T00:22:35.272+0200][24.068s] GC(453) Phase 5: Reset Metadata
[2025-06-28T00:22:35.278+0200][24.074s] GC(453) Phase 5: Reset Metadata 5.796ms
[2025-06-28T00:22:35.282+0200][24.078s] GC(453) Eden regions: 0->0(1)
[2025-06-28T00:22:35.282+0200][24.079s] GC(453) Survivor regions: 0->0(0)
[2025-06-28T00:22:35.282+0200][24.079s] GC(453) Old regions: 22->20
[2025-06-28T00:22:35.282+0200][24.079s] GC(453) Humongous regions: 0->0
[2025-06-28T00:22:35.282+0200][24.079s] GC(453) Metaspace: 63389K(63872K)->63389K(63872K) NonClass: 54967K(55232K)->54967K(55232K) Class: 8421K(8640K)->8421K(8640K)
[2025-06-28T00:22:35.283+0200][24.079s] GC(453) Pause Full (G1 Compaction Pause) 20M->19M(22M) 73.861ms
[2025-06-28T00:22:35.283+0200][24.079s] GC(453) User=0.17s Sys=0.00s Real=0.08s
[2025-06-28T00:22:35.283+0200][24.080s] GC(452) Concurrent Mark From Roots 74.113ms
[2025-06-28T00:22:35.283+0200][24.080s] GC(452) Concurrent Mark Abort
[2025-06-28T00:22:35.283+0200][24.080s] GC(452) Concurrent Mark Cycle 74.816ms
[2025-06-28T00:22:35.327+0200][24.123s] GC(454) Pause Young (Normal) (G1 Evacuation Pause)
[2025-06-28T00:22:35.328+0200][24.124s] GC(454) Using 2 workers of 10 for evacuation
[2025-06-28T00:22:35.330+0200][24.126s] GC(454)   Pre Evacuate Collection Set: 0.4ms
[2025-06-28T00:22:35.331+0200][24.127s] GC(454)   Merge Heap Roots: 0.1ms
[2025-06-28T00:22:35.331+0200][24.127s] GC(454)   Evacuate Collection Set: 1.4ms
[2025-06-28T00:22:35.331+0200][24.127s] GC(454)   Post Evacuate Collection Set: 0.8ms
[2025-06-28T00:22:35.331+0200][24.127s] GC(454)   Other: 0.1ms
[2025-06-28T00:22:35.331+0200][24.127s] GC(454) Eden regions: 1->0(0)
[2025-06-28T00:22:35.331+0200][24.127s] GC(454) Survivor regions: 0->1(1)
[2025-06-28T00:22:35.331+0200][24.127s] GC(454) Old regions: 20->20
[2025-06-28T00:22:35.331+0200][24.127s] GC(454) Humongous regions: 0->0
[2025-06-28T00:22:35.331+0200][24.127s] GC(454) Metaspace: 63400K(63872K)->63400K(63872K) NonClass: 54976K(55232K)->54976K(55232K) Class: 8423K(8640K)->8423K(8640K)
[2025-06-28T00:22:35.331+0200][24.127s] GC(454) Pause Young (Normal) (G1 Evacuation Pause) 20M->19M(22M) 3.436ms
[2025-06-28T00:22:35.331+0200][24.127s] GC(454) User=0.00s Sys=0.00s Real=0.00s
[2025-06-28T00:22:35.331+0200][24.127s] Attempting full compaction
[2025-06-28T00:22:35.331+0200][24.127s] GC(455) Pause Full (G1 Compaction Pause)
[2025-06-28T00:22:35.331+0200][24.127s] GC(455) Using 2 workers of 10 for full compaction
[2025-06-28T00:22:35.331+0200][24.127s] GC(455) Phase 1: Mark live objects
[2025-06-28T00:22:35.374+0200][24.169s] GC(455) Phase 1: Mark live objects 42.264ms
[2025-06-28T00:22:35.374+0200][24.170s] GC(455) Phase 2: Prepare compaction
[2025-06-28T00:22:35.375+0200][24.170s] GC(455) Phase 2: Prepare compaction 0.901ms
[2025-06-28T00:22:35.375+0200][24.171s] GC(455) Phase 3: Adjust pointers
[2025-06-28T00:22:35.389+0200][24.186s] GC(455) Phase 3: Adjust pointers 15.145ms
[2025-06-28T00:22:35.389+0200][24.186s] GC(455) Phase 4: Compact heap
[2025-06-28T00:22:35.390+0200][24.187s] GC(455) Phase 4: Compact heap 0.726ms
[2025-06-28T00:22:35.390+0200][24.187s] GC(455) Phase 5: Reset Metadata
[2025-06-28T00:22:35.397+0200][24.193s] GC(455) Phase 5: Reset Metadata 6.575ms
[2025-06-28T00:22:35.402+0200][24.199s] GC(455) Eden regions: 0->0(1)
[2025-06-28T00:22:35.402+0200][24.199s] GC(455) Survivor regions: 1->0(1)
[2025-06-28T00:22:35.402+0200][24.199s] GC(455) Old regions: 20->21
[2025-06-28T00:22:35.402+0200][24.199s] GC(455) Humongous regions: 0->0
[2025-06-28T00:22:35.402+0200][24.199s] GC(455) Metaspace: 63400K(63872K)->63400K(63872K) NonClass: 54976K(55232K)->54976K(55232K) Class: 8423K(8640K)->8423K(8640K)
[2025-06-28T00:22:35.403+0200][24.199s] GC(455) Pause Full (G1 Compaction Pause) 19M->19M(22M) 72.002ms
[2025-06-28T00:22:35.403+0200][24.199s] GC(455) User=0.14s Sys=0.00s Real=0.07s
[2025-06-28T00:22:35.443+0200][24.239s] GC(456) Pause Young (Concurrent Start) (G1 Evacuation Pause)
[2025-06-28T00:22:35.443+0200][24.239s] GC(456) Using 2 workers of 10 for evacuation
[2025-06-28T00:22:35.446+0200][24.242s] GC(456)   Pre Evacuate Collection Set: 0.2ms
[2025-06-28T00:22:35.447+0200][24.242s] GC(456)   Merge Heap Roots: 0.1ms
[2025-06-28T00:22:35.447+0200][24.243s] GC(456)   Evacuate Collection Set: 2.0ms
[2025-06-28T00:22:35.447+0200][24.243s] GC(456)   Post Evacuate Collection Set: 0.8ms
[2025-06-28T00:22:35.447+0200][24.243s] GC(456)   Other: 0.2ms
[2025-06-28T00:22:35.447+0200][24.243s] GC(456) Eden regions: 1->0(0)
[2025-06-28T00:22:35.447+0200][24.243s] GC(456) Survivor regions: 0->0(0)
[2025-06-28T00:22:35.447+0200][24.243s] GC(456) Old regions: 21->22
[2025-06-28T00:22:35.447+0200][24.243s] GC(456) Humongous regions: 0->0
[2025-06-28T00:22:35.447+0200][24.243s] GC(456) Metaspace: 63425K(63936K)->63425K(63936K) NonClass: 54999K(55296K)->54999K(55296K) Class: 8426K(8640K)->8426K(8640K)
[2025-06-28T00:22:35.447+0200][24.243s] GC(456) Pause Young (Concurrent Start) (G1 Evacuation Pause) (Evacuation Failure) 20M->20M(22M) 3.765ms
[2025-06-28T00:22:35.447+0200][24.243s] GC(456) User=0.00s Sys=0.00s Real=0.00s
[2025-06-28T00:22:35.447+0200][24.243s] GC(457) Concurrent Mark Cycle
[2025-06-28T00:22:35.447+0200][24.243s] Attempting full compaction
[2025-06-28T00:22:35.447+0200][24.243s] GC(457) Concurrent Scan Root Regions
[2025-06-28T00:22:35.447+0200][24.243s] GC(458) Pause Full (G1 Compaction Pause)
[2025-06-28T00:22:35.447+0200][24.243s] GC(457) Concurrent Scan Root Regions 0.116ms
[2025-06-28T00:22:35.447+0200][24.243s] GC(458) Using 2 workers of 10 for full compaction
[2025-06-28T00:22:35.447+0200][24.243s] GC(457) Concurrent Mark
[2025-06-28T00:22:35.447+0200][24.243s] GC(457) Concurrent Mark From Roots
[2025-06-28T00:22:35.447+0200][24.243s] GC(457) Using 3 workers of 3 for marking
[2025-06-28T00:22:35.448+0200][24.244s] GC(458) Phase 1: Mark live objects
[2025-06-28T00:22:35.495+0200][24.291s] GC(458) Phase 1: Mark live objects 47.677ms
[2025-06-28T00:22:35.495+0200][24.291s] GC(458) Phase 2: Prepare compaction
[2025-06-28T00:22:35.496+0200][24.292s] GC(458) Phase 2: Prepare compaction 0.836ms
[2025-06-28T00:22:35.496+0200][24.292s] GC(458) Phase 3: Adjust pointers
[2025-06-28T00:22:35.511+0200][24.308s] GC(458) Phase 3: Adjust pointers 15.939ms
[2025-06-28T00:22:35.511+0200][24.308s] GC(458) Phase 4: Compact heap
[2025-06-28T00:22:35.513+0200][24.309s] GC(458) Phase 4: Compact heap 1.188ms
[2025-06-28T00:22:35.513+0200][24.310s] GC(458) Phase 5: Reset Metadata
[2025-06-28T00:22:35.519+0200][24.316s] GC(458) Phase 5: Reset Metadata 6.299ms
[2025-06-28T00:22:35.524+0200][24.321s] GC(458) Eden regions: 0->0(1)
[2025-06-28T00:22:35.524+0200][24.321s] GC(458) Survivor regions: 0->0(0)
[2025-06-28T00:22:35.524+0200][24.321s] GC(458) Old regions: 22->20
[2025-06-28T00:22:35.524+0200][24.321s] GC(458) Humongous regions: 0->0
[2025-06-28T00:22:35.524+0200][24.321s] GC(458) Metaspace: 63425K(63936K)->63418K(63936K) NonClass: 54999K(55296K)->54993K(55296K) Class: 8426K(8640K)->8424K(8640K)
[2025-06-28T00:22:35.524+0200][24.321s] GC(458) Pause Full (G1 Compaction Pause) 20M->19M(22M) 77.836ms
[2025-06-28T00:22:35.524+0200][24.321s] GC(458) User=0.14s Sys=0.00s Real=0.08s
[2025-06-28T00:22:35.525+0200][24.322s] GC(457) Concurrent Mark From Roots 78.910ms
[2025-06-28T00:22:35.526+0200][24.322s] GC(457) Concurrent Mark Abort
[2025-06-28T00:22:35.526+0200][24.322s] GC(457) Concurrent Mark Cycle 79.536ms
[2025-06-28T00:22:35.559+0200][24.355s] GC(459) Pause Young (Normal) (G1 Evacuation Pause)
[2025-06-28T00:22:35.559+0200][24.355s] GC(459) Using 2 workers of 10 for evacuation
[2025-06-28T00:22:35.563+0200][24.359s] GC(459)   Pre Evacuate Collection Set: 0.5ms
[2025-06-28T00:22:35.563+0200][24.359s] GC(459)   Merge Heap Roots: 0.2ms
[2025-06-28T00:22:35.563+0200][24.359s] GC(459)   Evacuate Collection Set: 1.6ms
[2025-06-28T00:22:35.563+0200][24.359s] GC(459)   Post Evacuate Collection Set: 1.1ms
[2025-06-28T00:22:35.563+0200][24.359s] GC(459)   Other: 0.2ms
[2025-06-28T00:22:35.563+0200][24.359s] GC(459) Eden regions: 1->0(0)
[2025-06-28T00:22:35.563+0200][24.359s] GC(459) Survivor regions: 0->1(1)
[2025-06-28T00:22:35.563+0200][24.359s] GC(459) Old regions: 20->20
[2025-06-28T00:22:35.563+0200][24.359s] GC(459) Humongous regions: 0->0
[2025-06-28T00:22:35.563+0200][24.359s] GC(459) Metaspace: 63424K(63936K)->63424K(63936K) NonClass: 54998K(55296K)->54998K(55296K) Class: 8425K(8640K)->8425K(8640K)
[2025-06-28T00:22:35.563+0200][24.359s] GC(459) Pause Young (Normal) (G1 Evacuation Pause) 20M->19M(22M) 4.252ms
[2025-06-28T00:22:35.563+0200][24.359s] GC(459) User=0.02s Sys=0.00s Real=0.00s
[2025-06-28T00:22:35.563+0200][24.359s] Attempting full compaction
[2025-06-28T00:22:35.563+0200][24.359s] GC(460) Pause Full (G1 Compaction Pause)
[2025-06-28T00:22:35.563+0200][24.359s] GC(460) Using 2 workers of 10 for full compaction
[2025-06-28T00:22:35.563+0200][24.359s] GC(460) Phase 1: Mark live objects
[2025-06-28T00:22:35.619+0200][24.416s] GC(460) Phase 1: Mark live objects 56.711ms
[2025-06-28T00:22:35.620+0200][24.416s] GC(460) Phase 2: Prepare compaction
[2025-06-28T00:22:35.620+0200][24.417s] GC(460) Phase 2: Prepare compaction 0.884ms
[2025-06-28T00:22:35.621+0200][24.417s] GC(460) Phase 3: Adjust pointers
[2025-06-28T00:22:35.640+0200][24.436s] GC(460) Phase 3: Adjust pointers 19.053ms
[2025-06-28T00:22:35.640+0200][24.436s] GC(460) Phase 4: Compact heap
[2025-06-28T00:22:35.641+0200][24.437s] GC(460) Phase 4: Compact heap 0.800ms
[2025-06-28T00:22:35.641+0200][24.437s] GC(460) Phase 5: Reset Metadata
[2025-06-28T00:22:35.648+0200][24.445s] GC(460) Phase 5: Reset Metadata 7.429ms
[2025-06-28T00:22:35.654+0200][24.450s] GC(460) Eden regions: 0->0(1)
[2025-06-28T00:22:35.654+0200][24.450s] GC(460) Survivor regions: 1->0(1)
[2025-06-28T00:22:35.654+0200][24.450s] GC(460) Old regions: 20->21
[2025-06-28T00:22:35.654+0200][24.450s] GC(460) Humongous regions: 0->0
[2025-06-28T00:22:35.654+0200][24.450s] GC(460) Metaspace: 63424K(63936K)->63424K(63936K) NonClass: 54998K(55296K)->54998K(55296K) Class: 8425K(8640K)->8425K(8640K)
[2025-06-28T00:22:35.654+0200][24.451s] GC(460) Pause Full (G1 Compaction Pause) 19M->19M(22M) 91.487ms
[2025-06-28T00:22:35.654+0200][24.451s] GC(460) User=0.16s Sys=0.00s Real=0.09s
[2025-06-28T00:22:35.719+0200][24.515s] GC(461) Pause Young (Concurrent Start) (G1 Evacuation Pause)
[2025-06-28T00:22:35.719+0200][24.515s] GC(461) Using 2 workers of 10 for evacuation
[2025-06-28T00:22:35.723+0200][24.519s] GC(461)   Pre Evacuate Collection Set: 0.4ms
[2025-06-28T00:22:35.723+0200][24.519s] GC(461)   Merge Heap Roots: 0.2ms
[2025-06-28T00:22:35.723+0200][24.519s] GC(461)   Evacuate Collection Set: 2.0ms
[2025-06-28T00:22:35.723+0200][24.519s] GC(461)   Post Evacuate Collection Set: 1.0ms
[2025-06-28T00:22:35.723+0200][24.519s] GC(461)   Other: 0.3ms
[2025-06-28T00:22:35.723+0200][24.520s] GC(461) Eden regions: 1->0(0)
[2025-06-28T00:22:35.723+0200][24.520s] GC(461) Survivor regions: 0->0(0)
[2025-06-28T00:22:35.723+0200][24.520s] GC(461) Old regions: 21->22
[2025-06-28T00:22:35.723+0200][24.520s] GC(461) Humongous regions: 0->0
[2025-06-28T00:22:35.723+0200][24.520s] GC(461) Metaspace: 63465K(63936K)->63465K(63936K) NonClass: 55032K(55296K)->55032K(55296K) Class: 8433K(8640K)->8433K(8640K)
[2025-06-28T00:22:35.723+0200][24.520s] GC(461) Pause Young (Concurrent Start) (G1 Evacuation Pause) (Evacuation Failure) 20M->20M(22M) 4.566ms
[2025-06-28T00:22:35.723+0200][24.520s] GC(461) User=0.00s Sys=0.00s Real=0.00s
[2025-06-28T00:22:35.723+0200][24.520s] Attempting full compaction
[2025-06-28T00:22:35.723+0200][24.520s] GC(462) Concurrent Mark Cycle
[2025-06-28T00:22:35.723+0200][24.520s] GC(463) Pause Full (G1 Compaction Pause)
[2025-06-28T00:22:35.724+0200][24.520s] GC(462) Concurrent Scan Root Regions
[2025-06-28T00:22:35.724+0200][24.520s] GC(463) Using 2 workers of 10 for full compaction
[2025-06-28T00:22:35.724+0200][24.520s] GC(462) Concurrent Scan Root Regions 0.272ms
[2025-06-28T00:22:35.724+0200][24.521s] GC(462) Concurrent Mark
[2025-06-28T00:22:35.724+0200][24.521s] GC(462) Concurrent Mark From Roots
[2025-06-28T00:22:35.724+0200][24.521s] GC(462) Using 3 workers of 3 for marking
[2025-06-28T00:22:35.724+0200][24.521s] GC(463) Phase 1: Mark live objects
[2025-06-28T00:22:35.779+0200][24.576s] GC(463) Phase 1: Mark live objects 55.197ms
[2025-06-28T00:22:35.780+0200][24.576s] GC(463) Phase 2: Prepare compaction
[2025-06-28T00:22:35.781+0200][24.577s] GC(463) Phase 2: Prepare compaction 1.095ms
[2025-06-28T00:22:35.781+0200][24.577s] GC(463) Phase 3: Adjust pointers
[2025-06-28T00:22:35.799+0200][24.595s] GC(463) Phase 3: Adjust pointers 17.959ms
[2025-06-28T00:22:35.799+0200][24.595s] GC(463) Phase 4: Compact heap
[2025-06-28T00:22:35.800+0200][24.596s] GC(463) Phase 4: Compact heap 0.716ms
[2025-06-28T00:22:35.800+0200][24.596s] GC(463) Phase 5: Reset Metadata
[2025-06-28T00:22:35.807+0200][24.604s] GC(463) Phase 5: Reset Metadata 7.227ms
[2025-06-28T00:22:35.813+0200][24.609s] GC(463) Eden regions: 0->0(1)
[2025-06-28T00:22:35.813+0200][24.609s] GC(463) Survivor regions: 0->0(0)
[2025-06-28T00:22:35.813+0200][24.609s] GC(463) Old regions: 22->21
[2025-06-28T00:22:35.813+0200][24.609s] GC(463) Humongous regions: 0->0
[2025-06-28T00:22:35.813+0200][24.609s] GC(463) Metaspace: 63465K(63936K)->63465K(63936K) NonClass: 55032K(55296K)->55032K(55296K) Class: 8433K(8640K)->8433K(8640K)
[2025-06-28T00:22:35.813+0200][24.609s] GC(463) Pause Full (G1 Compaction Pause) 20M->19M(22M) 89.071ms
[2025-06-28T00:22:35.813+0200][24.609s] GC(463) User=0.20s Sys=0.00s Real=0.09s
[2025-06-28T00:22:35.813+0200][24.609s] GC(462) Concurrent Mark From Roots 88.683ms
[2025-06-28T00:22:35.813+0200][24.609s] GC(462) Concurrent Mark Abort
[2025-06-28T00:22:35.813+0200][24.609s] GC(462) Concurrent Mark Cycle 89.579ms
[2025-06-28T00:22:35.861+0200][24.658s] GC(464) Pause Young (Normal) (G1 Evacuation Pause)
[2025-06-28T00:22:35.861+0200][24.658s] GC(464) Using 2 workers of 10 for evacuation
[2025-06-28T00:22:35.865+0200][24.662s] GC(464)   Pre Evacuate Collection Set: 0.5ms
[2025-06-28T00:22:35.866+0200][24.662s] GC(464)   Merge Heap Roots: 0.2ms
[2025-06-28T00:22:35.866+0200][24.662s] GC(464)   Evacuate Collection Set: 1.5ms
[2025-06-28T00:22:35.866+0200][24.662s] GC(464)   Post Evacuate Collection Set: 1.1ms
[2025-06-28T00:22:35.866+0200][24.662s] GC(464)   Other: 0.3ms
[2025-06-28T00:22:35.866+0200][24.662s] GC(464) Eden regions: 1->0(0)
[2025-06-28T00:22:35.866+0200][24.662s] GC(464) Survivor regions: 0->0(0)
[2025-06-28T00:22:35.866+0200][24.662s] GC(464) Old regions: 21->22
[2025-06-28T00:22:35.866+0200][24.662s] GC(464) Humongous regions: 0->0
[2025-06-28T00:22:35.866+0200][24.662s] GC(464) Metaspace: 63551K(64064K)->63551K(64064K) NonClass: 55108K(55360K)->55108K(55360K) Class: 8443K(8704K)->8443K(8704K)
[2025-06-28T00:22:35.866+0200][24.662s] GC(464) Pause Young (Normal) (G1 Evacuation Pause) (Evacuation Failure) 20M->20M(22M) 4.387ms
[2025-06-28T00:22:35.866+0200][24.662s] GC(464) User=0.00s Sys=0.00s Real=0.00s
[2025-06-28T00:22:35.866+0200][24.662s] Attempting full compaction
[2025-06-28T00:22:35.866+0200][24.662s] GC(465) Pause Full (G1 Compaction Pause)
[2025-06-28T00:22:35.866+0200][24.662s] GC(465) Using 2 workers of 10 for full compaction
[2025-06-28T00:22:35.866+0200][24.663s] GC(465) Phase 1: Mark live objects
[2025-06-28T00:22:35.913+0200][24.709s] GC(465) Phase 1: Mark live objects 46.006ms
[2025-06-28T00:22:35.913+0200][24.709s] GC(465) Phase 2: Prepare compaction
[2025-06-28T00:22:35.913+0200][24.709s] GC(465) Phase 2: Prepare compaction 0.550ms
[2025-06-28T00:22:35.913+0200][24.709s] GC(465) Phase 3: Adjust pointers
[2025-06-28T00:22:35.928+0200][24.725s] GC(465) Phase 3: Adjust pointers 15.441ms
[2025-06-28T00:22:35.928+0200][24.725s] GC(465) Phase 4: Compact heap
[2025-06-28T00:22:35.929+0200][24.726s] GC(465) Phase 4: Compact heap 0.719ms
[2025-06-28T00:22:35.929+0200][24.726s] GC(465) Phase 5: Reset Metadata
[2025-06-28T00:22:35.936+0200][24.733s] GC(465) Phase 5: Reset Metadata 7.249ms
[2025-06-28T00:22:35.941+0200][24.738s] GC(465) Eden regions: 0->0(1)
[2025-06-28T00:22:35.941+0200][24.738s] GC(465) Survivor regions: 0->0(0)
[2025-06-28T00:22:35.941+0200][24.738s] GC(465) Old regions: 22->21
[2025-06-28T00:22:35.941+0200][24.738s] GC(465) Humongous regions: 0->0
[2025-06-28T00:22:35.941+0200][24.738s] GC(465) Metaspace: 63551K(64064K)->63551K(64064K) NonClass: 55108K(55360K)->55108K(55360K) Class: 8443K(8704K)->8443K(8704K)
[2025-06-28T00:22:35.941+0200][24.738s] GC(465) Pause Full (G1 Compaction Pause) 20M->19M(22M) 75.611ms
[2025-06-28T00:22:35.941+0200][24.738s] GC(465) User=0.20s Sys=0.00s Real=0.08s
[2025-06-28T00:22:35.979+0200][24.775s] GC(466) Pause Young (Concurrent Start) (G1 Evacuation Pause)
[2025-06-28T00:22:35.979+0200][24.775s] GC(466) Using 2 workers of 10 for evacuation
[2025-06-28T00:22:35.982+0200][24.779s] GC(466)   Pre Evacuate Collection Set: 0.4ms
[2025-06-28T00:22:35.982+0200][24.779s] GC(466)   Merge Heap Roots: 0.2ms
[2025-06-28T00:22:35.982+0200][24.779s] GC(466)   Evacuate Collection Set: 1.5ms
[2025-06-28T00:22:35.982+0200][24.779s] GC(466)   Post Evacuate Collection Set: 1.0ms
[2025-06-28T00:22:35.982+0200][24.779s] GC(466)   Other: 0.3ms
[2025-06-28T00:22:35.982+0200][24.779s] GC(466) Eden regions: 1->0(0)
[2025-06-28T00:22:35.983+0200][24.779s] GC(466) Survivor regions: 0->0(0)
[2025-06-28T00:22:35.983+0200][24.779s] GC(466) Old regions: 21->22
[2025-06-28T00:22:35.983+0200][24.779s] GC(466) Humongous regions: 0->0
[2025-06-28T00:22:35.983+0200][24.779s] GC(466) Metaspace: 63608K(64128K)->63608K(64128K) NonClass: 55159K(55424K)->55159K(55424K) Class: 8448K(8704K)->8448K(8704K)
[2025-06-28T00:22:35.983+0200][24.779s] GC(466) Pause Young (Concurrent Start) (G1 Evacuation Pause) (Evacuation Failure) 20M->20M(22M) 4.025ms
[2025-06-28T00:22:35.983+0200][24.779s] GC(466) User=0.06s Sys=0.00s Real=0.00s
[2025-06-28T00:22:35.983+0200][24.779s] GC(467) Concurrent Mark Cycle
[2025-06-28T00:22:35.983+0200][24.779s] Attempting full compaction
[2025-06-28T00:22:35.983+0200][24.780s] GC(467) Concurrent Scan Root Regions
[2025-06-28T00:22:35.983+0200][24.780s] GC(468) Pause Full (G1 Compaction Pause)
[2025-06-28T00:22:35.983+0200][24.780s] GC(467) Concurrent Scan Root Regions 0.300ms
[2025-06-28T00:22:35.983+0200][24.780s] GC(468) Using 2 workers of 10 for full compaction
[2025-06-28T00:22:35.984+0200][24.780s] GC(467) Concurrent Mark
[2025-06-28T00:22:35.984+0200][24.780s] GC(467) Concurrent Mark From Roots
[2025-06-28T00:22:35.984+0200][24.780s] GC(467) Using 3 workers of 3 for marking
[2025-06-28T00:22:35.984+0200][24.781s] GC(468) Phase 1: Mark live objects
[2025-06-28T00:22:36.029+0200][24.825s] GC(468) Phase 1: Mark live objects 44.488ms
[2025-06-28T00:22:36.029+0200][24.825s] GC(468) Phase 2: Prepare compaction
[2025-06-28T00:22:36.030+0200][24.826s] GC(468) Phase 2: Prepare compaction 0.836ms
[2025-06-28T00:22:36.030+0200][24.826s] GC(468) Phase 3: Adjust pointers
[2025-06-28T00:22:36.046+0200][24.842s] GC(468) Phase 3: Adjust pointers 15.431ms
[2025-06-28T00:22:36.046+0200][24.842s] GC(468) Phase 4: Compact heap
[2025-06-28T00:22:36.047+0200][24.843s] GC(468) Phase 4: Compact heap 0.804ms
[2025-06-28T00:22:36.047+0200][24.843s] GC(468) Phase 5: Reset Metadata
[2025-06-28T00:22:36.052+0200][24.849s] GC(468) Phase 5: Reset Metadata 5.818ms
[2025-06-28T00:22:36.057+0200][24.853s] GC(468) Eden regions: 0->0(1)
[2025-06-28T00:22:36.057+0200][24.853s] GC(468) Survivor regions: 0->0(0)
[2025-06-28T00:22:36.057+0200][24.853s] GC(468) Old regions: 22->21
[2025-06-28T00:22:36.057+0200][24.853s] GC(468) Humongous regions: 0->0
[2025-06-28T00:22:36.057+0200][24.853s] GC(468) Metaspace: 63608K(64128K)->63608K(64128K) NonClass: 55159K(55424K)->55159K(55424K) Class: 8448K(8704K)->8448K(8704K)
[2025-06-28T00:22:36.057+0200][24.853s] GC(468) Pause Full (G1 Compaction Pause) 20M->19M(22M) 73.506ms
[2025-06-28T00:22:36.057+0200][24.853s] GC(468) User=0.11s Sys=0.00s Real=0.07s
[2025-06-28T00:22:36.058+0200][24.854s] GC(467) Concurrent Mark From Roots 73.216ms
[2025-06-28T00:22:36.058+0200][24.854s] GC(467) Concurrent Mark Abort
[2025-06-28T00:22:36.058+0200][24.854s] GC(467) Concurrent Mark Cycle 74.512ms
[2025-06-28T00:22:36.105+0200][24.901s] GC(469) Pause Young (Normal) (G1 Evacuation Pause)
[2025-06-28T00:22:36.105+0200][24.902s] GC(469) Using 2 workers of 10 for evacuation
[2025-06-28T00:22:36.109+0200][24.905s] GC(469)   Pre Evacuate Collection Set: 0.3ms
[2025-06-28T00:22:36.109+0200][24.905s] GC(469)   Merge Heap Roots: 0.2ms
[2025-06-28T00:22:36.109+0200][24.905s] GC(469)   Evacuate Collection Set: 1.6ms
[2025-06-28T00:22:36.109+0200][24.905s] GC(469)   Post Evacuate Collection Set: 1.1ms
[2025-06-28T00:22:36.109+0200][24.905s] GC(469)   Other: 0.2ms
[2025-06-28T00:22:36.109+0200][24.905s] GC(469) Eden regions: 1->0(0)
[2025-06-28T00:22:36.109+0200][24.905s] GC(469) Survivor regions: 0->0(0)
[2025-06-28T00:22:36.109+0200][24.905s] GC(469) Old regions: 21->22
[2025-06-28T00:22:36.109+0200][24.905s] GC(469) Humongous regions: 0->0
[2025-06-28T00:22:36.109+0200][24.905s] GC(469) Metaspace: 63669K(64192K)->63669K(64192K) NonClass: 55209K(55488K)->55209K(55488K) Class: 8460K(8704K)->8460K(8704K)
[2025-06-28T00:22:36.109+0200][24.906s] GC(469) Pause Young (Normal) (G1 Evacuation Pause) (Evacuation Failure) 20M->20M(22M) 4.120ms
[2025-06-28T00:22:36.109+0200][24.906s] GC(469) User=0.02s Sys=0.00s Real=0.00s
[2025-06-28T00:22:36.109+0200][24.906s] Attempting full compaction
[2025-06-28T00:22:36.109+0200][24.906s] GC(470) Pause Full (G1 Compaction Pause)
[2025-06-28T00:22:36.109+0200][24.906s] GC(470) Using 2 workers of 10 for full compaction
[2025-06-28T00:22:36.109+0200][24.906s] GC(470) Phase 1: Mark live objects
[2025-06-28T00:22:36.156+0200][24.952s] GC(470) Phase 1: Mark live objects 45.958ms
[2025-06-28T00:22:36.156+0200][24.952s] GC(470) Phase 2: Prepare compaction
[2025-06-28T00:22:36.157+0200][24.953s] GC(470) Phase 2: Prepare compaction 0.702ms
[2025-06-28T00:22:36.157+0200][24.953s] GC(470) Phase 3: Adjust pointers
[2025-06-28T00:22:36.174+0200][24.970s] GC(470) Phase 3: Adjust pointers 17.239ms
[2025-06-28T00:22:36.174+0200][24.970s] GC(470) Phase 4: Compact heap
[2025-06-28T00:22:36.175+0200][24.971s] GC(470) Phase 4: Compact heap 1.006ms
[2025-06-28T00:22:36.175+0200][24.971s] GC(470) Phase 5: Reset Metadata
[2025-06-28T00:22:36.181+0200][24.977s] GC(470) Phase 5: Reset Metadata 5.887ms
[2025-06-28T00:22:36.186+0200][24.982s] GC(470) Eden regions: 0->0(1)
[2025-06-28T00:22:36.186+0200][24.982s] GC(470) Survivor regions: 0->0(0)
[2025-06-28T00:22:36.186+0200][24.982s] GC(470) Old regions: 22->21
[2025-06-28T00:22:36.186+0200][24.982s] GC(470) Humongous regions: 0->0
[2025-06-28T00:22:36.186+0200][24.982s] GC(470) Metaspace: 63669K(64192K)->63669K(64192K) NonClass: 55209K(55488K)->55209K(55488K) Class: 8460K(8704K)->8460K(8704K)
[2025-06-28T00:22:36.186+0200][24.982s] GC(470) Pause Full (G1 Compaction Pause) 20M->19M(22M) 76.454ms
[2025-06-28T00:22:36.186+0200][24.982s] GC(470) User=0.23s Sys=0.00s Real=0.08s
[2025-06-28T00:22:36.283+0200][25.080s] GC(471) Pause Young (Concurrent Start) (G1 Evacuation Pause)
[2025-06-28T00:22:36.283+0200][25.080s] GC(471) Using 2 workers of 10 for evacuation
[2025-06-28T00:22:36.287+0200][25.083s] GC(471)   Pre Evacuate Collection Set: 0.4ms
[2025-06-28T00:22:36.287+0200][25.083s] GC(471)   Merge Heap Roots: 0.1ms
[2025-06-28T00:22:36.287+0200][25.083s] GC(471)   Evacuate Collection Set: 1.3ms
[2025-06-28T00:22:36.287+0200][25.083s] GC(471)   Post Evacuate Collection Set: 0.7ms
[2025-06-28T00:22:36.287+0200][25.083s] GC(471)   Other: 0.2ms
[2025-06-28T00:22:36.287+0200][25.083s] GC(471) Eden regions: 1->0(0)
[2025-06-28T00:22:36.287+0200][25.083s] GC(471) Survivor regions: 0->0(0)
[2025-06-28T00:22:36.287+0200][25.083s] GC(471) Old regions: 21->22
[2025-06-28T00:22:36.287+0200][25.083s] GC(471) Humongous regions: 0->0
[2025-06-28T00:22:36.287+0200][25.083s] GC(471) Metaspace: 63763K(64320K)->63763K(64320K) NonClass: 55286K(55616K)->55286K(55616K) Class: 8476K(8704K)->8476K(8704K)
[2025-06-28T00:22:36.287+0200][25.083s] GC(471) Pause Young (Concurrent Start) (G1 Evacuation Pause) (Evacuation Failure) 20M->20M(22M) 3.323ms
[2025-06-28T00:22:36.287+0200][25.083s] GC(471) User=0.00s Sys=0.00s Real=0.00s
[2025-06-28T00:22:36.287+0200][25.083s] Attempting full compaction
[2025-06-28T00:22:36.287+0200][25.083s] GC(472) Concurrent Mark Cycle
[2025-06-28T00:22:36.287+0200][25.083s] GC(473) Pause Full (G1 Compaction Pause)
[2025-06-28T00:22:36.287+0200][25.083s] GC(472) Concurrent Scan Root Regions
[2025-06-28T00:22:36.287+0200][25.083s] GC(473) Using 2 workers of 10 for full compaction
[2025-06-28T00:22:36.287+0200][25.083s] GC(472) Concurrent Scan Root Regions 0.109ms
[2025-06-28T00:22:36.287+0200][25.083s] GC(472) Concurrent Mark
[2025-06-28T00:22:36.287+0200][25.084s] GC(472) Concurrent Mark From Roots
[2025-06-28T00:22:36.287+0200][25.084s] GC(472) Using 3 workers of 3 for marking
[2025-06-28T00:22:36.287+0200][25.084s] GC(473) Phase 1: Mark live objects
[2025-06-28T00:22:36.339+0200][25.135s] GC(473) Phase 1: Mark live objects 51.572ms
[2025-06-28T00:22:36.339+0200][25.135s] GC(473) Phase 2: Prepare compaction
[2025-06-28T00:22:36.340+0200][25.136s] GC(473) Phase 2: Prepare compaction 1.009ms
[2025-06-28T00:22:36.340+0200][25.137s] GC(473) Phase 3: Adjust pointers
[2025-06-28T00:22:36.356+0200][25.153s] GC(473) Phase 3: Adjust pointers 16.081ms
[2025-06-28T00:22:36.356+0200][25.153s] GC(473) Phase 4: Compact heap
[2025-06-28T00:22:36.358+0200][25.154s] GC(473) Phase 4: Compact heap 1.354ms
[2025-06-28T00:22:36.358+0200][25.154s] GC(473) Phase 5: Reset Metadata
[2025-06-28T00:22:36.363+0200][25.160s] GC(473) Phase 5: Reset Metadata 5.482ms
[2025-06-28T00:22:36.368+0200][25.164s] GC(473) Eden regions: 0->0(1)
[2025-06-28T00:22:36.368+0200][25.164s] GC(473) Survivor regions: 0->0(0)
[2025-06-28T00:22:36.368+0200][25.164s] GC(473) Old regions: 22->21
[2025-06-28T00:22:36.368+0200][25.164s] GC(473) Humongous regions: 0->0
[2025-06-28T00:22:36.368+0200][25.164s] GC(473) Metaspace: 63763K(64320K)->63761K(64320K) NonClass: 55286K(55616K)->55285K(55616K) Class: 8476K(8704K)->8475K(8704K)
[2025-06-28T00:22:36.368+0200][25.164s] GC(473) Pause Full (G1 Compaction Pause) 20M->19M(22M) 81.203ms
[2025-06-28T00:22:36.368+0200][25.164s] GC(473) User=0.16s Sys=0.00s Real=0.08s
[2025-06-28T00:22:36.368+0200][25.165s] GC(472) Concurrent Mark From Roots 81.354ms
[2025-06-28T00:22:36.369+0200][25.165s] GC(472) Concurrent Mark Abort
[2025-06-28T00:22:36.369+0200][25.165s] GC(472) Concurrent Mark Cycle 81.843ms
[2025-06-28T00:22:36.406+0200][25.203s] GC(474) Pause Young (Normal) (G1 Evacuation Pause)
[2025-06-28T00:22:36.406+0200][25.203s] GC(474) Using 6 workers of 10 for evacuation
[2025-06-28T00:22:36.408+0200][25.205s] GC(474)   Pre Evacuate Collection Set: 0.3ms
[2025-06-28T00:22:36.408+0200][25.205s] GC(474)   Merge Heap Roots: 0.2ms
[2025-06-28T00:22:36.408+0200][25.205s] GC(474)   Evacuate Collection Set: 0.7ms
[2025-06-28T00:22:36.408+0200][25.205s] GC(474)   Post Evacuate Collection Set: 0.8ms
[2025-06-28T00:22:36.408+0200][25.205s] GC(474)   Other: 0.1ms
[2025-06-28T00:22:36.408+0200][25.205s] GC(474) Eden regions: 1->0(0)
[2025-06-28T00:22:36.408+0200][25.205s] GC(474) Survivor regions: 0->0(0)
[2025-06-28T00:22:36.408+0200][25.205s] GC(474) Old regions: 21->22
[2025-06-28T00:22:36.408+0200][25.205s] GC(474) Humongous regions: 0->0
[2025-06-28T00:22:36.408+0200][25.205s] GC(474) Metaspace: 63805K(64320K)->63805K(64320K) NonClass: 55319K(55616K)->55319K(55616K) Class: 8485K(8704K)->8485K(8704K)
[2025-06-28T00:22:36.408+0200][25.206s] GC(474) Pause Young (Normal) (G1 Evacuation Pause) (Evacuation Failure) 20M->20M(22M) 2.702ms
[2025-06-28T00:22:36.408+0200][25.206s] GC(474) User=0.00s Sys=0.00s Real=0.00s
[2025-06-28T00:22:36.408+0200][25.206s] Attempting full compaction
[2025-06-28T00:22:36.408+0200][25.206s] GC(475) Pause Full (G1 Compaction Pause)
[2025-06-28T00:22:36.408+0200][25.206s] GC(475) Using 2 workers of 10 for full compaction
[2025-06-28T00:22:36.410+0200][25.206s] GC(475) Phase 1: Mark live objects
[2025-06-28T00:22:36.462+0200][25.258s] GC(475) Phase 1: Mark live objects 52.545ms
[2025-06-28T00:22:36.462+0200][25.259s] GC(475) Phase 2: Prepare compaction
[2025-06-28T00:22:36.463+0200][25.259s] GC(475) Phase 2: Prepare compaction 0.656ms
[2025-06-28T00:22:36.463+0200][25.259s] GC(475) Phase 3: Adjust pointers
[2025-06-28T00:22:36.478+0200][25.275s] GC(475) Phase 3: Adjust pointers 15.457ms
[2025-06-28T00:22:36.478+0200][25.275s] GC(475) Phase 4: Compact heap
[2025-06-28T00:22:36.480+0200][25.276s] GC(475) Phase 4: Compact heap 1.145ms
[2025-06-28T00:22:36.480+0200][25.276s] GC(475) Phase 5: Reset Metadata
[2025-06-28T00:22:36.487+0200][25.283s] GC(475) Phase 5: Reset Metadata 7.052ms
[2025-06-28T00:22:36.492+0200][25.288s] GC(475) Eden regions: 0->0(1)
[2025-06-28T00:22:36.492+0200][25.288s] GC(475) Survivor regions: 0->0(0)
[2025-06-28T00:22:36.492+0200][25.288s] GC(475) Old regions: 22->21
[2025-06-28T00:22:36.492+0200][25.288s] GC(475) Humongous regions: 0->0
[2025-06-28T00:22:36.492+0200][25.288s] GC(475) Metaspace: 63805K(64320K)->63800K(64320K) NonClass: 55319K(55616K)->55315K(55616K) Class: 8485K(8704K)->8484K(8704K)
[2025-06-28T00:22:36.492+0200][25.288s] GC(475) Pause Full (G1 Compaction Pause) 20M->19M(22M) 82.775ms
[2025-06-28T00:22:36.492+0200][25.289s] GC(475) User=0.22s Sys=0.00s Real=0.08s
[2025-06-28T00:22:36.521+0200][25.318s] GC(476) Pause Young (Concurrent Start) (G1 Evacuation Pause)
[2025-06-28T00:22:36.522+0200][25.318s] GC(476) Using 8 workers of 10 for evacuation
[2025-06-28T00:22:36.524+0200][25.321s] GC(476)   Pre Evacuate Collection Set: 0.4ms
[2025-06-28T00:22:36.524+0200][25.321s] GC(476)   Merge Heap Roots: 0.2ms
[2025-06-28T00:22:36.524+0200][25.321s] GC(476)   Evacuate Collection Set: 1.0ms
[2025-06-28T00:22:36.525+0200][25.321s] GC(476)   Post Evacuate Collection Set: 0.8ms
[2025-06-28T00:22:36.525+0200][25.321s] GC(476)   Other: 0.2ms
[2025-06-28T00:22:36.525+0200][25.321s] GC(476) Eden regions: 1->0(0)
[2025-06-28T00:22:36.525+0200][25.321s] GC(476) Survivor regions: 0->0(0)
[2025-06-28T00:22:36.525+0200][25.321s] GC(476) Old regions: 21->22
[2025-06-28T00:22:36.525+0200][25.321s] GC(476) Humongous regions: 0->0
[2025-06-28T00:22:36.525+0200][25.321s] GC(476) Metaspace: 63821K(64320K)->63821K(64320K) NonClass: 55332K(55616K)->55332K(55616K) Class: 8488K(8704K)->8488K(8704K)
[2025-06-28T00:22:36.525+0200][25.321s] GC(476) Pause Young (Concurrent Start) (G1 Evacuation Pause) (Evacuation Failure) 20M->20M(22M) 3.205ms
[2025-06-28T00:22:36.525+0200][25.321s] GC(476) User=0.00s Sys=0.00s Real=0.00s
[2025-06-28T00:22:36.525+0200][25.321s] GC(477) Concurrent Mark Cycle
[2025-06-28T00:22:36.525+0200][25.321s] Attempting full compaction
[2025-06-28T00:22:36.525+0200][25.321s] GC(477) Concurrent Scan Root Regions
[2025-06-28T00:22:36.525+0200][25.321s] GC(478) Pause Full (G1 Compaction Pause)
[2025-06-28T00:22:36.525+0200][25.321s] GC(477) Concurrent Scan Root Regions 0.146ms
[2025-06-28T00:22:36.525+0200][25.322s] GC(478) Using 2 workers of 10 for full compaction
[2025-06-28T00:22:36.525+0200][25.322s] GC(477) Concurrent Mark
[2025-06-28T00:22:36.526+0200][25.322s] GC(477) Concurrent Mark From Roots
[2025-06-28T00:22:36.526+0200][25.322s] GC(477) Using 3 workers of 3 for marking
[2025-06-28T00:22:36.526+0200][25.322s] GC(478) Phase 1: Mark live objects
[2025-06-28T00:22:36.570+0200][25.366s] GC(478) Phase 1: Mark live objects 44.037ms
[2025-06-28T00:22:36.570+0200][25.366s] GC(478) Phase 2: Prepare compaction
[2025-06-28T00:22:36.571+0200][25.367s] GC(478) Phase 2: Prepare compaction 0.830ms
[2025-06-28T00:22:36.571+0200][25.367s] GC(478) Phase 3: Adjust pointers
[2025-06-28T00:22:36.586+0200][25.383s] GC(478) Phase 3: Adjust pointers 15.418ms
[2025-06-28T00:22:36.586+0200][25.383s] GC(478) Phase 4: Compact heap
[2025-06-28T00:22:36.587+0200][25.384s] GC(478) Phase 4: Compact heap 0.916ms
[2025-06-28T00:22:36.587+0200][25.384s] GC(478) Phase 5: Reset Metadata
[2025-06-28T00:22:36.593+0200][25.390s] GC(478) Phase 5: Reset Metadata 5.844ms
[2025-06-28T00:22:36.598+0200][25.394s] GC(478) Eden regions: 0->0(1)
[2025-06-28T00:22:36.598+0200][25.394s] GC(478) Survivor regions: 0->0(0)
[2025-06-28T00:22:36.598+0200][25.394s] GC(478) Old regions: 22->21
[2025-06-28T00:22:36.598+0200][25.394s] GC(478) Humongous regions: 0->0
[2025-06-28T00:22:36.598+0200][25.394s] GC(478) Metaspace: 63821K(64320K)->63821K(64320K) NonClass: 55332K(55616K)->55332K(55616K) Class: 8488K(8704K)->8488K(8704K)
[2025-06-28T00:22:36.598+0200][25.394s] GC(478) Pause Full (G1 Compaction Pause) 20M->19M(22M) 73.044ms
[2025-06-28T00:22:36.598+0200][25.394s] GC(478) User=0.23s Sys=0.00s Real=0.07s
[2025-06-28T00:22:36.599+0200][25.395s] GC(477) Concurrent Mark From Roots 73.126ms
[2025-06-28T00:22:36.599+0200][25.395s] GC(477) Concurrent Mark Abort
[2025-06-28T00:22:36.599+0200][25.395s] GC(477) Concurrent Mark Cycle 73.939ms
[2025-06-28T00:22:36.692+0200][25.488s] GC(479) Pause Young (Normal) (G1 Evacuation Pause)
[2025-06-28T00:22:36.692+0200][25.488s] GC(479) Using 8 workers of 10 for evacuation
[2025-06-28T00:22:36.695+0200][25.491s] GC(479)   Pre Evacuate Collection Set: 0.3ms
[2025-06-28T00:22:36.695+0200][25.491s] GC(479)   Merge Heap Roots: 0.2ms
[2025-06-28T00:22:36.695+0200][25.491s] GC(479)   Evacuate Collection Set: 1.0ms
[2025-06-28T00:22:36.695+0200][25.491s] GC(479)   Post Evacuate Collection Set: 0.9ms
[2025-06-28T00:22:36.695+0200][25.491s] GC(479)   Other: 0.1ms
[2025-06-28T00:22:36.695+0200][25.491s] GC(479) Eden regions: 1->0(0)
[2025-06-28T00:22:36.695+0200][25.491s] GC(479) Survivor regions: 0->0(0)
[2025-06-28T00:22:36.695+0200][25.491s] GC(479) Old regions: 21->22
[2025-06-28T00:22:36.695+0200][25.491s] GC(479) Humongous regions: 0->0
[2025-06-28T00:22:36.695+0200][25.491s] GC(479) Metaspace: 63839K(64384K)->63839K(64384K) NonClass: 55347K(55616K)->55347K(55616K) Class: 8491K(8768K)->8491K(8768K)
[2025-06-28T00:22:36.695+0200][25.491s] GC(479) Pause Young (Normal) (G1 Evacuation Pause) (Evacuation Failure) 20M->20M(22M) 3.122ms
[2025-06-28T00:22:36.695+0200][25.491s] GC(479) User=0.00s Sys=0.00s Real=0.00s
[2025-06-28T00:22:36.695+0200][25.491s] Attempting full compaction
[2025-06-28T00:22:36.695+0200][25.491s] GC(480) Pause Full (G1 Compaction Pause)
[2025-06-28T00:22:36.695+0200][25.491s] GC(480) Using 2 workers of 10 for full compaction
[2025-06-28T00:22:36.695+0200][25.491s] GC(480) Phase 1: Mark live objects
[2025-06-28T00:22:36.745+0200][25.542s] GC(480) Phase 1: Mark live objects 50.235ms
[2025-06-28T00:22:36.745+0200][25.542s] GC(480) Phase 2: Prepare compaction
[2025-06-28T00:22:36.748+0200][25.544s] GC(480) Phase 2: Prepare compaction 2.069ms
[2025-06-28T00:22:36.748+0200][25.544s] GC(480) Phase 3: Adjust pointers
[2025-06-28T00:22:36.767+0200][25.563s] GC(480) Phase 3: Adjust pointers 18.470ms
[2025-06-28T00:22:36.767+0200][25.563s] GC(480) Phase 4: Compact heap
[2025-06-28T00:22:36.769+0200][25.565s] GC(480) Phase 4: Compact heap 2.563ms
[2025-06-28T00:22:36.769+0200][25.565s] GC(480) Phase 5: Reset Metadata
[2025-06-28T00:22:36.774+0200][25.571s] GC(480) Phase 5: Reset Metadata 5.199ms
[2025-06-28T00:22:36.780+0200][25.577s] GC(480) Eden regions: 0->0(1)
[2025-06-28T00:22:36.780+0200][25.577s] GC(480) Survivor regions: 0->0(0)
[2025-06-28T00:22:36.780+0200][25.577s] GC(480) Old regions: 22->20
[2025-06-28T00:22:36.780+0200][25.577s] GC(480) Humongous regions: 0->0
[2025-06-28T00:22:36.780+0200][25.577s] GC(480) Metaspace: 63839K(64384K)->63839K(64384K) NonClass: 55347K(55616K)->55347K(55616K) Class: 8491K(8768K)->8491K(8768K)
[2025-06-28T00:22:36.780+0200][25.577s] GC(480) Pause Full (G1 Compaction Pause) 20M->19M(22M) 85.767ms
[2025-06-28T00:22:36.780+0200][25.577s] GC(480) User=0.17s Sys=0.00s Real=0.09s
[2025-06-28T00:22:36.829+0200][25.625s] GC(481) Pause Young (Concurrent Start) (G1 Evacuation Pause)
[2025-06-28T00:22:36.829+0200][25.626s] GC(481) Using 8 workers of 10 for evacuation
[2025-06-28T00:22:36.833+0200][25.630s] GC(481)   Pre Evacuate Collection Set: 0.6ms
[2025-06-28T00:22:36.833+0200][25.630s] GC(481)   Merge Heap Roots: 0.3ms
[2025-06-28T00:22:36.833+0200][25.630s] GC(481)   Evacuate Collection Set: 1.6ms
[2025-06-28T00:22:36.833+0200][25.630s] GC(481)   Post Evacuate Collection Set: 1.2ms
[2025-06-28T00:22:36.833+0200][25.630s] GC(481)   Other: 0.4ms
[2025-06-28T00:22:36.833+0200][25.630s] GC(481) Eden regions: 1->0(0)
[2025-06-28T00:22:36.833+0200][25.630s] GC(481) Survivor regions: 0->1(1)
[2025-06-28T00:22:36.833+0200][25.630s] GC(481) Old regions: 20->20
[2025-06-28T00:22:36.833+0200][25.630s] GC(481) Humongous regions: 0->0
[2025-06-28T00:22:36.834+0200][25.630s] GC(481) Metaspace: 63902K(64448K)->63902K(64448K) NonClass: 55405K(55680K)->55405K(55680K) Class: 8496K(8768K)->8496K(8768K)
[2025-06-28T00:22:36.834+0200][25.630s] GC(481) Pause Young (Concurrent Start) (G1 Evacuation Pause) 20M->19M(22M) 4.884ms
[2025-06-28T00:22:36.834+0200][25.630s] GC(481) User=0.00s Sys=0.00s Real=0.01s
[2025-06-28T00:22:36.834+0200][25.631s] Attempting full compaction
[2025-06-28T00:22:36.834+0200][25.631s] GC(482) Concurrent Mark Cycle
[2025-06-28T00:22:36.834+0200][25.631s] GC(483) Pause Full (G1 Compaction Pause)
[2025-06-28T00:22:36.834+0200][25.631s] GC(482) Concurrent Scan Root Regions
[2025-06-28T00:22:36.834+0200][25.631s] GC(483) Using 2 workers of 10 for full compaction
[2025-06-28T00:22:36.836+0200][25.633s] GC(482) Concurrent Scan Root Regions 2.162ms
[2025-06-28T00:22:36.836+0200][25.633s] GC(482) Concurrent Mark
[2025-06-28T00:22:36.836+0200][25.633s] GC(482) Concurrent Mark From Roots
[2025-06-28T00:22:36.836+0200][25.633s] GC(482) Using 3 workers of 3 for marking
[2025-06-28T00:22:36.836+0200][25.633s] GC(483) Phase 1: Mark live objects
[2025-06-28T00:22:36.904+0200][25.701s] GC(483) Phase 1: Mark live objects 67.370ms
[2025-06-28T00:22:36.904+0200][25.701s] GC(483) Phase 2: Prepare compaction
[2025-06-28T00:22:36.905+0200][25.702s] GC(483) Phase 2: Prepare compaction 0.947ms
[2025-06-28T00:22:36.906+0200][25.702s] GC(483) Phase 3: Adjust pointers
[2025-06-28T00:22:36.926+0200][25.722s] GC(483) Phase 3: Adjust pointers 20.373ms
[2025-06-28T00:22:36.926+0200][25.722s] GC(483) Phase 4: Compact heap
[2025-06-28T00:22:36.927+0200][25.723s] GC(483) Phase 4: Compact heap 1.065ms
[2025-06-28T00:22:36.927+0200][25.723s] GC(483) Phase 5: Reset Metadata
[2025-06-28T00:22:36.933+0200][25.730s] GC(483) Phase 5: Reset Metadata 6.241ms
[2025-06-28T00:22:36.938+0200][25.734s] GC(483) Eden regions: 0->0(1)
[2025-06-28T00:22:36.938+0200][25.734s] GC(483) Survivor regions: 1->0(1)
[2025-06-28T00:22:36.938+0200][25.734s] GC(483) Old regions: 20->21
[2025-06-28T00:22:36.938+0200][25.734s] GC(483) Humongous regions: 0->0
[2025-06-28T00:22:36.938+0200][25.734s] GC(483) Metaspace: 63902K(64448K)->63902K(64448K) NonClass: 55405K(55680K)->55405K(55680K) Class: 8496K(8768K)->8496K(8768K)
[2025-06-28T00:22:36.938+0200][25.734s] GC(483) Pause Full (G1 Compaction Pause) 19M->19M(22M) 103.848ms
[2025-06-28T00:22:36.938+0200][25.734s] GC(483) User=0.22s Sys=0.00s Real=0.10s
[2025-06-28T00:22:36.939+0200][25.735s] GC(482) Concurrent Mark From Roots 101.861ms
[2025-06-28T00:22:36.939+0200][25.735s] GC(482) Concurrent Mark Abort
[2025-06-28T00:22:36.939+0200][25.735s] GC(482) Concurrent Mark Cycle 104.477ms
[2025-06-28T00:22:36.960+0200][25.756s] GC(484) Pause Young (Normal) (G1 Evacuation Pause)
[2025-06-28T00:22:36.960+0200][25.756s] GC(484) Using 8 workers of 10 for evacuation
[2025-06-28T00:22:36.963+0200][25.759s] GC(484)   Pre Evacuate Collection Set: 0.3ms
[2025-06-28T00:22:36.963+0200][25.759s] GC(484)   Merge Heap Roots: 0.2ms
[2025-06-28T00:22:36.963+0200][25.759s] GC(484)   Evacuate Collection Set: 0.7ms
[2025-06-28T00:22:36.963+0200][25.759s] GC(484)   Post Evacuate Collection Set: 0.9ms
[2025-06-28T00:22:36.963+0200][25.759s] GC(484)   Other: 0.2ms
[2025-06-28T00:22:36.963+0200][25.759s] GC(484) Eden regions: 1->0(0)
[2025-06-28T00:22:36.963+0200][25.759s] GC(484) Survivor regions: 0->0(0)
[2025-06-28T00:22:36.963+0200][25.759s] GC(484) Old regions: 21->22
[2025-06-28T00:22:36.963+0200][25.759s] GC(484) Humongous regions: 0->0
[2025-06-28T00:22:36.963+0200][25.759s] GC(484) Metaspace: 63969K(64512K)->63969K(64512K) NonClass: 55464K(55744K)->55464K(55744K) Class: 8504K(8768K)->8504K(8768K)
[2025-06-28T00:22:36.963+0200][25.759s] GC(484) Pause Young (Normal) (G1 Evacuation Pause) (Evacuation Failure) 20M->20M(22M) 2.876ms
[2025-06-28T00:22:36.963+0200][25.759s] GC(484) User=0.00s Sys=0.00s Real=0.00s
[2025-06-28T00:22:36.963+0200][25.759s] Attempting full compaction
[2025-06-28T00:22:36.963+0200][25.759s] GC(485) Pause Full (G1 Compaction Pause)
[2025-06-28T00:22:36.963+0200][25.759s] GC(485) Using 2 workers of 10 for full compaction
[2025-06-28T00:22:36.963+0200][25.760s] GC(485) Phase 1: Mark live objects
[2025-06-28T00:22:37.004+0200][25.800s] GC(485) Phase 1: Mark live objects 40.426ms
[2025-06-28T00:22:37.004+0200][25.800s] GC(485) Phase 2: Prepare compaction
[2025-06-28T00:22:37.005+0200][25.801s] GC(485) Phase 2: Prepare compaction 0.747ms
[2025-06-28T00:22:37.005+0200][25.801s] GC(485) Phase 3: Adjust pointers
[2025-06-28T00:22:37.021+0200][25.817s] GC(485) Phase 3: Adjust pointers 15.591ms
[2025-06-28T00:22:37.021+0200][25.817s] GC(485) Phase 4: Compact heap
[2025-06-28T00:22:37.022+0200][25.818s] GC(485) Phase 4: Compact heap 0.896ms
[2025-06-28T00:22:37.022+0200][25.818s] GC(485) Phase 5: Reset Metadata
[2025-06-28T00:22:37.028+0200][25.825s] GC(485) Phase 5: Reset Metadata 6.974ms
[2025-06-28T00:22:37.033+0200][25.829s] GC(485) Eden regions: 0->0(1)
[2025-06-28T00:22:37.034+0200][25.829s] GC(485) Survivor regions: 0->0(0)
[2025-06-28T00:22:37.034+0200][25.829s] GC(485) Old regions: 22->21
[2025-06-28T00:22:37.034+0200][25.830s] GC(485) Humongous regions: 0->0
[2025-06-28T00:22:37.034+0200][25.830s] GC(485) Metaspace: 63969K(64512K)->63969K(64512K) NonClass: 55464K(55744K)->55464K(55744K) Class: 8504K(8768K)->8504K(8768K)
[2025-06-28T00:22:37.034+0200][25.830s] GC(485) Pause Full (G1 Compaction Pause) 20M->19M(22M) 70.299ms
[2025-06-28T00:22:37.034+0200][25.830s] GC(485) User=0.19s Sys=0.00s Real=0.07s
[2025-06-28T00:22:37.052+0200][25.849s] GC(486) Pause Young (Concurrent Start) (G1 Evacuation Pause)
[2025-06-28T00:22:37.052+0200][25.849s] GC(486) Using 8 workers of 10 for evacuation
[2025-06-28T00:22:37.056+0200][25.853s] GC(486)   Pre Evacuate Collection Set: 0.5ms
[2025-06-28T00:22:37.056+0200][25.853s] GC(486)   Merge Heap Roots: 0.2ms
[2025-06-28T00:22:37.056+0200][25.853s] GC(486)   Evacuate Collection Set: 1.5ms
[2025-06-28T00:22:37.056+0200][25.853s] GC(486)   Post Evacuate Collection Set: 0.8ms
[2025-06-28T00:22:37.056+0200][25.853s] GC(486)   Other: 0.3ms
[2025-06-28T00:22:37.056+0200][25.853s] GC(486) Eden regions: 1->0(0)
[2025-06-28T00:22:37.056+0200][25.853s] GC(486) Survivor regions: 0->0(0)
[2025-06-28T00:22:37.056+0200][25.853s] GC(486) Old regions: 21->22
[2025-06-28T00:22:37.056+0200][25.853s] GC(486) Humongous regions: 0->0
[2025-06-28T00:22:37.056+0200][25.853s] GC(486) Metaspace: 64026K(64576K)->64026K(64576K) NonClass: 55515K(55808K)->55515K(55808K) Class: 8510K(8768K)->8510K(8768K)
[2025-06-28T00:22:37.056+0200][25.853s] GC(486) Pause Young (Concurrent Start) (G1 Evacuation Pause) (Evacuation Failure) 20M->20M(22M) 4.187ms
[2025-06-28T00:22:37.057+0200][25.853s] GC(486) User=0.00s Sys=0.00s Real=0.00s
[2025-06-28T00:22:37.057+0200][25.853s] GC(487) Concurrent Mark Cycle
[2025-06-28T00:22:37.057+0200][25.853s] Attempting full compaction
[2025-06-28T00:22:37.057+0200][25.854s] GC(487) Concurrent Scan Root Regions
[2025-06-28T00:22:37.057+0200][25.854s] GC(488) Pause Full (G1 Compaction Pause)
[2025-06-28T00:22:37.057+0200][25.854s] GC(487) Concurrent Scan Root Regions 0.303ms
[2025-06-28T00:22:37.057+0200][25.854s] GC(488) Using 2 workers of 10 for full compaction
[2025-06-28T00:22:37.057+0200][25.854s] GC(487) Concurrent Mark
[2025-06-28T00:22:37.057+0200][25.854s] GC(487) Concurrent Mark From Roots
[2025-06-28T00:22:37.058+0200][25.854s] GC(487) Using 3 workers of 3 for marking
[2025-06-28T00:22:37.058+0200][25.855s] GC(488) Phase 1: Mark live objects
[2025-06-28T00:22:37.123+0200][25.919s] GC(488) Phase 1: Mark live objects 64.459ms
[2025-06-28T00:22:37.123+0200][25.919s] GC(488) Phase 2: Prepare compaction
[2025-06-28T00:22:37.124+0200][25.920s] GC(488) Phase 2: Prepare compaction 1.042ms
[2025-06-28T00:22:37.124+0200][25.920s] GC(488) Phase 3: Adjust pointers
[2025-06-28T00:22:37.143+0200][25.939s] GC(488) Phase 3: Adjust pointers 18.905ms
[2025-06-28T00:22:37.143+0200][25.939s] GC(488) Phase 4: Compact heap
[2025-06-28T00:22:37.144+0200][25.940s] GC(488) Phase 4: Compact heap 0.925ms
[2025-06-28T00:22:37.144+0200][25.940s] GC(488) Phase 5: Reset Metadata
[2025-06-28T00:22:37.151+0200][25.947s] GC(488) Phase 5: Reset Metadata 7.035ms
[2025-06-28T00:22:37.156+0200][25.952s] GC(488) Eden regions: 0->0(1)
[2025-06-28T00:22:37.156+0200][25.952s] GC(488) Survivor regions: 0->0(0)
[2025-06-28T00:22:37.156+0200][25.952s] GC(488) Old regions: 22->21
[2025-06-28T00:22:37.156+0200][25.952s] GC(488) Humongous regions: 0->0
[2025-06-28T00:22:37.156+0200][25.952s] GC(488) Metaspace: 64026K(64576K)->64026K(64576K) NonClass: 55515K(55808K)->55515K(55808K) Class: 8510K(8768K)->8510K(8768K)
[2025-06-28T00:22:37.156+0200][25.953s] GC(488) Pause Full (G1 Compaction Pause) 20M->19M(22M) 98.906ms
[2025-06-28T00:22:37.156+0200][25.953s] GC(488) User=0.41s Sys=0.00s Real=0.10s
[2025-06-28T00:22:37.157+0200][25.953s] GC(487) Concurrent Mark From Roots 99.067ms
[2025-06-28T00:22:37.157+0200][25.953s] GC(487) Concurrent Mark Abort
[2025-06-28T00:22:37.157+0200][25.953s] GC(487) Concurrent Mark Cycle 100.094ms
[2025-06-28T00:22:37.184+0200][25.980s] GC(489) Pause Young (Normal) (G1 Evacuation Pause)
[2025-06-28T00:22:37.184+0200][25.980s] GC(489) Using 8 workers of 10 for evacuation
[2025-06-28T00:22:37.187+0200][25.983s] GC(489)   Pre Evacuate Collection Set: 0.4ms
[2025-06-28T00:22:37.187+0200][25.983s] GC(489)   Merge Heap Roots: 0.2ms
[2025-06-28T00:22:37.187+0200][25.983s] GC(489)   Evacuate Collection Set: 0.9ms
[2025-06-28T00:22:37.187+0200][25.983s] GC(489)   Post Evacuate Collection Set: 0.9ms
[2025-06-28T00:22:37.187+0200][25.983s] GC(489)   Other: 0.1ms
[2025-06-28T00:22:37.187+0200][25.983s] GC(489) Eden regions: 1->0(0)
[2025-06-28T00:22:37.187+0200][25.983s] GC(489) Survivor regions: 0->0(0)
[2025-06-28T00:22:37.187+0200][25.983s] GC(489) Old regions: 21->22
[2025-06-28T00:22:37.187+0200][25.983s] GC(489) Humongous regions: 0->0
[2025-06-28T00:22:37.187+0200][25.983s] GC(489) Metaspace: 64027K(64576K)->64027K(64576K) NonClass: 55515K(55808K)->55515K(55808K) Class: 8511K(8768K)->8511K(8768K)
[2025-06-28T00:22:37.187+0200][25.983s] GC(489) Pause Young (Normal) (G1 Evacuation Pause) (Evacuation Failure) 20M->20M(22M) 3.162ms
[2025-06-28T00:22:37.187+0200][25.983s] GC(489) User=0.02s Sys=0.00s Real=0.00s
[2025-06-28T00:22:37.187+0200][25.983s] Attempting full compaction
[2025-06-28T00:22:37.187+0200][25.983s] GC(490) Pause Full (G1 Compaction Pause)
[2025-06-28T00:22:37.187+0200][25.983s] GC(490) Using 2 workers of 10 for full compaction
[2025-06-28T00:22:37.187+0200][25.984s] GC(490) Phase 1: Mark live objects
[2025-06-28T00:22:37.237+0200][26.034s] GC(490) Phase 1: Mark live objects 50.381ms
[2025-06-28T00:22:37.237+0200][26.034s] GC(490) Phase 2: Prepare compaction
[2025-06-28T00:22:37.238+0200][26.034s] GC(490) Phase 2: Prepare compaction 0.301ms
[2025-06-28T00:22:37.238+0200][26.034s] GC(490) Phase 3: Adjust pointers
[2025-06-28T00:22:37.253+0200][26.050s] GC(490) Phase 3: Adjust pointers 15.100ms
[2025-06-28T00:22:37.253+0200][26.050s] GC(490) Phase 4: Compact heap
[2025-06-28T00:22:37.253+0200][26.050s] GC(490) Phase 4: Compact heap 0.239ms
[2025-06-28T00:22:37.253+0200][26.050s] GC(490) Phase 5: Reset Metadata
[2025-06-28T00:22:37.259+0200][26.056s] GC(490) Phase 5: Reset Metadata 6.177ms
[2025-06-28T00:22:37.265+0200][26.062s] GC(490) Eden regions: 0->0(1)
[2025-06-28T00:22:37.265+0200][26.062s] GC(490) Survivor regions: 0->0(0)
[2025-06-28T00:22:37.265+0200][26.062s] GC(490) Old regions: 22->21
[2025-06-28T00:22:37.265+0200][26.062s] GC(490) Humongous regions: 0->0
[2025-06-28T00:22:37.265+0200][26.062s] GC(490) Metaspace: 64027K(64576K)->64003K(64576K) NonClass: 55515K(55808K)->55498K(55808K) Class: 8511K(8768K)->8504K(8768K)
[2025-06-28T00:22:37.265+0200][26.062s] GC(490) Pause Full (G1 Compaction Pause) 20M->20M(22M) 78.806ms
[2025-06-28T00:22:37.266+0200][26.062s] GC(490) User=0.17s Sys=0.00s Real=0.08s
[2025-06-28T00:22:37.278+0200][26.075s] GC(491) Pause Young (Concurrent Start) (G1 Evacuation Pause)
[2025-06-28T00:22:37.279+0200][26.075s] GC(491) Using 8 workers of 10 for evacuation
[2025-06-28T00:22:37.282+0200][26.078s] GC(491)   Pre Evacuate Collection Set: 0.4ms
[2025-06-28T00:22:37.282+0200][26.078s] GC(491)   Merge Heap Roots: 0.2ms
[2025-06-28T00:22:37.282+0200][26.078s] GC(491)   Evacuate Collection Set: 1.3ms
[2025-06-28T00:22:37.282+0200][26.078s] GC(491)   Post Evacuate Collection Set: 0.8ms
[2025-06-28T00:22:37.282+0200][26.078s] GC(491)   Other: 0.3ms
[2025-06-28T00:22:37.282+0200][26.078s] GC(491) Eden regions: 1->0(0)
[2025-06-28T00:22:37.282+0200][26.078s] GC(491) Survivor regions: 0->0(0)
[2025-06-28T00:22:37.282+0200][26.078s] GC(491) Old regions: 21->22
[2025-06-28T00:22:37.282+0200][26.079s] GC(491) Humongous regions: 0->0
[2025-06-28T00:22:37.282+0200][26.079s] GC(491) Metaspace: 64003K(64576K)->64003K(64576K) NonClass: 55498K(55808K)->55498K(55808K) Class: 8504K(8768K)->8504K(8768K)
[2025-06-28T00:22:37.282+0200][26.079s] GC(491) Pause Young (Concurrent Start) (G1 Evacuation Pause) (Evacuation Failure) 21M->21M(22M) 3.548ms
[2025-06-28T00:22:37.282+0200][26.079s] GC(491) User=0.00s Sys=0.00s Real=0.00s
[2025-06-28T00:22:37.282+0200][26.079s] GC(492) Concurrent Mark Cycle
[2025-06-28T00:22:37.282+0200][26.079s] Attempting full compaction
[2025-06-28T00:22:37.282+0200][26.079s] GC(492) Concurrent Scan Root Regions
[2025-06-28T00:22:37.282+0200][26.079s] GC(493) Pause Full (G1 Compaction Pause)
[2025-06-28T00:22:37.282+0200][26.079s] GC(492) Concurrent Scan Root Regions 0.129ms
[2025-06-28T00:22:37.282+0200][26.079s] GC(493) Using 2 workers of 10 for full compaction
[2025-06-28T00:22:37.283+0200][26.079s] GC(492) Concurrent Mark
[2025-06-28T00:22:37.283+0200][26.079s] GC(492) Concurrent Mark From Roots
[2025-06-28T00:22:37.283+0200][26.079s] GC(492) Using 3 workers of 3 for marking
[2025-06-28T00:22:37.283+0200][26.080s] GC(493) Phase 1: Mark live objects
[2025-06-28T00:22:37.339+0200][26.135s] GC(493) Phase 1: Mark live objects 55.319ms
[2025-06-28T00:22:37.339+0200][26.135s] GC(493) Phase 2: Prepare compaction
[2025-06-28T00:22:37.340+0200][26.136s] GC(493) Phase 2: Prepare compaction 1.274ms
[2025-06-28T00:22:37.340+0200][26.137s] GC(493) Phase 3: Adjust pointers
[2025-06-28T00:22:37.356+0200][26.153s] GC(493) Phase 3: Adjust pointers 16.153ms
[2025-06-28T00:22:37.356+0200][26.153s] GC(493) Phase 4: Compact heap
[2025-06-28T00:22:37.357+0200][26.154s] GC(493) Phase 4: Compact heap 0.877ms
[2025-06-28T00:22:37.357+0200][26.154s] GC(493) Phase 5: Reset Metadata
[2025-06-28T00:22:37.364+0200][26.160s] GC(493) Phase 5: Reset Metadata 6.202ms
[2025-06-28T00:22:37.368+0200][26.165s] GC(493) Eden regions: 0->0(1)
[2025-06-28T00:22:37.368+0200][26.165s] GC(493) Survivor regions: 0->0(0)
[2025-06-28T00:22:37.369+0200][26.165s] GC(493) Old regions: 22->21
[2025-06-28T00:22:37.369+0200][26.165s] GC(493) Humongous regions: 0->0
[2025-06-28T00:22:37.369+0200][26.165s] GC(493) Metaspace: 64003K(64576K)->63981K(64576K) NonClass: 55498K(55808K)->55483K(55808K) Class: 8504K(8768K)->8498K(8768K)
[2025-06-28T00:22:37.369+0200][26.165s] GC(493) Pause Full (G1 Compaction Pause) 21M->19M(22M) 86.113ms
[2025-06-28T00:22:37.369+0200][26.165s] GC(493) User=0.12s Sys=0.00s Real=0.09s
[2025-06-28T00:22:37.369+0200][26.166s] GC(492) Concurrent Mark From Roots 86.213ms
[2025-06-28T00:22:37.369+0200][26.166s] GC(492) Concurrent Mark Abort
[2025-06-28T00:22:37.370+0200][26.166s] GC(492) Concurrent Mark Cycle 87.144ms
[2025-06-28T00:22:37.507+0200][26.303s] GC(494) Pause Young (Normal) (G1 Evacuation Pause)
[2025-06-28T00:22:37.507+0200][26.303s] GC(494) Using 8 workers of 10 for evacuation
[2025-06-28T00:22:37.511+0200][26.306s] GC(494)   Pre Evacuate Collection Set: 0.4ms
[2025-06-28T00:22:37.511+0200][26.307s] GC(494)   Merge Heap Roots: 0.2ms
[2025-06-28T00:22:37.511+0200][26.307s] GC(494)   Evacuate Collection Set: 1.1ms
[2025-06-28T00:22:37.511+0200][26.307s] GC(494)   Post Evacuate Collection Set: 1.3ms
[2025-06-28T00:22:37.511+0200][26.307s] GC(494)   Other: 0.2ms
[2025-06-28T00:22:37.511+0200][26.307s] GC(494) Eden regions: 1->0(0)
[2025-06-28T00:22:37.511+0200][26.307s] GC(494) Survivor regions: 0->0(0)
[2025-06-28T00:22:37.511+0200][26.307s] GC(494) Old regions: 21->22
[2025-06-28T00:22:37.511+0200][26.307s] GC(494) Humongous regions: 0->0
[2025-06-28T00:22:37.511+0200][26.307s] GC(494) Metaspace: 64037K(64576K)->64037K(64576K) NonClass: 55530K(55808K)->55530K(55808K) Class: 8507K(8768K)->8507K(8768K)
[2025-06-28T00:22:37.511+0200][26.307s] GC(494) Pause Young (Normal) (G1 Evacuation Pause) (Evacuation Failure) 20M->20M(22M) 4.147ms
[2025-06-28T00:22:37.511+0200][26.307s] GC(494) User=0.00s Sys=0.00s Real=0.00s
[2025-06-28T00:22:37.511+0200][26.307s] Attempting full compaction
[2025-06-28T00:22:37.511+0200][26.307s] GC(495) Pause Full (G1 Compaction Pause)
[2025-06-28T00:22:37.511+0200][26.307s] GC(495) Using 2 workers of 10 for full compaction
[2025-06-28T00:22:37.511+0200][26.308s] GC(495) Phase 1: Mark live objects
[2025-06-28T00:22:37.580+0200][26.376s] GC(495) Phase 1: Mark live objects 68.858ms
[2025-06-28T00:22:37.580+0200][26.377s] GC(495) Phase 2: Prepare compaction
[2025-06-28T00:22:37.581+0200][26.378s] GC(495) Phase 2: Prepare compaction 1.020ms
[2025-06-28T00:22:37.581+0200][26.378s] GC(495) Phase 3: Adjust pointers
[2025-06-28T00:22:37.598+0200][26.395s] GC(495) Phase 3: Adjust pointers 17.039ms
[2025-06-28T00:22:37.598+0200][26.395s] GC(495) Phase 4: Compact heap
[2025-06-28T00:22:37.599+0200][26.396s] GC(495) Phase 4: Compact heap 1.335ms
[2025-06-28T00:22:37.599+0200][26.396s] GC(495) Phase 5: Reset Metadata
[2025-06-28T00:22:37.605+0200][26.402s] GC(495) Phase 5: Reset Metadata 5.799ms
[2025-06-28T00:22:37.610+0200][26.407s] GC(495) Eden regions: 0->0(1)
[2025-06-28T00:22:37.610+0200][26.407s] GC(495) Survivor regions: 0->0(0)
[2025-06-28T00:22:37.610+0200][26.407s] GC(495) Old regions: 22->21
[2025-06-28T00:22:37.610+0200][26.407s] GC(495) Humongous regions: 0->0
[2025-06-28T00:22:37.610+0200][26.407s] GC(495) Metaspace: 64037K(64576K)->64037K(64576K) NonClass: 55530K(55808K)->55530K(55808K) Class: 8507K(8768K)->8507K(8768K)
[2025-06-28T00:22:37.610+0200][26.407s] GC(495) Pause Full (G1 Compaction Pause) 20M->19M(22M) 99.983ms
[2025-06-28T00:22:37.611+0200][26.407s] GC(495) User=0.20s Sys=0.02s Real=0.10s
[2025-06-28T00:22:37.723+0200][26.519s] GC(496) Pause Young (Concurrent Start) (G1 Evacuation Pause)
[2025-06-28T00:22:37.723+0200][26.519s] GC(496) Using 8 workers of 10 for evacuation
[2025-06-28T00:22:37.730+0200][26.527s] GC(496)   Pre Evacuate Collection Set: 0.4ms
[2025-06-28T00:22:37.730+0200][26.527s] GC(496)   Merge Heap Roots: 0.2ms
[2025-06-28T00:22:37.730+0200][26.527s] GC(496)   Evacuate Collection Set: 5.1ms
[2025-06-28T00:22:37.730+0200][26.527s] GC(496)   Post Evacuate Collection Set: 1.1ms
[2025-06-28T00:22:37.730+0200][26.527s] GC(496)   Other: 0.3ms
[2025-06-28T00:22:37.730+0200][26.527s] GC(496) Eden regions: 1->0(0)
[2025-06-28T00:22:37.730+0200][26.527s] GC(496) Survivor regions: 0->0(0)
[2025-06-28T00:22:37.730+0200][26.527s] GC(496) Old regions: 21->22
[2025-06-28T00:22:37.730+0200][26.527s] GC(496) Humongous regions: 0->0
[2025-06-28T00:22:37.730+0200][26.527s] GC(496) Metaspace: 64105K(64640K)->64105K(64640K) NonClass: 55594K(55872K)->55594K(55872K) Class: 8511K(8768K)->8511K(8768K)
[2025-06-28T00:22:37.730+0200][26.527s] GC(496) Pause Young (Concurrent Start) (G1 Evacuation Pause) (Evacuation Failure) 20M->20M(22M) 7.738ms
[2025-06-28T00:22:37.730+0200][26.527s] GC(497) Concurrent Mark Cycle
[2025-06-28T00:22:37.730+0200][26.527s] GC(496) User=0.02s Sys=0.00s Real=0.01s
[2025-06-28T00:22:37.731+0200][26.527s] GC(497) Concurrent Scan Root Regions
[2025-06-28T00:22:37.731+0200][26.527s] Attempting full compaction
[2025-06-28T00:22:37.731+0200][26.527s] GC(497) Concurrent Scan Root Regions 0.116ms
[2025-06-28T00:22:37.731+0200][26.527s] GC(498) Pause Full (G1 Compaction Pause)
[2025-06-28T00:22:37.731+0200][26.527s] GC(497) Concurrent Mark
[2025-06-28T00:22:37.731+0200][26.528s] GC(497) Concurrent Mark From Roots
[2025-06-28T00:22:37.731+0200][26.528s] GC(498) Using 2 workers of 10 for full compaction
[2025-06-28T00:22:37.731+0200][26.528s] GC(497) Using 3 workers of 3 for marking
[2025-06-28T00:22:37.732+0200][26.528s] GC(498) Phase 1: Mark live objects
[2025-06-28T00:22:37.780+0200][26.577s] GC(498) Phase 1: Mark live objects 48.689ms
[2025-06-28T00:22:37.780+0200][26.577s] GC(498) Phase 2: Prepare compaction
[2025-06-28T00:22:37.782+0200][26.579s] GC(498) Phase 2: Prepare compaction 1.480ms
[2025-06-28T00:22:37.782+0200][26.579s] GC(498) Phase 3: Adjust pointers
[2025-06-28T00:22:37.800+0200][26.596s] GC(498) Phase 3: Adjust pointers 17.729ms
[2025-06-28T00:22:37.800+0200][26.596s] GC(498) Phase 4: Compact heap
[2025-06-28T00:22:37.801+0200][26.597s] GC(498) Phase 4: Compact heap 1.001ms
[2025-06-28T00:22:37.801+0200][26.597s] GC(498) Phase 5: Reset Metadata
[2025-06-28T00:22:37.807+0200][26.604s] GC(498) Phase 5: Reset Metadata 6.265ms
[2025-06-28T00:22:37.814+0200][26.610s] GC(498) Eden regions: 0->0(1)
[2025-06-28T00:22:37.815+0200][26.611s] GC(498) Survivor regions: 0->0(0)
[2025-06-28T00:22:37.815+0200][26.611s] GC(498) Old regions: 22->21
[2025-06-28T00:22:37.815+0200][26.611s] GC(498) Humongous regions: 0->0
[2025-06-28T00:22:37.815+0200][26.611s] GC(498) Metaspace: 64105K(64640K)->64105K(64640K) NonClass: 55594K(55872K)->55594K(55872K) Class: 8511K(8768K)->8511K(8768K)
[2025-06-28T00:22:37.815+0200][26.611s] GC(498) Pause Full (G1 Compaction Pause) 20M->19M(22M) 83.412ms
[2025-06-28T00:22:37.815+0200][26.611s] GC(498) User=0.14s Sys=0.00s Real=0.08s
[2025-06-28T00:22:37.817+0200][26.613s] GC(497) Concurrent Mark From Roots 84.892ms
[2025-06-28T00:22:37.817+0200][26.613s] GC(497) Concurrent Mark Abort
[2025-06-28T00:22:37.817+0200][26.613s] GC(497) Concurrent Mark Cycle 85.625ms
[2025-06-28T00:22:37.885+0200][26.681s] GC(499) Pause Young (Normal) (G1 Evacuation Pause)
[2025-06-28T00:22:37.885+0200][26.682s] GC(499) Using 8 workers of 10 for evacuation
[2025-06-28T00:22:37.888+0200][26.684s] GC(499)   Pre Evacuate Collection Set: 0.3ms
[2025-06-28T00:22:37.888+0200][26.684s] GC(499)   Merge Heap Roots: 0.1ms
[2025-06-28T00:22:37.888+0200][26.684s] GC(499)   Evacuate Collection Set: 1.1ms
[2025-06-28T00:22:37.888+0200][26.684s] GC(499)   Post Evacuate Collection Set: 0.6ms
[2025-06-28T00:22:37.888+0200][26.684s] GC(499)   Other: 0.1ms
[2025-06-28T00:22:37.888+0200][26.684s] GC(499) Eden regions: 1->0(0)
[2025-06-28T00:22:37.888+0200][26.684s] GC(499) Survivor regions: 0->0(0)
[2025-06-28T00:22:37.888+0200][26.684s] GC(499) Old regions: 21->22
[2025-06-28T00:22:37.888+0200][26.684s] GC(499) Humongous regions: 0->0
[2025-06-28T00:22:37.888+0200][26.684s] GC(499) Metaspace: 64129K(64704K)->64129K(64704K) NonClass: 55611K(55936K)->55611K(55936K) Class: 8517K(8768K)->8517K(8768K)
[2025-06-28T00:22:37.888+0200][26.684s] GC(499) Pause Young (Normal) (G1 Evacuation Pause) (Evacuation Failure) 20M->20M(22M) 2.857ms
[2025-06-28T00:22:37.888+0200][26.684s] GC(499) User=0.05s Sys=0.00s Real=0.00s
[2025-06-28T00:22:37.888+0200][26.684s] Attempting full compaction
[2025-06-28T00:22:37.888+0200][26.685s] GC(500) Pause Full (G1 Compaction Pause)
[2025-06-28T00:22:37.888+0200][26.685s] GC(500) Using 2 workers of 10 for full compaction
[2025-06-28T00:22:37.889+0200][26.685s] GC(500) Phase 1: Mark live objects
[2025-06-28T00:22:37.934+0200][26.731s] GC(500) Phase 1: Mark live objects 46.113ms
[2025-06-28T00:22:37.934+0200][26.731s] GC(500) Phase 2: Prepare compaction
[2025-06-28T00:22:37.935+0200][26.732s] GC(500) Phase 2: Prepare compaction 0.585ms
[2025-06-28T00:22:37.935+0200][26.732s] GC(500) Phase 3: Adjust pointers
[2025-06-28T00:22:37.951+0200][26.748s] GC(500) Phase 3: Adjust pointers 16.236ms
[2025-06-28T00:22:37.951+0200][26.748s] GC(500) Phase 4: Compact heap
[2025-06-28T00:22:37.952+0200][26.749s] GC(500) Phase 4: Compact heap 0.292ms
[2025-06-28T00:22:37.952+0200][26.749s] GC(500) Phase 5: Reset Metadata
[2025-06-28T00:22:37.958+0200][26.754s] GC(500) Phase 5: Reset Metadata 5.824ms
[2025-06-28T00:22:37.962+0200][26.759s] GC(500) Eden regions: 0->0(1)
[2025-06-28T00:22:37.963+0200][26.759s] GC(500) Survivor regions: 0->0(0)
[2025-06-28T00:22:37.963+0200][26.759s] GC(500) Old regions: 22->21
[2025-06-28T00:22:37.963+0200][26.759s] GC(500) Humongous regions: 0->0
[2025-06-28T00:22:37.963+0200][26.759s] GC(500) Metaspace: 64129K(64704K)->64129K(64704K) NonClass: 55611K(55936K)->55611K(55936K) Class: 8517K(8768K)->8517K(8768K)
[2025-06-28T00:22:37.963+0200][26.759s] GC(500) Pause Full (G1 Compaction Pause) 20M->20M(22M) 74.871ms
[2025-06-28T00:22:37.963+0200][26.759s] GC(500) User=0.09s Sys=0.02s Real=0.08s
[2025-06-28T00:22:37.994+0200][26.790s] GC(501) Pause Young (Concurrent Start) (G1 Evacuation Pause)
[2025-06-28T00:22:37.994+0200][26.790s] GC(501) Using 8 workers of 10 for evacuation
[2025-06-28T00:22:37.997+0200][26.793s] GC(501)   Pre Evacuate Collection Set: 0.4ms
[2025-06-28T00:22:37.997+0200][26.793s] GC(501)   Merge Heap Roots: 0.1ms
[2025-06-28T00:22:37.997+0200][26.793s] GC(501)   Evacuate Collection Set: 1.2ms
[2025-06-28T00:22:37.997+0200][26.793s] GC(501)   Post Evacuate Collection Set: 0.8ms
[2025-06-28T00:22:37.997+0200][26.793s] GC(501)   Other: 0.2ms
[2025-06-28T00:22:37.997+0200][26.793s] GC(501) Eden regions: 1->0(0)
[2025-06-28T00:22:37.997+0200][26.794s] GC(501) Survivor regions: 0->0(0)
[2025-06-28T00:22:37.997+0200][26.794s] GC(501) Old regions: 21->22
[2025-06-28T00:22:37.997+0200][26.794s] GC(501) Humongous regions: 0->0
[2025-06-28T00:22:37.997+0200][26.794s] GC(501) Metaspace: 64143K(64704K)->64143K(64704K) NonClass: 55620K(55936K)->55620K(55936K) Class: 8522K(8768K)->8522K(8768K)
[2025-06-28T00:22:37.997+0200][26.794s] GC(501) Pause Young (Concurrent Start) (G1 Evacuation Pause) (Evacuation Failure) 21M->21M(22M) 3.340ms
[2025-06-28T00:22:37.997+0200][26.794s] GC(502) Concurrent Mark Cycle
[2025-06-28T00:22:37.997+0200][26.794s] GC(501) User=0.03s Sys=0.02s Real=0.00s
[2025-06-28T00:22:37.997+0200][26.794s] GC(502) Concurrent Scan Root Regions
[2025-06-28T00:22:37.998+0200][26.794s] Attempting full compaction
[2025-06-28T00:22:37.998+0200][26.794s] GC(502) Concurrent Scan Root Regions 0.206ms
[2025-06-28T00:22:37.998+0200][26.794s] GC(503) Pause Full (G1 Compaction Pause)
[2025-06-28T00:22:37.998+0200][26.794s] GC(502) Concurrent Mark
[2025-06-28T00:22:37.998+0200][26.794s] GC(503) Using 2 workers of 10 for full compaction
[2025-06-28T00:22:37.998+0200][26.794s] GC(502) Concurrent Mark From Roots
[2025-06-28T00:22:37.998+0200][26.795s] GC(502) Using 3 workers of 3 for marking
[2025-06-28T00:22:37.998+0200][26.795s] GC(503) Phase 1: Mark live objects
[2025-06-28T00:22:38.052+0200][26.848s] GC(503) Phase 1: Mark live objects 52.707ms
[2025-06-28T00:22:38.052+0200][26.848s] GC(503) Phase 2: Prepare compaction
[2025-06-28T00:22:38.053+0200][26.849s] GC(503) Phase 2: Prepare compaction 1.062ms
[2025-06-28T00:22:38.053+0200][26.849s] GC(503) Phase 3: Adjust pointers
[2025-06-28T00:22:38.069+0200][26.865s] GC(503) Phase 3: Adjust pointers 16.323ms
[2025-06-28T00:22:38.069+0200][26.865s] GC(503) Phase 4: Compact heap
[2025-06-28T00:22:38.071+0200][26.867s] GC(503) Phase 4: Compact heap 1.271ms
[2025-06-28T00:22:38.071+0200][26.867s] GC(503) Phase 5: Reset Metadata
[2025-06-28T00:22:38.076+0200][26.872s] GC(503) Phase 5: Reset Metadata 5.256ms
[2025-06-28T00:22:38.081+0200][26.876s] GC(503) Eden regions: 0->0(1)
[2025-06-28T00:22:38.081+0200][26.877s] GC(503) Survivor regions: 0->0(0)
[2025-06-28T00:22:38.081+0200][26.877s] GC(503) Old regions: 22->21
[2025-06-28T00:22:38.081+0200][26.877s] GC(503) Humongous regions: 0->0
[2025-06-28T00:22:38.081+0200][26.877s] GC(503) Metaspace: 64143K(64704K)->64119K(64704K) NonClass: 55620K(55936K)->55603K(55936K) Class: 8522K(8768K)->8515K(8768K)
[2025-06-28T00:22:38.081+0200][26.877s] GC(503) Pause Full (G1 Compaction Pause) 21M->19M(22M) 82.534ms
[2025-06-28T00:22:38.081+0200][26.877s] GC(503) User=0.16s Sys=0.00s Real=0.08s
[2025-06-28T00:22:38.082+0200][26.878s] GC(502) Concurrent Mark From Roots 83.127ms
[2025-06-28T00:22:38.082+0200][26.878s] GC(502) Concurrent Mark Abort
[2025-06-28T00:22:38.082+0200][26.878s] GC(502) Concurrent Mark Cycle 83.918ms
[2025-06-28T00:22:38.105+0200][26.901s] GC(504) Pause Young (Normal) (G1 Evacuation Pause)
[2025-06-28T00:22:38.106+0200][26.902s] GC(504) Using 8 workers of 10 for evacuation
[2025-06-28T00:22:38.109+0200][26.905s] GC(504)   Pre Evacuate Collection Set: 0.6ms
[2025-06-28T00:22:38.109+0200][26.905s] GC(504)   Merge Heap Roots: 0.3ms
[2025-06-28T00:22:38.109+0200][26.905s] GC(504)   Evacuate Collection Set: 1.0ms
[2025-06-28T00:22:38.109+0200][26.905s] GC(504)   Post Evacuate Collection Set: 1.1ms
[2025-06-28T00:22:38.109+0200][26.905s] GC(504)   Other: 0.2ms
[2025-06-28T00:22:38.109+0200][26.905s] GC(504) Eden regions: 1->0(0)
[2025-06-28T00:22:38.109+0200][26.905s] GC(504) Survivor regions: 0->0(0)
[2025-06-28T00:22:38.109+0200][26.905s] GC(504) Old regions: 21->22
[2025-06-28T00:22:38.109+0200][26.905s] GC(504) Humongous regions: 0->0
[2025-06-28T00:22:38.109+0200][26.905s] GC(504) Metaspace: 64131K(64704K)->64131K(64704K) NonClass: 55609K(55936K)->55609K(55936K) Class: 8522K(8768K)->8522K(8768K)
[2025-06-28T00:22:38.109+0200][26.905s] GC(504) Pause Young (Normal) (G1 Evacuation Pause) (Evacuation Failure) 20M->20M(22M) 3.796ms
[2025-06-28T00:22:38.109+0200][26.905s] GC(504) User=0.05s Sys=0.00s Real=0.00s
[2025-06-28T00:22:38.109+0200][26.905s] Attempting full compaction
[2025-06-28T00:22:38.109+0200][26.905s] GC(505) Pause Full (G1 Compaction Pause)
[2025-06-28T00:22:38.109+0200][26.905s] GC(505) Using 2 workers of 10 for full compaction
[2025-06-28T00:22:38.110+0200][26.906s] GC(505) Phase 1: Mark live objects
[2025-06-28T00:22:38.155+0200][26.951s] GC(505) Phase 1: Mark live objects 45.658ms
[2025-06-28T00:22:38.155+0200][26.951s] GC(505) Phase 2: Prepare compaction
[2025-06-28T00:22:38.156+0200][26.952s] GC(505) Phase 2: Prepare compaction 0.861ms
[2025-06-28T00:22:38.156+0200][26.952s] GC(505) Phase 3: Adjust pointers
[2025-06-28T00:22:38.172+0200][26.968s] GC(505) Phase 3: Adjust pointers 15.624ms
[2025-06-28T00:22:38.172+0200][26.968s] GC(505) Phase 4: Compact heap
[2025-06-28T00:22:38.172+0200][26.969s] GC(505) Phase 4: Compact heap 0.737ms
[2025-06-28T00:22:38.172+0200][26.969s] GC(505) Phase 5: Reset Metadata
[2025-06-28T00:22:38.178+0200][26.975s] GC(505) Phase 5: Reset Metadata 5.801ms
[2025-06-28T00:22:38.183+0200][26.980s] GC(505) Eden regions: 0->0(1)
[2025-06-28T00:22:38.183+0200][26.980s] GC(505) Survivor regions: 0->0(0)
[2025-06-28T00:22:38.183+0200][26.980s] GC(505) Old regions: 22->21
[2025-06-28T00:22:38.183+0200][26.980s] GC(505) Humongous regions: 0->0
[2025-06-28T00:22:38.183+0200][26.980s] GC(505) Metaspace: 64131K(64704K)->64131K(64704K) NonClass: 55609K(55936K)->55609K(55936K) Class: 8522K(8768K)->8522K(8768K)
[2025-06-28T00:22:38.183+0200][26.980s] GC(505) Pause Full (G1 Compaction Pause) 20M->19M(22M) 74.567ms
[2025-06-28T00:22:38.183+0200][26.980s] GC(505) User=0.16s Sys=0.00s Real=0.07s
[2025-06-28T00:22:38.236+0200][27.033s] GC(506) Pause Young (Concurrent Start) (G1 Evacuation Pause)
[2025-06-28T00:22:38.237+0200][27.033s] GC(506) Using 8 workers of 10 for evacuation
[2025-06-28T00:22:38.240+0200][27.036s] GC(506)   Pre Evacuate Collection Set: 0.3ms
[2025-06-28T00:22:38.240+0200][27.036s] GC(506)   Merge Heap Roots: 0.2ms
[2025-06-28T00:22:38.240+0200][27.036s] GC(506)   Evacuate Collection Set: 1.3ms
[2025-06-28T00:22:38.240+0200][27.036s] GC(506)   Post Evacuate Collection Set: 1.1ms
[2025-06-28T00:22:38.240+0200][27.036s] GC(506)   Other: 0.2ms
[2025-06-28T00:22:38.240+0200][27.036s] GC(506) Eden regions: 1->0(0)
[2025-06-28T00:22:38.240+0200][27.036s] GC(506) Survivor regions: 0->0(0)
[2025-06-28T00:22:38.240+0200][27.036s] GC(506) Old regions: 21->22
[2025-06-28T00:22:38.240+0200][27.036s] GC(506) Humongous regions: 0->0
[2025-06-28T00:22:38.240+0200][27.036s] GC(506) Metaspace: 64154K(64704K)->64154K(64704K) NonClass: 55624K(55936K)->55624K(55936K) Class: 8529K(8768K)->8529K(8768K)
[2025-06-28T00:22:38.240+0200][27.036s] GC(506) Pause Young (Concurrent Start) (G1 Evacuation Pause) (Evacuation Failure) 20M->20M(22M) 3.590ms
[2025-06-28T00:22:38.240+0200][27.036s] GC(506) User=0.00s Sys=0.00s Real=0.00s
[2025-06-28T00:22:38.240+0200][27.036s] GC(507) Concurrent Mark Cycle
[2025-06-28T00:22:38.240+0200][27.036s] Attempting full compaction
[2025-06-28T00:22:38.240+0200][27.036s] GC(507) Concurrent Scan Root Regions
[2025-06-28T00:22:38.240+0200][27.036s] GC(508) Pause Full (G1 Compaction Pause)
[2025-06-28T00:22:38.240+0200][27.036s] GC(507) Concurrent Scan Root Regions 0.093ms
[2025-06-28T00:22:38.240+0200][27.036s] GC(508) Using 2 workers of 10 for full compaction
[2025-06-28T00:22:38.240+0200][27.036s] GC(507) Concurrent Mark
[2025-06-28T00:22:38.241+0200][27.037s] GC(507) Concurrent Mark From Roots
[2025-06-28T00:22:38.241+0200][27.037s] GC(507) Using 3 workers of 3 for marking
[2025-06-28T00:22:38.241+0200][27.037s] GC(508) Phase 1: Mark live objects
[2025-06-28T00:22:38.285+0200][27.081s] GC(508) Phase 1: Mark live objects 44.097ms
[2025-06-28T00:22:38.285+0200][27.081s] GC(508) Phase 2: Prepare compaction
[2025-06-28T00:22:38.285+0200][27.082s] GC(508) Phase 2: Prepare compaction 0.874ms
[2025-06-28T00:22:38.285+0200][27.082s] GC(508) Phase 3: Adjust pointers
[2025-06-28T00:22:38.302+0200][27.098s] GC(508) Phase 3: Adjust pointers 16.188ms
[2025-06-28T00:22:38.302+0200][27.098s] GC(508) Phase 4: Compact heap
[2025-06-28T00:22:38.303+0200][27.099s] GC(508) Phase 4: Compact heap 0.753ms
[2025-06-28T00:22:38.303+0200][27.099s] GC(508) Phase 5: Reset Metadata
[2025-06-28T00:22:38.310+0200][27.106s] GC(508) Phase 5: Reset Metadata 6.776ms
[2025-06-28T00:22:38.315+0200][27.111s] GC(508) Eden regions: 0->0(1)
[2025-06-28T00:22:38.315+0200][27.111s] GC(508) Survivor regions: 0->0(0)
[2025-06-28T00:22:38.315+0200][27.111s] GC(508) Old regions: 22->21
[2025-06-28T00:22:38.315+0200][27.111s] GC(508) Humongous regions: 0->0
[2025-06-28T00:22:38.315+0200][27.112s] GC(508) Metaspace: 64154K(64704K)->64154K(64704K) NonClass: 55624K(55936K)->55624K(55936K) Class: 8529K(8768K)->8529K(8768K)
[2025-06-28T00:22:38.315+0200][27.112s] GC(508) Pause Full (G1 Compaction Pause) 20M->19M(22M) 75.204ms
[2025-06-28T00:22:38.315+0200][27.112s] GC(508) User=0.23s Sys=0.00s Real=0.08s
[2025-06-28T00:22:38.317+0200][27.113s] GC(507) Concurrent Mark From Roots 76.228ms
[2025-06-28T00:22:38.317+0200][27.113s] GC(507) Concurrent Mark Abort
[2025-06-28T00:22:38.317+0200][27.113s] GC(507) Concurrent Mark Cycle 76.807ms
[2025-06-28T00:22:38.341+0200][27.137s] GC(509) Pause Young (Normal) (G1 Evacuation Pause)
[2025-06-28T00:22:38.341+0200][27.137s] GC(509) Using 8 workers of 10 for evacuation
[2025-06-28T00:22:38.343+0200][27.139s] GC(509)   Pre Evacuate Collection Set: 0.3ms
[2025-06-28T00:22:38.343+0200][27.139s] GC(509)   Merge Heap Roots: 0.1ms
[2025-06-28T00:22:38.343+0200][27.139s] GC(509)   Evacuate Collection Set: 0.6ms
[2025-06-28T00:22:38.343+0200][27.139s] GC(509)   Post Evacuate Collection Set: 0.6ms
[2025-06-28T00:22:38.343+0200][27.139s] GC(509)   Other: 0.1ms
[2025-06-28T00:22:38.343+0200][27.139s] GC(509) Eden regions: 1->0(0)
[2025-06-28T00:22:38.343+0200][27.139s] GC(509) Survivor regions: 0->0(0)
[2025-06-28T00:22:38.343+0200][27.139s] GC(509) Old regions: 21->22
[2025-06-28T00:22:38.343+0200][27.139s] GC(509) Humongous regions: 0->0
[2025-06-28T00:22:38.343+0200][27.139s] GC(509) Metaspace: 64186K(64704K)->64186K(64704K) NonClass: 55650K(55936K)->55650K(55936K) Class: 8535K(8768K)->8535K(8768K)
[2025-06-28T00:22:38.343+0200][27.139s] GC(509) Pause Young (Normal) (G1 Evacuation Pause) (Evacuation Failure) 20M->20M(22M) 2.262ms
[2025-06-28T00:22:38.343+0200][27.139s] GC(509) User=0.00s Sys=0.00s Real=0.00s
[2025-06-28T00:22:38.343+0200][27.139s] Attempting full compaction
[2025-06-28T00:22:38.343+0200][27.139s] GC(510) Pause Full (G1 Compaction Pause)
[2025-06-28T00:22:38.343+0200][27.139s] GC(510) Using 2 workers of 10 for full compaction
[2025-06-28T00:22:38.343+0200][27.140s] GC(510) Phase 1: Mark live objects
[2025-06-28T00:22:38.398+0200][27.194s] GC(510) Phase 1: Mark live objects 54.370ms
[2025-06-28T00:22:38.398+0200][27.194s] GC(510) Phase 2: Prepare compaction
[2025-06-28T00:22:38.398+0200][27.195s] GC(510) Phase 2: Prepare compaction 0.480ms
[2025-06-28T00:22:38.398+0200][27.195s] GC(510) Phase 3: Adjust pointers
[2025-06-28T00:22:38.419+0200][27.215s] GC(510) Phase 3: Adjust pointers 19.937ms
[2025-06-28T00:22:38.419+0200][27.215s] GC(510) Phase 4: Compact heap
[2025-06-28T00:22:38.419+0200][27.215s] GC(510) Phase 4: Compact heap 0.405ms
[2025-06-28T00:22:38.419+0200][27.215s] GC(510) Phase 5: Reset Metadata
[2025-06-28T00:22:38.427+0200][27.223s] GC(510) Phase 5: Reset Metadata 7.648ms
[2025-06-28T00:22:38.433+0200][27.229s] GC(510) Eden regions: 0->0(1)
[2025-06-28T00:22:38.433+0200][27.229s] GC(510) Survivor regions: 0->0(0)
[2025-06-28T00:22:38.433+0200][27.229s] GC(510) Old regions: 22->21
[2025-06-28T00:22:38.433+0200][27.229s] GC(510) Humongous regions: 0->0
[2025-06-28T00:22:38.433+0200][27.229s] GC(510) Metaspace: 64186K(64704K)->64186K(64704K) NonClass: 55650K(55936K)->55650K(55936K) Class: 8535K(8768K)->8535K(8768K)
[2025-06-28T00:22:38.433+0200][27.229s] GC(510) Pause Full (G1 Compaction Pause) 20M->19M(22M) 89.895ms
[2025-06-28T00:22:38.433+0200][27.229s] GC(510) User=0.17s Sys=0.00s Real=0.09s
[2025-06-28T00:22:38.477+0200][27.273s] GC(511) Pause Young (Concurrent Start) (G1 Evacuation Pause)
[2025-06-28T00:22:38.477+0200][27.273s] GC(511) Using 8 workers of 10 for evacuation
[2025-06-28T00:22:38.480+0200][27.276s] GC(511)   Pre Evacuate Collection Set: 0.3ms
[2025-06-28T00:22:38.480+0200][27.276s] GC(511)   Merge Heap Roots: 0.1ms
[2025-06-28T00:22:38.480+0200][27.276s] GC(511)   Evacuate Collection Set: 1.2ms
[2025-06-28T00:22:38.480+0200][27.276s] GC(511)   Post Evacuate Collection Set: 0.9ms
[2025-06-28T00:22:38.480+0200][27.276s] GC(511)   Other: 0.2ms
[2025-06-28T00:22:38.480+0200][27.276s] GC(511) Eden regions: 1->0(0)
[2025-06-28T00:22:38.480+0200][27.276s] GC(511) Survivor regions: 0->0(0)
[2025-06-28T00:22:38.480+0200][27.276s] GC(511) Old regions: 21->22
[2025-06-28T00:22:38.480+0200][27.276s] GC(511) Humongous regions: 0->0
[2025-06-28T00:22:38.480+0200][27.276s] GC(511) Metaspace: 64196K(64704K)->64196K(64704K) NonClass: 55660K(55936K)->55660K(55936K) Class: 8535K(8768K)->8535K(8768K)
[2025-06-28T00:22:38.480+0200][27.276s] GC(511) Pause Young (Concurrent Start) (G1 Evacuation Pause) (Evacuation Failure) 20M->20M(22M) 3.406ms
[2025-06-28T00:22:38.480+0200][27.276s] GC(511) User=0.12s Sys=0.00s Real=0.00s
[2025-06-28T00:22:38.480+0200][27.276s] GC(512) Concurrent Mark Cycle
[2025-06-28T00:22:38.480+0200][27.276s] Attempting full compaction
[2025-06-28T00:22:38.480+0200][27.277s] GC(512) Concurrent Scan Root Regions
[2025-06-28T00:22:38.480+0200][27.277s] GC(513) Pause Full (G1 Compaction Pause)
[2025-06-28T00:22:38.481+0200][27.277s] GC(512) Concurrent Scan Root Regions 0.230ms
[2025-06-28T00:22:38.481+0200][27.277s] GC(513) Using 2 workers of 10 for full compaction
[2025-06-28T00:22:38.481+0200][27.277s] GC(512) Concurrent Mark
[2025-06-28T00:22:38.481+0200][27.277s] GC(512) Concurrent Mark From Roots
[2025-06-28T00:22:38.481+0200][27.277s] GC(512) Using 3 workers of 3 for marking
[2025-06-28T00:22:38.481+0200][27.278s] GC(513) Phase 1: Mark live objects
[2025-06-28T00:22:38.536+0200][27.332s] GC(513) Phase 1: Mark live objects 54.867ms
[2025-06-28T00:22:38.536+0200][27.333s] GC(513) Phase 2: Prepare compaction
[2025-06-28T00:22:38.538+0200][27.334s] GC(513) Phase 2: Prepare compaction 1.332ms
[2025-06-28T00:22:38.538+0200][27.334s] GC(513) Phase 3: Adjust pointers
[2025-06-28T00:22:38.559+0200][27.355s] GC(513) Phase 3: Adjust pointers 21.444ms
[2025-06-28T00:22:38.559+0200][27.356s] GC(513) Phase 4: Compact heap
[2025-06-28T00:22:38.561+0200][27.358s] GC(513) Phase 4: Compact heap 2.049ms
[2025-06-28T00:22:38.562+0200][27.358s] GC(513) Phase 5: Reset Metadata
[2025-06-28T00:22:38.569+0200][27.365s] GC(513) Phase 5: Reset Metadata 7.498ms
[2025-06-28T00:22:38.576+0200][27.372s] GC(513) Eden regions: 0->0(1)
[2025-06-28T00:22:38.576+0200][27.372s] GC(513) Survivor regions: 0->0(0)
[2025-06-28T00:22:38.576+0200][27.372s] GC(513) Old regions: 22->21
[2025-06-28T00:22:38.576+0200][27.372s] GC(513) Humongous regions: 0->0
[2025-06-28T00:22:38.576+0200][27.372s] GC(513) Metaspace: 64196K(64704K)->64196K(64704K) NonClass: 55660K(55936K)->55660K(55936K) Class: 8535K(8768K)->8535K(8768K)
[2025-06-28T00:22:38.576+0200][27.372s] GC(513) Pause Full (G1 Compaction Pause) 20M->20M(22M) 95.418ms
[2025-06-28T00:22:38.576+0200][27.372s] GC(513) User=0.19s Sys=0.00s Real=0.10s
[2025-06-28T00:22:38.577+0200][27.373s] GC(512) Concurrent Mark From Roots 95.756ms
[2025-06-28T00:22:38.577+0200][27.373s] GC(512) Concurrent Mark Abort
[2025-06-28T00:22:38.577+0200][27.373s] GC(512) Concurrent Mark Cycle 96.711ms
[2025-06-28T00:22:38.612+0200][27.408s] GC(514) Pause Young (Normal) (G1 Evacuation Pause)
[2025-06-28T00:22:38.612+0200][27.408s] GC(514) Using 8 workers of 10 for evacuation
[2025-06-28T00:22:38.615+0200][27.411s] GC(514)   Pre Evacuate Collection Set: 0.2ms
[2025-06-28T00:22:38.615+0200][27.411s] GC(514)   Merge Heap Roots: 0.1ms
[2025-06-28T00:22:38.615+0200][27.411s] GC(514)   Evacuate Collection Set: 0.9ms
[2025-06-28T00:22:38.615+0200][27.411s] GC(514)   Post Evacuate Collection Set: 0.8ms
[2025-06-28T00:22:38.615+0200][27.411s] GC(514)   Other: 0.1ms
[2025-06-28T00:22:38.615+0200][27.411s] GC(514) Eden regions: 1->0(0)
[2025-06-28T00:22:38.615+0200][27.411s] GC(514) Survivor regions: 0->0(0)
[2025-06-28T00:22:38.615+0200][27.411s] GC(514) Old regions: 21->22
[2025-06-28T00:22:38.615+0200][27.411s] GC(514) Humongous regions: 0->0
[2025-06-28T00:22:38.615+0200][27.411s] GC(514) Metaspace: 64226K(64768K)->64226K(64768K) NonClass: 55685K(56000K)->55685K(56000K) Class: 8541K(8768K)->8541K(8768K)
[2025-06-28T00:22:38.615+0200][27.411s] GC(514) Pause Young (Normal) (G1 Evacuation Pause) (Evacuation Failure) 21M->21M(22M) 2.816ms
[2025-06-28T00:22:38.615+0200][27.411s] GC(514) User=0.00s Sys=0.00s Real=0.00s
[2025-06-28T00:22:38.615+0200][27.411s] Attempting full compaction
[2025-06-28T00:22:38.615+0200][27.411s] GC(515) Pause Full (G1 Compaction Pause)
[2025-06-28T00:22:38.615+0200][27.411s] GC(515) Using 2 workers of 10 for full compaction
[2025-06-28T00:22:38.616+0200][27.411s] GC(515) Phase 1: Mark live objects
[2025-06-28T00:22:38.668+0200][27.464s] GC(515) Phase 1: Mark live objects 52.580ms
[2025-06-28T00:22:38.668+0200][27.464s] GC(515) Phase 2: Prepare compaction
[2025-06-28T00:22:38.669+0200][27.465s] GC(515) Phase 2: Prepare compaction 0.822ms
[2025-06-28T00:22:38.669+0200][27.465s] GC(515) Phase 3: Adjust pointers
[2025-06-28T00:22:38.685+0200][27.481s] GC(515) Phase 3: Adjust pointers 15.770ms
[2025-06-28T00:22:38.685+0200][27.481s] GC(515) Phase 4: Compact heap
[2025-06-28T00:22:38.686+0200][27.482s] GC(515) Phase 4: Compact heap 0.797ms
[2025-06-28T00:22:38.686+0200][27.482s] GC(515) Phase 5: Reset Metadata
[2025-06-28T00:22:38.693+0200][27.489s] GC(515) Phase 5: Reset Metadata 6.984ms
[2025-06-28T00:22:38.698+0200][27.494s] GC(515) Eden regions: 0->0(1)
[2025-06-28T00:22:38.698+0200][27.494s] GC(515) Survivor regions: 0->0(0)
[2025-06-28T00:22:38.698+0200][27.494s] GC(515) Old regions: 22->21
[2025-06-28T00:22:38.698+0200][27.494s] GC(515) Humongous regions: 0->0
[2025-06-28T00:22:38.698+0200][27.494s] GC(515) Metaspace: 64226K(64768K)->64223K(64768K) NonClass: 55685K(56000K)->55683K(56000K) Class: 8541K(8768K)->8540K(8768K)
[2025-06-28T00:22:38.698+0200][27.494s] GC(515) Pause Full (G1 Compaction Pause) 21M->19M(22M) 82.699ms
[2025-06-28T00:22:38.698+0200][27.494s] GC(515) User=0.14s Sys=0.00s Real=0.08s
[2025-06-28T00:22:38.724+0200][27.521s] GC(516) Pause Young (Concurrent Start) (G1 Evacuation Pause)
[2025-06-28T00:22:38.724+0200][27.521s] GC(516) Using 8 workers of 10 for evacuation
[2025-06-28T00:22:38.728+0200][27.525s] GC(516)   Pre Evacuate Collection Set: 0.5ms
[2025-06-28T00:22:38.728+0200][27.525s] GC(516)   Merge Heap Roots: 0.3ms
[2025-06-28T00:22:38.728+0200][27.525s] GC(516)   Evacuate Collection Set: 1.4ms
[2025-06-28T00:22:38.728+0200][27.525s] GC(516)   Post Evacuate Collection Set: 1.3ms
[2025-06-28T00:22:38.728+0200][27.525s] GC(516)   Other: 0.3ms
[2025-06-28T00:22:38.728+0200][27.525s] GC(516) Eden regions: 1->0(0)
[2025-06-28T00:22:38.728+0200][27.525s] GC(516) Survivor regions: 0->0(0)
[2025-06-28T00:22:38.728+0200][27.525s] GC(516) Old regions: 21->22
[2025-06-28T00:22:38.728+0200][27.525s] GC(516) Humongous regions: 0->0
[2025-06-28T00:22:38.728+0200][27.525s] GC(516) Metaspace: 64253K(64768K)->64253K(64768K) NonClass: 55708K(56000K)->55708K(56000K) Class: 8545K(8768K)->8545K(8768K)
[2025-06-28T00:22:38.728+0200][27.525s] GC(516) Pause Young (Concurrent Start) (G1 Evacuation Pause) (Evacuation Failure) 20M->20M(22M) 4.466ms
[2025-06-28T00:22:38.728+0200][27.525s] GC(516) User=0.00s Sys=0.00s Real=0.00s
[2025-06-28T00:22:38.728+0200][27.525s] GC(517) Concurrent Mark Cycle
[2025-06-28T00:22:38.728+0200][27.525s] Attempting full compaction
[2025-06-28T00:22:38.728+0200][27.525s] GC(517) Concurrent Scan Root Regions
[2025-06-28T00:22:38.728+0200][27.526s] GC(518) Pause Full (G1 Compaction Pause)
[2025-06-28T00:22:38.728+0200][27.526s] GC(517) Concurrent Scan Root Regions 0.228ms
[2025-06-28T00:22:38.728+0200][27.526s] GC(518) Using 2 workers of 10 for full compaction
[2025-06-28T00:22:38.728+0200][27.526s] GC(517) Concurrent Mark
[2025-06-28T00:22:38.728+0200][27.526s] GC(517) Concurrent Mark From Roots
[2025-06-28T00:22:38.728+0200][27.526s] GC(517) Using 3 workers of 3 for marking
[2025-06-28T00:22:38.728+0200][27.526s] GC(518) Phase 1: Mark live objects
[2025-06-28T00:22:38.774+0200][27.571s] GC(518) Phase 1: Mark live objects 44.870ms
[2025-06-28T00:22:38.774+0200][27.571s] GC(518) Phase 2: Prepare compaction
[2025-06-28T00:22:38.775+0200][27.572s] GC(518) Phase 2: Prepare compaction 0.860ms
[2025-06-28T00:22:38.775+0200][27.572s] GC(518) Phase 3: Adjust pointers
[2025-06-28T00:22:38.791+0200][27.588s] GC(518) Phase 3: Adjust pointers 16.199ms
[2025-06-28T00:22:38.792+0200][27.588s] GC(518) Phase 4: Compact heap
[2025-06-28T00:22:38.792+0200][27.589s] GC(518) Phase 4: Compact heap 0.750ms
[2025-06-28T00:22:38.792+0200][27.589s] GC(518) Phase 5: Reset Metadata
[2025-06-28T00:22:38.800+0200][27.596s] GC(518) Phase 5: Reset Metadata 6.454ms
[2025-06-28T00:22:38.805+0200][27.601s] GC(518) Eden regions: 0->0(1)
[2025-06-28T00:22:38.805+0200][27.601s] GC(518) Survivor regions: 0->0(0)
[2025-06-28T00:22:38.805+0200][27.601s] GC(518) Old regions: 22->21
[2025-06-28T00:22:38.805+0200][27.601s] GC(518) Humongous regions: 0->0
[2025-06-28T00:22:38.805+0200][27.601s] GC(518) Metaspace: 64253K(64768K)->64253K(64768K) NonClass: 55708K(56000K)->55708K(56000K) Class: 8545K(8768K)->8545K(8768K)
[2025-06-28T00:22:38.805+0200][27.601s] GC(518) Pause Full (G1 Compaction Pause) 20M->19M(22M) 75.448ms
[2025-06-28T00:22:38.805+0200][27.601s] GC(518) User=0.11s Sys=0.00s Real=0.08s
[2025-06-28T00:22:38.805+0200][27.601s] GC(517) Concurrent Mark From Roots 75.478ms
[2025-06-28T00:22:38.805+0200][27.602s] GC(517) Concurrent Mark Abort
[2025-06-28T00:22:38.805+0200][27.602s] GC(517) Concurrent Mark Cycle 76.272ms
[2025-06-28T00:22:38.823+0200][27.620s] GC(519) Pause Young (Normal) (G1 Evacuation Pause)
[2025-06-28T00:22:38.823+0200][27.620s] GC(519) Using 8 workers of 10 for evacuation
[2025-06-28T00:22:38.826+0200][27.622s] GC(519)   Pre Evacuate Collection Set: 0.4ms
[2025-06-28T00:22:38.826+0200][27.622s] GC(519)   Merge Heap Roots: 0.2ms
[2025-06-28T00:22:38.826+0200][27.622s] GC(519)   Evacuate Collection Set: 0.8ms
[2025-06-28T00:22:38.826+0200][27.622s] GC(519)   Post Evacuate Collection Set: 0.8ms
[2025-06-28T00:22:38.826+0200][27.623s] GC(519)   Other: 0.1ms
[2025-06-28T00:22:38.826+0200][27.623s] GC(519) Eden regions: 1->0(0)
[2025-06-28T00:22:38.826+0200][27.623s] GC(519) Survivor regions: 0->0(0)
[2025-06-28T00:22:38.826+0200][27.623s] GC(519) Old regions: 21->22
[2025-06-28T00:22:38.826+0200][27.623s] GC(519) Humongous regions: 0->0
[2025-06-28T00:22:38.826+0200][27.623s] GC(519) Metaspace: 64293K(64768K)->64293K(64768K) NonClass: 55739K(56000K)->55739K(56000K) Class: 8553K(8768K)->8553K(8768K)
[2025-06-28T00:22:38.826+0200][27.623s] GC(519) Pause Young (Normal) (G1 Evacuation Pause) (Evacuation Failure) 20M->20M(22M) 2.874ms
[2025-06-28T00:22:38.826+0200][27.623s] GC(519) User=0.00s Sys=0.00s Real=0.00s
[2025-06-28T00:22:38.826+0200][27.623s] Attempting full compaction
[2025-06-28T00:22:38.826+0200][27.623s] GC(520) Pause Full (G1 Compaction Pause)
[2025-06-28T00:22:38.826+0200][27.623s] GC(520) Using 2 workers of 10 for full compaction
[2025-06-28T00:22:38.826+0200][27.623s] GC(520) Phase 1: Mark live objects
[2025-06-28T00:22:38.870+0200][27.667s] GC(520) Phase 1: Mark live objects 43.946ms
[2025-06-28T00:22:38.870+0200][27.667s] GC(520) Phase 2: Prepare compaction
[2025-06-28T00:22:38.871+0200][27.667s] GC(520) Phase 2: Prepare compaction 0.178ms
[2025-06-28T00:22:38.871+0200][27.667s] GC(520) Phase 3: Adjust pointers
[2025-06-28T00:22:38.886+0200][27.683s] GC(520) Phase 3: Adjust pointers 15.371ms
[2025-06-28T00:22:38.886+0200][27.683s] GC(520) Phase 4: Compact heap
[2025-06-28T00:22:38.886+0200][27.683s] GC(520) Phase 4: Compact heap 0.219ms
[2025-06-28T00:22:38.886+0200][27.683s] GC(520) Phase 5: Reset Metadata
[2025-06-28T00:22:38.892+0200][27.689s] GC(520) Phase 5: Reset Metadata 5.877ms
[2025-06-28T00:22:38.897+0200][27.694s] GC(520) Eden regions: 0->0(1)
[2025-06-28T00:22:38.897+0200][27.694s] GC(520) Survivor regions: 0->0(0)
[2025-06-28T00:22:38.897+0200][27.694s] GC(520) Old regions: 22->21
[2025-06-28T00:22:38.897+0200][27.694s] GC(520) Humongous regions: 0->0
[2025-06-28T00:22:38.897+0200][27.694s] GC(520) Metaspace: 64293K(64768K)->64293K(64768K) NonClass: 55739K(56000K)->55739K(56000K) Class: 8553K(8768K)->8553K(8768K)
[2025-06-28T00:22:38.897+0200][27.694s] GC(520) Pause Full (G1 Compaction Pause) 20M->19M(22M) 71.138ms
[2025-06-28T00:22:38.897+0200][27.694s] GC(520) User=0.12s Sys=0.00s Real=0.07s
[2025-06-28T00:22:38.926+0200][27.722s] GC(521) Pause Young (Concurrent Start) (G1 Evacuation Pause)
[2025-06-28T00:22:38.926+0200][27.722s] GC(521) Using 8 workers of 10 for evacuation
[2025-06-28T00:22:38.929+0200][27.725s] GC(521)   Pre Evacuate Collection Set: 0.4ms
[2025-06-28T00:22:38.929+0200][27.725s] GC(521)   Merge Heap Roots: 0.2ms
[2025-06-28T00:22:38.929+0200][27.725s] GC(521)   Evacuate Collection Set: 1.2ms
[2025-06-28T00:22:38.929+0200][27.725s] GC(521)   Post Evacuate Collection Set: 0.8ms
[2025-06-28T00:22:38.929+0200][27.725s] GC(521)   Other: 0.2ms
[2025-06-28T00:22:38.929+0200][27.725s] GC(521) Eden regions: 1->0(0)
[2025-06-28T00:22:38.929+0200][27.725s] GC(521) Survivor regions: 0->0(0)
[2025-06-28T00:22:38.929+0200][27.725s] GC(521) Old regions: 21->22
[2025-06-28T00:22:38.929+0200][27.725s] GC(521) Humongous regions: 0->0
[2025-06-28T00:22:38.929+0200][27.725s] GC(521) Metaspace: 64359K(64832K)->64359K(64832K) NonClass: 55797K(56064K)->55797K(56064K) Class: 8561K(8768K)->8561K(8768K)
[2025-06-28T00:22:38.929+0200][27.725s] GC(521) Pause Young (Concurrent Start) (G1 Evacuation Pause) (Evacuation Failure) 20M->20M(22M) 3.392ms
[2025-06-28T00:22:38.929+0200][27.725s] GC(522) Concurrent Mark Cycle
[2025-06-28T00:22:38.929+0200][27.725s] GC(521) User=0.00s Sys=0.00s Real=0.00s
[2025-06-28T00:22:38.929+0200][27.725s] GC(522) Concurrent Scan Root Regions
[2025-06-28T00:22:38.929+0200][27.725s] Attempting full compaction
[2025-06-28T00:22:38.930+0200][27.726s] GC(522) Concurrent Scan Root Regions 0.122ms
[2025-06-28T00:22:38.930+0200][27.726s] GC(523) Pause Full (G1 Compaction Pause)
[2025-06-28T00:22:38.930+0200][27.726s] GC(522) Concurrent Mark
[2025-06-28T00:22:38.930+0200][27.726s] GC(523) Using 2 workers of 10 for full compaction
[2025-06-28T00:22:38.930+0200][27.726s] GC(522) Concurrent Mark From Roots
[2025-06-28T00:22:38.930+0200][27.726s] GC(522) Using 3 workers of 3 for marking
[2025-06-28T00:22:38.930+0200][27.726s] GC(523) Phase 1: Mark live objects
[2025-06-28T00:22:38.976+0200][27.772s] GC(523) Phase 1: Mark live objects 45.821ms
[2025-06-28T00:22:38.976+0200][27.772s] GC(523) Phase 2: Prepare compaction
[2025-06-28T00:22:38.976+0200][27.772s] GC(523) Phase 2: Prepare compaction 0.172ms
[2025-06-28T00:22:38.976+0200][27.772s] GC(523) Phase 3: Adjust pointers
[2025-06-28T00:22:38.992+0200][27.788s] GC(523) Phase 3: Adjust pointers 15.652ms
[2025-06-28T00:22:38.992+0200][27.788s] GC(523) Phase 4: Compact heap
[2025-06-28T00:22:38.992+0200][27.788s] GC(523) Phase 4: Compact heap 0.209ms
[2025-06-28T00:22:38.992+0200][27.788s] GC(523) Phase 5: Reset Metadata
[2025-06-28T00:22:38.998+0200][27.794s] GC(523) Phase 5: Reset Metadata 6.077ms
[2025-06-28T00:22:39.005+0200][27.801s] GC(523) Eden regions: 0->0(1)
[2025-06-28T00:22:39.005+0200][27.801s] GC(523) Survivor regions: 0->0(0)
[2025-06-28T00:22:39.005+0200][27.801s] GC(523) Old regions: 22->21
[2025-06-28T00:22:39.005+0200][27.801s] GC(523) Humongous regions: 0->0
[2025-06-28T00:22:39.005+0200][27.801s] GC(523) Metaspace: 64359K(64832K)->64359K(64832K) NonClass: 55797K(56064K)->55797K(56064K) Class: 8561K(8768K)->8561K(8768K)
[2025-06-28T00:22:39.005+0200][27.801s] GC(523) Pause Full (G1 Compaction Pause) 20M->19M(22M) 75.508ms
[2025-06-28T00:22:39.005+0200][27.801s] GC(523) User=0.22s Sys=0.00s Real=0.08s
[2025-06-28T00:22:39.005+0200][27.802s] GC(522) Concurrent Mark From Roots 75.767ms
[2025-06-28T00:22:39.006+0200][27.802s] GC(522) Concurrent Mark Abort
[2025-06-28T00:22:39.006+0200][27.802s] GC(522) Concurrent Mark Cycle 76.339ms
[2025-06-28T00:22:39.029+0200][27.826s] GC(524) Pause Young (Normal) (G1 Evacuation Pause)
[2025-06-28T00:22:39.029+0200][27.826s] GC(524) Using 8 workers of 10 for evacuation
[2025-06-28T00:22:39.032+0200][27.829s] GC(524)   Pre Evacuate Collection Set: 0.4ms
[2025-06-28T00:22:39.032+0200][27.829s] GC(524)   Merge Heap Roots: 0.2ms
[2025-06-28T00:22:39.032+0200][27.829s] GC(524)   Evacuate Collection Set: 1.1ms
[2025-06-28T00:22:39.032+0200][27.829s] GC(524)   Post Evacuate Collection Set: 0.9ms
[2025-06-28T00:22:39.032+0200][27.829s] GC(524)   Other: 0.1ms
[2025-06-28T00:22:39.032+0200][27.829s] GC(524) Eden regions: 1->0(0)
[2025-06-28T00:22:39.032+0200][27.829s] GC(524) Survivor regions: 0->0(0)
[2025-06-28T00:22:39.032+0200][27.829s] GC(524) Old regions: 21->22
[2025-06-28T00:22:39.032+0200][27.829s] GC(524) Humongous regions: 0->0
[2025-06-28T00:22:39.032+0200][27.829s] GC(524) Metaspace: 64385K(64960K)->64385K(64960K) NonClass: 55819K(56128K)->55819K(56128K) Class: 8566K(8832K)->8566K(8832K)
[2025-06-28T00:22:39.032+0200][27.829s] GC(524) Pause Young (Normal) (G1 Evacuation Pause) (Evacuation Failure) 20M->20M(22M) 3.145ms
[2025-06-28T00:22:39.032+0200][27.829s] GC(524) User=0.00s Sys=0.00s Real=0.00s
[2025-06-28T00:22:39.032+0200][27.829s] Attempting full compaction
[2025-06-28T00:22:39.032+0200][27.829s] GC(525) Pause Full (G1 Compaction Pause)
[2025-06-28T00:22:39.032+0200][27.829s] GC(525) Using 2 workers of 10 for full compaction
[2025-06-28T00:22:39.033+0200][27.829s] GC(525) Phase 1: Mark live objects
[2025-06-28T00:22:39.073+0200][27.870s] GC(525) Phase 1: Mark live objects 40.377ms
[2025-06-28T00:22:39.073+0200][27.870s] GC(525) Phase 2: Prepare compaction
[2025-06-28T00:22:39.073+0200][27.870s] GC(525) Phase 2: Prepare compaction 0.243ms
[2025-06-28T00:22:39.073+0200][27.870s] GC(525) Phase 3: Adjust pointers
[2025-06-28T00:22:39.090+0200][27.886s] GC(525) Phase 3: Adjust pointers 16.255ms
[2025-06-28T00:22:39.091+0200][27.886s] GC(525) Phase 4: Compact heap
[2025-06-28T00:22:39.091+0200][27.887s] GC(525) Phase 4: Compact heap 0.260ms
[2025-06-28T00:22:39.091+0200][27.887s] GC(525) Phase 5: Reset Metadata
[2025-06-28T00:22:39.097+0200][27.893s] GC(525) Phase 5: Reset Metadata 6.391ms
[2025-06-28T00:22:39.102+0200][27.898s] GC(525) Eden regions: 0->0(1)
[2025-06-28T00:22:39.102+0200][27.898s] GC(525) Survivor regions: 0->0(0)
[2025-06-28T00:22:39.102+0200][27.898s] GC(525) Old regions: 22->21
[2025-06-28T00:22:39.102+0200][27.898s] GC(525) Humongous regions: 0->0
[2025-06-28T00:22:39.103+0200][27.898s] GC(525) Metaspace: 64385K(64960K)->64385K(64960K) NonClass: 55819K(56128K)->55819K(56128K) Class: 8566K(8832K)->8566K(8832K)
[2025-06-28T00:22:39.103+0200][27.898s] GC(525) Pause Full (G1 Compaction Pause) 20M->20M(22M) 69.407ms
[2025-06-28T00:22:39.103+0200][27.899s] GC(525) User=0.16s Sys=0.02s Real=0.07s
[2025-06-28T00:22:39.135+0200][27.931s] GC(526) Pause Young (Concurrent Start) (G1 Evacuation Pause)
[2025-06-28T00:22:39.135+0200][27.931s] GC(526) Using 8 workers of 10 for evacuation
[2025-06-28T00:22:39.137+0200][27.933s] GC(526)   Pre Evacuate Collection Set: 0.4ms
[2025-06-28T00:22:39.137+0200][27.933s] GC(526)   Merge Heap Roots: 0.1ms
[2025-06-28T00:22:39.137+0200][27.933s] GC(526)   Evacuate Collection Set: 0.9ms
[2025-06-28T00:22:39.137+0200][27.933s] GC(526)   Post Evacuate Collection Set: 0.7ms
[2025-06-28T00:22:39.137+0200][27.933s] GC(526)   Other: 0.2ms
[2025-06-28T00:22:39.137+0200][27.933s] GC(526) Eden regions: 1->0(0)
[2025-06-28T00:22:39.137+0200][27.933s] GC(526) Survivor regions: 0->0(0)
[2025-06-28T00:22:39.137+0200][27.933s] GC(526) Old regions: 21->22
[2025-06-28T00:22:39.137+0200][27.933s] GC(526) Humongous regions: 0->0
[2025-06-28T00:22:39.137+0200][27.933s] GC(526) Metaspace: 64395K(64960K)->64395K(64960K) NonClass: 55826K(56128K)->55826K(56128K) Class: 8568K(8832K)->8568K(8832K)
[2025-06-28T00:22:39.137+0200][27.933s] GC(526) Pause Young (Concurrent Start) (G1 Evacuation Pause) (Evacuation Failure) 21M->21M(22M) 2.923ms
[2025-06-28T00:22:39.137+0200][27.934s] GC(527) Concurrent Mark Cycle
[2025-06-28T00:22:39.137+0200][27.934s] GC(526) User=0.12s Sys=0.00s Real=0.00s
[2025-06-28T00:22:39.137+0200][27.934s] GC(527) Concurrent Scan Root Regions
[2025-06-28T00:22:39.137+0200][27.934s] Attempting full compaction
[2025-06-28T00:22:39.137+0200][27.934s] GC(527) Concurrent Scan Root Regions 0.117ms
[2025-06-28T00:22:39.138+0200][27.934s] GC(528) Pause Full (G1 Compaction Pause)
[2025-06-28T00:22:39.138+0200][27.934s] GC(527) Concurrent Mark
[2025-06-28T00:22:39.138+0200][27.934s] GC(528) Using 2 workers of 10 for full compaction
[2025-06-28T00:22:39.138+0200][27.934s] GC(527) Concurrent Mark From Roots
[2025-06-28T00:22:39.138+0200][27.934s] GC(527) Using 3 workers of 3 for marking
[2025-06-28T00:22:39.138+0200][27.934s] GC(528) Phase 1: Mark live objects
[2025-06-28T00:22:39.187+0200][27.984s] GC(528) Phase 1: Mark live objects 49.114ms
[2025-06-28T00:22:39.187+0200][27.984s] GC(528) Phase 2: Prepare compaction
[2025-06-28T00:22:39.188+0200][27.984s] GC(528) Phase 2: Prepare compaction 0.846ms
[2025-06-28T00:22:39.188+0200][27.985s] GC(528) Phase 3: Adjust pointers
[2025-06-28T00:22:39.205+0200][28.002s] GC(528) Phase 3: Adjust pointers 17.105ms
[2025-06-28T00:22:39.205+0200][28.002s] GC(528) Phase 4: Compact heap
[2025-06-28T00:22:39.206+0200][28.003s] GC(528) Phase 4: Compact heap 0.916ms
[2025-06-28T00:22:39.206+0200][28.003s] GC(528) Phase 5: Reset Metadata
[2025-06-28T00:22:39.212+0200][28.008s] GC(528) Phase 5: Reset Metadata 5.559ms
[2025-06-28T00:22:39.217+0200][28.013s] GC(528) Eden regions: 0->0(1)
[2025-06-28T00:22:39.217+0200][28.013s] GC(528) Survivor regions: 0->0(0)
[2025-06-28T00:22:39.217+0200][28.013s] GC(528) Old regions: 22->21
[2025-06-28T00:22:39.217+0200][28.013s] GC(528) Humongous regions: 0->0
[2025-06-28T00:22:39.217+0200][28.013s] GC(528) Metaspace: 64395K(64960K)->64387K(64960K) NonClass: 55826K(56128K)->55821K(56128K) Class: 8568K(8832K)->8566K(8832K)
[2025-06-28T00:22:39.217+0200][28.013s] GC(528) Pause Full (G1 Compaction Pause) 21M->19M(22M) 79.423ms
[2025-06-28T00:22:39.217+0200][28.013s] GC(528) User=0.22s Sys=0.00s Real=0.08s
[2025-06-28T00:22:39.217+0200][28.014s] GC(527) Concurrent Mark From Roots 79.807ms
[2025-06-28T00:22:39.217+0200][28.014s] GC(527) Concurrent Mark Abort
[2025-06-28T00:22:39.217+0200][28.014s] GC(527) Concurrent Mark Cycle 80.491ms
[2025-06-28T00:22:39.246+0200][28.043s] GC(529) Pause Young (Normal) (G1 Evacuation Pause)
[2025-06-28T00:22:39.247+0200][28.043s] GC(529) Using 8 workers of 10 for evacuation
[2025-06-28T00:22:39.248+0200][28.045s] GC(529)   Pre Evacuate Collection Set: 0.3ms
[2025-06-28T00:22:39.249+0200][28.045s] GC(529)   Merge Heap Roots: 0.2ms
[2025-06-28T00:22:39.249+0200][28.045s] GC(529)   Evacuate Collection Set: 0.7ms
[2025-06-28T00:22:39.249+0200][28.045s] GC(529)   Post Evacuate Collection Set: 0.6ms
[2025-06-28T00:22:39.249+0200][28.045s] GC(529)   Other: 0.1ms
[2025-06-28T00:22:39.249+0200][28.045s] GC(529) Eden regions: 1->0(0)
[2025-06-28T00:22:39.249+0200][28.045s] GC(529) Survivor regions: 0->0(0)
[2025-06-28T00:22:39.249+0200][28.045s] GC(529) Old regions: 21->22
[2025-06-28T00:22:39.249+0200][28.045s] GC(529) Humongous regions: 0->0
[2025-06-28T00:22:39.249+0200][28.045s] GC(529) Metaspace: 64394K(64960K)->64394K(64960K) NonClass: 55826K(56128K)->55826K(56128K) Class: 8567K(8832K)->8567K(8832K)
[2025-06-28T00:22:39.249+0200][28.045s] GC(529) Pause Young (Normal) (G1 Evacuation Pause) (Evacuation Failure) 20M->20M(22M) 2.393ms
[2025-06-28T00:22:39.249+0200][28.045s] GC(529) User=0.00s Sys=0.00s Real=0.00s
[2025-06-28T00:22:39.249+0200][28.045s] Attempting full compaction
[2025-06-28T00:22:39.249+0200][28.045s] GC(530) Pause Full (G1 Compaction Pause)
[2025-06-28T00:22:39.249+0200][28.046s] GC(530) Using 2 workers of 10 for full compaction
[2025-06-28T00:22:39.249+0200][28.046s] GC(530) Phase 1: Mark live objects
[2025-06-28T00:22:39.292+0200][28.088s] GC(530) Phase 1: Mark live objects 42.300ms
[2025-06-28T00:22:39.292+0200][28.088s] GC(530) Phase 2: Prepare compaction
[2025-06-28T00:22:39.293+0200][28.089s] GC(530) Phase 2: Prepare compaction 1.303ms
[2025-06-28T00:22:39.293+0200][28.089s] GC(530) Phase 3: Adjust pointers
[2025-06-28T00:22:39.313+0200][28.109s] GC(530) Phase 3: Adjust pointers 19.590ms
[2025-06-28T00:22:39.313+0200][28.109s] GC(530) Phase 4: Compact heap
[2025-06-28T00:22:39.316+0200][28.112s] GC(530) Phase 4: Compact heap 2.337ms
[2025-06-28T00:22:39.316+0200][28.112s] GC(530) Phase 5: Reset Metadata
[2025-06-28T00:22:39.322+0200][28.119s] GC(530) Phase 5: Reset Metadata 6.859ms
[2025-06-28T00:22:39.328+0200][28.125s] GC(530) Eden regions: 0->0(1)
[2025-06-28T00:22:39.329+0200][28.125s] GC(530) Survivor regions: 0->0(0)
[2025-06-28T00:22:39.329+0200][28.126s] GC(530) Old regions: 22->21
[2025-06-28T00:22:39.329+0200][28.126s] GC(530) Humongous regions: 0->0
[2025-06-28T00:22:39.329+0200][28.126s] GC(530) Metaspace: 64394K(64960K)->64394K(64960K) NonClass: 55826K(56128K)->55826K(56128K) Class: 8567K(8832K)->8567K(8832K)
[2025-06-28T00:22:39.329+0200][28.126s] GC(530) Pause Full (G1 Compaction Pause) 20M->20M(22M) 80.208ms
[2025-06-28T00:22:39.329+0200][28.126s] GC(530) User=0.14s Sys=0.00s Real=0.08s
[2025-06-28T00:22:39.339+0200][28.136s] GC(531) Pause Young (Concurrent Start) (G1 Evacuation Pause)
[2025-06-28T00:22:39.339+0200][28.136s] GC(531) Using 8 workers of 10 for evacuation
[2025-06-28T00:22:39.343+0200][28.139s] GC(531)   Pre Evacuate Collection Set: 0.5ms
[2025-06-28T00:22:39.343+0200][28.139s] GC(531)   Merge Heap Roots: 0.2ms
[2025-06-28T00:22:39.343+0200][28.139s] GC(531)   Evacuate Collection Set: 1.3ms
[2025-06-28T00:22:39.343+0200][28.140s] GC(531)   Post Evacuate Collection Set: 0.9ms
[2025-06-28T00:22:39.343+0200][28.140s] GC(531)   Other: 0.2ms
[2025-06-28T00:22:39.343+0200][28.140s] GC(531) Eden regions: 1->0(0)
[2025-06-28T00:22:39.343+0200][28.140s] GC(531) Survivor regions: 0->0(0)
[2025-06-28T00:22:39.343+0200][28.140s] GC(531) Old regions: 21->22
[2025-06-28T00:22:39.343+0200][28.140s] GC(531) Humongous regions: 0->0
[2025-06-28T00:22:39.343+0200][28.140s] GC(531) Metaspace: 64394K(64960K)->64394K(64960K) NonClass: 55826K(56128K)->55826K(56128K) Class: 8567K(8832K)->8567K(8832K)
[2025-06-28T00:22:39.343+0200][28.140s] GC(531) Pause Young (Concurrent Start) (G1 Evacuation Pause) (Evacuation Failure) 21M->21M(22M) 3.923ms
[2025-06-28T00:22:39.343+0200][28.140s] GC(531) User=0.03s Sys=0.00s Real=0.00s
[2025-06-28T00:22:39.343+0200][28.140s] GC(532) Concurrent Mark Cycle
[2025-06-28T00:22:39.343+0200][28.140s] Attempting full compaction
[2025-06-28T00:22:39.344+0200][28.140s] GC(532) Concurrent Scan Root Regions
[2025-06-28T00:22:39.344+0200][28.140s] GC(533) Pause Full (G1 Compaction Pause)
[2025-06-28T00:22:39.344+0200][28.140s] GC(532) Concurrent Scan Root Regions 0.305ms
[2025-06-28T00:22:39.344+0200][28.141s] GC(533) Using 2 workers of 10 for full compaction
[2025-06-28T00:22:39.344+0200][28.141s] GC(532) Concurrent Mark
[2025-06-28T00:22:39.344+0200][28.141s] GC(532) Concurrent Mark From Roots
[2025-06-28T00:22:39.344+0200][28.141s] GC(532) Using 3 workers of 3 for marking
[2025-06-28T00:22:39.345+0200][28.141s] GC(533) Phase 1: Mark live objects
[2025-06-28T00:22:39.409+0200][28.205s] GC(533) Phase 1: Mark live objects 63.906ms
[2025-06-28T00:22:39.409+0200][28.205s] GC(533) Phase 2: Prepare compaction
[2025-06-28T00:22:39.409+0200][28.206s] GC(533) Phase 2: Prepare compaction 0.823ms
[2025-06-28T00:22:39.410+0200][28.206s] GC(533) Phase 3: Adjust pointers
[2025-06-28T00:22:39.427+0200][28.224s] GC(533) Phase 3: Adjust pointers 17.286ms
[2025-06-28T00:22:39.427+0200][28.224s] GC(533) Phase 4: Compact heap
[2025-06-28T00:22:39.428+0200][28.224s] GC(533) Phase 4: Compact heap 0.816ms
[2025-06-28T00:22:39.428+0200][28.225s] GC(533) Phase 5: Reset Metadata
[2025-06-28T00:22:39.435+0200][28.231s] GC(533) Phase 5: Reset Metadata 6.266ms
[2025-06-28T00:22:39.440+0200][28.236s] GC(533) Eden regions: 0->0(1)
[2025-06-28T00:22:39.440+0200][28.236s] GC(533) Survivor regions: 0->0(0)
[2025-06-28T00:22:39.440+0200][28.236s] GC(533) Old regions: 22->21
[2025-06-28T00:22:39.440+0200][28.236s] GC(533) Humongous regions: 0->0
[2025-06-28T00:22:39.440+0200][28.236s] GC(533) Metaspace: 64394K(64960K)->64388K(64960K) NonClass: 55826K(56128K)->55822K(56128K) Class: 8567K(8832K)->8566K(8832K)
[2025-06-28T00:22:39.440+0200][28.236s] GC(533) Pause Full (G1 Compaction Pause) 21M->19M(22M) 95.800ms
[2025-06-28T00:22:39.440+0200][28.236s] GC(533) User=0.27s Sys=0.00s Real=0.10s
[2025-06-28T00:22:39.440+0200][28.236s] GC(532) Concurrent Mark From Roots 95.372ms
[2025-06-28T00:22:39.440+0200][28.236s] GC(532) Concurrent Mark Abort
[2025-06-28T00:22:39.440+0200][28.237s] GC(532) Concurrent Mark Cycle 96.533ms
[2025-06-28T00:22:39.450+0200][28.246s] GC(534) Pause Young (Normal) (G1 Evacuation Pause)
[2025-06-28T00:22:39.450+0200][28.246s] GC(534) Using 8 workers of 10 for evacuation
[2025-06-28T00:22:39.452+0200][28.248s] GC(534)   Pre Evacuate Collection Set: 0.3ms
[2025-06-28T00:22:39.452+0200][28.248s] GC(534)   Merge Heap Roots: 0.2ms
[2025-06-28T00:22:39.452+0200][28.248s] GC(534)   Evacuate Collection Set: 0.7ms
[2025-06-28T00:22:39.452+0200][28.248s] GC(534)   Post Evacuate Collection Set: 0.6ms
[2025-06-28T00:22:39.452+0200][28.248s] GC(534)   Other: 0.1ms
[2025-06-28T00:22:39.452+0200][28.248s] GC(534) Eden regions: 1->0(0)
[2025-06-28T00:22:39.452+0200][28.248s] GC(534) Survivor regions: 0->0(0)
[2025-06-28T00:22:39.452+0200][28.248s] GC(534) Old regions: 21->22
[2025-06-28T00:22:39.452+0200][28.248s] GC(534) Humongous regions: 0->0
[2025-06-28T00:22:39.452+0200][28.248s] GC(534) Metaspace: 64388K(64960K)->64388K(64960K) NonClass: 55822K(56128K)->55822K(56128K) Class: 8566K(8832K)->8566K(8832K)
[2025-06-28T00:22:39.452+0200][28.248s] GC(534) Pause Young (Normal) (G1 Evacuation Pause) (Evacuation Failure) 20M->20M(22M) 2.548ms
[2025-06-28T00:22:39.452+0200][28.248s] GC(534) User=0.00s Sys=0.00s Real=0.00s
[2025-06-28T00:22:39.452+0200][28.249s] Attempting full compaction
[2025-06-28T00:22:39.452+0200][28.249s] GC(535) Pause Full (G1 Compaction Pause)
[2025-06-28T00:22:39.452+0200][28.249s] GC(535) Using 2 workers of 10 for full compaction
[2025-06-28T00:22:39.453+0200][28.249s] GC(535) Phase 1: Mark live objects
[2025-06-28T00:22:39.504+0200][28.301s] GC(535) Phase 1: Mark live objects 52.039ms
[2025-06-28T00:22:39.504+0200][28.301s] GC(535) Phase 2: Prepare compaction
[2025-06-28T00:22:39.505+0200][28.302s] GC(535) Phase 2: Prepare compaction 0.863ms
[2025-06-28T00:22:39.505+0200][28.302s] GC(535) Phase 3: Adjust pointers
[2025-06-28T00:22:39.527+0200][28.323s] GC(535) Phase 3: Adjust pointers 21.085ms
[2025-06-28T00:22:39.527+0200][28.323s] GC(535) Phase 4: Compact heap
[2025-06-28T00:22:39.528+0200][28.324s] GC(535) Phase 4: Compact heap 1.148ms
[2025-06-28T00:22:39.528+0200][28.324s] GC(535) Phase 5: Reset Metadata
[2025-06-28T00:22:39.535+0200][28.331s] GC(535) Phase 5: Reset Metadata 6.898ms
[2025-06-28T00:22:39.540+0200][28.337s] GC(535) Eden regions: 0->0(1)
[2025-06-28T00:22:39.540+0200][28.337s] GC(535) Survivor regions: 0->0(0)
[2025-06-28T00:22:39.541+0200][28.337s] GC(535) Old regions: 22->21
[2025-06-28T00:22:39.541+0200][28.337s] GC(535) Humongous regions: 0->0
[2025-06-28T00:22:39.541+0200][28.337s] GC(535) Metaspace: 64388K(64960K)->64388K(64960K) NonClass: 55822K(56128K)->55822K(56128K) Class: 8566K(8832K)->8566K(8832K)
[2025-06-28T00:22:39.541+0200][28.337s] GC(535) Pause Full (G1 Compaction Pause) 20M->20M(22M) 88.334ms
[2025-06-28T00:22:39.541+0200][28.337s] GC(535) User=0.12s Sys=0.00s Real=0.09s
[2025-06-28T00:22:39.558+0200][28.354s] GC(536) Pause Young (Concurrent Start) (G1 Evacuation Pause)
[2025-06-28T00:22:39.558+0200][28.354s] GC(536) Using 8 workers of 10 for evacuation
[2025-06-28T00:22:39.561+0200][28.357s] GC(536)   Pre Evacuate Collection Set: 0.5ms
[2025-06-28T00:22:39.561+0200][28.357s] GC(536)   Merge Heap Roots: 0.2ms
[2025-06-28T00:22:39.562+0200][28.358s] GC(536)   Evacuate Collection Set: 1.4ms
[2025-06-28T00:22:39.562+0200][28.358s] GC(536)   Post Evacuate Collection Set: 0.9ms
[2025-06-28T00:22:39.562+0200][28.358s] GC(536)   Other: 0.3ms
[2025-06-28T00:22:39.562+0200][28.358s] GC(536) Eden regions: 1->0(0)
[2025-06-28T00:22:39.562+0200][28.358s] GC(536) Survivor regions: 0->0(0)
[2025-06-28T00:22:39.562+0200][28.358s] GC(536) Old regions: 21->22
[2025-06-28T00:22:39.562+0200][28.358s] GC(536) Humongous regions: 0->0
[2025-06-28T00:22:39.562+0200][28.358s] GC(536) Metaspace: 64389K(64960K)->64389K(64960K) NonClass: 55823K(56128K)->55823K(56128K) Class: 8566K(8832K)->8566K(8832K)
[2025-06-28T00:22:39.562+0200][28.358s] GC(536) Pause Young (Concurrent Start) (G1 Evacuation Pause) (Evacuation Failure) 21M->21M(22M) 4.127ms
[2025-06-28T00:22:39.562+0200][28.358s] GC(536) User=0.03s Sys=0.00s Real=0.00s
[2025-06-28T00:22:39.562+0200][28.358s] GC(537) Concurrent Mark Cycle
[2025-06-28T00:22:39.562+0200][28.358s] Attempting full compaction
[2025-06-28T00:22:39.562+0200][28.358s] GC(537) Concurrent Scan Root Regions
[2025-06-28T00:22:39.562+0200][28.358s] GC(538) Pause Full (G1 Compaction Pause)
[2025-06-28T00:22:39.562+0200][28.358s] GC(537) Concurrent Scan Root Regions 0.201ms
[2025-06-28T00:22:39.562+0200][28.358s] GC(538) Using 2 workers of 10 for full compaction
[2025-06-28T00:22:39.563+0200][28.359s] GC(537) Concurrent Mark
[2025-06-28T00:22:39.563+0200][28.359s] GC(537) Concurrent Mark From Roots
[2025-06-28T00:22:39.563+0200][28.359s] GC(537) Using 3 workers of 3 for marking
[2025-06-28T00:22:39.563+0200][28.359s] GC(538) Phase 1: Mark live objects
[2025-06-28T00:22:39.615+0200][28.411s] GC(538) Phase 1: Mark live objects 51.602ms
[2025-06-28T00:22:39.615+0200][28.411s] GC(538) Phase 2: Prepare compaction
[2025-06-28T00:22:39.615+0200][28.412s] GC(538) Phase 2: Prepare compaction 0.804ms
[2025-06-28T00:22:39.615+0200][28.412s] GC(538) Phase 3: Adjust pointers
[2025-06-28T00:22:39.634+0200][28.431s] GC(538) Phase 3: Adjust pointers 19.165ms
[2025-06-28T00:22:39.634+0200][28.431s] GC(538) Phase 4: Compact heap
[2025-06-28T00:22:39.635+0200][28.432s] GC(538) Phase 4: Compact heap 0.684ms
[2025-06-28T00:22:39.635+0200][28.432s] GC(538) Phase 5: Reset Metadata
[2025-06-28T00:22:39.641+0200][28.437s] GC(538) Phase 5: Reset Metadata 5.353ms
[2025-06-28T00:22:39.646+0200][28.443s] GC(538) Eden regions: 0->0(1)
[2025-06-28T00:22:39.646+0200][28.443s] GC(538) Survivor regions: 0->0(0)
[2025-06-28T00:22:39.647+0200][28.443s] GC(538) Old regions: 22->21
[2025-06-28T00:22:39.647+0200][28.443s] GC(538) Humongous regions: 0->0
[2025-06-28T00:22:39.647+0200][28.443s] GC(538) Metaspace: 64389K(64960K)->64389K(64960K) NonClass: 55823K(56128K)->55823K(56128K) Class: 8566K(8832K)->8566K(8832K)
[2025-06-28T00:22:39.647+0200][28.443s] GC(538) Pause Full (G1 Compaction Pause) 21M->19M(22M) 84.979ms
[2025-06-28T00:22:39.647+0200][28.443s] GC(538) User=0.16s Sys=0.00s Real=0.09s
[2025-06-28T00:22:39.647+0200][28.444s] GC(537) Concurrent Mark From Roots 84.856ms
[2025-06-28T00:22:39.647+0200][28.444s] GC(537) Concurrent Mark Abort
[2025-06-28T00:22:39.647+0200][28.444s] GC(537) Concurrent Mark Cycle 85.827ms
[2025-06-28T00:22:39.655+0200][28.452s] GC(539) Pause Young (Normal) (G1 Evacuation Pause)
[2025-06-28T00:22:39.656+0200][28.452s] GC(539) Using 8 workers of 10 for evacuation
[2025-06-28T00:22:39.658+0200][28.455s] GC(539)   Pre Evacuate Collection Set: 0.3ms
[2025-06-28T00:22:39.658+0200][28.455s] GC(539)   Merge Heap Roots: 0.2ms
[2025-06-28T00:22:39.658+0200][28.455s] GC(539)   Evacuate Collection Set: 1.3ms
[2025-06-28T00:22:39.658+0200][28.455s] GC(539)   Post Evacuate Collection Set: 0.6ms
[2025-06-28T00:22:39.658+0200][28.455s] GC(539)   Other: 0.1ms
[2025-06-28T00:22:39.658+0200][28.455s] GC(539) Eden regions: 1->0(0)
[2025-06-28T00:22:39.658+0200][28.455s] GC(539) Survivor regions: 0->0(0)
[2025-06-28T00:22:39.658+0200][28.455s] GC(539) Old regions: 21->22
[2025-06-28T00:22:39.658+0200][28.455s] GC(539) Humongous regions: 0->0
[2025-06-28T00:22:39.658+0200][28.455s] GC(539) Metaspace: 64389K(64960K)->64389K(64960K) NonClass: 55823K(56128K)->55823K(56128K) Class: 8566K(8832K)->8566K(8832K)
[2025-06-28T00:22:39.659+0200][28.455s] GC(539) Pause Young (Normal) (G1 Evacuation Pause) (Evacuation Failure) 20M->20M(22M) 3.136ms
[2025-06-28T00:22:39.659+0200][28.455s] GC(539) User=0.00s Sys=0.00s Real=0.00s
[2025-06-28T00:22:39.659+0200][28.455s] Attempting full compaction
[2025-06-28T00:22:39.659+0200][28.455s] GC(540) Pause Full (G1 Compaction Pause)
[2025-06-28T00:22:39.659+0200][28.455s] GC(540) Using 2 workers of 10 for full compaction
[2025-06-28T00:22:39.659+0200][28.455s] GC(540) Phase 1: Mark live objects
[2025-06-28T00:22:39.703+0200][28.499s] GC(540) Phase 1: Mark live objects 44.024ms
[2025-06-28T00:22:39.703+0200][28.500s] GC(540) Phase 2: Prepare compaction
[2025-06-28T00:22:39.704+0200][28.500s] GC(540) Phase 2: Prepare compaction 0.841ms
[2025-06-28T00:22:39.704+0200][28.500s] GC(540) Phase 3: Adjust pointers
[2025-06-28T00:22:39.721+0200][28.517s] GC(540) Phase 3: Adjust pointers 16.948ms
[2025-06-28T00:22:39.721+0200][28.518s] GC(540) Phase 4: Compact heap
[2025-06-28T00:22:39.722+0200][28.518s] GC(540) Phase 4: Compact heap 0.789ms
[2025-06-28T00:22:39.722+0200][28.518s] GC(540) Phase 5: Reset Metadata
[2025-06-28T00:22:39.728+0200][28.525s] GC(540) Phase 5: Reset Metadata 6.335ms
[2025-06-28T00:22:39.733+0200][28.529s] GC(540) Eden regions: 0->0(1)
[2025-06-28T00:22:39.733+0200][28.530s] GC(540) Survivor regions: 0->0(0)
[2025-06-28T00:22:39.733+0200][28.530s] GC(540) Old regions: 22->21
[2025-06-28T00:22:39.733+0200][28.530s] GC(540) Humongous regions: 0->0
[2025-06-28T00:22:39.733+0200][28.530s] GC(540) Metaspace: 64389K(64960K)->64389K(64960K) NonClass: 55823K(56128K)->55823K(56128K) Class: 8566K(8832K)->8566K(8832K)
[2025-06-28T00:22:39.733+0200][28.530s] GC(540) Pause Full (G1 Compaction Pause) 20M->20M(22M) 74.521ms
[2025-06-28T00:22:39.733+0200][28.530s] GC(540) User=0.17s Sys=0.00s Real=0.07s
[2025-06-28T00:22:39.742+0200][28.538s] GC(541) Pause Young (Concurrent Start) (G1 Evacuation Pause)
[2025-06-28T00:22:39.742+0200][28.539s] GC(541) Using 8 workers of 10 for evacuation
[2025-06-28T00:22:39.745+0200][28.541s] GC(541)   Pre Evacuate Collection Set: 0.4ms
[2025-06-28T00:22:39.745+0200][28.541s] GC(541)   Merge Heap Roots: 0.2ms
[2025-06-28T00:22:39.745+0200][28.541s] GC(541)   Evacuate Collection Set: 1.1ms
[2025-06-28T00:22:39.745+0200][28.541s] GC(541)   Post Evacuate Collection Set: 0.7ms
[2025-06-28T00:22:39.745+0200][28.541s] GC(541)   Other: 0.2ms
[2025-06-28T00:22:39.745+0200][28.542s] GC(541) Eden regions: 1->0(0)
[2025-06-28T00:22:39.745+0200][28.542s] GC(541) Survivor regions: 0->0(0)
[2025-06-28T00:22:39.745+0200][28.542s] GC(541) Old regions: 21->22
[2025-06-28T00:22:39.745+0200][28.542s] GC(541) Humongous regions: 0->0
[2025-06-28T00:22:39.745+0200][28.542s] GC(541) Metaspace: 64389K(64960K)->64389K(64960K) NonClass: 55823K(56128K)->55823K(56128K) Class: 8566K(8832K)->8566K(8832K)
[2025-06-28T00:22:39.745+0200][28.542s] GC(541) Pause Young (Concurrent Start) (G1 Evacuation Pause) (Evacuation Failure) 21M->21M(22M) 3.219ms
[2025-06-28T00:22:39.745+0200][28.542s] GC(541) User=0.02s Sys=0.00s Real=0.00s
[2025-06-28T00:22:39.745+0200][28.542s] Attempting full compaction
[2025-06-28T00:22:39.745+0200][28.542s] GC(542) Concurrent Mark Cycle
[2025-06-28T00:22:39.745+0200][28.542s] GC(543) Pause Full (G1 Compaction Pause)
[2025-06-28T00:22:39.745+0200][28.542s] GC(542) Concurrent Scan Root Regions
[2025-06-28T00:22:39.746+0200][28.542s] GC(543) Using 2 workers of 10 for full compaction
[2025-06-28T00:22:39.746+0200][28.542s] GC(542) Concurrent Scan Root Regions 0.191ms
[2025-06-28T00:22:39.746+0200][28.542s] GC(542) Concurrent Mark
[2025-06-28T00:22:39.746+0200][28.542s] GC(542) Concurrent Mark From Roots
[2025-06-28T00:22:39.746+0200][28.542s] GC(542) Using 3 workers of 3 for marking
[2025-06-28T00:22:39.746+0200][28.543s] GC(543) Phase 1: Mark live objects
[2025-06-28T00:22:39.790+0200][28.586s] GC(543) Phase 1: Mark live objects 43.478ms
[2025-06-28T00:22:39.790+0200][28.586s] GC(543) Phase 2: Prepare compaction
[2025-06-28T00:22:39.790+0200][28.587s] GC(543) Phase 2: Prepare compaction 0.861ms
[2025-06-28T00:22:39.791+0200][28.587s] GC(543) Phase 3: Adjust pointers
[2025-06-28T00:22:39.808+0200][28.604s] GC(543) Phase 3: Adjust pointers 17.324ms
[2025-06-28T00:22:39.808+0200][28.605s] GC(543) Phase 4: Compact heap
[2025-06-28T00:22:39.809+0200][28.605s] GC(543) Phase 4: Compact heap 0.783ms
[2025-06-28T00:22:39.809+0200][28.605s] GC(543) Phase 5: Reset Metadata
[2025-06-28T00:22:39.816+0200][28.612s] GC(543) Phase 5: Reset Metadata 6.415ms
[2025-06-28T00:22:39.821+0200][28.617s] GC(543) Eden regions: 0->0(1)
[2025-06-28T00:22:39.821+0200][28.617s] GC(543) Survivor regions: 0->0(0)
[2025-06-28T00:22:39.821+0200][28.617s] GC(543) Old regions: 22->21
[2025-06-28T00:22:39.821+0200][28.617s] GC(543) Humongous regions: 0->0
[2025-06-28T00:22:39.821+0200][28.617s] GC(543) Metaspace: 64389K(64960K)->64389K(64960K) NonClass: 55823K(56128K)->55823K(56128K) Class: 8566K(8832K)->8566K(8832K)
[2025-06-28T00:22:39.821+0200][28.617s] GC(543) Pause Full (G1 Compaction Pause) 21M->19M(22M) 75.463ms
[2025-06-28T00:22:39.822+0200][28.618s] GC(543) User=0.12s Sys=0.00s Real=0.08s
[2025-06-28T00:22:39.822+0200][28.618s] GC(542) Concurrent Mark From Roots 75.857ms
[2025-06-28T00:22:39.822+0200][28.618s] GC(542) Concurrent Mark Abort
[2025-06-28T00:22:39.823+0200][28.618s] GC(542) Concurrent Mark Cycle 76.537ms
[2025-06-28T00:22:39.838+0200][28.634s] GC(544) Pause Young (Normal) (G1 Evacuation Pause)
[2025-06-28T00:22:39.838+0200][28.634s] GC(544) Using 8 workers of 10 for evacuation
[2025-06-28T00:22:39.840+0200][28.636s] GC(544)   Pre Evacuate Collection Set: 0.4ms
[2025-06-28T00:22:39.841+0200][28.636s] GC(544)   Merge Heap Roots: 0.2ms
[2025-06-28T00:22:39.841+0200][28.636s] GC(544)   Evacuate Collection Set: 0.6ms
[2025-06-28T00:22:39.841+0200][28.636s] GC(544)   Post Evacuate Collection Set: 0.8ms
[2025-06-28T00:22:39.841+0200][28.636s] GC(544)   Other: 0.2ms
[2025-06-28T00:22:39.841+0200][28.637s] GC(544) Eden regions: 1->0(0)
[2025-06-28T00:22:39.841+0200][28.637s] GC(544) Survivor regions: 0->0(0)
[2025-06-28T00:22:39.841+0200][28.637s] GC(544) Old regions: 21->22
[2025-06-28T00:22:39.841+0200][28.637s] GC(544) Humongous regions: 0->0
[2025-06-28T00:22:39.841+0200][28.637s] GC(544) Metaspace: 64389K(64960K)->64389K(64960K) NonClass: 55823K(56128K)->55823K(56128K) Class: 8566K(8832K)->8566K(8832K)
[2025-06-28T00:22:39.841+0200][28.637s] GC(544) Pause Young (Normal) (G1 Evacuation Pause) (Evacuation Failure) 20M->20M(22M) 2.713ms
[2025-06-28T00:22:39.841+0200][28.637s] GC(544) User=0.02s Sys=0.00s Real=0.00s
[2025-06-28T00:22:39.841+0200][28.637s] Attempting full compaction
[2025-06-28T00:22:39.841+0200][28.637s] GC(545) Pause Full (G1 Compaction Pause)
[2025-06-28T00:22:39.841+0200][28.637s] GC(545) Using 2 workers of 10 for full compaction
[2025-06-28T00:22:39.841+0200][28.637s] GC(545) Phase 1: Mark live objects
[2025-06-28T00:22:39.885+0200][28.681s] GC(545) Phase 1: Mark live objects 43.889ms
[2025-06-28T00:22:39.885+0200][28.681s] GC(545) Phase 2: Prepare compaction
[2025-06-28T00:22:39.886+0200][28.682s] GC(545) Phase 2: Prepare compaction 0.914ms
[2025-06-28T00:22:39.886+0200][28.682s] GC(545) Phase 3: Adjust pointers
[2025-06-28T00:22:39.903+0200][28.699s] GC(545) Phase 3: Adjust pointers 16.705ms
[2025-06-28T00:22:39.903+0200][28.699s] GC(545) Phase 4: Compact heap
[2025-06-28T00:22:39.903+0200][28.700s] GC(545) Phase 4: Compact heap 0.750ms
[2025-06-28T00:22:39.903+0200][28.700s] GC(545) Phase 5: Reset Metadata
[2025-06-28T00:22:39.910+0200][28.706s] GC(545) Phase 5: Reset Metadata 6.073ms
[2025-06-28T00:22:39.914+0200][28.711s] GC(545) Eden regions: 0->0(1)
[2025-06-28T00:22:39.915+0200][28.711s] GC(545) Survivor regions: 0->0(0)
[2025-06-28T00:22:39.915+0200][28.711s] GC(545) Old regions: 22->21
[2025-06-28T00:22:39.915+0200][28.711s] GC(545) Humongous regions: 0->0
[2025-06-28T00:22:39.915+0200][28.711s] GC(545) Metaspace: 64389K(64960K)->64389K(64960K) NonClass: 55823K(56128K)->55823K(56128K) Class: 8566K(8832K)->8566K(8832K)
[2025-06-28T00:22:39.915+0200][28.711s] GC(545) Pause Full (G1 Compaction Pause) 20M->20M(22M) 74.255ms
[2025-06-28T00:22:39.915+0200][28.711s] GC(545) User=0.11s Sys=0.00s Real=0.07s
[2025-06-28T00:22:39.924+0200][28.720s] GC(546) Pause Young (Concurrent Start) (G1 Evacuation Pause)
[2025-06-28T00:22:39.924+0200][28.720s] GC(546) Using 8 workers of 10 for evacuation
[2025-06-28T00:22:39.926+0200][28.722s] GC(546)   Pre Evacuate Collection Set: 0.4ms
[2025-06-28T00:22:39.926+0200][28.722s] GC(546)   Merge Heap Roots: 0.2ms
[2025-06-28T00:22:39.926+0200][28.722s] GC(546)   Evacuate Collection Set: 1.0ms
[2025-06-28T00:22:39.926+0200][28.722s] GC(546)   Post Evacuate Collection Set: 0.6ms
[2025-06-28T00:22:39.926+0200][28.722s] GC(546)   Other: 0.2ms
[2025-06-28T00:22:39.926+0200][28.722s] GC(546) Eden regions: 1->0(0)
[2025-06-28T00:22:39.927+0200][28.722s] GC(546) Survivor regions: 0->0(0)
[2025-06-28T00:22:39.927+0200][28.722s] GC(546) Old regions: 21->22
[2025-06-28T00:22:39.927+0200][28.723s] GC(546) Humongous regions: 0->0
[2025-06-28T00:22:39.927+0200][28.723s] GC(546) Metaspace: 64391K(64960K)->64391K(64960K) NonClass: 55824K(56128K)->55824K(56128K) Class: 8566K(8832K)->8566K(8832K)
[2025-06-28T00:22:39.927+0200][28.723s] GC(546) Pause Young (Concurrent Start) (G1 Evacuation Pause) (Evacuation Failure) 21M->21M(22M) 2.995ms
[2025-06-28T00:22:39.927+0200][28.723s] GC(547) Concurrent Mark Cycle
[2025-06-28T00:22:39.927+0200][28.723s] GC(546) User=0.00s Sys=0.00s Real=0.00s
[2025-06-28T00:22:39.927+0200][28.723s] GC(547) Concurrent Scan Root Regions
[2025-06-28T00:22:39.927+0200][28.723s] Attempting full compaction
[2025-06-28T00:22:39.927+0200][28.723s] GC(547) Concurrent Scan Root Regions 0.118ms
[2025-06-28T00:22:39.927+0200][28.723s] GC(548) Pause Full (G1 Compaction Pause)
[2025-06-28T00:22:39.927+0200][28.723s] GC(547) Concurrent Mark
[2025-06-28T00:22:39.927+0200][28.723s] GC(548) Using 2 workers of 10 for full compaction
[2025-06-28T00:22:39.927+0200][28.723s] GC(547) Concurrent Mark From Roots
[2025-06-28T00:22:39.927+0200][28.723s] GC(547) Using 3 workers of 3 for marking
[2025-06-28T00:22:39.928+0200][28.724s] GC(548) Phase 1: Mark live objects
[2025-06-28T00:22:39.969+0200][28.765s] GC(548) Phase 1: Mark live objects 41.538ms
[2025-06-28T00:22:39.969+0200][28.765s] GC(548) Phase 2: Prepare compaction
[2025-06-28T00:22:39.969+0200][28.765s] GC(548) Phase 2: Prepare compaction 0.241ms
[2025-06-28T00:22:39.970+0200][28.765s] GC(548) Phase 3: Adjust pointers
[2025-06-28T00:22:39.985+0200][28.781s] GC(548) Phase 3: Adjust pointers 15.650ms
[2025-06-28T00:22:39.985+0200][28.781s] GC(548) Phase 4: Compact heap
[2025-06-28T00:22:39.986+0200][28.781s] GC(548) Phase 4: Compact heap 0.233ms
[2025-06-28T00:22:39.986+0200][28.782s] GC(548) Phase 5: Reset Metadata
[2025-06-28T00:22:39.992+0200][28.788s] GC(548) Phase 5: Reset Metadata 6.118ms
[2025-06-28T00:22:39.996+0200][28.792s] GC(548) Eden regions: 0->0(1)
[2025-06-28T00:22:39.996+0200][28.792s] GC(548) Survivor regions: 0->0(0)
[2025-06-28T00:22:39.996+0200][28.793s] GC(548) Old regions: 22->21
[2025-06-28T00:22:39.996+0200][28.793s] GC(548) Humongous regions: 0->0
[2025-06-28T00:22:39.997+0200][28.793s] GC(548) Metaspace: 64391K(64960K)->64391K(64960K) NonClass: 55824K(56128K)->55824K(56128K) Class: 8566K(8832K)->8566K(8832K)
[2025-06-28T00:22:39.997+0200][28.793s] GC(548) Pause Full (G1 Compaction Pause) 21M->20M(22M) 69.553ms
[2025-06-28T00:22:39.997+0200][28.793s] GC(548) User=0.12s Sys=0.02s Real=0.07s
[2025-06-28T00:22:39.997+0200][28.793s] GC(547) Concurrent Mark From Roots 69.823ms
[2025-06-28T00:22:39.997+0200][28.793s] GC(547) Concurrent Mark Abort
[2025-06-28T00:22:39.997+0200][28.793s] GC(547) Concurrent Mark Cycle 70.349ms
[2025-06-28T00:22:40.008+0200][28.804s] GC(549) Pause Young (Normal) (G1 Evacuation Pause)
[2025-06-28T00:22:40.008+0200][28.805s] GC(549) Using 8 workers of 10 for evacuation
[2025-06-28T00:22:40.010+0200][28.807s] GC(549)   Pre Evacuate Collection Set: 0.5ms
[2025-06-28T00:22:40.010+0200][28.807s] GC(549)   Merge Heap Roots: 0.2ms
[2025-06-28T00:22:40.010+0200][28.807s] GC(549)   Evacuate Collection Set: 0.7ms
[2025-06-28T00:22:40.010+0200][28.807s] GC(549)   Post Evacuate Collection Set: 0.8ms
[2025-06-28T00:22:40.011+0200][28.807s] GC(549)   Other: 0.2ms
[2025-06-28T00:22:40.011+0200][28.807s] GC(549) Eden regions: 1->0(0)
[2025-06-28T00:22:40.011+0200][28.807s] GC(549) Survivor regions: 0->0(0)
[2025-06-28T00:22:40.011+0200][28.807s] GC(549) Old regions: 21->22
[2025-06-28T00:22:40.011+0200][28.807s] GC(549) Humongous regions: 0->0
[2025-06-28T00:22:40.011+0200][28.807s] GC(549) Metaspace: 64391K(64960K)->64391K(64960K) NonClass: 55824K(56128K)->55824K(56128K) Class: 8566K(8832K)->8566K(8832K)
[2025-06-28T00:22:40.011+0200][28.807s] GC(549) Pause Young (Normal) (G1 Evacuation Pause) (Evacuation Failure) 21M->21M(22M) 2.803ms
[2025-06-28T00:22:40.011+0200][28.807s] GC(549) User=0.00s Sys=0.00s Real=0.00s
[2025-06-28T00:22:40.011+0200][28.807s] Attempting full compaction
[2025-06-28T00:22:40.011+0200][28.808s] GC(550) Pause Full (G1 Compaction Pause)
[2025-06-28T00:22:40.011+0200][28.808s] GC(550) Using 2 workers of 10 for full compaction
[2025-06-28T00:22:40.011+0200][28.808s] GC(550) Phase 1: Mark live objects
[2025-06-28T00:22:40.054+0200][28.850s] GC(550) Phase 1: Mark live objects 42.231ms
[2025-06-28T00:22:40.054+0200][28.850s] GC(550) Phase 2: Prepare compaction
[2025-06-28T00:22:40.055+0200][28.851s] GC(550) Phase 2: Prepare compaction 0.739ms
[2025-06-28T00:22:40.055+0200][28.851s] GC(550) Phase 3: Adjust pointers
[2025-06-28T00:22:40.071+0200][28.867s] GC(550) Phase 3: Adjust pointers 16.297ms
[2025-06-28T00:22:40.071+0200][28.867s] GC(550) Phase 4: Compact heap
[2025-06-28T00:22:40.072+0200][28.868s] GC(550) Phase 4: Compact heap 0.720ms
[2025-06-28T00:22:40.072+0200][28.868s] GC(550) Phase 5: Reset Metadata
[2025-06-28T00:22:40.077+0200][28.874s] GC(550) Phase 5: Reset Metadata 5.910ms
[2025-06-28T00:22:40.083+0200][28.879s] GC(550) Eden regions: 0->0(1)
[2025-06-28T00:22:40.083+0200][28.879s] GC(550) Survivor regions: 0->0(0)
[2025-06-28T00:22:40.084+0200][28.879s] GC(550) Old regions: 22->21
[2025-06-28T00:22:40.084+0200][28.879s] GC(550) Humongous regions: 0->0
[2025-06-28T00:22:40.084+0200][28.879s] GC(550) Metaspace: 64391K(64960K)->64391K(64960K) NonClass: 55824K(56128K)->55824K(56128K) Class: 8566K(8832K)->8566K(8832K)
[2025-06-28T00:22:40.084+0200][28.880s] GC(550) Pause Full (G1 Compaction Pause) 21M->19M(22M) 71.965ms
[2025-06-28T00:22:40.084+0200][28.880s] GC(550) User=0.11s Sys=0.02s Real=0.07s
[2025-06-28T00:22:40.128+0200][28.925s] GC(551) Pause Young (Concurrent Start) (G1 Evacuation Pause)
[2025-06-28T00:22:40.129+0200][28.925s] GC(551) Using 8 workers of 10 for evacuation
[2025-06-28T00:22:40.131+0200][28.928s] GC(551)   Pre Evacuate Collection Set: 0.3ms
[2025-06-28T00:22:40.131+0200][28.928s] GC(551)   Merge Heap Roots: 0.2ms
[2025-06-28T00:22:40.131+0200][28.928s] GC(551)   Evacuate Collection Set: 1.2ms
[2025-06-28T00:22:40.131+0200][28.928s] GC(551)   Post Evacuate Collection Set: 0.8ms
[2025-06-28T00:22:40.131+0200][28.928s] GC(551)   Other: 0.2ms
[2025-06-28T00:22:40.132+0200][28.928s] GC(551) Eden regions: 1->0(0)
[2025-06-28T00:22:40.132+0200][28.928s] GC(551) Survivor regions: 0->0(0)
[2025-06-28T00:22:40.132+0200][28.928s] GC(551) Old regions: 21->22
[2025-06-28T00:22:40.132+0200][28.928s] GC(551) Humongous regions: 0->0
[2025-06-28T00:22:40.132+0200][28.928s] GC(551) Metaspace: 64392K(64960K)->64392K(64960K) NonClass: 55825K(56128K)->55825K(56128K) Class: 8566K(8832K)->8566K(8832K)
[2025-06-28T00:22:40.132+0200][28.928s] GC(551) Pause Young (Concurrent Start) (G1 Evacuation Pause) (Evacuation Failure) 20M->20M(22M) 3.256ms
[2025-06-28T00:22:40.132+0200][28.928s] GC(551) User=0.00s Sys=0.00s Real=0.00s
[2025-06-28T00:22:40.132+0200][28.928s] GC(552) Concurrent Mark Cycle
[2025-06-28T00:22:40.132+0200][28.928s] Attempting full compaction
[2025-06-28T00:22:40.132+0200][28.929s] GC(552) Concurrent Scan Root Regions
[2025-06-28T00:22:40.132+0200][28.929s] GC(553) Pause Full (G1 Compaction Pause)
[2025-06-28T00:22:40.132+0200][28.929s] GC(552) Concurrent Scan Root Regions 0.139ms
[2025-06-28T00:22:40.132+0200][28.929s] GC(553) Using 2 workers of 10 for full compaction
[2025-06-28T00:22:40.132+0200][28.929s] GC(552) Concurrent Mark
[2025-06-28T00:22:40.132+0200][28.929s] GC(552) Concurrent Mark From Roots
[2025-06-28T00:22:40.132+0200][28.929s] GC(552) Using 3 workers of 3 for marking
[2025-06-28T00:22:40.133+0200][28.929s] GC(553) Phase 1: Mark live objects
[2025-06-28T00:22:40.175+0200][28.971s] GC(553) Phase 1: Mark live objects 42.017ms
[2025-06-28T00:22:40.175+0200][28.971s] GC(553) Phase 2: Prepare compaction
[2025-06-28T00:22:40.176+0200][28.972s] GC(553) Phase 2: Prepare compaction 1.274ms
[2025-06-28T00:22:40.176+0200][28.973s] GC(553) Phase 3: Adjust pointers
[2025-06-28T00:22:40.193+0200][28.989s] GC(553) Phase 3: Adjust pointers 16.699ms
[2025-06-28T00:22:40.193+0200][28.989s] GC(553) Phase 4: Compact heap
[2025-06-28T00:22:40.195+0200][28.991s] GC(553) Phase 4: Compact heap 2.042ms
[2025-06-28T00:22:40.195+0200][28.992s] GC(553) Phase 5: Reset Metadata
[2025-06-28T00:22:40.201+0200][28.997s] GC(553) Phase 5: Reset Metadata 5.940ms
[2025-06-28T00:22:40.205+0200][29.002s] GC(553) Eden regions: 0->0(1)
[2025-06-28T00:22:40.205+0200][29.003s] GC(553) Survivor regions: 0->0(0)
[2025-06-28T00:22:40.205+0200][29.003s] GC(553) Old regions: 22->21
[2025-06-28T00:22:40.205+0200][29.003s] GC(553) Humongous regions: 0->0
[2025-06-28T00:22:40.205+0200][29.003s] GC(553) Metaspace: 64392K(64960K)->64392K(64960K) NonClass: 55825K(56128K)->55825K(56128K) Class: 8566K(8832K)->8566K(8832K)
[2025-06-28T00:22:40.205+0200][29.003s] GC(553) Pause Full (G1 Compaction Pause) 20M->20M(22M) 74.052ms
[2025-06-28T00:22:40.205+0200][29.003s] GC(553) User=0.14s Sys=0.00s Real=0.07s
[2025-06-28T00:22:40.207+0200][29.003s] GC(552) Concurrent Mark From Roots 74.303ms
[2025-06-28T00:22:40.207+0200][29.003s] GC(552) Concurrent Mark Abort
[2025-06-28T00:22:40.207+0200][29.003s] GC(552) Concurrent Mark Cycle 74.921ms
[2025-06-28T00:22:40.235+0200][29.031s] GC(554) Pause Young (Normal) (G1 Evacuation Pause)
[2025-06-28T00:22:40.235+0200][29.032s] GC(554) Using 8 workers of 10 for evacuation
[2025-06-28T00:22:40.237+0200][29.034s] GC(554)   Pre Evacuate Collection Set: 0.4ms
[2025-06-28T00:22:40.238+0200][29.034s] GC(554)   Merge Heap Roots: 0.2ms
[2025-06-28T00:22:40.238+0200][29.034s] GC(554)   Evacuate Collection Set: 0.7ms
[2025-06-28T00:22:40.238+0200][29.034s] GC(554)   Post Evacuate Collection Set: 0.8ms
[2025-06-28T00:22:40.238+0200][29.034s] GC(554)   Other: 0.1ms
[2025-06-28T00:22:40.238+0200][29.034s] GC(554) Eden regions: 1->0(0)
[2025-06-28T00:22:40.238+0200][29.034s] GC(554) Survivor regions: 0->0(0)
[2025-06-28T00:22:40.238+0200][29.034s] GC(554) Old regions: 21->22
[2025-06-28T00:22:40.238+0200][29.034s] GC(554) Humongous regions: 0->0
[2025-06-28T00:22:40.238+0200][29.034s] GC(554) Metaspace: 64427K(64960K)->64427K(64960K) NonClass: 55859K(56128K)->55859K(56128K) Class: 8568K(8832K)->8568K(8832K)
[2025-06-28T00:22:40.238+0200][29.034s] GC(554) Pause Young (Normal) (G1 Evacuation Pause) (Evacuation Failure) 21M->21M(22M) 2.753ms
[2025-06-28T00:22:40.238+0200][29.034s] GC(554) User=0.00s Sys=0.00s Real=0.00s
[2025-06-28T00:22:40.238+0200][29.034s] Attempting full compaction
[2025-06-28T00:22:40.238+0200][29.034s] GC(555) Pause Full (G1 Compaction Pause)
[2025-06-28T00:22:40.238+0200][29.034s] GC(555) Using 2 workers of 10 for full compaction
[2025-06-28T00:22:40.238+0200][29.034s] GC(555) Phase 1: Mark live objects
[2025-06-28T00:22:40.280+0200][29.077s] GC(555) Phase 1: Mark live objects 42.128ms
[2025-06-28T00:22:40.280+0200][29.077s] GC(555) Phase 2: Prepare compaction
[2025-06-28T00:22:40.281+0200][29.077s] GC(555) Phase 2: Prepare compaction 0.273ms
[2025-06-28T00:22:40.281+0200][29.077s] GC(555) Phase 3: Adjust pointers
[2025-06-28T00:22:40.296+0200][29.093s] GC(555) Phase 3: Adjust pointers 15.497ms
[2025-06-28T00:22:40.296+0200][29.093s] GC(555) Phase 4: Compact heap
[2025-06-28T00:22:40.296+0200][29.093s] GC(555) Phase 4: Compact heap 0.355ms
[2025-06-28T00:22:40.296+0200][29.093s] GC(555) Phase 5: Reset Metadata
[2025-06-28T00:22:40.303+0200][29.099s] GC(555) Phase 5: Reset Metadata 6.120ms
[2025-06-28T00:22:40.307+0200][29.104s] GC(555) Eden regions: 0->0(1)
[2025-06-28T00:22:40.307+0200][29.104s] GC(555) Survivor regions: 0->0(0)
[2025-06-28T00:22:40.307+0200][29.104s] GC(555) Old regions: 22->21
[2025-06-28T00:22:40.307+0200][29.104s] GC(555) Humongous regions: 0->0
[2025-06-28T00:22:40.307+0200][29.104s] GC(555) Metaspace: 64427K(64960K)->64427K(64960K) NonClass: 55859K(56128K)->55859K(56128K) Class: 8568K(8832K)->8568K(8832K)
[2025-06-28T00:22:40.308+0200][29.104s] GC(555) Pause Full (G1 Compaction Pause) 21M->20M(22M) 69.939ms
[2025-06-28T00:22:40.308+0200][29.104s] GC(555) User=0.16s Sys=0.00s Real=0.07s
[2025-06-28T00:22:40.365+0200][29.162s] GC(556) Pause Young (Concurrent Start) (G1 Evacuation Pause)
[2025-06-28T00:22:40.366+0200][29.162s] GC(556) Using 8 workers of 10 for evacuation
[2025-06-28T00:22:40.368+0200][29.165s] GC(556)   Pre Evacuate Collection Set: 0.4ms
[2025-06-28T00:22:40.369+0200][29.165s] GC(556)   Merge Heap Roots: 0.2ms
[2025-06-28T00:22:40.369+0200][29.165s] GC(556)   Evacuate Collection Set: 1.1ms
[2025-06-28T00:22:40.369+0200][29.165s] GC(556)   Post Evacuate Collection Set: 0.8ms
[2025-06-28T00:22:40.369+0200][29.165s] GC(556)   Other: 0.3ms
[2025-06-28T00:22:40.369+0200][29.165s] GC(556) Eden regions: 1->0(0)
[2025-06-28T00:22:40.369+0200][29.165s] GC(556) Survivor regions: 0->0(0)
[2025-06-28T00:22:40.369+0200][29.165s] GC(556) Old regions: 21->22
[2025-06-28T00:22:40.369+0200][29.165s] GC(556) Humongous regions: 0->0
[2025-06-28T00:22:40.369+0200][29.165s] GC(556) Metaspace: 64487K(65024K)->64487K(65024K) NonClass: 55907K(56192K)->55907K(56192K) Class: 8579K(8832K)->8579K(8832K)
[2025-06-28T00:22:40.369+0200][29.165s] GC(556) Pause Young (Concurrent Start) (G1 Evacuation Pause) (Evacuation Failure) 21M->21M(22M) 3.460ms
[2025-06-28T00:22:40.369+0200][29.165s] GC(556) User=0.00s Sys=0.00s Real=0.00s
[2025-06-28T00:22:40.369+0200][29.165s] Attempting full compaction
[2025-06-28T00:22:40.369+0200][29.165s] GC(557) Concurrent Mark Cycle
[2025-06-28T00:22:40.369+0200][29.165s] GC(558) Pause Full (G1 Compaction Pause)
[2025-06-28T00:22:40.369+0200][29.166s] GC(557) Concurrent Scan Root Regions
[2025-06-28T00:22:40.369+0200][29.166s] GC(558) Using 2 workers of 10 for full compaction
[2025-06-28T00:22:40.369+0200][29.166s] GC(557) Concurrent Scan Root Regions 0.171ms
[2025-06-28T00:22:40.369+0200][29.166s] GC(557) Concurrent Mark
[2025-06-28T00:22:40.370+0200][29.166s] GC(557) Concurrent Mark From Roots
[2025-06-28T00:22:40.370+0200][29.166s] GC(557) Using 3 workers of 3 for marking
[2025-06-28T00:22:40.370+0200][29.166s] GC(558) Phase 1: Mark live objects
[2025-06-28T00:22:40.417+0200][29.215s] GC(558) Phase 1: Mark live objects 48.742ms
[2025-06-28T00:22:40.417+0200][29.215s] GC(558) Phase 2: Prepare compaction
[2025-06-28T00:22:40.419+0200][29.215s] GC(558) Phase 2: Prepare compaction 0.291ms
[2025-06-28T00:22:40.419+0200][29.215s] GC(558) Phase 3: Adjust pointers
[2025-06-28T00:22:40.435+0200][29.231s] GC(558) Phase 3: Adjust pointers 15.797ms
[2025-06-28T00:22:40.435+0200][29.231s] GC(558) Phase 4: Compact heap
[2025-06-28T00:22:40.435+0200][29.232s] GC(558) Phase 4: Compact heap 0.396ms
[2025-06-28T00:22:40.435+0200][29.232s] GC(558) Phase 5: Reset Metadata
[2025-06-28T00:22:40.442+0200][29.239s] GC(558) Phase 5: Reset Metadata 7.078ms
[2025-06-28T00:22:40.447+0200][29.243s] GC(558) Eden regions: 0->0(1)
[2025-06-28T00:22:40.447+0200][29.243s] GC(558) Survivor regions: 0->0(0)
[2025-06-28T00:22:40.447+0200][29.243s] GC(558) Old regions: 22->21
[2025-06-28T00:22:40.447+0200][29.243s] GC(558) Humongous regions: 0->0
[2025-06-28T00:22:40.447+0200][29.243s] GC(558) Metaspace: 64487K(65024K)->64465K(65024K) NonClass: 55907K(56192K)->55892K(56192K) Class: 8579K(8832K)->8573K(8832K)
[2025-06-28T00:22:40.447+0200][29.244s] GC(558) Pause Full (G1 Compaction Pause) 21M->20M(22M) 78.113ms
[2025-06-28T00:22:40.447+0200][29.244s] GC(558) User=0.14s Sys=0.00s Real=0.08s
[2025-06-28T00:22:40.448+0200][29.244s] GC(557) Concurrent Mark From Roots 78.414ms
[2025-06-28T00:22:40.448+0200][29.244s] GC(557) Concurrent Mark Abort
[2025-06-28T00:22:40.448+0200][29.244s] GC(557) Concurrent Mark Cycle 79.037ms
[2025-06-28T00:22:40.476+0200][29.272s] GC(559) Pause Young (Normal) (G1 Evacuation Pause)
[2025-06-28T00:22:40.476+0200][29.273s] GC(559) Using 8 workers of 10 for evacuation
[2025-06-28T00:22:40.479+0200][29.275s] GC(559)   Pre Evacuate Collection Set: 0.4ms
[2025-06-28T00:22:40.479+0200][29.275s] GC(559)   Merge Heap Roots: 0.2ms
[2025-06-28T00:22:40.479+0200][29.275s] GC(559)   Evacuate Collection Set: 0.7ms
[2025-06-28T00:22:40.479+0200][29.275s] GC(559)   Post Evacuate Collection Set: 0.8ms
[2025-06-28T00:22:40.479+0200][29.275s] GC(559)   Other: 0.1ms
[2025-06-28T00:22:40.479+0200][29.275s] GC(559) Eden regions: 1->0(0)
[2025-06-28T00:22:40.479+0200][29.275s] GC(559) Survivor regions: 0->0(0)
[2025-06-28T00:22:40.479+0200][29.275s] GC(559) Old regions: 21->22
[2025-06-28T00:22:40.479+0200][29.275s] GC(559) Humongous regions: 0->0
[2025-06-28T00:22:40.479+0200][29.275s] GC(559) Metaspace: 64514K(65088K)->64514K(65088K) NonClass: 55934K(56256K)->55934K(56256K) Class: 8580K(8832K)->8580K(8832K)
[2025-06-28T00:22:40.479+0200][29.275s] GC(559) Pause Young (Normal) (G1 Evacuation Pause) (Evacuation Failure) 21M->21M(22M) 2.949ms
[2025-06-28T00:22:40.479+0200][29.275s] GC(559) User=0.00s Sys=0.00s Real=0.00s
[2025-06-28T00:22:40.479+0200][29.275s] Attempting full compaction
[2025-06-28T00:22:40.479+0200][29.275s] GC(560) Pause Full (G1 Compaction Pause)
[2025-06-28T00:22:40.479+0200][29.276s] GC(560) Using 2 workers of 10 for full compaction
[2025-06-28T00:22:40.479+0200][29.276s] GC(560) Phase 1: Mark live objects
[2025-06-28T00:22:40.527+0200][29.323s] GC(560) Phase 1: Mark live objects 47.224ms
[2025-06-28T00:22:40.527+0200][29.323s] GC(560) Phase 2: Prepare compaction
[2025-06-28T00:22:40.527+0200][29.323s] GC(560) Phase 2: Prepare compaction 0.345ms
[2025-06-28T00:22:40.527+0200][29.323s] GC(560) Phase 3: Adjust pointers
[2025-06-28T00:22:40.543+0200][29.339s] GC(560) Phase 3: Adjust pointers 15.248ms
[2025-06-28T00:22:40.543+0200][29.339s] GC(560) Phase 4: Compact heap
[2025-06-28T00:22:40.543+0200][29.339s] GC(560) Phase 4: Compact heap 0.381ms
[2025-06-28T00:22:40.543+0200][29.339s] GC(560) Phase 5: Reset Metadata
[2025-06-28T00:22:40.550+0200][29.346s] GC(560) Phase 5: Reset Metadata 6.865ms
[2025-06-28T00:22:40.555+0200][29.351s] GC(560) Eden regions: 0->0(1)
[2025-06-28T00:22:40.555+0200][29.351s] GC(560) Survivor regions: 0->0(0)
[2025-06-28T00:22:40.555+0200][29.351s] GC(560) Old regions: 22->21
[2025-06-28T00:22:40.555+0200][29.351s] GC(560) Humongous regions: 0->0
[2025-06-28T00:22:40.555+0200][29.351s] GC(560) Metaspace: 64514K(65088K)->64514K(65088K) NonClass: 55934K(56256K)->55934K(56256K) Class: 8580K(8832K)->8580K(8832K)
[2025-06-28T00:22:40.555+0200][29.351s] GC(560) Pause Full (G1 Compaction Pause) 21M->20M(22M) 75.813ms
[2025-06-28T00:22:40.555+0200][29.351s] GC(560) User=0.12s Sys=0.00s Real=0.08s
[2025-06-28T00:22:40.591+0200][29.387s] GC(561) Pause Young (Concurrent Start) (G1 Evacuation Pause)
[2025-06-28T00:22:40.591+0200][29.387s] GC(561) Using 8 workers of 10 for evacuation
[2025-06-28T00:22:40.594+0200][29.390s] GC(561)   Pre Evacuate Collection Set: 0.3ms
[2025-06-28T00:22:40.594+0200][29.390s] GC(561)   Merge Heap Roots: 0.2ms
[2025-06-28T00:22:40.594+0200][29.390s] GC(561)   Evacuate Collection Set: 1.2ms
[2025-06-28T00:22:40.594+0200][29.390s] GC(561)   Post Evacuate Collection Set: 0.8ms
[2025-06-28T00:22:40.594+0200][29.390s] GC(561)   Other: 0.2ms
[2025-06-28T00:22:40.594+0200][29.390s] GC(561) Eden regions: 1->0(0)
[2025-06-28T00:22:40.594+0200][29.390s] GC(561) Survivor regions: 0->0(0)
[2025-06-28T00:22:40.594+0200][29.390s] GC(561) Old regions: 21->22
[2025-06-28T00:22:40.594+0200][29.390s] GC(561) Humongous regions: 0->0
[2025-06-28T00:22:40.594+0200][29.390s] GC(561) Metaspace: 64550K(65088K)->64550K(65088K) NonClass: 55960K(56256K)->55960K(56256K) Class: 8589K(8832K)->8589K(8832K)
[2025-06-28T00:22:40.594+0200][29.390s] GC(561) Pause Young (Concurrent Start) (G1 Evacuation Pause) (Evacuation Failure) 21M->21M(22M) 3.472ms
[2025-06-28T00:22:40.594+0200][29.390s] GC(561) User=0.00s Sys=0.00s Real=0.00s
[2025-06-28T00:22:40.594+0200][29.390s] Attempting full compaction
[2025-06-28T00:22:40.594+0200][29.390s] GC(562) Concurrent Mark Cycle
[2025-06-28T00:22:40.594+0200][29.390s] GC(563) Pause Full (G1 Compaction Pause)
[2025-06-28T00:22:40.594+0200][29.390s] GC(562) Concurrent Scan Root Regions
[2025-06-28T00:22:40.594+0200][29.391s] GC(563) Using 2 workers of 10 for full compaction
[2025-06-28T00:22:40.594+0200][29.391s] GC(562) Concurrent Scan Root Regions 0.192ms
[2025-06-28T00:22:40.595+0200][29.391s] GC(563) Phase 1: Mark live objects
[2025-06-28T00:22:40.595+0200][29.391s] GC(562) Concurrent Mark
[2025-06-28T00:22:40.595+0200][29.391s] GC(562) Concurrent Mark From Roots
[2025-06-28T00:22:40.595+0200][29.391s] GC(562) Using 3 workers of 3 for marking
[2025-06-28T00:22:40.652+0200][29.448s] GC(563) Phase 1: Mark live objects 56.696ms
[2025-06-28T00:22:40.652+0200][29.448s] GC(563) Phase 2: Prepare compaction
[2025-06-28T00:22:40.652+0200][29.448s] GC(563) Phase 2: Prepare compaction 0.360ms
[2025-06-28T00:22:40.652+0200][29.448s] GC(563) Phase 3: Adjust pointers
[2025-06-28T00:22:40.668+0200][29.465s] GC(563) Phase 3: Adjust pointers 16.716ms
[2025-06-28T00:22:40.669+0200][29.465s] GC(563) Phase 4: Compact heap
[2025-06-28T00:22:40.669+0200][29.465s] GC(563) Phase 4: Compact heap 0.414ms
[2025-06-28T00:22:40.669+0200][29.466s] GC(563) Phase 5: Reset Metadata
[2025-06-28T00:22:40.676+0200][29.472s] GC(563) Phase 5: Reset Metadata 6.511ms
[2025-06-28T00:22:40.681+0200][29.478s] GC(563) Eden regions: 0->0(1)
[2025-06-28T00:22:40.681+0200][29.478s] GC(563) Survivor regions: 0->0(0)
[2025-06-28T00:22:40.681+0200][29.478s] GC(563) Old regions: 22->21
[2025-06-28T00:22:40.681+0200][29.478s] GC(563) Humongous regions: 0->0
[2025-06-28T00:22:40.681+0200][29.478s] GC(563) Metaspace: 64550K(65088K)->64541K(65088K) NonClass: 55960K(56256K)->55954K(56256K) Class: 8589K(8832K)->8587K(8832K)
[2025-06-28T00:22:40.681+0200][29.478s] GC(563) Pause Full (G1 Compaction Pause) 21M->20M(22M) 87.419ms
[2025-06-28T00:22:40.681+0200][29.478s] GC(563) User=0.20s Sys=0.00s Real=0.09s
[2025-06-28T00:22:40.683+0200][29.479s] GC(562) Concurrent Mark From Roots 87.966ms
[2025-06-28T00:22:40.683+0200][29.479s] GC(562) Concurrent Mark Abort
[2025-06-28T00:22:40.683+0200][29.479s] GC(562) Concurrent Mark Cycle 88.991ms
[2025-06-28T00:22:40.746+0200][29.542s] GC(564) Pause Young (Normal) (G1 Evacuation Pause)
[2025-06-28T00:22:40.746+0200][29.542s] GC(564) Using 8 workers of 10 for evacuation
[2025-06-28T00:22:40.749+0200][29.545s] GC(564)   Pre Evacuate Collection Set: 0.4ms
[2025-06-28T00:22:40.749+0200][29.545s] GC(564)   Merge Heap Roots: 0.2ms
[2025-06-28T00:22:40.749+0200][29.545s] GC(564)   Evacuate Collection Set: 1.0ms
[2025-06-28T00:22:40.749+0200][29.545s] GC(564)   Post Evacuate Collection Set: 0.9ms
[2025-06-28T00:22:40.749+0200][29.545s] GC(564)   Other: 0.1ms
[2025-06-28T00:22:40.749+0200][29.545s] GC(564) Eden regions: 1->0(0)
[2025-06-28T00:22:40.749+0200][29.545s] GC(564) Survivor regions: 0->0(0)
[2025-06-28T00:22:40.749+0200][29.545s] GC(564) Old regions: 21->22
[2025-06-28T00:22:40.749+0200][29.545s] GC(564) Humongous regions: 0->0
[2025-06-28T00:22:40.749+0200][29.545s] GC(564) Metaspace: 64620K(65152K)->64620K(65152K) NonClass: 56020K(56320K)->56020K(56320K) Class: 8600K(8832K)->8600K(8832K)
[2025-06-28T00:22:40.749+0200][29.545s] GC(564) Pause Young (Normal) (G1 Evacuation Pause) (Evacuation Failure) 21M->21M(22M) 3.000ms
[2025-06-28T00:22:40.749+0200][29.545s] GC(564) User=0.00s Sys=0.00s Real=0.00s
[2025-06-28T00:22:40.749+0200][29.545s] Attempting full compaction
[2025-06-28T00:22:40.749+0200][29.545s] GC(565) Pause Full (G1 Compaction Pause)
[2025-06-28T00:22:40.749+0200][29.545s] GC(565) Using 2 workers of 10 for full compaction
[2025-06-28T00:22:40.749+0200][29.545s] GC(565) Phase 1: Mark live objects
[2025-06-28T00:22:40.802+0200][29.599s] GC(565) Phase 1: Mark live objects 53.168ms
[2025-06-28T00:22:40.803+0200][29.599s] GC(565) Phase 2: Prepare compaction
[2025-06-28T00:22:40.803+0200][29.599s] GC(565) Phase 2: Prepare compaction 0.251ms
[2025-06-28T00:22:40.803+0200][29.599s] GC(565) Phase 3: Adjust pointers
[2025-06-28T00:22:40.820+0200][29.615s] GC(565) Phase 3: Adjust pointers 16.356ms
[2025-06-28T00:22:40.820+0200][29.616s] GC(565) Phase 4: Compact heap
[2025-06-28T00:22:40.820+0200][29.616s] GC(565) Phase 4: Compact heap 0.321ms
[2025-06-28T00:22:40.820+0200][29.616s] GC(565) Phase 5: Reset Metadata
[2025-06-28T00:22:40.826+0200][29.622s] GC(565) Phase 5: Reset Metadata 6.384ms
[2025-06-28T00:22:40.832+0200][29.628s] GC(565) Eden regions: 0->0(1)
[2025-06-28T00:22:40.832+0200][29.628s] GC(565) Survivor regions: 0->0(0)
[2025-06-28T00:22:40.832+0200][29.628s] GC(565) Old regions: 22->21
[2025-06-28T00:22:40.832+0200][29.628s] GC(565) Humongous regions: 0->0
[2025-06-28T00:22:40.832+0200][29.628s] GC(565) Metaspace: 64620K(65152K)->64615K(65152K) NonClass: 56020K(56320K)->56016K(56320K) Class: 8600K(8832K)->8598K(8832K)
[2025-06-28T00:22:40.832+0200][29.628s] GC(565) Pause Full (G1 Compaction Pause) 21M->20M(22M) 82.834ms
[2025-06-28T00:22:40.832+0200][29.628s] GC(565) User=0.19s Sys=0.00s Real=0.08s
[2025-06-28T00:22:40.976+0200][29.773s] GC(566) Pause Young (Concurrent Start) (G1 Evacuation Pause)
[2025-06-28T00:22:40.976+0200][29.773s] GC(566) Using 8 workers of 10 for evacuation
[2025-06-28T00:22:40.981+0200][29.777s] GC(566)   Pre Evacuate Collection Set: 0.6ms
[2025-06-28T00:22:40.981+0200][29.777s] GC(566)   Merge Heap Roots: 0.4ms
[2025-06-28T00:22:40.981+0200][29.777s] GC(566)   Evacuate Collection Set: 1.7ms
[2025-06-28T00:22:40.981+0200][29.777s] GC(566)   Post Evacuate Collection Set: 1.3ms
[2025-06-28T00:22:40.981+0200][29.777s] GC(566)   Other: 0.4ms
[2025-06-28T00:22:40.981+0200][29.778s] GC(566) Eden regions: 1->0(0)
[2025-06-28T00:22:40.981+0200][29.778s] GC(566) Survivor regions: 0->0(0)
[2025-06-28T00:22:40.981+0200][29.778s] GC(566) Old regions: 21->22
[2025-06-28T00:22:40.981+0200][29.778s] GC(566) Humongous regions: 0->0
[2025-06-28T00:22:40.981+0200][29.778s] GC(566) Metaspace: 64663K(65152K)->64663K(65152K) NonClass: 56057K(56320K)->56057K(56320K) Class: 8606K(8832K)->8606K(8832K)
[2025-06-28T00:22:40.981+0200][29.778s] GC(566) Pause Young (Concurrent Start) (G1 Evacuation Pause) (Evacuation Failure) 21M->21M(22M) 5.030ms
[2025-06-28T00:22:40.981+0200][29.778s] GC(566) User=0.06s Sys=0.00s Real=0.00s
[2025-06-28T00:22:40.981+0200][29.778s] Attempting full compaction
[2025-06-28T00:22:40.981+0200][29.778s] GC(567) Pause Full (G1 Compaction Pause)
[2025-06-28T00:22:40.981+0200][29.778s] GC(568) Concurrent Mark Cycle
[2025-06-28T00:22:40.981+0200][29.778s] GC(567) Using 2 workers of 10 for full compaction
[2025-06-28T00:22:40.982+0200][29.778s] GC(568) Concurrent Scan Root Regions
[2025-06-28T00:22:40.982+0200][29.778s] GC(568) Concurrent Scan Root Regions 0.194ms
[2025-06-28T00:22:40.982+0200][29.778s] GC(568) Concurrent Mark
[2025-06-28T00:22:40.982+0200][29.778s] GC(568) Concurrent Mark From Roots
[2025-06-28T00:22:40.982+0200][29.778s] GC(568) Using 3 workers of 3 for marking
[2025-06-28T00:22:40.982+0200][29.778s] GC(567) Phase 1: Mark live objects
[2025-06-28T00:22:41.038+0200][29.834s] GC(567) Phase 1: Mark live objects 55.616ms
[2025-06-28T00:22:41.038+0200][29.834s] GC(567) Phase 2: Prepare compaction
[2025-06-28T00:22:41.038+0200][29.834s] GC(567) Phase 2: Prepare compaction 0.443ms
[2025-06-28T00:22:41.038+0200][29.835s] GC(567) Phase 3: Adjust pointers
[2025-06-28T00:22:41.056+0200][29.853s] GC(567) Phase 3: Adjust pointers 18.471ms
[2025-06-28T00:22:41.057+0200][29.853s] GC(567) Phase 4: Compact heap
[2025-06-28T00:22:41.057+0200][29.854s] GC(567) Phase 4: Compact heap 0.632ms
[2025-06-28T00:22:41.057+0200][29.854s] GC(567) Phase 5: Reset Metadata
[2025-06-28T00:22:41.065+0200][29.861s] GC(567) Phase 5: Reset Metadata 7.353ms
[2025-06-28T00:22:41.071+0200][29.867s] GC(567) Eden regions: 0->0(1)
[2025-06-28T00:22:41.071+0200][29.867s] GC(567) Survivor regions: 0->0(0)
[2025-06-28T00:22:41.071+0200][29.867s] GC(567) Old regions: 22->21
[2025-06-28T00:22:41.071+0200][29.867s] GC(567) Humongous regions: 0->0
[2025-06-28T00:22:41.071+0200][29.867s] GC(567) Metaspace: 64663K(65152K)->64658K(65152K) NonClass: 56057K(56320K)->56053K(56320K) Class: 8606K(8832K)->8605K(8832K)
[2025-06-28T00:22:41.071+0200][29.867s] GC(567) Pause Full (G1 Compaction Pause) 21M->20M(22M) 89.626ms
[2025-06-28T00:22:41.071+0200][29.868s] GC(567) User=0.14s Sys=0.00s Real=0.09s
[2025-06-28T00:22:41.072+0200][29.868s] GC(568) Concurrent Mark From Roots 89.601ms
[2025-06-28T00:22:41.072+0200][29.868s] GC(568) Concurrent Mark Abort
[2025-06-28T00:22:41.072+0200][29.868s] GC(568) Concurrent Mark Cycle 90.248ms
[2025-06-28T00:22:41.107+0200][29.903s] GC(569) Pause Young (Normal) (G1 Evacuation Pause)
[2025-06-28T00:22:41.107+0200][29.903s] GC(569) Using 8 workers of 10 for evacuation
[2025-06-28T00:22:41.110+0200][29.906s] GC(569)   Pre Evacuate Collection Set: 0.4ms
[2025-06-28T00:22:41.110+0200][29.906s] GC(569)   Merge Heap Roots: 0.2ms
[2025-06-28T00:22:41.110+0200][29.906s] GC(569)   Evacuate Collection Set: 1.3ms
[2025-06-28T00:22:41.110+0200][29.906s] GC(569)   Post Evacuate Collection Set: 1.0ms
[2025-06-28T00:22:41.110+0200][29.907s] GC(569)   Other: 0.1ms
[2025-06-28T00:22:41.110+0200][29.907s] GC(569) Eden regions: 1->0(0)
[2025-06-28T00:22:41.110+0200][29.907s] GC(569) Survivor regions: 0->0(0)
[2025-06-28T00:22:41.110+0200][29.907s] GC(569) Old regions: 21->22
[2025-06-28T00:22:41.110+0200][29.907s] GC(569) Humongous regions: 0->0
[2025-06-28T00:22:41.110+0200][29.907s] GC(569) Metaspace: 64658K(65152K)->64658K(65152K) NonClass: 56053K(56320K)->56053K(56320K) Class: 8605K(8832K)->8605K(8832K)
[2025-06-28T00:22:41.110+0200][29.907s] GC(569) Pause Young (Normal) (G1 Evacuation Pause) (Evacuation Failure) 21M->21M(22M) 3.506ms
[2025-06-28T00:22:41.110+0200][29.907s] GC(569) User=0.00s Sys=0.00s Real=0.00s
[2025-06-28T00:22:41.110+0200][29.907s] Attempting full compaction
[2025-06-28T00:22:41.110+0200][29.907s] GC(570) Pause Full (G1 Compaction Pause)
[2025-06-28T00:22:41.111+0200][29.907s] GC(570) Using 2 workers of 10 for full compaction
[2025-06-28T00:22:41.111+0200][29.907s] GC(570) Phase 1: Mark live objects
[2025-06-28T00:22:41.154+0200][29.950s] GC(570) Phase 1: Mark live objects 43.070ms
[2025-06-28T00:22:41.154+0200][29.950s] GC(570) Phase 2: Prepare compaction
[2025-06-28T00:22:41.155+0200][29.951s] GC(570) Phase 2: Prepare compaction 1.008ms
[2025-06-28T00:22:41.155+0200][29.951s] GC(570) Phase 3: Adjust pointers
[2025-06-28T00:22:41.172+0200][29.968s] GC(570) Phase 3: Adjust pointers 16.854ms
[2025-06-28T00:22:41.172+0200][29.968s] GC(570) Phase 4: Compact heap
[2025-06-28T00:22:41.173+0200][29.969s] GC(570) Phase 4: Compact heap 1.005ms
[2025-06-28T00:22:41.173+0200][29.969s] GC(570) Phase 5: Reset Metadata
[2025-06-28T00:22:41.179+0200][29.976s] GC(570) Phase 5: Reset Metadata 6.231ms
[2025-06-28T00:22:41.185+0200][29.981s] GC(570) Eden regions: 0->0(1)
[2025-06-28T00:22:41.185+0200][29.981s] GC(570) Survivor regions: 0->0(0)
[2025-06-28T00:22:41.185+0200][29.981s] GC(570) Old regions: 22->21
[2025-06-28T00:22:41.185+0200][29.981s] GC(570) Humongous regions: 0->0
[2025-06-28T00:22:41.185+0200][29.981s] GC(570) Metaspace: 64658K(65152K)->64658K(65152K) NonClass: 56053K(56320K)->56053K(56320K) Class: 8605K(8832K)->8605K(8832K)
[2025-06-28T00:22:41.185+0200][29.981s] GC(570) Pause Full (G1 Compaction Pause) 21M->20M(22M) 74.206ms
[2025-06-28T00:22:41.185+0200][29.981s] GC(570) User=0.14s Sys=0.00s Real=0.08s
[2025-06-28T00:22:41.224+0200][30.021s] GC(571) Pause Young (Concurrent Start) (G1 Evacuation Pause)
[2025-06-28T00:22:41.224+0200][30.021s] GC(571) Using 8 workers of 10 for evacuation
[2025-06-28T00:22:41.228+0200][30.025s] GC(571)   Pre Evacuate Collection Set: 0.4ms
[2025-06-28T00:22:41.228+0200][30.025s] GC(571)   Merge Heap Roots: 0.2ms
[2025-06-28T00:22:41.228+0200][30.025s] GC(571)   Evacuate Collection Set: 1.7ms
[2025-06-28T00:22:41.228+0200][30.025s] GC(571)   Post Evacuate Collection Set: 0.9ms
[2025-06-28T00:22:41.228+0200][30.025s] GC(571)   Other: 0.2ms
[2025-06-28T00:22:41.228+0200][30.025s] GC(571) Eden regions: 1->0(0)
[2025-06-28T00:22:41.228+0200][30.025s] GC(571) Survivor regions: 0->0(0)
[2025-06-28T00:22:41.228+0200][30.025s] GC(571) Old regions: 21->22
[2025-06-28T00:22:41.228+0200][30.025s] GC(571) Humongous regions: 0->0
[2025-06-28T00:22:41.228+0200][30.025s] GC(571) Metaspace: 64689K(65152K)->64689K(65152K) NonClass: 56077K(56320K)->56077K(56320K) Class: 8612K(8832K)->8612K(8832K)
[2025-06-28T00:22:41.228+0200][30.025s] GC(571) Pause Young (Concurrent Start) (G1 Evacuation Pause) (Evacuation Failure) 21M->21M(22M) 4.051ms
[2025-06-28T00:22:41.228+0200][30.025s] GC(571) User=0.00s Sys=0.00s Real=0.00s
[2025-06-28T00:22:41.228+0200][30.025s] GC(572) Concurrent Mark Cycle
[2025-06-28T00:22:41.228+0200][30.025s] Attempting full compaction
[2025-06-28T00:22:41.228+0200][30.025s] GC(572) Concurrent Scan Root Regions
[2025-06-28T00:22:41.228+0200][30.025s] GC(573) Pause Full (G1 Compaction Pause)
[2025-06-28T00:22:41.229+0200][30.025s] GC(572) Concurrent Scan Root Regions 0.109ms
[2025-06-28T00:22:41.229+0200][30.025s] GC(573) Using 2 workers of 10 for full compaction
[2025-06-28T00:22:41.229+0200][30.025s] GC(572) Concurrent Mark
[2025-06-28T00:22:41.229+0200][30.026s] GC(572) Concurrent Mark From Roots
[2025-06-28T00:22:41.229+0200][30.026s] GC(572) Using 3 workers of 3 for marking
[2025-06-28T00:22:41.229+0200][30.026s] GC(573) Phase 1: Mark live objects
[2025-06-28T00:22:41.275+0200][30.071s] GC(573) Phase 1: Mark live objects 45.651ms
[2025-06-28T00:22:41.275+0200][30.072s] GC(573) Phase 2: Prepare compaction
[2025-06-28T00:22:41.275+0200][30.072s] GC(573) Phase 2: Prepare compaction 0.520ms
[2025-06-28T00:22:41.275+0200][30.072s] GC(573) Phase 3: Adjust pointers
[2025-06-28T00:22:41.296+0200][30.092s] GC(573) Phase 3: Adjust pointers 19.827ms
[2025-06-28T00:22:41.296+0200][30.092s] GC(573) Phase 4: Compact heap
[2025-06-28T00:22:41.297+0200][30.093s] GC(573) Phase 4: Compact heap 0.728ms
[2025-06-28T00:22:41.297+0200][30.093s] GC(573) Phase 5: Reset Metadata
[2025-06-28T00:22:41.305+0200][30.101s] GC(573) Phase 5: Reset Metadata 7.647ms
[2025-06-28T00:22:41.310+0200][30.106s] GC(573) Eden regions: 0->0(1)
[2025-06-28T00:22:41.310+0200][30.107s] GC(573) Survivor regions: 0->0(0)
[2025-06-28T00:22:41.310+0200][30.107s] GC(573) Old regions: 22->21
[2025-06-28T00:22:41.310+0200][30.107s] GC(573) Humongous regions: 0->0
[2025-06-28T00:22:41.310+0200][30.107s] GC(573) Metaspace: 64689K(65152K)->64689K(65152K) NonClass: 56077K(56320K)->56077K(56320K) Class: 8612K(8832K)->8612K(8832K)
[2025-06-28T00:22:41.311+0200][30.107s] GC(573) Pause Full (G1 Compaction Pause) 21M->20M(22M) 81.371ms
[2025-06-28T00:22:41.311+0200][30.107s] GC(573) User=0.17s Sys=0.02s Real=0.08s
[2025-06-28T00:22:41.311+0200][30.107s] GC(572) Concurrent Mark From Roots 81.442ms
[2025-06-28T00:22:41.311+0200][30.107s] GC(572) Concurrent Mark Abort
[2025-06-28T00:22:41.311+0200][30.107s] GC(572) Concurrent Mark Cycle 81.996ms
[2025-06-28T00:22:41.367+0200][30.164s] GC(574) Pause Young (Normal) (G1 Evacuation Pause)
[2025-06-28T00:22:41.367+0200][30.164s] GC(574) Using 8 workers of 10 for evacuation
[2025-06-28T00:22:41.370+0200][30.166s] GC(574)   Pre Evacuate Collection Set: 0.2ms
[2025-06-28T00:22:41.370+0200][30.166s] GC(574)   Merge Heap Roots: 0.1ms
[2025-06-28T00:22:41.370+0200][30.166s] GC(574)   Evacuate Collection Set: 0.9ms
[2025-06-28T00:22:41.370+0200][30.166s] GC(574)   Post Evacuate Collection Set: 0.8ms
[2025-06-28T00:22:41.370+0200][30.166s] GC(574)   Other: 0.2ms
[2025-06-28T00:22:41.370+0200][30.166s] GC(574) Eden regions: 1->0(0)
[2025-06-28T00:22:41.370+0200][30.166s] GC(574) Survivor regions: 0->0(0)
[2025-06-28T00:22:41.370+0200][30.166s] GC(574) Old regions: 21->22
[2025-06-28T00:22:41.370+0200][30.167s] GC(574) Humongous regions: 0->0
[2025-06-28T00:22:41.370+0200][30.167s] GC(574) Metaspace: 64759K(65216K)->64759K(65216K) NonClass: 56135K(56384K)->56135K(56384K) Class: 8623K(8832K)->8623K(8832K)
[2025-06-28T00:22:41.370+0200][30.167s] GC(574) Pause Young (Normal) (G1 Evacuation Pause) (Evacuation Failure) 21M->21M(22M) 2.903ms
[2025-06-28T00:22:41.370+0200][30.167s] GC(574) User=0.05s Sys=0.00s Real=0.00s
[2025-06-28T00:22:41.370+0200][30.167s] Attempting full compaction
[2025-06-28T00:22:41.370+0200][30.167s] GC(575) Pause Full (G1 Compaction Pause)
[2025-06-28T00:22:41.370+0200][30.167s] GC(575) Using 2 workers of 10 for full compaction
[2025-06-28T00:22:41.371+0200][30.167s] GC(575) Phase 1: Mark live objects
[2025-06-28T00:22:41.416+0200][30.213s] GC(575) Phase 1: Mark live objects 45.390ms
[2025-06-28T00:22:41.416+0200][30.213s] GC(575) Phase 2: Prepare compaction
[2025-06-28T00:22:41.417+0200][30.213s] GC(575) Phase 2: Prepare compaction 0.410ms
[2025-06-28T00:22:41.417+0200][30.213s] GC(575) Phase 3: Adjust pointers
[2025-06-28T00:22:41.433+0200][30.230s] GC(575) Phase 3: Adjust pointers 16.539ms
[2025-06-28T00:22:41.433+0200][30.230s] GC(575) Phase 4: Compact heap
[2025-06-28T00:22:41.434+0200][30.230s] GC(575) Phase 4: Compact heap 0.448ms
[2025-06-28T00:22:41.434+0200][30.230s] GC(575) Phase 5: Reset Metadata
[2025-06-28T00:22:41.440+0200][30.237s] GC(575) Phase 5: Reset Metadata 6.463ms
[2025-06-28T00:22:41.445+0200][30.242s] GC(575) Eden regions: 0->0(1)
[2025-06-28T00:22:41.445+0200][30.242s] GC(575) Survivor regions: 0->0(0)
[2025-06-28T00:22:41.445+0200][30.242s] GC(575) Old regions: 22->21
[2025-06-28T00:22:41.445+0200][30.242s] GC(575) Humongous regions: 0->0
[2025-06-28T00:22:41.445+0200][30.242s] GC(575) Metaspace: 64759K(65216K)->64759K(65216K) NonClass: 56135K(56384K)->56135K(56384K) Class: 8623K(8832K)->8623K(8832K)
[2025-06-28T00:22:41.447+0200][30.242s] GC(575) Pause Full (G1 Compaction Pause) 21M->20M(22M) 75.567ms
[2025-06-28T00:22:41.447+0200][30.242s] GC(575) User=0.17s Sys=0.00s Real=0.08s
[2025-06-28T00:22:41.477+0200][30.273s] GC(576) Pause Young (Concurrent Start) (G1 Evacuation Pause)
[2025-06-28T00:22:41.477+0200][30.273s] GC(576) Using 8 workers of 10 for evacuation
[2025-06-28T00:22:41.480+0200][30.276s] GC(576)   Pre Evacuate Collection Set: 0.2ms
[2025-06-28T00:22:41.480+0200][30.276s] GC(576)   Merge Heap Roots: 0.1ms
[2025-06-28T00:22:41.480+0200][30.276s] GC(576)   Evacuate Collection Set: 1.5ms
[2025-06-28T00:22:41.480+0200][30.276s] GC(576)   Post Evacuate Collection Set: 0.7ms
[2025-06-28T00:22:41.480+0200][30.276s] GC(576)   Other: 0.2ms
[2025-06-28T00:22:41.480+0200][30.276s] GC(576) Eden regions: 1->0(0)
[2025-06-28T00:22:41.480+0200][30.276s] GC(576) Survivor regions: 0->0(0)
[2025-06-28T00:22:41.480+0200][30.276s] GC(576) Old regions: 21->22
[2025-06-28T00:22:41.480+0200][30.276s] GC(576) Humongous regions: 0->0
[2025-06-28T00:22:41.480+0200][30.276s] GC(576) Metaspace: 64839K(65344K)->64839K(65344K) NonClass: 56202K(56448K)->56202K(56448K) Class: 8637K(8896K)->8637K(8896K)
[2025-06-28T00:22:41.480+0200][30.276s] GC(576) Pause Young (Concurrent Start) (G1 Evacuation Pause) (Evacuation Failure) 21M->21M(22M) 3.259ms
[2025-06-28T00:22:41.480+0200][30.276s] GC(576) User=0.12s Sys=0.00s Real=0.00s
[2025-06-28T00:22:41.480+0200][30.276s] GC(577) Concurrent Mark Cycle
[2025-06-28T00:22:41.480+0200][30.276s] Attempting full compaction
[2025-06-28T00:22:41.480+0200][30.277s] GC(577) Concurrent Scan Root Regions
[2025-06-28T00:22:41.480+0200][30.277s] GC(578) Pause Full (G1 Compaction Pause)
[2025-06-28T00:22:41.481+0200][30.277s] GC(577) Concurrent Scan Root Regions 0.121ms
[2025-06-28T00:22:41.481+0200][30.277s] GC(578) Using 2 workers of 10 for full compaction
[2025-06-28T00:22:41.481+0200][30.277s] GC(577) Concurrent Mark
[2025-06-28T00:22:41.481+0200][30.277s] GC(577) Concurrent Mark From Roots
[2025-06-28T00:22:41.481+0200][30.277s] GC(577) Using 3 workers of 3 for marking
[2025-06-28T00:22:41.481+0200][30.277s] GC(578) Phase 1: Mark live objects
[2025-06-28T00:22:41.521+0200][30.317s] GC(578) Phase 1: Mark live objects 40.334ms
[2025-06-28T00:22:41.521+0200][30.318s] GC(578) Phase 2: Prepare compaction
[2025-06-28T00:22:41.521+0200][30.318s] GC(578) Phase 2: Prepare compaction 0.454ms
[2025-06-28T00:22:41.521+0200][30.318s] GC(578) Phase 3: Adjust pointers
[2025-06-28T00:22:41.541+0200][30.337s] GC(578) Phase 3: Adjust pointers 19.246ms
[2025-06-28T00:22:41.541+0200][30.337s] GC(578) Phase 4: Compact heap
[2025-06-28T00:22:41.541+0200][30.338s] GC(578) Phase 4: Compact heap 0.353ms
[2025-06-28T00:22:41.541+0200][30.338s] GC(578) Phase 5: Reset Metadata
[2025-06-28T00:22:41.548+0200][30.345s] GC(578) Phase 5: Reset Metadata 6.645ms
[2025-06-28T00:22:41.553+0200][30.350s] GC(578) Eden regions: 0->0(1)
[2025-06-28T00:22:41.553+0200][30.350s] GC(578) Survivor regions: 0->0(0)
[2025-06-28T00:22:41.553+0200][30.350s] GC(578) Old regions: 22->21
[2025-06-28T00:22:41.553+0200][30.350s] GC(578) Humongous regions: 0->0
[2025-06-28T00:22:41.553+0200][30.350s] GC(578) Metaspace: 64839K(65344K)->64839K(65344K) NonClass: 56202K(56448K)->56202K(56448K) Class: 8637K(8896K)->8637K(8896K)
[2025-06-28T00:22:41.553+0200][30.350s] GC(578) Pause Full (G1 Compaction Pause) 21M->20M(22M) 73.587ms
[2025-06-28T00:22:41.554+0200][30.350s] GC(578) User=0.11s Sys=0.00s Real=0.07s
[2025-06-28T00:22:41.554+0200][30.351s] GC(577) Concurrent Mark From Roots 73.615ms
[2025-06-28T00:22:41.554+0200][30.351s] GC(577) Concurrent Mark Abort
[2025-06-28T00:22:41.554+0200][30.351s] GC(577) Concurrent Mark Cycle 74.205ms
[2025-06-28T00:22:41.579+0200][30.376s] GC(579) Pause Young (Normal) (G1 Evacuation Pause)
[2025-06-28T00:22:41.579+0200][30.376s] GC(579) Using 8 workers of 10 for evacuation
[2025-06-28T00:22:41.582+0200][30.379s] GC(579)   Pre Evacuate Collection Set: 0.4ms
[2025-06-28T00:22:41.582+0200][30.379s] GC(579)   Merge Heap Roots: 0.2ms
[2025-06-28T00:22:41.582+0200][30.379s] GC(579)   Evacuate Collection Set: 0.8ms
[2025-06-28T00:22:41.582+0200][30.379s] GC(579)   Post Evacuate Collection Set: 1.0ms
[2025-06-28T00:22:41.582+0200][30.379s] GC(579)   Other: 0.1ms
[2025-06-28T00:22:41.582+0200][30.379s] GC(579) Eden regions: 1->0(0)
[2025-06-28T00:22:41.582+0200][30.379s] GC(579) Survivor regions: 0->0(0)
[2025-06-28T00:22:41.582+0200][30.379s] GC(579) Old regions: 21->22
[2025-06-28T00:22:41.582+0200][30.379s] GC(579) Humongous regions: 0->0
[2025-06-28T00:22:41.582+0200][30.379s] GC(579) Metaspace: 64917K(65408K)->64917K(65408K) NonClass: 56265K(56512K)->56265K(56512K) Class: 8652K(8896K)->8652K(8896K)
[2025-06-28T00:22:41.582+0200][30.379s] GC(579) Pause Young (Normal) (G1 Evacuation Pause) (Evacuation Failure) 21M->21M(22M) 3.117ms
[2025-06-28T00:22:41.582+0200][30.379s] GC(579) User=0.00s Sys=0.00s Real=0.00s
[2025-06-28T00:22:41.583+0200][30.379s] Attempting full compaction
[2025-06-28T00:22:41.583+0200][30.379s] GC(580) Pause Full (G1 Compaction Pause)
[2025-06-28T00:22:41.583+0200][30.379s] GC(580) Using 2 workers of 10 for full compaction
[2025-06-28T00:22:41.583+0200][30.380s] GC(580) Phase 1: Mark live objects
[2025-06-28T00:22:41.630+0200][30.427s] GC(580) Phase 1: Mark live objects 47.307ms
[2025-06-28T00:22:41.630+0200][30.427s] GC(580) Phase 2: Prepare compaction
[2025-06-28T00:22:41.631+0200][30.427s] GC(580) Phase 2: Prepare compaction 0.402ms
[2025-06-28T00:22:41.631+0200][30.427s] GC(580) Phase 3: Adjust pointers
[2025-06-28T00:22:41.648+0200][30.444s] GC(580) Phase 3: Adjust pointers 16.801ms
[2025-06-28T00:22:41.648+0200][30.444s] GC(580) Phase 4: Compact heap
[2025-06-28T00:22:41.648+0200][30.445s] GC(580) Phase 4: Compact heap 0.366ms
[2025-06-28T00:22:41.648+0200][30.445s] GC(580) Phase 5: Reset Metadata
[2025-06-28T00:22:41.654+0200][30.451s] GC(580) Phase 5: Reset Metadata 6.442ms
[2025-06-28T00:22:41.660+0200][30.456s] GC(580) Eden regions: 0->0(1)
[2025-06-28T00:22:41.660+0200][30.456s] GC(580) Survivor regions: 0->0(0)
[2025-06-28T00:22:41.660+0200][30.456s] GC(580) Old regions: 22->21
[2025-06-28T00:22:41.660+0200][30.456s] GC(580) Humongous regions: 0->0
[2025-06-28T00:22:41.660+0200][30.456s] GC(580) Metaspace: 64917K(65408K)->64917K(65408K) NonClass: 56265K(56512K)->56265K(56512K) Class: 8652K(8896K)->8652K(8896K)
[2025-06-28T00:22:41.660+0200][30.457s] GC(580) Pause Full (G1 Compaction Pause) 21M->20M(22M) 77.260ms
[2025-06-28T00:22:41.660+0200][30.457s] GC(580) User=0.16s Sys=0.00s Real=0.08s
[2025-06-28T00:22:41.687+0200][30.483s] GC(581) Pause Young (Concurrent Start) (G1 Evacuation Pause)
[2025-06-28T00:22:41.687+0200][30.483s] GC(581) Using 8 workers of 10 for evacuation
[2025-06-28T00:22:41.689+0200][30.486s] GC(581)   Pre Evacuate Collection Set: 0.4ms
[2025-06-28T00:22:41.689+0200][30.486s] GC(581)   Merge Heap Roots: 0.2ms
[2025-06-28T00:22:41.689+0200][30.486s] GC(581)   Evacuate Collection Set: 1.1ms
[2025-06-28T00:22:41.690+0200][30.486s] GC(581)   Post Evacuate Collection Set: 0.7ms
[2025-06-28T00:22:41.690+0200][30.486s] GC(581)   Other: 0.2ms
[2025-06-28T00:22:41.690+0200][30.486s] GC(581) Eden regions: 1->0(0)
[2025-06-28T00:22:41.690+0200][30.486s] GC(581) Survivor regions: 0->0(0)
[2025-06-28T00:22:41.690+0200][30.486s] GC(581) Old regions: 21->22
[2025-06-28T00:22:41.690+0200][30.486s] GC(581) Humongous regions: 0->0
[2025-06-28T00:22:41.690+0200][30.486s] GC(581) Metaspace: 64984K(65472K)->64984K(65472K) NonClass: 56319K(56576K)->56319K(56576K) Class: 8664K(8896K)->8664K(8896K)
[2025-06-28T00:22:41.690+0200][30.487s] GC(581) Pause Young (Concurrent Start) (G1 Evacuation Pause) (Evacuation Failure) 21M->21M(22M) 3.228ms
[2025-06-28T00:22:41.690+0200][30.487s] GC(582) Concurrent Mark Cycle
[2025-06-28T00:22:41.690+0200][30.487s] GC(581) User=0.00s Sys=0.00s Real=0.00s
[2025-06-28T00:22:41.690+0200][30.487s] GC(582) Concurrent Scan Root Regions
[2025-06-28T00:22:41.690+0200][30.487s] Attempting full compaction
[2025-06-28T00:22:41.690+0200][30.487s] GC(582) Concurrent Scan Root Regions 0.120ms
[2025-06-28T00:22:41.690+0200][30.487s] GC(583) Pause Full (G1 Compaction Pause)
[2025-06-28T00:22:41.690+0200][30.487s] GC(582) Concurrent Mark
[2025-06-28T00:22:41.690+0200][30.487s] GC(583) Using 2 workers of 10 for full compaction
[2025-06-28T00:22:41.690+0200][30.487s] GC(582) Concurrent Mark From Roots
[2025-06-28T00:22:41.690+0200][30.487s] GC(582) Using 3 workers of 3 for marking
[2025-06-28T00:22:41.691+0200][30.487s] GC(583) Phase 1: Mark live objects
[2025-06-28T00:22:41.733+0200][30.529s] GC(583) Phase 1: Mark live objects 41.849ms
[2025-06-28T00:22:41.733+0200][30.529s] GC(583) Phase 2: Prepare compaction
[2025-06-28T00:22:41.733+0200][30.530s] GC(583) Phase 2: Prepare compaction 0.391ms
[2025-06-28T00:22:41.733+0200][30.530s] GC(583) Phase 3: Adjust pointers
[2025-06-28T00:22:41.749+0200][30.546s] GC(583) Phase 3: Adjust pointers 16.179ms
[2025-06-28T00:22:41.749+0200][30.546s] GC(583) Phase 4: Compact heap
[2025-06-28T00:22:41.750+0200][30.546s] GC(583) Phase 4: Compact heap 0.359ms
[2025-06-28T00:22:41.750+0200][30.546s] GC(583) Phase 5: Reset Metadata
[2025-06-28T00:22:41.756+0200][30.552s] GC(583) Phase 5: Reset Metadata 6.038ms
[2025-06-28T00:22:41.761+0200][30.558s] GC(583) Eden regions: 0->0(1)
[2025-06-28T00:22:41.761+0200][30.558s] GC(583) Survivor regions: 0->0(0)
[2025-06-28T00:22:41.761+0200][30.558s] GC(583) Old regions: 22->21
[2025-06-28T00:22:41.761+0200][30.558s] GC(583) Humongous regions: 0->0
[2025-06-28T00:22:41.761+0200][30.558s] GC(583) Metaspace: 64984K(65472K)->64984K(65472K) NonClass: 56319K(56576K)->56319K(56576K) Class: 8664K(8896K)->8664K(8896K)
[2025-06-28T00:22:41.761+0200][30.558s] GC(583) Pause Full (G1 Compaction Pause) 21M->20M(22M) 71.053ms
[2025-06-28T00:22:41.761+0200][30.558s] GC(583) User=0.14s Sys=0.00s Real=0.07s
[2025-06-28T00:22:41.772+0200][30.569s] GC(582) Concurrent Mark From Roots 81.684ms
[2025-06-28T00:22:41.772+0200][30.569s] GC(582) Concurrent Mark Abort
[2025-06-28T00:22:41.772+0200][30.569s] GC(582) Concurrent Mark Cycle 82.282ms
[2025-06-28T00:22:41.811+0200][30.607s] GC(584) Pause Young (Normal) (G1 Evacuation Pause)
[2025-06-28T00:22:41.811+0200][30.607s] GC(584) Using 8 workers of 10 for evacuation
[2025-06-28T00:22:41.813+0200][30.610s] GC(584)   Pre Evacuate Collection Set: 0.4ms
[2025-06-28T00:22:41.814+0200][30.610s] GC(584)   Merge Heap Roots: 0.2ms
[2025-06-28T00:22:41.814+0200][30.610s] GC(584)   Evacuate Collection Set: 0.9ms
[2025-06-28T00:22:41.814+0200][30.610s] GC(584)   Post Evacuate Collection Set: 0.7ms
[2025-06-28T00:22:41.814+0200][30.610s] GC(584)   Other: 0.1ms
[2025-06-28T00:22:41.814+0200][30.610s] GC(584) Eden regions: 1->0(0)
[2025-06-28T00:22:41.814+0200][30.610s] GC(584) Survivor regions: 0->0(0)
[2025-06-28T00:22:41.814+0200][30.610s] GC(584) Old regions: 21->22
[2025-06-28T00:22:41.814+0200][30.610s] GC(584) Humongous regions: 0->0
[2025-06-28T00:22:41.814+0200][30.610s] GC(584) Metaspace: 65053K(65536K)->65053K(65536K) NonClass: 56379K(56640K)->56379K(56640K) Class: 8673K(8896K)->8673K(8896K)
[2025-06-28T00:22:41.814+0200][30.610s] GC(584) Pause Young (Normal) (G1 Evacuation Pause) (Evacuation Failure) 21M->21M(22M) 2.857ms
[2025-06-28T00:22:41.814+0200][30.610s] GC(584) User=0.00s Sys=0.00s Real=0.00s
[2025-06-28T00:22:41.814+0200][30.610s] Attempting full compaction
[2025-06-28T00:22:41.814+0200][30.610s] GC(585) Pause Full (G1 Compaction Pause)
[2025-06-28T00:22:41.814+0200][30.610s] GC(585) Using 2 workers of 10 for full compaction
[2025-06-28T00:22:41.814+0200][30.610s] GC(585) Phase 1: Mark live objects
[2025-06-28T00:22:41.857+0200][30.653s] GC(585) Phase 1: Mark live objects 43.146ms
[2025-06-28T00:22:41.857+0200][30.654s] GC(585) Phase 2: Prepare compaction
[2025-06-28T00:22:41.857+0200][30.654s] GC(585) Phase 2: Prepare compaction 0.373ms
[2025-06-28T00:22:41.857+0200][30.654s] GC(585) Phase 3: Adjust pointers
[2025-06-28T00:22:41.876+0200][30.672s] GC(585) Phase 3: Adjust pointers 17.633ms
[2025-06-28T00:22:41.876+0200][30.672s] GC(585) Phase 4: Compact heap
[2025-06-28T00:22:41.876+0200][30.672s] GC(585) Phase 4: Compact heap 0.310ms
[2025-06-28T00:22:41.876+0200][30.672s] GC(585) Phase 5: Reset Metadata
[2025-06-28T00:22:41.882+0200][30.678s] GC(585) Phase 5: Reset Metadata 5.872ms
[2025-06-28T00:22:41.887+0200][30.683s] GC(585) Eden regions: 0->0(1)
[2025-06-28T00:22:41.887+0200][30.683s] GC(585) Survivor regions: 0->0(0)
[2025-06-28T00:22:41.887+0200][30.683s] GC(585) Old regions: 22->21
[2025-06-28T00:22:41.887+0200][30.683s] GC(585) Humongous regions: 0->0
[2025-06-28T00:22:41.887+0200][30.683s] GC(585) Metaspace: 65053K(65536K)->65053K(65536K) NonClass: 56379K(56640K)->56379K(56640K) Class: 8673K(8896K)->8673K(8896K)
[2025-06-28T00:22:41.887+0200][30.683s] GC(585) Pause Full (G1 Compaction Pause) 21M->20M(22M) 73.153ms
[2025-06-28T00:22:41.887+0200][30.683s] GC(585) User=0.14s Sys=0.00s Real=0.07s
[2025-06-28T00:22:41.914+0200][30.710s] GC(586) Pause Young (Concurrent Start) (G1 Evacuation Pause)
[2025-06-28T00:22:41.915+0200][30.710s] GC(586) Using 8 workers of 10 for evacuation
[2025-06-28T00:22:41.917+0200][30.713s] GC(586)   Pre Evacuate Collection Set: 0.5ms
[2025-06-28T00:22:41.917+0200][30.713s] GC(586)   Merge Heap Roots: 0.2ms
[2025-06-28T00:22:41.917+0200][30.713s] GC(586)   Evacuate Collection Set: 1.0ms
[2025-06-28T00:22:41.917+0200][30.713s] GC(586)   Post Evacuate Collection Set: 0.8ms
[2025-06-28T00:22:41.917+0200][30.713s] GC(586)   Other: 0.2ms
[2025-06-28T00:22:41.917+0200][30.713s] GC(586) Eden regions: 1->0(0)
[2025-06-28T00:22:41.917+0200][30.713s] GC(586) Survivor regions: 0->0(0)
[2025-06-28T00:22:41.917+0200][30.713s] GC(586) Old regions: 21->22
[2025-06-28T00:22:41.917+0200][30.713s] GC(586) Humongous regions: 0->0
[2025-06-28T00:22:41.917+0200][30.713s] GC(586) Metaspace: 65113K(65600K)->65113K(65600K) NonClass: 56430K(56704K)->56430K(56704K) Class: 8682K(8896K)->8682K(8896K)
[2025-06-28T00:22:41.918+0200][30.714s] GC(586) Pause Young (Concurrent Start) (G1 Evacuation Pause) (Evacuation Failure) 21M->21M(22M) 3.188ms
[2025-06-28T00:22:41.918+0200][30.714s] GC(586) User=0.03s Sys=0.00s Real=0.00s
[2025-06-28T00:22:41.918+0200][30.714s] GC(587) Concurrent Mark Cycle
[2025-06-28T00:22:41.918+0200][30.714s] Attempting full compaction
[2025-06-28T00:22:41.918+0200][30.714s] GC(587) Concurrent Scan Root Regions
[2025-06-28T00:22:41.918+0200][30.714s] GC(588) Pause Full (G1 Compaction Pause)
[2025-06-28T00:22:41.918+0200][30.714s] GC(587) Concurrent Scan Root Regions 0.116ms
[2025-06-28T00:22:41.918+0200][30.714s] GC(588) Using 2 workers of 10 for full compaction
[2025-06-28T00:22:41.918+0200][30.714s] GC(587) Concurrent Mark
[2025-06-28T00:22:41.918+0200][30.714s] GC(587) Concurrent Mark From Roots
[2025-06-28T00:22:41.918+0200][30.714s] GC(587) Using 3 workers of 3 for marking
[2025-06-28T00:22:41.918+0200][30.714s] GC(588) Phase 1: Mark live objects
[2025-06-28T00:22:41.960+0200][30.756s] GC(588) Phase 1: Mark live objects 42.065ms
[2025-06-28T00:22:41.960+0200][30.756s] GC(588) Phase 2: Prepare compaction
[2025-06-28T00:22:41.960+0200][30.757s] GC(588) Phase 2: Prepare compaction 0.377ms
[2025-06-28T00:22:41.960+0200][30.757s] GC(588) Phase 3: Adjust pointers
[2025-06-28T00:22:41.976+0200][30.772s] GC(588) Phase 3: Adjust pointers 15.496ms
[2025-06-28T00:22:41.976+0200][30.773s] GC(588) Phase 4: Compact heap
[2025-06-28T00:22:41.976+0200][30.773s] GC(588) Phase 4: Compact heap 0.324ms
[2025-06-28T00:22:41.976+0200][30.773s] GC(588) Phase 5: Reset Metadata
[2025-06-28T00:22:41.982+0200][30.779s] GC(588) Phase 5: Reset Metadata 5.956ms
[2025-06-28T00:22:41.987+0200][30.784s] GC(588) Eden regions: 0->0(1)
[2025-06-28T00:22:41.987+0200][30.784s] GC(588) Survivor regions: 0->0(0)
[2025-06-28T00:22:41.987+0200][30.784s] GC(588) Old regions: 22->21
[2025-06-28T00:22:41.987+0200][30.784s] GC(588) Humongous regions: 0->0
[2025-06-28T00:22:41.987+0200][30.784s] GC(588) Metaspace: 65113K(65600K)->65113K(65600K) NonClass: 56430K(56704K)->56430K(56704K) Class: 8682K(8896K)->8682K(8896K)
[2025-06-28T00:22:41.988+0200][30.784s] GC(588) Pause Full (G1 Compaction Pause) 21M->20M(22M) 70.332ms
[2025-06-28T00:22:41.988+0200][30.784s] GC(588) User=0.12s Sys=0.00s Real=0.07s
[2025-06-28T00:22:41.989+0200][30.786s] GC(587) Concurrent Mark From Roots 71.583ms
[2025-06-28T00:22:41.989+0200][30.786s] GC(587) Concurrent Mark Abort
[2025-06-28T00:22:41.989+0200][30.786s] GC(587) Concurrent Mark Cycle 72.150ms
[2025-06-28T00:22:42.067+0200][30.863s] GC(589) Pause Young (Normal) (G1 Evacuation Pause)
[2025-06-28T00:22:42.067+0200][30.863s] GC(589) Using 8 workers of 10 for evacuation
[2025-06-28T00:22:42.069+0200][30.866s] GC(589)   Pre Evacuate Collection Set: 0.4ms
[2025-06-28T00:22:42.069+0200][30.866s] GC(589)   Merge Heap Roots: 0.2ms
[2025-06-28T00:22:42.069+0200][30.866s] GC(589)   Evacuate Collection Set: 0.8ms
[2025-06-28T00:22:42.069+0200][30.866s] GC(589)   Post Evacuate Collection Set: 0.9ms
[2025-06-28T00:22:42.070+0200][30.866s] GC(589)   Other: 0.1ms
[2025-06-28T00:22:42.070+0200][30.866s] GC(589) Eden regions: 1->0(0)
[2025-06-28T00:22:42.070+0200][30.866s] GC(589) Survivor regions: 0->0(0)
[2025-06-28T00:22:42.070+0200][30.866s] GC(589) Old regions: 21->22
[2025-06-28T00:22:42.070+0200][30.866s] GC(589) Humongous regions: 0->0
[2025-06-28T00:22:42.070+0200][30.866s] GC(589) Metaspace: 65172K(65664K)->65172K(65664K) NonClass: 56483K(56768K)->56483K(56768K) Class: 8688K(8896K)->8688K(8896K)
[2025-06-28T00:22:42.070+0200][30.866s] GC(589) Pause Young (Normal) (G1 Evacuation Pause) (Evacuation Failure) 21M->21M(22M) 2.873ms
[2025-06-28T00:22:42.070+0200][30.866s] GC(589) User=0.00s Sys=0.00s Real=0.00s
[2025-06-28T00:22:42.070+0200][30.866s] Attempting full compaction
[2025-06-28T00:22:42.070+0200][30.866s] GC(590) Pause Full (G1 Compaction Pause)
[2025-06-28T00:22:42.070+0200][30.866s] GC(590) Using 2 workers of 10 for full compaction
[2025-06-28T00:22:42.070+0200][30.866s] GC(590) Phase 1: Mark live objects
[2025-06-28T00:22:42.112+0200][30.909s] GC(590) Phase 1: Mark live objects 42.500ms
[2025-06-28T00:22:42.112+0200][30.909s] GC(590) Phase 2: Prepare compaction
[2025-06-28T00:22:42.113+0200][30.910s] GC(590) Phase 2: Prepare compaction 0.428ms
[2025-06-28T00:22:42.113+0200][30.910s] GC(590) Phase 3: Adjust pointers
[2025-06-28T00:22:42.130+0200][30.926s] GC(590) Phase 3: Adjust pointers 16.748ms
[2025-06-28T00:22:42.130+0200][30.926s] GC(590) Phase 4: Compact heap
[2025-06-28T00:22:42.131+0200][30.927s] GC(590) Phase 4: Compact heap 0.472ms
[2025-06-28T00:22:42.131+0200][30.927s] GC(590) Phase 5: Reset Metadata
[2025-06-28T00:22:42.137+0200][30.933s] GC(590) Phase 5: Reset Metadata 6.416ms
[2025-06-28T00:22:42.143+0200][30.939s] GC(590) Eden regions: 0->0(1)
[2025-06-28T00:22:42.143+0200][30.939s] GC(590) Survivor regions: 0->0(0)
[2025-06-28T00:22:42.143+0200][30.939s] GC(590) Old regions: 22->21
[2025-06-28T00:22:42.143+0200][30.939s] GC(590) Humongous regions: 0->0
[2025-06-28T00:22:42.143+0200][30.939s] GC(590) Metaspace: 65172K(65664K)->65172K(65664K) NonClass: 56483K(56768K)->56483K(56768K) Class: 8688K(8896K)->8688K(8896K)
[2025-06-28T00:22:42.143+0200][30.939s] GC(590) Pause Full (G1 Compaction Pause) 21M->20M(22M) 72.805ms
[2025-06-28T00:22:42.143+0200][30.939s] GC(590) User=0.25s Sys=0.02s Real=0.07s
[2025-06-28T00:22:42.172+0200][30.968s] GC(591) Pause Young (Concurrent Start) (G1 Evacuation Pause)
[2025-06-28T00:22:42.172+0200][30.968s] GC(591) Using 8 workers of 10 for evacuation
[2025-06-28T00:22:42.175+0200][30.972s] GC(591)   Pre Evacuate Collection Set: 0.6ms
[2025-06-28T00:22:42.175+0200][30.972s] GC(591)   Merge Heap Roots: 0.3ms
[2025-06-28T00:22:42.176+0200][30.972s] GC(591)   Evacuate Collection Set: 1.3ms
[2025-06-28T00:22:42.176+0200][30.972s] GC(591)   Post Evacuate Collection Set: 1.0ms
[2025-06-28T00:22:42.176+0200][30.972s] GC(591)   Other: 0.3ms
[2025-06-28T00:22:42.176+0200][30.972s] GC(591) Eden regions: 1->0(0)
[2025-06-28T00:22:42.176+0200][30.972s] GC(591) Survivor regions: 0->0(0)
[2025-06-28T00:22:42.176+0200][30.972s] GC(591) Old regions: 21->22
[2025-06-28T00:22:42.176+0200][30.972s] GC(591) Humongous regions: 0->0
[2025-06-28T00:22:42.176+0200][30.972s] GC(591) Metaspace: 65276K(65792K)->65276K(65792K) NonClass: 56578K(56832K)->56578K(56832K) Class: 8698K(8960K)->8698K(8960K)
[2025-06-28T00:22:42.176+0200][30.972s] GC(591) Pause Young (Concurrent Start) (G1 Evacuation Pause) (Evacuation Failure) 21M->21M(22M) 3.953ms
[2025-06-28T00:22:42.176+0200][30.972s] GC(591) User=0.00s Sys=0.00s Real=0.00s
[2025-06-28T00:22:42.176+0200][30.972s] Attempting full compaction
[2025-06-28T00:22:42.176+0200][30.972s] GC(592) Pause Full (G1 Compaction Pause)
[2025-06-28T00:22:42.176+0200][30.973s] GC(592) Using 2 workers of 10 for full compaction
[2025-06-28T00:22:42.176+0200][30.973s] GC(593) Concurrent Mark Cycle
[2025-06-28T00:22:42.176+0200][30.973s] GC(593) Concurrent Scan Root Regions
[2025-06-28T00:22:42.176+0200][30.973s] GC(593) Concurrent Scan Root Regions 0.039ms
[2025-06-28T00:22:42.176+0200][30.973s] GC(592) Phase 1: Mark live objects
[2025-06-28T00:22:42.224+0200][31.020s] GC(592) Phase 1: Mark live objects 47.486ms
[2025-06-28T00:22:42.224+0200][31.020s] GC(592) Phase 2: Prepare compaction
[2025-06-28T00:22:42.225+0200][31.021s] GC(592) Phase 2: Prepare compaction 0.505ms
[2025-06-28T00:22:42.225+0200][31.021s] GC(592) Phase 3: Adjust pointers
[2025-06-28T00:22:42.241+0200][31.037s] GC(592) Phase 3: Adjust pointers 16.396ms
[2025-06-28T00:22:42.242+0200][31.038s] GC(592) Phase 4: Compact heap
[2025-06-28T00:22:42.242+0200][31.038s] GC(592) Phase 4: Compact heap 0.704ms
[2025-06-28T00:22:42.242+0200][31.038s] GC(592) Phase 5: Reset Metadata
[2025-06-28T00:22:42.248+0200][31.044s] GC(592) Phase 5: Reset Metadata 6.034ms
[2025-06-28T00:22:42.253+0200][31.049s] GC(592) Eden regions: 0->0(1)
[2025-06-28T00:22:42.253+0200][31.050s] GC(592) Survivor regions: 0->0(0)
[2025-06-28T00:22:42.254+0200][31.050s] GC(592) Old regions: 22->21
[2025-06-28T00:22:42.254+0200][31.050s] GC(592) Humongous regions: 0->0
[2025-06-28T00:22:42.254+0200][31.050s] GC(592) Metaspace: 65276K(65792K)->65276K(65792K) NonClass: 56578K(56832K)->56578K(56832K) Class: 8698K(8960K)->8698K(8960K)
[2025-06-28T00:22:42.254+0200][31.050s] GC(592) Pause Full (G1 Compaction Pause) 21M->20M(22M) 77.212ms
[2025-06-28T00:22:42.254+0200][31.050s] GC(592) User=0.22s Sys=0.00s Real=0.08s
[2025-06-28T00:22:42.254+0200][31.050s] GC(593) Concurrent Mark Abort
[2025-06-28T00:22:42.254+0200][31.050s] GC(593) Concurrent Mark Cycle 77.392ms
[2025-06-28T00:22:42.281+0200][31.077s] GC(594) Pause Young (Normal) (G1 Evacuation Pause)
[2025-06-28T00:22:42.282+0200][31.078s] GC(594) Using 8 workers of 10 for evacuation
[2025-06-28T00:22:42.284+0200][31.080s] GC(594)   Pre Evacuate Collection Set: 0.4ms
[2025-06-28T00:22:42.284+0200][31.080s] GC(594)   Merge Heap Roots: 0.2ms
[2025-06-28T00:22:42.284+0200][31.080s] GC(594)   Evacuate Collection Set: 0.9ms
[2025-06-28T00:22:42.284+0200][31.081s] GC(594)   Post Evacuate Collection Set: 0.9ms
[2025-06-28T00:22:42.284+0200][31.081s] GC(594)   Other: 0.1ms
[2025-06-28T00:22:42.285+0200][31.081s] GC(594) Eden regions: 1->0(0)
[2025-06-28T00:22:42.285+0200][31.081s] GC(594) Survivor regions: 0->0(0)
[2025-06-28T00:22:42.285+0200][31.081s] GC(594) Old regions: 21->22
[2025-06-28T00:22:42.285+0200][31.081s] GC(594) Humongous regions: 0->0
[2025-06-28T00:22:42.285+0200][31.081s] GC(594) Metaspace: 65368K(65920K)->65368K(65920K) NonClass: 56659K(56960K)->56659K(56960K) Class: 8708K(8960K)->8708K(8960K)
[2025-06-28T00:22:42.285+0200][31.081s] GC(594) Pause Young (Normal) (G1 Evacuation Pause) (Evacuation Failure) 21M->21M(22M) 3.302ms
[2025-06-28T00:22:42.285+0200][31.081s] GC(594) User=0.00s Sys=0.00s Real=0.00s
[2025-06-28T00:22:42.285+0200][31.081s] Attempting full compaction
[2025-06-28T00:22:42.285+0200][31.081s] GC(595) Pause Full (G1 Compaction Pause)
[2025-06-28T00:22:42.285+0200][31.081s] GC(595) Using 2 workers of 10 for full compaction
[2025-06-28T00:22:42.285+0200][31.081s] GC(595) Phase 1: Mark live objects
[2025-06-28T00:22:42.307+0200][31.103s] GC(595) Phase 1: Mark live objects 21.611ms
[2025-06-28T00:22:42.307+0200][31.103s] GC(595) Phase 2: Prepare compaction
[2025-06-28T00:22:42.307+0200][31.103s] GC(595) Phase 2: Prepare compaction 0.212ms
[2025-06-28T00:22:42.307+0200][31.103s] GC(595) Phase 3: Adjust pointers
[2025-06-28T00:22:42.314+0200][31.110s] GC(595) Phase 3: Adjust pointers 7.296ms
[2025-06-28T00:22:42.314+0200][31.110s] GC(595) Phase 4: Compact heap
[2025-06-28T00:22:42.315+0200][31.111s] GC(595) Phase 4: Compact heap 0.321ms
[2025-06-28T00:22:42.315+0200][31.111s] GC(595) Phase 5: Reset Metadata
[2025-06-28T00:22:42.319+0200][31.115s] GC(595) Phase 5: Reset Metadata 4.598ms
[2025-06-28T00:22:42.323+0200][31.120s] GC(595) Eden regions: 0->0(1)
[2025-06-28T00:22:42.323+0200][31.120s] GC(595) Survivor regions: 0->0(0)
[2025-06-28T00:22:42.323+0200][31.120s] GC(595) Old regions: 22->21
[2025-06-28T00:22:42.324+0200][31.120s] GC(595) Humongous regions: 0->0
[2025-06-28T00:22:42.324+0200][31.120s] GC(595) Metaspace: 65368K(65920K)->65368K(65920K) NonClass: 56659K(56960K)->56659K(56960K) Class: 8708K(8960K)->8708K(8960K)
[2025-06-28T00:22:42.324+0200][31.120s] GC(595) Pause Full (G1 Compaction Pause) 21M->20M(22M) 39.255ms
[2025-06-28T00:22:42.324+0200][31.120s] GC(595) User=0.08s Sys=0.00s Real=0.04s
[2025-06-28T00:22:42.344+0200][31.141s] GC(596) Pause Young (Concurrent Start) (G1 Evacuation Pause)
[2025-06-28T00:22:42.344+0200][31.141s] GC(596) Using 8 workers of 10 for evacuation
[2025-06-28T00:22:42.347+0200][31.143s] GC(596)   Pre Evacuate Collection Set: 0.3ms
[2025-06-28T00:22:42.347+0200][31.143s] GC(596)   Merge Heap Roots: 0.2ms
[2025-06-28T00:22:42.347+0200][31.143s] GC(596)   Evacuate Collection Set: 1.0ms
[2025-06-28T00:22:42.347+0200][31.143s] GC(596)   Post Evacuate Collection Set: 0.8ms
[2025-06-28T00:22:42.347+0200][31.143s] GC(596)   Other: 0.2ms
[2025-06-28T00:22:42.347+0200][31.144s] GC(596) Eden regions: 1->0(0)
[2025-06-28T00:22:42.347+0200][31.144s] GC(596) Survivor regions: 0->0(0)
[2025-06-28T00:22:42.347+0200][31.144s] GC(596) Old regions: 21->22
[2025-06-28T00:22:42.347+0200][31.144s] GC(596) Humongous regions: 0->0
[2025-06-28T00:22:42.347+0200][31.144s] GC(596) Metaspace: 65395K(65920K)->65395K(65920K) NonClass: 56681K(56960K)->56681K(56960K) Class: 8714K(8960K)->8714K(8960K)
[2025-06-28T00:22:42.347+0200][31.144s] GC(596) Pause Young (Concurrent Start) (G1 Evacuation Pause) (Evacuation Failure) 21M->21M(22M) 2.855ms
[2025-06-28T00:22:42.347+0200][31.144s] GC(596) User=0.00s Sys=0.00s Real=0.00s
[2025-06-28T00:22:42.347+0200][31.144s] Attempting full compaction
[2025-06-28T00:22:42.347+0200][31.144s] GC(597) Concurrent Mark Cycle
[2025-06-28T00:22:42.347+0200][31.144s] GC(598) Pause Full (G1 Compaction Pause)
[2025-06-28T00:22:42.347+0200][31.144s] GC(597) Concurrent Scan Root Regions
[2025-06-28T00:22:42.347+0200][31.144s] GC(598) Using 2 workers of 10 for full compaction
[2025-06-28T00:22:42.348+0200][31.144s] GC(597) Concurrent Scan Root Regions 0.241ms
[2025-06-28T00:22:42.348+0200][31.144s] GC(597) Concurrent Mark
[2025-06-28T00:22:42.348+0200][31.144s] GC(597) Concurrent Mark From Roots
[2025-06-28T00:22:42.348+0200][31.144s] GC(597) Using 3 workers of 3 for marking
[2025-06-28T00:22:42.348+0200][31.145s] GC(598) Phase 1: Mark live objects
[2025-06-28T00:22:42.394+0200][31.190s] GC(598) Phase 1: Mark live objects 45.707ms
[2025-06-28T00:22:42.394+0200][31.190s] GC(598) Phase 2: Prepare compaction
[2025-06-28T00:22:42.394+0200][31.191s] GC(598) Phase 2: Prepare compaction 0.328ms
[2025-06-28T00:22:42.394+0200][31.191s] GC(598) Phase 3: Adjust pointers
[2025-06-28T00:22:42.408+0200][31.205s] GC(598) Phase 3: Adjust pointers 13.808ms
[2025-06-28T00:22:42.408+0200][31.205s] GC(598) Phase 4: Compact heap
[2025-06-28T00:22:42.409+0200][31.205s] GC(598) Phase 4: Compact heap 0.493ms
[2025-06-28T00:22:42.409+0200][31.205s] GC(598) Phase 5: Reset Metadata
[2025-06-28T00:22:42.414+0200][31.211s] GC(598) Phase 5: Reset Metadata 5.666ms
[2025-06-28T00:22:42.420+0200][31.216s] GC(598) Eden regions: 0->0(1)
[2025-06-28T00:22:42.420+0200][31.217s] GC(598) Survivor regions: 0->0(0)
[2025-06-28T00:22:42.420+0200][31.217s] GC(598) Old regions: 22->21
[2025-06-28T00:22:42.420+0200][31.217s] GC(598) Humongous regions: 0->0
[2025-06-28T00:22:42.420+0200][31.217s] GC(598) Metaspace: 65395K(65920K)->65391K(65920K) NonClass: 56681K(56960K)->56678K(56960K) Class: 8714K(8960K)->8713K(8960K)
[2025-06-28T00:22:42.420+0200][31.217s] GC(598) Pause Full (G1 Compaction Pause) 21M->20M(22M) 72.914ms
[2025-06-28T00:22:42.420+0200][31.217s] GC(598) User=0.14s Sys=0.00s Real=0.07s
[2025-06-28T00:22:42.420+0200][31.217s] GC(597) Concurrent Mark From Roots 72.684ms
[2025-06-28T00:22:42.420+0200][31.217s] GC(597) Concurrent Mark Abort
[2025-06-28T00:22:42.420+0200][31.217s] GC(597) Concurrent Mark Cycle 73.462ms
[2025-06-28T00:22:42.455+0200][31.251s] GC(599) Pause Young (Normal) (G1 Evacuation Pause)
[2025-06-28T00:22:42.455+0200][31.251s] GC(599) Using 8 workers of 10 for evacuation
[2025-06-28T00:22:42.457+0200][31.254s] GC(599)   Pre Evacuate Collection Set: 0.3ms
[2025-06-28T00:22:42.458+0200][31.254s] GC(599)   Merge Heap Roots: 0.2ms
[2025-06-28T00:22:42.458+0200][31.254s] GC(599)   Evacuate Collection Set: 0.9ms
[2025-06-28T00:22:42.458+0200][31.254s] GC(599)   Post Evacuate Collection Set: 0.7ms
[2025-06-28T00:22:42.458+0200][31.254s] GC(599)   Other: 0.1ms
[2025-06-28T00:22:42.458+0200][31.254s] GC(599) Eden regions: 1->0(0)
[2025-06-28T00:22:42.458+0200][31.254s] GC(599) Survivor regions: 0->0(0)
[2025-06-28T00:22:42.458+0200][31.254s] GC(599) Old regions: 21->22
[2025-06-28T00:22:42.458+0200][31.254s] GC(599) Humongous regions: 0->0
[2025-06-28T00:22:42.458+0200][31.254s] GC(599) Metaspace: 65399K(65920K)->65399K(65920K) NonClass: 56684K(56960K)->56684K(56960K) Class: 8714K(8960K)->8714K(8960K)
[2025-06-28T00:22:42.458+0200][31.254s] GC(599) Pause Young (Normal) (G1 Evacuation Pause) (Evacuation Failure) 21M->21M(22M) 2.724ms
[2025-06-28T00:22:42.458+0200][31.254s] GC(599) User=0.00s Sys=0.00s Real=0.00s
[2025-06-28T00:22:42.458+0200][31.254s] Attempting full compaction
[2025-06-28T00:22:42.458+0200][31.254s] GC(600) Pause Full (G1 Compaction Pause)
[2025-06-28T00:22:42.458+0200][31.254s] GC(600) Using 2 workers of 10 for full compaction
[2025-06-28T00:22:42.458+0200][31.254s] GC(600) Phase 1: Mark live objects
[2025-06-28T00:22:42.499+0200][31.295s] GC(600) Phase 1: Mark live objects 40.663ms
[2025-06-28T00:22:42.499+0200][31.295s] GC(600) Phase 2: Prepare compaction
[2025-06-28T00:22:42.499+0200][31.295s] GC(600) Phase 2: Prepare compaction 0.375ms
[2025-06-28T00:22:42.499+0200][31.296s] GC(600) Phase 3: Adjust pointers
[2025-06-28T00:22:42.513+0200][31.309s] GC(600) Phase 3: Adjust pointers 13.876ms
[2025-06-28T00:22:42.513+0200][31.309s] GC(600) Phase 4: Compact heap
[2025-06-28T00:22:42.514+0200][31.310s] GC(600) Phase 4: Compact heap 0.624ms
[2025-06-28T00:22:42.514+0200][31.310s] GC(600) Phase 5: Reset Metadata
[2025-06-28T00:22:42.519+0200][31.315s] GC(600) Phase 5: Reset Metadata 5.148ms
[2025-06-28T00:22:42.524+0200][31.320s] GC(600) Eden regions: 0->0(1)
[2025-06-28T00:22:42.524+0200][31.320s] GC(600) Survivor regions: 0->0(0)
[2025-06-28T00:22:42.524+0200][31.320s] GC(600) Old regions: 22->21
[2025-06-28T00:22:42.524+0200][31.320s] GC(600) Humongous regions: 0->0
[2025-06-28T00:22:42.524+0200][31.320s] GC(600) Metaspace: 65399K(65920K)->65399K(65920K) NonClass: 56684K(56960K)->56684K(56960K) Class: 8714K(8960K)->8714K(8960K)
[2025-06-28T00:22:42.524+0200][31.320s] GC(600) Pause Full (G1 Compaction Pause) 21M->20M(22M) 66.132ms
[2025-06-28T00:22:42.524+0200][31.320s] GC(600) User=0.12s Sys=0.00s Real=0.07s
[2025-06-28T00:22:42.549+0200][31.346s] GC(601) Pause Young (Concurrent Start) (G1 Evacuation Pause)
[2025-06-28T00:22:42.549+0200][31.346s] GC(601) Using 8 workers of 10 for evacuation
[2025-06-28T00:22:42.552+0200][31.348s] GC(601)   Pre Evacuate Collection Set: 0.3ms
[2025-06-28T00:22:42.552+0200][31.349s] GC(601)   Merge Heap Roots: 0.1ms
[2025-06-28T00:22:42.552+0200][31.349s] GC(601)   Evacuate Collection Set: 0.9ms
[2025-06-28T00:22:42.552+0200][31.349s] GC(601)   Post Evacuate Collection Set: 0.9ms
[2025-06-28T00:22:42.552+0200][31.349s] GC(601)   Other: 0.2ms
[2025-06-28T00:22:42.552+0200][31.349s] GC(601) Eden regions: 1->0(0)
[2025-06-28T00:22:42.552+0200][31.349s] GC(601) Survivor regions: 0->0(0)
[2025-06-28T00:22:42.552+0200][31.349s] GC(601) Old regions: 21->22
[2025-06-28T00:22:42.552+0200][31.349s] GC(601) Humongous regions: 0->0
[2025-06-28T00:22:42.552+0200][31.349s] GC(601) Metaspace: 65449K(65984K)->65449K(65984K) NonClass: 56731K(57024K)->56731K(57024K) Class: 8717K(8960K)->8717K(8960K)
[2025-06-28T00:22:42.552+0200][31.349s] GC(601) Pause Young (Concurrent Start) (G1 Evacuation Pause) (Evacuation Failure) 21M->21M(22M) 3.089ms
[2025-06-28T00:22:42.552+0200][31.349s] GC(601) User=0.00s Sys=0.00s Real=0.00s
[2025-06-28T00:22:42.552+0200][31.349s] Attempting full compaction
[2025-06-28T00:22:42.552+0200][31.349s] GC(602) Concurrent Mark Cycle
[2025-06-28T00:22:42.553+0200][31.349s] GC(603) Pause Full (G1 Compaction Pause)
[2025-06-28T00:22:42.553+0200][31.349s] GC(602) Concurrent Scan Root Regions
[2025-06-28T00:22:42.553+0200][31.349s] GC(603) Using 2 workers of 10 for full compaction
[2025-06-28T00:22:42.553+0200][31.349s] GC(602) Concurrent Scan Root Regions 0.212ms
[2025-06-28T00:22:42.553+0200][31.350s] GC(602) Concurrent Mark
[2025-06-28T00:22:42.553+0200][31.350s] GC(602) Concurrent Mark From Roots
[2025-06-28T00:22:42.553+0200][31.350s] GC(602) Using 3 workers of 3 for marking
[2025-06-28T00:22:42.553+0200][31.350s] GC(603) Phase 1: Mark live objects
[2025-06-28T00:22:42.602+0200][31.398s] GC(603) Phase 1: Mark live objects 48.383ms
[2025-06-28T00:22:42.602+0200][31.398s] GC(603) Phase 2: Prepare compaction
[2025-06-28T00:22:42.602+0200][31.399s] GC(603) Phase 2: Prepare compaction 0.380ms
[2025-06-28T00:22:42.602+0200][31.399s] GC(603) Phase 3: Adjust pointers
[2025-06-28T00:22:42.617+0200][31.413s] GC(603) Phase 3: Adjust pointers 13.963ms
[2025-06-28T00:22:42.617+0200][31.413s] GC(603) Phase 4: Compact heap
[2025-06-28T00:22:42.617+0200][31.413s] GC(603) Phase 4: Compact heap 0.555ms
[2025-06-28T00:22:42.617+0200][31.413s] GC(603) Phase 5: Reset Metadata
[2025-06-28T00:22:42.622+0200][31.418s] GC(603) Phase 5: Reset Metadata 5.046ms
[2025-06-28T00:22:42.627+0200][31.423s] GC(603) Eden regions: 0->0(1)
[2025-06-28T00:22:42.627+0200][31.423s] GC(603) Survivor regions: 0->0(0)
[2025-06-28T00:22:42.627+0200][31.423s] GC(603) Old regions: 22->21
[2025-06-28T00:22:42.627+0200][31.423s] GC(603) Humongous regions: 0->0
[2025-06-28T00:22:42.627+0200][31.423s] GC(603) Metaspace: 65449K(65984K)->65443K(65984K) NonClass: 56731K(57024K)->56727K(57024K) Class: 8717K(8960K)->8716K(8960K)
[2025-06-28T00:22:42.627+0200][31.423s] GC(603) Pause Full (G1 Compaction Pause) 21M->20M(22M) 74.319ms
[2025-06-28T00:22:42.627+0200][31.423s] GC(603) User=0.16s Sys=0.02s Real=0.07s
[2025-06-28T00:22:42.627+0200][31.424s] GC(602) Concurrent Mark From Roots 74.149ms
[2025-06-28T00:22:42.627+0200][31.424s] GC(602) Concurrent Mark Abort
[2025-06-28T00:22:42.627+0200][31.424s] GC(602) Concurrent Mark Cycle 74.846ms
[2025-06-28T00:22:42.708+0200][31.505s] GC(604) Pause Young (Normal) (G1 Evacuation Pause)
[2025-06-28T00:22:42.709+0200][31.505s] GC(604) Using 8 workers of 10 for evacuation
[2025-06-28T00:22:42.711+0200][31.508s] GC(604)   Pre Evacuate Collection Set: 0.2ms
[2025-06-28T00:22:42.711+0200][31.508s] GC(604)   Merge Heap Roots: 0.1ms
[2025-06-28T00:22:42.711+0200][31.508s] GC(604)   Evacuate Collection Set: 1.5ms
[2025-06-28T00:22:42.711+0200][31.508s] GC(604)   Post Evacuate Collection Set: 0.6ms
[2025-06-28T00:22:42.711+0200][31.508s] GC(604)   Other: 0.1ms
[2025-06-28T00:22:42.711+0200][31.508s] GC(604) Eden regions: 1->0(0)
[2025-06-28T00:22:42.711+0200][31.508s] GC(604) Survivor regions: 0->0(0)
[2025-06-28T00:22:42.711+0200][31.508s] GC(604) Old regions: 21->22
[2025-06-28T00:22:42.711+0200][31.508s] GC(604) Humongous regions: 0->0
[2025-06-28T00:22:42.711+0200][31.508s] GC(604) Metaspace: 65669K(66240K)->65669K(66240K) NonClass: 56911K(57216K)->56911K(57216K) Class: 8758K(9024K)->8758K(9024K)
[2025-06-28T00:22:42.711+0200][31.508s] GC(604) Pause Young (Normal) (G1 Evacuation Pause) (Evacuation Failure) 21M->21M(22M) 3.071ms
[2025-06-28T00:22:42.712+0200][31.508s] GC(604) User=0.00s Sys=0.00s Real=0.00s
[2025-06-28T00:22:42.712+0200][31.508s] Attempting full compaction
[2025-06-28T00:22:42.712+0200][31.508s] GC(605) Pause Full (G1 Compaction Pause)
[2025-06-28T00:22:42.712+0200][31.508s] GC(605) Using 2 workers of 10 for full compaction
[2025-06-28T00:22:42.712+0200][31.508s] GC(605) Phase 1: Mark live objects
[2025-06-28T00:22:42.762+0200][31.558s] GC(605) Phase 1: Mark live objects 49.740ms
[2025-06-28T00:22:42.762+0200][31.558s] GC(605) Phase 2: Prepare compaction
[2025-06-28T00:22:42.763+0200][31.559s] GC(605) Phase 2: Prepare compaction 0.484ms
[2025-06-28T00:22:42.763+0200][31.559s] GC(605) Phase 3: Adjust pointers
[2025-06-28T00:22:42.776+0200][31.572s] GC(605) Phase 3: Adjust pointers 13.283ms
[2025-06-28T00:22:42.776+0200][31.572s] GC(605) Phase 4: Compact heap
[2025-06-28T00:22:42.777+0200][31.573s] GC(605) Phase 4: Compact heap 0.516ms
[2025-06-28T00:22:42.777+0200][31.573s] GC(605) Phase 5: Reset Metadata
[2025-06-28T00:22:42.783+0200][31.579s] GC(605) Phase 5: Reset Metadata 5.862ms
[2025-06-28T00:22:42.787+0200][31.583s] GC(605) Eden regions: 0->0(1)
[2025-06-28T00:22:42.787+0200][31.583s] GC(605) Survivor regions: 0->0(0)
[2025-06-28T00:22:42.787+0200][31.583s] GC(605) Old regions: 22->21
[2025-06-28T00:22:42.787+0200][31.583s] GC(605) Humongous regions: 0->0
[2025-06-28T00:22:42.787+0200][31.583s] GC(605) Metaspace: 65669K(66240K)->65662K(66240K) NonClass: 56911K(57216K)->56906K(57216K) Class: 8758K(9024K)->8756K(9024K)
[2025-06-28T00:22:42.787+0200][31.583s] GC(605) Pause Full (G1 Compaction Pause) 21M->20M(22M) 74.935ms
[2025-06-28T00:22:42.787+0200][31.583s] GC(605) User=0.14s Sys=0.00s Real=0.08s
[2025-06-28T00:22:43.158+0200][31.954s] GC(606) Pause Young (Concurrent Start) (G1 Evacuation Pause)
[2025-06-28T00:22:43.158+0200][31.954s] GC(606) Using 8 workers of 10 for evacuation
[2025-06-28T00:22:43.160+0200][31.956s] GC(606)   Pre Evacuate Collection Set: 0.2ms
[2025-06-28T00:22:43.160+0200][31.956s] GC(606)   Merge Heap Roots: 0.1ms
[2025-06-28T00:22:43.160+0200][31.956s] GC(606)   Evacuate Collection Set: 1.0ms
[2025-06-28T00:22:43.160+0200][31.956s] GC(606)   Post Evacuate Collection Set: 0.6ms
[2025-06-28T00:22:43.160+0200][31.956s] GC(606)   Other: 0.2ms
[2025-06-28T00:22:43.160+0200][31.956s] GC(606) Eden regions: 1->0(0)
[2025-06-28T00:22:43.160+0200][31.956s] GC(606) Survivor regions: 0->0(0)
[2025-06-28T00:22:43.160+0200][31.956s] GC(606) Old regions: 21->22
[2025-06-28T00:22:43.160+0200][31.956s] GC(606) Humongous regions: 0->0
[2025-06-28T00:22:43.160+0200][31.956s] GC(606) Metaspace: 66194K(66816K)->66194K(66816K) NonClass: 57381K(57728K)->57381K(57728K) Class: 8812K(9088K)->8812K(9088K)
[2025-06-28T00:22:43.160+0200][31.956s] GC(606) Pause Young (Concurrent Start) (G1 Evacuation Pause) (Evacuation Failure) 21M->21M(22M) 2.466ms
[2025-06-28T00:22:43.160+0200][31.956s] GC(606) User=0.00s Sys=0.00s Real=0.00s
[2025-06-28T00:22:43.160+0200][31.956s] GC(607) Concurrent Mark Cycle
[2025-06-28T00:22:43.160+0200][31.956s] Attempting full compaction
[2025-06-28T00:22:43.160+0200][31.957s] GC(607) Concurrent Scan Root Regions
[2025-06-28T00:22:43.160+0200][31.957s] GC(608) Pause Full (G1 Compaction Pause)
[2025-06-28T00:22:43.160+0200][31.957s] GC(607) Concurrent Scan Root Regions 0.176ms
[2025-06-28T00:22:43.161+0200][31.957s] GC(608) Using 2 workers of 10 for full compaction
[2025-06-28T00:22:43.161+0200][31.957s] GC(607) Concurrent Mark
[2025-06-28T00:22:43.161+0200][31.957s] GC(607) Concurrent Mark From Roots
[2025-06-28T00:22:43.161+0200][31.957s] GC(607) Using 3 workers of 3 for marking
[2025-06-28T00:22:43.161+0200][31.958s] GC(608) Phase 1: Mark live objects
[2025-06-28T00:22:43.212+0200][32.007s] GC(608) Phase 1: Mark live objects 49.827ms
[2025-06-28T00:22:43.212+0200][32.008s] GC(608) Phase 2: Prepare compaction
[2025-06-28T00:22:43.213+0200][32.009s] GC(608) Phase 2: Prepare compaction 1.310ms
[2025-06-28T00:22:43.213+0200][32.009s] GC(608) Phase 3: Adjust pointers
[2025-06-28T00:22:43.230+0200][32.026s] GC(608) Phase 3: Adjust pointers 16.873ms
[2025-06-28T00:22:43.230+0200][32.026s] GC(608) Phase 4: Compact heap
[2025-06-28T00:22:43.230+0200][32.027s] GC(608) Phase 4: Compact heap 0.580ms
[2025-06-28T00:22:43.230+0200][32.027s] GC(608) Phase 5: Reset Metadata
[2025-06-28T00:22:43.236+0200][32.032s] GC(608) Phase 5: Reset Metadata 5.563ms
[2025-06-28T00:22:43.241+0200][32.037s] GC(608) Eden regions: 0->0(1)
[2025-06-28T00:22:43.241+0200][32.037s] GC(608) Survivor regions: 0->0(0)
[2025-06-28T00:22:43.241+0200][32.037s] GC(608) Old regions: 22->21
[2025-06-28T00:22:43.241+0200][32.037s] GC(608) Humongous regions: 0->0
[2025-06-28T00:22:43.241+0200][32.037s] GC(608) Metaspace: 66194K(66816K)->66177K(66816K) NonClass: 57381K(57728K)->57369K(57728K) Class: 8812K(9088K)->8807K(9088K)
[2025-06-28T00:22:43.241+0200][32.037s] GC(608) Pause Full (G1 Compaction Pause) 21M->20M(22M) 80.649ms
[2025-06-28T00:22:43.241+0200][32.037s] GC(608) User=0.22s Sys=0.02s Real=0.08s
[2025-06-28T00:22:43.241+0200][32.038s] GC(607) Concurrent Mark From Roots 80.597ms
[2025-06-28T00:22:43.241+0200][32.038s] GC(607) Concurrent Mark Abort
[2025-06-28T00:22:43.241+0200][32.038s] GC(607) Concurrent Mark Cycle 81.403ms
[2025-06-28T00:22:43.285+0200][32.081s] GC(609) Pause Young (Normal) (G1 Evacuation Pause)
[2025-06-28T00:22:43.285+0200][32.081s] GC(609) Using 8 workers of 10 for evacuation
[2025-06-28T00:22:43.286+0200][32.082s] GC(609)   Pre Evacuate Collection Set: 0.1ms
[2025-06-28T00:22:43.286+0200][32.083s] GC(609)   Merge Heap Roots: 0.1ms
[2025-06-28T00:22:43.286+0200][32.083s] GC(609)   Evacuate Collection Set: 0.6ms
[2025-06-28T00:22:43.286+0200][32.083s] GC(609)   Post Evacuate Collection Set: 0.4ms
[2025-06-28T00:22:43.286+0200][32.083s] GC(609)   Other: 0.1ms
[2025-06-28T00:22:43.286+0200][32.083s] GC(609) Eden regions: 1->0(0)
[2025-06-28T00:22:43.286+0200][32.083s] GC(609) Survivor regions: 0->0(0)
[2025-06-28T00:22:43.286+0200][32.083s] GC(609) Old regions: 21->22
[2025-06-28T00:22:43.286+0200][32.083s] GC(609) Humongous regions: 0->0
[2025-06-28T00:22:43.286+0200][32.083s] GC(609) Metaspace: 66243K(66880K)->66243K(66880K) NonClass: 57425K(57792K)->57425K(57792K) Class: 8817K(9088K)->8817K(9088K)
[2025-06-28T00:22:43.286+0200][32.083s] GC(609) Pause Young (Normal) (G1 Evacuation Pause) (Evacuation Failure) 21M->21M(22M) 1.912ms
[2025-06-28T00:22:43.286+0200][32.083s] GC(609) User=0.00s Sys=0.00s Real=0.00s
[2025-06-28T00:22:43.287+0200][32.083s] Attempting full compaction
[2025-06-28T00:22:43.287+0200][32.083s] GC(610) Pause Full (G1 Compaction Pause)
[2025-06-28T00:22:43.287+0200][32.083s] GC(610) Using 2 workers of 10 for full compaction
[2025-06-28T00:22:43.287+0200][32.083s] GC(610) Phase 1: Mark live objects
[2025-06-28T00:22:43.327+0200][32.122s] GC(610) Phase 1: Mark live objects 39.340ms
[2025-06-28T00:22:43.327+0200][32.123s] GC(610) Phase 2: Prepare compaction
[2025-06-28T00:22:43.327+0200][32.123s] GC(610) Phase 2: Prepare compaction 0.474ms
[2025-06-28T00:22:43.327+0200][32.123s] GC(610) Phase 3: Adjust pointers
[2025-06-28T00:22:43.341+0200][32.137s] GC(610) Phase 3: Adjust pointers 13.869ms
[2025-06-28T00:22:43.341+0200][32.137s] GC(610) Phase 4: Compact heap
[2025-06-28T00:22:43.342+0200][32.138s] GC(610) Phase 4: Compact heap 0.531ms
[2025-06-28T00:22:43.342+0200][32.138s] GC(610) Phase 5: Reset Metadata
[2025-06-28T00:22:43.347+0200][32.143s] GC(610) Phase 5: Reset Metadata 5.712ms
[2025-06-28T00:22:43.351+0200][32.147s] GC(610) Eden regions: 0->0(1)
[2025-06-28T00:22:43.351+0200][32.147s] GC(610) Survivor regions: 0->0(0)
[2025-06-28T00:22:43.351+0200][32.147s] GC(610) Old regions: 22->21
[2025-06-28T00:22:43.351+0200][32.147s] GC(610) Humongous regions: 0->0
[2025-06-28T00:22:43.351+0200][32.147s] GC(610) Metaspace: 66243K(66880K)->66243K(66880K) NonClass: 57425K(57792K)->57425K(57792K) Class: 8817K(9088K)->8817K(9088K)
[2025-06-28T00:22:43.352+0200][32.147s] GC(610) Pause Full (G1 Compaction Pause) 21M->20M(22M) 64.550ms
[2025-06-28T00:22:43.352+0200][32.148s] GC(610) User=0.12s Sys=0.00s Real=0.07s
[2025-06-28T00:22:43.387+0200][32.183s] GC(611) Pause Young (Concurrent Start) (G1 Evacuation Pause)
[2025-06-28T00:22:43.387+0200][32.183s] GC(611) Using 8 workers of 10 for evacuation
[2025-06-28T00:22:43.389+0200][32.185s] GC(611)   Pre Evacuate Collection Set: 0.2ms
[2025-06-28T00:22:43.390+0200][32.185s] GC(611)   Merge Heap Roots: 0.1ms
[2025-06-28T00:22:43.390+0200][32.186s] GC(611)   Evacuate Collection Set: 1.5ms
[2025-06-28T00:22:43.390+0200][32.186s] GC(611)   Post Evacuate Collection Set: 0.7ms
[2025-06-28T00:22:43.390+0200][32.186s] GC(611)   Other: 0.2ms
[2025-06-28T00:22:43.390+0200][32.186s] GC(611) Eden regions: 1->0(0)
[2025-06-28T00:22:43.390+0200][32.186s] GC(611) Survivor regions: 0->0(0)
[2025-06-28T00:22:43.390+0200][32.186s] GC(611) Old regions: 21->22
[2025-06-28T00:22:43.390+0200][32.186s] GC(611) Humongous regions: 0->0
[2025-06-28T00:22:43.390+0200][32.186s] GC(611) Metaspace: 66301K(66880K)->66301K(66880K) NonClass: 57470K(57792K)->57470K(57792K) Class: 8830K(9088K)->8830K(9088K)
[2025-06-28T00:22:43.390+0200][32.186s] GC(611) Pause Young (Concurrent Start) (G1 Evacuation Pause) (Evacuation Failure) 21M->21M(22M) 3.220ms
[2025-06-28T00:22:43.390+0200][32.186s] GC(611) User=0.02s Sys=0.00s Real=0.00s
[2025-06-28T00:22:43.390+0200][32.186s] Attempting full compaction
[2025-06-28T00:22:43.390+0200][32.186s] GC(612) Concurrent Mark Cycle
[2025-06-28T00:22:43.390+0200][32.186s] GC(613) Pause Full (G1 Compaction Pause)
[2025-06-28T00:22:43.390+0200][32.186s] GC(612) Concurrent Scan Root Regions
[2025-06-28T00:22:43.390+0200][32.186s] GC(613) Using 2 workers of 10 for full compaction
[2025-06-28T00:22:43.390+0200][32.186s] GC(612) Concurrent Scan Root Regions 0.136ms
[2025-06-28T00:22:43.390+0200][32.186s] GC(612) Concurrent Mark
[2025-06-28T00:22:43.390+0200][32.186s] GC(612) Concurrent Mark From Roots
[2025-06-28T00:22:43.390+0200][32.186s] GC(612) Using 3 workers of 3 for marking
[2025-06-28T00:22:43.390+0200][32.186s] GC(613) Phase 1: Mark live objects
[2025-06-28T00:22:43.442+0200][32.239s] GC(613) Phase 1: Mark live objects 52.432ms
[2025-06-28T00:22:43.442+0200][32.239s] GC(613) Phase 2: Prepare compaction
[2025-06-28T00:22:43.443+0200][32.239s] GC(613) Phase 2: Prepare compaction 0.513ms
[2025-06-28T00:22:43.443+0200][32.240s] GC(613) Phase 3: Adjust pointers
[2025-06-28T00:22:43.457+0200][32.254s] GC(613) Phase 3: Adjust pointers 14.291ms
[2025-06-28T00:22:43.457+0200][32.254s] GC(613) Phase 4: Compact heap
[2025-06-28T00:22:43.458+0200][32.254s] GC(613) Phase 4: Compact heap 0.490ms
[2025-06-28T00:22:43.458+0200][32.254s] GC(613) Phase 5: Reset Metadata
[2025-06-28T00:22:43.464+0200][32.260s] GC(613) Phase 5: Reset Metadata 5.329ms
[2025-06-28T00:22:43.468+0200][32.264s] GC(613) Eden regions: 0->0(1)
[2025-06-28T00:22:43.468+0200][32.264s] GC(613) Survivor regions: 0->0(0)
[2025-06-28T00:22:43.468+0200][32.264s] GC(613) Old regions: 22->21
[2025-06-28T00:22:43.468+0200][32.264s] GC(613) Humongous regions: 0->0
[2025-06-28T00:22:43.468+0200][32.265s] GC(613) Metaspace: 66301K(66880K)->66299K(66880K) NonClass: 57470K(57792K)->57469K(57792K) Class: 8830K(9088K)->8829K(9088K)
[2025-06-28T00:22:43.468+0200][32.265s] GC(613) Pause Full (G1 Compaction Pause) 21M->20M(22M) 78.630ms
[2025-06-28T00:22:43.469+0200][32.265s] GC(613) User=0.17s Sys=0.00s Real=0.08s
[2025-06-28T00:22:43.471+0200][32.267s] GC(612) Concurrent Mark From Roots 80.683ms
[2025-06-28T00:22:43.471+0200][32.267s] GC(612) Concurrent Mark Abort
[2025-06-28T00:22:43.471+0200][32.267s] GC(612) Concurrent Mark Cycle 81.200ms
[2025-06-28T00:22:43.503+0200][32.299s] GC(614) Pause Young (Normal) (G1 Evacuation Pause)
[2025-06-28T00:22:43.503+0200][32.299s] GC(614) Using 8 workers of 10 for evacuation
[2025-06-28T00:22:43.505+0200][32.301s] GC(614)   Pre Evacuate Collection Set: 0.2ms
[2025-06-28T00:22:43.505+0200][32.301s] GC(614)   Merge Heap Roots: 0.1ms
[2025-06-28T00:22:43.505+0200][32.301s] GC(614)   Evacuate Collection Set: 0.6ms
[2025-06-28T00:22:43.505+0200][32.301s] GC(614)   Post Evacuate Collection Set: 1.0ms
[2025-06-28T00:22:43.505+0200][32.301s] GC(614)   Other: 0.1ms
[2025-06-28T00:22:43.505+0200][32.301s] GC(614) Eden regions: 1->0(0)
[2025-06-28T00:22:43.505+0200][32.301s] GC(614) Survivor regions: 0->0(0)
[2025-06-28T00:22:43.505+0200][32.301s] GC(614) Old regions: 21->22
[2025-06-28T00:22:43.505+0200][32.301s] GC(614) Humongous regions: 0->0
[2025-06-28T00:22:43.505+0200][32.301s] GC(614) Metaspace: 66361K(66944K)->66361K(66944K) NonClass: 57522K(57856K)->57522K(57856K) Class: 8838K(9088K)->8838K(9088K)
[2025-06-28T00:22:43.505+0200][32.301s] GC(614) Pause Young (Normal) (G1 Evacuation Pause) (Evacuation Failure) 21M->21M(22M) 2.291ms
[2025-06-28T00:22:43.505+0200][32.301s] GC(614) User=0.00s Sys=0.00s Real=0.00s
[2025-06-28T00:22:43.505+0200][32.301s] Attempting full compaction
[2025-06-28T00:22:43.505+0200][32.301s] GC(615) Pause Full (G1 Compaction Pause)
[2025-06-28T00:22:43.505+0200][32.301s] GC(615) Using 2 workers of 10 for full compaction
[2025-06-28T00:22:43.505+0200][32.301s] GC(615) Phase 1: Mark live objects
[2025-06-28T00:22:43.541+0200][32.336s] GC(615) Phase 1: Mark live objects 35.280ms
[2025-06-28T00:22:43.541+0200][32.337s] GC(615) Phase 2: Prepare compaction
[2025-06-28T00:22:43.541+0200][32.337s] GC(615) Phase 2: Prepare compaction 0.483ms
[2025-06-28T00:22:43.541+0200][32.337s] GC(615) Phase 3: Adjust pointers
[2025-06-28T00:22:43.554+0200][32.350s] GC(615) Phase 3: Adjust pointers 12.533ms
[2025-06-28T00:22:43.554+0200][32.350s] GC(615) Phase 4: Compact heap
[2025-06-28T00:22:43.554+0200][32.350s] GC(615) Phase 4: Compact heap 0.353ms
[2025-06-28T00:22:43.554+0200][32.350s] GC(615) Phase 5: Reset Metadata
[2025-06-28T00:22:43.559+0200][32.355s] GC(615) Phase 5: Reset Metadata 4.826ms
[2025-06-28T00:22:43.563+0200][32.359s] GC(615) Eden regions: 0->0(1)
[2025-06-28T00:22:43.564+0200][32.359s] GC(615) Survivor regions: 0->0(0)
[2025-06-28T00:22:43.564+0200][32.360s] GC(615) Old regions: 22->21
[2025-06-28T00:22:43.564+0200][32.360s] GC(615) Humongous regions: 0->0
[2025-06-28T00:22:43.564+0200][32.360s] GC(615) Metaspace: 66361K(66944K)->66361K(66944K) NonClass: 57522K(57856K)->57522K(57856K) Class: 8838K(9088K)->8838K(9088K)
[2025-06-28T00:22:43.564+0200][32.360s] GC(615) Pause Full (G1 Compaction Pause) 21M->20M(22M) 58.565ms
[2025-06-28T00:22:43.564+0200][32.360s] GC(615) User=0.12s Sys=0.00s Real=0.06s
[2025-06-28T00:22:43.584+0200][32.380s] GC(616) Pause Young (Concurrent Start) (G1 Evacuation Pause)
[2025-06-28T00:22:43.584+0200][32.380s] GC(616) Using 8 workers of 10 for evacuation
[2025-06-28T00:22:43.585+0200][32.381s] GC(616)   Pre Evacuate Collection Set: 0.2ms
[2025-06-28T00:22:43.585+0200][32.381s] GC(616)   Merge Heap Roots: 0.1ms
[2025-06-28T00:22:43.586+0200][32.381s] GC(616)   Evacuate Collection Set: 0.7ms
[2025-06-28T00:22:43.586+0200][32.381s] GC(616)   Post Evacuate Collection Set: 0.5ms
[2025-06-28T00:22:43.586+0200][32.382s] GC(616)   Other: 0.2ms
[2025-06-28T00:22:43.586+0200][32.382s] GC(616) Eden regions: 1->0(0)
[2025-06-28T00:22:43.586+0200][32.382s] GC(616) Survivor regions: 0->0(0)
[2025-06-28T00:22:43.586+0200][32.382s] GC(616) Old regions: 21->22
[2025-06-28T00:22:43.586+0200][32.382s] GC(616) Humongous regions: 0->0
[2025-06-28T00:22:43.586+0200][32.382s] GC(616) Metaspace: 66445K(67008K)->66445K(67008K) NonClass: 57598K(57920K)->57598K(57920K) Class: 8847K(9088K)->8847K(9088K)
[2025-06-28T00:22:43.586+0200][32.382s] GC(616) Pause Young (Concurrent Start) (G1 Evacuation Pause) (Evacuation Failure) 21M->21M(22M) 2.141ms
[2025-06-28T00:22:43.586+0200][32.382s] GC(617) Concurrent Mark Cycle
[2025-06-28T00:22:43.586+0200][32.382s] GC(616) User=0.00s Sys=0.00s Real=0.00s
[2025-06-28T00:22:43.586+0200][32.382s] GC(617) Concurrent Scan Root Regions
[2025-06-28T00:22:43.586+0200][32.382s] Attempting full compaction
[2025-06-28T00:22:43.586+0200][32.382s] GC(617) Concurrent Scan Root Regions 0.109ms
[2025-06-28T00:22:43.586+0200][32.382s] GC(618) Pause Full (G1 Compaction Pause)
[2025-06-28T00:22:43.586+0200][32.382s] GC(617) Concurrent Mark
[2025-06-28T00:22:43.586+0200][32.382s] GC(618) Using 2 workers of 10 for full compaction
[2025-06-28T00:22:43.586+0200][32.382s] GC(617) Concurrent Mark From Roots
[2025-06-28T00:22:43.586+0200][32.382s] GC(617) Using 3 workers of 3 for marking
[2025-06-28T00:22:43.586+0200][32.382s] GC(618) Phase 1: Mark live objects
[2025-06-28T00:22:43.621+0200][32.417s] GC(618) Phase 1: Mark live objects 34.637ms
[2025-06-28T00:22:43.621+0200][32.417s] GC(618) Phase 2: Prepare compaction
[2025-06-28T00:22:43.622+0200][32.418s] GC(618) Phase 2: Prepare compaction 0.446ms
[2025-06-28T00:22:43.622+0200][32.418s] GC(618) Phase 3: Adjust pointers
[2025-06-28T00:22:43.635+0200][32.431s] GC(618) Phase 3: Adjust pointers 13.826ms
[2025-06-28T00:22:43.635+0200][32.432s] GC(618) Phase 4: Compact heap
[2025-06-28T00:22:43.636+0200][32.432s] GC(618) Phase 4: Compact heap 0.446ms
[2025-06-28T00:22:43.636+0200][32.432s] GC(618) Phase 5: Reset Metadata
[2025-06-28T00:22:43.640+0200][32.437s] GC(618) Phase 5: Reset Metadata 4.744ms
[2025-06-28T00:22:43.647+0200][32.444s] GC(618) Eden regions: 0->0(1)
[2025-06-28T00:22:43.647+0200][32.444s] GC(618) Survivor regions: 0->0(0)
[2025-06-28T00:22:43.647+0200][32.444s] GC(618) Old regions: 22->21
[2025-06-28T00:22:43.647+0200][32.444s] GC(618) Humongous regions: 0->0
[2025-06-28T00:22:43.647+0200][32.444s] GC(618) Metaspace: 66445K(67008K)->66445K(67008K) NonClass: 57598K(57920K)->57598K(57920K) Class: 8847K(9088K)->8847K(9088K)
[2025-06-28T00:22:43.647+0200][32.444s] GC(618) Pause Full (G1 Compaction Pause) 21M->20M(22M) 61.802ms
[2025-06-28T00:22:43.647+0200][32.444s] GC(618) User=0.09s Sys=0.00s Real=0.06s
[2025-06-28T00:22:43.647+0200][32.444s] GC(617) Concurrent Mark From Roots 61.865ms
[2025-06-28T00:22:43.647+0200][32.444s] GC(617) Concurrent Mark Abort
[2025-06-28T00:22:43.647+0200][32.444s] GC(617) Concurrent Mark Cycle 62.323ms
[2025-06-28T00:22:43.671+0200][32.467s] GC(619) Pause Young (Normal) (G1 Evacuation Pause)
[2025-06-28T00:22:43.671+0200][32.467s] GC(619) Using 8 workers of 10 for evacuation
[2025-06-28T00:22:43.673+0200][32.469s] GC(619)   Pre Evacuate Collection Set: 0.2ms
[2025-06-28T00:22:43.673+0200][32.469s] GC(619)   Merge Heap Roots: 0.1ms
[2025-06-28T00:22:43.673+0200][32.469s] GC(619)   Evacuate Collection Set: 0.8ms
[2025-06-28T00:22:43.673+0200][32.469s] GC(619)   Post Evacuate Collection Set: 0.5ms
[2025-06-28T00:22:43.673+0200][32.469s] GC(619)   Other: 0.1ms
[2025-06-28T00:22:43.673+0200][32.469s] GC(619) Eden regions: 1->0(0)
[2025-06-28T00:22:43.673+0200][32.469s] GC(619) Survivor regions: 0->0(0)
[2025-06-28T00:22:43.673+0200][32.469s] GC(619) Old regions: 21->22
[2025-06-28T00:22:43.673+0200][32.469s] GC(619) Humongous regions: 0->0
[2025-06-28T00:22:43.673+0200][32.469s] GC(619) Metaspace: 66510K(67072K)->66510K(67072K) NonClass: 57652K(57984K)->57652K(57984K) Class: 8857K(9088K)->8857K(9088K)
[2025-06-28T00:22:43.673+0200][32.469s] GC(619) Pause Young (Normal) (G1 Evacuation Pause) (Evacuation Failure) 21M->21M(22M) 2.311ms
[2025-06-28T00:22:43.673+0200][32.469s] GC(619) User=0.00s Sys=0.00s Real=0.00s
[2025-06-28T00:22:43.673+0200][32.469s] Attempting full compaction
[2025-06-28T00:22:43.673+0200][32.470s] GC(620) Pause Full (G1 Compaction Pause)
[2025-06-28T00:22:43.673+0200][32.470s] GC(620) Using 2 workers of 10 for full compaction
[2025-06-28T00:22:43.674+0200][32.470s] GC(620) Phase 1: Mark live objects
[2025-06-28T00:22:43.717+0200][32.513s] GC(620) Phase 1: Mark live objects 43.421ms
[2025-06-28T00:22:43.717+0200][32.513s] GC(620) Phase 2: Prepare compaction
[2025-06-28T00:22:43.718+0200][32.514s] GC(620) Phase 2: Prepare compaction 0.549ms
[2025-06-28T00:22:43.718+0200][32.514s] GC(620) Phase 3: Adjust pointers
[2025-06-28T00:22:43.734+0200][32.530s] GC(620) Phase 3: Adjust pointers 16.353ms
[2025-06-28T00:22:43.734+0200][32.530s] GC(620) Phase 4: Compact heap
[2025-06-28T00:22:43.734+0200][32.531s] GC(620) Phase 4: Compact heap 0.449ms
[2025-06-28T00:22:43.734+0200][32.531s] GC(620) Phase 5: Reset Metadata
[2025-06-28T00:22:43.740+0200][32.536s] GC(620) Phase 5: Reset Metadata 5.446ms
[2025-06-28T00:22:43.745+0200][32.542s] GC(620) Eden regions: 0->0(1)
[2025-06-28T00:22:43.745+0200][32.542s] GC(620) Survivor regions: 0->0(0)
[2025-06-28T00:22:43.745+0200][32.542s] GC(620) Old regions: 22->21
[2025-06-28T00:22:43.745+0200][32.542s] GC(620) Humongous regions: 0->0
[2025-06-28T00:22:43.745+0200][32.542s] GC(620) Metaspace: 66510K(67072K)->66510K(67072K) NonClass: 57652K(57984K)->57652K(57984K) Class: 8857K(9088K)->8857K(9088K)
[2025-06-28T00:22:43.745+0200][32.542s] GC(620) Pause Full (G1 Compaction Pause) 21M->20M(22M) 72.596ms
[2025-06-28T00:22:43.746+0200][32.542s] GC(620) User=0.14s Sys=0.00s Real=0.07s
[2025-06-28T00:22:43.771+0200][32.568s] GC(621) Pause Young (Concurrent Start) (G1 Evacuation Pause)
[2025-06-28T00:22:43.771+0200][32.568s] GC(621) Using 8 workers of 10 for evacuation
[2025-06-28T00:22:43.774+0200][32.571s] GC(621)   Pre Evacuate Collection Set: 0.5ms
[2025-06-28T00:22:43.774+0200][32.571s] GC(621)   Merge Heap Roots: 0.2ms
[2025-06-28T00:22:43.774+0200][32.571s] GC(621)   Evacuate Collection Set: 1.1ms
[2025-06-28T00:22:43.774+0200][32.571s] GC(621)   Post Evacuate Collection Set: 0.8ms
[2025-06-28T00:22:43.774+0200][32.571s] GC(621)   Other: 0.2ms
[2025-06-28T00:22:43.774+0200][32.571s] GC(621) Eden regions: 1->0(0)
[2025-06-28T00:22:43.774+0200][32.571s] GC(621) Survivor regions: 0->0(0)
[2025-06-28T00:22:43.774+0200][32.571s] GC(621) Old regions: 21->22
[2025-06-28T00:22:43.774+0200][32.571s] GC(621) Humongous regions: 0->0
[2025-06-28T00:22:43.774+0200][32.571s] GC(621) Metaspace: 66622K(67136K)->66622K(67136K) NonClass: 57750K(58048K)->57750K(58048K) Class: 8871K(9088K)->8871K(9088K)
[2025-06-28T00:22:43.774+0200][32.571s] GC(621) Pause Young (Concurrent Start) (G1 Evacuation Pause) (Evacuation Failure) 21M->21M(22M) 3.253ms
[2025-06-28T00:22:43.774+0200][32.571s] GC(621) User=0.00s Sys=0.00s Real=0.00s
[2025-06-28T00:22:43.774+0200][32.571s] GC(622) Concurrent Mark Cycle
[2025-06-28T00:22:43.774+0200][32.571s] Attempting full compaction
[2025-06-28T00:22:43.774+0200][32.571s] GC(622) Concurrent Scan Root Regions
[2025-06-28T00:22:43.774+0200][32.571s] GC(623) Pause Full (G1 Compaction Pause)
[2025-06-28T00:22:43.775+0200][32.571s] GC(622) Concurrent Scan Root Regions 0.118ms
[2025-06-28T00:22:43.775+0200][32.571s] GC(623) Using 2 workers of 10 for full compaction
[2025-06-28T00:22:43.775+0200][32.571s] GC(622) Concurrent Mark
[2025-06-28T00:22:43.775+0200][32.571s] GC(622) Concurrent Mark From Roots
[2025-06-28T00:22:43.775+0200][32.571s] GC(622) Using 3 workers of 3 for marking
[2025-06-28T00:22:43.775+0200][32.572s] GC(623) Phase 1: Mark live objects
[2025-06-28T00:22:43.822+0200][32.618s] GC(623) Phase 1: Mark live objects 45.962ms
[2025-06-28T00:22:43.822+0200][32.618s] GC(623) Phase 2: Prepare compaction
[2025-06-28T00:22:43.822+0200][32.618s] GC(623) Phase 2: Prepare compaction 0.568ms
[2025-06-28T00:22:43.822+0200][32.618s] GC(623) Phase 3: Adjust pointers
[2025-06-28T00:22:43.841+0200][32.637s] GC(623) Phase 3: Adjust pointers 18.801ms
[2025-06-28T00:22:43.841+0200][32.637s] GC(623) Phase 4: Compact heap
[2025-06-28T00:22:43.841+0200][32.638s] GC(623) Phase 4: Compact heap 0.462ms
[2025-06-28T00:22:43.841+0200][32.638s] GC(623) Phase 5: Reset Metadata
[2025-06-28T00:22:43.850+0200][32.646s] GC(623) Phase 5: Reset Metadata 8.594ms
[2025-06-28T00:22:43.855+0200][32.651s] GC(623) Eden regions: 0->0(1)
[2025-06-28T00:22:43.855+0200][32.651s] GC(623) Survivor regions: 0->0(0)
[2025-06-28T00:22:43.855+0200][32.651s] GC(623) Old regions: 22->21
[2025-06-28T00:22:43.855+0200][32.651s] GC(623) Humongous regions: 0->0
[2025-06-28T00:22:43.855+0200][32.651s] GC(623) Metaspace: 66622K(67136K)->66622K(67136K) NonClass: 57750K(58048K)->57750K(58048K) Class: 8871K(9088K)->8871K(9088K)
[2025-06-28T00:22:43.856+0200][32.651s] GC(623) Pause Full (G1 Compaction Pause) 21M->20M(22M) 80.242ms
[2025-06-28T00:22:43.856+0200][32.651s] GC(623) User=0.17s Sys=0.00s Real=0.08s
[2025-06-28T00:22:43.856+0200][32.652s] GC(622) Concurrent Mark From Roots 80.230ms
[2025-06-28T00:22:43.856+0200][32.652s] GC(622) Concurrent Mark Abort
[2025-06-28T00:22:43.856+0200][32.652s] GC(622) Concurrent Mark Cycle 80.788ms
[2025-06-28T00:22:43.887+0200][32.683s] GC(624) Pause Young (Normal) (G1 Evacuation Pause)
[2025-06-28T00:22:43.888+0200][32.683s] GC(624) Using 8 workers of 10 for evacuation
[2025-06-28T00:22:43.890+0200][32.686s] GC(624)   Pre Evacuate Collection Set: 0.4ms
[2025-06-28T00:22:43.890+0200][32.686s] GC(624)   Merge Heap Roots: 0.2ms
[2025-06-28T00:22:43.890+0200][32.686s] GC(624)   Evacuate Collection Set: 0.8ms
[2025-06-28T00:22:43.890+0200][32.686s] GC(624)   Post Evacuate Collection Set: 0.7ms
[2025-06-28T00:22:43.890+0200][32.686s] GC(624)   Other: 0.1ms
[2025-06-28T00:22:43.890+0200][32.686s] GC(624) Eden regions: 1->0(0)
[2025-06-28T00:22:43.890+0200][32.686s] GC(624) Survivor regions: 0->0(0)
[2025-06-28T00:22:43.890+0200][32.686s] GC(624) Old regions: 21->22
[2025-06-28T00:22:43.890+0200][32.686s] GC(624) Humongous regions: 0->0
[2025-06-28T00:22:43.890+0200][32.686s] GC(624) Metaspace: 66735K(67328K)->66735K(67328K) NonClass: 57845K(58176K)->57845K(58176K) Class: 8889K(9152K)->8889K(9152K)
[2025-06-28T00:22:43.890+0200][32.686s] GC(624) Pause Young (Normal) (G1 Evacuation Pause) (Evacuation Failure) 21M->21M(22M) 2.562ms
[2025-06-28T00:22:43.890+0200][32.686s] GC(624) User=0.00s Sys=0.00s Real=0.00s
[2025-06-28T00:22:43.890+0200][32.686s] Attempting full compaction
[2025-06-28T00:22:43.890+0200][32.686s] GC(625) Pause Full (G1 Compaction Pause)
[2025-06-28T00:22:43.890+0200][32.686s] GC(625) Using 2 workers of 10 for full compaction
[2025-06-28T00:22:43.890+0200][32.686s] GC(625) Phase 1: Mark live objects
[2025-06-28T00:22:43.937+0200][32.733s] GC(625) Phase 1: Mark live objects 47.018ms
[2025-06-28T00:22:43.937+0200][32.733s] GC(625) Phase 2: Prepare compaction
[2025-06-28T00:22:43.937+0200][32.734s] GC(625) Phase 2: Prepare compaction 0.568ms
[2025-06-28T00:22:43.938+0200][32.734s] GC(625) Phase 3: Adjust pointers
[2025-06-28T00:22:43.956+0200][32.753s] GC(625) Phase 3: Adjust pointers 18.885ms
[2025-06-28T00:22:43.957+0200][32.753s] GC(625) Phase 4: Compact heap
[2025-06-28T00:22:43.957+0200][32.754s] GC(625) Phase 4: Compact heap 0.658ms
[2025-06-28T00:22:43.957+0200][32.754s] GC(625) Phase 5: Reset Metadata
[2025-06-28T00:22:43.966+0200][32.762s] GC(625) Phase 5: Reset Metadata 8.656ms
[2025-06-28T00:22:43.971+0200][32.768s] GC(625) Eden regions: 0->0(1)
[2025-06-28T00:22:43.971+0200][32.768s] GC(625) Survivor regions: 0->0(0)
[2025-06-28T00:22:43.971+0200][32.768s] GC(625) Old regions: 22->21
[2025-06-28T00:22:43.971+0200][32.768s] GC(625) Humongous regions: 0->0
[2025-06-28T00:22:43.971+0200][32.768s] GC(625) Metaspace: 66735K(67328K)->66735K(67328K) NonClass: 57845K(58176K)->57845K(58176K) Class: 8889K(9152K)->8889K(9152K)
[2025-06-28T00:22:43.971+0200][32.768s] GC(625) Pause Full (G1 Compaction Pause) 21M->20M(22M) 81.859ms
[2025-06-28T00:22:43.971+0200][32.768s] GC(625) User=0.16s Sys=0.00s Real=0.08s
[2025-06-28T00:22:43.992+0200][32.788s] GC(626) Pause Young (Concurrent Start) (G1 Evacuation Pause)
[2025-06-28T00:22:43.992+0200][32.788s] GC(626) Using 8 workers of 10 for evacuation
[2025-06-28T00:22:43.995+0200][32.791s] GC(626)   Pre Evacuate Collection Set: 0.3ms
[2025-06-28T00:22:43.995+0200][32.791s] GC(626)   Merge Heap Roots: 0.1ms
[2025-06-28T00:22:43.995+0200][32.791s] GC(626)   Evacuate Collection Set: 1.5ms
[2025-06-28T00:22:43.995+0200][32.791s] GC(626)   Post Evacuate Collection Set: 0.9ms
[2025-06-28T00:22:43.995+0200][32.791s] GC(626)   Other: 0.2ms
[2025-06-28T00:22:43.995+0200][32.791s] GC(626) Eden regions: 1->0(0)
[2025-06-28T00:22:43.995+0200][32.792s] GC(626) Survivor regions: 0->0(0)
[2025-06-28T00:22:43.995+0200][32.792s] GC(626) Old regions: 21->22
[2025-06-28T00:22:43.995+0200][32.792s] GC(626) Humongous regions: 0->0
[2025-06-28T00:22:43.995+0200][32.792s] GC(626) Metaspace: 66785K(67392K)->66785K(67392K) NonClass: 57886K(58240K)->57886K(58240K) Class: 8899K(9152K)->8899K(9152K)
[2025-06-28T00:22:43.995+0200][32.792s] GC(626) Pause Young (Concurrent Start) (G1 Evacuation Pause) (Evacuation Failure) 21M->21M(22M) 3.433ms
[2025-06-28T00:22:43.995+0200][32.792s] GC(626) User=0.00s Sys=0.00s Real=0.00s
[2025-06-28T00:22:43.995+0200][32.792s] Attempting full compaction
[2025-06-28T00:22:43.995+0200][32.792s] GC(627) Concurrent Mark Cycle
[2025-06-28T00:22:43.995+0200][32.792s] GC(628) Pause Full (G1 Compaction Pause)
[2025-06-28T00:22:43.995+0200][32.792s] GC(627) Concurrent Scan Root Regions
[2025-06-28T00:22:43.995+0200][32.792s] GC(628) Using 2 workers of 10 for full compaction
[2025-06-28T00:22:43.995+0200][32.792s] GC(627) Concurrent Scan Root Regions 0.194ms
[2025-06-28T00:22:43.996+0200][32.792s] GC(627) Concurrent Mark
[2025-06-28T00:22:43.996+0200][32.792s] GC(627) Concurrent Mark From Roots
[2025-06-28T00:22:43.996+0200][32.792s] GC(627) Using 3 workers of 3 for marking
[2025-06-28T00:22:43.996+0200][32.792s] GC(628) Phase 1: Mark live objects
[2025-06-28T00:22:44.037+0200][32.833s] GC(628) Phase 1: Mark live objects 40.486ms
[2025-06-28T00:22:44.037+0200][32.833s] GC(628) Phase 2: Prepare compaction
[2025-06-28T00:22:44.037+0200][32.834s] GC(628) Phase 2: Prepare compaction 0.563ms
[2025-06-28T00:22:44.037+0200][32.834s] GC(628) Phase 3: Adjust pointers
[2025-06-28T00:22:44.053+0200][32.849s] GC(628) Phase 3: Adjust pointers 15.772ms
[2025-06-28T00:22:44.053+0200][32.850s] GC(628) Phase 4: Compact heap
[2025-06-28T00:22:44.054+0200][32.850s] GC(628) Phase 4: Compact heap 0.531ms
[2025-06-28T00:22:44.054+0200][32.850s] GC(628) Phase 5: Reset Metadata
[2025-06-28T00:22:44.059+0200][32.855s] GC(628) Phase 5: Reset Metadata 5.123ms
[2025-06-28T00:22:44.064+0200][32.860s] GC(628) Eden regions: 0->0(1)
[2025-06-28T00:22:44.064+0200][32.861s] GC(628) Survivor regions: 0->0(0)
[2025-06-28T00:22:44.064+0200][32.861s] GC(628) Old regions: 22->21
[2025-06-28T00:22:44.064+0200][32.861s] GC(628) Humongous regions: 0->0
[2025-06-28T00:22:44.064+0200][32.861s] GC(628) Metaspace: 66785K(67392K)->66785K(67392K) NonClass: 57886K(58240K)->57886K(58240K) Class: 8899K(9152K)->8899K(9152K)
[2025-06-28T00:22:44.065+0200][32.861s] GC(628) Pause Full (G1 Compaction Pause) 21M->20M(22M) 68.941ms
[2025-06-28T00:22:44.065+0200][32.861s] GC(628) User=0.12s Sys=0.00s Real=0.07s
[2025-06-28T00:22:44.065+0200][32.861s] GC(627) Concurrent Mark From Roots 68.773ms
[2025-06-28T00:22:44.065+0200][32.861s] GC(627) Concurrent Mark Abort
[2025-06-28T00:22:44.065+0200][32.861s] GC(627) Concurrent Mark Cycle 69.317ms
[2025-06-28T00:22:44.080+0200][32.876s] GC(629) Pause Young (Normal) (G1 Evacuation Pause)
[2025-06-28T00:22:44.080+0200][32.877s] GC(629) Using 8 workers of 10 for evacuation
[2025-06-28T00:22:44.083+0200][32.879s] GC(629)   Pre Evacuate Collection Set: 0.3ms
[2025-06-28T00:22:44.083+0200][32.879s] GC(629)   Merge Heap Roots: 0.2ms
[2025-06-28T00:22:44.083+0200][32.879s] GC(629)   Evacuate Collection Set: 0.7ms
[2025-06-28T00:22:44.083+0200][32.879s] GC(629)   Post Evacuate Collection Set: 0.8ms
[2025-06-28T00:22:44.083+0200][32.879s] GC(629)   Other: 0.1ms
[2025-06-28T00:22:44.083+0200][32.879s] GC(629) Eden regions: 1->0(0)
[2025-06-28T00:22:44.083+0200][32.879s] GC(629) Survivor regions: 0->0(0)
[2025-06-28T00:22:44.083+0200][32.879s] GC(629) Old regions: 21->22
[2025-06-28T00:22:44.083+0200][32.879s] GC(629) Humongous regions: 0->0
[2025-06-28T00:22:44.083+0200][32.879s] GC(629) Metaspace: 66828K(67392K)->66828K(67392K) NonClass: 57918K(58240K)->57918K(58240K) Class: 8909K(9152K)->8909K(9152K)
[2025-06-28T00:22:44.083+0200][32.879s] GC(629) Pause Young (Normal) (G1 Evacuation Pause) (Evacuation Failure) 21M->21M(22M) 2.847ms
[2025-06-28T00:22:44.083+0200][32.879s] GC(629) User=0.00s Sys=0.00s Real=0.00s
[2025-06-28T00:22:44.083+0200][32.879s] Attempting full compaction
[2025-06-28T00:22:44.083+0200][32.879s] GC(630) Pause Full (G1 Compaction Pause)
[2025-06-28T00:22:44.083+0200][32.879s] GC(630) Using 2 workers of 10 for full compaction
[2025-06-28T00:22:44.083+0200][32.880s] GC(630) Phase 1: Mark live objects
[2025-06-28T00:22:44.125+0200][32.921s] GC(630) Phase 1: Mark live objects 41.419ms
[2025-06-28T00:22:44.125+0200][32.921s] GC(630) Phase 2: Prepare compaction
[2025-06-28T00:22:44.125+0200][32.922s] GC(630) Phase 2: Prepare compaction 0.538ms
[2025-06-28T00:22:44.125+0200][32.922s] GC(630) Phase 3: Adjust pointers
[2025-06-28T00:22:44.141+0200][32.938s] GC(630) Phase 3: Adjust pointers 16.428ms
[2025-06-28T00:22:44.142+0200][32.938s] GC(630) Phase 4: Compact heap
[2025-06-28T00:22:44.142+0200][32.939s] GC(630) Phase 4: Compact heap 0.566ms
[2025-06-28T00:22:44.142+0200][32.939s] GC(630) Phase 5: Reset Metadata
[2025-06-28T00:22:44.148+0200][32.944s] GC(630) Phase 5: Reset Metadata 5.228ms
[2025-06-28T00:22:44.153+0200][32.950s] GC(630) Eden regions: 0->0(1)
[2025-06-28T00:22:44.153+0200][32.950s] GC(630) Survivor regions: 0->0(0)
[2025-06-28T00:22:44.153+0200][32.950s] GC(630) Old regions: 22->21
[2025-06-28T00:22:44.153+0200][32.950s] GC(630) Humongous regions: 0->0
[2025-06-28T00:22:44.153+0200][32.950s] GC(630) Metaspace: 66828K(67392K)->66828K(67392K) NonClass: 57918K(58240K)->57918K(58240K) Class: 8909K(9152K)->8909K(9152K)
[2025-06-28T00:22:44.153+0200][32.950s] GC(630) Pause Full (G1 Compaction Pause) 21M->20M(22M) 70.396ms
[2025-06-28T00:22:44.153+0200][32.950s] GC(630) User=0.14s Sys=0.00s Real=0.07s
[2025-06-28T00:22:44.178+0200][32.974s] GC(631) Pause Young (Concurrent Start) (G1 Evacuation Pause)
[2025-06-28T00:22:44.178+0200][32.975s] GC(631) Using 8 workers of 10 for evacuation
[2025-06-28T00:22:44.181+0200][32.977s] GC(631)   Pre Evacuate Collection Set: 0.5ms
[2025-06-28T00:22:44.181+0200][32.977s] GC(631)   Merge Heap Roots: 0.3ms
[2025-06-28T00:22:44.181+0200][32.978s] GC(631)   Evacuate Collection Set: 1.0ms
[2025-06-28T00:22:44.181+0200][32.978s] GC(631)   Post Evacuate Collection Set: 0.8ms
[2025-06-28T00:22:44.181+0200][32.978s] GC(631)   Other: 0.3ms
[2025-06-28T00:22:44.181+0200][32.978s] GC(631) Eden regions: 1->0(0)
[2025-06-28T00:22:44.181+0200][32.978s] GC(631) Survivor regions: 0->0(0)
[2025-06-28T00:22:44.181+0200][32.978s] GC(631) Old regions: 21->22
[2025-06-28T00:22:44.181+0200][32.978s] GC(631) Humongous regions: 0->0
[2025-06-28T00:22:44.181+0200][32.978s] GC(631) Metaspace: 66912K(67456K)->66912K(67456K) NonClass: 57992K(58304K)->57992K(58304K) Class: 8920K(9152K)->8920K(9152K)
[2025-06-28T00:22:44.181+0200][32.978s] GC(631) Pause Young (Concurrent Start) (G1 Evacuation Pause) (Evacuation Failure) 21M->21M(22M) 3.420ms
[2025-06-28T00:22:44.181+0200][32.978s] GC(631) User=0.00s Sys=0.00s Real=0.00s
[2025-06-28T00:22:44.181+0200][32.978s] Attempting full compaction
[2025-06-28T00:22:44.181+0200][32.978s] GC(632) Concurrent Mark Cycle
[2025-06-28T00:22:44.181+0200][32.978s] GC(633) Pause Full (G1 Compaction Pause)
[2025-06-28T00:22:44.181+0200][32.978s] GC(632) Concurrent Scan Root Regions
[2025-06-28T00:22:44.181+0200][32.978s] GC(633) Using 2 workers of 10 for full compaction
[2025-06-28T00:22:44.182+0200][32.978s] GC(632) Concurrent Scan Root Regions 0.170ms
[2025-06-28T00:22:44.182+0200][32.978s] GC(632) Concurrent Mark
[2025-06-28T00:22:44.182+0200][32.978s] GC(632) Concurrent Mark From Roots
[2025-06-28T00:22:44.182+0200][32.978s] GC(632) Using 3 workers of 3 for marking
[2025-06-28T00:22:44.182+0200][32.979s] GC(633) Phase 1: Mark live objects
[2025-06-28T00:22:44.222+0200][33.019s] GC(633) Phase 1: Mark live objects 40.448ms
[2025-06-28T00:22:44.222+0200][33.019s] GC(633) Phase 2: Prepare compaction
[2025-06-28T00:22:44.223+0200][33.020s] GC(633) Phase 2: Prepare compaction 0.639ms
[2025-06-28T00:22:44.223+0200][33.020s] GC(633) Phase 3: Adjust pointers
[2025-06-28T00:22:44.243+0200][33.039s] GC(633) Phase 3: Adjust pointers 19.349ms
[2025-06-28T00:22:44.243+0200][33.039s] GC(633) Phase 4: Compact heap
[2025-06-28T00:22:44.244+0200][33.040s] GC(633) Phase 4: Compact heap 1.035ms
[2025-06-28T00:22:44.244+0200][33.040s] GC(633) Phase 5: Reset Metadata
[2025-06-28T00:22:44.250+0200][33.046s] GC(633) Phase 5: Reset Metadata 5.674ms
[2025-06-28T00:22:44.255+0200][33.051s] GC(633) Eden regions: 0->0(1)
[2025-06-28T00:22:44.255+0200][33.051s] GC(633) Survivor regions: 0->0(0)
[2025-06-28T00:22:44.255+0200][33.051s] GC(633) Old regions: 22->21
[2025-06-28T00:22:44.255+0200][33.051s] GC(633) Humongous regions: 0->0
[2025-06-28T00:22:44.255+0200][33.051s] GC(633) Metaspace: 66912K(67456K)->66912K(67456K) NonClass: 57992K(58304K)->57992K(58304K) Class: 8920K(9152K)->8920K(9152K)
[2025-06-28T00:22:44.255+0200][33.052s] GC(633) Pause Full (G1 Compaction Pause) 21M->20M(22M) 73.516ms
[2025-06-28T00:22:44.255+0200][33.052s] GC(633) User=0.14s Sys=0.02s Real=0.07s
[2025-06-28T00:22:44.256+0200][33.052s] GC(632) Concurrent Mark From Roots 73.497ms
[2025-06-28T00:22:44.256+0200][33.052s] GC(632) Concurrent Mark Abort
[2025-06-28T00:22:44.256+0200][33.052s] GC(632) Concurrent Mark Cycle 74.121ms
[2025-06-28T00:22:44.451+0200][33.248s] GC(634) Pause Young (Normal) (G1 Evacuation Pause)
[2025-06-28T00:22:44.452+0200][33.248s] GC(634) Using 8 workers of 10 for evacuation
[2025-06-28T00:22:44.454+0200][33.250s] GC(634)   Pre Evacuate Collection Set: 0.3ms
[2025-06-28T00:22:44.454+0200][33.250s] GC(634)   Merge Heap Roots: 0.2ms
[2025-06-28T00:22:44.454+0200][33.250s] GC(634)   Evacuate Collection Set: 0.7ms
[2025-06-28T00:22:44.454+0200][33.250s] GC(634)   Post Evacuate Collection Set: 0.8ms
[2025-06-28T00:22:44.454+0200][33.250s] GC(634)   Other: 0.1ms
[2025-06-28T00:22:44.454+0200][33.250s] GC(634) Eden regions: 1->0(0)
[2025-06-28T00:22:44.454+0200][33.250s] GC(634) Survivor regions: 0->0(0)
[2025-06-28T00:22:44.454+0200][33.250s] GC(634) Old regions: 21->22
[2025-06-28T00:22:44.454+0200][33.250s] GC(634) Humongous regions: 0->0
[2025-06-28T00:22:44.454+0200][33.250s] GC(634) Metaspace: 66980K(67584K)->66980K(67584K) NonClass: 58043K(58368K)->58043K(58368K) Class: 8936K(9216K)->8936K(9216K)
[2025-06-28T00:22:44.454+0200][33.250s] GC(634) Pause Young (Normal) (G1 Evacuation Pause) (Evacuation Failure) 21M->21M(22M) 2.620ms
[2025-06-28T00:22:44.454+0200][33.250s] GC(634) User=0.00s Sys=0.00s Real=0.00s
[2025-06-28T00:22:44.454+0200][33.250s] Attempting full compaction
[2025-06-28T00:22:44.454+0200][33.250s] GC(635) Pause Full (G1 Compaction Pause)
[2025-06-28T00:22:44.454+0200][33.250s] GC(635) Using 2 workers of 10 for full compaction
[2025-06-28T00:22:44.454+0200][33.250s] GC(635) Phase 1: Mark live objects
[2025-06-28T00:22:44.508+0200][33.304s] GC(635) Phase 1: Mark live objects 53.254ms
[2025-06-28T00:22:44.508+0200][33.304s] GC(635) Phase 2: Prepare compaction
[2025-06-28T00:22:44.508+0200][33.304s] GC(635) Phase 2: Prepare compaction 0.570ms
[2025-06-28T00:22:44.508+0200][33.304s] GC(635) Phase 3: Adjust pointers
[2025-06-28T00:22:44.523+0200][33.319s] GC(635) Phase 3: Adjust pointers 14.879ms
[2025-06-28T00:22:44.523+0200][33.319s] GC(635) Phase 4: Compact heap
[2025-06-28T00:22:44.524+0200][33.320s] GC(635) Phase 4: Compact heap 0.519ms
[2025-06-28T00:22:44.524+0200][33.320s] GC(635) Phase 5: Reset Metadata
[2025-06-28T00:22:44.531+0200][33.328s] GC(635) Phase 5: Reset Metadata 7.545ms
[2025-06-28T00:22:44.537+0200][33.334s] GC(635) Eden regions: 0->0(1)
[2025-06-28T00:22:44.538+0200][33.334s] GC(635) Survivor regions: 0->0(0)
[2025-06-28T00:22:44.538+0200][33.334s] GC(635) Old regions: 22->21
[2025-06-28T00:22:44.538+0200][33.334s] GC(635) Humongous regions: 0->0
[2025-06-28T00:22:44.538+0200][33.334s] GC(635) Metaspace: 66980K(67584K)->66955K(67584K) NonClass: 58043K(58368K)->58025K(58368K) Class: 8936K(9216K)->8929K(9216K)
[2025-06-28T00:22:44.538+0200][33.334s] GC(635) Pause Full (G1 Compaction Pause) 21M->20M(22M) 84.038ms
[2025-06-28T00:22:44.538+0200][33.334s] GC(635) User=0.16s Sys=0.00s Real=0.08s
[2025-06-28T00:22:44.565+0200][33.362s] GC(636) Pause Young (Concurrent Start) (G1 Evacuation Pause)
[2025-06-28T00:22:44.565+0200][33.362s] GC(636) Using 8 workers of 10 for evacuation
[2025-06-28T00:22:44.568+0200][33.364s] GC(636)   Pre Evacuate Collection Set: 0.5ms
[2025-06-28T00:22:44.568+0200][33.365s] GC(636)   Merge Heap Roots: 0.1ms
[2025-06-28T00:22:44.568+0200][33.365s] GC(636)   Evacuate Collection Set: 0.9ms
[2025-06-28T00:22:44.568+0200][33.365s] GC(636)   Post Evacuate Collection Set: 0.8ms
[2025-06-28T00:22:44.568+0200][33.365s] GC(636)   Other: 0.3ms
[2025-06-28T00:22:44.568+0200][33.365s] GC(636) Eden regions: 1->0(0)
[2025-06-28T00:22:44.568+0200][33.365s] GC(636) Survivor regions: 0->0(0)
[2025-06-28T00:22:44.568+0200][33.365s] GC(636) Old regions: 21->22
[2025-06-28T00:22:44.568+0200][33.365s] GC(636) Humongous regions: 0->0
[2025-06-28T00:22:44.568+0200][33.365s] GC(636) Metaspace: 67005K(67584K)->67005K(67584K) NonClass: 58068K(58368K)->58068K(58368K) Class: 8936K(9216K)->8936K(9216K)
[2025-06-28T00:22:44.568+0200][33.365s] GC(636) Pause Young (Concurrent Start) (G1 Evacuation Pause) (Evacuation Failure) 21M->21M(22M) 3.296ms
[2025-06-28T00:22:44.568+0200][33.365s] GC(636) User=0.00s Sys=0.00s Real=0.00s
[2025-06-28T00:22:44.568+0200][33.365s] Attempting full compaction
[2025-06-28T00:22:44.568+0200][33.365s] GC(637) Concurrent Mark Cycle
[2025-06-28T00:22:44.568+0200][33.365s] GC(638) Pause Full (G1 Compaction Pause)
[2025-06-28T00:22:44.568+0200][33.365s] GC(637) Concurrent Scan Root Regions
[2025-06-28T00:22:44.569+0200][33.365s] GC(638) Using 2 workers of 10 for full compaction
[2025-06-28T00:22:44.569+0200][33.365s] GC(637) Concurrent Scan Root Regions 0.238ms
[2025-06-28T00:22:44.569+0200][33.366s] GC(637) Concurrent Mark
[2025-06-28T00:22:44.569+0200][33.366s] GC(637) Concurrent Mark From Roots
[2025-06-28T00:22:44.569+0200][33.366s] GC(637) Using 3 workers of 3 for marking
[2025-06-28T00:22:44.569+0200][33.366s] GC(638) Phase 1: Mark live objects
[2025-06-28T00:22:44.618+0200][33.415s] GC(638) Phase 1: Mark live objects 48.964ms
[2025-06-28T00:22:44.618+0200][33.415s] GC(638) Phase 2: Prepare compaction
[2025-06-28T00:22:44.619+0200][33.416s] GC(638) Phase 2: Prepare compaction 0.678ms
[2025-06-28T00:22:44.619+0200][33.416s] GC(638) Phase 3: Adjust pointers
[2025-06-28T00:22:44.636+0200][33.432s] GC(638) Phase 3: Adjust pointers 16.306ms
[2025-06-28T00:22:44.636+0200][33.432s] GC(638) Phase 4: Compact heap
[2025-06-28T00:22:44.637+0200][33.433s] GC(638) Phase 4: Compact heap 0.697ms
[2025-06-28T00:22:44.637+0200][33.433s] GC(638) Phase 5: Reset Metadata
[2025-06-28T00:22:44.642+0200][33.438s] GC(638) Phase 5: Reset Metadata 5.044ms
[2025-06-28T00:22:44.649+0200][33.445s] GC(638) Eden regions: 0->0(1)
[2025-06-28T00:22:44.649+0200][33.445s] GC(638) Survivor regions: 0->0(0)
[2025-06-28T00:22:44.649+0200][33.446s] GC(638) Old regions: 22->21
[2025-06-28T00:22:44.649+0200][33.446s] GC(638) Humongous regions: 0->0
[2025-06-28T00:22:44.649+0200][33.446s] GC(638) Metaspace: 67005K(67584K)->67005K(67584K) NonClass: 58068K(58368K)->58068K(58368K) Class: 8936K(9216K)->8936K(9216K)
[2025-06-28T00:22:44.649+0200][33.446s] GC(638) Pause Full (G1 Compaction Pause) 21M->20M(22M) 80.656ms
[2025-06-28T00:22:44.650+0200][33.446s] GC(638) User=0.14s Sys=0.00s Real=0.08s
[2025-06-28T00:22:44.650+0200][33.446s] GC(637) Concurrent Mark From Roots 80.378ms
[2025-06-28T00:22:44.650+0200][33.446s] GC(637) Concurrent Mark Abort
[2025-06-28T00:22:44.650+0200][33.446s] GC(637) Concurrent Mark Cycle 81.131ms
[2025-06-28T00:22:44.666+0200][33.462s] GC(639) Pause Young (Normal) (G1 Evacuation Pause)
[2025-06-28T00:22:44.666+0200][33.463s] GC(639) Using 8 workers of 10 for evacuation
[2025-06-28T00:22:44.669+0200][33.465s] GC(639)   Pre Evacuate Collection Set: 0.4ms
[2025-06-28T00:22:44.669+0200][33.465s] GC(639)   Merge Heap Roots: 0.2ms
[2025-06-28T00:22:44.669+0200][33.465s] GC(639)   Evacuate Collection Set: 0.9ms
[2025-06-28T00:22:44.669+0200][33.465s] GC(639)   Post Evacuate Collection Set: 0.8ms
[2025-06-28T00:22:44.669+0200][33.465s] GC(639)   Other: 0.1ms
[2025-06-28T00:22:44.669+0200][33.465s] GC(639) Eden regions: 1->0(0)
[2025-06-28T00:22:44.669+0200][33.465s] GC(639) Survivor regions: 0->0(0)
[2025-06-28T00:22:44.669+0200][33.465s] GC(639) Old regions: 21->22
[2025-06-28T00:22:44.669+0200][33.465s] GC(639) Humongous regions: 0->0
[2025-06-28T00:22:44.669+0200][33.465s] GC(639) Metaspace: 67070K(67648K)->67070K(67648K) NonClass: 58123K(58432K)->58123K(58432K) Class: 8947K(9216K)->8947K(9216K)
[2025-06-28T00:22:44.669+0200][33.466s] GC(639) Pause Young (Normal) (G1 Evacuation Pause) (Evacuation Failure) 21M->21M(22M) 3.131ms
[2025-06-28T00:22:44.669+0200][33.466s] GC(639) User=0.03s Sys=0.00s Real=0.00s
[2025-06-28T00:22:44.670+0200][33.466s] Attempting full compaction
[2025-06-28T00:22:44.670+0200][33.466s] GC(640) Pause Full (G1 Compaction Pause)
[2025-06-28T00:22:44.670+0200][33.466s] GC(640) Using 2 workers of 10 for full compaction
[2025-06-28T00:22:44.670+0200][33.466s] GC(640) Phase 1: Mark live objects
[2025-06-28T00:22:44.714+0200][33.510s] GC(640) Phase 1: Mark live objects 44.194ms
[2025-06-28T00:22:44.714+0200][33.510s] GC(640) Phase 2: Prepare compaction
[2025-06-28T00:22:44.715+0200][33.511s] GC(640) Phase 2: Prepare compaction 0.649ms
[2025-06-28T00:22:44.715+0200][33.511s] GC(640) Phase 3: Adjust pointers
[2025-06-28T00:22:44.732+0200][33.529s] GC(640) Phase 3: Adjust pointers 17.654ms
[2025-06-28T00:22:44.732+0200][33.529s] GC(640) Phase 4: Compact heap
[2025-06-28T00:22:44.733+0200][33.529s] GC(640) Phase 4: Compact heap 0.477ms
[2025-06-28T00:22:44.733+0200][33.529s] GC(640) Phase 5: Reset Metadata
[2025-06-28T00:22:44.739+0200][33.535s] GC(640) Phase 5: Reset Metadata 6.016ms
[2025-06-28T00:22:44.745+0200][33.541s] GC(640) Eden regions: 0->0(1)
[2025-06-28T00:22:44.745+0200][33.542s] GC(640) Survivor regions: 0->0(0)
[2025-06-28T00:22:44.745+0200][33.542s] GC(640) Old regions: 22->21
[2025-06-28T00:22:44.745+0200][33.542s] GC(640) Humongous regions: 0->0
[2025-06-28T00:22:44.745+0200][33.542s] GC(640) Metaspace: 67070K(67648K)->67070K(67648K) NonClass: 58123K(58432K)->58123K(58432K) Class: 8947K(9216K)->8947K(9216K)
[2025-06-28T00:22:44.745+0200][33.542s] GC(640) Pause Full (G1 Compaction Pause) 21M->20M(22M) 76.219ms
[2025-06-28T00:22:44.745+0200][33.542s] GC(640) User=0.12s Sys=0.00s Real=0.07s
[2025-06-28T00:22:44.768+0200][33.565s] GC(641) Pause Young (Concurrent Start) (G1 Evacuation Pause)
[2025-06-28T00:22:44.768+0200][33.565s] GC(641) Using 8 workers of 10 for evacuation
[2025-06-28T00:22:44.771+0200][33.568s] GC(641)   Pre Evacuate Collection Set: 0.3ms
[2025-06-28T00:22:44.771+0200][33.568s] GC(641)   Merge Heap Roots: 0.2ms
[2025-06-28T00:22:44.771+0200][33.568s] GC(641)   Evacuate Collection Set: 0.8ms
[2025-06-28T00:22:44.771+0200][33.568s] GC(641)   Post Evacuate Collection Set: 1.6ms
[2025-06-28T00:22:44.771+0200][33.568s] GC(641)   Other: 0.2ms
[2025-06-28T00:22:44.771+0200][33.568s] GC(641) Eden regions: 1->0(0)
[2025-06-28T00:22:44.772+0200][33.568s] GC(641) Survivor regions: 0->0(0)
[2025-06-28T00:22:44.772+0200][33.568s] GC(641) Old regions: 21->22
[2025-06-28T00:22:44.772+0200][33.568s] GC(641) Humongous regions: 0->0
[2025-06-28T00:22:44.772+0200][33.568s] GC(641) Metaspace: 67155K(67712K)->67155K(67712K) NonClass: 58197K(58496K)->58197K(58496K) Class: 8958K(9216K)->8958K(9216K)
[2025-06-28T00:22:44.772+0200][33.568s] GC(641) Pause Young (Concurrent Start) (G1 Evacuation Pause) (Evacuation Failure) 21M->21M(22M) 3.573ms
[2025-06-28T00:22:44.772+0200][33.568s] GC(641) User=0.00s Sys=0.00s Real=0.00s
[2025-06-28T00:22:44.772+0200][33.568s] GC(642) Concurrent Mark Cycle
[2025-06-28T00:22:44.772+0200][33.568s] Attempting full compaction
[2025-06-28T00:22:44.772+0200][33.568s] GC(642) Concurrent Scan Root Regions
[2025-06-28T00:22:44.772+0200][33.569s] GC(643) Pause Full (G1 Compaction Pause)
[2025-06-28T00:22:44.772+0200][33.569s] GC(642) Concurrent Scan Root Regions 0.197ms
[2025-06-28T00:22:44.772+0200][33.569s] GC(643) Using 2 workers of 10 for full compaction
[2025-06-28T00:22:44.772+0200][33.569s] GC(642) Concurrent Mark
[2025-06-28T00:22:44.772+0200][33.569s] GC(642) Concurrent Mark From Roots
[2025-06-28T00:22:44.772+0200][33.569s] GC(642) Using 3 workers of 3 for marking
[2025-06-28T00:22:44.773+0200][33.569s] GC(643) Phase 1: Mark live objects
[2025-06-28T00:22:44.816+0200][33.613s] GC(643) Phase 1: Mark live objects 43.844ms
[2025-06-28T00:22:44.816+0200][33.613s] GC(643) Phase 2: Prepare compaction
[2025-06-28T00:22:44.817+0200][33.614s] GC(643) Phase 2: Prepare compaction 0.518ms
[2025-06-28T00:22:44.817+0200][33.614s] GC(643) Phase 3: Adjust pointers
[2025-06-28T00:22:44.834+0200][33.630s] GC(643) Phase 3: Adjust pointers 16.612ms
[2025-06-28T00:22:44.834+0200][33.630s] GC(643) Phase 4: Compact heap
[2025-06-28T00:22:44.835+0200][33.631s] GC(643) Phase 4: Compact heap 0.620ms
[2025-06-28T00:22:44.835+0200][33.631s] GC(643) Phase 5: Reset Metadata
[2025-06-28T00:22:44.841+0200][33.637s] GC(643) Phase 5: Reset Metadata 6.081ms
[2025-06-28T00:22:44.848+0200][33.644s] GC(643) Eden regions: 0->0(1)
[2025-06-28T00:22:44.848+0200][33.644s] GC(643) Survivor regions: 0->0(0)
[2025-06-28T00:22:44.848+0200][33.644s] GC(643) Old regions: 22->21
[2025-06-28T00:22:44.848+0200][33.644s] GC(643) Humongous regions: 0->0
[2025-06-28T00:22:44.848+0200][33.644s] GC(643) Metaspace: 67155K(67712K)->67155K(67712K) NonClass: 58197K(58496K)->58197K(58496K) Class: 8958K(9216K)->8958K(9216K)
[2025-06-28T00:22:44.848+0200][33.644s] GC(643) Pause Full (G1 Compaction Pause) 21M->20M(22M) 75.824ms
[2025-06-28T00:22:44.848+0200][33.644s] GC(643) User=0.14s Sys=0.02s Real=0.08s
[2025-06-28T00:22:44.848+0200][33.645s] GC(642) Concurrent Mark From Roots 75.597ms
[2025-06-28T00:22:44.849+0200][33.645s] GC(642) Concurrent Mark Abort
[2025-06-28T00:22:44.849+0200][33.645s] GC(642) Concurrent Mark Cycle 76.431ms
[2025-06-28T00:22:44.872+0200][33.668s] GC(644) Pause Young (Normal) (G1 Evacuation Pause)
[2025-06-28T00:22:44.872+0200][33.669s] GC(644) Using 8 workers of 10 for evacuation
[2025-06-28T00:22:44.875+0200][33.671s] GC(644)   Pre Evacuate Collection Set: 0.2ms
[2025-06-28T00:22:44.875+0200][33.671s] GC(644)   Merge Heap Roots: 0.1ms
[2025-06-28T00:22:44.875+0200][33.671s] GC(644)   Evacuate Collection Set: 1.0ms
[2025-06-28T00:22:44.875+0200][33.671s] GC(644)   Post Evacuate Collection Set: 0.8ms
[2025-06-28T00:22:44.875+0200][33.671s] GC(644)   Other: 0.1ms
[2025-06-28T00:22:44.875+0200][33.671s] GC(644) Eden regions: 1->0(0)
[2025-06-28T00:22:44.875+0200][33.671s] GC(644) Survivor regions: 0->0(0)
[2025-06-28T00:22:44.875+0200][33.671s] GC(644) Old regions: 21->22
[2025-06-28T00:22:44.875+0200][33.671s] GC(644) Humongous regions: 0->0
[2025-06-28T00:22:44.875+0200][33.671s] GC(644) Metaspace: 67231K(67776K)->67231K(67776K) NonClass: 58263K(58560K)->58263K(58560K) Class: 8967K(9216K)->8967K(9216K)
[2025-06-28T00:22:44.875+0200][33.671s] GC(644) Pause Young (Normal) (G1 Evacuation Pause) (Evacuation Failure) 21M->21M(22M) 2.703ms
[2025-06-28T00:22:44.875+0200][33.671s] GC(644) User=0.00s Sys=0.00s Real=0.00s
[2025-06-28T00:22:44.875+0200][33.671s] Attempting full compaction
[2025-06-28T00:22:44.875+0200][33.671s] GC(645) Pause Full (G1 Compaction Pause)
[2025-06-28T00:22:44.875+0200][33.671s] GC(645) Using 2 workers of 10 for full compaction
[2025-06-28T00:22:44.875+0200][33.671s] GC(645) Phase 1: Mark live objects
[2025-06-28T00:22:44.917+0200][33.713s] GC(645) Phase 1: Mark live objects 41.797ms
[2025-06-28T00:22:44.917+0200][33.713s] GC(645) Phase 2: Prepare compaction
[2025-06-28T00:22:44.917+0200][33.714s] GC(645) Phase 2: Prepare compaction 0.505ms
[2025-06-28T00:22:44.917+0200][33.714s] GC(645) Phase 3: Adjust pointers
[2025-06-28T00:22:44.934+0200][33.730s] GC(645) Phase 3: Adjust pointers 16.570ms
[2025-06-28T00:22:44.934+0200][33.731s] GC(645) Phase 4: Compact heap
[2025-06-28T00:22:44.934+0200][33.731s] GC(645) Phase 4: Compact heap 0.652ms
[2025-06-28T00:22:44.935+0200][33.731s] GC(645) Phase 5: Reset Metadata
[2025-06-28T00:22:44.940+0200][33.736s] GC(645) Phase 5: Reset Metadata 5.090ms
[2025-06-28T00:22:44.947+0200][33.743s] GC(645) Eden regions: 0->0(1)
[2025-06-28T00:22:44.947+0200][33.743s] GC(645) Survivor regions: 0->0(0)
[2025-06-28T00:22:44.947+0200][33.743s] GC(645) Old regions: 22->21
[2025-06-28T00:22:44.947+0200][33.743s] GC(645) Humongous regions: 0->0
[2025-06-28T00:22:44.947+0200][33.743s] GC(645) Metaspace: 67231K(67776K)->67231K(67776K) NonClass: 58263K(58560K)->58263K(58560K) Class: 8967K(9216K)->8967K(9216K)
[2025-06-28T00:22:44.947+0200][33.743s] GC(645) Pause Full (G1 Compaction Pause) 21M->20M(22M) 72.192ms
[2025-06-28T00:22:44.947+0200][33.743s] GC(645) User=0.11s Sys=0.00s Real=0.07s
[2025-06-28T00:22:44.969+0200][33.766s] GC(646) Pause Young (Concurrent Start) (G1 Evacuation Pause)
[2025-06-28T00:22:44.969+0200][33.766s] GC(646) Using 8 workers of 10 for evacuation
[2025-06-28T00:22:44.971+0200][33.768s] GC(646)   Pre Evacuate Collection Set: 0.3ms
[2025-06-28T00:22:44.971+0200][33.768s] GC(646)   Merge Heap Roots: 0.1ms
[2025-06-28T00:22:44.971+0200][33.768s] GC(646)   Evacuate Collection Set: 1.0ms
[2025-06-28T00:22:44.971+0200][33.768s] GC(646)   Post Evacuate Collection Set: 0.8ms
[2025-06-28T00:22:44.971+0200][33.768s] GC(646)   Other: 0.2ms
[2025-06-28T00:22:44.972+0200][33.768s] GC(646) Eden regions: 1->0(0)
[2025-06-28T00:22:44.972+0200][33.768s] GC(646) Survivor regions: 0->0(0)
[2025-06-28T00:22:44.972+0200][33.768s] GC(646) Old regions: 21->22
[2025-06-28T00:22:44.972+0200][33.768s] GC(646) Humongous regions: 0->0
[2025-06-28T00:22:44.972+0200][33.768s] GC(646) Metaspace: 67312K(67840K)->67312K(67840K) NonClass: 58329K(58624K)->58329K(58624K) Class: 8982K(9216K)->8982K(9216K)
[2025-06-28T00:22:44.972+0200][33.768s] GC(646) Pause Young (Concurrent Start) (G1 Evacuation Pause) (Evacuation Failure) 21M->21M(22M) 2.907ms
[2025-06-28T00:22:44.972+0200][33.769s] GC(647) Concurrent Mark Cycle
[2025-06-28T00:22:44.972+0200][33.769s] GC(646) User=0.00s Sys=0.00s Real=0.00s
[2025-06-28T00:22:44.972+0200][33.769s] GC(647) Concurrent Scan Root Regions
[2025-06-28T00:22:44.972+0200][33.769s] Attempting full compaction
[2025-06-28T00:22:44.972+0200][33.769s] GC(647) Concurrent Scan Root Regions 0.143ms
[2025-06-28T00:22:44.972+0200][33.769s] GC(648) Pause Full (G1 Compaction Pause)
[2025-06-28T00:22:44.972+0200][33.769s] GC(647) Concurrent Mark
[2025-06-28T00:22:44.972+0200][33.769s] GC(648) Using 2 workers of 10 for full compaction
[2025-06-28T00:22:44.972+0200][33.769s] GC(647) Concurrent Mark From Roots
[2025-06-28T00:22:44.973+0200][33.769s] GC(647) Using 3 workers of 3 for marking
[2025-06-28T00:22:44.973+0200][33.769s] GC(648) Phase 1: Mark live objects
[2025-06-28T00:22:45.017+0200][33.813s] GC(648) Phase 1: Mark live objects 43.763ms
[2025-06-28T00:22:45.017+0200][33.813s] GC(648) Phase 2: Prepare compaction
[2025-06-28T00:22:45.017+0200][33.814s] GC(648) Phase 2: Prepare compaction 0.671ms
[2025-06-28T00:22:45.017+0200][33.814s] GC(648) Phase 3: Adjust pointers
[2025-06-28T00:22:45.034+0200][33.830s] GC(648) Phase 3: Adjust pointers 16.150ms
[2025-06-28T00:22:45.034+0200][33.830s] GC(648) Phase 4: Compact heap
[2025-06-28T00:22:45.035+0200][33.831s] GC(648) Phase 4: Compact heap 0.551ms
[2025-06-28T00:22:45.035+0200][33.831s] GC(648) Phase 5: Reset Metadata
[2025-06-28T00:22:45.041+0200][33.838s] GC(648) Phase 5: Reset Metadata 6.626ms
[2025-06-28T00:22:45.048+0200][33.845s] GC(648) Eden regions: 0->0(1)
[2025-06-28T00:22:45.049+0200][33.845s] GC(648) Survivor regions: 0->0(0)
[2025-06-28T00:22:45.049+0200][33.845s] GC(648) Old regions: 22->21
[2025-06-28T00:22:45.049+0200][33.845s] GC(648) Humongous regions: 0->0
[2025-06-28T00:22:45.049+0200][33.845s] GC(648) Metaspace: 67312K(67840K)->67312K(67840K) NonClass: 58329K(58624K)->58329K(58624K) Class: 8982K(9216K)->8982K(9216K)
[2025-06-28T00:22:45.049+0200][33.845s] GC(648) Pause Full (G1 Compaction Pause) 21M->20M(22M) 76.127ms
[2025-06-28T00:22:45.049+0200][33.845s] GC(648) User=0.14s Sys=0.00s Real=0.08s
[2025-06-28T00:22:45.049+0200][33.845s] GC(647) Concurrent Mark From Roots 76.155ms
[2025-06-28T00:22:45.049+0200][33.845s] GC(647) Concurrent Mark Abort
[2025-06-28T00:22:45.049+0200][33.845s] GC(647) Concurrent Mark Cycle 76.881ms
[2025-06-28T00:22:45.069+0200][33.866s] GC(649) Pause Young (Normal) (G1 Evacuation Pause)
[2025-06-28T00:22:45.069+0200][33.866s] GC(649) Using 8 workers of 10 for evacuation
[2025-06-28T00:22:45.072+0200][33.869s] GC(649)   Pre Evacuate Collection Set: 0.3ms
[2025-06-28T00:22:45.072+0200][33.869s] GC(649)   Merge Heap Roots: 0.2ms
[2025-06-28T00:22:45.072+0200][33.869s] GC(649)   Evacuate Collection Set: 1.1ms
[2025-06-28T00:22:45.072+0200][33.869s] GC(649)   Post Evacuate Collection Set: 0.8ms
[2025-06-28T00:22:45.072+0200][33.869s] GC(649)   Other: 0.1ms
[2025-06-28T00:22:45.072+0200][33.869s] GC(649) Eden regions: 1->0(0)
[2025-06-28T00:22:45.072+0200][33.869s] GC(649) Survivor regions: 0->0(0)
[2025-06-28T00:22:45.072+0200][33.869s] GC(649) Old regions: 21->22
[2025-06-28T00:22:45.072+0200][33.869s] GC(649) Humongous regions: 0->0
[2025-06-28T00:22:45.072+0200][33.869s] GC(649) Metaspace: 67407K(67968K)->67407K(67968K) NonClass: 58410K(58752K)->58410K(58752K) Class: 8997K(9216K)->8997K(9216K)
[2025-06-28T00:22:45.072+0200][33.869s] GC(649) Pause Young (Normal) (G1 Evacuation Pause) (Evacuation Failure) 21M->21M(22M) 3.018ms
[2025-06-28T00:22:45.072+0200][33.869s] GC(649) User=0.00s Sys=0.00s Real=0.00s
[2025-06-28T00:22:45.072+0200][33.869s] Attempting full compaction
[2025-06-28T00:22:45.072+0200][33.869s] GC(650) Pause Full (G1 Compaction Pause)
[2025-06-28T00:22:45.072+0200][33.869s] GC(650) Using 2 workers of 10 for full compaction
[2025-06-28T00:22:45.072+0200][33.869s] GC(650) Phase 1: Mark live objects
[2025-06-28T00:22:45.120+0200][33.917s] GC(650) Phase 1: Mark live objects 47.380ms
[2025-06-28T00:22:45.120+0200][33.917s] GC(650) Phase 2: Prepare compaction
[2025-06-28T00:22:45.121+0200][33.917s] GC(650) Phase 2: Prepare compaction 0.612ms
[2025-06-28T00:22:45.121+0200][33.917s] GC(650) Phase 3: Adjust pointers
[2025-06-28T00:22:45.136+0200][33.933s] GC(650) Phase 3: Adjust pointers 15.352ms
[2025-06-28T00:22:45.136+0200][33.933s] GC(650) Phase 4: Compact heap
[2025-06-28T00:22:45.137+0200][33.933s] GC(650) Phase 4: Compact heap 0.624ms
[2025-06-28T00:22:45.137+0200][33.933s] GC(650) Phase 5: Reset Metadata
[2025-06-28T00:22:45.142+0200][33.939s] GC(650) Phase 5: Reset Metadata 5.288ms
[2025-06-28T00:22:45.148+0200][33.945s] GC(650) Eden regions: 0->0(1)
[2025-06-28T00:22:45.148+0200][33.945s] GC(650) Survivor regions: 0->0(0)
[2025-06-28T00:22:45.148+0200][33.945s] GC(650) Old regions: 22->21
[2025-06-28T00:22:45.148+0200][33.945s] GC(650) Humongous regions: 0->0
[2025-06-28T00:22:45.148+0200][33.945s] GC(650) Metaspace: 67407K(67968K)->67407K(67968K) NonClass: 58410K(58752K)->58410K(58752K) Class: 8997K(9216K)->8997K(9216K)
[2025-06-28T00:22:45.148+0200][33.945s] GC(650) Pause Full (G1 Compaction Pause) 21M->20M(22M) 75.904ms
[2025-06-28T00:22:45.148+0200][33.945s] GC(650) User=0.17s Sys=0.00s Real=0.08s
[2025-06-28T00:22:45.171+0200][33.968s] GC(651) Pause Young (Concurrent Start) (G1 Evacuation Pause)
[2025-06-28T00:22:45.172+0200][33.968s] GC(651) Using 8 workers of 10 for evacuation
[2025-06-28T00:22:45.174+0200][33.971s] GC(651)   Pre Evacuate Collection Set: 0.2ms
[2025-06-28T00:22:45.174+0200][33.971s] GC(651)   Merge Heap Roots: 0.1ms
[2025-06-28T00:22:45.174+0200][33.971s] GC(651)   Evacuate Collection Set: 1.0ms
[2025-06-28T00:22:45.174+0200][33.971s] GC(651)   Post Evacuate Collection Set: 0.8ms
[2025-06-28T00:22:45.174+0200][33.971s] GC(651)   Other: 0.2ms
[2025-06-28T00:22:45.174+0200][33.971s] GC(651) Eden regions: 1->0(0)
[2025-06-28T00:22:45.174+0200][33.971s] GC(651) Survivor regions: 0->0(0)
[2025-06-28T00:22:45.174+0200][33.971s] GC(651) Old regions: 21->22
[2025-06-28T00:22:45.174+0200][33.971s] GC(651) Humongous regions: 0->0
[2025-06-28T00:22:45.174+0200][33.971s] GC(651) Metaspace: 67519K(68096K)->67519K(68096K) NonClass: 58507K(58816K)->58507K(58816K) Class: 9012K(9280K)->9012K(9280K)
[2025-06-28T00:22:45.174+0200][33.971s] GC(651) Pause Young (Concurrent Start) (G1 Evacuation Pause) (Evacuation Failure) 21M->21M(22M) 2.989ms
[2025-06-28T00:22:45.174+0200][33.971s] GC(651) User=0.00s Sys=0.00s Real=0.00s
[2025-06-28T00:22:45.174+0200][33.971s] GC(652) Concurrent Mark Cycle
[2025-06-28T00:22:45.175+0200][33.971s] Attempting full compaction
[2025-06-28T00:22:45.175+0200][33.971s] GC(652) Concurrent Scan Root Regions
[2025-06-28T00:22:45.175+0200][33.971s] GC(653) Pause Full (G1 Compaction Pause)
[2025-06-28T00:22:45.175+0200][33.971s] GC(652) Concurrent Scan Root Regions 0.111ms
[2025-06-28T00:22:45.175+0200][33.972s] GC(653) Using 2 workers of 10 for full compaction
[2025-06-28T00:22:45.175+0200][33.972s] GC(652) Concurrent Mark
[2025-06-28T00:22:45.175+0200][33.972s] GC(652) Concurrent Mark From Roots
[2025-06-28T00:22:45.175+0200][33.972s] GC(652) Using 3 workers of 3 for marking
[2025-06-28T00:22:45.175+0200][33.972s] GC(653) Phase 1: Mark live objects
[2025-06-28T00:22:45.224+0200][34.021s] GC(653) Phase 1: Mark live objects 48.586ms
[2025-06-28T00:22:45.224+0200][34.021s] GC(653) Phase 2: Prepare compaction
[2025-06-28T00:22:45.224+0200][34.021s] GC(653) Phase 2: Prepare compaction 0.551ms
[2025-06-28T00:22:45.224+0200][34.021s] GC(653) Phase 3: Adjust pointers
[2025-06-28T00:22:45.241+0200][34.038s] GC(653) Phase 3: Adjust pointers 16.216ms
[2025-06-28T00:22:45.241+0200][34.038s] GC(653) Phase 4: Compact heap
[2025-06-28T00:22:45.242+0200][34.039s] GC(653) Phase 4: Compact heap 0.883ms
[2025-06-28T00:22:45.242+0200][34.039s] GC(653) Phase 5: Reset Metadata
[2025-06-28T00:22:45.250+0200][34.046s] GC(653) Phase 5: Reset Metadata 7.372ms
[2025-06-28T00:22:45.254+0200][34.050s] GC(653) Eden regions: 0->0(1)
[2025-06-28T00:22:45.254+0200][34.051s] GC(653) Survivor regions: 0->0(0)
[2025-06-28T00:22:45.254+0200][34.051s] GC(653) Old regions: 22->21
[2025-06-28T00:22:45.254+0200][34.051s] GC(653) Humongous regions: 0->0
[2025-06-28T00:22:45.254+0200][34.051s] GC(653) Metaspace: 67519K(68096K)->67519K(68096K) NonClass: 58507K(58816K)->58507K(58816K) Class: 9012K(9280K)->9012K(9280K)
[2025-06-28T00:22:45.254+0200][34.051s] GC(653) Pause Full (G1 Compaction Pause) 21M->20M(22M) 79.435ms
[2025-06-28T00:22:45.254+0200][34.051s] GC(653) User=0.16s Sys=0.00s Real=0.08s
[2025-06-28T00:22:45.255+0200][34.051s] GC(652) Concurrent Mark From Roots 79.369ms
[2025-06-28T00:22:45.255+0200][34.051s] GC(652) Concurrent Mark Abort
[2025-06-28T00:22:45.255+0200][34.051s] GC(652) Concurrent Mark Cycle 80.138ms
[2025-06-28T00:22:45.278+0200][34.074s] GC(654) Pause Young (Normal) (G1 Evacuation Pause)
[2025-06-28T00:22:45.278+0200][34.074s] GC(654) Using 8 workers of 10 for evacuation
[2025-06-28T00:22:45.281+0200][34.077s] GC(654)   Pre Evacuate Collection Set: 0.2ms
[2025-06-28T00:22:45.281+0200][34.078s] GC(654)   Merge Heap Roots: 0.1ms
[2025-06-28T00:22:45.281+0200][34.078s] GC(654)   Evacuate Collection Set: 1.2ms
[2025-06-28T00:22:45.281+0200][34.078s] GC(654)   Post Evacuate Collection Set: 1.1ms
[2025-06-28T00:22:45.281+0200][34.078s] GC(654)   Other: 0.2ms
[2025-06-28T00:22:45.281+0200][34.078s] GC(654) Eden regions: 1->0(0)
[2025-06-28T00:22:45.281+0200][34.078s] GC(654) Survivor regions: 0->0(0)
[2025-06-28T00:22:45.281+0200][34.078s] GC(654) Old regions: 21->22
[2025-06-28T00:22:45.281+0200][34.078s] GC(654) Humongous regions: 0->0
[2025-06-28T00:22:45.281+0200][34.078s] GC(654) Metaspace: 67624K(68160K)->67624K(68160K) NonClass: 58598K(58880K)->58598K(58880K) Class: 9025K(9280K)->9025K(9280K)
[2025-06-28T00:22:45.281+0200][34.078s] GC(654) Pause Young (Normal) (G1 Evacuation Pause) (Evacuation Failure) 21M->21M(22M) 3.593ms
[2025-06-28T00:22:45.281+0200][34.078s] GC(654) User=0.00s Sys=0.00s Real=0.00s
[2025-06-28T00:22:45.281+0200][34.078s] Attempting full compaction
[2025-06-28T00:22:45.281+0200][34.078s] GC(655) Pause Full (G1 Compaction Pause)
[2025-06-28T00:22:45.281+0200][34.078s] GC(655) Using 2 workers of 10 for full compaction
[2025-06-28T00:22:45.282+0200][34.078s] GC(655) Phase 1: Mark live objects
[2025-06-28T00:22:45.330+0200][34.126s] GC(655) Phase 1: Mark live objects 47.850ms
[2025-06-28T00:22:45.330+0200][34.126s] GC(655) Phase 2: Prepare compaction
[2025-06-28T00:22:45.331+0200][34.127s] GC(655) Phase 2: Prepare compaction 0.677ms
[2025-06-28T00:22:45.331+0200][34.127s] GC(655) Phase 3: Adjust pointers
[2025-06-28T00:22:45.349+0200][34.145s] GC(655) Phase 3: Adjust pointers 18.231ms
[2025-06-28T00:22:45.349+0200][34.145s] GC(655) Phase 4: Compact heap
[2025-06-28T00:22:45.350+0200][34.146s] GC(655) Phase 4: Compact heap 0.790ms
[2025-06-28T00:22:45.350+0200][34.146s] GC(655) Phase 5: Reset Metadata
[2025-06-28T00:22:45.356+0200][34.152s] GC(655) Phase 5: Reset Metadata 6.013ms
[2025-06-28T00:22:45.363+0200][34.160s] GC(655) Eden regions: 0->0(0)
[2025-06-28T00:22:45.363+0200][34.160s] GC(655) Survivor regions: 0->0(0)
[2025-06-28T00:22:45.363+0200][34.160s] GC(655) Old regions: 22->22
[2025-06-28T00:22:45.363+0200][34.160s] GC(655) Humongous regions: 0->0
[2025-06-28T00:22:45.363+0200][34.160s] GC(655) Metaspace: 67624K(68160K)->67624K(68160K) NonClass: 58598K(58880K)->58598K(58880K) Class: 9025K(9280K)->9025K(9280K)
[2025-06-28T00:22:45.363+0200][34.160s] GC(655) Pause Full (G1 Compaction Pause) 21M->21M(22M) 81.891ms
[2025-06-28T00:22:45.364+0200][34.160s] GC(655) User=0.16s Sys=0.00s Real=0.08s
[2025-06-28T00:22:45.364+0200][34.160s] Attempting maximal full compaction clearing soft references
[2025-06-28T00:22:45.364+0200][34.160s] GC(656) Pause Full (G1 Compaction Pause)
[2025-06-28T00:22:45.364+0200][34.160s] GC(656) Using 2 workers of 10 for full compaction
[2025-06-28T00:22:45.364+0200][34.160s] GC(656) Phase 1: Mark live objects
[2025-06-28T00:22:45.413+0200][34.210s] GC(656) Phase 1: Mark live objects 49.732ms
[2025-06-28T00:22:45.413+0200][34.210s] GC(656) Phase 2: Prepare compaction
[2025-06-28T00:22:45.422+0200][34.219s] GC(656) Phase 2: Prepare compaction 8.434ms
[2025-06-28T00:22:45.422+0200][34.219s] GC(656) Phase 3: Adjust pointers
[2025-06-28T00:22:45.449+0200][34.245s] GC(656) Phase 3: Adjust pointers 26.241ms
[2025-06-28T00:22:45.449+0200][34.245s] GC(656) Phase 4: Compact heap
[2025-06-28T00:22:45.460+0200][34.257s] GC(656) Phase 4: Compact heap 11.635ms
[2025-06-28T00:22:45.461+0200][34.257s] GC(656) Phase 5: Reset Metadata
[2025-06-28T00:22:45.462+0200][34.259s] GC(656) Phase 5: Reset Metadata 1.224ms
[2025-06-28T00:22:45.468+0200][34.264s] GC(656) Eden regions: 0->0(1)
[2025-06-28T00:22:45.468+0200][34.264s] GC(656) Survivor regions: 0->0(0)
[2025-06-28T00:22:45.468+0200][34.264s] GC(656) Old regions: 22->21
[2025-06-28T00:22:45.468+0200][34.264s] GC(656) Humongous regions: 0->0
[2025-06-28T00:22:45.468+0200][34.264s] GC(656) Metaspace: 67624K(68160K)->67624K(68160K) NonClass: 58598K(58880K)->58598K(58880K) Class: 9025K(9280K)->9025K(9280K)
[2025-06-28T00:22:45.468+0200][34.264s] GC(656) Pause Full (G1 Compaction Pause) 21M->20M(22M) 104.107ms
[2025-06-28T00:22:45.468+0200][34.264s] GC(656) User=0.19s Sys=0.00s Real=0.10s
[2025-06-28T00:22:45.487+0200][34.283s] GC(657) Pause Young (Concurrent Start) (G1 Evacuation Pause)
[2025-06-28T00:22:45.487+0200][34.284s] GC(657) Using 8 workers of 10 for evacuation
[2025-06-28T00:22:45.490+0200][34.286s] GC(657)   Pre Evacuate Collection Set: 0.4ms
[2025-06-28T00:22:45.490+0200][34.286s] GC(657)   Merge Heap Roots: 0.1ms
[2025-06-28T00:22:45.490+0200][34.286s] GC(657)   Evacuate Collection Set: 1.3ms
[2025-06-28T00:22:45.490+0200][34.286s] GC(657)   Post Evacuate Collection Set: 0.7ms
[2025-06-28T00:22:45.490+0200][34.286s] GC(657)   Other: 0.2ms
[2025-06-28T00:22:45.490+0200][34.286s] GC(657) Eden regions: 1->0(0)
[2025-06-28T00:22:45.490+0200][34.286s] GC(657) Survivor regions: 0->0(0)
[2025-06-28T00:22:45.490+0200][34.286s] GC(657) Old regions: 21->22
[2025-06-28T00:22:45.490+0200][34.286s] GC(657) Humongous regions: 0->0
[2025-06-28T00:22:45.490+0200][34.286s] GC(657) Metaspace: 67691K(68224K)->67691K(68224K) NonClass: 58658K(58944K)->58658K(58944K) Class: 9032K(9280K)->9032K(9280K)
[2025-06-28T00:22:45.490+0200][34.287s] GC(657) Pause Young (Concurrent Start) (G1 Evacuation Pause) (Evacuation Failure) 21M->21M(22M) 3.115ms
[2025-06-28T00:22:45.490+0200][34.287s] GC(657) User=0.00s Sys=0.00s Real=0.00s
[2025-06-28T00:22:45.490+0200][34.287s] Attempting full compaction
[2025-06-28T00:22:45.490+0200][34.287s] GC(658) Pause Full (G1 Compaction Pause)
[2025-06-28T00:22:45.490+0200][34.287s] GC(659) Concurrent Mark Cycle
[2025-06-28T00:22:45.490+0200][34.287s] GC(658) Using 2 workers of 10 for full compaction
[2025-06-28T00:22:45.490+0200][34.287s] GC(659) Concurrent Scan Root Regions
[2025-06-28T00:22:45.491+0200][34.287s] GC(659) Concurrent Scan Root Regions 0.184ms
[2025-06-28T00:22:45.491+0200][34.287s] GC(659) Concurrent Mark
[2025-06-28T00:22:45.491+0200][34.287s] GC(659) Concurrent Mark From Roots
[2025-06-28T00:22:45.491+0200][34.287s] GC(659) Using 3 workers of 3 for marking
[2025-06-28T00:22:45.491+0200][34.287s] GC(658) Phase 1: Mark live objects
[2025-06-28T00:22:45.544+0200][34.340s] GC(658) Phase 1: Mark live objects 53.088ms
[2025-06-28T00:22:45.544+0200][34.341s] GC(658) Phase 2: Prepare compaction
[2025-06-28T00:22:45.546+0200][34.342s] GC(658) Phase 2: Prepare compaction 1.293ms
[2025-06-28T00:22:45.546+0200][34.342s] GC(658) Phase 3: Adjust pointers
[2025-06-28T00:22:45.566+0200][34.362s] GC(658) Phase 3: Adjust pointers 20.186ms
[2025-06-28T00:22:45.566+0200][34.362s] GC(658) Phase 4: Compact heap
[2025-06-28T00:22:45.567+0200][34.363s] GC(658) Phase 4: Compact heap 0.832ms
[2025-06-28T00:22:45.567+0200][34.363s] GC(658) Phase 5: Reset Metadata
[2025-06-28T00:22:45.572+0200][34.369s] GC(658) Phase 5: Reset Metadata 5.434ms
[2025-06-28T00:22:45.579+0200][34.376s] GC(658) Eden regions: 0->0(1)
[2025-06-28T00:22:45.579+0200][34.376s] GC(658) Survivor regions: 0->0(0)
[2025-06-28T00:22:45.579+0200][34.376s] GC(658) Old regions: 22->21
[2025-06-28T00:22:45.580+0200][34.376s] GC(658) Humongous regions: 0->0
[2025-06-28T00:22:45.580+0200][34.376s] GC(658) Metaspace: 67691K(68224K)->67691K(68224K) NonClass: 58658K(58944K)->58658K(58944K) Class: 9032K(9280K)->9032K(9280K)
[2025-06-28T00:22:45.580+0200][34.376s] GC(658) Pause Full (G1 Compaction Pause) 21M->20M(22M) 89.135ms
[2025-06-28T00:22:45.580+0200][34.376s] GC(658) User=0.16s Sys=0.00s Real=0.09s
[2025-06-28T00:22:45.580+0200][34.376s] GC(659) Concurrent Mark From Roots 89.291ms
[2025-06-28T00:22:45.580+0200][34.376s] GC(659) Concurrent Mark Abort
[2025-06-28T00:22:45.580+0200][34.377s] GC(659) Concurrent Mark Cycle 89.793ms
[2025-06-28T00:22:45.594+0200][34.390s] GC(660) Pause Young (Normal) (G1 Evacuation Pause)
[2025-06-28T00:22:45.594+0200][34.390s] GC(660) Using 8 workers of 10 for evacuation
[2025-06-28T00:22:45.597+0200][34.393s] GC(660)   Pre Evacuate Collection Set: 0.2ms
[2025-06-28T00:22:45.597+0200][34.394s] GC(660)   Merge Heap Roots: 0.2ms
[2025-06-28T00:22:45.597+0200][34.394s] GC(660)   Evacuate Collection Set: 1.5ms
[2025-06-28T00:22:45.597+0200][34.394s] GC(660)   Post Evacuate Collection Set: 1.0ms
[2025-06-28T00:22:45.597+0200][34.394s] GC(660)   Other: 0.1ms
[2025-06-28T00:22:45.597+0200][34.394s] GC(660) Eden regions: 1->0(0)
[2025-06-28T00:22:45.597+0200][34.394s] GC(660) Survivor regions: 0->0(0)
[2025-06-28T00:22:45.597+0200][34.394s] GC(660) Old regions: 21->22
[2025-06-28T00:22:45.597+0200][34.394s] GC(660) Humongous regions: 0->0
[2025-06-28T00:22:45.598+0200][34.394s] GC(660) Metaspace: 67759K(68352K)->67759K(68352K) NonClass: 58716K(59072K)->58716K(59072K) Class: 9043K(9280K)->9043K(9280K)
[2025-06-28T00:22:45.598+0200][34.394s] GC(660) Pause Young (Normal) (G1 Evacuation Pause) (Evacuation Failure) 21M->21M(22M) 3.802ms
[2025-06-28T00:22:45.598+0200][34.394s] GC(660) User=0.00s Sys=0.00s Real=0.00s
[2025-06-28T00:22:45.598+0200][34.394s] Attempting full compaction
[2025-06-28T00:22:45.598+0200][34.394s] GC(661) Pause Full (G1 Compaction Pause)
[2025-06-28T00:22:45.598+0200][34.394s] GC(661) Using 2 workers of 10 for full compaction
[2025-06-28T00:22:45.598+0200][34.394s] GC(661) Phase 1: Mark live objects
[2025-06-28T00:22:45.649+0200][34.446s] GC(661) Phase 1: Mark live objects 51.426ms
[2025-06-28T00:22:45.649+0200][34.446s] GC(661) Phase 2: Prepare compaction
[2025-06-28T00:22:45.650+0200][34.447s] GC(661) Phase 2: Prepare compaction 0.836ms
[2025-06-28T00:22:45.650+0200][34.447s] GC(661) Phase 3: Adjust pointers
[2025-06-28T00:22:45.672+0200][34.469s] GC(661) Phase 3: Adjust pointers 21.681ms
[2025-06-28T00:22:45.672+0200][34.469s] GC(661) Phase 4: Compact heap
[2025-06-28T00:22:45.673+0200][34.470s] GC(661) Phase 4: Compact heap 1.294ms
[2025-06-28T00:22:45.674+0200][34.470s] GC(661) Phase 5: Reset Metadata
[2025-06-28T00:22:45.683+0200][34.480s] GC(661) Phase 5: Reset Metadata 9.332ms
[2025-06-28T00:22:45.688+0200][34.485s] GC(661) Eden regions: 0->0(1)
[2025-06-28T00:22:45.688+0200][34.485s] GC(661) Survivor regions: 0->0(0)
[2025-06-28T00:22:45.688+0200][34.485s] GC(661) Old regions: 22->21
[2025-06-28T00:22:45.688+0200][34.485s] GC(661) Humongous regions: 0->0
[2025-06-28T00:22:45.688+0200][34.485s] GC(661) Metaspace: 67759K(68352K)->67759K(68352K) NonClass: 58716K(59072K)->58716K(59072K) Class: 9043K(9280K)->9043K(9280K)
[2025-06-28T00:22:45.688+0200][34.485s] GC(661) Pause Full (G1 Compaction Pause) 21M->20M(22M) 90.695ms
[2025-06-28T00:22:45.688+0200][34.485s] GC(661) User=0.22s Sys=0.00s Real=0.09s
[2025-06-28T00:22:45.711+0200][34.507s] GC(662) Pause Young (Concurrent Start) (G1 Evacuation Pause)
[2025-06-28T00:22:45.711+0200][34.508s] GC(662) Using 8 workers of 10 for evacuation
[2025-06-28T00:22:45.716+0200][34.513s] GC(662)   Pre Evacuate Collection Set: 0.7ms
[2025-06-28T00:22:45.716+0200][34.513s] GC(662)   Merge Heap Roots: 0.2ms
[2025-06-28T00:22:45.716+0200][34.513s] GC(662)   Evacuate Collection Set: 2.5ms
[2025-06-28T00:22:45.716+0200][34.513s] GC(662)   Post Evacuate Collection Set: 1.0ms
[2025-06-28T00:22:45.716+0200][34.513s] GC(662)   Other: 0.4ms
[2025-06-28T00:22:45.716+0200][34.513s] GC(662) Eden regions: 1->0(0)
[2025-06-28T00:22:45.716+0200][34.513s] GC(662) Survivor regions: 0->0(0)
[2025-06-28T00:22:45.716+0200][34.513s] GC(662) Old regions: 21->22
[2025-06-28T00:22:45.716+0200][34.513s] GC(662) Humongous regions: 0->0
[2025-06-28T00:22:45.717+0200][34.513s] GC(662) Metaspace: 67843K(68480K)->67843K(68480K) NonClass: 58786K(59136K)->58786K(59136K) Class: 9056K(9344K)->9056K(9344K)
[2025-06-28T00:22:45.717+0200][34.513s] GC(662) Pause Young (Concurrent Start) (G1 Evacuation Pause) (Evacuation Failure) 21M->21M(22M) 5.791ms
[2025-06-28T00:22:45.717+0200][34.513s] GC(663) Concurrent Mark Cycle
[2025-06-28T00:22:45.717+0200][34.513s] GC(662) User=0.11s Sys=0.00s Real=0.01s
[2025-06-28T00:22:45.717+0200][34.513s] GC(663) Concurrent Scan Root Regions
[2025-06-28T00:22:45.717+0200][34.514s] Attempting full compaction
[2025-06-28T00:22:45.717+0200][34.514s] GC(663) Concurrent Scan Root Regions 0.212ms
[2025-06-28T00:22:45.717+0200][34.514s] GC(664) Pause Full (G1 Compaction Pause)
[2025-06-28T00:22:45.717+0200][34.514s] GC(663) Concurrent Mark
[2025-06-28T00:22:45.717+0200][34.514s] GC(664) Using 2 workers of 10 for full compaction
[2025-06-28T00:22:45.717+0200][34.514s] GC(663) Concurrent Mark From Roots
[2025-06-28T00:22:45.717+0200][34.514s] GC(663) Using 3 workers of 3 for marking
[2025-06-28T00:22:45.718+0200][34.514s] GC(664) Phase 1: Mark live objects
[2025-06-28T00:22:45.766+0200][34.562s] GC(664) Phase 1: Mark live objects 47.503ms
[2025-06-28T00:22:45.766+0200][34.562s] GC(664) Phase 2: Prepare compaction
[2025-06-28T00:22:45.767+0200][34.563s] GC(664) Phase 2: Prepare compaction 0.912ms
[2025-06-28T00:22:45.767+0200][34.563s] GC(664) Phase 3: Adjust pointers
[2025-06-28T00:22:45.789+0200][34.585s] GC(664) Phase 3: Adjust pointers 22.428ms
[2025-06-28T00:22:45.789+0200][34.586s] GC(664) Phase 4: Compact heap
[2025-06-28T00:22:45.791+0200][34.587s] GC(664) Phase 4: Compact heap 1.455ms
[2025-06-28T00:22:45.791+0200][34.587s] GC(664) Phase 5: Reset Metadata
[2025-06-28T00:22:45.802+0200][34.598s] GC(664) Phase 5: Reset Metadata 11.081ms
[2025-06-28T00:22:45.810+0200][34.606s] GC(664) Eden regions: 0->0(1)
[2025-06-28T00:22:45.810+0200][34.607s] GC(664) Survivor regions: 0->0(0)
[2025-06-28T00:22:45.810+0200][34.607s] GC(664) Old regions: 22->21
[2025-06-28T00:22:45.810+0200][34.607s] GC(664) Humongous regions: 0->0
[2025-06-28T00:22:45.810+0200][34.607s] GC(664) Metaspace: 67843K(68480K)->67843K(68480K) NonClass: 58786K(59136K)->58786K(59136K) Class: 9056K(9344K)->9056K(9344K)
[2025-06-28T00:22:45.811+0200][34.607s] GC(664) Pause Full (G1 Compaction Pause) 21M->20M(22M) 92.953ms
[2025-06-28T00:22:45.811+0200][34.607s] GC(664) User=0.17s Sys=0.00s Real=0.09s
[2025-06-28T00:22:45.811+0200][34.607s] GC(663) Concurrent Mark From Roots 93.303ms
[2025-06-28T00:22:45.811+0200][34.607s] GC(663) Concurrent Mark Abort
[2025-06-28T00:22:45.811+0200][34.608s] GC(663) Concurrent Mark Cycle 94.184ms
[2025-06-28T00:22:45.848+0200][34.644s] GC(665) Pause Young (Normal) (G1 Evacuation Pause)
[2025-06-28T00:22:45.848+0200][34.644s] GC(665) Using 8 workers of 10 for evacuation
[2025-06-28T00:22:45.853+0200][34.649s] GC(665)   Pre Evacuate Collection Set: 0.5ms
[2025-06-28T00:22:45.853+0200][34.649s] GC(665)   Merge Heap Roots: 0.2ms
[2025-06-28T00:22:45.853+0200][34.649s] GC(665)   Evacuate Collection Set: 2.3ms
[2025-06-28T00:22:45.853+0200][34.649s] GC(665)   Post Evacuate Collection Set: 1.1ms
[2025-06-28T00:22:45.853+0200][34.649s] GC(665)   Other: 0.2ms
[2025-06-28T00:22:45.853+0200][34.649s] GC(665) Eden regions: 1->0(0)
[2025-06-28T00:22:45.853+0200][34.649s] GC(665) Survivor regions: 0->0(0)
[2025-06-28T00:22:45.853+0200][34.649s] GC(665) Old regions: 21->22
[2025-06-28T00:22:45.853+0200][34.649s] GC(665) Humongous regions: 0->0
[2025-06-28T00:22:45.853+0200][34.649s] GC(665) Metaspace: 67918K(68544K)->67918K(68544K) NonClass: 58849K(59200K)->58849K(59200K) Class: 9068K(9344K)->9068K(9344K)
[2025-06-28T00:22:45.853+0200][34.649s] GC(665) Pause Young (Normal) (G1 Evacuation Pause) (Evacuation Failure) 21M->21M(22M) 5.415ms
[2025-06-28T00:22:45.853+0200][34.649s] GC(665) User=0.00s Sys=0.00s Real=0.00s
[2025-06-28T00:22:45.853+0200][34.649s] Attempting full compaction
[2025-06-28T00:22:45.853+0200][34.649s] GC(666) Pause Full (G1 Compaction Pause)
[2025-06-28T00:22:45.854+0200][34.650s] GC(666) Using 2 workers of 10 for full compaction
[2025-06-28T00:22:45.854+0200][34.650s] GC(666) Phase 1: Mark live objects
[2025-06-28T00:22:45.914+0200][34.710s] GC(666) Phase 1: Mark live objects 60.521ms
[2025-06-28T00:22:45.914+0200][34.710s] GC(666) Phase 2: Prepare compaction
[2025-06-28T00:22:45.915+0200][34.711s] GC(666) Phase 2: Prepare compaction 0.836ms
[2025-06-28T00:22:45.915+0200][34.711s] GC(666) Phase 3: Adjust pointers
[2025-06-28T00:22:45.936+0200][34.732s] GC(666) Phase 3: Adjust pointers 20.671ms
[2025-06-28T00:22:45.936+0200][34.732s] GC(666) Phase 4: Compact heap
[2025-06-28T00:22:45.936+0200][34.733s] GC(666) Phase 4: Compact heap 0.755ms
[2025-06-28T00:22:45.936+0200][34.733s] GC(666) Phase 5: Reset Metadata
[2025-06-28T00:22:45.945+0200][34.741s] GC(666) Phase 5: Reset Metadata 8.159ms
[2025-06-28T00:22:45.951+0200][34.748s] GC(666) Eden regions: 0->0(1)
[2025-06-28T00:22:45.951+0200][34.748s] GC(666) Survivor regions: 0->0(0)
[2025-06-28T00:22:45.951+0200][34.748s] GC(666) Old regions: 22->21
[2025-06-28T00:22:45.951+0200][34.748s] GC(666) Humongous regions: 0->0
[2025-06-28T00:22:45.951+0200][34.748s] GC(666) Metaspace: 67918K(68544K)->67918K(68544K) NonClass: 58849K(59200K)->58849K(59200K) Class: 9068K(9344K)->9068K(9344K)
[2025-06-28T00:22:45.952+0200][34.748s] GC(666) Pause Full (G1 Compaction Pause) 21M->20M(22M) 98.642ms
[2025-06-28T00:22:45.952+0200][34.748s] GC(666) User=0.20s Sys=0.00s Real=0.10s
[2025-06-28T00:22:45.979+0200][34.775s] GC(667) Pause Young (Concurrent Start) (G1 Evacuation Pause)
[2025-06-28T00:22:45.979+0200][34.775s] GC(667) Using 8 workers of 10 for evacuation
[2025-06-28T00:22:45.983+0200][34.779s] GC(667)   Pre Evacuate Collection Set: 0.4ms
[2025-06-28T00:22:45.983+0200][34.779s] GC(667)   Merge Heap Roots: 0.3ms
[2025-06-28T00:22:45.983+0200][34.779s] GC(667)   Evacuate Collection Set: 2.4ms
[2025-06-28T00:22:45.983+0200][34.779s] GC(667)   Post Evacuate Collection Set: 0.9ms
[2025-06-28T00:22:45.983+0200][34.779s] GC(667)   Other: 0.2ms
[2025-06-28T00:22:45.983+0200][34.779s] GC(667) Eden regions: 1->0(0)
[2025-06-28T00:22:45.983+0200][34.779s] GC(667) Survivor regions: 0->0(0)
[2025-06-28T00:22:45.983+0200][34.779s] GC(667) Old regions: 21->22
[2025-06-28T00:22:45.983+0200][34.779s] GC(667) Humongous regions: 0->0
[2025-06-28T00:22:45.983+0200][34.779s] GC(667) Metaspace: 68146K(68736K)->68146K(68736K) NonClass: 59047K(59392K)->59047K(59392K) Class: 9098K(9344K)->9098K(9344K)
[2025-06-28T00:22:45.983+0200][34.780s] GC(667) Pause Young (Concurrent Start) (G1 Evacuation Pause) (Evacuation Failure) 21M->21M(22M) 4.710ms
[2025-06-28T00:22:45.983+0200][34.780s] GC(667) User=0.05s Sys=0.00s Real=0.00s
[2025-06-28T00:22:45.984+0200][34.780s] Attempting full compaction
[2025-06-28T00:22:45.984+0200][34.780s] GC(668) Concurrent Mark Cycle
[2025-06-28T00:22:45.984+0200][34.780s] GC(669) Pause Full (G1 Compaction Pause)
[2025-06-28T00:22:45.984+0200][34.780s] GC(668) Concurrent Scan Root Regions
[2025-06-28T00:22:45.984+0200][34.780s] GC(669) Using 2 workers of 10 for full compaction
[2025-06-28T00:22:45.984+0200][34.780s] GC(668) Concurrent Scan Root Regions 0.141ms
[2025-06-28T00:22:45.984+0200][34.780s] GC(668) Concurrent Mark
[2025-06-28T00:22:45.984+0200][34.780s] GC(668) Concurrent Mark From Roots
[2025-06-28T00:22:45.984+0200][34.780s] GC(668) Using 3 workers of 3 for marking
[2025-06-28T00:22:45.984+0200][34.780s] GC(669) Phase 1: Mark live objects
[2025-06-28T00:22:46.036+0200][34.833s] GC(669) Phase 1: Mark live objects 52.409ms
[2025-06-28T00:22:46.036+0200][34.833s] GC(669) Phase 2: Prepare compaction
[2025-06-28T00:22:46.037+0200][34.834s] GC(669) Phase 2: Prepare compaction 0.905ms
[2025-06-28T00:22:46.037+0200][34.834s] GC(669) Phase 3: Adjust pointers
[2025-06-28T00:22:46.057+0200][34.853s] GC(669) Phase 3: Adjust pointers 19.082ms
[2025-06-28T00:22:46.057+0200][34.853s] GC(669) Phase 4: Compact heap
[2025-06-28T00:22:46.057+0200][34.854s] GC(669) Phase 4: Compact heap 0.761ms
[2025-06-28T00:22:46.057+0200][34.854s] GC(669) Phase 5: Reset Metadata
[2025-06-28T00:22:46.066+0200][34.862s] GC(669) Phase 5: Reset Metadata 8.512ms
[2025-06-28T00:22:46.071+0200][34.868s] GC(669) Eden regions: 0->0(1)
[2025-06-28T00:22:46.071+0200][34.868s] GC(669) Survivor regions: 0->0(0)
[2025-06-28T00:22:46.071+0200][34.868s] GC(669) Old regions: 22->21
[2025-06-28T00:22:46.071+0200][34.868s] GC(669) Humongous regions: 0->0
[2025-06-28T00:22:46.071+0200][34.868s] GC(669) Metaspace: 68146K(68736K)->68146K(68736K) NonClass: 59047K(59392K)->59047K(59392K) Class: 9098K(9344K)->9098K(9344K)
[2025-06-28T00:22:46.071+0200][34.868s] GC(669) Pause Full (G1 Compaction Pause) 21M->20M(22M) 88.123ms
[2025-06-28T00:22:46.072+0200][34.868s] GC(669) User=0.16s Sys=0.00s Real=0.09s
[2025-06-28T00:22:46.072+0200][34.868s] GC(668) Concurrent Mark From Roots 88.142ms
[2025-06-28T00:22:46.072+0200][34.868s] GC(668) Concurrent Mark Abort
[2025-06-28T00:22:46.072+0200][34.868s] GC(668) Concurrent Mark Cycle 88.630ms
[2025-06-28T00:22:46.114+0200][34.911s] GC(670) Pause Young (Normal) (G1 Evacuation Pause)
[2025-06-28T00:22:46.114+0200][34.911s] GC(670) Using 8 workers of 10 for evacuation
[2025-06-28T00:22:46.117+0200][34.914s] GC(670)   Pre Evacuate Collection Set: 0.5ms
[2025-06-28T00:22:46.118+0200][34.914s] GC(670)   Merge Heap Roots: 0.2ms
[2025-06-28T00:22:46.118+0200][34.914s] GC(670)   Evacuate Collection Set: 1.3ms
[2025-06-28T00:22:46.118+0200][34.914s] GC(670)   Post Evacuate Collection Set: 1.0ms
[2025-06-28T00:22:46.118+0200][34.914s] GC(670)   Other: 0.1ms
[2025-06-28T00:22:46.118+0200][34.914s] GC(670) Eden regions: 1->0(0)
[2025-06-28T00:22:46.118+0200][34.914s] GC(670) Survivor regions: 0->0(0)
[2025-06-28T00:22:46.118+0200][34.914s] GC(670) Old regions: 21->22
[2025-06-28T00:22:46.118+0200][34.914s] GC(670) Humongous regions: 0->0
[2025-06-28T00:22:46.118+0200][34.914s] GC(670) Metaspace: 68294K(68864K)->68294K(68864K) NonClass: 59183K(59456K)->59183K(59456K) Class: 9110K(9408K)->9110K(9408K)
[2025-06-28T00:22:46.118+0200][34.914s] GC(670) Pause Young (Normal) (G1 Evacuation Pause) (Evacuation Failure) 21M->21M(22M) 3.552ms
[2025-06-28T00:22:46.118+0200][34.914s] GC(670) User=0.00s Sys=0.00s Real=0.00s
[2025-06-28T00:22:46.118+0200][34.914s] Attempting full compaction
[2025-06-28T00:22:46.118+0200][34.914s] GC(671) Pause Full (G1 Compaction Pause)
[2025-06-28T00:22:46.118+0200][34.914s] GC(671) Using 2 workers of 10 for full compaction
[2025-06-28T00:22:46.118+0200][34.914s] GC(671) Phase 1: Mark live objects
[2025-06-28T00:22:46.176+0200][34.973s] GC(671) Phase 1: Mark live objects 58.222ms
[2025-06-28T00:22:46.177+0200][34.973s] GC(671) Phase 2: Prepare compaction
[2025-06-28T00:22:46.178+0200][34.974s] GC(671) Phase 2: Prepare compaction 0.962ms
[2025-06-28T00:22:46.178+0200][34.974s] GC(671) Phase 3: Adjust pointers
[2025-06-28T00:22:46.196+0200][34.993s] GC(671) Phase 3: Adjust pointers 18.596ms
[2025-06-28T00:22:46.196+0200][34.993s] GC(671) Phase 4: Compact heap
[2025-06-28T00:22:46.197+0200][34.993s] GC(671) Phase 4: Compact heap 0.666ms
[2025-06-28T00:22:46.197+0200][34.993s] GC(671) Phase 5: Reset Metadata
[2025-06-28T00:22:46.203+0200][34.999s] GC(671) Phase 5: Reset Metadata 5.631ms
[2025-06-28T00:22:46.208+0200][35.004s] GC(671) Eden regions: 0->0(1)
[2025-06-28T00:22:46.208+0200][35.005s] GC(671) Survivor regions: 0->0(0)
[2025-06-28T00:22:46.208+0200][35.005s] GC(671) Old regions: 22->21
[2025-06-28T00:22:46.208+0200][35.005s] GC(671) Humongous regions: 0->0
[2025-06-28T00:22:46.208+0200][35.005s] GC(671) Metaspace: 68294K(68864K)->68292K(68864K) NonClass: 59183K(59456K)->59182K(59456K) Class: 9110K(9408K)->9110K(9408K)
[2025-06-28T00:22:46.208+0200][35.005s] GC(671) Pause Full (G1 Compaction Pause) 21M->20M(22M) 90.425ms
[2025-06-28T00:22:46.208+0200][35.005s] GC(671) User=0.17s Sys=0.03s Real=0.09s
[2025-06-28T00:22:46.260+0200][35.056s] GC(672) Pause Young (Concurrent Start) (G1 Evacuation Pause)
[2025-06-28T00:22:46.261+0200][35.057s] GC(672) Using 8 workers of 10 for evacuation
[2025-06-28T00:22:46.265+0200][35.061s] GC(672)   Pre Evacuate Collection Set: 0.7ms
[2025-06-28T00:22:46.265+0200][35.061s] GC(672)   Merge Heap Roots: 0.2ms
[2025-06-28T00:22:46.265+0200][35.061s] GC(672)   Evacuate Collection Set: 1.5ms
[2025-06-28T00:22:46.265+0200][35.061s] GC(672)   Post Evacuate Collection Set: 1.1ms
[2025-06-28T00:22:46.265+0200][35.061s] GC(672)   Other: 0.4ms
[2025-06-28T00:22:46.265+0200][35.061s] GC(672) Eden regions: 1->0(0)
[2025-06-28T00:22:46.265+0200][35.061s] GC(672) Survivor regions: 0->0(0)
[2025-06-28T00:22:46.265+0200][35.061s] GC(672) Old regions: 21->22
[2025-06-28T00:22:46.265+0200][35.061s] GC(672) Humongous regions: 0->0
[2025-06-28T00:22:46.265+0200][35.061s] GC(672) Metaspace: 68681K(69248K)->68681K(69248K) NonClass: 59526K(59840K)->59526K(59840K) Class: 9155K(9408K)->9155K(9408K)
[2025-06-28T00:22:46.265+0200][35.061s] GC(672) Pause Young (Concurrent Start) (G1 Evacuation Pause) (Evacuation Failure) 21M->21M(22M) 4.697ms
[2025-06-28T00:22:46.265+0200][35.061s] GC(672) User=0.03s Sys=0.00s Real=0.01s
[2025-06-28T00:22:46.265+0200][35.061s] Attempting full compaction
[2025-06-28T00:22:46.265+0200][35.061s] GC(673) Concurrent Mark Cycle
[2025-06-28T00:22:46.265+0200][35.061s] GC(674) Pause Full (G1 Compaction Pause)
[2025-06-28T00:22:46.265+0200][35.061s] GC(673) Concurrent Scan Root Regions
[2025-06-28T00:22:46.265+0200][35.061s] GC(674) Using 2 workers of 10 for full compaction
[2025-06-28T00:22:46.266+0200][35.061s] GC(673) Concurrent Scan Root Regions 0.168ms
[2025-06-28T00:22:46.266+0200][35.062s] GC(673) Concurrent Mark
[2025-06-28T00:22:46.266+0200][35.062s] GC(673) Concurrent Mark From Roots
[2025-06-28T00:22:46.266+0200][35.062s] GC(673) Using 3 workers of 3 for marking
[2025-06-28T00:22:46.266+0200][35.062s] GC(674) Phase 1: Mark live objects
[2025-06-28T00:22:46.316+0200][35.112s] GC(674) Phase 1: Mark live objects 50.298ms
[2025-06-28T00:22:46.316+0200][35.112s] GC(674) Phase 2: Prepare compaction
[2025-06-28T00:22:46.317+0200][35.113s] GC(674) Phase 2: Prepare compaction 0.689ms
[2025-06-28T00:22:46.317+0200][35.113s] GC(674) Phase 3: Adjust pointers
[2025-06-28T00:22:46.335+0200][35.132s] GC(674) Phase 3: Adjust pointers 18.598ms
[2025-06-28T00:22:46.335+0200][35.132s] GC(674) Phase 4: Compact heap
[2025-06-28T00:22:46.336+0200][35.133s] GC(674) Phase 4: Compact heap 0.944ms
[2025-06-28T00:22:46.336+0200][35.133s] GC(674) Phase 5: Reset Metadata
[2025-06-28T00:22:46.344+0200][35.140s] GC(674) Phase 5: Reset Metadata 7.551ms
[2025-06-28T00:22:46.349+0200][35.146s] GC(674) Eden regions: 0->0(1)
[2025-06-28T00:22:46.349+0200][35.146s] GC(674) Survivor regions: 0->0(0)
[2025-06-28T00:22:46.350+0200][35.146s] GC(674) Old regions: 22->21
[2025-06-28T00:22:46.350+0200][35.146s] GC(674) Humongous regions: 0->0
[2025-06-28T00:22:46.350+0200][35.146s] GC(674) Metaspace: 68681K(69248K)->68681K(69248K) NonClass: 59526K(59840K)->59526K(59840K) Class: 9155K(9408K)->9155K(9408K)
[2025-06-28T00:22:46.350+0200][35.146s] GC(674) Pause Full (G1 Compaction Pause) 21M->20M(22M) 84.733ms
[2025-06-28T00:22:46.350+0200][35.146s] GC(674) User=0.20s Sys=0.00s Real=0.08s
[2025-06-28T00:22:46.350+0200][35.146s] GC(673) Concurrent Mark From Roots 84.898ms
[2025-06-28T00:22:46.350+0200][35.147s] GC(673) Concurrent Mark Abort
[2025-06-28T00:22:46.350+0200][35.147s] GC(673) Concurrent Mark Cycle 85.499ms
[2025-06-28T00:22:46.394+0200][35.190s] GC(675) Pause Young (Normal) (G1 Evacuation Pause)
[2025-06-28T00:22:46.394+0200][35.190s] GC(675) Using 8 workers of 10 for evacuation
[2025-06-28T00:22:46.397+0200][35.193s] GC(675)   Pre Evacuate Collection Set: 0.5ms
[2025-06-28T00:22:46.397+0200][35.193s] GC(675)   Merge Heap Roots: 0.2ms
[2025-06-28T00:22:46.397+0200][35.193s] GC(675)   Evacuate Collection Set: 1.2ms
[2025-06-28T00:22:46.397+0200][35.193s] GC(675)   Post Evacuate Collection Set: 0.9ms
[2025-06-28T00:22:46.397+0200][35.193s] GC(675)   Other: 0.2ms
[2025-06-28T00:22:46.397+0200][35.193s] GC(675) Eden regions: 1->0(0)
[2025-06-28T00:22:46.397+0200][35.193s] GC(675) Survivor regions: 0->0(0)
[2025-06-28T00:22:46.397+0200][35.193s] GC(675) Old regions: 21->22
[2025-06-28T00:22:46.397+0200][35.194s] GC(675) Humongous regions: 0->0
[2025-06-28T00:22:46.397+0200][35.194s] GC(675) Metaspace: 68838K(69376K)->68838K(69376K) NonClass: 59656K(59968K)->59656K(59968K) Class: 9181K(9408K)->9181K(9408K)
[2025-06-28T00:22:46.397+0200][35.194s] GC(675) Pause Young (Normal) (G1 Evacuation Pause) (Evacuation Failure) 21M->21M(22M) 3.772ms
[2025-06-28T00:22:46.397+0200][35.194s] GC(675) User=0.00s Sys=0.00s Real=0.00s
[2025-06-28T00:22:46.397+0200][35.194s] Attempting full compaction
[2025-06-28T00:22:46.398+0200][35.194s] GC(676) Pause Full (G1 Compaction Pause)
[2025-06-28T00:22:46.398+0200][35.194s] GC(676) Using 2 workers of 10 for full compaction
[2025-06-28T00:22:46.398+0200][35.194s] GC(676) Phase 1: Mark live objects
[2025-06-28T00:22:46.444+0200][35.240s] GC(676) Phase 1: Mark live objects 46.412ms
[2025-06-28T00:22:46.444+0200][35.240s] GC(676) Phase 2: Prepare compaction
[2025-06-28T00:22:46.445+0200][35.241s] GC(676) Phase 2: Prepare compaction 0.673ms
[2025-06-28T00:22:46.445+0200][35.241s] GC(676) Phase 3: Adjust pointers
[2025-06-28T00:22:46.461+0200][35.257s] GC(676) Phase 3: Adjust pointers 16.006ms
[2025-06-28T00:22:46.461+0200][35.257s] GC(676) Phase 4: Compact heap
[2025-06-28T00:22:46.462+0200][35.258s] GC(676) Phase 4: Compact heap 0.910ms
[2025-06-28T00:22:46.462+0200][35.258s] GC(676) Phase 5: Reset Metadata
[2025-06-28T00:22:46.468+0200][35.264s] GC(676) Phase 5: Reset Metadata 5.609ms
[2025-06-28T00:22:46.474+0200][35.270s] GC(676) Eden regions: 0->0(1)
[2025-06-28T00:22:46.474+0200][35.270s] GC(676) Survivor regions: 0->0(0)
[2025-06-28T00:22:46.474+0200][35.270s] GC(676) Old regions: 22->21
[2025-06-28T00:22:46.474+0200][35.270s] GC(676) Humongous regions: 0->0
[2025-06-28T00:22:46.474+0200][35.270s] GC(676) Metaspace: 68838K(69376K)->68838K(69376K) NonClass: 59656K(59968K)->59656K(59968K) Class: 9181K(9408K)->9181K(9408K)
[2025-06-28T00:22:46.474+0200][35.270s] GC(676) Pause Full (G1 Compaction Pause) 21M->20M(22M) 76.388ms
[2025-06-28T00:22:46.474+0200][35.270s] GC(676) User=0.20s Sys=0.00s Real=0.08s
[2025-06-28T00:22:46.505+0200][35.301s] GC(677) Pause Young (Concurrent Start) (G1 Evacuation Pause)
[2025-06-28T00:22:46.505+0200][35.301s] GC(677) Using 8 workers of 10 for evacuation
[2025-06-28T00:22:46.509+0200][35.305s] GC(677)   Pre Evacuate Collection Set: 0.4ms
[2025-06-28T00:22:46.509+0200][35.305s] GC(677)   Merge Heap Roots: 0.2ms
[2025-06-28T00:22:46.509+0200][35.305s] GC(677)   Evacuate Collection Set: 1.8ms
[2025-06-28T00:22:46.509+0200][35.305s] GC(677)   Post Evacuate Collection Set: 0.6ms
[2025-06-28T00:22:46.509+0200][35.305s] GC(677)   Other: 0.3ms
[2025-06-28T00:22:46.509+0200][35.305s] GC(677) Eden regions: 1->0(0)
[2025-06-28T00:22:46.509+0200][35.305s] GC(677) Survivor regions: 0->0(0)
[2025-06-28T00:22:46.509+0200][35.305s] GC(677) Old regions: 21->22
[2025-06-28T00:22:46.509+0200][35.305s] GC(677) Humongous regions: 0->0
[2025-06-28T00:22:46.509+0200][35.305s] GC(677) Metaspace: 68965K(69568K)->68965K(69568K) NonClass: 59768K(60096K)->59768K(60096K) Class: 9197K(9472K)->9197K(9472K)
[2025-06-28T00:22:46.509+0200][35.305s] GC(677) Pause Young (Concurrent Start) (G1 Evacuation Pause) (Evacuation Failure) 21M->21M(22M) 3.764ms
[2025-06-28T00:22:46.509+0200][35.305s] GC(677) User=0.00s Sys=0.00s Real=0.00s
[2025-06-28T00:22:46.509+0200][35.305s] Attempting full compaction
[2025-06-28T00:22:46.509+0200][35.305s] GC(678) Pause Full (G1 Compaction Pause)
[2025-06-28T00:22:46.509+0200][35.305s] GC(679) Concurrent Mark Cycle
[2025-06-28T00:22:46.509+0200][35.305s] GC(678) Using 2 workers of 10 for full compaction
[2025-06-28T00:22:46.509+0200][35.305s] GC(679) Concurrent Scan Root Regions
[2025-06-28T00:22:46.509+0200][35.306s] GC(679) Concurrent Scan Root Regions 0.243ms
[2025-06-28T00:22:46.510+0200][35.306s] GC(678) Phase 1: Mark live objects
[2025-06-28T00:22:46.552+0200][35.348s] GC(678) Phase 1: Mark live objects 42.386ms
[2025-06-28T00:22:46.552+0200][35.348s] GC(678) Phase 2: Prepare compaction
[2025-06-28T00:22:46.553+0200][35.349s] GC(678) Phase 2: Prepare compaction 0.772ms
[2025-06-28T00:22:46.553+0200][35.349s] GC(678) Phase 3: Adjust pointers
[2025-06-28T00:22:46.570+0200][35.365s] GC(678) Phase 3: Adjust pointers 16.423ms
[2025-06-28T00:22:46.570+0200][35.366s] GC(678) Phase 4: Compact heap
[2025-06-28T00:22:46.571+0200][35.367s] GC(678) Phase 4: Compact heap 1.019ms
[2025-06-28T00:22:46.571+0200][35.367s] GC(678) Phase 5: Reset Metadata
[2025-06-28T00:22:46.576+0200][35.372s] GC(678) Phase 5: Reset Metadata 5.407ms
[2025-06-28T00:22:46.581+0200][35.377s] GC(678) Eden regions: 0->0(1)
[2025-06-28T00:22:46.581+0200][35.377s] GC(678) Survivor regions: 0->0(0)
[2025-06-28T00:22:46.581+0200][35.377s] GC(678) Old regions: 22->21
[2025-06-28T00:22:46.581+0200][35.377s] GC(678) Humongous regions: 0->0
[2025-06-28T00:22:46.581+0200][35.377s] GC(678) Metaspace: 68965K(69568K)->68965K(69568K) NonClass: 59768K(60096K)->59768K(60096K) Class: 9197K(9472K)->9197K(9472K)
[2025-06-28T00:22:46.581+0200][35.377s] GC(678) Pause Full (G1 Compaction Pause) 21M->20M(22M) 72.343ms
[2025-06-28T00:22:46.582+0200][35.378s] GC(678) User=0.16s Sys=0.00s Real=0.07s
[2025-06-28T00:22:46.582+0200][35.378s] GC(679) Concurrent Mark Abort
[2025-06-28T00:22:46.582+0200][35.378s] GC(679) Concurrent Mark Cycle 72.651ms
[2025-06-28T00:22:46.605+0200][35.401s] GC(680) Pause Young (Normal) (G1 Evacuation Pause)
[2025-06-28T00:22:46.605+0200][35.402s] GC(680) Using 8 workers of 10 for evacuation
[2025-06-28T00:22:46.608+0200][35.404s] GC(680)   Pre Evacuate Collection Set: 0.3ms
[2025-06-28T00:22:46.608+0200][35.404s] GC(680)   Merge Heap Roots: 0.2ms
[2025-06-28T00:22:46.608+0200][35.404s] GC(680)   Evacuate Collection Set: 1.4ms
[2025-06-28T00:22:46.608+0200][35.404s] GC(680)   Post Evacuate Collection Set: 0.7ms
[2025-06-28T00:22:46.608+0200][35.404s] GC(680)   Other: 0.1ms
[2025-06-28T00:22:46.608+0200][35.404s] GC(680) Eden regions: 1->0(0)
[2025-06-28T00:22:46.608+0200][35.404s] GC(680) Survivor regions: 0->0(0)
[2025-06-28T00:22:46.608+0200][35.404s] GC(680) Old regions: 21->22
[2025-06-28T00:22:46.608+0200][35.404s] GC(680) Humongous regions: 0->0
[2025-06-28T00:22:46.608+0200][35.404s] GC(680) Metaspace: 69133K(69760K)->69133K(69760K) NonClass: 59921K(60288K)->59921K(60288K) Class: 9211K(9472K)->9211K(9472K)
[2025-06-28T00:22:46.608+0200][35.405s] GC(680) Pause Young (Normal) (G1 Evacuation Pause) (Evacuation Failure) 21M->21M(22M) 3.152ms
[2025-06-28T00:22:46.608+0200][35.405s] GC(680) User=0.02s Sys=0.00s Real=0.00s
[2025-06-28T00:22:46.608+0200][35.405s] Attempting full compaction
[2025-06-28T00:22:46.608+0200][35.405s] GC(681) Pause Full (G1 Compaction Pause)
[2025-06-28T00:22:46.608+0200][35.405s] GC(681) Using 2 workers of 10 for full compaction
[2025-06-28T00:22:46.608+0200][35.405s] GC(681) Phase 1: Mark live objects
[2025-06-28T00:22:46.661+0200][35.458s] GC(681) Phase 1: Mark live objects 52.994ms
[2025-06-28T00:22:46.661+0200][35.458s] GC(681) Phase 2: Prepare compaction
[2025-06-28T00:22:46.663+0200][35.459s] GC(681) Phase 2: Prepare compaction 0.649ms
[2025-06-28T00:22:46.663+0200][35.459s] GC(681) Phase 3: Adjust pointers
[2025-06-28T00:22:46.680+0200][35.476s] GC(681) Phase 3: Adjust pointers 17.672ms
[2025-06-28T00:22:46.680+0200][35.476s] GC(681) Phase 4: Compact heap
[2025-06-28T00:22:46.682+0200][35.478s] GC(681) Phase 4: Compact heap 1.698ms
[2025-06-28T00:22:46.682+0200][35.478s] GC(681) Phase 5: Reset Metadata
[2025-06-28T00:22:46.688+0200][35.484s] GC(681) Phase 5: Reset Metadata 6.226ms
[2025-06-28T00:22:46.694+0200][35.490s] GC(681) Eden regions: 0->0(1)
[2025-06-28T00:22:46.694+0200][35.490s] GC(681) Survivor regions: 0->0(0)
[2025-06-28T00:22:46.694+0200][35.490s] GC(681) Old regions: 22->21
[2025-06-28T00:22:46.694+0200][35.490s] GC(681) Humongous regions: 0->0
[2025-06-28T00:22:46.694+0200][35.491s] GC(681) Metaspace: 69133K(69760K)->69131K(69760K) NonClass: 59921K(60288K)->59920K(60288K) Class: 9211K(9472K)->9211K(9472K)
[2025-06-28T00:22:46.694+0200][35.491s] GC(681) Pause Full (G1 Compaction Pause) 21M->20M(22M) 86.109ms
[2025-06-28T00:22:46.695+0200][35.491s] GC(681) User=0.16s Sys=0.02s Real=0.09s
[2025-06-28T00:22:46.726+0200][35.522s] GC(682) Pause Young (Concurrent Start) (G1 Evacuation Pause)
[2025-06-28T00:22:46.726+0200][35.522s] GC(682) Using 8 workers of 10 for evacuation
[2025-06-28T00:22:46.728+0200][35.525s] GC(682)   Pre Evacuate Collection Set: 0.3ms
[2025-06-28T00:22:46.728+0200][35.525s] GC(682)   Merge Heap Roots: 0.1ms
[2025-06-28T00:22:46.728+0200][35.525s] GC(682)   Evacuate Collection Set: 1.0ms
[2025-06-28T00:22:46.728+0200][35.525s] GC(682)   Post Evacuate Collection Set: 0.7ms
[2025-06-28T00:22:46.728+0200][35.525s] GC(682)   Other: 0.2ms
[2025-06-28T00:22:46.728+0200][35.525s] GC(682) Eden regions: 1->0(0)
[2025-06-28T00:22:46.728+0200][35.525s] GC(682) Survivor regions: 0->0(0)
[2025-06-28T00:22:46.728+0200][35.525s] GC(682) Old regions: 21->22
[2025-06-28T00:22:46.728+0200][35.525s] GC(682) Humongous regions: 0->0
[2025-06-28T00:22:46.728+0200][35.525s] GC(682) Metaspace: 69247K(69824K)->69247K(69824K) NonClass: 60025K(60352K)->60025K(60352K) Class: 9221K(9472K)->9221K(9472K)
[2025-06-28T00:22:46.728+0200][35.525s] GC(682) Pause Young (Concurrent Start) (G1 Evacuation Pause) (Evacuation Failure) 21M->21M(22M) 2.824ms
[2025-06-28T00:22:46.728+0200][35.525s] GC(683) Concurrent Mark Cycle
[2025-06-28T00:22:46.728+0200][35.525s] GC(682) User=0.00s Sys=0.00s Real=0.00s
[2025-06-28T00:22:46.729+0200][35.525s] GC(683) Concurrent Scan Root Regions
[2025-06-28T00:22:46.729+0200][35.525s] Attempting full compaction
[2025-06-28T00:22:46.729+0200][35.525s] GC(683) Concurrent Scan Root Regions 0.137ms
[2025-06-28T00:22:46.729+0200][35.525s] GC(684) Pause Full (G1 Compaction Pause)
[2025-06-28T00:22:46.729+0200][35.525s] GC(683) Concurrent Mark
[2025-06-28T00:22:46.729+0200][35.526s] GC(684) Using 2 workers of 10 for full compaction
[2025-06-28T00:22:46.729+0200][35.526s] GC(683) Concurrent Mark From Roots
[2025-06-28T00:22:46.729+0200][35.526s] GC(683) Using 3 workers of 3 for marking
[2025-06-28T00:22:46.729+0200][35.526s] GC(684) Phase 1: Mark live objects
[2025-06-28T00:22:46.786+0200][35.582s] GC(684) Phase 1: Mark live objects 56.347ms
[2025-06-28T00:22:46.786+0200][35.582s] GC(684) Phase 2: Prepare compaction
[2025-06-28T00:22:46.787+0200][35.583s] GC(684) Phase 2: Prepare compaction 1.055ms
[2025-06-28T00:22:46.787+0200][35.583s] GC(684) Phase 3: Adjust pointers
[2025-06-28T00:22:46.811+0200][35.607s] GC(684) Phase 3: Adjust pointers 23.625ms
[2025-06-28T00:22:46.811+0200][35.607s] GC(684) Phase 4: Compact heap
[2025-06-28T00:22:46.812+0200][35.608s] GC(684) Phase 4: Compact heap 0.914ms
[2025-06-28T00:22:46.812+0200][35.608s] GC(684) Phase 5: Reset Metadata
[2025-06-28T00:22:46.818+0200][35.614s] GC(684) Phase 5: Reset Metadata 6.086ms
[2025-06-28T00:22:46.824+0200][35.620s] GC(684) Eden regions: 0->0(0)
[2025-06-28T00:22:46.824+0200][35.620s] GC(684) Survivor regions: 0->0(0)
[2025-06-28T00:22:46.824+0200][35.620s] GC(684) Old regions: 22->22
[2025-06-28T00:22:46.824+0200][35.620s] GC(684) Humongous regions: 0->0
[2025-06-28T00:22:46.824+0200][35.620s] GC(684) Metaspace: 69247K(69824K)->69241K(69824K) NonClass: 60025K(60352K)->60021K(60352K) Class: 9221K(9472K)->9220K(9472K)
[2025-06-28T00:22:46.824+0200][35.620s] GC(684) Pause Full (G1 Compaction Pause) 21M->20M(22M) 95.021ms
[2025-06-28T00:22:46.825+0200][35.620s] GC(684) User=0.20s Sys=0.00s Real=0.10s
[2025-06-28T00:22:46.825+0200][35.621s] Attempting maximal full compaction clearing soft references
[2025-06-28T00:22:46.825+0200][35.621s] GC(685) Pause Full (G1 Compaction Pause)
[2025-06-28T00:22:46.825+0200][35.621s] GC(685) Using 2 workers of 10 for full compaction
[2025-06-28T00:22:46.825+0200][35.621s] GC(685) Phase 1: Mark live objects
[2025-06-28T00:22:46.876+0200][35.672s] GC(685) Phase 1: Mark live objects 51.197ms
[2025-06-28T00:22:46.876+0200][35.673s] GC(685) Phase 2: Prepare compaction
[2025-06-28T00:22:46.884+0200][35.680s] GC(685) Phase 2: Prepare compaction 7.432ms
[2025-06-28T00:22:46.884+0200][35.680s] GC(685) Phase 3: Adjust pointers
[2025-06-28T00:22:46.909+0200][35.705s] GC(685) Phase 3: Adjust pointers 24.922ms
[2025-06-28T00:22:46.909+0200][35.705s] GC(685) Phase 4: Compact heap
[2025-06-28T00:22:46.918+0200][35.714s] GC(685) Phase 4: Compact heap 9.297ms
[2025-06-28T00:22:46.918+0200][35.715s] GC(685) Phase 5: Reset Metadata
[2025-06-28T00:22:46.919+0200][35.715s] GC(685) Phase 5: Reset Metadata 0.777ms
[2025-06-28T00:22:46.925+0200][35.721s] GC(685) Eden regions: 0->0(1)
[2025-06-28T00:22:46.925+0200][35.721s] GC(685) Survivor regions: 0->0(0)
[2025-06-28T00:22:46.925+0200][35.721s] GC(685) Old regions: 22->21
[2025-06-28T00:22:46.925+0200][35.722s] GC(685) Humongous regions: 0->0
[2025-06-28T00:22:46.925+0200][35.722s] GC(685) Metaspace: 69241K(69824K)->69241K(69824K) NonClass: 60021K(60352K)->60021K(60352K) Class: 9220K(9472K)->9220K(9472K)
[2025-06-28T00:22:46.925+0200][35.722s] GC(685) Pause Full (G1 Compaction Pause) 20M->20M(22M) 101.050ms
[2025-06-28T00:22:46.925+0200][35.722s] GC(685) User=0.17s Sys=0.00s Real=0.10s
[2025-06-28T00:22:46.927+0200][35.723s] GC(683) Concurrent Mark From Roots 197.449ms
[2025-06-28T00:22:46.927+0200][35.723s] GC(683) Concurrent Mark Abort
[2025-06-28T00:22:46.927+0200][35.723s] GC(683) Concurrent Mark Cycle 198.263ms
[2025-06-28T00:22:46.932+0200][35.729s] GC(686) Pause Young (Normal) (G1 Evacuation Pause)
[2025-06-28T00:22:46.932+0200][35.729s] GC(686) Using 8 workers of 10 for evacuation
[2025-06-28T00:22:46.936+0200][35.732s] GC(686)   Pre Evacuate Collection Set: 0.5ms
[2025-06-28T00:22:46.936+0200][35.732s] GC(686)   Merge Heap Roots: 0.3ms
[2025-06-28T00:22:46.936+0200][35.732s] GC(686)   Evacuate Collection Set: 1.3ms
[2025-06-28T00:22:46.936+0200][35.732s] GC(686)   Post Evacuate Collection Set: 1.2ms
[2025-06-28T00:22:46.936+0200][35.733s] GC(686)   Other: 0.2ms
[2025-06-28T00:22:46.936+0200][35.733s] GC(686) Eden regions: 1->0(0)
[2025-06-28T00:22:46.936+0200][35.733s] GC(686) Survivor regions: 0->0(0)
[2025-06-28T00:22:46.936+0200][35.733s] GC(686) Old regions: 21->22
[2025-06-28T00:22:46.936+0200][35.733s] GC(686) Humongous regions: 0->0
[2025-06-28T00:22:46.936+0200][35.733s] GC(686) Metaspace: 69263K(69824K)->69263K(69824K) NonClass: 60040K(60352K)->60040K(60352K) Class: 9223K(9472K)->9223K(9472K)
[2025-06-28T00:22:46.936+0200][35.733s] GC(686) Pause Young (Normal) (G1 Evacuation Pause) (Evacuation Failure) 21M->21M(22M) 4.247ms
[2025-06-28T00:22:46.936+0200][35.733s] GC(686) User=0.06s Sys=0.02s Real=0.00s
[2025-06-28T00:22:46.936+0200][35.733s] Attempting full compaction
[2025-06-28T00:22:46.937+0200][35.733s] GC(687) Pause Full (G1 Compaction Pause)
[2025-06-28T00:22:46.937+0200][35.733s] GC(687) Using 2 workers of 10 for full compaction
[2025-06-28T00:22:46.937+0200][35.733s] GC(687) Phase 1: Mark live objects
[2025-06-28T00:22:46.987+0200][35.784s] GC(687) Phase 1: Mark live objects 50.531ms
[2025-06-28T00:22:46.987+0200][35.784s] GC(687) Phase 2: Prepare compaction
[2025-06-28T00:22:46.988+0200][35.785s] GC(687) Phase 2: Prepare compaction 0.803ms
[2025-06-28T00:22:46.988+0200][35.785s] GC(687) Phase 3: Adjust pointers
[2025-06-28T00:22:47.010+0200][35.806s] GC(687) Phase 3: Adjust pointers 21.336ms
[2025-06-28T00:22:47.010+0200][35.806s] GC(687) Phase 4: Compact heap
[2025-06-28T00:22:47.011+0200][35.807s] GC(687) Phase 4: Compact heap 1.042ms
[2025-06-28T00:22:47.011+0200][35.807s] GC(687) Phase 5: Reset Metadata
[2025-06-28T00:22:47.018+0200][35.815s] GC(687) Phase 5: Reset Metadata 7.479ms
[2025-06-28T00:22:47.026+0200][35.822s] GC(687) Eden regions: 0->0(0)
[2025-06-28T00:22:47.026+0200][35.822s] GC(687) Survivor regions: 0->0(0)
[2025-06-28T00:22:47.026+0200][35.822s] GC(687) Old regions: 22->22
[2025-06-28T00:22:47.026+0200][35.822s] GC(687) Humongous regions: 0->0
[2025-06-28T00:22:47.026+0200][35.822s] GC(687) Metaspace: 69263K(69824K)->69263K(69824K) NonClass: 60040K(60352K)->60040K(60352K) Class: 9223K(9472K)->9223K(9472K)
[2025-06-28T00:22:47.026+0200][35.822s] GC(687) Pause Full (G1 Compaction Pause) 21M->21M(22M) 89.345ms
[2025-06-28T00:22:47.026+0200][35.822s] GC(687) User=0.14s Sys=0.00s Real=0.09s
[2025-06-28T00:22:47.026+0200][35.822s] Attempting maximal full compaction clearing soft references
[2025-06-28T00:22:47.026+0200][35.822s] GC(688) Pause Full (G1 Compaction Pause)
[2025-06-28T00:22:47.026+0200][35.823s] GC(688) Using 2 workers of 10 for full compaction
[2025-06-28T00:22:47.026+0200][35.823s] GC(688) Phase 1: Mark live objects
[2025-06-28T00:22:47.076+0200][35.872s] GC(688) Phase 1: Mark live objects 49.371ms
[2025-06-28T00:22:47.076+0200][35.872s] GC(688) Phase 2: Prepare compaction
[2025-06-28T00:22:47.085+0200][35.881s] GC(688) Phase 2: Prepare compaction 9.086ms
[2025-06-28T00:22:47.085+0200][35.881s] GC(688) Phase 3: Adjust pointers
[2025-06-28T00:22:47.108+0200][35.905s] GC(688) Phase 3: Adjust pointers 23.481ms
[2025-06-28T00:22:47.108+0200][35.905s] GC(688) Phase 4: Compact heap
[2025-06-28T00:22:47.118+0200][35.915s] GC(688) Phase 4: Compact heap 10.476ms
[2025-06-28T00:22:47.118+0200][35.916s] GC(688) Phase 5: Reset Metadata
[2025-06-28T00:22:47.120+0200][35.916s] GC(688) Phase 5: Reset Metadata 0.606ms
[2025-06-28T00:22:47.125+0200][35.921s] GC(688) Eden regions: 0->0(0)
[2025-06-28T00:22:47.125+0200][35.921s] GC(688) Survivor regions: 0->0(0)
[2025-06-28T00:22:47.125+0200][35.921s] GC(688) Old regions: 22->22
[2025-06-28T00:22:47.125+0200][35.921s] GC(688) Humongous regions: 0->0
[2025-06-28T00:22:47.125+0200][35.921s] GC(688) Metaspace: 69263K(69824K)->69263K(69824K) NonClass: 60040K(60352K)->60040K(60352K) Class: 9223K(9472K)->9223K(9472K)
[2025-06-28T00:22:47.125+0200][35.921s] GC(688) Pause Full (G1 Compaction Pause) 21M->21M(22M) 98.983ms
[2025-06-28T00:22:47.125+0200][35.922s] GC(688) User=0.19s Sys=0.00s Real=0.10s
[2025-06-28T00:22:47.125+0200][35.922s] GC(689) Pause Young (Concurrent Start) (G1 Evacuation Pause)
[2025-06-28T00:22:47.125+0200][35.922s] GC(689) Using 8 workers of 10 for evacuation
[2025-06-28T00:22:47.128+0200][35.924s] GC(689)   Pre Evacuate Collection Set: 0.3ms
[2025-06-28T00:22:47.128+0200][35.924s] GC(689)   Merge Heap Roots: 0.1ms
[2025-06-28T00:22:47.128+0200][35.924s] GC(689)   Evacuate Collection Set: 1.1ms
[2025-06-28T00:22:47.128+0200][35.924s] GC(689)   Post Evacuate Collection Set: 0.6ms
[2025-06-28T00:22:47.128+0200][35.924s] GC(689)   Other: 0.2ms
[2025-06-28T00:22:47.128+0200][35.925s] GC(689) Eden regions: 0->0(0)
[2025-06-28T00:22:47.128+0200][35.925s] GC(689) Survivor regions: 0->0(0)
[2025-06-28T00:22:47.128+0200][35.925s] GC(689) Old regions: 22->22
[2025-06-28T00:22:47.128+0200][35.925s] GC(689) Humongous regions: 0->0
[2025-06-28T00:22:47.128+0200][35.925s] GC(689) Metaspace: 69263K(69824K)->69263K(69824K) NonClass: 60040K(60352K)->60040K(60352K) Class: 9223K(9472K)->9223K(9472K)
[2025-06-28T00:22:47.128+0200][35.925s] GC(689) Pause Young (Concurrent Start) (G1 Evacuation Pause) 21M->21M(22M) 2.795ms
[2025-06-28T00:22:47.128+0200][35.925s] GC(689) User=0.00s Sys=0.00s Real=0.00s
[2025-06-28T00:22:47.128+0200][35.925s] Attempting full compaction
[2025-06-28T00:22:47.128+0200][35.925s] GC(690) Concurrent Mark Cycle
[2025-06-28T00:22:47.128+0200][35.925s] GC(691) Pause Full (G1 Compaction Pause)
[2025-06-28T00:22:47.128+0200][35.925s] GC(690) Concurrent Scan Root Regions
[2025-06-28T00:22:47.128+0200][35.925s] GC(691) Using 2 workers of 10 for full compaction
[2025-06-28T00:22:47.128+0200][35.925s] GC(690) Concurrent Scan Root Regions 0.203ms
[2025-06-28T00:22:47.128+0200][35.925s] GC(690) Concurrent Mark
[2025-06-28T00:22:47.128+0200][35.925s] GC(690) Concurrent Mark From Roots
[2025-06-28T00:22:47.128+0200][35.925s] GC(690) Using 3 workers of 3 for marking
[2025-06-28T00:22:47.130+0200][35.926s] GC(691) Phase 1: Mark live objects
[2025-06-28T00:22:47.171+0200][35.968s] GC(691) Phase 1: Mark live objects 42.378ms
[2025-06-28T00:22:47.171+0200][35.968s] GC(691) Phase 2: Prepare compaction
[2025-06-28T00:22:47.172+0200][35.968s] GC(691) Phase 2: Prepare compaction 0.091ms
[2025-06-28T00:22:47.172+0200][35.968s] GC(691) Phase 3: Adjust pointers
[2025-06-28T00:22:47.186+0200][35.983s] GC(691) Phase 3: Adjust pointers 14.391ms
[2025-06-28T00:22:47.186+0200][35.983s] GC(691) Phase 4: Compact heap
[2025-06-28T00:22:47.186+0200][35.983s] GC(691) Phase 4: Compact heap 0.141ms
[2025-06-28T00:22:47.186+0200][35.983s] GC(691) Phase 5: Reset Metadata
[2025-06-28T00:22:47.192+0200][35.989s] GC(691) Phase 5: Reset Metadata 5.672ms
[2025-06-28T00:22:47.197+0200][35.993s] GC(691) Eden regions: 0->0(0)
[2025-06-28T00:22:47.197+0200][35.993s] GC(691) Survivor regions: 0->0(0)
[2025-06-28T00:22:47.197+0200][35.994s] GC(691) Old regions: 22->22
[2025-06-28T00:22:47.197+0200][35.994s] GC(691) Humongous regions: 0->0
[2025-06-28T00:22:47.197+0200][35.994s] GC(691) Metaspace: 69263K(69824K)->69263K(69824K) NonClass: 60040K(60352K)->60040K(60352K) Class: 9223K(9472K)->9223K(9472K)
[2025-06-28T00:22:47.197+0200][35.994s] GC(691) Pause Full (G1 Compaction Pause) 21M->21M(22M) 68.759ms
[2025-06-28T00:22:47.197+0200][35.994s] GC(691) User=0.11s Sys=0.00s Real=0.07s
[2025-06-28T00:22:47.197+0200][35.994s] Attempting maximal full compaction clearing soft references
[2025-06-28T00:22:47.197+0200][35.994s] GC(692) Pause Full (G1 Compaction Pause)
[2025-06-28T00:22:47.197+0200][35.994s] GC(692) Using 2 workers of 10 for full compaction
[2025-06-28T00:22:47.197+0200][35.994s] GC(692) Phase 1: Mark live objects
[2025-06-28T00:22:47.234+0200][36.030s] GC(692) Phase 1: Mark live objects 36.455ms
[2025-06-28T00:22:47.234+0200][36.031s] GC(692) Phase 2: Prepare compaction
[2025-06-28T00:22:47.241+0200][36.037s] GC(692) Phase 2: Prepare compaction 6.472ms
[2025-06-28T00:22:47.241+0200][36.037s] GC(692) Phase 3: Adjust pointers
[2025-06-28T00:22:47.264+0200][36.060s] GC(692) Phase 3: Adjust pointers 22.891ms
[2025-06-28T00:22:47.264+0200][36.060s] GC(692) Phase 4: Compact heap
[2025-06-28T00:22:47.268+0200][36.065s] GC(692) Phase 4: Compact heap 5.339ms
[2025-06-28T00:22:47.268+0200][36.066s] GC(692) Phase 5: Reset Metadata
[2025-06-28T00:22:47.270+0200][36.066s] GC(692) Phase 5: Reset Metadata 0.538ms
[2025-06-28T00:22:47.275+0200][36.071s] GC(692) Eden regions: 0->0(0)
[2025-06-28T00:22:47.275+0200][36.071s] GC(692) Survivor regions: 0->0(0)
[2025-06-28T00:22:47.275+0200][36.071s] GC(692) Old regions: 22->22
[2025-06-28T00:22:47.275+0200][36.071s] GC(692) Humongous regions: 0->0
[2025-06-28T00:22:47.275+0200][36.071s] GC(692) Metaspace: 69263K(69824K)->69263K(69824K) NonClass: 60040K(60352K)->60040K(60352K) Class: 9223K(9472K)->9223K(9472K)
[2025-06-28T00:22:47.275+0200][36.071s] GC(692) Pause Full (G1 Compaction Pause) 21M->21M(22M) 77.209ms
[2025-06-28T00:22:47.275+0200][36.071s] GC(692) User=0.16s Sys=0.00s Real=0.08s
[2025-06-28T00:22:47.275+0200][36.071s] GC(690) Concurrent Mark From Roots 145.892ms
[2025-06-28T00:22:47.275+0200][36.071s] GC(690) Concurrent Mark Abort
[2025-06-28T00:22:47.275+0200][36.071s] GC(690) Concurrent Mark Cycle 146.561ms
[2025-06-28T00:22:47.275+0200][36.071s] GC(693) Pause Young (Normal) (G1 Evacuation Pause)
[2025-06-28T00:22:47.275+0200][36.072s] GC(693) Using 8 workers of 10 for evacuation
[2025-06-28T00:22:47.276+0200][36.073s] GC(693)   Pre Evacuate Collection Set: 0.1ms
[2025-06-28T00:22:47.277+0200][36.073s] GC(693)   Merge Heap Roots: 0.1ms
[2025-06-28T00:22:47.277+0200][36.073s] GC(693)   Evacuate Collection Set: 1.0ms
[2025-06-28T00:22:47.277+0200][36.073s] GC(693)   Post Evacuate Collection Set: 0.5ms
[2025-06-28T00:22:47.277+0200][36.073s] GC(693)   Other: 0.1ms
[2025-06-28T00:22:47.277+0200][36.073s] GC(693) Eden regions: 0->0(0)
[2025-06-28T00:22:47.277+0200][36.073s] GC(693) Survivor regions: 0->0(0)
[2025-06-28T00:22:47.277+0200][36.074s] GC(693) Old regions: 22->22
[2025-06-28T00:22:47.277+0200][36.074s] GC(693) Humongous regions: 0->0
[2025-06-28T00:22:47.277+0200][36.074s] GC(693) Metaspace: 69263K(69824K)->69263K(69824K) NonClass: 60040K(60352K)->60040K(60352K) Class: 9223K(9472K)->9223K(9472K)
[2025-06-28T00:22:47.277+0200][36.074s] GC(693) Pause Young (Normal) (G1 Evacuation Pause) 21M->21M(22M) 2.190ms
[2025-06-28T00:22:47.277+0200][36.074s] GC(693) User=0.03s Sys=0.00s Real=0.00s
[2025-06-28T00:22:47.277+0200][36.074s] Attempting full compaction
[2025-06-28T00:22:47.277+0200][36.074s] GC(694) Pause Full (G1 Compaction Pause)
[2025-06-28T00:22:47.277+0200][36.074s] GC(694) Using 2 workers of 10 for full compaction
[2025-06-28T00:22:47.277+0200][36.074s] GC(694) Phase 1: Mark live objects
[2025-06-28T00:22:47.323+0200][36.120s] GC(694) Phase 1: Mark live objects 45.793ms
[2025-06-28T00:22:47.323+0200][36.120s] GC(694) Phase 2: Prepare compaction
[2025-06-28T00:22:47.323+0200][36.120s] GC(694) Phase 2: Prepare compaction 0.121ms
[2025-06-28T00:22:47.323+0200][36.120s] GC(694) Phase 3: Adjust pointers
[2025-06-28T00:22:47.340+0200][36.136s] GC(694) Phase 3: Adjust pointers 15.902ms
[2025-06-28T00:22:47.340+0200][36.136s] GC(694) Phase 4: Compact heap
[2025-06-28T00:22:47.340+0200][36.136s] GC(694) Phase 4: Compact heap 0.117ms
[2025-06-28T00:22:47.340+0200][36.136s] GC(694) Phase 5: Reset Metadata
[2025-06-28T00:22:47.347+0200][36.143s] GC(694) Phase 5: Reset Metadata 6.802ms
[2025-06-28T00:22:47.353+0200][36.149s] GC(694) Eden regions: 0->0(0)
[2025-06-28T00:22:47.353+0200][36.149s] GC(694) Survivor regions: 0->0(0)
[2025-06-28T00:22:47.353+0200][36.149s] GC(694) Old regions: 22->22
[2025-06-28T00:22:47.353+0200][36.149s] GC(694) Humongous regions: 0->0
[2025-06-28T00:22:47.353+0200][36.149s] GC(694) Metaspace: 69263K(69824K)->69263K(69824K) NonClass: 60040K(60352K)->60040K(60352K) Class: 9223K(9472K)->9223K(9472K)
[2025-06-28T00:22:47.353+0200][36.149s] GC(694) Pause Full (G1 Compaction Pause) 21M->20M(22M) 75.294ms
[2025-06-28T00:22:47.353+0200][36.149s] GC(694) User=0.11s Sys=0.00s Real=0.08s
[2025-06-28T00:22:47.353+0200][36.149s] Attempting maximal full compaction clearing soft references
[2025-06-28T00:22:47.353+0200][36.149s] GC(695) Pause Full (G1 Compaction Pause)
[2025-06-28T00:22:47.353+0200][36.149s] GC(695) Using 2 workers of 10 for full compaction
[2025-06-28T00:22:47.353+0200][36.149s] GC(695) Phase 1: Mark live objects
[2025-06-28T00:22:47.397+0200][36.194s] GC(695) Phase 1: Mark live objects 44.403ms
[2025-06-28T00:22:47.398+0200][36.194s] GC(695) Phase 2: Prepare compaction
[2025-06-28T00:22:47.405+0200][36.202s] GC(695) Phase 2: Prepare compaction 8.105ms
[2025-06-28T00:22:47.405+0200][36.202s] GC(695) Phase 3: Adjust pointers
[2025-06-28T00:22:47.426+0200][36.222s] GC(695) Phase 3: Adjust pointers 20.175ms
[2025-06-28T00:22:47.426+0200][36.222s] GC(695) Phase 4: Compact heap
[2025-06-28T00:22:47.433+0200][36.230s] GC(695) Phase 4: Compact heap 7.483ms
[2025-06-28T00:22:47.433+0200][36.230s] GC(695) Phase 5: Reset Metadata
[2025-06-28T00:22:47.434+0200][36.231s] GC(695) Phase 5: Reset Metadata 0.668ms
[2025-06-28T00:22:47.439+0200][36.236s] GC(695) Eden regions: 0->0(1)
[2025-06-28T00:22:47.439+0200][36.236s] GC(695) Survivor regions: 0->0(0)
[2025-06-28T00:22:47.439+0200][36.236s] GC(695) Old regions: 22->21
[2025-06-28T00:22:47.440+0200][36.236s] GC(695) Humongous regions: 0->0
[2025-06-28T00:22:47.440+0200][36.236s] GC(695) Metaspace: 69263K(69824K)->69263K(69824K) NonClass: 60040K(60352K)->60040K(60352K) Class: 9223K(9472K)->9223K(9472K)
[2025-06-28T00:22:47.440+0200][36.236s] GC(695) Pause Full (G1 Compaction Pause) 20M->20M(22M) 87.013ms
[2025-06-28T00:22:47.440+0200][36.236s] GC(695) User=0.17s Sys=0.00s Real=0.09s
[2025-06-28T00:22:47.518+0200][36.315s] GC(696) Pause Young (Concurrent Start) (G1 Evacuation Pause)
[2025-06-28T00:22:47.518+0200][36.315s] GC(696) Using 8 workers of 10 for evacuation
[2025-06-28T00:22:47.522+0200][36.317s] GC(696)   Pre Evacuate Collection Set: 0.3ms
[2025-06-28T00:22:47.522+0200][36.318s] GC(696)   Merge Heap Roots: 0.1ms
[2025-06-28T00:22:47.522+0200][36.318s] GC(696)   Evacuate Collection Set: 1.3ms
[2025-06-28T00:22:47.522+0200][36.318s] GC(696)   Post Evacuate Collection Set: 0.7ms
[2025-06-28T00:22:47.522+0200][36.318s] GC(696)   Other: 0.2ms
[2025-06-28T00:22:47.522+0200][36.318s] GC(696) Eden regions: 1->0(0)
[2025-06-28T00:22:47.522+0200][36.318s] GC(696) Survivor regions: 0->0(0)
[2025-06-28T00:22:47.522+0200][36.318s] GC(696) Old regions: 21->22
[2025-06-28T00:22:47.522+0200][36.318s] GC(696) Humongous regions: 0->0
[2025-06-28T00:22:47.522+0200][36.318s] GC(696) Metaspace: 69340K(69952K)->69340K(69952K) NonClass: 60102K(60416K)->60102K(60416K) Class: 9237K(9536K)->9237K(9536K)
[2025-06-28T00:22:47.522+0200][36.318s] GC(696) Pause Young (Concurrent Start) (G1 Evacuation Pause) (Evacuation Failure) 21M->21M(22M) 3.253ms
[2025-06-28T00:22:47.522+0200][36.318s] GC(697) Concurrent Mark Cycle
[2025-06-28T00:22:47.522+0200][36.318s] GC(696) User=0.00s Sys=0.00s Real=0.00s
[2025-06-28T00:22:47.522+0200][36.318s] GC(697) Concurrent Scan Root Regions
[2025-06-28T00:22:47.522+0200][36.318s] Attempting full compaction
[2025-06-28T00:22:47.522+0200][36.318s] GC(697) Concurrent Scan Root Regions 0.155ms
[2025-06-28T00:22:47.522+0200][36.318s] GC(698) Pause Full (G1 Compaction Pause)
[2025-06-28T00:22:47.523+0200][36.318s] GC(697) Concurrent Mark
[2025-06-28T00:22:47.523+0200][36.319s] GC(698) Using 2 workers of 10 for full compaction
[2025-06-28T00:22:47.523+0200][36.319s] GC(697) Concurrent Mark From Roots
[2025-06-28T00:22:47.523+0200][36.319s] GC(697) Using 3 workers of 3 for marking
[2025-06-28T00:22:47.523+0200][36.319s] GC(698) Phase 1: Mark live objects
[2025-06-28T00:22:47.566+0200][36.363s] GC(698) Phase 1: Mark live objects 43.910ms
[2025-06-28T00:22:47.566+0200][36.363s] GC(698) Phase 2: Prepare compaction
[2025-06-28T00:22:47.567+0200][36.364s] GC(698) Phase 2: Prepare compaction 0.731ms
[2025-06-28T00:22:47.567+0200][36.364s] GC(698) Phase 3: Adjust pointers
[2025-06-28T00:22:47.583+0200][36.380s] GC(698) Phase 3: Adjust pointers 16.106ms
[2025-06-28T00:22:47.583+0200][36.380s] GC(698) Phase 4: Compact heap
[2025-06-28T00:22:47.585+0200][36.381s] GC(698) Phase 4: Compact heap 1.065ms
[2025-06-28T00:22:47.585+0200][36.381s] GC(698) Phase 5: Reset Metadata
[2025-06-28T00:22:47.590+0200][36.386s] GC(698) Phase 5: Reset Metadata 4.995ms
[2025-06-28T00:22:47.595+0200][36.391s] GC(698) Eden regions: 0->0(1)
[2025-06-28T00:22:47.595+0200][36.391s] GC(698) Survivor regions: 0->0(0)
[2025-06-28T00:22:47.595+0200][36.391s] GC(698) Old regions: 22->21
[2025-06-28T00:22:47.595+0200][36.391s] GC(698) Humongous regions: 0->0
[2025-06-28T00:22:47.595+0200][36.391s] GC(698) Metaspace: 69340K(69952K)->69340K(69952K) NonClass: 60102K(60416K)->60102K(60416K) Class: 9237K(9536K)->9237K(9536K)
[2025-06-28T00:22:47.595+0200][36.391s] GC(698) Pause Full (G1 Compaction Pause) 21M->20M(22M) 73.049ms
[2025-06-28T00:22:47.595+0200][36.391s] GC(698) User=0.16s Sys=0.00s Real=0.07s
[2025-06-28T00:22:47.596+0200][36.392s] GC(697) Concurrent Mark From Roots 73.084ms
[2025-06-28T00:22:47.596+0200][36.392s] GC(697) Concurrent Mark Abort
[2025-06-28T00:22:47.596+0200][36.392s] GC(697) Concurrent Mark Cycle 73.831ms
[2025-06-28T00:22:47.616+0200][36.412s] GC(699) Pause Young (Normal) (G1 Evacuation Pause)
[2025-06-28T00:22:47.616+0200][36.412s] GC(699) Using 8 workers of 10 for evacuation
[2025-06-28T00:22:47.617+0200][36.414s] GC(699)   Pre Evacuate Collection Set: 0.2ms
[2025-06-28T00:22:47.618+0200][36.414s] GC(699)   Merge Heap Roots: 0.1ms
[2025-06-28T00:22:47.618+0200][36.414s] GC(699)   Evacuate Collection Set: 1.2ms
[2025-06-28T00:22:47.618+0200][36.414s] GC(699)   Post Evacuate Collection Set: 0.5ms
[2025-06-28T00:22:47.618+0200][36.414s] GC(699)   Other: 0.1ms
[2025-06-28T00:22:47.618+0200][36.414s] GC(699) Eden regions: 1->0(0)
[2025-06-28T00:22:47.618+0200][36.414s] GC(699) Survivor regions: 0->0(0)
[2025-06-28T00:22:47.618+0200][36.414s] GC(699) Old regions: 21->22
[2025-06-28T00:22:47.618+0200][36.414s] GC(699) Humongous regions: 0->0
[2025-06-28T00:22:47.618+0200][36.414s] GC(699) Metaspace: 69406K(70080K)->69406K(70080K) NonClass: 60152K(60544K)->60152K(60544K) Class: 9254K(9536K)->9254K(9536K)
[2025-06-28T00:22:47.618+0200][36.415s] GC(699) Pause Young (Normal) (G1 Evacuation Pause) (Evacuation Failure) 21M->21M(22M) 2.635ms
[2025-06-28T00:22:47.618+0200][36.415s] GC(699) User=0.00s Sys=0.00s Real=0.00s
[2025-06-28T00:22:47.618+0200][36.415s] Attempting full compaction
[2025-06-28T00:22:47.618+0200][36.415s] GC(700) Pause Full (G1 Compaction Pause)
[2025-06-28T00:22:47.618+0200][36.415s] GC(700) Using 2 workers of 10 for full compaction
[2025-06-28T00:22:47.618+0200][36.415s] GC(700) Phase 1: Mark live objects
[2025-06-28T00:22:47.661+0200][36.457s] GC(700) Phase 1: Mark live objects 42.392ms
[2025-06-28T00:22:47.661+0200][36.457s] GC(700) Phase 2: Prepare compaction
[2025-06-28T00:22:47.661+0200][36.457s] GC(700) Phase 2: Prepare compaction 0.128ms
[2025-06-28T00:22:47.661+0200][36.457s] GC(700) Phase 3: Adjust pointers
[2025-06-28T00:22:47.669+0200][36.466s] GC(700) Phase 3: Adjust pointers 8.435ms
[2025-06-28T00:22:47.669+0200][36.466s] GC(700) Phase 4: Compact heap
[2025-06-28T00:22:47.669+0200][36.466s] GC(700) Phase 4: Compact heap 0.127ms
[2025-06-28T00:22:47.669+0200][36.466s] GC(700) Phase 5: Reset Metadata
[2025-06-28T00:22:47.673+0200][36.469s] GC(700) Phase 5: Reset Metadata 3.246ms
[2025-06-28T00:22:47.676+0200][36.473s] GC(700) Eden regions: 0->0(0)
[2025-06-28T00:22:47.676+0200][36.473s] GC(700) Survivor regions: 0->0(0)
[2025-06-28T00:22:47.676+0200][36.473s] GC(700) Old regions: 22->22
[2025-06-28T00:22:47.676+0200][36.473s] GC(700) Humongous regions: 0->0
[2025-06-28T00:22:47.676+0200][36.473s] GC(700) Metaspace: 69406K(70080K)->69365K(70080K) NonClass: 60152K(60544K)->60123K(60544K) Class: 9254K(9536K)->9242K(9536K)
[2025-06-28T00:22:47.676+0200][36.473s] GC(700) Pause Full (G1 Compaction Pause) 21M->21M(22M) 58.067ms
[2025-06-28T00:22:47.676+0200][36.473s] GC(700) User=0.14s Sys=0.02s Real=0.06s
[2025-06-28T00:22:47.676+0200][36.473s] Attempting maximal full compaction clearing soft references
[2025-06-28T00:22:47.676+0200][36.473s] GC(701) Pause Full (G1 Compaction Pause)
[2025-06-28T00:22:47.676+0200][36.473s] GC(701) Using 2 workers of 10 for full compaction
[2025-06-28T00:22:47.676+0200][36.473s] GC(701) Phase 1: Mark live objects
[2025-06-28T00:22:47.807+0200][36.603s] GC(701) Phase 1: Mark live objects 130.178ms
[2025-06-28T00:22:47.807+0200][36.603s] GC(701) Phase 2: Prepare compaction
[2025-06-28T00:22:47.811+0200][36.607s] GC(701) Phase 2: Prepare compaction 4.309ms
[2025-06-28T00:22:47.811+0200][36.607s] GC(701) Phase 3: Adjust pointers
[2025-06-28T00:22:47.826+0200][36.622s] GC(701) Phase 3: Adjust pointers 14.767ms
[2025-06-28T00:22:47.826+0200][36.622s] GC(701) Phase 4: Compact heap
[2025-06-28T00:22:47.833+0200][36.629s] GC(701) Phase 4: Compact heap 6.182ms
[2025-06-28T00:22:47.833+0200][36.629s] GC(701) Phase 5: Reset Metadata
[2025-06-28T00:22:47.833+0200][36.629s] GC(701) Phase 5: Reset Metadata 0.303ms
[2025-06-28T00:22:47.836+0200][36.632s] GC(701) Eden regions: 0->0(0)
[2025-06-28T00:22:47.836+0200][36.632s] GC(701) Survivor regions: 0->0(0)
[2025-06-28T00:22:47.836+0200][36.632s] GC(701) Old regions: 22->22
[2025-06-28T00:22:47.836+0200][36.632s] GC(701) Humongous regions: 0->0
[2025-06-28T00:22:47.836+0200][36.632s] GC(701) Metaspace: 69365K(70080K)->69365K(70080K) NonClass: 60123K(60544K)->60123K(60544K) Class: 9242K(9536K)->9242K(9536K)
[2025-06-28T00:22:47.836+0200][36.632s] GC(701) Pause Full (G1 Compaction Pause) 21M->20M(22M) 159.512ms
[2025-06-28T00:22:47.836+0200][36.632s] GC(701) User=0.31s Sys=0.00s Real=0.16s
[2025-06-28T00:22:47.838+0200][36.634s] GC(702) Pause Young (Concurrent Start) (G1 Evacuation Pause)
[2025-06-28T00:22:47.838+0200][36.634s] GC(702) Using 8 workers of 10 for evacuation
[2025-06-28T00:22:47.839+0200][36.635s] GC(702)   Pre Evacuate Collection Set: 0.1ms
[2025-06-28T00:22:47.839+0200][36.635s] GC(702)   Merge Heap Roots: 0.1ms
[2025-06-28T00:22:47.839+0200][36.635s] GC(702)   Evacuate Collection Set: 0.6ms
[2025-06-28T00:22:47.839+0200][36.635s] GC(702)   Post Evacuate Collection Set: 0.3ms
[2025-06-28T00:22:47.839+0200][36.635s] GC(702)   Other: 0.1ms
[2025-06-28T00:22:47.839+0200][36.635s] GC(702) Eden regions: 0->0(0)
[2025-06-28T00:22:47.839+0200][36.635s] GC(702) Survivor regions: 0->0(0)
[2025-06-28T00:22:47.839+0200][36.635s] GC(702) Old regions: 22->22
[2025-06-28T00:22:47.839+0200][36.635s] GC(702) Humongous regions: 0->0
[2025-06-28T00:22:47.839+0200][36.635s] GC(702) Metaspace: 69365K(70080K)->69365K(70080K) NonClass: 60123K(60544K)->60123K(60544K) Class: 9242K(9536K)->9242K(9536K)
[2025-06-28T00:22:47.839+0200][36.635s] GC(702) Pause Young (Concurrent Start) (G1 Evacuation Pause) 20M->20M(22M) 1.504ms
[2025-06-28T00:22:47.839+0200][36.635s] GC(703) Concurrent Mark Cycle
[2025-06-28T00:22:47.839+0200][36.635s] GC(702) User=0.00s Sys=0.00s Real=0.00s
[2025-06-28T00:22:47.839+0200][36.635s] GC(703) Concurrent Scan Root Regions
[2025-06-28T00:22:47.839+0200][36.635s] Attempting full compaction
[2025-06-28T00:22:47.839+0200][36.635s] GC(703) Concurrent Scan Root Regions 0.073ms
[2025-06-28T00:22:47.839+0200][36.635s] GC(704) Pause Full (G1 Compaction Pause)
[2025-06-28T00:22:47.839+0200][36.635s] GC(703) Concurrent Mark
[2025-06-28T00:22:47.839+0200][36.635s] GC(704) Using 2 workers of 10 for full compaction
[2025-06-28T00:22:47.839+0200][36.635s] GC(703) Concurrent Mark From Roots
[2025-06-28T00:22:47.840+0200][36.635s] GC(703) Using 3 workers of 3 for marking
[2025-06-28T00:22:47.840+0200][36.636s] GC(704) Phase 1: Mark live objects
[2025-06-28T00:22:47.930+0200][36.726s] GC(704) Phase 1: Mark live objects 90.253ms
[2025-06-28T00:22:47.930+0200][36.726s] GC(704) Phase 2: Prepare compaction
[2025-06-28T00:22:47.930+0200][36.727s] GC(704) Phase 2: Prepare compaction 0.517ms
[2025-06-28T00:22:47.930+0200][36.727s] GC(704) Phase 3: Adjust pointers
[2025-06-28T00:22:47.974+0200][36.771s] GC(704) Phase 3: Adjust pointers 43.974ms
[2025-06-28T00:22:47.974+0200][36.771s] GC(704) Phase 4: Compact heap
[2025-06-28T00:22:47.974+0200][36.771s] GC(704) Phase 4: Compact heap 0.102ms
[2025-06-28T00:22:47.974+0200][36.771s] GC(704) Phase 5: Reset Metadata
[2025-06-28T00:22:47.978+0200][36.775s] GC(704) Phase 5: Reset Metadata 3.477ms
[2025-06-28T00:22:47.980+0200][36.777s] GC(704) Eden regions: 0->0(0)
[2025-06-28T00:22:47.980+0200][36.777s] GC(704) Survivor regions: 0->0(0)
[2025-06-28T00:22:47.981+0200][36.777s] GC(704) Old regions: 22->22
[2025-06-28T00:22:47.981+0200][36.777s] GC(704) Humongous regions: 0->0
[2025-06-28T00:22:47.981+0200][36.777s] GC(704) Metaspace: 69365K(70080K)->69365K(70080K) NonClass: 60123K(60544K)->60123K(60544K) Class: 9242K(9536K)->9242K(9536K)
[2025-06-28T00:22:47.981+0200][36.777s] GC(704) Pause Full (G1 Compaction Pause) 20M->20M(22M) 141.928ms
[2025-06-28T00:22:47.981+0200][36.777s] GC(704) User=0.27s Sys=0.00s Real=0.14s
[2025-06-28T00:22:47.981+0200][36.777s] Attempting maximal full compaction clearing soft references
[2025-06-28T00:22:47.981+0200][36.777s] GC(705) Pause Full (G1 Compaction Pause)
[2025-06-28T00:22:47.981+0200][36.777s] GC(705) Using 2 workers of 10 for full compaction
[2025-06-28T00:22:47.981+0200][36.777s] GC(705) Phase 1: Mark live objects
[2025-06-28T00:22:48.005+0200][36.802s] GC(705) Phase 1: Mark live objects 24.116ms
[2025-06-28T00:22:48.005+0200][36.802s] GC(705) Phase 2: Prepare compaction
[2025-06-28T00:22:48.010+0200][36.806s] GC(705) Phase 2: Prepare compaction 4.785ms
[2025-06-28T00:22:48.010+0200][36.806s] GC(705) Phase 3: Adjust pointers
[2025-06-28T00:22:48.024+0200][36.820s] GC(705) Phase 3: Adjust pointers 13.895ms
[2025-06-28T00:22:48.024+0200][36.820s] GC(705) Phase 4: Compact heap
[2025-06-28T00:22:48.032+0200][36.828s] GC(705) Phase 4: Compact heap 7.437ms
[2025-06-28T00:22:48.032+0200][36.828s] GC(705) Phase 5: Reset Metadata
[2025-06-28T00:22:48.035+0200][36.832s] GC(705) Phase 5: Reset Metadata 3.530ms
[2025-06-28T00:22:48.064+0200][36.861s] GC(705) Eden regions: 0->0(0)
[2025-06-28T00:22:48.065+0200][36.861s] GC(705) Survivor regions: 0->0(0)
[2025-06-28T00:22:48.065+0200][36.861s] GC(705) Old regions: 22->22
[2025-06-28T00:22:48.065+0200][36.861s] GC(705) Humongous regions: 0->0
[2025-06-28T00:22:48.065+0200][36.862s] GC(705) Metaspace: 69365K(70080K)->69365K(70080K) NonClass: 60123K(60544K)->60123K(60544K) Class: 9242K(9536K)->9242K(9536K)
[2025-06-28T00:22:48.065+0200][36.862s] GC(705) Pause Full (G1 Compaction Pause) 20M->20M(22M) 84.617ms
[2025-06-28T00:22:48.065+0200][36.862s] GC(705) User=0.12s Sys=0.00s Real=0.08s
[2025-06-28T00:22:48.077+0200][36.874s] GC(703) Concurrent Mark From Roots 238.268ms
[2025-06-28T00:22:48.077+0200][36.874s] GC(703) Concurrent Mark Abort
[2025-06-28T00:22:48.078+0200][36.874s] GC(703) Concurrent Mark Cycle 238.970ms
[2025-06-28T00:22:48.095+0200][36.891s] GC(706) Pause Young (Normal) (G1 Evacuation Pause)
[2025-06-28T00:22:48.095+0200][36.892s] GC(706) Using 8 workers of 10 for evacuation
[2025-06-28T00:22:48.102+0200][36.898s] GC(706)   Pre Evacuate Collection Set: 0.8ms
[2025-06-28T00:22:48.102+0200][36.898s] GC(706)   Merge Heap Roots: 0.3ms
[2025-06-28T00:22:48.102+0200][36.898s] GC(706)   Evacuate Collection Set: 2.7ms
[2025-06-28T00:22:48.102+0200][36.899s] GC(706)   Post Evacuate Collection Set: 2.0ms
[2025-06-28T00:22:48.102+0200][36.899s] GC(706)   Other: 0.5ms
[2025-06-28T00:22:48.102+0200][36.899s] GC(706) Eden regions: 0->0(0)
[2025-06-28T00:22:48.103+0200][36.899s] GC(706) Survivor regions: 0->0(0)
[2025-06-28T00:22:48.103+0200][36.899s] GC(706) Old regions: 22->22
[2025-06-28T00:22:48.103+0200][36.899s] GC(706) Humongous regions: 0->0
[2025-06-28T00:22:48.103+0200][36.899s] GC(706) Metaspace: 69365K(70080K)->69365K(70080K) NonClass: 60123K(60544K)->60123K(60544K) Class: 9242K(9536K)->9242K(9536K)
[2025-06-28T00:22:48.103+0200][36.900s] GC(706) Pause Young (Normal) (G1 Evacuation Pause) 20M->20M(22M) 8.306ms
[2025-06-28T00:22:48.103+0200][36.900s] GC(706) User=0.00s Sys=0.00s Real=0.01s
[2025-06-28T00:22:48.104+0200][36.900s] Attempting full compaction
[2025-06-28T00:22:48.104+0200][36.900s] GC(707) Pause Full (G1 Compaction Pause)
[2025-06-28T00:22:48.104+0200][36.900s] GC(707) Using 2 workers of 10 for full compaction
[2025-06-28T00:22:48.105+0200][36.901s] GC(707) Phase 1: Mark live objects
[2025-06-28T00:22:48.150+0200][36.946s] GC(707) Phase 1: Mark live objects 45.138ms
[2025-06-28T00:22:48.150+0200][36.946s] GC(707) Phase 2: Prepare compaction
[2025-06-28T00:22:48.150+0200][36.946s] GC(707) Phase 2: Prepare compaction 0.076ms
[2025-06-28T00:22:48.150+0200][36.946s] GC(707) Phase 3: Adjust pointers
[2025-06-28T00:22:48.158+0200][36.954s] GC(707) Phase 3: Adjust pointers 7.884ms
[2025-06-28T00:22:48.158+0200][36.954s] GC(707) Phase 4: Compact heap
[2025-06-28T00:22:48.158+0200][36.954s] GC(707) Phase 4: Compact heap 0.078ms
[2025-06-28T00:22:48.158+0200][36.954s] GC(707) Phase 5: Reset Metadata
[2025-06-28T00:22:48.161+0200][36.958s] GC(707) Phase 5: Reset Metadata 3.392ms
[2025-06-28T00:22:48.164+0200][36.961s] GC(707) Eden regions: 0->0(0)
[2025-06-28T00:22:48.164+0200][36.961s] GC(707) Survivor regions: 0->0(0)
[2025-06-28T00:22:48.164+0200][36.961s] GC(707) Old regions: 22->22
[2025-06-28T00:22:48.164+0200][36.961s] GC(707) Humongous regions: 0->0
[2025-06-28T00:22:48.164+0200][36.961s] GC(707) Metaspace: 69365K(70080K)->69365K(70080K) NonClass: 60123K(60544K)->60123K(60544K) Class: 9242K(9536K)->9242K(9536K)
[2025-06-28T00:22:48.164+0200][36.961s] GC(707) Pause Full (G1 Compaction Pause) 20M->20M(22M) 60.504ms
[2025-06-28T00:22:48.164+0200][36.961s] GC(707) User=0.11s Sys=0.00s Real=0.06s
[2025-06-28T00:22:48.164+0200][36.961s] Attempting maximal full compaction clearing soft references
[2025-06-28T00:22:48.164+0200][36.961s] GC(708) Pause Full (G1 Compaction Pause)
[2025-06-28T00:22:48.164+0200][36.961s] GC(708) Using 2 workers of 10 for full compaction
[2025-06-28T00:22:48.164+0200][36.961s] GC(708) Phase 1: Mark live objects
[2025-06-28T00:22:48.279+0200][37.076s] GC(708) Phase 1: Mark live objects 114.629ms
[2025-06-28T00:22:48.280+0200][37.076s] GC(708) Phase 2: Prepare compaction
[2025-06-28T00:22:48.297+0200][37.093s] GC(708) Phase 2: Prepare compaction 17.339ms
[2025-06-28T00:22:48.297+0200][37.093s] GC(708) Phase 3: Adjust pointers
[2025-06-28T00:22:48.317+0200][37.114s] GC(708) Phase 3: Adjust pointers 20.296ms
[2025-06-28T00:22:48.317+0200][37.114s] GC(708) Phase 4: Compact heap
[2025-06-28T00:22:48.322+0200][37.119s] GC(708) Phase 4: Compact heap 5.295ms
[2025-06-28T00:22:48.322+0200][37.119s] GC(708) Phase 5: Reset Metadata
[2025-06-28T00:22:48.323+0200][37.120s] GC(708) Phase 5: Reset Metadata 0.586ms
[2025-06-28T00:22:48.327+0200][37.124s] GC(708) Eden regions: 0->0(0)
[2025-06-28T00:22:48.328+0200][37.124s] GC(708) Survivor regions: 0->0(0)
[2025-06-28T00:22:48.328+0200][37.124s] GC(708) Old regions: 22->22
[2025-06-28T00:22:48.328+0200][37.124s] GC(708) Humongous regions: 0->0
[2025-06-28T00:22:48.328+0200][37.124s] GC(708) Metaspace: 69365K(70080K)->69365K(70080K) NonClass: 60123K(60544K)->60123K(60544K) Class: 9242K(9536K)->9242K(9536K)
[2025-06-28T00:22:48.328+0200][37.124s] GC(708) Pause Full (G1 Compaction Pause) 20M->20M(22M) 163.733ms
[2025-06-28T00:22:48.328+0200][37.125s] GC(708) User=0.28s Sys=0.03s Real=0.16s
[2025-06-28T00:22:48.328+0200][37.125s] GC(709) Pause Young (Concurrent Start) (G1 Evacuation Pause)
[2025-06-28T00:22:48.328+0200][37.125s] GC(709) Using 8 workers of 10 for evacuation
[2025-06-28T00:22:48.330+0200][37.127s] GC(709)   Pre Evacuate Collection Set: 0.2ms
[2025-06-28T00:22:48.330+0200][37.127s] GC(709)   Merge Heap Roots: 0.1ms
[2025-06-28T00:22:48.330+0200][37.127s] GC(709)   Evacuate Collection Set: 1.0ms
[2025-06-28T00:22:48.330+0200][37.127s] GC(709)   Post Evacuate Collection Set: 0.5ms
[2025-06-28T00:22:48.330+0200][37.127s] GC(709)   Other: 0.2ms
[2025-06-28T00:22:48.330+0200][37.127s] GC(709) Eden regions: 0->0(0)
[2025-06-28T00:22:48.331+0200][37.127s] GC(709) Survivor regions: 0->0(0)
[2025-06-28T00:22:48.331+0200][37.127s] GC(709) Old regions: 22->22
[2025-06-28T00:22:48.331+0200][37.127s] GC(709) Humongous regions: 0->0
[2025-06-28T00:22:48.331+0200][37.127s] GC(709) Metaspace: 69365K(70080K)->69365K(70080K) NonClass: 60123K(60544K)->60123K(60544K) Class: 9242K(9536K)->9242K(9536K)
[2025-06-28T00:22:48.331+0200][37.127s] GC(709) Pause Young (Concurrent Start) (G1 Evacuation Pause) 20M->20M(22M) 2.460ms
[2025-06-28T00:22:48.331+0200][37.127s] GC(709) User=0.00s Sys=0.00s Real=0.00s
[2025-06-28T00:22:48.331+0200][37.127s] GC(710) Concurrent Mark Cycle
[2025-06-28T00:22:48.331+0200][37.127s] Attempting full compaction
[2025-06-28T00:22:48.331+0200][37.127s] GC(710) Concurrent Scan Root Regions
[2025-06-28T00:22:48.331+0200][37.128s] GC(711) Pause Full (G1 Compaction Pause)
[2025-06-28T00:22:48.331+0200][37.128s] GC(710) Concurrent Scan Root Regions 0.156ms
[2025-06-28T00:22:48.331+0200][37.128s] GC(711) Using 2 workers of 10 for full compaction
[2025-06-28T00:22:48.331+0200][37.128s] GC(710) Concurrent Mark
[2025-06-28T00:22:48.331+0200][37.128s] GC(710) Concurrent Mark From Roots
[2025-06-28T00:22:48.331+0200][37.128s] GC(710) Using 3 workers of 3 for marking
[2025-06-28T00:22:48.331+0200][37.128s] GC(711) Phase 1: Mark live objects
[2025-06-28T00:22:48.376+0200][37.172s] GC(711) Phase 1: Mark live objects 43.783ms
[2025-06-28T00:22:48.376+0200][37.172s] GC(711) Phase 2: Prepare compaction
[2025-06-28T00:22:48.376+0200][37.172s] GC(711) Phase 2: Prepare compaction 0.099ms
[2025-06-28T00:22:48.376+0200][37.172s] GC(711) Phase 3: Adjust pointers
[2025-06-28T00:22:48.391+0200][37.187s] GC(711) Phase 3: Adjust pointers 14.930ms
[2025-06-28T00:22:48.391+0200][37.187s] GC(711) Phase 4: Compact heap
[2025-06-28T00:22:48.391+0200][37.187s] GC(711) Phase 4: Compact heap 0.125ms
[2025-06-28T00:22:48.391+0200][37.187s] GC(711) Phase 5: Reset Metadata
[2025-06-28T00:22:48.397+0200][37.193s] GC(711) Phase 5: Reset Metadata 5.655ms
[2025-06-28T00:22:48.402+0200][37.198s] GC(711) Eden regions: 0->0(0)
[2025-06-28T00:22:48.402+0200][37.198s] GC(711) Survivor regions: 0->0(0)
[2025-06-28T00:22:48.402+0200][37.198s] GC(711) Old regions: 22->22
[2025-06-28T00:22:48.402+0200][37.198s] GC(711) Humongous regions: 0->0
[2025-06-28T00:22:48.402+0200][37.198s] GC(711) Metaspace: 69365K(70080K)->69365K(70080K) NonClass: 60123K(60544K)->60123K(60544K) Class: 9242K(9536K)->9242K(9536K)
[2025-06-28T00:22:48.402+0200][37.199s] GC(711) Pause Full (G1 Compaction Pause) 20M->20M(22M) 70.975ms
[2025-06-28T00:22:48.402+0200][37.199s] GC(711) User=0.14s Sys=0.00s Real=0.07s
[2025-06-28T00:22:48.402+0200][37.199s] Attempting maximal full compaction clearing soft references
[2025-06-28T00:22:48.402+0200][37.199s] GC(712) Pause Full (G1 Compaction Pause)
[2025-06-28T00:22:48.402+0200][37.199s] GC(712) Using 2 workers of 10 for full compaction
[2025-06-28T00:22:48.403+0200][37.199s] GC(712) Phase 1: Mark live objects
[2025-06-28T00:22:48.451+0200][37.247s] GC(712) Phase 1: Mark live objects 47.810ms
[2025-06-28T00:22:48.451+0200][37.247s] GC(712) Phase 2: Prepare compaction
[2025-06-28T00:22:48.458+0200][37.254s] GC(712) Phase 2: Prepare compaction 6.866ms
[2025-06-28T00:22:48.458+0200][37.254s] GC(712) Phase 3: Adjust pointers
[2025-06-28T00:22:48.475+0200][37.272s] GC(712) Phase 3: Adjust pointers 17.930ms
[2025-06-28T00:22:48.475+0200][37.272s] GC(712) Phase 4: Compact heap
[2025-06-28T00:22:48.481+0200][37.277s] GC(712) Phase 4: Compact heap 5.588ms
[2025-06-28T00:22:48.481+0200][37.278s] GC(712) Phase 5: Reset Metadata
[2025-06-28T00:22:48.482+0200][37.278s] GC(712) Phase 5: Reset Metadata 0.492ms
[2025-06-28T00:22:48.486+0200][37.283s] GC(712) Eden regions: 0->0(0)
[2025-06-28T00:22:48.486+0200][37.283s] GC(712) Survivor regions: 0->0(0)
[2025-06-28T00:22:48.486+0200][37.283s] GC(712) Old regions: 22->22
[2025-06-28T00:22:48.486+0200][37.283s] GC(712) Humongous regions: 0->0
[2025-06-28T00:22:48.487+0200][37.283s] GC(712) Metaspace: 69365K(70080K)->69365K(70080K) NonClass: 60123K(60544K)->60123K(60544K) Class: 9242K(9536K)->9242K(9536K)
[2025-06-28T00:22:48.487+0200][37.283s] GC(712) Pause Full (G1 Compaction Pause) 20M->20M(22M) 84.420ms
[2025-06-28T00:22:48.487+0200][37.283s] GC(712) User=0.16s Sys=0.00s Real=0.09s
[2025-06-28T00:22:48.488+0200][37.284s] GC(710) Concurrent Mark From Roots 156.146ms
[2025-06-28T00:22:48.488+0200][37.284s] GC(713) Pause Young (Normal) (G1 Evacuation Pause)
[2025-06-28T00:22:48.488+0200][37.284s] GC(713) Using 8 workers of 10 for evacuation
[2025-06-28T00:22:48.489+0200][37.286s] GC(713)   Pre Evacuate Collection Set: 0.2ms
[2025-06-28T00:22:48.489+0200][37.286s] GC(713)   Merge Heap Roots: 0.1ms
[2025-06-28T00:22:48.489+0200][37.286s] GC(713)   Evacuate Collection Set: 0.5ms
[2025-06-28T00:22:48.489+0200][37.286s] GC(713)   Post Evacuate Collection Set: 0.4ms
[2025-06-28T00:22:48.489+0200][37.286s] GC(713)   Other: 0.1ms
[2025-06-28T00:22:48.489+0200][37.286s] GC(713) Eden regions: 0->0(0)
[2025-06-28T00:22:48.489+0200][37.286s] GC(713) Survivor regions: 0->0(0)
[2025-06-28T00:22:48.489+0200][37.286s] GC(713) Old regions: 22->22
[2025-06-28T00:22:48.489+0200][37.286s] GC(713) Humongous regions: 0->0
[2025-06-28T00:22:48.490+0200][37.286s] GC(713) Metaspace: 69365K(70080K)->69365K(70080K) NonClass: 60123K(60544K)->60123K(60544K) Class: 9242K(9536K)->9242K(9536K)
[2025-06-28T00:22:48.490+0200][37.286s] GC(713) Pause Young (Normal) (G1 Evacuation Pause) 20M->20M(22M) 1.820ms
[2025-06-28T00:22:48.490+0200][37.286s] GC(713) User=0.00s Sys=0.00s Real=0.00s
[2025-06-28T00:22:48.490+0200][37.286s] Attempting full compaction
[2025-06-28T00:22:48.490+0200][37.286s] GC(714) Pause Full (G1 Compaction Pause)
[2025-06-28T00:22:48.490+0200][37.286s] GC(714) Using 2 workers of 10 for full compaction
[2025-06-28T00:22:48.490+0200][37.286s] GC(714) Phase 1: Mark live objects
[2025-06-28T00:22:48.531+0200][37.328s] GC(714) Phase 1: Mark live objects 41.161ms
[2025-06-28T00:22:48.531+0200][37.328s] GC(714) Phase 2: Prepare compaction
[2025-06-28T00:22:48.531+0200][37.328s] GC(714) Phase 2: Prepare compaction 0.166ms
[2025-06-28T00:22:48.531+0200][37.328s] GC(714) Phase 3: Adjust pointers
[2025-06-28T00:22:48.546+0200][37.342s] GC(714) Phase 3: Adjust pointers 13.870ms
[2025-06-28T00:22:48.546+0200][37.342s] GC(714) Phase 4: Compact heap
[2025-06-28T00:22:48.546+0200][37.342s] GC(714) Phase 4: Compact heap 0.105ms
[2025-06-28T00:22:48.546+0200][37.342s] GC(714) Phase 5: Reset Metadata
[2025-06-28T00:22:48.552+0200][37.348s] GC(714) Phase 5: Reset Metadata 5.794ms
[2025-06-28T00:22:48.557+0200][37.353s] GC(714) Eden regions: 0->0(0)
[2025-06-28T00:22:48.557+0200][37.353s] GC(714) Survivor regions: 0->0(0)
[2025-06-28T00:22:48.557+0200][37.353s] GC(714) Old regions: 22->22
[2025-06-28T00:22:48.557+0200][37.353s] GC(714) Humongous regions: 0->0
[2025-06-28T00:22:48.557+0200][37.353s] GC(714) Metaspace: 69365K(70080K)->69365K(70080K) NonClass: 60123K(60544K)->60123K(60544K) Class: 9242K(9536K)->9242K(9536K)
[2025-06-28T00:22:48.557+0200][37.353s] GC(714) Pause Full (G1 Compaction Pause) 20M->20M(22M) 67.240ms
[2025-06-28T00:22:48.557+0200][37.353s] GC(714) User=0.12s Sys=0.00s Real=0.07s
[2025-06-28T00:22:48.557+0200][37.353s] Attempting maximal full compaction clearing soft references
[2025-06-28T00:22:48.558+0200][37.353s] GC(715) Pause Full (G1 Compaction Pause)
[2025-06-28T00:22:48.558+0200][37.354s] GC(715) Using 2 workers of 10 for full compaction
[2025-06-28T00:22:48.558+0200][37.354s] GC(715) Phase 1: Mark live objects
[2025-06-28T00:22:48.599+0200][37.395s] GC(715) Phase 1: Mark live objects 40.932ms
[2025-06-28T00:22:48.599+0200][37.395s] GC(715) Phase 2: Prepare compaction
[2025-06-28T00:22:48.605+0200][37.401s] GC(715) Phase 2: Prepare compaction 6.252ms
[2025-06-28T00:22:48.605+0200][37.401s] GC(715) Phase 3: Adjust pointers
[2025-06-28T00:22:48.625+0200][37.421s] GC(715) Phase 3: Adjust pointers 20.213ms
[2025-06-28T00:22:48.625+0200][37.422s] GC(715) Phase 4: Compact heap
[2025-06-28T00:22:48.631+0200][37.428s] GC(715) Phase 4: Compact heap 6.535ms
[2025-06-28T00:22:48.631+0200][37.428s] GC(715) Phase 5: Reset Metadata
[2025-06-28T00:22:48.633+0200][37.429s] GC(715) Phase 5: Reset Metadata 0.603ms
[2025-06-28T00:22:48.638+0200][37.434s] GC(715) Eden regions: 0->0(0)
[2025-06-28T00:22:48.638+0200][37.434s] GC(715) Survivor regions: 0->0(0)
[2025-06-28T00:22:48.638+0200][37.434s] GC(715) Old regions: 22->22
[2025-06-28T00:22:48.638+0200][37.434s] GC(715) Humongous regions: 0->0
[2025-06-28T00:22:48.638+0200][37.434s] GC(715) Metaspace: 69365K(70080K)->69365K(70080K) NonClass: 60123K(60544K)->60123K(60544K) Class: 9242K(9536K)->9242K(9536K)
[2025-06-28T00:22:48.638+0200][37.434s] GC(715) Pause Full (G1 Compaction Pause) 20M->20M(22M) 80.906ms
[2025-06-28T00:22:48.639+0200][37.434s] GC(715) User=0.11s Sys=0.05s Real=0.08s
[2025-06-28T00:22:48.639+0200][37.435s] GC(710) Concurrent Mark Abort
[2025-06-28T00:22:48.639+0200][37.435s] GC(710) Concurrent Mark Cycle 307.429ms
[2025-06-28T00:22:48.639+0200][37.435s] GC(716) Pause Young (Normal) (G1 Evacuation Pause)
[2025-06-28T00:22:48.639+0200][37.435s] GC(716) Using 8 workers of 10 for evacuation
[2025-06-28T00:22:48.641+0200][37.437s] GC(716)   Pre Evacuate Collection Set: 0.3ms
[2025-06-28T00:22:48.641+0200][37.437s] GC(716)   Merge Heap Roots: 0.1ms
[2025-06-28T00:22:48.641+0200][37.437s] GC(716)   Evacuate Collection Set: 0.7ms
[2025-06-28T00:22:48.641+0200][37.437s] GC(716)   Post Evacuate Collection Set: 0.7ms
[2025-06-28T00:22:48.641+0200][37.437s] GC(716)   Other: 0.2ms
[2025-06-28T00:22:48.641+0200][37.437s] GC(716) Eden regions: 0->0(0)
[2025-06-28T00:22:48.641+0200][37.437s] GC(716) Survivor regions: 0->0(0)
[2025-06-28T00:22:48.641+0200][37.437s] GC(716) Old regions: 22->22
[2025-06-28T00:22:48.642+0200][37.437s] GC(716) Humongous regions: 0->0
[2025-06-28T00:22:48.642+0200][37.437s] GC(716) Metaspace: 69365K(70080K)->69365K(70080K) NonClass: 60123K(60544K)->60123K(60544K) Class: 9242K(9536K)->9242K(9536K)
[2025-06-28T00:22:48.642+0200][37.438s] GC(716) Pause Young (Normal) (G1 Evacuation Pause) 20M->20M(22M) 2.518ms
[2025-06-28T00:22:48.642+0200][37.438s] GC(716) User=0.00s Sys=0.00s Real=0.00s
[2025-06-28T00:22:48.642+0200][37.438s] Attempting full compaction
[2025-06-28T00:22:48.642+0200][37.438s] GC(717) Pause Full (G1 Compaction Pause)
[2025-06-28T00:22:48.642+0200][37.438s] GC(717) Using 2 workers of 10 for full compaction
[2025-06-28T00:22:48.642+0200][37.438s] GC(717) Phase 1: Mark live objects
[2025-06-28T00:22:48.702+0200][37.498s] GC(717) Phase 1: Mark live objects 60.152ms
[2025-06-28T00:22:48.702+0200][37.498s] GC(717) Phase 2: Prepare compaction
[2025-06-28T00:22:48.702+0200][37.498s] GC(717) Phase 2: Prepare compaction 0.166ms
[2025-06-28T00:22:48.702+0200][37.498s] GC(717) Phase 3: Adjust pointers
[2025-06-28T00:22:48.724+0200][37.520s] GC(717) Phase 3: Adjust pointers 21.792ms
[2025-06-28T00:22:48.725+0200][37.521s] GC(717) Phase 4: Compact heap
[2025-06-28T00:22:48.725+0200][37.521s] GC(717) Phase 4: Compact heap 0.463ms
[2025-06-28T00:22:48.725+0200][37.521s] GC(717) Phase 5: Reset Metadata
[2025-06-28T00:22:48.739+0200][37.536s] GC(717) Phase 5: Reset Metadata 14.705ms
[2025-06-28T00:22:48.749+0200][37.546s] GC(717) Eden regions: 0->0(0)
[2025-06-28T00:22:48.749+0200][37.546s] GC(717) Survivor regions: 0->0(0)
[2025-06-28T00:22:48.749+0200][37.546s] GC(717) Old regions: 22->22
[2025-06-28T00:22:48.749+0200][37.546s] GC(717) Humongous regions: 0->0
[2025-06-28T00:22:48.749+0200][37.546s] GC(717) Metaspace: 69365K(70080K)->69365K(70080K) NonClass: 60123K(60544K)->60123K(60544K) Class: 9242K(9536K)->9242K(9536K)
[2025-06-28T00:22:48.749+0200][37.546s] GC(717) Pause Full (G1 Compaction Pause) 20M->20M(22M) 108.287ms
[2025-06-28T00:22:48.750+0200][37.546s] GC(717) User=0.22s Sys=0.00s Real=0.11s
[2025-06-28T00:22:48.750+0200][37.546s] Attempting maximal full compaction clearing soft references
[2025-06-28T00:22:48.750+0200][37.546s] GC(718) Pause Full (G1 Compaction Pause)
[2025-06-28T00:22:48.750+0200][37.546s] GC(718) Using 2 workers of 10 for full compaction
[2025-06-28T00:22:48.750+0200][37.546s] GC(718) Phase 1: Mark live objects
[2025-06-28T00:22:48.817+0200][37.613s] GC(718) Phase 1: Mark live objects 66.866ms
[2025-06-28T00:22:48.817+0200][37.613s] GC(718) Phase 2: Prepare compaction
[2025-06-28T00:22:48.824+0200][37.621s] GC(718) Phase 2: Prepare compaction 7.387ms
[2025-06-28T00:22:48.824+0200][37.621s] GC(718) Phase 3: Adjust pointers
[2025-06-28T00:22:48.857+0200][37.653s] GC(718) Phase 3: Adjust pointers 32.169ms
[2025-06-28T00:22:48.857+0200][37.653s] GC(718) Phase 4: Compact heap
[2025-06-28T00:22:48.863+0200][37.659s] GC(718) Phase 4: Compact heap 6.179ms
[2025-06-28T00:22:48.864+0200][37.659s] GC(718) Phase 5: Reset Metadata
[2025-06-28T00:22:48.864+0200][37.660s] GC(718) Phase 5: Reset Metadata 0.588ms
[2025-06-28T00:22:48.871+0200][37.667s] GC(718) Eden regions: 0->0(0)
[2025-06-28T00:22:48.871+0200][37.667s] GC(718) Survivor regions: 0->0(0)
[2025-06-28T00:22:48.871+0200][37.668s] GC(718) Old regions: 22->22
[2025-06-28T00:22:48.871+0200][37.668s] GC(718) Humongous regions: 0->0
[2025-06-28T00:22:48.871+0200][37.668s] GC(718) Metaspace: 69365K(70080K)->69365K(70080K) NonClass: 60123K(60544K)->60123K(60544K) Class: 9242K(9536K)->9242K(9536K)
[2025-06-28T00:22:48.871+0200][37.668s] GC(718) Pause Full (G1 Compaction Pause) 20M->20M(22M) 121.543ms
[2025-06-28T00:22:48.871+0200][37.668s] GC(718) User=0.22s Sys=0.00s Real=0.12s
[2025-06-28T00:22:48.874+0200][37.670s] GC(719) Pause Young (Concurrent Start) (G1 Evacuation Pause)
[2025-06-28T00:22:48.874+0200][37.671s] GC(719) Using 8 workers of 10 for evacuation
[2025-06-28T00:22:48.880+0200][37.676s] GC(719)   Pre Evacuate Collection Set: 0.6ms
[2025-06-28T00:22:48.880+0200][37.676s] GC(719)   Merge Heap Roots: 0.1ms
[2025-06-28T00:22:48.880+0200][37.676s] GC(719)   Evacuate Collection Set: 2.9ms
[2025-06-28T00:22:48.880+0200][37.676s] GC(719)   Post Evacuate Collection Set: 0.9ms
[2025-06-28T00:22:48.880+0200][37.676s] GC(719)   Other: 0.5ms
[2025-06-28T00:22:48.880+0200][37.676s] GC(719) Eden regions: 0->0(0)
[2025-06-28T00:22:48.880+0200][37.676s] GC(719) Survivor regions: 0->0(0)
[2025-06-28T00:22:48.880+0200][37.676s] GC(719) Old regions: 22->22
[2025-06-28T00:22:48.880+0200][37.676s] GC(719) Humongous regions: 0->0
[2025-06-28T00:22:48.880+0200][37.676s] GC(719) Metaspace: 69365K(70080K)->69365K(70080K) NonClass: 60123K(60544K)->60123K(60544K) Class: 9242K(9536K)->9242K(9536K)
[2025-06-28T00:22:48.880+0200][37.676s] GC(719) Pause Young (Concurrent Start) (G1 Evacuation Pause) 20M->20M(22M) 5.993ms
[2025-06-28T00:22:48.880+0200][37.676s] GC(720) Concurrent Mark Cycle
[2025-06-28T00:22:48.880+0200][37.676s] GC(719) User=0.00s Sys=0.00s Real=0.01s
[2025-06-28T00:22:48.880+0200][37.677s] GC(720) Concurrent Scan Root Regions
[2025-06-28T00:22:48.881+0200][37.677s] Attempting full compaction
[2025-06-28T00:22:48.881+0200][37.677s] GC(720) Concurrent Scan Root Regions 0.231ms
[2025-06-28T00:22:48.881+0200][37.677s] GC(721) Pause Full (G1 Compaction Pause)
[2025-06-28T00:22:48.881+0200][37.677s] GC(720) Concurrent Mark
[2025-06-28T00:22:48.881+0200][37.677s] GC(721) Using 2 workers of 10 for full compaction
[2025-06-28T00:22:48.881+0200][37.677s] GC(720) Concurrent Mark From Roots
[2025-06-28T00:22:48.881+0200][37.677s] GC(720) Using 3 workers of 3 for marking
[2025-06-28T00:22:48.881+0200][37.678s] GC(721) Phase 1: Mark live objects
[2025-06-28T00:22:48.935+0200][37.730s] GC(721) Phase 1: Mark live objects 52.826ms
[2025-06-28T00:22:48.935+0200][37.731s] GC(721) Phase 2: Prepare compaction
[2025-06-28T00:22:48.935+0200][37.731s] GC(721) Phase 2: Prepare compaction 0.145ms
[2025-06-28T00:22:48.935+0200][37.731s] GC(721) Phase 3: Adjust pointers
[2025-06-28T00:22:48.953+0200][37.749s] GC(721) Phase 3: Adjust pointers 18.727ms
[2025-06-28T00:22:48.954+0200][37.750s] GC(721) Phase 4: Compact heap
[2025-06-28T00:22:48.954+0200][37.750s] GC(721) Phase 4: Compact heap 0.135ms
[2025-06-28T00:22:48.954+0200][37.750s] GC(721) Phase 5: Reset Metadata
[2025-06-28T00:22:48.962+0200][37.758s] GC(721) Phase 5: Reset Metadata 8.570ms
[2025-06-28T00:22:48.968+0200][37.764s] GC(721) Eden regions: 0->0(0)
[2025-06-28T00:22:48.969+0200][37.765s] GC(721) Survivor regions: 0->0(0)
[2025-06-28T00:22:48.969+0200][37.765s] GC(721) Old regions: 22->22
[2025-06-28T00:22:48.969+0200][37.765s] GC(721) Humongous regions: 0->0
[2025-06-28T00:22:48.969+0200][37.765s] GC(721) Metaspace: 69365K(70080K)->69365K(70080K) NonClass: 60123K(60544K)->60123K(60544K) Class: 9242K(9536K)->9242K(9536K)
[2025-06-28T00:22:48.969+0200][37.765s] GC(721) Pause Full (G1 Compaction Pause) 20M->20M(22M) 88.004ms
[2025-06-28T00:22:48.969+0200][37.765s] GC(721) User=0.16s Sys=0.00s Real=0.09s
[2025-06-28T00:22:48.969+0200][37.765s] Attempting maximal full compaction clearing soft references
[2025-06-28T00:22:48.969+0200][37.765s] GC(722) Pause Full (G1 Compaction Pause)
[2025-06-28T00:22:48.969+0200][37.765s] GC(722) Using 2 workers of 10 for full compaction
[2025-06-28T00:22:48.970+0200][37.765s] GC(722) Phase 1: Mark live objects
[2025-06-28T00:22:49.017+0200][37.814s] GC(722) Phase 1: Mark live objects 48.340ms
[2025-06-28T00:22:49.017+0200][37.814s] GC(722) Phase 2: Prepare compaction
[2025-06-28T00:22:49.026+0200][37.822s] GC(722) Phase 2: Prepare compaction 8.032ms
[2025-06-28T00:22:49.026+0200][37.822s] GC(722) Phase 3: Adjust pointers
[2025-06-28T00:22:49.046+0200][37.842s] GC(722) Phase 3: Adjust pointers 20.095ms
[2025-06-28T00:22:49.046+0200][37.842s] GC(722) Phase 4: Compact heap
[2025-06-28T00:22:49.054+0200][37.850s] GC(722) Phase 4: Compact heap 7.858ms
[2025-06-28T00:22:49.054+0200][37.850s] GC(722) Phase 5: Reset Metadata
[2025-06-28T00:22:49.055+0200][37.851s] GC(722) Phase 5: Reset Metadata 0.672ms
[2025-06-28T00:22:49.061+0200][37.857s] GC(722) Eden regions: 0->0(0)
[2025-06-28T00:22:49.061+0200][37.857s] GC(722) Survivor regions: 0->0(0)
[2025-06-28T00:22:49.064+0200][37.860s] GC(722) Old regions: 22->22
[2025-06-28T00:22:49.064+0200][37.860s] GC(722) Humongous regions: 0->0
[2025-06-28T00:22:49.064+0200][37.860s] GC(722) Metaspace: 69365K(70080K)->69365K(70080K) NonClass: 60123K(60544K)->60123K(60544K) Class: 9242K(9536K)->9242K(9536K)
[2025-06-28T00:22:49.064+0200][37.860s] GC(722) Pause Full (G1 Compaction Pause) 20M->20M(22M) 95.248ms
[2025-06-28T00:22:49.065+0200][37.860s] GC(722) User=0.14s Sys=0.00s Real=0.09s
[2025-06-28T00:22:49.068+0200][37.864s] GC(720) Concurrent Mark From Roots 186.827ms
[2025-06-28T00:22:49.091+0200][37.888s] GC(723) Pause Young (Normal) (G1 Evacuation Pause)
[2025-06-28T00:22:49.091+0200][37.888s] GC(723) Using 8 workers of 10 for evacuation
[2025-06-28T00:22:49.093+0200][37.890s] GC(723)   Pre Evacuate Collection Set: 0.2ms
[2025-06-28T00:22:49.094+0200][37.890s] GC(723)   Merge Heap Roots: 0.1ms
[2025-06-28T00:22:49.094+0200][37.890s] GC(723)   Evacuate Collection Set: 0.7ms
[2025-06-28T00:22:49.094+0200][37.890s] GC(723)   Post Evacuate Collection Set: 0.9ms
[2025-06-28T00:22:49.094+0200][37.890s] GC(723)   Other: 0.2ms
[2025-06-28T00:22:49.094+0200][37.890s] GC(723) Eden regions: 0->0(0)
[2025-06-28T00:22:49.094+0200][37.890s] GC(723) Survivor regions: 0->0(0)
[2025-06-28T00:22:49.094+0200][37.890s] GC(723) Old regions: 22->22
[2025-06-28T00:22:49.094+0200][37.890s] GC(723) Humongous regions: 0->0
[2025-06-28T00:22:49.094+0200][37.890s] GC(723) Metaspace: 69365K(70080K)->69365K(70080K) NonClass: 60123K(60544K)->60123K(60544K) Class: 9242K(9536K)->9242K(9536K)
[2025-06-28T00:22:49.094+0200][37.890s] GC(723) Pause Young (Normal) (G1 Evacuation Pause) 20M->20M(22M) 2.886ms
[2025-06-28T00:22:49.094+0200][37.890s] GC(723) User=0.00s Sys=0.00s Real=0.00s
[2025-06-28T00:22:49.094+0200][37.890s] Attempting full compaction
[2025-06-28T00:22:49.094+0200][37.891s] GC(724) Pause Full (G1 Compaction Pause)
[2025-06-28T00:22:49.094+0200][37.891s] GC(724) Using 2 workers of 10 for full compaction
[2025-06-28T00:22:49.095+0200][37.891s] GC(724) Phase 1: Mark live objects
[2025-06-28T00:22:49.163+0200][37.959s] GC(724) Phase 1: Mark live objects 68.401ms
[2025-06-28T00:22:49.163+0200][37.959s] GC(724) Phase 2: Prepare compaction
[2025-06-28T00:22:49.163+0200][37.960s] GC(724) Phase 2: Prepare compaction 0.159ms
[2025-06-28T00:22:49.163+0200][37.960s] GC(724) Phase 3: Adjust pointers
[2025-06-28T00:22:49.183+0200][37.979s] GC(724) Phase 3: Adjust pointers 19.706ms
[2025-06-28T00:22:49.183+0200][37.980s] GC(724) Phase 4: Compact heap
[2025-06-28T00:22:49.184+0200][37.980s] GC(724) Phase 4: Compact heap 0.142ms
[2025-06-28T00:22:49.184+0200][37.980s] GC(724) Phase 5: Reset Metadata
[2025-06-28T00:22:49.191+0200][37.987s] GC(724) Phase 5: Reset Metadata 7.490ms
[2025-06-28T00:22:49.197+0200][37.993s] GC(724) Eden regions: 0->0(0)
[2025-06-28T00:22:49.197+0200][37.993s] GC(724) Survivor regions: 0->0(0)
[2025-06-28T00:22:49.197+0200][37.993s] GC(724) Old regions: 22->22
[2025-06-28T00:22:49.197+0200][37.993s] GC(724) Humongous regions: 0->0
[2025-06-28T00:22:49.197+0200][37.993s] GC(724) Metaspace: 69365K(70080K)->69363K(70080K) NonClass: 60123K(60544K)->60121K(60544K) Class: 9242K(9536K)->9241K(9536K)
[2025-06-28T00:22:49.197+0200][37.993s] GC(724) Pause Full (G1 Compaction Pause) 20M->20M(22M) 102.625ms
[2025-06-28T00:22:49.197+0200][37.993s] GC(724) User=0.17s Sys=0.00s Real=0.10s
[2025-06-28T00:22:49.197+0200][37.993s] Attempting maximal full compaction clearing soft references
[2025-06-28T00:22:49.197+0200][37.993s] GC(725) Pause Full (G1 Compaction Pause)
[2025-06-28T00:22:49.197+0200][37.993s] GC(725) Using 2 workers of 10 for full compaction
[2025-06-28T00:22:49.197+0200][37.994s] GC(725) Phase 1: Mark live objects
[2025-06-28T00:22:49.244+0200][38.041s] GC(725) Phase 1: Mark live objects 47.248ms
[2025-06-28T00:22:49.244+0200][38.041s] GC(725) Phase 2: Prepare compaction
[2025-06-28T00:22:49.253+0200][38.049s] GC(725) Phase 2: Prepare compaction 8.112ms
[2025-06-28T00:22:49.253+0200][38.049s] GC(725) Phase 3: Adjust pointers
[2025-06-28T00:22:49.274+0200][38.071s] GC(725) Phase 3: Adjust pointers 22.037ms
[2025-06-28T00:22:49.274+0200][38.071s] GC(725) Phase 4: Compact heap
[2025-06-28T00:22:49.283+0200][38.079s] GC(725) Phase 4: Compact heap 7.973ms
[2025-06-28T00:22:49.283+0200][38.080s] GC(725) Phase 5: Reset Metadata
[2025-06-28T00:22:49.284+0200][38.081s] GC(725) Phase 5: Reset Metadata 0.953ms
[2025-06-28T00:22:49.290+0200][38.086s] GC(725) Eden regions: 0->0(0)
[2025-06-28T00:22:49.290+0200][38.086s] GC(725) Survivor regions: 0->0(0)
[2025-06-28T00:22:49.290+0200][38.086s] GC(725) Old regions: 22->22
[2025-06-28T00:22:49.291+0200][38.087s] GC(725) Humongous regions: 0->0
[2025-06-28T00:22:49.291+0200][38.087s] GC(725) Metaspace: 69363K(70080K)->69363K(70080K) NonClass: 60121K(60544K)->60121K(60544K) Class: 9241K(9536K)->9241K(9536K)
[2025-06-28T00:22:49.291+0200][38.087s] GC(725) Pause Full (G1 Compaction Pause) 20M->20M(22M) 93.362ms
[2025-06-28T00:22:49.291+0200][38.087s] GC(725) User=0.17s Sys=0.00s Real=0.09s
[2025-06-28T00:22:49.292+0200][38.088s] GC(720) Concurrent Mark Abort
[2025-06-28T00:22:49.292+0200][38.088s] GC(720) Concurrent Mark Cycle 411.654ms
[2025-06-28T00:22:49.292+0200][38.088s] GC(726) Pause Young (Normal) (G1 Evacuation Pause)
[2025-06-28T00:22:49.292+0200][38.088s] GC(726) Using 8 workers of 10 for evacuation
[2025-06-28T00:22:49.294+0200][38.090s] GC(726)   Pre Evacuate Collection Set: 0.3ms
[2025-06-28T00:22:49.294+0200][38.090s] GC(726)   Merge Heap Roots: 0.2ms
[2025-06-28T00:22:49.294+0200][38.090s] GC(726)   Evacuate Collection Set: 0.6ms
[2025-06-28T00:22:49.294+0200][38.090s] GC(726)   Post Evacuate Collection Set: 0.5ms
[2025-06-28T00:22:49.294+0200][38.090s] GC(726)   Other: 0.1ms
[2025-06-28T00:22:49.294+0200][38.090s] GC(726) Eden regions: 0->0(0)
[2025-06-28T00:22:49.294+0200][38.090s] GC(726) Survivor regions: 0->0(0)
[2025-06-28T00:22:49.294+0200][38.090s] GC(726) Old regions: 22->22
[2025-06-28T00:22:49.294+0200][38.090s] GC(726) Humongous regions: 0->0
[2025-06-28T00:22:49.294+0200][38.090s] GC(726) Metaspace: 69365K(70080K)->69365K(70080K) NonClass: 60122K(60544K)->60122K(60544K) Class: 9242K(9536K)->9242K(9536K)
[2025-06-28T00:22:49.294+0200][38.090s] GC(726) Pause Young (Normal) (G1 Evacuation Pause) 20M->20M(22M) 2.211ms
[2025-06-28T00:22:49.295+0200][38.090s] GC(726) User=0.02s Sys=0.00s Real=0.00s
[2025-06-28T00:22:49.295+0200][38.090s] Attempting full compaction
[2025-06-28T00:22:49.295+0200][38.091s] GC(727) Pause Full (G1 Compaction Pause)
[2025-06-28T00:22:49.295+0200][38.091s] GC(727) Using 2 workers of 10 for full compaction
[2025-06-28T00:22:49.295+0200][38.091s] GC(727) Phase 1: Mark live objects
[2025-06-28T00:22:49.339+0200][38.135s] GC(727) Phase 1: Mark live objects 44.221ms
[2025-06-28T00:22:49.339+0200][38.135s] GC(727) Phase 2: Prepare compaction
[2025-06-28T00:22:49.339+0200][38.135s] GC(727) Phase 2: Prepare compaction 0.239ms
[2025-06-28T00:22:49.339+0200][38.135s] GC(727) Phase 3: Adjust pointers
[2025-06-28T00:22:49.357+0200][38.154s] GC(727) Phase 3: Adjust pointers 18.234ms
[2025-06-28T00:22:49.357+0200][38.154s] GC(727) Phase 4: Compact heap
[2025-06-28T00:22:49.357+0200][38.154s] GC(727) Phase 4: Compact heap 0.091ms
[2025-06-28T00:22:49.357+0200][38.154s] GC(727) Phase 5: Reset Metadata
[2025-06-28T00:22:49.365+0200][38.162s] GC(727) Phase 5: Reset Metadata 7.546ms
[2025-06-28T00:22:49.370+0200][38.167s] GC(727) Eden regions: 0->0(0)
[2025-06-28T00:22:49.370+0200][38.167s] GC(727) Survivor regions: 0->0(0)
[2025-06-28T00:22:49.371+0200][38.167s] GC(727) Old regions: 22->22
[2025-06-28T00:22:49.371+0200][38.167s] GC(727) Humongous regions: 0->0
[2025-06-28T00:22:49.371+0200][38.167s] GC(727) Metaspace: 69365K(70080K)->69365K(70080K) NonClass: 60122K(60544K)->60122K(60544K) Class: 9242K(9536K)->9242K(9536K)
[2025-06-28T00:22:49.371+0200][38.167s] GC(727) Pause Full (G1 Compaction Pause) 20M->20M(22M) 76.928ms
[2025-06-28T00:22:49.371+0200][38.168s] GC(727) User=0.11s Sys=0.00s Real=0.08s
[2025-06-28T00:22:49.371+0200][38.168s] Attempting maximal full compaction clearing soft references
[2025-06-28T00:22:49.371+0200][38.168s] GC(728) Pause Full (G1 Compaction Pause)
[2025-06-28T00:22:49.371+0200][38.168s] GC(728) Using 2 workers of 10 for full compaction
[2025-06-28T00:22:49.371+0200][38.168s] GC(728) Phase 1: Mark live objects
[2025-06-28T00:22:49.416+0200][38.213s] GC(728) Phase 1: Mark live objects 44.971ms
[2025-06-28T00:22:49.416+0200][38.213s] GC(728) Phase 2: Prepare compaction
[2025-06-28T00:22:49.424+0200][38.220s] GC(728) Phase 2: Prepare compaction 6.673ms
[2025-06-28T00:22:49.424+0200][38.220s] GC(728) Phase 3: Adjust pointers
[2025-06-28T00:22:49.445+0200][38.241s] GC(728) Phase 3: Adjust pointers 21.496ms
[2025-06-28T00:22:49.445+0200][38.241s] GC(728) Phase 4: Compact heap
[2025-06-28T00:22:49.452+0200][38.249s] GC(728) Phase 4: Compact heap 7.195ms
[2025-06-28T00:22:49.452+0200][38.249s] GC(728) Phase 5: Reset Metadata
[2025-06-28T00:22:49.453+0200][38.250s] GC(728) Phase 5: Reset Metadata 0.976ms
[2025-06-28T00:22:49.459+0200][38.255s] GC(728) Eden regions: 0->0(0)
[2025-06-28T00:22:49.459+0200][38.256s] GC(728) Survivor regions: 0->0(0)
[2025-06-28T00:22:49.459+0200][38.256s] GC(728) Old regions: 22->22
[2025-06-28T00:22:49.459+0200][38.256s] GC(728) Humongous regions: 0->0
[2025-06-28T00:22:49.459+0200][38.256s] GC(728) Metaspace: 69365K(70080K)->69365K(70080K) NonClass: 60122K(60544K)->60122K(60544K) Class: 9242K(9536K)->9242K(9536K)
[2025-06-28T00:22:49.459+0200][38.256s] GC(728) Pause Full (G1 Compaction Pause) 20M->20M(22M) 88.150ms
[2025-06-28T00:22:49.460+0200][38.256s] GC(728) User=0.14s Sys=0.02s Real=0.09s
[2025-06-28T00:22:49.460+0200][38.256s] GC(729) Pause Young (Concurrent Start) (G1 Evacuation Pause)
[2025-06-28T00:22:49.460+0200][38.256s] GC(729) Using 8 workers of 10 for evacuation
[2025-06-28T00:22:49.463+0200][38.259s] GC(729)   Pre Evacuate Collection Set: 0.3ms
[2025-06-28T00:22:49.463+0200][38.259s] GC(729)   Merge Heap Roots: 0.2ms
[2025-06-28T00:22:49.463+0200][38.259s] GC(729)   Evacuate Collection Set: 1.4ms
[2025-06-28T00:22:49.463+0200][38.259s] GC(729)   Post Evacuate Collection Set: 0.8ms
[2025-06-28T00:22:49.463+0200][38.260s] GC(729)   Other: 0.2ms
[2025-06-28T00:22:49.463+0200][38.260s] GC(729) Eden regions: 0->0(0)
[2025-06-28T00:22:49.463+0200][38.260s] GC(729) Survivor regions: 0->0(0)
[2025-06-28T00:22:49.463+0200][38.260s] GC(729) Old regions: 22->22
[2025-06-28T00:22:49.463+0200][38.260s] GC(729) Humongous regions: 0->0
[2025-06-28T00:22:49.464+0200][38.260s] GC(729) Metaspace: 69365K(70080K)->69365K(70080K) NonClass: 60122K(60544K)->60122K(60544K) Class: 9242K(9536K)->9242K(9536K)
[2025-06-28T00:22:49.464+0200][38.260s] GC(729) Pause Young (Concurrent Start) (G1 Evacuation Pause) 20M->20M(22M) 3.509ms
[2025-06-28T00:22:49.464+0200][38.260s] GC(730) Concurrent Mark Cycle
[2025-06-28T00:22:49.464+0200][38.260s] GC(729) User=0.00s Sys=0.00s Real=0.00s
[2025-06-28T00:22:49.464+0200][38.260s] GC(730) Concurrent Scan Root Regions
[2025-06-28T00:22:49.464+0200][38.260s] Attempting full compaction
[2025-06-28T00:22:49.464+0200][38.260s] GC(730) Concurrent Scan Root Regions 0.205ms
[2025-06-28T00:22:49.464+0200][38.260s] GC(731) Pause Full (G1 Compaction Pause)
[2025-06-28T00:22:49.464+0200][38.260s] GC(730) Concurrent Mark
[2025-06-28T00:22:49.464+0200][38.260s] GC(731) Using 2 workers of 10 for full compaction
[2025-06-28T00:22:49.464+0200][38.261s] GC(730) Concurrent Mark From Roots
[2025-06-28T00:22:49.465+0200][38.261s] GC(730) Using 3 workers of 3 for marking
[2025-06-28T00:22:49.465+0200][38.261s] GC(731) Phase 1: Mark live objects
[2025-06-28T00:22:49.514+0200][38.311s] GC(731) Phase 1: Mark live objects 49.735ms
[2025-06-28T00:22:49.514+0200][38.311s] GC(731) Phase 2: Prepare compaction
[2025-06-28T00:22:49.514+0200][38.311s] GC(731) Phase 2: Prepare compaction 0.173ms
[2025-06-28T00:22:49.514+0200][38.311s] GC(731) Phase 3: Adjust pointers
[2025-06-28T00:22:49.532+0200][38.329s] GC(731) Phase 3: Adjust pointers 17.357ms
[2025-06-28T00:22:49.532+0200][38.329s] GC(731) Phase 4: Compact heap
[2025-06-28T00:22:49.532+0200][38.329s] GC(731) Phase 4: Compact heap 0.195ms
[2025-06-28T00:22:49.532+0200][38.329s] GC(731) Phase 5: Reset Metadata
[2025-06-28T00:22:49.539+0200][38.335s] GC(731) Phase 5: Reset Metadata 6.403ms
[2025-06-28T00:22:49.545+0200][38.341s] GC(731) Eden regions: 0->0(0)
[2025-06-28T00:22:49.545+0200][38.341s] GC(731) Survivor regions: 0->0(0)
[2025-06-28T00:22:49.545+0200][38.341s] GC(731) Old regions: 22->22
[2025-06-28T00:22:49.545+0200][38.341s] GC(731) Humongous regions: 0->0
[2025-06-28T00:22:49.545+0200][38.341s] GC(731) Metaspace: 69365K(70080K)->69365K(70080K) NonClass: 60122K(60544K)->60122K(60544K) Class: 9242K(9536K)->9242K(9536K)
[2025-06-28T00:22:49.545+0200][38.341s] GC(731) Pause Full (G1 Compaction Pause) 20M->20M(22M) 80.863ms
[2025-06-28T00:22:49.545+0200][38.341s] GC(731) User=0.12s Sys=0.00s Real=0.08s
[2025-06-28T00:22:49.545+0200][38.341s] Attempting maximal full compaction clearing soft references
[2025-06-28T00:22:49.545+0200][38.341s] GC(732) Pause Full (G1 Compaction Pause)
[2025-06-28T00:22:49.545+0200][38.341s] GC(732) Using 2 workers of 10 for full compaction
[2025-06-28T00:22:49.545+0200][38.342s] GC(732) Phase 1: Mark live objects
[2025-06-28T00:22:49.589+0200][38.385s] GC(732) Phase 1: Mark live objects 42.937ms
[2025-06-28T00:22:49.589+0200][38.385s] GC(732) Phase 2: Prepare compaction
[2025-06-28T00:22:49.595+0200][38.392s] GC(732) Phase 2: Prepare compaction 7.020ms
[2025-06-28T00:22:49.595+0200][38.392s] GC(732) Phase 3: Adjust pointers
[2025-06-28T00:22:49.612+0200][38.409s] GC(732) Phase 3: Adjust pointers 17.344ms
[2025-06-28T00:22:49.612+0200][38.409s] GC(732) Phase 4: Compact heap
[2025-06-28T00:22:49.619+0200][38.415s] GC(732) Phase 4: Compact heap 6.051ms
[2025-06-28T00:22:49.619+0200][38.415s] GC(732) Phase 5: Reset Metadata
[2025-06-28T00:22:49.619+0200][38.416s] GC(732) Phase 5: Reset Metadata 0.669ms
[2025-06-28T00:22:49.623+0200][38.420s] GC(732) Eden regions: 0->0(0)
[2025-06-28T00:22:49.623+0200][38.420s] GC(732) Survivor regions: 0->0(0)
[2025-06-28T00:22:49.623+0200][38.420s] GC(732) Old regions: 22->22
[2025-06-28T00:22:49.623+0200][38.420s] GC(732) Humongous regions: 0->0
[2025-06-28T00:22:49.623+0200][38.420s] GC(732) Metaspace: 69365K(70080K)->69365K(70080K) NonClass: 60122K(60544K)->60122K(60544K) Class: 9242K(9536K)->9242K(9536K)
[2025-06-28T00:22:49.623+0200][38.420s] GC(732) Pause Full (G1 Compaction Pause) 20M->20M(22M) 78.828ms
[2025-06-28T00:22:49.623+0200][38.420s] GC(732) User=0.16s Sys=0.00s Real=0.08s
[2025-06-28T00:22:49.624+0200][38.421s] GC(730) Concurrent Mark From Roots 160.234ms
[2025-06-28T00:22:49.624+0200][38.421s] GC(730) Concurrent Mark Abort
[2025-06-28T00:22:49.624+0200][38.421s] GC(730) Concurrent Mark Cycle 161.031ms
[2025-06-28T00:22:49.624+0200][38.421s] GC(733) Pause Young (Normal) (G1 Evacuation Pause)
[2025-06-28T00:22:49.624+0200][38.421s] GC(733) Using 8 workers of 10 for evacuation
[2025-06-28T00:22:49.626+0200][38.422s] GC(733)   Pre Evacuate Collection Set: 0.2ms
[2025-06-28T00:22:49.626+0200][38.422s] GC(733)   Merge Heap Roots: 0.1ms
[2025-06-28T00:22:49.626+0200][38.423s] GC(733)   Evacuate Collection Set: 0.4ms
[2025-06-28T00:22:49.626+0200][38.423s] GC(733)   Post Evacuate Collection Set: 0.4ms
[2025-06-28T00:22:49.626+0200][38.423s] GC(733)   Other: 0.1ms
[2025-06-28T00:22:49.626+0200][38.423s] GC(733) Eden regions: 0->0(0)
[2025-06-28T00:22:49.626+0200][38.423s] GC(733) Survivor regions: 0->0(0)
[2025-06-28T00:22:49.626+0200][38.423s] GC(733) Old regions: 22->22
[2025-06-28T00:22:49.626+0200][38.423s] GC(733) Humongous regions: 0->0
[2025-06-28T00:22:49.627+0200][38.423s] GC(733) Metaspace: 69365K(70080K)->69365K(70080K) NonClass: 60122K(60544K)->60122K(60544K) Class: 9242K(9536K)->9242K(9536K)
[2025-06-28T00:22:49.627+0200][38.423s] GC(733) Pause Young (Normal) (G1 Evacuation Pause) 20M->20M(22M) 1.683ms
[2025-06-28T00:22:49.627+0200][38.423s] GC(733) User=0.00s Sys=0.00s Real=0.00s
[2025-06-28T00:22:49.627+0200][38.423s] Attempting full compaction
[2025-06-28T00:22:49.627+0200][38.423s] GC(734) Pause Full (G1 Compaction Pause)
[2025-06-28T00:22:49.627+0200][38.423s] GC(734) Using 2 workers of 10 for full compaction
[2025-06-28T00:22:49.627+0200][38.423s] GC(734) Phase 1: Mark live objects
[2025-06-28T00:22:49.666+0200][38.463s] GC(734) Phase 1: Mark live objects 39.533ms
[2025-06-28T00:22:49.666+0200][38.463s] GC(734) Phase 2: Prepare compaction
[2025-06-28T00:22:49.666+0200][38.463s] GC(734) Phase 2: Prepare compaction 0.116ms
[2025-06-28T00:22:49.666+0200][38.463s] GC(734) Phase 3: Adjust pointers
[2025-06-28T00:22:49.683+0200][38.479s] GC(734) Phase 3: Adjust pointers 16.486ms
[2025-06-28T00:22:49.683+0200][38.479s] GC(734) Phase 4: Compact heap
[2025-06-28T00:22:49.683+0200][38.480s] GC(734) Phase 4: Compact heap 0.108ms
[2025-06-28T00:22:49.683+0200][38.480s] GC(734) Phase 5: Reset Metadata
[2025-06-28T00:22:49.689+0200][38.486s] GC(734) Phase 5: Reset Metadata 5.912ms
[2025-06-28T00:22:49.694+0200][38.490s] GC(734) Eden regions: 0->0(0)
[2025-06-28T00:22:49.694+0200][38.491s] GC(734) Survivor regions: 0->0(0)
[2025-06-28T00:22:49.694+0200][38.491s] GC(734) Old regions: 22->22
[2025-06-28T00:22:49.694+0200][38.491s] GC(734) Humongous regions: 0->0
[2025-06-28T00:22:49.694+0200][38.491s] GC(734) Metaspace: 69365K(70080K)->69365K(70080K) NonClass: 60122K(60544K)->60122K(60544K) Class: 9242K(9536K)->9242K(9536K)
[2025-06-28T00:22:49.694+0200][38.491s] GC(734) Pause Full (G1 Compaction Pause) 20M->20M(22M) 67.832ms
[2025-06-28T00:22:49.694+0200][38.491s] GC(734) User=0.11s Sys=0.00s Real=0.07s
[2025-06-28T00:22:49.694+0200][38.491s] Attempting maximal full compaction clearing soft references
[2025-06-28T00:22:49.694+0200][38.491s] GC(735) Pause Full (G1 Compaction Pause)
[2025-06-28T00:22:49.694+0200][38.491s] GC(735) Using 2 workers of 10 for full compaction
[2025-06-28T00:22:49.694+0200][38.491s] GC(735) Phase 1: Mark live objects
[2025-06-28T00:22:49.736+0200][38.532s] GC(735) Phase 1: Mark live objects 41.108ms
[2025-06-28T00:22:49.736+0200][38.532s] GC(735) Phase 2: Prepare compaction
[2025-06-28T00:22:49.743+0200][38.539s] GC(735) Phase 2: Prepare compaction 7.112ms
[2025-06-28T00:22:49.743+0200][38.539s] GC(735) Phase 3: Adjust pointers
[2025-06-28T00:22:49.763+0200][38.559s] GC(735) Phase 3: Adjust pointers 19.776ms
[2025-06-28T00:22:49.763+0200][38.559s] GC(735) Phase 4: Compact heap
[2025-06-28T00:22:49.770+0200][38.566s] GC(735) Phase 4: Compact heap 6.521ms
[2025-06-28T00:22:49.770+0200][38.566s] GC(735) Phase 5: Reset Metadata
[2025-06-28T00:22:49.770+0200][38.567s] GC(735) Phase 5: Reset Metadata 0.832ms
[2025-06-28T00:22:49.776+0200][38.572s] GC(735) Eden regions: 0->0(0)
[2025-06-28T00:22:49.776+0200][38.572s] GC(735) Survivor regions: 0->0(0)
[2025-06-28T00:22:49.776+0200][38.572s] GC(735) Old regions: 22->22
[2025-06-28T00:22:49.776+0200][38.572s] GC(735) Humongous regions: 0->0
[2025-06-28T00:22:49.776+0200][38.572s] GC(735) Metaspace: 69365K(70080K)->69365K(70080K) NonClass: 60122K(60544K)->60122K(60544K) Class: 9242K(9536K)->9242K(9536K)
[2025-06-28T00:22:49.776+0200][38.573s] GC(735) Pause Full (G1 Compaction Pause) 20M->20M(22M) 81.675ms
[2025-06-28T00:22:49.776+0200][38.573s] GC(735) User=0.16s Sys=0.00s Real=0.08s
[2025-06-28T00:22:49.778+0200][38.574s] GC(736) Pause Young (Concurrent Start) (G1 Evacuation Pause)
[2025-06-28T00:22:49.778+0200][38.574s] GC(736) Using 8 workers of 10 for evacuation
[2025-06-28T00:22:49.780+0200][38.577s] GC(736)   Pre Evacuate Collection Set: 0.2ms
[2025-06-28T00:22:49.780+0200][38.577s] GC(736)   Merge Heap Roots: 0.1ms
[2025-06-28T00:22:49.780+0200][38.577s] GC(736)   Evacuate Collection Set: 1.0ms
[2025-06-28T00:22:49.780+0200][38.577s] GC(736)   Post Evacuate Collection Set: 0.6ms
[2025-06-28T00:22:49.780+0200][38.577s] GC(736)   Other: 0.2ms
[2025-06-28T00:22:49.780+0200][38.577s] GC(736) Eden regions: 0->0(0)
[2025-06-28T00:22:49.780+0200][38.577s] GC(736) Survivor regions: 0->0(0)
[2025-06-28T00:22:49.780+0200][38.577s] GC(736) Old regions: 22->22
[2025-06-28T00:22:49.780+0200][38.577s] GC(736) Humongous regions: 0->0
[2025-06-28T00:22:49.780+0200][38.577s] GC(736) Metaspace: 69365K(70080K)->69365K(70080K) NonClass: 60122K(60544K)->60122K(60544K) Class: 9242K(9536K)->9242K(9536K)
[2025-06-28T00:22:49.780+0200][38.577s] GC(736) Pause Young (Concurrent Start) (G1 Evacuation Pause) 20M->20M(22M) 2.655ms
[2025-06-28T00:22:49.780+0200][38.577s] GC(736) User=0.00s Sys=0.00s Real=0.00s
[2025-06-28T00:22:49.780+0200][38.577s] GC(737) Concurrent Mark Cycle
[2025-06-28T00:22:49.780+0200][38.577s] Attempting full compaction
[2025-06-28T00:22:49.780+0200][38.577s] GC(737) Concurrent Scan Root Regions
[2025-06-28T00:22:49.781+0200][38.577s] GC(738) Pause Full (G1 Compaction Pause)
[2025-06-28T00:22:49.781+0200][38.577s] GC(737) Concurrent Scan Root Regions 0.158ms
[2025-06-28T00:22:49.781+0200][38.577s] GC(738) Using 2 workers of 10 for full compaction
[2025-06-28T00:22:49.781+0200][38.577s] GC(737) Concurrent Mark
[2025-06-28T00:22:49.781+0200][38.578s] GC(737) Concurrent Mark From Roots
[2025-06-28T00:22:49.781+0200][38.578s] GC(737) Using 3 workers of 3 for marking
[2025-06-28T00:22:49.781+0200][38.578s] GC(738) Phase 1: Mark live objects
[2025-06-28T00:22:49.824+0200][38.621s] GC(738) Phase 1: Mark live objects 43.203ms
[2025-06-28T00:22:49.824+0200][38.621s] GC(738) Phase 2: Prepare compaction
[2025-06-28T00:22:49.825+0200][38.621s] GC(738) Phase 2: Prepare compaction 0.141ms
[2025-06-28T00:22:49.825+0200][38.621s] GC(738) Phase 3: Adjust pointers
[2025-06-28T00:22:49.842+0200][38.639s] GC(738) Phase 3: Adjust pointers 17.317ms
[2025-06-28T00:22:49.842+0200][38.639s] GC(738) Phase 4: Compact heap
[2025-06-28T00:22:49.843+0200][38.639s] GC(738) Phase 4: Compact heap 0.132ms
[2025-06-28T00:22:49.843+0200][38.639s] GC(738) Phase 5: Reset Metadata
[2025-06-28T00:22:49.848+0200][38.645s] GC(738) Phase 5: Reset Metadata 6.382ms
[2025-06-28T00:22:49.854+0200][38.651s] GC(738) Eden regions: 0->0(0)
[2025-06-28T00:22:49.854+0200][38.651s] GC(738) Survivor regions: 0->0(0)
[2025-06-28T00:22:49.854+0200][38.651s] GC(738) Old regions: 22->22
[2025-06-28T00:22:49.854+0200][38.651s] GC(738) Humongous regions: 0->0
[2025-06-28T00:22:49.854+0200][38.651s] GC(738) Metaspace: 69365K(70080K)->69365K(70080K) NonClass: 60122K(60544K)->60122K(60544K) Class: 9242K(9536K)->9242K(9536K)
[2025-06-28T00:22:49.854+0200][38.651s] GC(738) Pause Full (G1 Compaction Pause) 20M->20M(22M) 73.711ms
[2025-06-28T00:22:49.854+0200][38.651s] GC(738) User=0.11s Sys=0.00s Real=0.07s
[2025-06-28T00:22:49.854+0200][38.651s] Attempting maximal full compaction clearing soft references
[2025-06-28T00:22:49.854+0200][38.651s] GC(739) Pause Full (G1 Compaction Pause)
[2025-06-28T00:22:49.854+0200][38.651s] GC(739) Using 2 workers of 10 for full compaction
[2025-06-28T00:22:49.854+0200][38.651s] GC(739) Phase 1: Mark live objects
[2025-06-28T00:22:49.906+0200][38.702s] GC(739) Phase 1: Mark live objects 51.042ms
[2025-06-28T00:22:49.906+0200][38.703s] GC(739) Phase 2: Prepare compaction
[2025-06-28T00:22:49.914+0200][38.711s] GC(739) Phase 2: Prepare compaction 8.126ms
[2025-06-28T00:22:49.914+0200][38.711s] GC(739) Phase 3: Adjust pointers
[2025-06-28T00:22:49.937+0200][38.734s] GC(739) Phase 3: Adjust pointers 22.716ms
[2025-06-28T00:22:49.937+0200][38.734s] GC(739) Phase 4: Compact heap
[2025-06-28T00:22:49.944+0200][38.741s] GC(739) Phase 4: Compact heap 6.882ms
[2025-06-28T00:22:49.944+0200][38.741s] GC(739) Phase 5: Reset Metadata
[2025-06-28T00:22:49.945+0200][38.742s] GC(739) Phase 5: Reset Metadata 1.016ms
[2025-06-28T00:22:49.952+0200][38.748s] GC(739) Eden regions: 0->0(0)
[2025-06-28T00:22:49.952+0200][38.748s] GC(739) Survivor regions: 0->0(0)
[2025-06-28T00:22:49.952+0200][38.748s] GC(739) Old regions: 22->22
[2025-06-28T00:22:49.952+0200][38.748s] GC(739) Humongous regions: 0->0
[2025-06-28T00:22:49.952+0200][38.748s] GC(739) Metaspace: 69365K(70080K)->69365K(70080K) NonClass: 60122K(60544K)->60122K(60544K) Class: 9242K(9536K)->9242K(9536K)
[2025-06-28T00:22:49.952+0200][38.749s] GC(739) Pause Full (G1 Compaction Pause) 20M->20M(22M) 97.649ms
[2025-06-28T00:22:49.952+0200][38.749s] GC(739) User=0.17s Sys=0.00s Real=0.10s
[2025-06-28T00:22:49.953+0200][38.749s] GC(737) Concurrent Mark From Roots 171.878ms
[2025-06-28T00:22:49.953+0200][38.749s] GC(737) Concurrent Mark Abort
[2025-06-28T00:22:49.953+0200][38.750s] GC(737) Concurrent Mark Cycle 172.500ms
[2025-06-28T00:22:49.953+0200][38.750s] GC(740) Pause Young (Normal) (G1 Evacuation Pause)
[2025-06-28T00:22:49.953+0200][38.750s] GC(740) Using 8 workers of 10 for evacuation
[2025-06-28T00:22:49.955+0200][38.752s] GC(740)   Pre Evacuate Collection Set: 0.2ms
[2025-06-28T00:22:49.955+0200][38.752s] GC(740)   Merge Heap Roots: 0.2ms
[2025-06-28T00:22:49.955+0200][38.752s] GC(740)   Evacuate Collection Set: 0.7ms
[2025-06-28T00:22:49.955+0200][38.752s] GC(740)   Post Evacuate Collection Set: 0.7ms
[2025-06-28T00:22:49.955+0200][38.752s] GC(740)   Other: 0.1ms
[2025-06-28T00:22:49.955+0200][38.752s] GC(740) Eden regions: 0->0(0)
[2025-06-28T00:22:49.955+0200][38.752s] GC(740) Survivor regions: 0->0(0)
[2025-06-28T00:22:49.955+0200][38.752s] GC(740) Old regions: 22->22
[2025-06-28T00:22:49.955+0200][38.752s] GC(740) Humongous regions: 0->0
[2025-06-28T00:22:49.955+0200][38.752s] GC(740) Metaspace: 69365K(70080K)->69365K(70080K) NonClass: 60122K(60544K)->60122K(60544K) Class: 9242K(9536K)->9242K(9536K)
[2025-06-28T00:22:49.956+0200][38.752s] GC(740) Pause Young (Normal) (G1 Evacuation Pause) 20M->20M(22M) 2.375ms
[2025-06-28T00:22:49.956+0200][38.752s] GC(740) User=0.00s Sys=0.00s Real=0.00s
[2025-06-28T00:22:49.956+0200][38.752s] Attempting full compaction
[2025-06-28T00:22:49.956+0200][38.752s] GC(741) Pause Full (G1 Compaction Pause)
[2025-06-28T00:22:49.956+0200][38.752s] GC(741) Using 2 workers of 10 for full compaction
[2025-06-28T00:22:49.956+0200][38.752s] GC(741) Phase 1: Mark live objects
[2025-06-28T00:22:50.001+0200][38.798s] GC(741) Phase 1: Mark live objects 45.776ms
[2025-06-28T00:22:50.001+0200][38.798s] GC(741) Phase 2: Prepare compaction
[2025-06-28T00:22:50.003+0200][38.798s] GC(741) Phase 2: Prepare compaction 0.135ms
[2025-06-28T00:22:50.003+0200][38.798s] GC(741) Phase 3: Adjust pointers
[2025-06-28T00:22:50.020+0200][38.816s] GC(741) Phase 3: Adjust pointers 17.546ms
[2025-06-28T00:22:50.020+0200][38.816s] GC(741) Phase 4: Compact heap
[2025-06-28T00:22:50.020+0200][38.816s] GC(741) Phase 4: Compact heap 0.129ms
[2025-06-28T00:22:50.020+0200][38.816s] GC(741) Phase 5: Reset Metadata
[2025-06-28T00:22:50.027+0200][38.823s] GC(741) Phase 5: Reset Metadata 7.017ms
[2025-06-28T00:22:50.033+0200][38.829s] GC(741) Eden regions: 0->0(0)
[2025-06-28T00:22:50.033+0200][38.829s] GC(741) Survivor regions: 0->0(0)
[2025-06-28T00:22:50.033+0200][38.829s] GC(741) Old regions: 22->22
[2025-06-28T00:22:50.033+0200][38.829s] GC(741) Humongous regions: 0->0
[2025-06-28T00:22:50.033+0200][38.829s] GC(741) Metaspace: 69365K(70080K)->69365K(70080K) NonClass: 60122K(60544K)->60122K(60544K) Class: 9242K(9536K)->9242K(9536K)
[2025-06-28T00:22:50.033+0200][38.829s] GC(741) Pause Full (G1 Compaction Pause) 20M->20M(22M) 76.743ms
[2025-06-28T00:22:50.033+0200][38.829s] GC(741) User=0.16s Sys=0.00s Real=0.08s
[2025-06-28T00:22:50.033+0200][38.829s] Attempting maximal full compaction clearing soft references
[2025-06-28T00:22:50.033+0200][38.829s] GC(742) Pause Full (G1 Compaction Pause)
[2025-06-28T00:22:50.033+0200][38.829s] GC(742) Using 2 workers of 10 for full compaction
[2025-06-28T00:22:50.033+0200][38.829s] GC(742) Phase 1: Mark live objects
[2025-06-28T00:22:50.077+0200][38.873s] GC(742) Phase 1: Mark live objects 44.066ms
[2025-06-28T00:22:50.077+0200][38.873s] GC(742) Phase 2: Prepare compaction
[2025-06-28T00:22:50.084+0200][38.881s] GC(742) Phase 2: Prepare compaction 7.483ms
[2025-06-28T00:22:50.084+0200][38.881s] GC(742) Phase 3: Adjust pointers
[2025-06-28T00:22:50.106+0200][38.903s] GC(742) Phase 3: Adjust pointers 21.528ms
[2025-06-28T00:22:50.106+0200][38.903s] GC(742) Phase 4: Compact heap
[2025-06-28T00:22:50.114+0200][38.910s] GC(742) Phase 4: Compact heap 7.048ms
[2025-06-28T00:22:50.114+0200][38.910s] GC(742) Phase 5: Reset Metadata
[2025-06-28T00:22:50.115+0200][38.911s] GC(742) Phase 5: Reset Metadata 0.834ms
[2025-06-28T00:22:50.121+0200][38.916s] GC(742) Eden regions: 0->0(0)
[2025-06-28T00:22:50.121+0200][38.917s] GC(742) Survivor regions: 0->0(0)
[2025-06-28T00:22:50.121+0200][38.917s] GC(742) Old regions: 22->22
[2025-06-28T00:22:50.121+0200][38.917s] GC(742) Humongous regions: 0->0
[2025-06-28T00:22:50.121+0200][38.917s] GC(742) Metaspace: 69365K(70080K)->69365K(70080K) NonClass: 60122K(60544K)->60122K(60544K) Class: 9242K(9536K)->9242K(9536K)
[2025-06-28T00:22:50.121+0200][38.917s] GC(742) Pause Full (G1 Compaction Pause) 20M->20M(22M) 87.707ms
[2025-06-28T00:22:50.121+0200][38.917s] GC(742) User=0.16s Sys=0.00s Real=0.09s
[2025-06-28T00:22:50.122+0200][38.918s] GC(743) Pause Young (Concurrent Start) (G1 Evacuation Pause)
[2025-06-28T00:22:50.122+0200][38.918s] GC(743) Using 8 workers of 10 for evacuation
[2025-06-28T00:22:50.124+0200][38.921s] GC(743)   Pre Evacuate Collection Set: 0.4ms
[2025-06-28T00:22:50.124+0200][38.921s] GC(743)   Merge Heap Roots: 0.2ms
[2025-06-28T00:22:50.124+0200][38.921s] GC(743)   Evacuate Collection Set: 1.1ms
[2025-06-28T00:22:50.124+0200][38.921s] GC(743)   Post Evacuate Collection Set: 0.8ms
[2025-06-28T00:22:50.124+0200][38.921s] GC(743)   Other: 0.3ms
[2025-06-28T00:22:50.124+0200][38.921s] GC(743) Eden regions: 0->0(0)
[2025-06-28T00:22:50.124+0200][38.921s] GC(743) Survivor regions: 0->0(0)
[2025-06-28T00:22:50.124+0200][38.921s] GC(743) Old regions: 22->22
[2025-06-28T00:22:50.124+0200][38.921s] GC(743) Humongous regions: 0->0
[2025-06-28T00:22:50.124+0200][38.921s] GC(743) Metaspace: 69365K(70080K)->69365K(70080K) NonClass: 60122K(60544K)->60122K(60544K) Class: 9242K(9536K)->9242K(9536K)
[2025-06-28T00:22:50.124+0200][38.921s] GC(743) Pause Young (Concurrent Start) (G1 Evacuation Pause) 20M->20M(22M) 3.339ms
[2025-06-28T00:22:50.124+0200][38.921s] GC(743) User=0.00s Sys=0.00s Real=0.00s
[2025-06-28T00:22:50.124+0200][38.921s] Attempting full compaction
[2025-06-28T00:22:50.125+0200][38.921s] GC(744) Concurrent Mark Cycle
[2025-06-28T00:22:50.125+0200][38.921s] GC(745) Pause Full (G1 Compaction Pause)
[2025-06-28T00:22:50.125+0200][38.921s] GC(744) Concurrent Scan Root Regions
[2025-06-28T00:22:50.125+0200][38.921s] GC(745) Using 2 workers of 10 for full compaction
[2025-06-28T00:22:50.125+0200][38.921s] GC(744) Concurrent Scan Root Regions 0.138ms
[2025-06-28T00:22:50.125+0200][38.922s] GC(744) Concurrent Mark
[2025-06-28T00:22:50.125+0200][38.922s] GC(744) Concurrent Mark From Roots
[2025-06-28T00:22:50.125+0200][38.922s] GC(744) Using 3 workers of 3 for marking
[2025-06-28T00:22:50.125+0200][38.922s] GC(745) Phase 1: Mark live objects
[2025-06-28T00:22:50.173+0200][38.969s] GC(745) Phase 1: Mark live objects 47.165ms
[2025-06-28T00:22:50.173+0200][38.969s] GC(745) Phase 2: Prepare compaction
[2025-06-28T00:22:50.173+0200][38.969s] GC(745) Phase 2: Prepare compaction 0.139ms
[2025-06-28T00:22:50.173+0200][38.969s] GC(745) Phase 3: Adjust pointers
[2025-06-28T00:22:50.191+0200][38.987s] GC(745) Phase 3: Adjust pointers 17.784ms
[2025-06-28T00:22:50.191+0200][38.987s] GC(745) Phase 4: Compact heap
[2025-06-28T00:22:50.191+0200][38.987s] GC(745) Phase 4: Compact heap 0.133ms
[2025-06-28T00:22:50.191+0200][38.987s] GC(745) Phase 5: Reset Metadata
[2025-06-28T00:22:50.198+0200][38.994s] GC(745) Phase 5: Reset Metadata 6.742ms
[2025-06-28T00:22:50.204+0200][39.000s] GC(745) Eden regions: 0->0(0)
[2025-06-28T00:22:50.204+0200][39.000s] GC(745) Survivor regions: 0->0(0)
[2025-06-28T00:22:50.204+0200][39.000s] GC(745) Old regions: 22->22
[2025-06-28T00:22:50.204+0200][39.000s] GC(745) Humongous regions: 0->0
[2025-06-28T00:22:50.204+0200][39.000s] GC(745) Metaspace: 69365K(70080K)->69365K(70080K) NonClass: 60122K(60544K)->60122K(60544K) Class: 9242K(9536K)->9242K(9536K)
[2025-06-28T00:22:50.204+0200][39.000s] GC(745) Pause Full (G1 Compaction Pause) 20M->20M(22M) 78.954ms
[2025-06-28T00:22:50.204+0200][39.000s] GC(745) User=0.14s Sys=0.00s Real=0.08s
[2025-06-28T00:22:50.204+0200][39.000s] Attempting maximal full compaction clearing soft references
[2025-06-28T00:22:50.204+0200][39.000s] GC(746) Pause Full (G1 Compaction Pause)
[2025-06-28T00:22:50.204+0200][39.000s] GC(746) Using 2 workers of 10 for full compaction
[2025-06-28T00:22:50.205+0200][39.001s] GC(746) Phase 1: Mark live objects
[2025-06-28T00:22:50.252+0200][39.048s] GC(746) Phase 1: Mark live objects 47.555ms
[2025-06-28T00:22:50.252+0200][39.048s] GC(746) Phase 2: Prepare compaction
[2025-06-28T00:22:50.260+0200][39.056s] GC(746) Phase 2: Prepare compaction 7.937ms
[2025-06-28T00:22:50.260+0200][39.056s] GC(746) Phase 3: Adjust pointers
[2025-06-28T00:22:50.285+0200][39.081s] GC(746) Phase 3: Adjust pointers 24.540ms
[2025-06-28T00:22:50.285+0200][39.081s] GC(746) Phase 4: Compact heap
[2025-06-28T00:22:50.293+0200][39.090s] GC(746) Phase 4: Compact heap 8.497ms
[2025-06-28T00:22:50.293+0200][39.090s] GC(746) Phase 5: Reset Metadata
[2025-06-28T00:22:50.294+0200][39.090s] GC(746) Phase 5: Reset Metadata 0.666ms
[2025-06-28T00:22:50.300+0200][39.096s] GC(746) Eden regions: 0->0(0)
[2025-06-28T00:22:50.300+0200][39.096s] GC(746) Survivor regions: 0->0(0)
[2025-06-28T00:22:50.300+0200][39.096s] GC(746) Old regions: 22->22
[2025-06-28T00:22:50.300+0200][39.096s] GC(746) Humongous regions: 0->0
[2025-06-28T00:22:50.300+0200][39.096s] GC(746) Metaspace: 69365K(70080K)->69365K(70080K) NonClass: 60122K(60544K)->60122K(60544K) Class: 9242K(9536K)->9242K(9536K)
[2025-06-28T00:22:50.300+0200][39.096s] GC(746) Pause Full (G1 Compaction Pause) 20M->20M(22M) 96.145ms
[2025-06-28T00:22:50.300+0200][39.096s] GC(746) User=0.19s Sys=0.00s Real=0.10s
[2025-06-28T00:22:50.305+0200][39.101s] GC(744) Concurrent Mark From Roots 179.875ms
[2025-06-28T00:22:50.305+0200][39.102s] GC(744) Concurrent Mark Abort
[2025-06-28T00:22:50.305+0200][39.102s] GC(744) Concurrent Mark Cycle 180.458ms
[2025-06-28T00:22:50.306+0200][39.102s] GC(747) Pause Young (Normal) (G1 Evacuation Pause)
[2025-06-28T00:22:50.306+0200][39.102s] GC(747) Using 8 workers of 10 for evacuation
[2025-06-28T00:22:50.307+0200][39.104s] GC(747)   Pre Evacuate Collection Set: 0.2ms
[2025-06-28T00:22:50.307+0200][39.104s] GC(747)   Merge Heap Roots: 0.1ms
[2025-06-28T00:22:50.307+0200][39.104s] GC(747)   Evacuate Collection Set: 0.6ms
[2025-06-28T00:22:50.307+0200][39.104s] GC(747)   Post Evacuate Collection Set: 0.6ms
[2025-06-28T00:22:50.307+0200][39.104s] GC(747)   Other: 0.1ms
[2025-06-28T00:22:50.307+0200][39.104s] GC(747) Eden regions: 0->0(0)
[2025-06-28T00:22:50.307+0200][39.104s] GC(747) Survivor regions: 0->0(0)
[2025-06-28T00:22:50.307+0200][39.104s] GC(747) Old regions: 22->22
[2025-06-28T00:22:50.307+0200][39.104s] GC(747) Humongous regions: 0->0
[2025-06-28T00:22:50.307+0200][39.104s] GC(747) Metaspace: 69365K(70080K)->69365K(70080K) NonClass: 60123K(60544K)->60123K(60544K) Class: 9242K(9536K)->9242K(9536K)
[2025-06-28T00:22:50.307+0200][39.104s] GC(747) Pause Young (Normal) (G1 Evacuation Pause) 20M->20M(22M) 2.066ms
[2025-06-28T00:22:50.307+0200][39.104s] GC(747) User=0.03s Sys=0.00s Real=0.00s
[2025-06-28T00:22:50.307+0200][39.104s] Attempting full compaction
[2025-06-28T00:22:50.309+0200][39.104s] GC(748) Pause Full (G1 Compaction Pause)
[2025-06-28T00:22:50.309+0200][39.104s] GC(748) Using 2 workers of 10 for full compaction
[2025-06-28T00:22:50.309+0200][39.105s] GC(748) Phase 1: Mark live objects
[2025-06-28T00:22:50.354+0200][39.151s] GC(748) Phase 1: Mark live objects 45.925ms
[2025-06-28T00:22:50.354+0200][39.151s] GC(748) Phase 2: Prepare compaction
[2025-06-28T00:22:50.355+0200][39.151s] GC(748) Phase 2: Prepare compaction 0.203ms
[2025-06-28T00:22:50.355+0200][39.151s] GC(748) Phase 3: Adjust pointers
[2025-06-28T00:22:50.372+0200][39.169s] GC(748) Phase 3: Adjust pointers 17.931ms
[2025-06-28T00:22:50.372+0200][39.169s] GC(748) Phase 4: Compact heap
[2025-06-28T00:22:50.373+0200][39.169s] GC(748) Phase 4: Compact heap 0.152ms
[2025-06-28T00:22:50.373+0200][39.169s] GC(748) Phase 5: Reset Metadata
[2025-06-28T00:22:50.380+0200][39.176s] GC(748) Phase 5: Reset Metadata 6.595ms
[2025-06-28T00:22:50.385+0200][39.181s] GC(748) Eden regions: 0->0(0)
[2025-06-28T00:22:50.385+0200][39.181s] GC(748) Survivor regions: 0->0(0)
[2025-06-28T00:22:50.385+0200][39.181s] GC(748) Old regions: 22->22
[2025-06-28T00:22:50.385+0200][39.181s] GC(748) Humongous regions: 0->0
[2025-06-28T00:22:50.385+0200][39.181s] GC(748) Metaspace: 69365K(70080K)->69365K(70080K) NonClass: 60123K(60544K)->60123K(60544K) Class: 9242K(9536K)->9242K(9536K)
[2025-06-28T00:22:50.385+0200][39.181s] GC(748) Pause Full (G1 Compaction Pause) 20M->20M(22M) 77.113ms
[2025-06-28T00:22:50.385+0200][39.182s] GC(748) User=0.11s Sys=0.00s Real=0.08s
[2025-06-28T00:22:50.385+0200][39.182s] Attempting maximal full compaction clearing soft references
[2025-06-28T00:22:50.385+0200][39.182s] GC(749) Pause Full (G1 Compaction Pause)
[2025-06-28T00:22:50.385+0200][39.182s] GC(749) Using 2 workers of 10 for full compaction
[2025-06-28T00:22:50.385+0200][39.182s] GC(749) Phase 1: Mark live objects
[2025-06-28T00:22:50.433+0200][39.229s] GC(749) Phase 1: Mark live objects 47.379ms
[2025-06-28T00:22:50.433+0200][39.229s] GC(749) Phase 2: Prepare compaction
[2025-06-28T00:22:50.445+0200][39.241s] GC(749) Phase 2: Prepare compaction 11.884ms
[2025-06-28T00:22:50.445+0200][39.241s] GC(749) Phase 3: Adjust pointers
[2025-06-28T00:22:50.470+0200][39.267s] GC(749) Phase 3: Adjust pointers 25.433ms
[2025-06-28T00:22:50.470+0200][39.267s] GC(749) Phase 4: Compact heap
[2025-06-28T00:22:50.478+0200][39.274s] GC(749) Phase 4: Compact heap 7.203ms
[2025-06-28T00:22:50.478+0200][39.274s] GC(749) Phase 5: Reset Metadata
[2025-06-28T00:22:50.479+0200][39.275s] GC(749) Phase 5: Reset Metadata 0.925ms
[2025-06-28T00:22:50.485+0200][39.281s] GC(749) Eden regions: 0->0(0)
[2025-06-28T00:22:50.485+0200][39.281s] GC(749) Survivor regions: 0->0(0)
[2025-06-28T00:22:50.485+0200][39.281s] GC(749) Old regions: 22->22
[2025-06-28T00:22:50.485+0200][39.281s] GC(749) Humongous regions: 0->0
[2025-06-28T00:22:50.485+0200][39.281s] GC(749) Metaspace: 69365K(70080K)->69365K(70080K) NonClass: 60123K(60544K)->60123K(60544K) Class: 9242K(9536K)->9242K(9536K)
[2025-06-28T00:22:50.485+0200][39.281s] GC(749) Pause Full (G1 Compaction Pause) 20M->20M(22M) 99.712ms
[2025-06-28T00:22:50.485+0200][39.281s] GC(749) User=0.16s Sys=0.00s Real=0.10s
[2025-06-28T00:22:50.485+0200][39.282s] GC(750) Pause Young (Concurrent Start) (G1 Evacuation Pause)
[2025-06-28T00:22:50.485+0200][39.282s] GC(750) Using 8 workers of 10 for evacuation
[2025-06-28T00:22:50.488+0200][39.285s] GC(750)   Pre Evacuate Collection Set: 0.3ms
[2025-06-28T00:22:50.488+0200][39.285s] GC(750)   Merge Heap Roots: 0.2ms
[2025-06-28T00:22:50.488+0200][39.285s] GC(750)   Evacuate Collection Set: 1.2ms
[2025-06-28T00:22:50.488+0200][39.285s] GC(750)   Post Evacuate Collection Set: 0.7ms
[2025-06-28T00:22:50.488+0200][39.285s] GC(750)   Other: 0.2ms
[2025-06-28T00:22:50.488+0200][39.285s] GC(750) Eden regions: 0->0(0)
[2025-06-28T00:22:50.488+0200][39.285s] GC(750) Survivor regions: 0->0(0)
[2025-06-28T00:22:50.488+0200][39.285s] GC(750) Old regions: 22->22
[2025-06-28T00:22:50.488+0200][39.285s] GC(750) Humongous regions: 0->0
[2025-06-28T00:22:50.488+0200][39.285s] GC(750) Metaspace: 69365K(70080K)->69365K(70080K) NonClass: 60123K(60544K)->60123K(60544K) Class: 9242K(9536K)->9242K(9536K)
[2025-06-28T00:22:50.488+0200][39.285s] GC(750) Pause Young (Concurrent Start) (G1 Evacuation Pause) 20M->20M(22M) 3.168ms
[2025-06-28T00:22:50.489+0200][39.285s] GC(750) User=0.00s Sys=0.00s Real=0.00s
[2025-06-28T00:22:50.489+0200][39.285s] Attempting full compaction
[2025-06-28T00:22:50.489+0200][39.285s] GC(752) Pause Full (G1 Compaction Pause)
[2025-06-28T00:22:50.489+0200][39.285s] GC(751) Concurrent Mark Cycle
[2025-06-28T00:22:50.489+0200][39.285s] GC(752) Using 2 workers of 10 for full compaction
[2025-06-28T00:22:50.489+0200][39.285s] GC(751) Concurrent Scan Root Regions
[2025-06-28T00:22:50.489+0200][39.286s] GC(751) Concurrent Scan Root Regions 0.141ms
[2025-06-28T00:22:50.489+0200][39.286s] GC(751) Concurrent Mark
[2025-06-28T00:22:50.489+0200][39.286s] GC(751) Concurrent Mark From Roots
[2025-06-28T00:22:50.489+0200][39.286s] GC(751) Using 3 workers of 3 for marking
[2025-06-28T00:22:50.489+0200][39.286s] GC(752) Phase 1: Mark live objects
[2025-06-28T00:22:50.535+0200][39.331s] GC(752) Phase 1: Mark live objects 45.270ms
[2025-06-28T00:22:50.535+0200][39.331s] GC(752) Phase 2: Prepare compaction
[2025-06-28T00:22:50.535+0200][39.331s] GC(752) Phase 2: Prepare compaction 0.179ms
[2025-06-28T00:22:50.535+0200][39.331s] GC(752) Phase 3: Adjust pointers
[2025-06-28T00:22:50.552+0200][39.349s] GC(752) Phase 3: Adjust pointers 17.688ms
[2025-06-28T00:22:50.553+0200][39.349s] GC(752) Phase 4: Compact heap
[2025-06-28T00:22:50.553+0200][39.349s] GC(752) Phase 4: Compact heap 0.154ms
[2025-06-28T00:22:50.553+0200][39.349s] GC(752) Phase 5: Reset Metadata
[2025-06-28T00:22:50.560+0200][39.356s] GC(752) Phase 5: Reset Metadata 6.522ms
[2025-06-28T00:22:50.565+0200][39.361s] GC(752) Eden regions: 0->0(0)
[2025-06-28T00:22:50.565+0200][39.362s] GC(752) Survivor regions: 0->0(0)
[2025-06-28T00:22:50.565+0200][39.362s] GC(752) Old regions: 22->22
[2025-06-28T00:22:50.565+0200][39.362s] GC(752) Humongous regions: 0->0
[2025-06-28T00:22:50.565+0200][39.362s] GC(752) Metaspace: 69365K(70080K)->69365K(70080K) NonClass: 60123K(60544K)->60123K(60544K) Class: 9242K(9536K)->9242K(9536K)
[2025-06-28T00:22:50.565+0200][39.362s] GC(752) Pause Full (G1 Compaction Pause) 20M->20M(22M) 76.436ms
[2025-06-28T00:22:50.565+0200][39.362s] GC(752) User=0.14s Sys=0.00s Real=0.08s
[2025-06-28T00:22:50.565+0200][39.362s] Attempting maximal full compaction clearing soft references
[2025-06-28T00:22:50.565+0200][39.362s] GC(753) Pause Full (G1 Compaction Pause)
[2025-06-28T00:22:50.565+0200][39.362s] GC(753) Using 2 workers of 10 for full compaction
[2025-06-28T00:22:50.565+0200][39.362s] GC(753) Phase 1: Mark live objects
[2025-06-28T00:22:50.611+0200][39.407s] GC(753) Phase 1: Mark live objects 45.097ms
[2025-06-28T00:22:50.612+0200][39.407s] GC(753) Phase 2: Prepare compaction
[2025-06-28T00:22:50.619+0200][39.415s] GC(753) Phase 2: Prepare compaction 8.027ms
[2025-06-28T00:22:50.619+0200][39.416s] GC(753) Phase 3: Adjust pointers
[2025-06-28T00:22:50.640+0200][39.437s] GC(753) Phase 3: Adjust pointers 21.113ms
[2025-06-28T00:22:50.641+0200][39.437s] GC(753) Phase 4: Compact heap
[2025-06-28T00:22:50.648+0200][39.444s] GC(753) Phase 4: Compact heap 6.841ms
[2025-06-28T00:22:50.648+0200][39.444s] GC(753) Phase 5: Reset Metadata
[2025-06-28T00:22:50.648+0200][39.444s] GC(753) Phase 5: Reset Metadata 0.551ms
[2025-06-28T00:22:50.654+0200][39.450s] GC(753) Eden regions: 0->0(0)
[2025-06-28T00:22:50.654+0200][39.450s] GC(753) Survivor regions: 0->0(0)
[2025-06-28T00:22:50.654+0200][39.450s] GC(753) Old regions: 22->22
[2025-06-28T00:22:50.654+0200][39.450s] GC(753) Humongous regions: 0->0
[2025-06-28T00:22:50.654+0200][39.450s] GC(753) Metaspace: 69365K(70080K)->69365K(70080K) NonClass: 60123K(60544K)->60123K(60544K) Class: 9242K(9536K)->9242K(9536K)
[2025-06-28T00:22:50.654+0200][39.451s] GC(753) Pause Full (G1 Compaction Pause) 20M->20M(22M) 88.688ms
[2025-06-28T00:22:50.654+0200][39.451s] GC(753) User=0.17s Sys=0.00s Real=0.09s
[2025-06-28T00:22:50.655+0200][39.451s] GC(751) Concurrent Mark From Roots 165.733ms
[2025-06-28T00:22:50.655+0200][39.452s] GC(754) Pause Young (Normal) (G1 Evacuation Pause)
[2025-06-28T00:22:50.656+0200][39.452s] GC(754) Using 8 workers of 10 for evacuation
[2025-06-28T00:22:50.658+0200][39.454s] GC(754)   Pre Evacuate Collection Set: 0.3ms
[2025-06-28T00:22:50.658+0200][39.454s] GC(754)   Merge Heap Roots: 0.2ms
[2025-06-28T00:22:50.658+0200][39.454s] GC(754)   Evacuate Collection Set: 0.6ms
[2025-06-28T00:22:50.658+0200][39.454s] GC(754)   Post Evacuate Collection Set: 0.7ms
[2025-06-28T00:22:50.658+0200][39.454s] GC(754)   Other: 0.1ms
[2025-06-28T00:22:50.658+0200][39.454s] GC(754) Eden regions: 0->0(0)
[2025-06-28T00:22:50.658+0200][39.454s] GC(754) Survivor regions: 0->0(0)
[2025-06-28T00:22:50.658+0200][39.454s] GC(754) Old regions: 22->22
[2025-06-28T00:22:50.658+0200][39.454s] GC(754) Humongous regions: 0->0
[2025-06-28T00:22:50.658+0200][39.454s] GC(754) Metaspace: 69365K(70080K)->69365K(70080K) NonClass: 60123K(60544K)->60123K(60544K) Class: 9242K(9536K)->9242K(9536K)
[2025-06-28T00:22:50.658+0200][39.454s] GC(754) Pause Young (Normal) (G1 Evacuation Pause) 20M->20M(22M) 2.448ms
[2025-06-28T00:22:50.658+0200][39.454s] GC(754) User=0.00s Sys=0.00s Real=0.00s
[2025-06-28T00:22:50.658+0200][39.454s] Attempting full compaction
[2025-06-28T00:22:50.658+0200][39.454s] GC(755) Pause Full (G1 Compaction Pause)
[2025-06-28T00:22:50.658+0200][39.454s] GC(755) Using 2 workers of 10 for full compaction
[2025-06-28T00:22:50.658+0200][39.454s] GC(755) Phase 1: Mark live objects
[2025-06-28T00:22:50.703+0200][39.499s] GC(755) Phase 1: Mark live objects 44.773ms
[2025-06-28T00:22:50.703+0200][39.499s] GC(755) Phase 2: Prepare compaction
[2025-06-28T00:22:50.703+0200][39.500s] GC(755) Phase 2: Prepare compaction 0.123ms
[2025-06-28T00:22:50.704+0200][39.500s] GC(755) Phase 3: Adjust pointers
[2025-06-28T00:22:50.719+0200][39.516s] GC(755) Phase 3: Adjust pointers 16.311ms
[2025-06-28T00:22:50.719+0200][39.516s] GC(755) Phase 4: Compact heap
[2025-06-28T00:22:50.719+0200][39.516s] GC(755) Phase 4: Compact heap 0.116ms
[2025-06-28T00:22:50.719+0200][39.516s] GC(755) Phase 5: Reset Metadata
[2025-06-28T00:22:50.727+0200][39.523s] GC(755) Phase 5: Reset Metadata 6.769ms
[2025-06-28T00:22:50.733+0200][39.529s] GC(755) Eden regions: 0->0(0)
[2025-06-28T00:22:50.733+0200][39.529s] GC(755) Survivor regions: 0->0(0)
[2025-06-28T00:22:50.733+0200][39.529s] GC(755) Old regions: 22->22
[2025-06-28T00:22:50.733+0200][39.529s] GC(755) Humongous regions: 0->0
[2025-06-28T00:22:50.733+0200][39.530s] GC(755) Metaspace: 69365K(70080K)->69365K(70080K) NonClass: 60123K(60544K)->60123K(60544K) Class: 9242K(9536K)->9242K(9536K)
[2025-06-28T00:22:50.734+0200][39.530s] GC(755) Pause Full (G1 Compaction Pause) 20M->20M(22M) 75.419ms
[2025-06-28T00:22:50.734+0200][39.530s] GC(755) User=0.14s Sys=0.00s Real=0.08s
[2025-06-28T00:22:50.734+0200][39.530s] Attempting maximal full compaction clearing soft references
[2025-06-28T00:22:50.734+0200][39.530s] GC(756) Pause Full (G1 Compaction Pause)
[2025-06-28T00:22:50.734+0200][39.530s] GC(756) Using 2 workers of 10 for full compaction
[2025-06-28T00:22:50.734+0200][39.530s] GC(756) Phase 1: Mark live objects
[2025-06-28T00:22:50.782+0200][39.578s] GC(756) Phase 1: Mark live objects 47.620ms
[2025-06-28T00:22:50.782+0200][39.578s] GC(756) Phase 2: Prepare compaction
[2025-06-28T00:22:50.790+0200][39.586s] GC(756) Phase 2: Prepare compaction 8.002ms
[2025-06-28T00:22:50.790+0200][39.586s] GC(756) Phase 3: Adjust pointers
[2025-06-28T00:22:50.811+0200][39.607s] GC(756) Phase 3: Adjust pointers 21.151ms
[2025-06-28T00:22:50.811+0200][39.607s] GC(756) Phase 4: Compact heap
[2025-06-28T00:22:50.818+0200][39.615s] GC(756) Phase 4: Compact heap 7.409ms
[2025-06-28T00:22:50.818+0200][39.615s] GC(756) Phase 5: Reset Metadata
[2025-06-28T00:22:50.819+0200][39.615s] GC(756) Phase 5: Reset Metadata 0.672ms
[2025-06-28T00:22:50.824+0200][39.621s] GC(756) Eden regions: 0->0(0)
[2025-06-28T00:22:50.824+0200][39.621s] GC(756) Survivor regions: 0->0(0)
[2025-06-28T00:22:50.824+0200][39.621s] GC(756) Old regions: 22->22
[2025-06-28T00:22:50.824+0200][39.621s] GC(756) Humongous regions: 0->0
[2025-06-28T00:22:50.825+0200][39.621s] GC(756) Metaspace: 69365K(70080K)->69365K(70080K) NonClass: 60123K(60544K)->60123K(60544K) Class: 9242K(9536K)->9242K(9536K)
[2025-06-28T00:22:50.825+0200][39.621s] GC(756) Pause Full (G1 Compaction Pause) 20M->20M(22M) 91.301ms
[2025-06-28T00:22:50.825+0200][39.621s] GC(756) User=0.17s Sys=0.00s Real=0.09s
[2025-06-28T00:22:50.825+0200][39.622s] GC(751) Concurrent Mark Abort
[2025-06-28T00:22:50.825+0200][39.622s] GC(751) Concurrent Mark Cycle 336.733ms
[2025-06-28T00:22:50.826+0200][39.622s] GC(757) Pause Young (Normal) (G1 Evacuation Pause)
[2025-06-28T00:22:50.826+0200][39.622s] GC(757) Using 8 workers of 10 for evacuation
[2025-06-28T00:22:50.827+0200][39.624s] GC(757)   Pre Evacuate Collection Set: 0.2ms
[2025-06-28T00:22:50.827+0200][39.624s] GC(757)   Merge Heap Roots: 0.1ms
[2025-06-28T00:22:50.827+0200][39.624s] GC(757)   Evacuate Collection Set: 0.5ms
[2025-06-28T00:22:50.827+0200][39.624s] GC(757)   Post Evacuate Collection Set: 0.6ms
[2025-06-28T00:22:50.827+0200][39.624s] GC(757)   Other: 0.1ms
[2025-06-28T00:22:50.827+0200][39.624s] GC(757) Eden regions: 0->0(0)
[2025-06-28T00:22:50.827+0200][39.624s] GC(757) Survivor regions: 0->0(0)
[2025-06-28T00:22:50.827+0200][39.624s] GC(757) Old regions: 22->22
[2025-06-28T00:22:50.827+0200][39.624s] GC(757) Humongous regions: 0->0
[2025-06-28T00:22:50.828+0200][39.624s] GC(757) Metaspace: 69365K(70080K)->69365K(70080K) NonClass: 60123K(60544K)->60123K(60544K) Class: 9242K(9536K)->9242K(9536K)
[2025-06-28T00:22:50.828+0200][39.624s] GC(757) Pause Young (Normal) (G1 Evacuation Pause) 20M->20M(22M) 1.886ms
[2025-06-28T00:22:50.828+0200][39.624s] GC(757) User=0.00s Sys=0.00s Real=0.00s
[2025-06-28T00:22:50.828+0200][39.624s] Attempting full compaction
[2025-06-28T00:22:50.828+0200][39.624s] GC(758) Pause Full (G1 Compaction Pause)
[2025-06-28T00:22:50.828+0200][39.624s] GC(758) Using 2 workers of 10 for full compaction
[2025-06-28T00:22:50.828+0200][39.624s] GC(758) Phase 1: Mark live objects
[2025-06-28T00:22:50.871+0200][39.667s] GC(758) Phase 1: Mark live objects 43.147ms
[2025-06-28T00:22:50.871+0200][39.667s] GC(758) Phase 2: Prepare compaction
[2025-06-28T00:22:50.872+0200][39.668s] GC(758) Phase 2: Prepare compaction 0.099ms
[2025-06-28T00:22:50.872+0200][39.668s] GC(758) Phase 3: Adjust pointers
[2025-06-28T00:22:50.886+0200][39.683s] GC(758) Phase 3: Adjust pointers 14.979ms
[2025-06-28T00:22:50.886+0200][39.683s] GC(758) Phase 4: Compact heap
[2025-06-28T00:22:50.886+0200][39.683s] GC(758) Phase 4: Compact heap 0.132ms
[2025-06-28T00:22:50.886+0200][39.683s] GC(758) Phase 5: Reset Metadata
[2025-06-28T00:22:50.892+0200][39.689s] GC(758) Phase 5: Reset Metadata 5.636ms
[2025-06-28T00:22:50.898+0200][39.694s] GC(758) Eden regions: 0->0(0)
[2025-06-28T00:22:50.898+0200][39.694s] GC(758) Survivor regions: 0->0(0)
[2025-06-28T00:22:50.898+0200][39.694s] GC(758) Old regions: 22->22
[2025-06-28T00:22:50.898+0200][39.694s] GC(758) Humongous regions: 0->0
[2025-06-28T00:22:50.898+0200][39.694s] GC(758) Metaspace: 69365K(70080K)->69365K(70080K) NonClass: 60123K(60544K)->60123K(60544K) Class: 9242K(9536K)->9242K(9536K)
[2025-06-28T00:22:50.898+0200][39.695s] GC(758) Pause Full (G1 Compaction Pause) 20M->20M(22M) 70.437ms
[2025-06-28T00:22:50.898+0200][39.695s] GC(758) User=0.08s Sys=0.00s Real=0.07s
[2025-06-28T00:22:50.898+0200][39.695s] Attempting maximal full compaction clearing soft references
[2025-06-28T00:22:50.898+0200][39.695s] GC(759) Pause Full (G1 Compaction Pause)
[2025-06-28T00:22:50.898+0200][39.695s] GC(759) Using 2 workers of 10 for full compaction
[2025-06-28T00:22:50.898+0200][39.695s] GC(759) Phase 1: Mark live objects
[2025-06-28T00:22:50.941+0200][39.737s] GC(759) Phase 1: Mark live objects 42.466ms
[2025-06-28T00:22:50.941+0200][39.737s] GC(759) Phase 2: Prepare compaction
[2025-06-28T00:22:50.948+0200][39.745s] GC(759) Phase 2: Prepare compaction 7.737ms
[2025-06-28T00:22:50.948+0200][39.745s] GC(759) Phase 3: Adjust pointers
[2025-06-28T00:22:50.968+0200][39.765s] GC(759) Phase 3: Adjust pointers 19.241ms
[2025-06-28T00:22:50.968+0200][39.765s] GC(759) Phase 4: Compact heap
[2025-06-28T00:22:50.973+0200][39.770s] GC(759) Phase 4: Compact heap 5.779ms
[2025-06-28T00:22:50.975+0200][39.771s] GC(759) Phase 5: Reset Metadata
[2025-06-28T00:22:50.975+0200][39.771s] GC(759) Phase 5: Reset Metadata 0.478ms
[2025-06-28T00:22:50.981+0200][39.777s] GC(759) Eden regions: 0->0(0)
[2025-06-28T00:22:50.981+0200][39.777s] GC(759) Survivor regions: 0->0(0)
[2025-06-28T00:22:50.981+0200][39.777s] GC(759) Old regions: 22->22
[2025-06-28T00:22:50.981+0200][39.777s] GC(759) Humongous regions: 0->0
[2025-06-28T00:22:50.981+0200][39.777s] GC(759) Metaspace: 69365K(70080K)->69365K(70080K) NonClass: 60123K(60544K)->60123K(60544K) Class: 9242K(9536K)->9242K(9536K)
[2025-06-28T00:22:50.981+0200][39.777s] GC(759) Pause Full (G1 Compaction Pause) 20M->20M(22M) 82.515ms
[2025-06-28T00:22:50.981+0200][39.777s] GC(759) User=0.16s Sys=0.00s Real=0.08s
[2025-06-28T00:22:50.982+0200][39.778s] GC(760) Pause Young (Concurrent Start) (G1 Evacuation Pause)
[2025-06-28T00:22:50.982+0200][39.778s] GC(760) Using 8 workers of 10 for evacuation
[2025-06-28T00:22:50.984+0200][39.780s] GC(760)   Pre Evacuate Collection Set: 0.3ms
[2025-06-28T00:22:50.984+0200][39.780s] GC(760)   Merge Heap Roots: 0.1ms
[2025-06-28T00:22:50.984+0200][39.780s] GC(760)   Evacuate Collection Set: 1.0ms
[2025-06-28T00:22:50.984+0200][39.780s] GC(760)   Post Evacuate Collection Set: 0.5ms
[2025-06-28T00:22:50.984+0200][39.780s] GC(760)   Other: 0.2ms
[2025-06-28T00:22:50.984+0200][39.780s] GC(760) Eden regions: 0->0(0)
[2025-06-28T00:22:50.984+0200][39.780s] GC(760) Survivor regions: 0->0(0)
[2025-06-28T00:22:50.984+0200][39.780s] GC(760) Old regions: 22->22
[2025-06-28T00:22:50.984+0200][39.780s] GC(760) Humongous regions: 0->0
[2025-06-28T00:22:50.984+0200][39.780s] GC(760) Metaspace: 69365K(70080K)->69365K(70080K) NonClass: 60123K(60544K)->60123K(60544K) Class: 9242K(9536K)->9242K(9536K)
[2025-06-28T00:22:50.984+0200][39.780s] GC(760) Pause Young (Concurrent Start) (G1 Evacuation Pause) 20M->20M(22M) 2.542ms
[2025-06-28T00:22:50.984+0200][39.780s] GC(760) User=0.00s Sys=0.00s Real=0.00s
[2025-06-28T00:22:50.984+0200][39.780s] GC(761) Concurrent Mark Cycle
[2025-06-28T00:22:50.984+0200][39.780s] Attempting full compaction
[2025-06-28T00:22:50.984+0200][39.780s] GC(761) Concurrent Scan Root Regions
[2025-06-28T00:22:50.985+0200][39.781s] GC(762) Pause Full (G1 Compaction Pause)
[2025-06-28T00:22:50.985+0200][39.781s] GC(761) Concurrent Scan Root Regions 0.255ms
[2025-06-28T00:22:50.985+0200][39.781s] GC(762) Using 2 workers of 10 for full compaction
[2025-06-28T00:22:50.985+0200][39.781s] GC(761) Concurrent Mark
[2025-06-28T00:22:50.985+0200][39.781s] GC(761) Concurrent Mark From Roots
[2025-06-28T00:22:50.985+0200][39.781s] GC(761) Using 3 workers of 3 for marking
[2025-06-28T00:22:50.985+0200][39.781s] GC(762) Phase 1: Mark live objects
[2025-06-28T00:22:51.028+0200][39.825s] GC(762) Phase 1: Mark live objects 43.604ms
[2025-06-28T00:22:51.028+0200][39.825s] GC(762) Phase 2: Prepare compaction
[2025-06-28T00:22:51.029+0200][39.825s] GC(762) Phase 2: Prepare compaction 0.144ms
[2025-06-28T00:22:51.029+0200][39.825s] GC(762) Phase 3: Adjust pointers
[2025-06-28T00:22:51.047+0200][39.843s] GC(762) Phase 3: Adjust pointers 17.535ms
[2025-06-28T00:22:51.047+0200][39.843s] GC(762) Phase 4: Compact heap
[2025-06-28T00:22:51.047+0200][39.843s] GC(762) Phase 4: Compact heap 0.118ms
[2025-06-28T00:22:51.047+0200][39.843s] GC(762) Phase 5: Reset Metadata
[2025-06-28T00:22:51.053+0200][39.849s] GC(762) Phase 5: Reset Metadata 5.805ms
[2025-06-28T00:22:51.058+0200][39.854s] GC(762) Eden regions: 0->0(0)
[2025-06-28T00:22:51.058+0200][39.854s] GC(762) Survivor regions: 0->0(0)
[2025-06-28T00:22:51.058+0200][39.854s] GC(762) Old regions: 22->22
[2025-06-28T00:22:51.058+0200][39.854s] GC(762) Humongous regions: 0->0
[2025-06-28T00:22:51.058+0200][39.854s] GC(762) Metaspace: 69365K(70080K)->69365K(70080K) NonClass: 60123K(60544K)->60123K(60544K) Class: 9242K(9536K)->9242K(9536K)
[2025-06-28T00:22:51.058+0200][39.854s] GC(762) Pause Full (G1 Compaction Pause) 20M->20M(22M) 73.487ms
[2025-06-28T00:22:51.058+0200][39.854s] GC(762) User=0.11s Sys=0.00s Real=0.07s
[2025-06-28T00:22:51.058+0200][39.854s] Attempting maximal full compaction clearing soft references
[2025-06-28T00:22:51.058+0200][39.854s] GC(763) Pause Full (G1 Compaction Pause)
[2025-06-28T00:22:51.058+0200][39.854s] GC(763) Using 2 workers of 10 for full compaction
[2025-06-28T00:22:51.059+0200][39.855s] GC(763) Phase 1: Mark live objects
[2025-06-28T00:22:51.103+0200][39.900s] GC(763) Phase 1: Mark live objects 45.301ms
[2025-06-28T00:22:51.103+0200][39.900s] GC(763) Phase 2: Prepare compaction
[2025-06-28T00:22:51.110+0200][39.907s] GC(763) Phase 2: Prepare compaction 7.237ms
[2025-06-28T00:22:51.111+0200][39.907s] GC(763) Phase 3: Adjust pointers
[2025-06-28T00:22:51.135+0200][39.931s] GC(763) Phase 3: Adjust pointers 23.161ms
[2025-06-28T00:22:51.135+0200][39.931s] GC(763) Phase 4: Compact heap
[2025-06-28T00:22:51.142+0200][39.938s] GC(763) Phase 4: Compact heap 7.051ms
[2025-06-28T00:22:51.142+0200][39.938s] GC(763) Phase 5: Reset Metadata
[2025-06-28T00:22:51.143+0200][39.939s] GC(763) Phase 5: Reset Metadata 0.774ms
[2025-06-28T00:22:51.148+0200][39.944s] GC(763) Eden regions: 0->0(0)
[2025-06-28T00:22:51.148+0200][39.944s] GC(763) Survivor regions: 0->0(0)
[2025-06-28T00:22:51.148+0200][39.944s] GC(763) Old regions: 22->22
[2025-06-28T00:22:51.148+0200][39.944s] GC(763) Humongous regions: 0->0
[2025-06-28T00:22:51.148+0200][39.944s] GC(763) Metaspace: 69365K(70080K)->69365K(70080K) NonClass: 60123K(60544K)->60123K(60544K) Class: 9242K(9536K)->9242K(9536K)
[2025-06-28T00:22:51.148+0200][39.944s] GC(763) Pause Full (G1 Compaction Pause) 20M->20M(22M) 89.874ms
[2025-06-28T00:22:51.148+0200][39.944s] GC(763) User=0.17s Sys=0.00s Real=0.09s
[2025-06-28T00:22:51.148+0200][39.944s] GC(761) Concurrent Mark From Roots 163.382ms
[2025-06-28T00:22:51.149+0200][39.944s] GC(761) Concurrent Mark Abort
[2025-06-28T00:22:51.149+0200][39.944s] GC(761) Concurrent Mark Cycle 164.163ms
[2025-06-28T00:22:51.149+0200][39.945s] GC(764) Pause Young (Normal) (G1 Evacuation Pause)
[2025-06-28T00:22:51.149+0200][39.945s] GC(764) Using 8 workers of 10 for evacuation
[2025-06-28T00:22:51.150+0200][39.946s] GC(764)   Pre Evacuate Collection Set: 0.1ms
[2025-06-28T00:22:51.151+0200][39.946s] GC(764)   Merge Heap Roots: 0.1ms
[2025-06-28T00:22:51.151+0200][39.946s] GC(764)   Evacuate Collection Set: 0.7ms
[2025-06-28T00:22:51.151+0200][39.946s] GC(764)   Post Evacuate Collection Set: 0.5ms
[2025-06-28T00:22:51.151+0200][39.947s] GC(764)   Other: 0.1ms
[2025-06-28T00:22:51.151+0200][39.947s] GC(764) Eden regions: 0->0(0)
[2025-06-28T00:22:51.151+0200][39.947s] GC(764) Survivor regions: 0->0(0)
[2025-06-28T00:22:51.151+0200][39.947s] GC(764) Old regions: 22->22
[2025-06-28T00:22:51.151+0200][39.947s] GC(764) Humongous regions: 0->0
[2025-06-28T00:22:51.151+0200][39.947s] GC(764) Metaspace: 69365K(70080K)->69365K(70080K) NonClass: 60123K(60544K)->60123K(60544K) Class: 9242K(9536K)->9242K(9536K)
[2025-06-28T00:22:51.151+0200][39.947s] GC(764) Pause Young (Normal) (G1 Evacuation Pause) 20M->20M(22M) 2.021ms
[2025-06-28T00:22:51.151+0200][39.947s] GC(764) User=0.00s Sys=0.00s Real=0.00s
[2025-06-28T00:22:51.151+0200][39.947s] Attempting full compaction
[2025-06-28T00:22:51.151+0200][39.947s] GC(765) Pause Full (G1 Compaction Pause)
[2025-06-28T00:22:51.151+0200][39.947s] GC(765) Using 2 workers of 10 for full compaction
[2025-06-28T00:22:51.151+0200][39.947s] GC(765) Phase 1: Mark live objects
[2025-06-28T00:22:51.201+0200][39.996s] GC(765) Phase 1: Mark live objects 49.388ms
[2025-06-28T00:22:51.201+0200][39.997s] GC(765) Phase 2: Prepare compaction
[2025-06-28T00:22:51.201+0200][39.997s] GC(765) Phase 2: Prepare compaction 0.171ms
[2025-06-28T00:22:51.201+0200][39.997s] GC(765) Phase 3: Adjust pointers
[2025-06-28T00:22:51.218+0200][40.014s] GC(765) Phase 3: Adjust pointers 17.258ms
[2025-06-28T00:22:51.218+0200][40.014s] GC(765) Phase 4: Compact heap
[2025-06-28T00:22:51.218+0200][40.014s] GC(765) Phase 4: Compact heap 0.129ms
[2025-06-28T00:22:51.218+0200][40.014s] GC(765) Phase 5: Reset Metadata
[2025-06-28T00:22:51.225+0200][40.021s] GC(765) Phase 5: Reset Metadata 6.385ms
[2025-06-28T00:22:51.230+0200][40.026s] GC(765) Eden regions: 0->0(0)
[2025-06-28T00:22:51.230+0200][40.026s] GC(765) Survivor regions: 0->0(0)
[2025-06-28T00:22:51.230+0200][40.026s] GC(765) Old regions: 22->22
[2025-06-28T00:22:51.230+0200][40.026s] GC(765) Humongous regions: 0->0
[2025-06-28T00:22:51.230+0200][40.026s] GC(765) Metaspace: 69365K(70080K)->69365K(70080K) NonClass: 60123K(60544K)->60123K(60544K) Class: 9242K(9536K)->9242K(9536K)
[2025-06-28T00:22:51.230+0200][40.026s] GC(765) Pause Full (G1 Compaction Pause) 20M->20M(22M) 79.500ms
[2025-06-28T00:22:51.230+0200][40.026s] GC(765) User=0.17s Sys=0.00s Real=0.08s
[2025-06-28T00:22:51.230+0200][40.026s] Attempting maximal full compaction clearing soft references
[2025-06-28T00:22:51.230+0200][40.026s] GC(766) Pause Full (G1 Compaction Pause)
[2025-06-28T00:22:51.230+0200][40.027s] GC(766) Using 2 workers of 10 for full compaction
[2025-06-28T00:22:51.231+0200][40.027s] GC(766) Phase 1: Mark live objects
[2025-06-28T00:22:51.276+0200][40.073s] GC(766) Phase 1: Mark live objects 46.409ms
[2025-06-28T00:22:51.277+0200][40.073s] GC(766) Phase 2: Prepare compaction
[2025-06-28T00:22:51.283+0200][40.080s] GC(766) Phase 2: Prepare compaction 6.587ms
[2025-06-28T00:22:51.283+0200][40.080s] GC(766) Phase 3: Adjust pointers
[2025-06-28T00:22:51.304+0200][40.100s] GC(766) Phase 3: Adjust pointers 20.217ms
[2025-06-28T00:22:51.304+0200][40.100s] GC(766) Phase 4: Compact heap
[2025-06-28T00:22:51.311+0200][40.107s] GC(766) Phase 4: Compact heap 6.380ms
[2025-06-28T00:22:51.311+0200][40.107s] GC(766) Phase 5: Reset Metadata
[2025-06-28T00:22:51.311+0200][40.107s] GC(766) Phase 5: Reset Metadata 0.504ms
[2025-06-28T00:22:51.316+0200][40.112s] GC(766) Eden regions: 0->0(0)
[2025-06-28T00:22:51.316+0200][40.112s] GC(766) Survivor regions: 0->0(0)
[2025-06-28T00:22:51.316+0200][40.112s] GC(766) Old regions: 22->22
[2025-06-28T00:22:51.316+0200][40.112s] GC(766) Humongous regions: 0->0
[2025-06-28T00:22:51.316+0200][40.112s] GC(766) Metaspace: 69365K(70080K)->69365K(70080K) NonClass: 60123K(60544K)->60123K(60544K) Class: 9242K(9536K)->9242K(9536K)
[2025-06-28T00:22:51.316+0200][40.112s] GC(766) Pause Full (G1 Compaction Pause) 20M->20M(22M) 85.983ms
[2025-06-28T00:22:51.316+0200][40.113s] GC(766) User=0.16s Sys=0.00s Real=0.09s
[2025-06-28T00:22:51.317+0200][40.113s] GC(767) Pause Young (Concurrent Start) (G1 Evacuation Pause)
[2025-06-28T00:22:51.317+0200][40.113s] GC(767) Using 8 workers of 10 for evacuation
[2025-06-28T00:22:51.319+0200][40.116s] GC(767)   Pre Evacuate Collection Set: 0.3ms
[2025-06-28T00:22:51.320+0200][40.116s] GC(767)   Merge Heap Roots: 0.2ms
[2025-06-28T00:22:51.320+0200][40.116s] GC(767)   Evacuate Collection Set: 1.1ms
[2025-06-28T00:22:51.320+0200][40.116s] GC(767)   Post Evacuate Collection Set: 0.6ms
[2025-06-28T00:22:51.320+0200][40.116s] GC(767)   Other: 0.2ms
[2025-06-28T00:22:51.320+0200][40.116s] GC(767) Eden regions: 0->0(0)
[2025-06-28T00:22:51.320+0200][40.116s] GC(767) Survivor regions: 0->0(0)
[2025-06-28T00:22:51.320+0200][40.116s] GC(767) Old regions: 22->22
[2025-06-28T00:22:51.320+0200][40.116s] GC(767) Humongous regions: 0->0
[2025-06-28T00:22:51.320+0200][40.116s] GC(767) Metaspace: 69365K(70080K)->69365K(70080K) NonClass: 60123K(60544K)->60123K(60544K) Class: 9242K(9536K)->9242K(9536K)
[2025-06-28T00:22:51.320+0200][40.116s] GC(767) Pause Young (Concurrent Start) (G1 Evacuation Pause) 20M->20M(22M) 2.780ms
[2025-06-28T00:22:51.320+0200][40.116s] GC(768) Concurrent Mark Cycle
[2025-06-28T00:22:51.320+0200][40.116s] GC(767) User=0.00s Sys=0.00s Real=0.00s
[2025-06-28T00:22:51.320+0200][40.116s] GC(768) Concurrent Scan Root Regions
[2025-06-28T00:22:51.320+0200][40.116s] Attempting full compaction
[2025-06-28T00:22:51.320+0200][40.116s] GC(768) Concurrent Scan Root Regions 0.104ms
[2025-06-28T00:22:51.320+0200][40.116s] GC(769) Pause Full (G1 Compaction Pause)
[2025-06-28T00:22:51.320+0200][40.116s] GC(768) Concurrent Mark
[2025-06-28T00:22:51.320+0200][40.116s] GC(769) Using 2 workers of 10 for full compaction
[2025-06-28T00:22:51.320+0200][40.116s] GC(768) Concurrent Mark From Roots
[2025-06-28T00:22:51.320+0200][40.116s] GC(768) Using 3 workers of 3 for marking
[2025-06-28T00:22:51.321+0200][40.117s] GC(769) Phase 1: Mark live objects
[2025-06-28T00:22:51.363+0200][40.160s] GC(769) Phase 1: Mark live objects 43.285ms
[2025-06-28T00:22:51.363+0200][40.160s] GC(769) Phase 2: Prepare compaction
[2025-06-28T00:22:51.363+0200][40.160s] GC(769) Phase 2: Prepare compaction 0.150ms
[2025-06-28T00:22:51.363+0200][40.160s] GC(769) Phase 3: Adjust pointers
[2025-06-28T00:22:51.379+0200][40.175s] GC(769) Phase 3: Adjust pointers 14.855ms
[2025-06-28T00:22:51.379+0200][40.175s] GC(769) Phase 4: Compact heap
[2025-06-28T00:22:51.379+0200][40.175s] GC(769) Phase 4: Compact heap 0.147ms
[2025-06-28T00:22:51.379+0200][40.175s] GC(769) Phase 5: Reset Metadata
[2025-06-28T00:22:51.385+0200][40.181s] GC(769) Phase 5: Reset Metadata 5.832ms
[2025-06-28T00:22:51.390+0200][40.186s] GC(769) Eden regions: 0->0(0)
[2025-06-28T00:22:51.390+0200][40.186s] GC(769) Survivor regions: 0->0(0)
[2025-06-28T00:22:51.390+0200][40.187s] GC(769) Old regions: 22->22
[2025-06-28T00:22:51.391+0200][40.187s] GC(769) Humongous regions: 0->0
[2025-06-28T00:22:51.391+0200][40.187s] GC(769) Metaspace: 69365K(70080K)->69365K(70080K) NonClass: 60123K(60544K)->60123K(60544K) Class: 9242K(9536K)->9242K(9536K)
[2025-06-28T00:22:51.391+0200][40.187s] GC(769) Pause Full (G1 Compaction Pause) 20M->20M(22M) 70.478ms
[2025-06-28T00:22:51.391+0200][40.187s] GC(769) User=0.14s Sys=0.00s Real=0.07s
[2025-06-28T00:22:51.391+0200][40.187s] Attempting maximal full compaction clearing soft references
[2025-06-28T00:22:51.391+0200][40.187s] GC(770) Pause Full (G1 Compaction Pause)
[2025-06-28T00:22:51.391+0200][40.187s] GC(770) Using 2 workers of 10 for full compaction
[2025-06-28T00:22:51.391+0200][40.187s] GC(770) Phase 1: Mark live objects
[2025-06-28T00:22:51.432+0200][40.229s] GC(770) Phase 1: Mark live objects 41.530ms
[2025-06-28T00:22:51.432+0200][40.229s] GC(770) Phase 2: Prepare compaction
[2025-06-28T00:22:51.439+0200][40.235s] GC(770) Phase 2: Prepare compaction 6.572ms
[2025-06-28T00:22:51.439+0200][40.235s] GC(770) Phase 3: Adjust pointers
[2025-06-28T00:22:51.462+0200][40.258s] GC(770) Phase 3: Adjust pointers 22.988ms
[2025-06-28T00:22:51.462+0200][40.259s] GC(770) Phase 4: Compact heap
[2025-06-28T00:22:51.472+0200][40.268s] GC(770) Phase 4: Compact heap 9.932ms
[2025-06-28T00:22:51.472+0200][40.269s] GC(770) Phase 5: Reset Metadata
[2025-06-28T00:22:51.473+0200][40.269s] GC(770) Phase 5: Reset Metadata 0.755ms
[2025-06-28T00:22:51.479+0200][40.276s] GC(770) Eden regions: 0->0(0)
[2025-06-28T00:22:51.479+0200][40.276s] GC(770) Survivor regions: 0->0(0)
[2025-06-28T00:22:51.479+0200][40.276s] GC(770) Old regions: 22->22
[2025-06-28T00:22:51.479+0200][40.276s] GC(770) Humongous regions: 0->0
[2025-06-28T00:22:51.479+0200][40.276s] GC(770) Metaspace: 69365K(70080K)->69365K(70080K) NonClass: 60123K(60544K)->60123K(60544K) Class: 9242K(9536K)->9242K(9536K)
[2025-06-28T00:22:51.479+0200][40.276s] GC(770) Pause Full (G1 Compaction Pause) 20M->20M(22M) 89.064ms
[2025-06-28T00:22:51.480+0200][40.276s] GC(770) User=0.16s Sys=0.00s Real=0.09s
[2025-06-28T00:22:51.480+0200][40.276s] GC(768) Concurrent Mark From Roots 160.040ms
[2025-06-28T00:22:51.480+0200][40.277s] GC(768) Concurrent Mark Abort
[2025-06-28T00:22:51.480+0200][40.277s] GC(768) Concurrent Mark Cycle 160.601ms
[2025-06-28T00:22:51.480+0200][40.277s] GC(771) Pause Young (Normal) (G1 Evacuation Pause)
[2025-06-28T00:22:51.480+0200][40.277s] GC(771) Using 8 workers of 10 for evacuation
[2025-06-28T00:22:51.482+0200][40.279s] GC(771)   Pre Evacuate Collection Set: 0.2ms
[2025-06-28T00:22:51.482+0200][40.279s] GC(771)   Merge Heap Roots: 0.2ms
[2025-06-28T00:22:51.482+0200][40.279s] GC(771)   Evacuate Collection Set: 0.6ms
[2025-06-28T00:22:51.482+0200][40.279s] GC(771)   Post Evacuate Collection Set: 0.6ms
[2025-06-28T00:22:51.483+0200][40.279s] GC(771)   Other: 0.1ms
[2025-06-28T00:22:51.483+0200][40.279s] GC(771) Eden regions: 0->0(0)
[2025-06-28T00:22:51.483+0200][40.279s] GC(771) Survivor regions: 0->0(0)
[2025-06-28T00:22:51.483+0200][40.279s] GC(771) Old regions: 22->22
[2025-06-28T00:22:51.483+0200][40.279s] GC(771) Humongous regions: 0->0
[2025-06-28T00:22:51.483+0200][40.279s] GC(771) Metaspace: 69365K(70080K)->69365K(70080K) NonClass: 60123K(60544K)->60123K(60544K) Class: 9242K(9536K)->9242K(9536K)
[2025-06-28T00:22:51.483+0200][40.279s] GC(771) Pause Young (Normal) (G1 Evacuation Pause) 20M->20M(22M) 2.292ms
[2025-06-28T00:22:51.483+0200][40.279s] GC(771) User=0.00s Sys=0.00s Real=0.00s
[2025-06-28T00:22:51.483+0200][40.279s] Attempting full compaction
[2025-06-28T00:22:51.483+0200][40.279s] GC(772) Pause Full (G1 Compaction Pause)
[2025-06-28T00:22:51.483+0200][40.279s] GC(772) Using 2 workers of 10 for full compaction
[2025-06-28T00:22:51.483+0200][40.279s] GC(772) Phase 1: Mark live objects
[2025-06-28T00:22:51.528+0200][40.324s] GC(772) Phase 1: Mark live objects 44.820ms
[2025-06-28T00:22:51.528+0200][40.324s] GC(772) Phase 2: Prepare compaction
[2025-06-28T00:22:51.528+0200][40.324s] GC(772) Phase 2: Prepare compaction 0.118ms
[2025-06-28T00:22:51.528+0200][40.324s] GC(772) Phase 3: Adjust pointers
[2025-06-28T00:22:51.546+0200][40.343s] GC(772) Phase 3: Adjust pointers 18.288ms
[2025-06-28T00:22:51.546+0200][40.343s] GC(772) Phase 4: Compact heap
[2025-06-28T00:22:51.547+0200][40.343s] GC(772) Phase 4: Compact heap 0.129ms
[2025-06-28T00:22:51.547+0200][40.343s] GC(772) Phase 5: Reset Metadata
[2025-06-28T00:22:51.555+0200][40.351s] GC(772) Phase 5: Reset Metadata 8.362ms
[2025-06-28T00:22:51.561+0200][40.357s] GC(772) Eden regions: 0->0(0)
[2025-06-28T00:22:51.561+0200][40.357s] GC(772) Survivor regions: 0->0(0)
[2025-06-28T00:22:51.561+0200][40.357s] GC(772) Old regions: 22->22
[2025-06-28T00:22:51.561+0200][40.357s] GC(772) Humongous regions: 0->0
[2025-06-28T00:22:51.561+0200][40.357s] GC(772) Metaspace: 69365K(70080K)->69365K(70080K) NonClass: 60123K(60544K)->60123K(60544K) Class: 9242K(9536K)->9242K(9536K)
[2025-06-28T00:22:51.561+0200][40.357s] GC(772) Pause Full (G1 Compaction Pause) 20M->20M(22M) 78.378ms
[2025-06-28T00:22:51.561+0200][40.358s] GC(772) User=0.11s Sys=0.00s Real=0.08s
[2025-06-28T00:22:51.561+0200][40.358s] Attempting maximal full compaction clearing soft references
[2025-06-28T00:22:51.561+0200][40.358s] GC(773) Pause Full (G1 Compaction Pause)
[2025-06-28T00:22:51.561+0200][40.358s] GC(773) Using 2 workers of 10 for full compaction
[2025-06-28T00:22:51.561+0200][40.358s] GC(773) Phase 1: Mark live objects
[2025-06-28T00:22:51.606+0200][40.402s] GC(773) Phase 1: Mark live objects 44.444ms
[2025-06-28T00:22:51.606+0200][40.402s] GC(773) Phase 2: Prepare compaction
[2025-06-28T00:22:51.612+0200][40.409s] GC(773) Phase 2: Prepare compaction 6.210ms
[2025-06-28T00:22:51.612+0200][40.409s] GC(773) Phase 3: Adjust pointers
[2025-06-28T00:22:51.633+0200][40.429s] GC(773) Phase 3: Adjust pointers 20.023ms
[2025-06-28T00:22:51.633+0200][40.429s] GC(773) Phase 4: Compact heap
[2025-06-28T00:22:51.641+0200][40.437s] GC(773) Phase 4: Compact heap 8.123ms
[2025-06-28T00:22:51.641+0200][40.437s] GC(773) Phase 5: Reset Metadata
[2025-06-28T00:22:51.642+0200][40.438s] GC(773) Phase 5: Reset Metadata 0.842ms
[2025-06-28T00:22:51.651+0200][40.447s] GC(773) Eden regions: 0->0(0)
[2025-06-28T00:22:51.652+0200][40.448s] GC(773) Survivor regions: 0->0(0)
[2025-06-28T00:22:51.652+0200][40.448s] GC(773) Old regions: 22->22
[2025-06-28T00:22:51.652+0200][40.448s] GC(773) Humongous regions: 0->0
[2025-06-28T00:22:51.652+0200][40.448s] GC(773) Metaspace: 69365K(70080K)->69365K(70080K) NonClass: 60123K(60544K)->60123K(60544K) Class: 9242K(9536K)->9242K(9536K)
[2025-06-28T00:22:51.652+0200][40.448s] GC(773) Pause Full (G1 Compaction Pause) 20M->20M(22M) 90.308ms
[2025-06-28T00:22:51.652+0200][40.448s] GC(773) User=0.14s Sys=0.00s Real=0.09s
[2025-06-28T00:22:51.653+0200][40.449s] GC(774) Pause Young (Concurrent Start) (G1 Evacuation Pause)
[2025-06-28T00:22:51.653+0200][40.449s] GC(774) Using 8 workers of 10 for evacuation
[2025-06-28T00:22:51.657+0200][40.453s] GC(774)   Pre Evacuate Collection Set: 0.3ms
[2025-06-28T00:22:51.658+0200][40.453s] GC(774)   Merge Heap Roots: 0.2ms
[2025-06-28T00:22:51.658+0200][40.453s] GC(774)   Evacuate Collection Set: 2.0ms
[2025-06-28T00:22:51.658+0200][40.454s] GC(774)   Post Evacuate Collection Set: 1.0ms
[2025-06-28T00:22:51.658+0200][40.454s] GC(774)   Other: 0.4ms
[2025-06-28T00:22:51.658+0200][40.454s] GC(774) Eden regions: 0->0(0)
[2025-06-28T00:22:51.658+0200][40.454s] GC(774) Survivor regions: 0->0(0)
[2025-06-28T00:22:51.658+0200][40.454s] GC(774) Old regions: 22->22
[2025-06-28T00:22:51.658+0200][40.454s] GC(774) Humongous regions: 0->0
[2025-06-28T00:22:51.658+0200][40.454s] GC(774) Metaspace: 69365K(70080K)->69365K(70080K) NonClass: 60123K(60544K)->60123K(60544K) Class: 9242K(9536K)->9242K(9536K)
[2025-06-28T00:22:51.658+0200][40.454s] GC(774) Pause Young (Concurrent Start) (G1 Evacuation Pause) 20M->20M(22M) 4.951ms
[2025-06-28T00:22:51.658+0200][40.454s] GC(775) Concurrent Mark Cycle
[2025-06-28T00:22:51.658+0200][40.454s] GC(774) User=0.00s Sys=0.00s Real=0.00s
[2025-06-28T00:22:51.658+0200][40.454s] GC(775) Concurrent Scan Root Regions
[2025-06-28T00:22:51.659+0200][40.454s] Attempting full compaction
[2025-06-28T00:22:51.659+0200][40.455s] GC(775) Concurrent Scan Root Regions 0.322ms
[2025-06-28T00:22:51.659+0200][40.455s] GC(776) Pause Full (G1 Compaction Pause)
[2025-06-28T00:22:51.659+0200][40.455s] GC(775) Concurrent Mark
[2025-06-28T00:22:51.659+0200][40.455s] GC(776) Using 2 workers of 10 for full compaction
[2025-06-28T00:22:51.659+0200][40.455s] GC(775) Concurrent Mark From Roots
[2025-06-28T00:22:51.659+0200][40.455s] GC(775) Using 3 workers of 3 for marking
[2025-06-28T00:22:51.660+0200][40.455s] GC(776) Phase 1: Mark live objects
[2025-06-28T00:22:51.707+0200][40.503s] GC(776) Phase 1: Mark live objects 47.676ms
[2025-06-28T00:22:51.707+0200][40.503s] GC(776) Phase 2: Prepare compaction
[2025-06-28T00:22:51.707+0200][40.503s] GC(776) Phase 2: Prepare compaction 0.127ms
[2025-06-28T00:22:51.707+0200][40.503s] GC(776) Phase 3: Adjust pointers
[2025-06-28T00:22:51.725+0200][40.522s] GC(776) Phase 3: Adjust pointers 18.181ms
[2025-06-28T00:22:51.725+0200][40.522s] GC(776) Phase 4: Compact heap
[2025-06-28T00:22:51.725+0200][40.522s] GC(776) Phase 4: Compact heap 0.146ms
[2025-06-28T00:22:51.725+0200][40.522s] GC(776) Phase 5: Reset Metadata
[2025-06-28T00:22:51.732+0200][40.528s] GC(776) Phase 5: Reset Metadata 6.465ms
[2025-06-28T00:22:51.739+0200][40.535s] GC(776) Eden regions: 0->0(0)
[2025-06-28T00:22:51.739+0200][40.535s] GC(776) Survivor regions: 0->0(0)
[2025-06-28T00:22:51.739+0200][40.535s] GC(776) Old regions: 22->22
[2025-06-28T00:22:51.739+0200][40.535s] GC(776) Humongous regions: 0->0
[2025-06-28T00:22:51.739+0200][40.535s] GC(776) Metaspace: 69365K(70080K)->69365K(70080K) NonClass: 60123K(60544K)->60123K(60544K) Class: 9242K(9536K)->9242K(9536K)
[2025-06-28T00:22:51.739+0200][40.535s] GC(776) Pause Full (G1 Compaction Pause) 20M->20M(22M) 80.202ms
[2025-06-28T00:22:51.739+0200][40.535s] GC(776) User=0.16s Sys=0.00s Real=0.08s
[2025-06-28T00:22:51.739+0200][40.535s] Attempting maximal full compaction clearing soft references
[2025-06-28T00:22:51.739+0200][40.535s] GC(777) Pause Full (G1 Compaction Pause)
[2025-06-28T00:22:51.739+0200][40.535s] GC(777) Using 2 workers of 10 for full compaction
[2025-06-28T00:22:51.739+0200][40.535s] GC(777) Phase 1: Mark live objects
[2025-06-28T00:22:51.785+0200][40.581s] GC(777) Phase 1: Mark live objects 45.306ms
[2025-06-28T00:22:51.785+0200][40.581s] GC(777) Phase 2: Prepare compaction
[2025-06-28T00:22:51.793+0200][40.589s] GC(777) Phase 2: Prepare compaction 7.891ms
[2025-06-28T00:22:51.793+0200][40.589s] GC(777) Phase 3: Adjust pointers
[2025-06-28T00:22:51.815+0200][40.612s] GC(777) Phase 3: Adjust pointers 23.003ms
[2025-06-28T00:22:51.815+0200][40.612s] GC(777) Phase 4: Compact heap
[2025-06-28T00:22:51.823+0200][40.619s] GC(777) Phase 4: Compact heap 7.309ms
[2025-06-28T00:22:51.823+0200][40.619s] GC(777) Phase 5: Reset Metadata
[2025-06-28T00:22:51.824+0200][40.620s] GC(777) Phase 5: Reset Metadata 0.832ms
[2025-06-28T00:22:51.830+0200][40.626s] GC(777) Eden regions: 0->0(0)
[2025-06-28T00:22:51.830+0200][40.626s] GC(777) Survivor regions: 0->0(0)
[2025-06-28T00:22:51.830+0200][40.626s] GC(777) Old regions: 22->22
[2025-06-28T00:22:51.830+0200][40.626s] GC(777) Humongous regions: 0->0
[2025-06-28T00:22:51.830+0200][40.626s] GC(777) Metaspace: 69365K(70080K)->69365K(70080K) NonClass: 60123K(60544K)->60123K(60544K) Class: 9242K(9536K)->9242K(9536K)
[2025-06-28T00:22:51.830+0200][40.626s] GC(777) Pause Full (G1 Compaction Pause) 20M->20M(22M) 91.438ms
[2025-06-28T00:22:51.830+0200][40.627s] GC(777) User=0.17s Sys=0.00s Real=0.09s
[2025-06-28T00:22:51.830+0200][40.627s] GC(775) Concurrent Mark From Roots 171.854ms
[2025-06-28T00:22:51.830+0200][40.627s] GC(775) Concurrent Mark Abort
[2025-06-28T00:22:51.830+0200][40.627s] GC(775) Concurrent Mark Cycle 172.766ms
[2025-06-28T00:22:51.831+0200][40.627s] GC(778) Pause Young (Normal) (G1 Evacuation Pause)
[2025-06-28T00:22:51.831+0200][40.627s] GC(778) Using 8 workers of 10 for evacuation
[2025-06-28T00:22:51.833+0200][40.629s] GC(778)   Pre Evacuate Collection Set: 0.4ms
[2025-06-28T00:22:51.833+0200][40.629s] GC(778)   Merge Heap Roots: 0.2ms
[2025-06-28T00:22:51.833+0200][40.629s] GC(778)   Evacuate Collection Set: 0.6ms
[2025-06-28T00:22:51.833+0200][40.629s] GC(778)   Post Evacuate Collection Set: 0.8ms
[2025-06-28T00:22:51.833+0200][40.629s] GC(778)   Other: 0.1ms
[2025-06-28T00:22:51.833+0200][40.629s] GC(778) Eden regions: 0->0(0)
[2025-06-28T00:22:51.833+0200][40.630s] GC(778) Survivor regions: 0->0(0)
[2025-06-28T00:22:51.833+0200][40.630s] GC(778) Old regions: 22->22
[2025-06-28T00:22:51.833+0200][40.630s] GC(778) Humongous regions: 0->0
[2025-06-28T00:22:51.833+0200][40.630s] GC(778) Metaspace: 69365K(70080K)->69365K(70080K) NonClass: 60123K(60544K)->60123K(60544K) Class: 9242K(9536K)->9242K(9536K)
[2025-06-28T00:22:51.833+0200][40.630s] GC(778) Pause Young (Normal) (G1 Evacuation Pause) 20M->20M(22M) 2.619ms
[2025-06-28T00:22:51.833+0200][40.630s] GC(778) User=0.00s Sys=0.00s Real=0.00s
[2025-06-28T00:22:51.833+0200][40.630s] Attempting full compaction
[2025-06-28T00:22:51.833+0200][40.630s] GC(779) Pause Full (G1 Compaction Pause)
[2025-06-28T00:22:51.833+0200][40.630s] GC(779) Using 2 workers of 10 for full compaction
[2025-06-28T00:22:51.833+0200][40.630s] GC(779) Phase 1: Mark live objects
[2025-06-28T00:22:51.882+0200][40.678s] GC(779) Phase 1: Mark live objects 48.343ms
[2025-06-28T00:22:51.882+0200][40.679s] GC(779) Phase 2: Prepare compaction
[2025-06-28T00:22:51.882+0200][40.679s] GC(779) Phase 2: Prepare compaction 0.116ms
[2025-06-28T00:22:51.882+0200][40.679s] GC(779) Phase 3: Adjust pointers
[2025-06-28T00:22:51.900+0200][40.697s] GC(779) Phase 3: Adjust pointers 18.121ms
[2025-06-28T00:22:51.900+0200][40.697s] GC(779) Phase 4: Compact heap
[2025-06-28T00:22:51.901+0200][40.697s] GC(779) Phase 4: Compact heap 0.150ms
[2025-06-28T00:22:51.901+0200][40.697s] GC(779) Phase 5: Reset Metadata
[2025-06-28T00:22:51.908+0200][40.704s] GC(779) Phase 5: Reset Metadata 7.246ms
[2025-06-28T00:22:51.914+0200][40.710s] GC(779) Eden regions: 0->0(0)
[2025-06-28T00:22:51.914+0200][40.710s] GC(779) Survivor regions: 0->0(0)
[2025-06-28T00:22:51.914+0200][40.710s] GC(779) Old regions: 22->22
[2025-06-28T00:22:51.914+0200][40.710s] GC(779) Humongous regions: 0->0
[2025-06-28T00:22:51.914+0200][40.710s] GC(779) Metaspace: 69365K(70080K)->69365K(70080K) NonClass: 60123K(60544K)->60123K(60544K) Class: 9242K(9536K)->9242K(9536K)
[2025-06-28T00:22:51.914+0200][40.710s] GC(779) Pause Full (G1 Compaction Pause) 20M->20M(22M) 80.334ms
[2025-06-28T00:22:51.914+0200][40.710s] GC(779) User=0.16s Sys=0.02s Real=0.08s
[2025-06-28T00:22:51.914+0200][40.710s] Attempting maximal full compaction clearing soft references
[2025-06-28T00:22:51.914+0200][40.710s] GC(780) Pause Full (G1 Compaction Pause)
[2025-06-28T00:22:51.914+0200][40.710s] GC(780) Using 2 workers of 10 for full compaction
[2025-06-28T00:22:51.915+0200][40.710s] GC(780) Phase 1: Mark live objects
[2025-06-28T00:22:51.960+0200][40.757s] GC(780) Phase 1: Mark live objects 46.492ms
[2025-06-28T00:22:51.960+0200][40.757s] GC(780) Phase 2: Prepare compaction
[2025-06-28T00:22:51.968+0200][40.765s] GC(780) Phase 2: Prepare compaction 7.418ms
[2025-06-28T00:22:51.968+0200][40.765s] GC(780) Phase 3: Adjust pointers
[2025-06-28T00:22:51.992+0200][40.788s] GC(780) Phase 3: Adjust pointers 23.523ms
[2025-06-28T00:22:51.992+0200][40.788s] GC(780) Phase 4: Compact heap
[2025-06-28T00:22:51.998+0200][40.795s] GC(780) Phase 4: Compact heap 6.583ms
[2025-06-28T00:22:51.998+0200][40.795s] GC(780) Phase 5: Reset Metadata
[2025-06-28T00:22:51.999+0200][40.796s] GC(780) Phase 5: Reset Metadata 0.575ms
[2025-06-28T00:22:52.005+0200][40.801s] GC(780) Eden regions: 0->0(0)
[2025-06-28T00:22:52.005+0200][40.801s] GC(780) Survivor regions: 0->0(0)
[2025-06-28T00:22:52.005+0200][40.801s] GC(780) Old regions: 22->22
[2025-06-28T00:22:52.005+0200][40.802s] GC(780) Humongous regions: 0->0
[2025-06-28T00:22:52.005+0200][40.802s] GC(780) Metaspace: 69365K(70080K)->69365K(70080K) NonClass: 60123K(60544K)->60123K(60544K) Class: 9242K(9536K)->9242K(9536K)
[2025-06-28T00:22:52.005+0200][40.802s] GC(780) Pause Full (G1 Compaction Pause) 20M->20M(22M) 91.266ms
[2025-06-28T00:22:52.005+0200][40.802s] GC(780) User=0.19s Sys=0.00s Real=0.09s
[2025-06-28T00:22:52.006+0200][40.803s] GC(781) Pause Young (Concurrent Start) (G1 Evacuation Pause)
[2025-06-28T00:22:52.006+0200][40.803s] GC(781) Using 8 workers of 10 for evacuation
[2025-06-28T00:22:52.009+0200][40.806s] GC(781)   Pre Evacuate Collection Set: 0.3ms
[2025-06-28T00:22:52.009+0200][40.806s] GC(781)   Merge Heap Roots: 0.2ms
[2025-06-28T00:22:52.009+0200][40.806s] GC(781)   Evacuate Collection Set: 1.3ms
[2025-06-28T00:22:52.009+0200][40.806s] GC(781)   Post Evacuate Collection Set: 0.8ms
[2025-06-28T00:22:52.009+0200][40.806s] GC(781)   Other: 0.2ms
[2025-06-28T00:22:52.009+0200][40.806s] GC(781) Eden regions: 0->0(0)
[2025-06-28T00:22:52.009+0200][40.806s] GC(781) Survivor regions: 0->0(0)
[2025-06-28T00:22:52.009+0200][40.806s] GC(781) Old regions: 22->22
[2025-06-28T00:22:52.009+0200][40.806s] GC(781) Humongous regions: 0->0
[2025-06-28T00:22:52.009+0200][40.806s] GC(781) Metaspace: 69365K(70080K)->69365K(70080K) NonClass: 60123K(60544K)->60123K(60544K) Class: 9242K(9536K)->9242K(9536K)
[2025-06-28T00:22:52.009+0200][40.806s] GC(781) Pause Young (Concurrent Start) (G1 Evacuation Pause) 20M->20M(22M) 3.258ms
[2025-06-28T00:22:52.010+0200][40.806s] GC(781) User=0.00s Sys=0.00s Real=0.00s
[2025-06-28T00:22:52.010+0200][40.806s] GC(782) Concurrent Mark Cycle
[2025-06-28T00:22:52.010+0200][40.806s] Attempting full compaction
[2025-06-28T00:22:52.010+0200][40.806s] GC(782) Concurrent Scan Root Regions
[2025-06-28T00:22:52.010+0200][40.806s] GC(783) Pause Full (G1 Compaction Pause)
[2025-06-28T00:22:52.010+0200][40.807s] GC(782) Concurrent Scan Root Regions 0.135ms
[2025-06-28T00:22:52.010+0200][40.807s] GC(783) Using 2 workers of 10 for full compaction
[2025-06-28T00:22:52.010+0200][40.807s] GC(782) Concurrent Mark
[2025-06-28T00:22:52.010+0200][40.807s] GC(782) Concurrent Mark From Roots
[2025-06-28T00:22:52.010+0200][40.807s] GC(782) Using 3 workers of 3 for marking
[2025-06-28T00:22:52.010+0200][40.807s] GC(783) Phase 1: Mark live objects
[2025-06-28T00:22:52.057+0200][40.853s] GC(783) Phase 1: Mark live objects 46.217ms
[2025-06-28T00:22:52.057+0200][40.853s] GC(783) Phase 2: Prepare compaction
[2025-06-28T00:22:52.057+0200][40.853s] GC(783) Phase 2: Prepare compaction 0.089ms
[2025-06-28T00:22:52.057+0200][40.854s] GC(783) Phase 3: Adjust pointers
[2025-06-28T00:22:52.076+0200][40.873s] GC(783) Phase 3: Adjust pointers 19.269ms
[2025-06-28T00:22:52.076+0200][40.873s] GC(783) Phase 4: Compact heap
[2025-06-28T00:22:52.076+0200][40.873s] GC(783) Phase 4: Compact heap 0.108ms
[2025-06-28T00:22:52.076+0200][40.873s] GC(783) Phase 5: Reset Metadata
[2025-06-28T00:22:52.084+0200][40.880s] GC(783) Phase 5: Reset Metadata 6.549ms
[2025-06-28T00:22:52.090+0200][40.886s] GC(783) Eden regions: 0->0(0)
[2025-06-28T00:22:52.090+0200][40.886s] GC(783) Survivor regions: 0->0(0)
[2025-06-28T00:22:52.090+0200][40.886s] GC(783) Old regions: 22->22
[2025-06-28T00:22:52.090+0200][40.886s] GC(783) Humongous regions: 0->0
[2025-06-28T00:22:52.090+0200][40.886s] GC(783) Metaspace: 69365K(70080K)->69365K(70080K) NonClass: 60123K(60544K)->60123K(60544K) Class: 9242K(9536K)->9242K(9536K)
[2025-06-28T00:22:52.090+0200][40.886s] GC(783) Pause Full (G1 Compaction Pause) 20M->20M(22M) 79.852ms
[2025-06-28T00:22:52.091+0200][40.886s] GC(783) User=0.17s Sys=0.00s Real=0.08s
[2025-06-28T00:22:52.091+0200][40.886s] Attempting maximal full compaction clearing soft references
[2025-06-28T00:22:52.091+0200][40.886s] GC(784) Pause Full (G1 Compaction Pause)
[2025-06-28T00:22:52.091+0200][40.887s] GC(784) Using 2 workers of 10 for full compaction
[2025-06-28T00:22:52.091+0200][40.887s] GC(784) Phase 1: Mark live objects
[2025-06-28T00:22:52.138+0200][40.934s] GC(784) Phase 1: Mark live objects 47.570ms
[2025-06-28T00:22:52.138+0200][40.935s] GC(784) Phase 2: Prepare compaction
[2025-06-28T00:22:52.146+0200][40.942s] GC(784) Phase 2: Prepare compaction 7.647ms
[2025-06-28T00:22:52.146+0200][40.942s] GC(784) Phase 3: Adjust pointers
[2025-06-28T00:22:52.167+0200][40.964s] GC(784) Phase 3: Adjust pointers 21.477ms
[2025-06-28T00:22:52.167+0200][40.964s] GC(784) Phase 4: Compact heap
[2025-06-28T00:22:52.175+0200][40.971s] GC(784) Phase 4: Compact heap 7.242ms
[2025-06-28T00:22:52.175+0200][40.971s] GC(784) Phase 5: Reset Metadata
[2025-06-28T00:22:52.176+0200][40.972s] GC(784) Phase 5: Reset Metadata 0.633ms
[2025-06-28T00:22:52.181+0200][40.977s] GC(784) Eden regions: 0->0(0)
[2025-06-28T00:22:52.181+0200][40.977s] GC(784) Survivor regions: 0->0(0)
[2025-06-28T00:22:52.181+0200][40.977s] GC(784) Old regions: 22->22
[2025-06-28T00:22:52.181+0200][40.977s] GC(784) Humongous regions: 0->0
[2025-06-28T00:22:52.181+0200][40.977s] GC(784) Metaspace: 69365K(70080K)->69365K(70080K) NonClass: 60123K(60544K)->60123K(60544K) Class: 9242K(9536K)->9242K(9536K)
[2025-06-28T00:22:52.181+0200][40.978s] GC(784) Pause Full (G1 Compaction Pause) 20M->20M(22M) 91.069ms
[2025-06-28T00:22:52.181+0200][40.978s] GC(784) User=0.14s Sys=0.00s Real=0.09s
[2025-06-28T00:22:52.182+0200][40.978s] GC(782) Concurrent Mark From Roots 171.436ms
[2025-06-28T00:22:52.182+0200][40.978s] GC(782) Concurrent Mark Abort
[2025-06-28T00:22:52.182+0200][40.978s] GC(782) Concurrent Mark Cycle 172.086ms
[2025-06-28T00:22:52.182+0200][40.979s] GC(785) Pause Young (Normal) (G1 Evacuation Pause)
[2025-06-28T00:22:52.182+0200][40.979s] GC(785) Using 8 workers of 10 for evacuation
[2025-06-28T00:22:52.184+0200][40.981s] GC(785)   Pre Evacuate Collection Set: 0.4ms
[2025-06-28T00:22:52.184+0200][40.981s] GC(785)   Merge Heap Roots: 0.2ms
[2025-06-28T00:22:52.185+0200][40.981s] GC(785)   Evacuate Collection Set: 0.7ms
[2025-06-28T00:22:52.185+0200][40.981s] GC(785)   Post Evacuate Collection Set: 0.7ms
[2025-06-28T00:22:52.185+0200][40.981s] GC(785)   Other: 0.1ms
[2025-06-28T00:22:52.185+0200][40.981s] GC(785) Eden regions: 0->0(0)
[2025-06-28T00:22:52.185+0200][40.981s] GC(785) Survivor regions: 0->0(0)
[2025-06-28T00:22:52.185+0200][40.981s] GC(785) Old regions: 22->22
[2025-06-28T00:22:52.185+0200][40.981s] GC(785) Humongous regions: 0->0
[2025-06-28T00:22:52.185+0200][40.981s] GC(785) Metaspace: 69365K(70080K)->69365K(70080K) NonClass: 60123K(60544K)->60123K(60544K) Class: 9242K(9536K)->9242K(9536K)
[2025-06-28T00:22:52.185+0200][40.981s] GC(785) Pause Young (Normal) (G1 Evacuation Pause) 20M->20M(22M) 2.496ms
[2025-06-28T00:22:52.185+0200][40.982s] GC(785) User=0.03s Sys=0.00s Real=0.00s
[2025-06-28T00:22:52.185+0200][40.982s] Attempting full compaction
[2025-06-28T00:22:52.185+0200][40.982s] GC(786) Pause Full (G1 Compaction Pause)
[2025-06-28T00:22:52.185+0200][40.982s] GC(786) Using 2 workers of 10 for full compaction
[2025-06-28T00:22:52.186+0200][40.982s] GC(786) Phase 1: Mark live objects
[2025-06-28T00:22:52.233+0200][41.029s] GC(786) Phase 1: Mark live objects 46.784ms
[2025-06-28T00:22:52.233+0200][41.029s] GC(786) Phase 2: Prepare compaction
[2025-06-28T00:22:52.233+0200][41.029s] GC(786) Phase 2: Prepare compaction 0.150ms
[2025-06-28T00:22:52.233+0200][41.029s] GC(786) Phase 3: Adjust pointers
[2025-06-28T00:22:52.250+0200][41.047s] GC(786) Phase 3: Adjust pointers 17.583ms
[2025-06-28T00:22:52.251+0200][41.047s] GC(786) Phase 4: Compact heap
[2025-06-28T00:22:52.251+0200][41.047s] GC(786) Phase 4: Compact heap 0.120ms
[2025-06-28T00:22:52.251+0200][41.047s] GC(786) Phase 5: Reset Metadata
[2025-06-28T00:22:52.258+0200][41.054s] GC(786) Phase 5: Reset Metadata 7.010ms
[2025-06-28T00:22:52.264+0200][41.060s] GC(786) Eden regions: 0->0(0)
[2025-06-28T00:22:52.264+0200][41.060s] GC(786) Survivor regions: 0->0(0)
[2025-06-28T00:22:52.264+0200][41.060s] GC(786) Old regions: 22->22
[2025-06-28T00:22:52.264+0200][41.060s] GC(786) Humongous regions: 0->0
[2025-06-28T00:22:52.264+0200][41.060s] GC(786) Metaspace: 69365K(70080K)->69365K(70080K) NonClass: 60123K(60544K)->60123K(60544K) Class: 9242K(9536K)->9242K(9536K)
[2025-06-28T00:22:52.264+0200][41.060s] GC(786) Pause Full (G1 Compaction Pause) 20M->20M(22M) 78.627ms
[2025-06-28T00:22:52.264+0200][41.060s] GC(786) User=0.14s Sys=0.00s Real=0.08s
[2025-06-28T00:22:52.264+0200][41.060s] Attempting maximal full compaction clearing soft references
[2025-06-28T00:22:52.264+0200][41.060s] GC(787) Pause Full (G1 Compaction Pause)
[2025-06-28T00:22:52.264+0200][41.060s] GC(787) Using 2 workers of 10 for full compaction
[2025-06-28T00:22:52.265+0200][41.061s] GC(787) Phase 1: Mark live objects
[2025-06-28T00:22:52.311+0200][41.107s] GC(787) Phase 1: Mark live objects 46.053ms
[2025-06-28T00:22:52.311+0200][41.107s] GC(787) Phase 2: Prepare compaction
[2025-06-28T00:22:52.319+0200][41.114s] GC(787) Phase 2: Prepare compaction 7.650ms
[2025-06-28T00:22:52.319+0200][41.115s] GC(787) Phase 3: Adjust pointers
[2025-06-28T00:22:52.341+0200][41.137s] GC(787) Phase 3: Adjust pointers 22.063ms
[2025-06-28T00:22:52.341+0200][41.137s] GC(787) Phase 4: Compact heap
[2025-06-28T00:22:52.348+0200][41.144s] GC(787) Phase 4: Compact heap 7.376ms
[2025-06-28T00:22:52.348+0200][41.144s] GC(787) Phase 5: Reset Metadata
[2025-06-28T00:22:52.349+0200][41.145s] GC(787) Phase 5: Reset Metadata 0.935ms
[2025-06-28T00:22:52.355+0200][41.151s] GC(787) Eden regions: 0->0(0)
[2025-06-28T00:22:52.355+0200][41.151s] GC(787) Survivor regions: 0->0(0)
[2025-06-28T00:22:52.355+0200][41.151s] GC(787) Old regions: 22->22
[2025-06-28T00:22:52.355+0200][41.151s] GC(787) Humongous regions: 0->0
[2025-06-28T00:22:52.355+0200][41.151s] GC(787) Metaspace: 69365K(70080K)->69365K(70080K) NonClass: 60123K(60544K)->60123K(60544K) Class: 9242K(9536K)->9242K(9536K)
[2025-06-28T00:22:52.355+0200][41.151s] GC(787) Pause Full (G1 Compaction Pause) 20M->20M(22M) 91.069ms
[2025-06-28T00:22:52.356+0200][41.152s] GC(787) User=0.17s Sys=0.00s Real=0.09s
[2025-06-28T00:22:52.356+0200][41.152s] GC(788) Pause Young (Concurrent Start) (G1 Evacuation Pause)
[2025-06-28T00:22:52.356+0200][41.152s] GC(788) Using 8 workers of 10 for evacuation
[2025-06-28T00:22:52.359+0200][41.155s] GC(788)   Pre Evacuate Collection Set: 0.2ms
[2025-06-28T00:22:52.359+0200][41.155s] GC(788)   Merge Heap Roots: 0.1ms
[2025-06-28T00:22:52.359+0200][41.155s] GC(788)   Evacuate Collection Set: 1.0ms
[2025-06-28T00:22:52.359+0200][41.155s] GC(788)   Post Evacuate Collection Set: 0.6ms
[2025-06-28T00:22:52.359+0200][41.155s] GC(788)   Other: 0.2ms
[2025-06-28T00:22:52.359+0200][41.155s] GC(788) Eden regions: 0->0(0)
[2025-06-28T00:22:52.359+0200][41.155s] GC(788) Survivor regions: 0->0(0)
[2025-06-28T00:22:52.359+0200][41.155s] GC(788) Old regions: 22->22
[2025-06-28T00:22:52.359+0200][41.155s] GC(788) Humongous regions: 0->0
[2025-06-28T00:22:52.359+0200][41.155s] GC(788) Metaspace: 69365K(70080K)->69365K(70080K) NonClass: 60123K(60544K)->60123K(60544K) Class: 9242K(9536K)->9242K(9536K)
[2025-06-28T00:22:52.359+0200][41.155s] GC(788) Pause Young (Concurrent Start) (G1 Evacuation Pause) 20M->20M(22M) 2.697ms
[2025-06-28T00:22:52.359+0200][41.155s] GC(789) Concurrent Mark Cycle
[2025-06-28T00:22:52.359+0200][41.155s] GC(788) User=0.00s Sys=0.00s Real=0.00s
[2025-06-28T00:22:52.359+0200][41.155s] GC(789) Concurrent Scan Root Regions
[2025-06-28T00:22:52.359+0200][41.155s] Attempting full compaction
[2025-06-28T00:22:52.359+0200][41.155s] GC(789) Concurrent Scan Root Regions 0.156ms
[2025-06-28T00:22:52.359+0200][41.155s] GC(790) Pause Full (G1 Compaction Pause)
[2025-06-28T00:22:52.359+0200][41.156s] GC(789) Concurrent Mark
[2025-06-28T00:22:52.360+0200][41.156s] GC(790) Using 2 workers of 10 for full compaction
[2025-06-28T00:22:52.360+0200][41.156s] GC(789) Concurrent Mark From Roots
[2025-06-28T00:22:52.360+0200][41.156s] GC(789) Using 3 workers of 3 for marking
[2025-06-28T00:22:52.360+0200][41.156s] GC(790) Phase 1: Mark live objects
[2025-06-28T00:22:52.406+0200][41.202s] GC(790) Phase 1: Mark live objects 46.128ms
[2025-06-28T00:22:52.406+0200][41.202s] GC(790) Phase 2: Prepare compaction
[2025-06-28T00:22:52.406+0200][41.202s] GC(790) Phase 2: Prepare compaction 0.164ms
[2025-06-28T00:22:52.407+0200][41.202s] GC(790) Phase 3: Adjust pointers
[2025-06-28T00:22:52.425+0200][41.221s] GC(790) Phase 3: Adjust pointers 18.528ms
[2025-06-28T00:22:52.425+0200][41.221s] GC(790) Phase 4: Compact heap
[2025-06-28T00:22:52.425+0200][41.221s] GC(790) Phase 4: Compact heap 0.128ms
[2025-06-28T00:22:52.425+0200][41.221s] GC(790) Phase 5: Reset Metadata
[2025-06-28T00:22:52.432+0200][41.228s] GC(790) Phase 5: Reset Metadata 6.570ms
[2025-06-28T00:22:52.438+0200][41.234s] GC(790) Eden regions: 0->0(0)
[2025-06-28T00:22:52.438+0200][41.234s] GC(790) Survivor regions: 0->0(0)
[2025-06-28T00:22:52.438+0200][41.234s] GC(790) Old regions: 22->22
[2025-06-28T00:22:52.438+0200][41.235s] GC(790) Humongous regions: 0->0
[2025-06-28T00:22:52.438+0200][41.235s] GC(790) Metaspace: 69365K(70080K)->69365K(70080K) NonClass: 60123K(60544K)->60123K(60544K) Class: 9242K(9536K)->9242K(9536K)
[2025-06-28T00:22:52.438+0200][41.235s] GC(790) Pause Full (G1 Compaction Pause) 20M->20M(22M) 79.164ms
[2025-06-28T00:22:52.438+0200][41.235s] GC(790) User=0.12s Sys=0.02s Real=0.08s
[2025-06-28T00:22:52.438+0200][41.235s] Attempting maximal full compaction clearing soft references
[2025-06-28T00:22:52.438+0200][41.235s] GC(791) Pause Full (G1 Compaction Pause)
[2025-06-28T00:22:52.438+0200][41.235s] GC(791) Using 2 workers of 10 for full compaction
[2025-06-28T00:22:52.439+0200][41.235s] GC(791) Phase 1: Mark live objects
[2025-06-28T00:22:52.503+0200][41.300s] GC(791) Phase 1: Mark live objects 64.394ms
[2025-06-28T00:22:52.503+0200][41.300s] GC(791) Phase 2: Prepare compaction
[2025-06-28T00:22:52.511+0200][41.308s] GC(791) Phase 2: Prepare compaction 8.009ms
[2025-06-28T00:22:52.511+0200][41.308s] GC(791) Phase 3: Adjust pointers
[2025-06-28T00:22:52.534+0200][41.331s] GC(791) Phase 3: Adjust pointers 22.784ms
[2025-06-28T00:22:52.534+0200][41.331s] GC(791) Phase 4: Compact heap
[2025-06-28T00:22:52.541+0200][41.338s] GC(791) Phase 4: Compact heap 6.898ms
[2025-06-28T00:22:52.541+0200][41.338s] GC(791) Phase 5: Reset Metadata
[2025-06-28T00:22:52.542+0200][41.339s] GC(791) Phase 5: Reset Metadata 0.928ms
[2025-06-28T00:22:52.548+0200][41.345s] GC(791) Eden regions: 0->0(0)
[2025-06-28T00:22:52.548+0200][41.345s] GC(791) Survivor regions: 0->0(0)
[2025-06-28T00:22:52.548+0200][41.345s] GC(791) Old regions: 22->22
[2025-06-28T00:22:52.548+0200][41.345s] GC(791) Humongous regions: 0->0
[2025-06-28T00:22:52.548+0200][41.345s] GC(791) Metaspace: 69365K(70080K)->69365K(70080K) NonClass: 60123K(60544K)->60123K(60544K) Class: 9242K(9536K)->9242K(9536K)
[2025-06-28T00:22:52.548+0200][41.345s] GC(791) Pause Full (G1 Compaction Pause) 20M->20M(22M) 110.048ms
[2025-06-28T00:22:52.548+0200][41.345s] GC(791) User=0.20s Sys=0.00s Real=0.11s
[2025-06-28T00:22:52.551+0200][41.348s] GC(789) Concurrent Mark From Roots 191.988ms
[2025-06-28T00:22:52.551+0200][41.348s] GC(789) Concurrent Mark Abort
[2025-06-28T00:22:52.551+0200][41.348s] GC(789) Concurrent Mark Cycle 192.699ms
[2025-06-28T00:22:52.553+0200][41.349s] GC(792) Pause Young (Normal) (G1 Evacuation Pause)
[2025-06-28T00:22:52.553+0200][41.349s] GC(792) Using 8 workers of 10 for evacuation
[2025-06-28T00:22:52.554+0200][41.350s] GC(792)   Pre Evacuate Collection Set: 0.2ms
[2025-06-28T00:22:52.555+0200][41.350s] GC(792)   Merge Heap Roots: 0.1ms
[2025-06-28T00:22:52.555+0200][41.350s] GC(792)   Evacuate Collection Set: 0.6ms
[2025-06-28T00:22:52.555+0200][41.350s] GC(792)   Post Evacuate Collection Set: 0.5ms
[2025-06-28T00:22:52.555+0200][41.351s] GC(792)   Other: 0.1ms
[2025-06-28T00:22:52.555+0200][41.351s] GC(792) Eden regions: 0->0(0)
[2025-06-28T00:22:52.555+0200][41.351s] GC(792) Survivor regions: 0->0(0)
[2025-06-28T00:22:52.555+0200][41.351s] GC(792) Old regions: 22->22
[2025-06-28T00:22:52.555+0200][41.351s] GC(792) Humongous regions: 0->0
[2025-06-28T00:22:52.555+0200][41.351s] GC(792) Metaspace: 69365K(70080K)->69365K(70080K) NonClass: 60123K(60544K)->60123K(60544K) Class: 9242K(9536K)->9242K(9536K)
[2025-06-28T00:22:52.555+0200][41.351s] GC(792) Pause Young (Normal) (G1 Evacuation Pause) 20M->20M(22M) 1.923ms
[2025-06-28T00:22:52.555+0200][41.351s] GC(792) User=0.00s Sys=0.00s Real=0.00s
[2025-06-28T00:22:52.555+0200][41.351s] Attempting full compaction
[2025-06-28T00:22:52.555+0200][41.351s] GC(793) Pause Full (G1 Compaction Pause)
[2025-06-28T00:22:52.555+0200][41.351s] GC(793) Using 2 workers of 10 for full compaction
[2025-06-28T00:22:52.555+0200][41.351s] GC(793) Phase 1: Mark live objects
[2025-06-28T00:22:52.601+0200][41.398s] GC(793) Phase 1: Mark live objects 47.033ms
[2025-06-28T00:22:52.602+0200][41.398s] GC(793) Phase 2: Prepare compaction
[2025-06-28T00:22:52.602+0200][41.398s] GC(793) Phase 2: Prepare compaction 0.138ms
[2025-06-28T00:22:52.602+0200][41.399s] GC(793) Phase 3: Adjust pointers
[2025-06-28T00:22:52.621+0200][41.417s] GC(793) Phase 3: Adjust pointers 18.148ms
[2025-06-28T00:22:52.621+0200][41.417s] GC(793) Phase 4: Compact heap
[2025-06-28T00:22:52.621+0200][41.417s] GC(793) Phase 4: Compact heap 0.089ms
[2025-06-28T00:22:52.621+0200][41.417s] GC(793) Phase 5: Reset Metadata
[2025-06-28T00:22:52.627+0200][41.423s] GC(793) Phase 5: Reset Metadata 6.272ms
[2025-06-28T00:22:52.632+0200][41.429s] GC(793) Eden regions: 0->0(0)
[2025-06-28T00:22:52.633+0200][41.429s] GC(793) Survivor regions: 0->0(0)
[2025-06-28T00:22:52.633+0200][41.429s] GC(793) Old regions: 22->22
[2025-06-28T00:22:52.633+0200][41.429s] GC(793) Humongous regions: 0->0
[2025-06-28T00:22:52.633+0200][41.429s] GC(793) Metaspace: 69365K(70080K)->69365K(70080K) NonClass: 60123K(60544K)->60123K(60544K) Class: 9242K(9536K)->9242K(9536K)
[2025-06-28T00:22:52.633+0200][41.429s] GC(793) Pause Full (G1 Compaction Pause) 20M->20M(22M) 78.275ms
[2025-06-28T00:22:52.633+0200][41.429s] GC(793) User=0.16s Sys=0.00s Real=0.08s
[2025-06-28T00:22:52.633+0200][41.429s] Attempting maximal full compaction clearing soft references
[2025-06-28T00:22:52.633+0200][41.429s] GC(794) Pause Full (G1 Compaction Pause)
[2025-06-28T00:22:52.633+0200][41.429s] GC(794) Using 2 workers of 10 for full compaction
[2025-06-28T00:22:52.633+0200][41.429s] GC(794) Phase 1: Mark live objects
[2025-06-28T00:22:52.679+0200][41.475s] GC(794) Phase 1: Mark live objects 45.761ms
[2025-06-28T00:22:52.679+0200][41.475s] GC(794) Phase 2: Prepare compaction
[2025-06-28T00:22:52.686+0200][41.483s] GC(794) Phase 2: Prepare compaction 7.508ms
[2025-06-28T00:22:52.686+0200][41.483s] GC(794) Phase 3: Adjust pointers
[2025-06-28T00:22:52.708+0200][41.505s] GC(794) Phase 3: Adjust pointers 21.818ms
[2025-06-28T00:22:52.708+0200][41.505s] GC(794) Phase 4: Compact heap
[2025-06-28T00:22:52.715+0200][41.512s] GC(794) Phase 4: Compact heap 6.982ms
[2025-06-28T00:22:52.716+0200][41.512s] GC(794) Phase 5: Reset Metadata
[2025-06-28T00:22:52.716+0200][41.513s] GC(794) Phase 5: Reset Metadata 0.654ms
[2025-06-28T00:22:52.722+0200][41.518s] GC(794) Eden regions: 0->0(0)
[2025-06-28T00:22:52.722+0200][41.518s] GC(794) Survivor regions: 0->0(0)
[2025-06-28T00:22:52.722+0200][41.518s] GC(794) Old regions: 22->22
[2025-06-28T00:22:52.722+0200][41.518s] GC(794) Humongous regions: 0->0
[2025-06-28T00:22:52.722+0200][41.518s] GC(794) Metaspace: 69365K(70080K)->69365K(70080K) NonClass: 60123K(60544K)->60123K(60544K) Class: 9242K(9536K)->9242K(9536K)
[2025-06-28T00:22:52.722+0200][41.518s] GC(794) Pause Full (G1 Compaction Pause) 20M->20M(22M) 89.183ms
[2025-06-28T00:22:52.722+0200][41.519s] GC(794) User=0.19s Sys=0.00s Real=0.09s
[2025-06-28T00:22:52.723+0200][41.519s] GC(795) Pause Young (Concurrent Start) (G1 Evacuation Pause)
[2025-06-28T00:22:52.723+0200][41.520s] GC(795) Using 8 workers of 10 for evacuation
[2025-06-28T00:22:52.725+0200][41.522s] GC(795)   Pre Evacuate Collection Set: 0.2ms
[2025-06-28T00:22:52.725+0200][41.522s] GC(795)   Merge Heap Roots: 0.1ms
[2025-06-28T00:22:52.725+0200][41.522s] GC(795)   Evacuate Collection Set: 1.1ms
[2025-06-28T00:22:52.725+0200][41.522s] GC(795)   Post Evacuate Collection Set: 0.6ms
[2025-06-28T00:22:52.725+0200][41.522s] GC(795)   Other: 0.2ms
[2025-06-28T00:22:52.725+0200][41.522s] GC(795) Eden regions: 0->0(0)
[2025-06-28T00:22:52.725+0200][41.522s] GC(795) Survivor regions: 0->0(0)
[2025-06-28T00:22:52.725+0200][41.522s] GC(795) Old regions: 22->22
[2025-06-28T00:22:52.725+0200][41.522s] GC(795) Humongous regions: 0->0
[2025-06-28T00:22:52.725+0200][41.522s] GC(795) Metaspace: 69365K(70080K)->69365K(70080K) NonClass: 60123K(60544K)->60123K(60544K) Class: 9242K(9536K)->9242K(9536K)
[2025-06-28T00:22:52.726+0200][41.522s] GC(795) Pause Young (Concurrent Start) (G1 Evacuation Pause) 20M->20M(22M) 2.637ms
[2025-06-28T00:22:52.726+0200][41.522s] GC(796) Concurrent Mark Cycle
[2025-06-28T00:22:52.726+0200][41.522s] GC(795) User=0.00s Sys=0.00s Real=0.00s
[2025-06-28T00:22:52.726+0200][41.522s] GC(796) Concurrent Scan Root Regions
[2025-06-28T00:22:52.726+0200][41.522s] Attempting full compaction
[2025-06-28T00:22:52.726+0200][41.522s] GC(796) Concurrent Scan Root Regions 0.115ms
[2025-06-28T00:22:52.726+0200][41.523s] GC(797) Pause Full (G1 Compaction Pause)
[2025-06-28T00:22:52.726+0200][41.523s] GC(796) Concurrent Mark
[2025-06-28T00:22:52.726+0200][41.523s] GC(797) Using 2 workers of 10 for full compaction
[2025-06-28T00:22:52.726+0200][41.523s] GC(796) Concurrent Mark From Roots
[2025-06-28T00:22:52.726+0200][41.523s] GC(796) Using 3 workers of 3 for marking
[2025-06-28T00:22:52.726+0200][41.523s] GC(797) Phase 1: Mark live objects
[2025-06-28T00:22:52.774+0200][41.570s] GC(797) Phase 1: Mark live objects 47.270ms
[2025-06-28T00:22:52.774+0200][41.570s] GC(797) Phase 2: Prepare compaction
[2025-06-28T00:22:52.774+0200][41.571s] GC(797) Phase 2: Prepare compaction 0.155ms
[2025-06-28T00:22:52.775+0200][41.571s] GC(797) Phase 3: Adjust pointers
[2025-06-28T00:22:52.792+0200][41.588s] GC(797) Phase 3: Adjust pointers 17.474ms
[2025-06-28T00:22:52.792+0200][41.588s] GC(797) Phase 4: Compact heap
[2025-06-28T00:22:52.792+0200][41.588s] GC(797) Phase 4: Compact heap 0.133ms
[2025-06-28T00:22:52.792+0200][41.589s] GC(797) Phase 5: Reset Metadata
[2025-06-28T00:22:52.799+0200][41.595s] GC(797) Phase 5: Reset Metadata 6.790ms
[2025-06-28T00:22:52.805+0200][41.601s] GC(797) Eden regions: 0->0(0)
[2025-06-28T00:22:52.805+0200][41.601s] GC(797) Survivor regions: 0->0(0)
[2025-06-28T00:22:52.805+0200][41.601s] GC(797) Old regions: 22->22
[2025-06-28T00:22:52.805+0200][41.601s] GC(797) Humongous regions: 0->0
[2025-06-28T00:22:52.805+0200][41.602s] GC(797) Metaspace: 69365K(70080K)->69365K(70080K) NonClass: 60123K(60544K)->60123K(60544K) Class: 9242K(9536K)->9242K(9536K)
[2025-06-28T00:22:52.805+0200][41.602s] GC(797) Pause Full (G1 Compaction Pause) 20M->20M(22M) 79.095ms
[2025-06-28T00:22:52.806+0200][41.602s] GC(797) User=0.14s Sys=0.00s Real=0.08s
[2025-06-28T00:22:52.806+0200][41.602s] Attempting maximal full compaction clearing soft references
[2025-06-28T00:22:52.806+0200][41.602s] GC(798) Pause Full (G1 Compaction Pause)
[2025-06-28T00:22:52.806+0200][41.602s] GC(798) Using 2 workers of 10 for full compaction
[2025-06-28T00:22:52.806+0200][41.602s] GC(798) Phase 1: Mark live objects
[2025-06-28T00:22:52.854+0200][41.651s] GC(798) Phase 1: Mark live objects 48.672ms
[2025-06-28T00:22:52.854+0200][41.651s] GC(798) Phase 2: Prepare compaction
[2025-06-28T00:22:52.862+0200][41.659s] GC(798) Phase 2: Prepare compaction 7.666ms
[2025-06-28T00:22:52.862+0200][41.659s] GC(798) Phase 3: Adjust pointers
[2025-06-28T00:22:52.884+0200][41.681s] GC(798) Phase 3: Adjust pointers 21.901ms
[2025-06-28T00:22:52.884+0200][41.681s] GC(798) Phase 4: Compact heap
[2025-06-28T00:22:52.892+0200][41.689s] GC(798) Phase 4: Compact heap 7.684ms
[2025-06-28T00:22:52.892+0200][41.689s] GC(798) Phase 5: Reset Metadata
[2025-06-28T00:22:52.893+0200][41.690s] GC(798) Phase 5: Reset Metadata 0.981ms
[2025-06-28T00:22:52.899+0200][41.695s] GC(798) Eden regions: 0->0(0)
[2025-06-28T00:22:52.899+0200][41.695s] GC(798) Survivor regions: 0->0(0)
[2025-06-28T00:22:52.899+0200][41.695s] GC(798) Old regions: 22->22
[2025-06-28T00:22:52.899+0200][41.695s] GC(798) Humongous regions: 0->0
[2025-06-28T00:22:52.899+0200][41.695s] GC(798) Metaspace: 69365K(70080K)->69365K(70080K) NonClass: 60123K(60544K)->60123K(60544K) Class: 9242K(9536K)->9242K(9536K)
[2025-06-28T00:22:52.899+0200][41.695s] GC(798) Pause Full (G1 Compaction Pause) 20M->20M(22M) 93.418ms
[2025-06-28T00:22:52.899+0200][41.695s] GC(798) User=0.16s Sys=0.00s Real=0.09s
[2025-06-28T00:22:52.899+0200][41.696s] GC(796) Concurrent Mark From Roots 173.068ms
[2025-06-28T00:22:52.899+0200][41.696s] GC(796) Concurrent Mark Abort
[2025-06-28T00:22:52.899+0200][41.696s] GC(796) Concurrent Mark Cycle 173.680ms
[2025-06-28T00:22:52.900+0200][41.696s] GC(799) Pause Young (Normal) (G1 Evacuation Pause)
[2025-06-28T00:22:52.900+0200][41.696s] GC(799) Using 8 workers of 10 for evacuation
[2025-06-28T00:22:52.901+0200][41.698s] GC(799)   Pre Evacuate Collection Set: 0.3ms
[2025-06-28T00:22:52.901+0200][41.698s] GC(799)   Merge Heap Roots: 0.1ms
[2025-06-28T00:22:52.901+0200][41.698s] GC(799)   Evacuate Collection Set: 0.6ms
[2025-06-28T00:22:52.901+0200][41.698s] GC(799)   Post Evacuate Collection Set: 0.4ms
[2025-06-28T00:22:52.902+0200][41.698s] GC(799)   Other: 0.1ms
[2025-06-28T00:22:52.902+0200][41.698s] GC(799) Eden regions: 0->0(0)
[2025-06-28T00:22:52.902+0200][41.698s] GC(799) Survivor regions: 0->0(0)
[2025-06-28T00:22:52.902+0200][41.698s] GC(799) Old regions: 22->22
[2025-06-28T00:22:52.902+0200][41.698s] GC(799) Humongous regions: 0->0
[2025-06-28T00:22:52.902+0200][41.698s] GC(799) Metaspace: 69365K(70080K)->69365K(70080K) NonClass: 60123K(60544K)->60123K(60544K) Class: 9242K(9536K)->9242K(9536K)
[2025-06-28T00:22:52.902+0200][41.698s] GC(799) Pause Young (Normal) (G1 Evacuation Pause) 20M->20M(22M) 2.002ms
[2025-06-28T00:22:52.902+0200][41.698s] GC(799) User=0.03s Sys=0.00s Real=0.00s
[2025-06-28T00:22:52.902+0200][41.698s] Attempting full compaction
[2025-06-28T00:22:52.902+0200][41.698s] GC(800) Pause Full (G1 Compaction Pause)
[2025-06-28T00:22:52.902+0200][41.698s] GC(800) Using 2 workers of 10 for full compaction
[2025-06-28T00:22:52.902+0200][41.698s] GC(800) Phase 1: Mark live objects
[2025-06-28T00:22:52.952+0200][41.748s] GC(800) Phase 1: Mark live objects 49.698ms
[2025-06-28T00:22:52.952+0200][41.748s] GC(800) Phase 2: Prepare compaction
[2025-06-28T00:22:52.952+0200][41.749s] GC(800) Phase 2: Prepare compaction 0.173ms
[2025-06-28T00:22:52.953+0200][41.749s] GC(800) Phase 3: Adjust pointers
[2025-06-28T00:22:52.970+0200][41.767s] GC(800) Phase 3: Adjust pointers 17.868ms
[2025-06-28T00:22:52.971+0200][41.767s] GC(800) Phase 4: Compact heap
[2025-06-28T00:22:52.971+0200][41.767s] GC(800) Phase 4: Compact heap 0.126ms
[2025-06-28T00:22:52.971+0200][41.767s] GC(800) Phase 5: Reset Metadata
[2025-06-28T00:22:52.977+0200][41.773s] GC(800) Phase 5: Reset Metadata 6.252ms
[2025-06-28T00:22:52.983+0200][41.779s] GC(800) Eden regions: 0->0(0)
[2025-06-28T00:22:52.983+0200][41.779s] GC(800) Survivor regions: 0->0(0)
[2025-06-28T00:22:52.983+0200][41.779s] GC(800) Old regions: 22->22
[2025-06-28T00:22:52.983+0200][41.779s] GC(800) Humongous regions: 0->0
[2025-06-28T00:22:52.983+0200][41.779s] GC(800) Metaspace: 69365K(70080K)->69365K(70080K) NonClass: 60123K(60544K)->60123K(60544K) Class: 9242K(9536K)->9242K(9536K)
[2025-06-28T00:22:52.983+0200][41.780s] GC(800) Pause Full (G1 Compaction Pause) 20M->20M(22M) 81.302ms
[2025-06-28T00:22:52.983+0200][41.780s] GC(800) User=0.11s Sys=0.03s Real=0.08s
[2025-06-28T00:22:52.983+0200][41.780s] Attempting maximal full compaction clearing soft references
[2025-06-28T00:22:52.984+0200][41.780s] GC(801) Pause Full (G1 Compaction Pause)
[2025-06-28T00:22:52.984+0200][41.780s] GC(801) Using 2 workers of 10 for full compaction
[2025-06-28T00:22:52.984+0200][41.780s] GC(801) Phase 1: Mark live objects
[2025-06-28T00:22:53.032+0200][41.828s] GC(801) Phase 1: Mark live objects 48.564ms
[2025-06-28T00:22:53.032+0200][41.829s] GC(801) Phase 2: Prepare compaction
[2025-06-28T00:22:53.041+0200][41.837s] GC(801) Phase 2: Prepare compaction 8.021ms
[2025-06-28T00:22:53.041+0200][41.837s] GC(801) Phase 3: Adjust pointers
[2025-06-28T00:22:53.063+0200][41.859s] GC(801) Phase 3: Adjust pointers 22.583ms
[2025-06-28T00:22:53.064+0200][41.860s] GC(801) Phase 4: Compact heap
[2025-06-28T00:22:53.071+0200][41.867s] GC(801) Phase 4: Compact heap 7.143ms
[2025-06-28T00:22:53.071+0200][41.867s] GC(801) Phase 5: Reset Metadata
[2025-06-28T00:22:53.072+0200][41.868s] GC(801) Phase 5: Reset Metadata 0.783ms
[2025-06-28T00:22:53.077+0200][41.873s] GC(801) Eden regions: 0->0(0)
[2025-06-28T00:22:53.077+0200][41.874s] GC(801) Survivor regions: 0->0(0)
[2025-06-28T00:22:53.077+0200][41.874s] GC(801) Old regions: 22->22
[2025-06-28T00:22:53.077+0200][41.874s] GC(801) Humongous regions: 0->0
[2025-06-28T00:22:53.078+0200][41.874s] GC(801) Metaspace: 69365K(70080K)->69365K(70080K) NonClass: 60123K(60544K)->60123K(60544K) Class: 9242K(9536K)->9242K(9536K)
[2025-06-28T00:22:53.078+0200][41.874s] GC(801) Pause Full (G1 Compaction Pause) 20M->20M(22M) 93.984ms
[2025-06-28T00:22:53.078+0200][41.874s] GC(801) User=0.17s Sys=0.00s Real=0.09s
[2025-06-28T00:22:53.079+0200][41.875s] GC(802) Pause Young (Concurrent Start) (G1 Evacuation Pause)
[2025-06-28T00:22:53.079+0200][41.875s] GC(802) Using 8 workers of 10 for evacuation
[2025-06-28T00:22:53.081+0200][41.877s] GC(802)   Pre Evacuate Collection Set: 0.3ms
[2025-06-28T00:22:53.081+0200][41.878s] GC(802)   Merge Heap Roots: 0.2ms
[2025-06-28T00:22:53.081+0200][41.878s] GC(802)   Evacuate Collection Set: 1.2ms
[2025-06-28T00:22:53.082+0200][41.878s] GC(802)   Post Evacuate Collection Set: 0.6ms
[2025-06-28T00:22:53.082+0200][41.878s] GC(802)   Other: 0.2ms
[2025-06-28T00:22:53.082+0200][41.878s] GC(802) Eden regions: 0->0(0)
[2025-06-28T00:22:53.082+0200][41.878s] GC(802) Survivor regions: 0->0(0)
[2025-06-28T00:22:53.082+0200][41.878s] GC(802) Old regions: 22->22
[2025-06-28T00:22:53.082+0200][41.878s] GC(802) Humongous regions: 0->0
[2025-06-28T00:22:53.082+0200][41.878s] GC(802) Metaspace: 69365K(70080K)->69365K(70080K) NonClass: 60123K(60544K)->60123K(60544K) Class: 9242K(9536K)->9242K(9536K)
[2025-06-28T00:22:53.082+0200][41.878s] GC(802) Pause Young (Concurrent Start) (G1 Evacuation Pause) 20M->20M(22M) 2.980ms
[2025-06-28T00:22:53.082+0200][41.878s] GC(802) User=0.00s Sys=0.00s Real=0.00s
[2025-06-28T00:22:53.082+0200][41.878s] GC(803) Concurrent Mark Cycle
[2025-06-28T00:22:53.082+0200][41.878s] Attempting full compaction
[2025-06-28T00:22:53.082+0200][41.878s] GC(803) Concurrent Scan Root Regions
[2025-06-28T00:22:53.082+0200][41.878s] GC(804) Pause Full (G1 Compaction Pause)
[2025-06-28T00:22:53.082+0200][41.878s] GC(803) Concurrent Scan Root Regions 0.146ms
[2025-06-28T00:22:53.082+0200][41.878s] GC(804) Using 2 workers of 10 for full compaction
[2025-06-28T00:22:53.082+0200][41.878s] GC(803) Concurrent Mark
[2025-06-28T00:22:53.082+0200][41.878s] GC(803) Concurrent Mark From Roots
[2025-06-28T00:22:53.082+0200][41.878s] GC(803) Using 3 workers of 3 for marking
[2025-06-28T00:22:53.083+0200][41.879s] GC(804) Phase 1: Mark live objects
[2025-06-28T00:22:53.129+0200][41.926s] GC(804) Phase 1: Mark live objects 46.844ms
[2025-06-28T00:22:53.129+0200][41.926s] GC(804) Phase 2: Prepare compaction
[2025-06-28T00:22:53.130+0200][41.926s] GC(804) Phase 2: Prepare compaction 0.147ms
[2025-06-28T00:22:53.130+0200][41.926s] GC(804) Phase 3: Adjust pointers
[2025-06-28T00:22:53.148+0200][41.944s] GC(804) Phase 3: Adjust pointers 18.115ms
[2025-06-28T00:22:53.148+0200][41.944s] GC(804) Phase 4: Compact heap
[2025-06-28T00:22:53.148+0200][41.944s] GC(804) Phase 4: Compact heap 0.122ms
[2025-06-28T00:22:53.149+0200][41.944s] GC(804) Phase 5: Reset Metadata
[2025-06-28T00:22:53.155+0200][41.951s] GC(804) Phase 5: Reset Metadata 6.744ms
[2025-06-28T00:22:53.162+0200][41.958s] GC(804) Eden regions: 0->0(0)
[2025-06-28T00:22:53.162+0200][41.958s] GC(804) Survivor regions: 0->0(0)
[2025-06-28T00:22:53.162+0200][41.958s] GC(804) Old regions: 22->22
[2025-06-28T00:22:53.162+0200][41.958s] GC(804) Humongous regions: 0->0
[2025-06-28T00:22:53.162+0200][41.958s] GC(804) Metaspace: 69365K(70080K)->69365K(70080K) NonClass: 60123K(60544K)->60123K(60544K) Class: 9242K(9536K)->9242K(9536K)
[2025-06-28T00:22:53.162+0200][41.958s] GC(804) Pause Full (G1 Compaction Pause) 20M->20M(22M) 79.741ms
[2025-06-28T00:22:53.162+0200][41.958s] GC(804) User=0.16s Sys=0.00s Real=0.08s
[2025-06-28T00:22:53.162+0200][41.958s] Attempting maximal full compaction clearing soft references
[2025-06-28T00:22:53.162+0200][41.958s] GC(805) Pause Full (G1 Compaction Pause)
[2025-06-28T00:22:53.162+0200][41.958s] GC(805) Using 2 workers of 10 for full compaction
[2025-06-28T00:22:53.163+0200][41.958s] GC(805) Phase 1: Mark live objects
[2025-06-28T00:22:53.207+0200][42.004s] GC(805) Phase 1: Mark live objects 45.614ms
[2025-06-28T00:22:53.207+0200][42.004s] GC(805) Phase 2: Prepare compaction
[2025-06-28T00:22:53.217+0200][42.013s] GC(805) Phase 2: Prepare compaction 9.069ms
[2025-06-28T00:22:53.217+0200][42.013s] GC(805) Phase 3: Adjust pointers
[2025-06-28T00:22:53.255+0200][42.051s] GC(805) Phase 3: Adjust pointers 37.447ms
[2025-06-28T00:22:53.255+0200][42.051s] GC(805) Phase 4: Compact heap
[2025-06-28T00:22:53.265+0200][42.060s] GC(805) Phase 4: Compact heap 9.496ms
[2025-06-28T00:22:53.265+0200][42.061s] GC(805) Phase 5: Reset Metadata
[2025-06-28T00:22:53.265+0200][42.061s] GC(805) Phase 5: Reset Metadata 0.753ms
[2025-06-28T00:22:53.274+0200][42.070s] GC(805) Eden regions: 0->0(0)
[2025-06-28T00:22:53.274+0200][42.070s] GC(805) Survivor regions: 0->0(0)
[2025-06-28T00:22:53.274+0200][42.070s] GC(805) Old regions: 22->22
[2025-06-28T00:22:53.274+0200][42.070s] GC(805) Humongous regions: 0->0
[2025-06-28T00:22:53.274+0200][42.070s] GC(805) Metaspace: 69365K(70080K)->69365K(70080K) NonClass: 60123K(60544K)->60123K(60544K) Class: 9242K(9536K)->9242K(9536K)
[2025-06-28T00:22:53.274+0200][42.070s] GC(805) Pause Full (G1 Compaction Pause) 20M->20M(22M) 112.276ms
[2025-06-28T00:22:53.274+0200][42.070s] GC(805) User=0.19s Sys=0.00s Real=0.11s
[2025-06-28T00:22:53.304+0200][42.100s] GC(803) Concurrent Mark From Roots 221.611ms
[2025-06-28T00:22:53.304+0200][42.100s] GC(803) Concurrent Mark Abort
[2025-06-28T00:22:53.304+0200][42.100s] GC(803) Concurrent Mark Cycle 222.357ms
[2025-06-28T00:22:53.306+0200][42.103s] GC(806) Pause Young (Normal) (G1 Evacuation Pause)
[2025-06-28T00:22:53.307+0200][42.103s] GC(806) Using 8 workers of 10 for evacuation
[2025-06-28T00:22:53.308+0200][42.104s] GC(806)   Pre Evacuate Collection Set: 0.1ms
[2025-06-28T00:22:53.308+0200][42.105s] GC(806)   Merge Heap Roots: 0.1ms
[2025-06-28T00:22:53.308+0200][42.105s] GC(806)   Evacuate Collection Set: 0.5ms
[2025-06-28T00:22:53.308+0200][42.105s] GC(806)   Post Evacuate Collection Set: 0.5ms
[2025-06-28T00:22:53.308+0200][42.105s] GC(806)   Other: 0.2ms
[2025-06-28T00:22:53.308+0200][42.105s] GC(806) Eden regions: 0->0(0)
[2025-06-28T00:22:53.308+0200][42.105s] GC(806) Survivor regions: 0->0(0)
[2025-06-28T00:22:53.308+0200][42.105s] GC(806) Old regions: 22->22
[2025-06-28T00:22:53.308+0200][42.105s] GC(806) Humongous regions: 0->0
[2025-06-28T00:22:53.308+0200][42.105s] GC(806) Metaspace: 69365K(70080K)->69365K(70080K) NonClass: 60123K(60544K)->60123K(60544K) Class: 9242K(9536K)->9242K(9536K)
[2025-06-28T00:22:53.308+0200][42.105s] GC(806) Pause Young (Normal) (G1 Evacuation Pause) 20M->20M(22M) 2.033ms
[2025-06-28T00:22:53.309+0200][42.105s] GC(806) User=0.11s Sys=0.00s Real=0.00s
[2025-06-28T00:22:53.309+0200][42.105s] Attempting full compaction
[2025-06-28T00:22:53.309+0200][42.105s] GC(807) Pause Full (G1 Compaction Pause)
[2025-06-28T00:22:53.309+0200][42.105s] GC(807) Using 2 workers of 10 for full compaction
[2025-06-28T00:22:53.309+0200][42.105s] GC(807) Phase 1: Mark live objects
[2025-06-28T00:22:53.357+0200][42.153s] GC(807) Phase 1: Mark live objects 47.664ms
[2025-06-28T00:22:53.357+0200][42.153s] GC(807) Phase 2: Prepare compaction
[2025-06-28T00:22:53.357+0200][42.153s] GC(807) Phase 2: Prepare compaction 0.142ms
[2025-06-28T00:22:53.357+0200][42.153s] GC(807) Phase 3: Adjust pointers
[2025-06-28T00:22:53.374+0200][42.171s] GC(807) Phase 3: Adjust pointers 17.290ms
[2025-06-28T00:22:53.374+0200][42.171s] GC(807) Phase 4: Compact heap
[2025-06-28T00:22:53.374+0200][42.171s] GC(807) Phase 4: Compact heap 0.122ms
[2025-06-28T00:22:53.374+0200][42.171s] GC(807) Phase 5: Reset Metadata
[2025-06-28T00:22:53.381+0200][42.177s] GC(807) Phase 5: Reset Metadata 6.578ms
[2025-06-28T00:22:53.386+0200][42.182s] GC(807) Eden regions: 0->0(0)
[2025-06-28T00:22:53.386+0200][42.183s] GC(807) Survivor regions: 0->0(0)
[2025-06-28T00:22:53.386+0200][42.183s] GC(807) Old regions: 22->22
[2025-06-28T00:22:53.386+0200][42.183s] GC(807) Humongous regions: 0->0
[2025-06-28T00:22:53.386+0200][42.183s] GC(807) Metaspace: 69365K(70080K)->69365K(70080K) NonClass: 60123K(60544K)->60123K(60544K) Class: 9242K(9536K)->9242K(9536K)
[2025-06-28T00:22:53.386+0200][42.183s] GC(807) Pause Full (G1 Compaction Pause) 20M->20M(22M) 77.543ms
[2025-06-28T00:22:53.386+0200][42.183s] GC(807) User=0.14s Sys=0.02s Real=0.08s
[2025-06-28T00:22:53.386+0200][42.183s] Attempting maximal full compaction clearing soft references
[2025-06-28T00:22:53.386+0200][42.183s] GC(808) Pause Full (G1 Compaction Pause)
[2025-06-28T00:22:53.386+0200][42.183s] GC(808) Using 2 workers of 10 for full compaction
[2025-06-28T00:22:53.386+0200][42.183s] GC(808) Phase 1: Mark live objects
[2025-06-28T00:22:53.422+0200][42.219s] GC(808) Phase 1: Mark live objects 35.932ms
[2025-06-28T00:22:53.422+0200][42.219s] GC(808) Phase 2: Prepare compaction
[2025-06-28T00:22:53.427+0200][42.224s] GC(808) Phase 2: Prepare compaction 4.954ms
[2025-06-28T00:22:53.427+0200][42.224s] GC(808) Phase 3: Adjust pointers
[2025-06-28T00:22:53.442+0200][42.239s] GC(808) Phase 3: Adjust pointers 14.707ms
[2025-06-28T00:22:53.442+0200][42.239s] GC(808) Phase 4: Compact heap
[2025-06-28T00:22:53.448+0200][42.245s] GC(808) Phase 4: Compact heap 5.973ms
[2025-06-28T00:22:53.448+0200][42.245s] GC(808) Phase 5: Reset Metadata
[2025-06-28T00:22:53.449+0200][42.245s] GC(808) Phase 5: Reset Metadata 0.535ms
[2025-06-28T00:22:53.452+0200][42.249s] GC(808) Eden regions: 0->0(0)
[2025-06-28T00:22:53.452+0200][42.249s] GC(808) Survivor regions: 0->0(0)
[2025-06-28T00:22:53.452+0200][42.249s] GC(808) Old regions: 22->22
[2025-06-28T00:22:53.452+0200][42.249s] GC(808) Humongous regions: 0->0
[2025-06-28T00:22:53.452+0200][42.249s] GC(808) Metaspace: 69365K(70080K)->69365K(70080K) NonClass: 60123K(60544K)->60123K(60544K) Class: 9242K(9536K)->9242K(9536K)
[2025-06-28T00:22:53.453+0200][42.249s] GC(808) Pause Full (G1 Compaction Pause) 20M->20M(22M) 66.092ms
[2025-06-28T00:22:53.453+0200][42.249s] GC(808) User=0.11s Sys=0.00s Real=0.07s
[2025-06-28T00:22:53.453+0200][42.249s] GC(809) Pause Young (Concurrent Start) (G1 Evacuation Pause)
[2025-06-28T00:22:53.453+0200][42.249s] GC(809) Using 8 workers of 10 for evacuation
[2025-06-28T00:22:53.454+0200][42.251s] GC(809)   Pre Evacuate Collection Set: 0.2ms
[2025-06-28T00:22:53.454+0200][42.251s] GC(809)   Merge Heap Roots: 0.0ms
[2025-06-28T00:22:53.454+0200][42.251s] GC(809)   Evacuate Collection Set: 0.7ms
[2025-06-28T00:22:53.454+0200][42.251s] GC(809)   Post Evacuate Collection Set: 0.3ms
[2025-06-28T00:22:53.454+0200][42.251s] GC(809)   Other: 0.1ms
[2025-06-28T00:22:53.454+0200][42.251s] GC(809) Eden regions: 0->0(0)
[2025-06-28T00:22:53.454+0200][42.251s] GC(809) Survivor regions: 0->0(0)
[2025-06-28T00:22:53.455+0200][42.251s] GC(809) Old regions: 22->22
[2025-06-28T00:22:53.455+0200][42.251s] GC(809) Humongous regions: 0->0
[2025-06-28T00:22:53.455+0200][42.251s] GC(809) Metaspace: 69365K(70080K)->69365K(70080K) NonClass: 60123K(60544K)->60123K(60544K) Class: 9242K(9536K)->9242K(9536K)
[2025-06-28T00:22:53.455+0200][42.251s] GC(809) Pause Young (Concurrent Start) (G1 Evacuation Pause) 20M->20M(22M) 1.726ms
[2025-06-28T00:22:53.455+0200][42.251s] GC(810) Concurrent Mark Cycle
[2025-06-28T00:22:53.455+0200][42.251s] GC(809) User=0.00s Sys=0.00s Real=0.00s
[2025-06-28T00:22:53.455+0200][42.251s] GC(810) Concurrent Scan Root Regions
[2025-06-28T00:22:53.455+0200][42.251s] Attempting full compaction
[2025-06-28T00:22:53.455+0200][42.251s] GC(810) Concurrent Scan Root Regions 0.041ms
[2025-06-28T00:22:53.455+0200][42.251s] GC(811) Pause Full (G1 Compaction Pause)
[2025-06-28T00:22:53.455+0200][42.251s] GC(810) Concurrent Mark
[2025-06-28T00:22:53.455+0200][42.251s] GC(811) Using 2 workers of 10 for full compaction
[2025-06-28T00:22:53.455+0200][42.251s] GC(810) Concurrent Mark From Roots
[2025-06-28T00:22:53.455+0200][42.251s] GC(810) Using 3 workers of 3 for marking
[2025-06-28T00:22:53.455+0200][42.251s] GC(811) Phase 1: Mark live objects
[2025-06-28T00:22:53.486+0200][42.282s] GC(811) Phase 1: Mark live objects 30.829ms
[2025-06-28T00:22:53.486+0200][42.282s] GC(811) Phase 2: Prepare compaction
[2025-06-28T00:22:53.486+0200][42.282s] GC(811) Phase 2: Prepare compaction 0.113ms
[2025-06-28T00:22:53.486+0200][42.282s] GC(811) Phase 3: Adjust pointers
[2025-06-28T00:22:53.498+0200][42.294s] GC(811) Phase 3: Adjust pointers 12.106ms
[2025-06-28T00:22:53.498+0200][42.294s] GC(811) Phase 4: Compact heap
[2025-06-28T00:22:53.498+0200][42.295s] GC(811) Phase 4: Compact heap 0.385ms
[2025-06-28T00:22:53.498+0200][42.295s] GC(811) Phase 5: Reset Metadata
[2025-06-28T00:22:53.504+0200][42.300s] GC(811) Phase 5: Reset Metadata 5.487ms
[2025-06-28T00:22:53.508+0200][42.305s] GC(811) Eden regions: 0->0(0)
[2025-06-28T00:22:53.508+0200][42.305s] GC(811) Survivor regions: 0->0(0)
[2025-06-28T00:22:53.508+0200][42.305s] GC(811) Old regions: 22->22
[2025-06-28T00:22:53.508+0200][42.305s] GC(811) Humongous regions: 0->0
[2025-06-28T00:22:53.508+0200][42.305s] GC(811) Metaspace: 69365K(70080K)->69365K(70080K) NonClass: 60123K(60544K)->60123K(60544K) Class: 9242K(9536K)->9242K(9536K)
[2025-06-28T00:22:53.508+0200][42.305s] GC(811) Pause Full (G1 Compaction Pause) 20M->20M(22M) 54.099ms
[2025-06-28T00:22:53.508+0200][42.305s] GC(811) User=0.09s Sys=0.00s Real=0.05s
[2025-06-28T00:22:53.508+0200][42.305s] Attempting maximal full compaction clearing soft references
[2025-06-28T00:22:53.508+0200][42.305s] GC(812) Pause Full (G1 Compaction Pause)
[2025-06-28T00:22:53.508+0200][42.305s] GC(812) Using 2 workers of 10 for full compaction
[2025-06-28T00:22:53.509+0200][42.305s] GC(812) Phase 1: Mark live objects
[2025-06-28T00:22:53.539+0200][42.336s] GC(812) Phase 1: Mark live objects 30.197ms
[2025-06-28T00:22:53.539+0200][42.336s] GC(812) Phase 2: Prepare compaction
[2025-06-28T00:22:53.544+0200][42.341s] GC(812) Phase 2: Prepare compaction 5.300ms
[2025-06-28T00:22:53.544+0200][42.341s] GC(812) Phase 3: Adjust pointers
[2025-06-28T00:22:53.562+0200][42.358s] GC(812) Phase 3: Adjust pointers 16.884ms
[2025-06-28T00:22:53.562+0200][42.358s] GC(812) Phase 4: Compact heap
[2025-06-28T00:22:53.567+0200][42.363s] GC(812) Phase 4: Compact heap 5.160ms
[2025-06-28T00:22:53.567+0200][42.363s] GC(812) Phase 5: Reset Metadata
[2025-06-28T00:22:53.568+0200][42.364s] GC(812) Phase 5: Reset Metadata 0.520ms
[2025-06-28T00:22:53.571+0200][42.367s] GC(812) Eden regions: 0->0(0)
[2025-06-28T00:22:53.571+0200][42.367s] GC(812) Survivor regions: 0->0(0)
[2025-06-28T00:22:53.571+0200][42.367s] GC(812) Old regions: 22->22
[2025-06-28T00:22:53.571+0200][42.367s] GC(812) Humongous regions: 0->0
[2025-06-28T00:22:53.571+0200][42.367s] GC(812) Metaspace: 69365K(70080K)->69365K(70080K) NonClass: 60123K(60544K)->60123K(60544K) Class: 9242K(9536K)->9242K(9536K)
[2025-06-28T00:22:53.571+0200][42.367s] GC(812) Pause Full (G1 Compaction Pause) 20M->20M(22M) 62.000ms
[2025-06-28T00:22:53.571+0200][42.367s] GC(812) User=0.12s Sys=0.00s Real=0.06s
[2025-06-28T00:22:53.571+0200][42.367s] GC(810) Concurrent Mark From Roots 116.303ms
[2025-06-28T00:22:53.571+0200][42.367s] GC(810) Concurrent Mark Abort
[2025-06-28T00:22:53.571+0200][42.367s] GC(810) Concurrent Mark Cycle 116.571ms
[2025-06-28T00:22:53.571+0200][42.368s] GC(813) Pause Young (Normal) (G1 Evacuation Pause)
[2025-06-28T00:22:53.571+0200][42.368s] GC(813) Using 8 workers of 10 for evacuation
[2025-06-28T00:22:53.572+0200][42.369s] GC(813)   Pre Evacuate Collection Set: 0.1ms
[2025-06-28T00:22:53.572+0200][42.369s] GC(813)   Merge Heap Roots: 0.1ms
[2025-06-28T00:22:53.572+0200][42.369s] GC(813)   Evacuate Collection Set: 0.4ms
[2025-06-28T00:22:53.572+0200][42.369s] GC(813)   Post Evacuate Collection Set: 0.6ms
[2025-06-28T00:22:53.572+0200][42.369s] GC(813)   Other: 0.1ms
[2025-06-28T00:22:53.572+0200][42.369s] GC(813) Eden regions: 0->0(0)
[2025-06-28T00:22:53.572+0200][42.369s] GC(813) Survivor regions: 0->0(0)
[2025-06-28T00:22:53.572+0200][42.369s] GC(813) Old regions: 22->22
[2025-06-28T00:22:53.572+0200][42.369s] GC(813) Humongous regions: 0->0
[2025-06-28T00:22:53.572+0200][42.369s] GC(813) Metaspace: 69365K(70080K)->69365K(70080K) NonClass: 60123K(60544K)->60123K(60544K) Class: 9242K(9536K)->9242K(9536K)
[2025-06-28T00:22:53.572+0200][42.369s] GC(813) Pause Young (Normal) (G1 Evacuation Pause) 20M->20M(22M) 1.649ms
[2025-06-28T00:22:53.572+0200][42.369s] GC(813) User=0.00s Sys=0.00s Real=0.00s
[2025-06-28T00:22:53.572+0200][42.369s] Attempting full compaction
[2025-06-28T00:22:53.572+0200][42.369s] GC(814) Pause Full (G1 Compaction Pause)
[2025-06-28T00:22:53.572+0200][42.369s] GC(814) Using 2 workers of 10 for full compaction
[2025-06-28T00:22:53.572+0200][42.369s] GC(814) Phase 1: Mark live objects
[2025-06-28T00:22:53.599+0200][42.396s] GC(814) Phase 1: Mark live objects 26.630ms
[2025-06-28T00:22:53.599+0200][42.396s] GC(814) Phase 2: Prepare compaction
[2025-06-28T00:22:53.600+0200][42.396s] GC(814) Phase 2: Prepare compaction 0.074ms
[2025-06-28T00:22:53.600+0200][42.396s] GC(814) Phase 3: Adjust pointers
[2025-06-28T00:22:53.610+0200][42.406s] GC(814) Phase 3: Adjust pointers 9.487ms
[2025-06-28T00:22:53.610+0200][42.406s] GC(814) Phase 4: Compact heap
[2025-06-28T00:22:53.610+0200][42.406s] GC(814) Phase 4: Compact heap 0.099ms
[2025-06-28T00:22:53.610+0200][42.406s] GC(814) Phase 5: Reset Metadata
[2025-06-28T00:22:53.613+0200][42.410s] GC(814) Phase 5: Reset Metadata 3.717ms
[2025-06-28T00:22:53.616+0200][42.413s] GC(814) Eden regions: 0->0(0)
[2025-06-28T00:22:53.616+0200][42.413s] GC(814) Survivor regions: 0->0(0)
[2025-06-28T00:22:53.616+0200][42.413s] GC(814) Old regions: 22->22
[2025-06-28T00:22:53.616+0200][42.413s] GC(814) Humongous regions: 0->0
[2025-06-28T00:22:53.616+0200][42.413s] GC(814) Metaspace: 69365K(70080K)->69365K(70080K) NonClass: 60123K(60544K)->60123K(60544K) Class: 9242K(9536K)->9242K(9536K)
[2025-06-28T00:22:53.616+0200][42.413s] GC(814) Pause Full (G1 Compaction Pause) 20M->20M(22M) 43.409ms
[2025-06-28T00:22:53.617+0200][42.413s] GC(814) User=0.09s Sys=0.00s Real=0.05s
[2025-06-28T00:22:53.617+0200][42.413s] Attempting maximal full compaction clearing soft references
[2025-06-28T00:22:53.617+0200][42.413s] GC(815) Pause Full (G1 Compaction Pause)
[2025-06-28T00:22:53.617+0200][42.413s] GC(815) Using 2 workers of 10 for full compaction
[2025-06-28T00:22:53.617+0200][42.413s] GC(815) Phase 1: Mark live objects
[2025-06-28T00:22:53.642+0200][42.439s] GC(815) Phase 1: Mark live objects 26.082ms
[2025-06-28T00:22:53.643+0200][42.439s] GC(815) Phase 2: Prepare compaction
[2025-06-28T00:22:53.649+0200][42.445s] GC(815) Phase 2: Prepare compaction 6.413ms
[2025-06-28T00:22:53.649+0200][42.445s] GC(815) Phase 3: Adjust pointers
[2025-06-28T00:22:53.666+0200][42.462s] GC(815) Phase 3: Adjust pointers 16.941ms
[2025-06-28T00:22:53.666+0200][42.463s] GC(815) Phase 4: Compact heap
[2025-06-28T00:22:53.670+0200][42.467s] GC(815) Phase 4: Compact heap 4.788ms
[2025-06-28T00:22:53.670+0200][42.467s] GC(815) Phase 5: Reset Metadata
[2025-06-28T00:22:53.672+0200][42.468s] GC(815) Phase 5: Reset Metadata 0.558ms
[2025-06-28T00:22:53.675+0200][42.471s] GC(815) Eden regions: 0->0(0)
[2025-06-28T00:22:53.675+0200][42.471s] GC(815) Survivor regions: 0->0(0)
[2025-06-28T00:22:53.675+0200][42.471s] GC(815) Old regions: 22->22
[2025-06-28T00:22:53.675+0200][42.471s] GC(815) Humongous regions: 0->0
[2025-06-28T00:22:53.675+0200][42.471s] GC(815) Metaspace: 69365K(70080K)->69365K(70080K) NonClass: 60123K(60544K)->60123K(60544K) Class: 9242K(9536K)->9242K(9536K)
[2025-06-28T00:22:53.675+0200][42.471s] GC(815) Pause Full (G1 Compaction Pause) 20M->20M(22M) 58.504ms
[2025-06-28T00:22:53.675+0200][42.471s] GC(815) User=0.12s Sys=0.00s Real=0.06s
[2025-06-28T00:22:53.675+0200][42.472s] GC(816) Pause Young (Concurrent Start) (G1 Evacuation Pause)
[2025-06-28T00:22:53.675+0200][42.472s] GC(816) Using 8 workers of 10 for evacuation
[2025-06-28T00:22:53.677+0200][42.474s] GC(816)   Pre Evacuate Collection Set: 0.7ms
[2025-06-28T00:22:53.677+0200][42.474s] GC(816)   Merge Heap Roots: 0.1ms
[2025-06-28T00:22:53.677+0200][42.474s] GC(816)   Evacuate Collection Set: 0.8ms
[2025-06-28T00:22:53.677+0200][42.474s] GC(816)   Post Evacuate Collection Set: 0.4ms
[2025-06-28T00:22:53.677+0200][42.474s] GC(816)   Other: 0.1ms
[2025-06-28T00:22:53.677+0200][42.474s] GC(816) Eden regions: 0->0(0)
[2025-06-28T00:22:53.677+0200][42.474s] GC(816) Survivor regions: 0->0(0)
[2025-06-28T00:22:53.677+0200][42.474s] GC(816) Old regions: 22->22
[2025-06-28T00:22:53.677+0200][42.474s] GC(816) Humongous regions: 0->0
[2025-06-28T00:22:53.677+0200][42.474s] GC(816) Metaspace: 69365K(70080K)->69365K(70080K) NonClass: 60123K(60544K)->60123K(60544K) Class: 9242K(9536K)->9242K(9536K)
[2025-06-28T00:22:53.677+0200][42.474s] GC(816) Pause Young (Concurrent Start) (G1 Evacuation Pause) 20M->20M(22M) 2.502ms
[2025-06-28T00:22:53.678+0200][42.474s] GC(817) Concurrent Mark Cycle
[2025-06-28T00:22:53.678+0200][42.474s] GC(816) User=0.00s Sys=0.00s Real=0.00s
[2025-06-28T00:22:53.678+0200][42.474s] GC(817) Concurrent Scan Root Regions
[2025-06-28T00:22:53.678+0200][42.474s] Attempting full compaction
[2025-06-28T00:22:53.678+0200][42.474s] GC(817) Concurrent Scan Root Regions 0.136ms
[2025-06-28T00:22:53.678+0200][42.474s] GC(818) Pause Full (G1 Compaction Pause)
[2025-06-28T00:22:53.678+0200][42.474s] GC(817) Concurrent Mark
[2025-06-28T00:22:53.678+0200][42.474s] GC(818) Using 2 workers of 10 for full compaction
[2025-06-28T00:22:53.678+0200][42.474s] GC(817) Concurrent Mark From Roots
[2025-06-28T00:22:53.678+0200][42.475s] GC(817) Using 3 workers of 3 for marking
[2025-06-28T00:22:53.678+0200][42.475s] GC(818) Phase 1: Mark live objects
[2025-06-28T00:22:53.708+0200][42.505s] GC(818) Phase 1: Mark live objects 29.739ms
[2025-06-28T00:22:53.708+0200][42.505s] GC(818) Phase 2: Prepare compaction
[2025-06-28T00:22:53.708+0200][42.505s] GC(818) Phase 2: Prepare compaction 0.136ms
[2025-06-28T00:22:53.708+0200][42.505s] GC(818) Phase 3: Adjust pointers
[2025-06-28T00:22:53.718+0200][42.515s] GC(818) Phase 3: Adjust pointers 10.117ms
[2025-06-28T00:22:53.718+0200][42.515s] GC(818) Phase 4: Compact heap
[2025-06-28T00:22:53.719+0200][42.515s] GC(818) Phase 4: Compact heap 0.099ms
[2025-06-28T00:22:53.719+0200][42.515s] GC(818) Phase 5: Reset Metadata
[2025-06-28T00:22:53.722+0200][42.519s] GC(818) Phase 5: Reset Metadata 3.725ms
[2025-06-28T00:22:53.725+0200][42.522s] GC(818) Eden regions: 0->0(0)
[2025-06-28T00:22:53.725+0200][42.522s] GC(818) Survivor regions: 0->0(0)
[2025-06-28T00:22:53.725+0200][42.522s] GC(818) Old regions: 22->22
[2025-06-28T00:22:53.725+0200][42.522s] GC(818) Humongous regions: 0->0
[2025-06-28T00:22:53.725+0200][42.522s] GC(818) Metaspace: 69365K(70080K)->69365K(70080K) NonClass: 60123K(60544K)->60123K(60544K) Class: 9242K(9536K)->9242K(9536K)
[2025-06-28T00:22:53.725+0200][42.522s] GC(818) Pause Full (G1 Compaction Pause) 20M->20M(22M) 47.336ms
[2025-06-28T00:22:53.725+0200][42.522s] GC(818) User=0.09s Sys=0.00s Real=0.05s
[2025-06-28T00:22:53.725+0200][42.522s] Attempting maximal full compaction clearing soft references
[2025-06-28T00:22:53.725+0200][42.522s] GC(819) Pause Full (G1 Compaction Pause)
[2025-06-28T00:22:53.725+0200][42.522s] GC(819) Using 2 workers of 10 for full compaction
[2025-06-28T00:22:53.725+0200][42.522s] GC(819) Phase 1: Mark live objects
[2025-06-28T00:22:53.749+0200][42.545s] GC(819) Phase 1: Mark live objects 23.132ms
[2025-06-28T00:22:53.749+0200][42.545s] GC(819) Phase 2: Prepare compaction
[2025-06-28T00:22:53.754+0200][42.550s] GC(819) Phase 2: Prepare compaction 4.595ms
[2025-06-28T00:22:53.754+0200][42.550s] GC(819) Phase 3: Adjust pointers
[2025-06-28T00:22:53.767+0200][42.563s] GC(819) Phase 3: Adjust pointers 13.063ms
[2025-06-28T00:22:53.767+0200][42.563s] GC(819) Phase 4: Compact heap
[2025-06-28T00:22:53.771+0200][42.567s] GC(819) Phase 4: Compact heap 4.116ms
[2025-06-28T00:22:53.771+0200][42.567s] GC(819) Phase 5: Reset Metadata
[2025-06-28T00:22:53.771+0200][42.568s] GC(819) Phase 5: Reset Metadata 0.428ms
[2025-06-28T00:22:53.774+0200][42.570s] GC(819) Eden regions: 0->0(0)
[2025-06-28T00:22:53.774+0200][42.570s] GC(819) Survivor regions: 0->0(0)
[2025-06-28T00:22:53.774+0200][42.570s] GC(819) Old regions: 22->22
[2025-06-28T00:22:53.774+0200][42.570s] GC(819) Humongous regions: 0->0
[2025-06-28T00:22:53.774+0200][42.570s] GC(819) Metaspace: 69365K(70080K)->69365K(70080K) NonClass: 60123K(60544K)->60123K(60544K) Class: 9242K(9536K)->9242K(9536K)
[2025-06-28T00:22:53.774+0200][42.570s] GC(819) Pause Full (G1 Compaction Pause) 20M->20M(22M) 48.649ms
[2025-06-28T00:22:53.774+0200][42.570s] GC(819) User=0.09s Sys=0.00s Real=0.05s
[2025-06-28T00:22:53.774+0200][42.571s] GC(817) Concurrent Mark From Roots 96.065ms
[2025-06-28T00:22:53.774+0200][42.571s] GC(817) Concurrent Mark Abort
[2025-06-28T00:22:53.775+0200][42.571s] GC(817) Concurrent Mark Cycle 96.586ms
[2025-06-28T00:22:53.775+0200][42.571s] GC(820) Pause Young (Normal) (G1 Evacuation Pause)
[2025-06-28T00:22:53.775+0200][42.571s] GC(820) Using 8 workers of 10 for evacuation
[2025-06-28T00:22:53.776+0200][42.572s] GC(820)   Pre Evacuate Collection Set: 0.1ms
[2025-06-28T00:22:53.776+0200][42.572s] GC(820)   Merge Heap Roots: 0.2ms
[2025-06-28T00:22:53.776+0200][42.572s] GC(820)   Evacuate Collection Set: 0.3ms
[2025-06-28T00:22:53.776+0200][42.572s] GC(820)   Post Evacuate Collection Set: 0.3ms
[2025-06-28T00:22:53.776+0200][42.572s] GC(820)   Other: 0.1ms
[2025-06-28T00:22:53.776+0200][42.572s] GC(820) Eden regions: 0->0(0)
[2025-06-28T00:22:53.776+0200][42.572s] GC(820) Survivor regions: 0->0(0)
[2025-06-28T00:22:53.776+0200][42.572s] GC(820) Old regions: 22->22
[2025-06-28T00:22:53.776+0200][42.572s] GC(820) Humongous regions: 0->0
[2025-06-28T00:22:53.776+0200][42.572s] GC(820) Metaspace: 69365K(70080K)->69365K(70080K) NonClass: 60123K(60544K)->60123K(60544K) Class: 9242K(9536K)->9242K(9536K)
[2025-06-28T00:22:53.776+0200][42.572s] GC(820) Pause Young (Normal) (G1 Evacuation Pause) 20M->20M(22M) 1.190ms
[2025-06-28T00:22:53.776+0200][42.572s] GC(820) User=0.00s Sys=0.00s Real=0.00s
[2025-06-28T00:22:53.776+0200][42.572s] Attempting full compaction
[2025-06-28T00:22:53.776+0200][42.572s] GC(821) Pause Full (G1 Compaction Pause)
[2025-06-28T00:22:53.776+0200][42.572s] GC(821) Using 2 workers of 10 for full compaction
[2025-06-28T00:22:53.776+0200][42.572s] GC(821) Phase 1: Mark live objects
[2025-06-28T00:22:53.801+0200][42.598s] GC(821) Phase 1: Mark live objects 25.340ms
[2025-06-28T00:22:53.801+0200][42.598s] GC(821) Phase 2: Prepare compaction
[2025-06-28T00:22:53.802+0200][42.598s] GC(821) Phase 2: Prepare compaction 0.180ms
[2025-06-28T00:22:53.802+0200][42.598s] GC(821) Phase 3: Adjust pointers
[2025-06-28T00:22:53.811+0200][42.607s] GC(821) Phase 3: Adjust pointers 9.142ms
[2025-06-28T00:22:53.811+0200][42.607s] GC(821) Phase 4: Compact heap
[2025-06-28T00:22:53.811+0200][42.607s] GC(821) Phase 4: Compact heap 0.296ms
[2025-06-28T00:22:53.811+0200][42.607s] GC(821) Phase 5: Reset Metadata
[2025-06-28T00:22:53.816+0200][42.612s] GC(821) Phase 5: Reset Metadata 4.309ms
[2025-06-28T00:22:53.819+0200][42.616s] GC(821) Eden regions: 0->0(0)
[2025-06-28T00:22:53.819+0200][42.616s] GC(821) Survivor regions: 0->0(0)
[2025-06-28T00:22:53.819+0200][42.616s] GC(821) Old regions: 22->22
[2025-06-28T00:22:53.820+0200][42.616s] GC(821) Humongous regions: 0->0
[2025-06-28T00:22:53.820+0200][42.616s] GC(821) Metaspace: 69365K(70080K)->69365K(70080K) NonClass: 60123K(60544K)->60123K(60544K) Class: 9242K(9536K)->9242K(9536K)
[2025-06-28T00:22:53.820+0200][42.616s] GC(821) Pause Full (G1 Compaction Pause) 20M->20M(22M) 43.744ms
[2025-06-28T00:22:53.820+0200][42.616s] GC(821) User=0.09s Sys=0.00s Real=0.04s
[2025-06-28T00:22:53.820+0200][42.616s] Attempting maximal full compaction clearing soft references
[2025-06-28T00:22:53.820+0200][42.616s] GC(822) Pause Full (G1 Compaction Pause)
[2025-06-28T00:22:53.820+0200][42.616s] GC(822) Using 2 workers of 10 for full compaction
[2025-06-28T00:22:53.820+0200][42.616s] GC(822) Phase 1: Mark live objects
[2025-06-28T00:22:53.843+0200][42.640s] GC(822) Phase 1: Mark live objects 23.937ms
[2025-06-28T00:22:53.843+0200][42.640s] GC(822) Phase 2: Prepare compaction
[2025-06-28T00:22:53.848+0200][42.645s] GC(822) Phase 2: Prepare compaction 4.545ms
[2025-06-28T00:22:53.848+0200][42.645s] GC(822) Phase 3: Adjust pointers
[2025-06-28T00:22:53.859+0200][42.656s] GC(822) Phase 3: Adjust pointers 11.534ms
[2025-06-28T00:22:53.859+0200][42.656s] GC(822) Phase 4: Compact heap
[2025-06-28T00:22:53.864+0200][42.661s] GC(822) Phase 4: Compact heap 4.486ms
[2025-06-28T00:22:53.864+0200][42.661s] GC(822) Phase 5: Reset Metadata
[2025-06-28T00:22:53.865+0200][42.661s] GC(822) Phase 5: Reset Metadata 0.528ms
[2025-06-28T00:22:53.868+0200][42.665s] GC(822) Eden regions: 0->0(0)
[2025-06-28T00:22:53.868+0200][42.665s] GC(822) Survivor regions: 0->0(0)
[2025-06-28T00:22:53.868+0200][42.665s] GC(822) Old regions: 22->22
[2025-06-28T00:22:53.868+0200][42.665s] GC(822) Humongous regions: 0->0
[2025-06-28T00:22:53.868+0200][42.665s] GC(822) Metaspace: 69365K(70080K)->69365K(70080K) NonClass: 60123K(60544K)->60123K(60544K) Class: 9242K(9536K)->9242K(9536K)
[2025-06-28T00:22:53.868+0200][42.665s] GC(822) Pause Full (G1 Compaction Pause) 20M->20M(22M) 48.866ms
[2025-06-28T00:22:53.868+0200][42.665s] GC(822) User=0.09s Sys=0.00s Real=0.05s
[2025-06-28T00:22:53.869+0200][42.666s] GC(823) Pause Young (Concurrent Start) (G1 Evacuation Pause)
[2025-06-28T00:22:53.869+0200][42.666s] GC(823) Using 8 workers of 10 for evacuation
[2025-06-28T00:22:53.875+0200][42.671s] GC(823)   Pre Evacuate Collection Set: 0.6ms
[2025-06-28T00:22:53.875+0200][42.671s] GC(823)   Merge Heap Roots: 0.4ms
[2025-06-28T00:22:53.875+0200][42.671s] GC(823)   Evacuate Collection Set: 1.1ms
[2025-06-28T00:22:53.875+0200][42.671s] GC(823)   Post Evacuate Collection Set: 2.0ms
[2025-06-28T00:22:53.875+0200][42.671s] GC(823)   Other: 0.2ms
[2025-06-28T00:22:53.875+0200][42.671s] GC(823) Eden regions: 0->0(0)
[2025-06-28T00:22:53.875+0200][42.671s] GC(823) Survivor regions: 0->0(0)
[2025-06-28T00:22:53.875+0200][42.671s] GC(823) Old regions: 22->22
[2025-06-28T00:22:53.875+0200][42.671s] GC(823) Humongous regions: 0->0
[2025-06-28T00:22:53.875+0200][42.671s] GC(823) Metaspace: 69365K(70080K)->69365K(70080K) NonClass: 60123K(60544K)->60123K(60544K) Class: 9242K(9536K)->9242K(9536K)
[2025-06-28T00:22:53.875+0200][42.671s] GC(823) Pause Young (Concurrent Start) (G1 Evacuation Pause) 20M->20M(22M) 4.818ms
[2025-06-28T00:22:53.875+0200][42.671s] GC(823) User=0.05s Sys=0.00s Real=0.01s
[2025-06-28T00:22:53.875+0200][42.671s] GC(824) Concurrent Mark Cycle
[2025-06-28T00:22:53.875+0200][42.671s] Attempting full compaction
[2025-06-28T00:22:53.875+0200][42.671s] GC(824) Concurrent Scan Root Regions
[2025-06-28T00:22:53.875+0200][42.671s] GC(825) Pause Full (G1 Compaction Pause)
[2025-06-28T00:22:53.875+0200][42.671s] GC(824) Concurrent Scan Root Regions 0.124ms
[2025-06-28T00:22:53.875+0200][42.671s] GC(824) Concurrent Mark
[2025-06-28T00:22:53.875+0200][42.671s] GC(825) Using 2 workers of 10 for full compaction
[2025-06-28T00:22:53.875+0200][42.671s] GC(824) Concurrent Mark From Roots
[2025-06-28T00:22:53.875+0200][42.671s] GC(824) Using 3 workers of 3 for marking
[2025-06-28T00:22:53.875+0200][42.671s] GC(825) Phase 1: Mark live objects
[2025-06-28T00:22:53.898+0200][42.695s] GC(825) Phase 1: Mark live objects 23.607ms
[2025-06-28T00:22:53.898+0200][42.695s] GC(825) Phase 2: Prepare compaction
[2025-06-28T00:22:53.898+0200][42.695s] GC(825) Phase 2: Prepare compaction 0.118ms
[2025-06-28T00:22:53.898+0200][42.695s] GC(825) Phase 3: Adjust pointers
[2025-06-28T00:22:53.908+0200][42.705s] GC(825) Phase 3: Adjust pointers 9.663ms
[2025-06-28T00:22:53.908+0200][42.705s] GC(825) Phase 4: Compact heap
[2025-06-28T00:22:53.908+0200][42.705s] GC(825) Phase 4: Compact heap 0.183ms
[2025-06-28T00:22:53.908+0200][42.705s] GC(825) Phase 5: Reset Metadata
[2025-06-28T00:22:53.912+0200][42.709s] GC(825) Phase 5: Reset Metadata 3.720ms
[2025-06-28T00:22:53.915+0200][42.712s] GC(825) Eden regions: 0->0(0)
[2025-06-28T00:22:53.915+0200][42.712s] GC(825) Survivor regions: 0->0(0)
[2025-06-28T00:22:53.915+0200][42.712s] GC(825) Old regions: 22->22
[2025-06-28T00:22:53.915+0200][42.712s] GC(825) Humongous regions: 0->0
[2025-06-28T00:22:53.915+0200][42.712s] GC(825) Metaspace: 69365K(70080K)->69365K(70080K) NonClass: 60123K(60544K)->60123K(60544K) Class: 9242K(9536K)->9242K(9536K)
[2025-06-28T00:22:53.915+0200][42.712s] GC(825) Pause Full (G1 Compaction Pause) 20M->20M(22M) 40.808ms
[2025-06-28T00:22:53.915+0200][42.712s] GC(825) User=0.05s Sys=0.02s Real=0.04s
[2025-06-28T00:22:53.915+0200][42.712s] Attempting maximal full compaction clearing soft references
[2025-06-28T00:22:53.915+0200][42.712s] GC(826) Pause Full (G1 Compaction Pause)
[2025-06-28T00:22:53.915+0200][42.712s] GC(826) Using 2 workers of 10 for full compaction
[2025-06-28T00:22:53.915+0200][42.712s] GC(826) Phase 1: Mark live objects
[2025-06-28T00:22:53.940+0200][42.737s] GC(826) Phase 1: Mark live objects 24.606ms
[2025-06-28T00:22:53.940+0200][42.737s] GC(826) Phase 2: Prepare compaction
[2025-06-28T00:22:53.946+0200][42.742s] GC(826) Phase 2: Prepare compaction 5.401ms
[2025-06-28T00:22:53.946+0200][42.742s] GC(826) Phase 3: Adjust pointers
[2025-06-28T00:22:53.959+0200][42.756s] GC(826) Phase 3: Adjust pointers 13.422ms
[2025-06-28T00:22:53.959+0200][42.756s] GC(826) Phase 4: Compact heap
[2025-06-28T00:22:53.964+0200][42.760s] GC(826) Phase 4: Compact heap 4.319ms
[2025-06-28T00:22:53.964+0200][42.760s] GC(826) Phase 5: Reset Metadata
[2025-06-28T00:22:53.964+0200][42.761s] GC(826) Phase 5: Reset Metadata 0.570ms
[2025-06-28T00:22:53.968+0200][42.764s] GC(826) Eden regions: 0->0(0)
[2025-06-28T00:22:53.968+0200][42.764s] GC(826) Survivor regions: 0->0(0)
[2025-06-28T00:22:53.968+0200][42.764s] GC(826) Old regions: 22->22
[2025-06-28T00:22:53.968+0200][42.764s] GC(826) Humongous regions: 0->0
[2025-06-28T00:22:53.968+0200][42.764s] GC(826) Metaspace: 69365K(70080K)->69365K(70080K) NonClass: 60123K(60544K)->60123K(60544K) Class: 9242K(9536K)->9242K(9536K)
[2025-06-28T00:22:53.968+0200][42.764s] GC(826) Pause Full (G1 Compaction Pause) 20M->20M(22M) 52.291ms
[2025-06-28T00:22:53.968+0200][42.764s] GC(826) User=0.11s Sys=0.00s Real=0.05s
[2025-06-28T00:22:53.968+0200][42.764s] GC(824) Concurrent Mark From Roots 93.304ms
[2025-06-28T00:22:53.968+0200][42.764s] GC(827) Pause Young (Normal) (G1 Evacuation Pause)
[2025-06-28T00:22:53.968+0200][42.765s] GC(827) Using 8 workers of 10 for evacuation
[2025-06-28T00:22:53.970+0200][42.766s] GC(827)   Pre Evacuate Collection Set: 0.2ms
[2025-06-28T00:22:53.970+0200][42.766s] GC(827)   Merge Heap Roots: 0.2ms
[2025-06-28T00:22:53.970+0200][42.766s] GC(827)   Evacuate Collection Set: 0.4ms
[2025-06-28T00:22:53.970+0200][42.766s] GC(827)   Post Evacuate Collection Set: 0.5ms
[2025-06-28T00:22:53.970+0200][42.766s] GC(827)   Other: 0.1ms
[2025-06-28T00:22:53.970+0200][42.766s] GC(827) Eden regions: 0->0(0)
[2025-06-28T00:22:53.970+0200][42.766s] GC(827) Survivor regions: 0->0(0)
[2025-06-28T00:22:53.970+0200][42.766s] GC(827) Old regions: 22->22
[2025-06-28T00:22:53.970+0200][42.766s] GC(827) Humongous regions: 0->0
[2025-06-28T00:22:53.970+0200][42.766s] GC(827) Metaspace: 69365K(70080K)->69365K(70080K) NonClass: 60123K(60544K)->60123K(60544K) Class: 9242K(9536K)->9242K(9536K)
[2025-06-28T00:22:53.970+0200][42.766s] GC(827) Pause Young (Normal) (G1 Evacuation Pause) 20M->20M(22M) 1.627ms
[2025-06-28T00:22:53.970+0200][42.766s] GC(827) User=0.00s Sys=0.00s Real=0.00s
[2025-06-28T00:22:53.970+0200][42.766s] Attempting full compaction
[2025-06-28T00:22:53.970+0200][42.766s] GC(828) Pause Full (G1 Compaction Pause)
[2025-06-28T00:22:53.970+0200][42.766s] GC(828) Using 2 workers of 10 for full compaction
[2025-06-28T00:22:53.970+0200][42.767s] GC(828) Phase 1: Mark live objects
[2025-06-28T00:22:53.994+0200][42.790s] GC(828) Phase 1: Mark live objects 23.313ms
[2025-06-28T00:22:53.994+0200][42.790s] GC(828) Phase 2: Prepare compaction
[2025-06-28T00:22:53.994+0200][42.790s] GC(828) Phase 2: Prepare compaction 0.233ms
[2025-06-28T00:22:53.994+0200][42.790s] GC(828) Phase 3: Adjust pointers
[2025-06-28T00:22:54.003+0200][42.799s] GC(828) Phase 3: Adjust pointers 9.010ms
[2025-06-28T00:22:54.003+0200][42.799s] GC(828) Phase 4: Compact heap
[2025-06-28T00:22:54.003+0200][42.799s] GC(828) Phase 4: Compact heap 0.069ms
[2025-06-28T00:22:54.003+0200][42.799s] GC(828) Phase 5: Reset Metadata
[2025-06-28T00:22:54.007+0200][42.804s] GC(828) Phase 5: Reset Metadata 4.289ms
[2025-06-28T00:22:54.011+0200][42.807s] GC(828) Eden regions: 0->0(0)
[2025-06-28T00:22:54.011+0200][42.807s] GC(828) Survivor regions: 0->0(0)
[2025-06-28T00:22:54.011+0200][42.807s] GC(828) Old regions: 22->22
[2025-06-28T00:22:54.011+0200][42.807s] GC(828) Humongous regions: 0->0
[2025-06-28T00:22:54.011+0200][42.807s] GC(828) Metaspace: 69365K(70080K)->69365K(70080K) NonClass: 60123K(60544K)->60123K(60544K) Class: 9242K(9536K)->9242K(9536K)
[2025-06-28T00:22:54.011+0200][42.807s] GC(828) Pause Full (G1 Compaction Pause) 20M->20M(22M) 40.694ms
[2025-06-28T00:22:54.011+0200][42.807s] GC(828) User=0.06s Sys=0.00s Real=0.04s
[2025-06-28T00:22:54.011+0200][42.807s] Attempting maximal full compaction clearing soft references
[2025-06-28T00:22:54.011+0200][42.807s] GC(829) Pause Full (G1 Compaction Pause)
[2025-06-28T00:22:54.011+0200][42.807s] GC(829) Using 2 workers of 10 for full compaction
[2025-06-28T00:22:54.011+0200][42.807s] GC(829) Phase 1: Mark live objects
[2025-06-28T00:22:54.037+0200][42.834s] GC(829) Phase 1: Mark live objects 26.514ms
[2025-06-28T00:22:54.037+0200][42.834s] GC(829) Phase 2: Prepare compaction
[2025-06-28T00:22:54.043+0200][42.839s] GC(829) Phase 2: Prepare compaction 5.568ms
[2025-06-28T00:22:54.043+0200][42.839s] GC(829) Phase 3: Adjust pointers
[2025-06-28T00:22:54.055+0200][42.851s] GC(829) Phase 3: Adjust pointers 11.751ms
[2025-06-28T00:22:54.055+0200][42.851s] GC(829) Phase 4: Compact heap
[2025-06-28T00:22:54.059+0200][42.855s] GC(829) Phase 4: Compact heap 3.886ms
[2025-06-28T00:22:54.059+0200][42.855s] GC(829) Phase 5: Reset Metadata
[2025-06-28T00:22:54.059+0200][42.856s] GC(829) Phase 5: Reset Metadata 0.395ms
[2025-06-28T00:22:54.062+0200][42.858s] GC(829) Eden regions: 0->0(0)
[2025-06-28T00:22:54.062+0200][42.858s] GC(829) Survivor regions: 0->0(0)
[2025-06-28T00:22:54.062+0200][42.858s] GC(829) Old regions: 22->22
[2025-06-28T00:22:54.062+0200][42.858s] GC(829) Humongous regions: 0->0
[2025-06-28T00:22:54.062+0200][42.858s] GC(829) Metaspace: 69365K(70080K)->69365K(70080K) NonClass: 60123K(60544K)->60123K(60544K) Class: 9242K(9536K)->9242K(9536K)
[2025-06-28T00:22:54.062+0200][42.858s] GC(829) Pause Full (G1 Compaction Pause) 20M->20M(22M) 51.479ms
[2025-06-28T00:22:54.062+0200][42.858s] GC(829) User=0.11s Sys=0.00s Real=0.05s
[2025-06-28T00:22:54.062+0200][42.859s] GC(824) Concurrent Mark Abort
[2025-06-28T00:22:54.062+0200][42.859s] GC(824) Concurrent Mark Cycle 187.813ms
[2025-06-28T00:22:54.062+0200][42.859s] GC(830) Pause Young (Normal) (G1 Evacuation Pause)
[2025-06-28T00:22:54.062+0200][42.859s] GC(830) Using 8 workers of 10 for evacuation
[2025-06-28T00:22:54.063+0200][42.860s] GC(830)   Pre Evacuate Collection Set: 0.1ms
[2025-06-28T00:22:54.063+0200][42.860s] GC(830)   Merge Heap Roots: 0.1ms
[2025-06-28T00:22:54.063+0200][42.860s] GC(830)   Evacuate Collection Set: 0.3ms
[2025-06-28T00:22:54.063+0200][42.860s] GC(830)   Post Evacuate Collection Set: 0.4ms
[2025-06-28T00:22:54.063+0200][42.860s] GC(830)   Other: 0.1ms
[2025-06-28T00:22:54.063+0200][42.860s] GC(830) Eden regions: 0->0(0)
[2025-06-28T00:22:54.063+0200][42.860s] GC(830) Survivor regions: 0->0(0)
[2025-06-28T00:22:54.064+0200][42.860s] GC(830) Old regions: 22->22
[2025-06-28T00:22:54.064+0200][42.860s] GC(830) Humongous regions: 0->0
[2025-06-28T00:22:54.064+0200][42.860s] GC(830) Metaspace: 69365K(70080K)->69365K(70080K) NonClass: 60123K(60544K)->60123K(60544K) Class: 9242K(9536K)->9242K(9536K)
[2025-06-28T00:22:54.064+0200][42.860s] GC(830) Pause Young (Normal) (G1 Evacuation Pause) 20M->20M(22M) 1.193ms
[2025-06-28T00:22:54.064+0200][42.860s] GC(830) User=0.00s Sys=0.00s Real=0.00s
[2025-06-28T00:22:54.064+0200][42.860s] Attempting full compaction
[2025-06-28T00:22:54.064+0200][42.860s] GC(831) Pause Full (G1 Compaction Pause)
[2025-06-28T00:22:54.064+0200][42.860s] GC(831) Using 2 workers of 10 for full compaction
[2025-06-28T00:22:54.064+0200][42.860s] GC(831) Phase 1: Mark live objects
[2025-06-28T00:22:54.093+0200][42.889s] GC(831) Phase 1: Mark live objects 29.327ms
[2025-06-28T00:22:54.093+0200][42.890s] GC(831) Phase 2: Prepare compaction
[2025-06-28T00:22:54.093+0200][42.890s] GC(831) Phase 2: Prepare compaction 0.114ms
[2025-06-28T00:22:54.093+0200][42.890s] GC(831) Phase 3: Adjust pointers
[2025-06-28T00:22:54.103+0200][42.900s] GC(831) Phase 3: Adjust pointers 9.844ms
[2025-06-28T00:22:54.103+0200][42.900s] GC(831) Phase 4: Compact heap
[2025-06-28T00:22:54.103+0200][42.900s] GC(831) Phase 4: Compact heap 0.066ms
[2025-06-28T00:22:54.103+0200][42.900s] GC(831) Phase 5: Reset Metadata
[2025-06-28T00:22:54.110+0200][42.907s] GC(831) Phase 5: Reset Metadata 7.039ms
[2025-06-28T00:22:54.114+0200][42.911s] GC(831) Eden regions: 0->0(0)
[2025-06-28T00:22:54.114+0200][42.911s] GC(831) Survivor regions: 0->0(0)
[2025-06-28T00:22:54.114+0200][42.911s] GC(831) Old regions: 22->22
[2025-06-28T00:22:54.114+0200][42.911s] GC(831) Humongous regions: 0->0
[2025-06-28T00:22:54.114+0200][42.911s] GC(831) Metaspace: 69365K(70080K)->69365K(70080K) NonClass: 60123K(60544K)->60123K(60544K) Class: 9242K(9536K)->9242K(9536K)
[2025-06-28T00:22:54.114+0200][42.911s] GC(831) Pause Full (G1 Compaction Pause) 20M->20M(22M) 50.753ms
[2025-06-28T00:22:54.114+0200][42.911s] GC(831) User=0.09s Sys=0.00s Real=0.05s
[2025-06-28T00:22:54.114+0200][42.911s] Attempting maximal full compaction clearing soft references
[2025-06-28T00:22:54.114+0200][42.911s] GC(832) Pause Full (G1 Compaction Pause)
[2025-06-28T00:22:54.114+0200][42.911s] GC(832) Using 2 workers of 10 for full compaction
[2025-06-28T00:22:54.115+0200][42.911s] GC(832) Phase 1: Mark live objects
[2025-06-28T00:22:54.143+0200][42.939s] GC(832) Phase 1: Mark live objects 27.823ms
[2025-06-28T00:22:54.143+0200][42.939s] GC(832) Phase 2: Prepare compaction
[2025-06-28T00:22:54.148+0200][42.944s] GC(832) Phase 2: Prepare compaction 5.336ms
[2025-06-28T00:22:54.148+0200][42.944s] GC(832) Phase 3: Adjust pointers
[2025-06-28T00:22:54.162+0200][42.958s] GC(832) Phase 3: Adjust pointers 13.398ms
[2025-06-28T00:22:54.162+0200][42.958s] GC(832) Phase 4: Compact heap
[2025-06-28T00:22:54.166+0200][42.962s] GC(832) Phase 4: Compact heap 4.479ms
[2025-06-28T00:22:54.166+0200][42.962s] GC(832) Phase 5: Reset Metadata
[2025-06-28T00:22:54.167+0200][42.963s] GC(832) Phase 5: Reset Metadata 0.566ms
[2025-06-28T00:22:54.171+0200][42.967s] GC(832) Eden regions: 0->0(0)
[2025-06-28T00:22:54.171+0200][42.967s] GC(832) Survivor regions: 0->0(0)
[2025-06-28T00:22:54.171+0200][42.967s] GC(832) Old regions: 22->22
[2025-06-28T00:22:54.171+0200][42.967s] GC(832) Humongous regions: 0->0
[2025-06-28T00:22:54.171+0200][42.967s] GC(832) Metaspace: 69365K(70080K)->69365K(70080K) NonClass: 60123K(60544K)->60123K(60544K) Class: 9242K(9536K)->9242K(9536K)
[2025-06-28T00:22:54.171+0200][42.967s] GC(832) Pause Full (G1 Compaction Pause) 20M->20M(22M) 56.109ms
[2025-06-28T00:22:54.171+0200][42.967s] GC(832) User=0.12s Sys=0.00s Real=0.06s
[2025-06-28T00:22:54.171+0200][42.967s] GC(833) Pause Young (Concurrent Start) (G1 Evacuation Pause)
[2025-06-28T00:22:54.171+0200][42.967s] GC(833) Using 8 workers of 10 for evacuation
[2025-06-28T00:22:54.174+0200][42.970s] GC(833)   Pre Evacuate Collection Set: 0.3ms
[2025-06-28T00:22:54.174+0200][42.970s] GC(833)   Merge Heap Roots: 0.6ms
[2025-06-28T00:22:54.174+0200][42.970s] GC(833)   Evacuate Collection Set: 0.8ms
[2025-06-28T00:22:54.174+0200][42.970s] GC(833)   Post Evacuate Collection Set: 0.9ms
[2025-06-28T00:22:54.174+0200][42.970s] GC(833)   Other: 0.2ms
[2025-06-28T00:22:54.174+0200][42.970s] GC(833) Eden regions: 0->0(0)
[2025-06-28T00:22:54.174+0200][42.970s] GC(833) Survivor regions: 0->0(0)
[2025-06-28T00:22:54.174+0200][42.970s] GC(833) Old regions: 22->22
[2025-06-28T00:22:54.174+0200][42.970s] GC(833) Humongous regions: 0->0
[2025-06-28T00:22:54.174+0200][42.970s] GC(833) Metaspace: 69365K(70080K)->69365K(70080K) NonClass: 60123K(60544K)->60123K(60544K) Class: 9242K(9536K)->9242K(9536K)
[2025-06-28T00:22:54.174+0200][42.971s] GC(833) Pause Young (Concurrent Start) (G1 Evacuation Pause) 20M->20M(22M) 3.156ms
[2025-06-28T00:22:54.174+0200][42.971s] GC(834) Concurrent Mark Cycle
[2025-06-28T00:22:54.174+0200][42.971s] GC(833) User=0.00s Sys=0.00s Real=0.00s
[2025-06-28T00:22:54.174+0200][42.971s] GC(834) Concurrent Scan Root Regions
[2025-06-28T00:22:54.174+0200][42.971s] Attempting full compaction
[2025-06-28T00:22:54.174+0200][42.971s] GC(834) Concurrent Scan Root Regions 0.242ms
[2025-06-28T00:22:54.174+0200][42.971s] GC(835) Pause Full (G1 Compaction Pause)
[2025-06-28T00:22:54.174+0200][42.971s] GC(834) Concurrent Mark
[2025-06-28T00:22:54.174+0200][42.971s] GC(835) Using 2 workers of 10 for full compaction
[2025-06-28T00:22:54.174+0200][42.971s] GC(834) Concurrent Mark From Roots
[2025-06-28T00:22:54.175+0200][42.971s] GC(834) Using 3 workers of 3 for marking
[2025-06-28T00:22:54.175+0200][42.971s] GC(835) Phase 1: Mark live objects
[2025-06-28T00:22:54.203+0200][42.999s] GC(835) Phase 1: Mark live objects 27.891ms
[2025-06-28T00:22:54.203+0200][42.999s] GC(835) Phase 2: Prepare compaction
[2025-06-28T00:22:54.203+0200][43.000s] GC(835) Phase 2: Prepare compaction 0.214ms
[2025-06-28T00:22:54.203+0200][43.000s] GC(835) Phase 3: Adjust pointers
[2025-06-28T00:22:54.212+0200][43.009s] GC(835) Phase 3: Adjust pointers 9.024ms
[2025-06-28T00:22:54.212+0200][43.009s] GC(835) Phase 4: Compact heap
[2025-06-28T00:22:54.212+0200][43.009s] GC(835) Phase 4: Compact heap 0.176ms
[2025-06-28T00:22:54.213+0200][43.009s] GC(835) Phase 5: Reset Metadata
[2025-06-28T00:22:54.217+0200][43.013s] GC(835) Phase 5: Reset Metadata 4.395ms
[2025-06-28T00:22:54.220+0200][43.016s] GC(835) Eden regions: 0->0(0)
[2025-06-28T00:22:54.220+0200][43.016s] GC(835) Survivor regions: 0->0(0)
[2025-06-28T00:22:54.220+0200][43.016s] GC(835) Old regions: 22->22
[2025-06-28T00:22:54.220+0200][43.016s] GC(835) Humongous regions: 0->0
[2025-06-28T00:22:54.220+0200][43.016s] GC(835) Metaspace: 69365K(70080K)->69365K(70080K) NonClass: 60123K(60544K)->60123K(60544K) Class: 9242K(9536K)->9242K(9536K)
[2025-06-28T00:22:54.220+0200][43.016s] GC(835) Pause Full (G1 Compaction Pause) 20M->20M(22M) 45.438ms
[2025-06-28T00:22:54.220+0200][43.016s] GC(835) User=0.09s Sys=0.00s Real=0.05s
[2025-06-28T00:22:54.220+0200][43.016s] Attempting maximal full compaction clearing soft references
[2025-06-28T00:22:54.220+0200][43.016s] GC(836) Pause Full (G1 Compaction Pause)
[2025-06-28T00:22:54.220+0200][43.016s] GC(836) Using 2 workers of 10 for full compaction
[2025-06-28T00:22:54.220+0200][43.017s] GC(836) Phase 1: Mark live objects
[2025-06-28T00:22:54.242+0200][43.039s] GC(836) Phase 1: Mark live objects 22.153ms
[2025-06-28T00:22:54.242+0200][43.039s] GC(836) Phase 2: Prepare compaction
[2025-06-28T00:22:54.247+0200][43.044s] GC(836) Phase 2: Prepare compaction 4.751ms
[2025-06-28T00:22:54.247+0200][43.044s] GC(836) Phase 3: Adjust pointers
[2025-06-28T00:22:54.260+0200][43.057s] GC(836) Phase 3: Adjust pointers 12.930ms
[2025-06-28T00:22:54.260+0200][43.057s] GC(836) Phase 4: Compact heap
[2025-06-28T00:22:54.267+0200][43.063s] GC(836) Phase 4: Compact heap 6.708ms
[2025-06-28T00:22:54.267+0200][43.064s] GC(836) Phase 5: Reset Metadata
[2025-06-28T00:22:54.268+0200][43.064s] GC(836) Phase 5: Reset Metadata 0.781ms
[2025-06-28T00:22:54.271+0200][43.068s] GC(836) Eden regions: 0->0(0)
[2025-06-28T00:22:54.271+0200][43.068s] GC(836) Survivor regions: 0->0(0)
[2025-06-28T00:22:54.271+0200][43.068s] GC(836) Old regions: 22->22
[2025-06-28T00:22:54.271+0200][43.068s] GC(836) Humongous regions: 0->0
[2025-06-28T00:22:54.271+0200][43.068s] GC(836) Metaspace: 69365K(70080K)->69365K(70080K) NonClass: 60123K(60544K)->60123K(60544K) Class: 9242K(9536K)->9242K(9536K)
[2025-06-28T00:22:54.271+0200][43.068s] GC(836) Pause Full (G1 Compaction Pause) 20M->20M(22M) 51.368ms
[2025-06-28T00:22:54.271+0200][43.068s] GC(836) User=0.08s Sys=0.00s Real=0.05s
[2025-06-28T00:22:54.272+0200][43.068s] GC(834) Concurrent Mark From Roots 97.123ms
[2025-06-28T00:22:54.272+0200][43.068s] GC(837) Pause Young (Normal) (G1 Evacuation Pause)
[2025-06-28T00:22:54.272+0200][43.068s] GC(837) Using 8 workers of 10 for evacuation
[2025-06-28T00:22:54.273+0200][43.070s] GC(837)   Pre Evacuate Collection Set: 0.2ms
[2025-06-28T00:22:54.273+0200][43.070s] GC(837)   Merge Heap Roots: 0.1ms
[2025-06-28T00:22:54.273+0200][43.070s] GC(837)   Evacuate Collection Set: 0.4ms
[2025-06-28T00:22:54.273+0200][43.070s] GC(837)   Post Evacuate Collection Set: 0.5ms
[2025-06-28T00:22:54.273+0200][43.070s] GC(837)   Other: 0.1ms
[2025-06-28T00:22:54.273+0200][43.070s] GC(837) Eden regions: 0->0(0)
[2025-06-28T00:22:54.273+0200][43.070s] GC(837) Survivor regions: 0->0(0)
[2025-06-28T00:22:54.273+0200][43.070s] GC(837) Old regions: 22->22
[2025-06-28T00:22:54.273+0200][43.070s] GC(837) Humongous regions: 0->0
[2025-06-28T00:22:54.273+0200][43.070s] GC(837) Metaspace: 69366K(70080K)->69366K(70080K) NonClass: 60124K(60544K)->60124K(60544K) Class: 9242K(9536K)->9242K(9536K)
[2025-06-28T00:22:54.273+0200][43.070s] GC(837) Pause Young (Normal) (G1 Evacuation Pause) 20M->20M(22M) 1.618ms
[2025-06-28T00:22:54.273+0200][43.070s] GC(837) User=0.00s Sys=0.00s Real=0.00s
[2025-06-28T00:22:54.273+0200][43.070s] Attempting full compaction
[2025-06-28T00:22:54.273+0200][43.070s] GC(838) Pause Full (G1 Compaction Pause)
[2025-06-28T00:22:54.273+0200][43.070s] GC(838) Using 2 workers of 10 for full compaction
[2025-06-28T00:22:54.274+0200][43.070s] GC(838) Phase 1: Mark live objects
[2025-06-28T00:22:54.305+0200][43.101s] GC(838) Phase 1: Mark live objects 30.507ms
[2025-06-28T00:22:54.305+0200][43.101s] GC(838) Phase 2: Prepare compaction
[2025-06-28T00:22:54.305+0200][43.101s] GC(838) Phase 2: Prepare compaction 0.144ms
[2025-06-28T00:22:54.305+0200][43.101s] GC(838) Phase 3: Adjust pointers
[2025-06-28T00:22:54.314+0200][43.111s] GC(838) Phase 3: Adjust pointers 9.398ms
[2025-06-28T00:22:54.314+0200][43.111s] GC(838) Phase 4: Compact heap
[2025-06-28T00:22:54.315+0200][43.111s] GC(838) Phase 4: Compact heap 0.128ms
[2025-06-28T00:22:54.315+0200][43.111s] GC(838) Phase 5: Reset Metadata
[2025-06-28T00:22:54.319+0200][43.115s] GC(838) Phase 5: Reset Metadata 4.307ms
[2025-06-28T00:22:54.322+0200][43.118s] GC(838) Eden regions: 0->0(0)
[2025-06-28T00:22:54.322+0200][43.119s] GC(838) Survivor regions: 0->0(0)
[2025-06-28T00:22:54.322+0200][43.119s] GC(838) Old regions: 22->22
[2025-06-28T00:22:54.322+0200][43.119s] GC(838) Humongous regions: 0->0
[2025-06-28T00:22:54.322+0200][43.119s] GC(838) Metaspace: 69366K(70080K)->69366K(70080K) NonClass: 60124K(60544K)->60124K(60544K) Class: 9242K(9536K)->9242K(9536K)
[2025-06-28T00:22:54.322+0200][43.119s] GC(838) Pause Full (G1 Compaction Pause) 20M->20M(22M) 48.505ms
[2025-06-28T00:22:54.322+0200][43.119s] GC(838) User=0.09s Sys=0.00s Real=0.05s
[2025-06-28T00:22:54.322+0200][43.119s] Attempting maximal full compaction clearing soft references
[2025-06-28T00:22:54.322+0200][43.119s] GC(839) Pause Full (G1 Compaction Pause)
[2025-06-28T00:22:54.322+0200][43.119s] GC(839) Using 2 workers of 10 for full compaction
[2025-06-28T00:22:54.322+0200][43.119s] GC(839) Phase 1: Mark live objects
[2025-06-28T00:22:54.351+0200][43.147s] GC(839) Phase 1: Mark live objects 28.300ms
[2025-06-28T00:22:54.351+0200][43.147s] GC(839) Phase 2: Prepare compaction
[2025-06-28T00:22:54.358+0200][43.154s] GC(839) Phase 2: Prepare compaction 6.463ms
[2025-06-28T00:22:54.358+0200][43.154s] GC(839) Phase 3: Adjust pointers
[2025-06-28T00:22:54.371+0200][43.167s] GC(839) Phase 3: Adjust pointers 12.902ms
[2025-06-28T00:22:54.371+0200][43.167s] GC(839) Phase 4: Compact heap
[2025-06-28T00:22:54.376+0200][43.171s] GC(839) Phase 4: Compact heap 4.576ms
[2025-06-28T00:22:54.376+0200][43.171s] GC(839) Phase 5: Reset Metadata
[2025-06-28T00:22:54.376+0200][43.172s] GC(839) Phase 5: Reset Metadata 0.658ms
[2025-06-28T00:22:54.379+0200][43.175s] GC(839) Eden regions: 0->0(0)
[2025-06-28T00:22:54.379+0200][43.175s] GC(839) Survivor regions: 0->0(0)
[2025-06-28T00:22:54.379+0200][43.175s] GC(839) Old regions: 22->22
[2025-06-28T00:22:54.379+0200][43.175s] GC(839) Humongous regions: 0->0
[2025-06-28T00:22:54.379+0200][43.175s] GC(839) Metaspace: 69366K(70080K)->69366K(70080K) NonClass: 60124K(60544K)->60124K(60544K) Class: 9242K(9536K)->9242K(9536K)
[2025-06-28T00:22:54.379+0200][43.175s] GC(839) Pause Full (G1 Compaction Pause) 20M->20M(22M) 56.692ms
[2025-06-28T00:22:54.380+0200][43.175s] GC(839) User=0.12s Sys=0.00s Real=0.06s
[2025-06-28T00:22:54.380+0200][43.176s] GC(834) Concurrent Mark Abort
[2025-06-28T00:22:54.380+0200][43.176s] GC(834) Concurrent Mark Cycle 205.035ms
[2025-06-28T00:22:54.380+0200][43.176s] GC(840) Pause Young (Normal) (G1 Evacuation Pause)
[2025-06-28T00:22:54.380+0200][43.176s] GC(840) Using 8 workers of 10 for evacuation
[2025-06-28T00:22:54.381+0200][43.177s] GC(840)   Pre Evacuate Collection Set: 0.3ms
[2025-06-28T00:22:54.381+0200][43.177s] GC(840)   Merge Heap Roots: 0.2ms
[2025-06-28T00:22:54.381+0200][43.177s] GC(840)   Evacuate Collection Set: 0.4ms
[2025-06-28T00:22:54.381+0200][43.177s] GC(840)   Post Evacuate Collection Set: 0.6ms
[2025-06-28T00:22:54.382+0200][43.177s] GC(840)   Other: 0.1ms
[2025-06-28T00:22:54.382+0200][43.177s] GC(840) Eden regions: 0->0(0)
[2025-06-28T00:22:54.382+0200][43.177s] GC(840) Survivor regions: 0->0(0)
[2025-06-28T00:22:54.382+0200][43.177s] GC(840) Old regions: 22->22
[2025-06-28T00:22:54.382+0200][43.177s] GC(840) Humongous regions: 0->0
[2025-06-28T00:22:54.382+0200][43.177s] GC(840) Metaspace: 69368K(70080K)->69368K(70080K) NonClass: 60125K(60544K)->60125K(60544K) Class: 9243K(9536K)->9243K(9536K)
[2025-06-28T00:22:54.382+0200][43.178s] GC(840) Pause Young (Normal) (G1 Evacuation Pause) 20M->20M(22M) 1.890ms
[2025-06-28T00:22:54.382+0200][43.178s] GC(840) User=0.00s Sys=0.00s Real=0.00s
[2025-06-28T00:22:54.382+0200][43.178s] Attempting full compaction
[2025-06-28T00:22:54.382+0200][43.178s] GC(841) Pause Full (G1 Compaction Pause)
[2025-06-28T00:22:54.382+0200][43.178s] GC(841) Using 2 workers of 10 for full compaction
[2025-06-28T00:22:54.382+0200][43.178s] GC(841) Phase 1: Mark live objects
[2025-06-28T00:22:54.409+0200][43.205s] GC(841) Phase 1: Mark live objects 26.722ms
[2025-06-28T00:22:54.409+0200][43.205s] GC(841) Phase 2: Prepare compaction
[2025-06-28T00:22:54.409+0200][43.205s] GC(841) Phase 2: Prepare compaction 0.159ms
[2025-06-28T00:22:54.409+0200][43.205s] GC(841) Phase 3: Adjust pointers
[2025-06-28T00:22:54.419+0200][43.215s] GC(841) Phase 3: Adjust pointers 10.402ms
[2025-06-28T00:22:54.419+0200][43.215s] GC(841) Phase 4: Compact heap
[2025-06-28T00:22:54.420+0200][43.215s] GC(841) Phase 4: Compact heap 0.127ms
[2025-06-28T00:22:54.420+0200][43.215s] GC(841) Phase 5: Reset Metadata
[2025-06-28T00:22:54.425+0200][43.221s] GC(841) Phase 5: Reset Metadata 5.890ms
[2025-06-28T00:22:54.429+0200][43.225s] GC(841) Eden regions: 0->0(0)
[2025-06-28T00:22:54.429+0200][43.225s] GC(841) Survivor regions: 0->0(0)
[2025-06-28T00:22:54.429+0200][43.225s] GC(841) Old regions: 22->22
[2025-06-28T00:22:54.429+0200][43.225s] GC(841) Humongous regions: 0->0
[2025-06-28T00:22:54.429+0200][43.225s] GC(841) Metaspace: 69368K(70080K)->69368K(70080K) NonClass: 60125K(60544K)->60125K(60544K) Class: 9243K(9536K)->9243K(9536K)
[2025-06-28T00:22:54.429+0200][43.225s] GC(841) Pause Full (G1 Compaction Pause) 20M->20M(22M) 47.347ms
[2025-06-28T00:22:54.429+0200][43.225s] GC(841) User=0.08s Sys=0.00s Real=0.05s
[2025-06-28T00:22:54.429+0200][43.225s] Attempting maximal full compaction clearing soft references
[2025-06-28T00:22:54.429+0200][43.225s] GC(842) Pause Full (G1 Compaction Pause)
[2025-06-28T00:22:54.429+0200][43.225s] GC(842) Using 2 workers of 10 for full compaction
[2025-06-28T00:22:54.429+0200][43.225s] GC(842) Phase 1: Mark live objects
[2025-06-28T00:22:54.453+0200][43.249s] GC(842) Phase 1: Mark live objects 24.263ms
[2025-06-28T00:22:54.453+0200][43.249s] GC(842) Phase 2: Prepare compaction
[2025-06-28T00:22:54.458+0200][43.255s] GC(842) Phase 2: Prepare compaction 5.224ms
[2025-06-28T00:22:54.458+0200][43.255s] GC(842) Phase 3: Adjust pointers
[2025-06-28T00:22:54.471+0200][43.267s] GC(842) Phase 3: Adjust pointers 12.635ms
[2025-06-28T00:22:54.471+0200][43.267s] GC(842) Phase 4: Compact heap
[2025-06-28T00:22:54.475+0200][43.271s] GC(842) Phase 4: Compact heap 4.018ms
[2025-06-28T00:22:54.475+0200][43.272s] GC(842) Phase 5: Reset Metadata
[2025-06-28T00:22:54.475+0200][43.272s] GC(842) Phase 5: Reset Metadata 0.542ms
[2025-06-28T00:22:54.478+0200][43.275s] GC(842) Eden regions: 0->0(0)
[2025-06-28T00:22:54.478+0200][43.275s] GC(842) Survivor regions: 0->0(0)
[2025-06-28T00:22:54.478+0200][43.275s] GC(842) Old regions: 22->22
[2025-06-28T00:22:54.478+0200][43.275s] GC(842) Humongous regions: 0->0
[2025-06-28T00:22:54.478+0200][43.275s] GC(842) Metaspace: 69368K(70080K)->69368K(70080K) NonClass: 60125K(60544K)->60125K(60544K) Class: 9243K(9536K)->9243K(9536K)
[2025-06-28T00:22:54.478+0200][43.275s] GC(842) Pause Full (G1 Compaction Pause) 20M->20M(22M) 49.828ms
[2025-06-28T00:22:54.478+0200][43.275s] GC(842) User=0.09s Sys=0.00s Real=0.05s
[2025-06-28T00:22:54.479+0200][43.275s] GC(843) Pause Young (Concurrent Start) (G1 Evacuation Pause)
[2025-06-28T00:22:54.479+0200][43.275s] GC(843) Using 8 workers of 10 for evacuation
[2025-06-28T00:22:54.480+0200][43.277s] GC(843)   Pre Evacuate Collection Set: 0.2ms
[2025-06-28T00:22:54.480+0200][43.277s] GC(843)   Merge Heap Roots: 0.1ms
[2025-06-28T00:22:54.480+0200][43.277s] GC(843)   Evacuate Collection Set: 0.6ms
[2025-06-28T00:22:54.480+0200][43.277s] GC(843)   Post Evacuate Collection Set: 0.5ms
[2025-06-28T00:22:54.480+0200][43.277s] GC(843)   Other: 0.1ms
[2025-06-28T00:22:54.480+0200][43.277s] GC(843) Eden regions: 0->0(0)
[2025-06-28T00:22:54.480+0200][43.277s] GC(843) Survivor regions: 0->0(0)
[2025-06-28T00:22:54.480+0200][43.277s] GC(843) Old regions: 22->22
[2025-06-28T00:22:54.480+0200][43.277s] GC(843) Humongous regions: 0->0
[2025-06-28T00:22:54.480+0200][43.277s] GC(843) Metaspace: 69368K(70080K)->69368K(70080K) NonClass: 60125K(60544K)->60125K(60544K) Class: 9243K(9536K)->9243K(9536K)
[2025-06-28T00:22:54.480+0200][43.277s] GC(843) Pause Young (Concurrent Start) (G1 Evacuation Pause) 20M->20M(22M) 1.781ms
[2025-06-28T00:22:54.480+0200][43.277s] GC(843) User=0.02s Sys=0.00s Real=0.00s
[2025-06-28T00:22:54.480+0200][43.277s] Attempting full compaction
[2025-06-28T00:22:54.480+0200][43.277s] GC(844) Pause Full (G1 Compaction Pause)
[2025-06-28T00:22:54.480+0200][43.277s] GC(844) Using 2 workers of 10 for full compaction
[2025-06-28T00:22:54.480+0200][43.277s] GC(845) Concurrent Mark Cycle
[2025-06-28T00:22:54.480+0200][43.277s] GC(845) Concurrent Scan Root Regions
[2025-06-28T00:22:54.480+0200][43.277s] GC(845) Concurrent Scan Root Regions 0.022ms
[2025-06-28T00:22:54.481+0200][43.277s] GC(844) Phase 1: Mark live objects
[2025-06-28T00:22:54.522+0200][43.318s] GC(844) Phase 1: Mark live objects 40.824ms
[2025-06-28T00:22:54.522+0200][43.318s] GC(844) Phase 2: Prepare compaction
[2025-06-28T00:22:54.522+0200][43.318s] GC(844) Phase 2: Prepare compaction 0.091ms
[2025-06-28T00:22:54.522+0200][43.318s] GC(844) Phase 3: Adjust pointers
[2025-06-28T00:22:54.532+0200][43.328s] GC(844) Phase 3: Adjust pointers 9.530ms
[2025-06-28T00:22:54.532+0200][43.328s] GC(844) Phase 4: Compact heap
[2025-06-28T00:22:54.532+0200][43.328s] GC(844) Phase 4: Compact heap 0.098ms
[2025-06-28T00:22:54.532+0200][43.328s] GC(844) Phase 5: Reset Metadata
[2025-06-28T00:22:54.536+0200][43.332s] GC(844) Phase 5: Reset Metadata 4.204ms
[2025-06-28T00:22:54.539+0200][43.335s] GC(844) Eden regions: 0->0(0)
[2025-06-28T00:22:54.539+0200][43.336s] GC(844) Survivor regions: 0->0(0)
[2025-06-28T00:22:54.539+0200][43.336s] GC(844) Old regions: 22->22
[2025-06-28T00:22:54.539+0200][43.336s] GC(844) Humongous regions: 0->0
[2025-06-28T00:22:54.539+0200][43.336s] GC(844) Metaspace: 69368K(70080K)->69366K(70080K) NonClass: 60125K(60544K)->60124K(60544K) Class: 9243K(9536K)->9242K(9536K)
[2025-06-28T00:22:54.539+0200][43.336s] GC(844) Pause Full (G1 Compaction Pause) 20M->20M(22M) 58.568ms
[2025-06-28T00:22:54.539+0200][43.336s] GC(844) User=0.09s Sys=0.00s Real=0.06s
[2025-06-28T00:22:54.539+0200][43.336s] Attempting maximal full compaction clearing soft references
[2025-06-28T00:22:54.539+0200][43.336s] GC(846) Pause Full (G1 Compaction Pause)
[2025-06-28T00:22:54.539+0200][43.336s] GC(846) Using 2 workers of 10 for full compaction
[2025-06-28T00:22:54.540+0200][43.336s] GC(846) Phase 1: Mark live objects
[2025-06-28T00:22:54.564+0200][43.360s] GC(846) Phase 1: Mark live objects 24.055ms
[2025-06-28T00:22:54.564+0200][43.360s] GC(846) Phase 2: Prepare compaction
[2025-06-28T00:22:54.569+0200][43.365s] GC(846) Phase 2: Prepare compaction 5.205ms
[2025-06-28T00:22:54.569+0200][43.365s] GC(846) Phase 3: Adjust pointers
[2025-06-28T00:22:54.583+0200][43.379s] GC(846) Phase 3: Adjust pointers 14.016ms
[2025-06-28T00:22:54.583+0200][43.379s] GC(846) Phase 4: Compact heap
[2025-06-28T00:22:54.588+0200][43.384s] GC(846) Phase 4: Compact heap 4.902ms
[2025-06-28T00:22:54.588+0200][43.384s] GC(846) Phase 5: Reset Metadata
[2025-06-28T00:22:54.589+0200][43.385s] GC(846) Phase 5: Reset Metadata 0.856ms
[2025-06-28T00:22:54.593+0200][43.389s] GC(846) Eden regions: 0->0(0)
[2025-06-28T00:22:54.593+0200][43.389s] GC(846) Survivor regions: 0->0(0)
[2025-06-28T00:22:54.593+0200][43.389s] GC(846) Old regions: 22->22
[2025-06-28T00:22:54.593+0200][43.389s] GC(846) Humongous regions: 0->0
[2025-06-28T00:22:54.593+0200][43.389s] GC(846) Metaspace: 69366K(70080K)->69366K(70080K) NonClass: 60124K(60544K)->60124K(60544K) Class: 9242K(9536K)->9242K(9536K)
[2025-06-28T00:22:54.593+0200][43.389s] GC(846) Pause Full (G1 Compaction Pause) 20M->20M(22M) 53.594ms
[2025-06-28T00:22:54.593+0200][43.389s] GC(846) User=0.12s Sys=0.00s Real=0.05s
[2025-06-28T00:22:54.593+0200][43.389s] GC(845) Concurrent Mark Abort
[2025-06-28T00:22:54.593+0200][43.390s] GC(845) Concurrent Mark Cycle 112.455ms
[2025-06-28T00:22:54.594+0200][43.390s] GC(847) Pause Young (Normal) (G1 Evacuation Pause)
[2025-06-28T00:22:54.594+0200][43.390s] GC(847) Using 8 workers of 10 for evacuation
[2025-06-28T00:22:54.595+0200][43.391s] GC(847)   Pre Evacuate Collection Set: 0.4ms
[2025-06-28T00:22:54.595+0200][43.391s] GC(847)   Merge Heap Roots: 0.2ms
[2025-06-28T00:22:54.595+0200][43.391s] GC(847)   Evacuate Collection Set: 0.6ms
[2025-06-28T00:22:54.595+0200][43.391s] GC(847)   Post Evacuate Collection Set: 0.4ms
[2025-06-28T00:22:54.595+0200][43.392s] GC(847)   Other: 0.1ms
[2025-06-28T00:22:54.595+0200][43.392s] GC(847) Eden regions: 0->0(0)
[2025-06-28T00:22:54.595+0200][43.392s] GC(847) Survivor regions: 0->0(0)
[2025-06-28T00:22:54.595+0200][43.392s] GC(847) Old regions: 22->22
[2025-06-28T00:22:54.595+0200][43.392s] GC(847) Humongous regions: 0->0
[2025-06-28T00:22:54.595+0200][43.392s] GC(847) Metaspace: 69366K(70080K)->69366K(70080K) NonClass: 60124K(60544K)->60124K(60544K) Class: 9242K(9536K)->9242K(9536K)
[2025-06-28T00:22:54.595+0200][43.392s] GC(847) Pause Young (Normal) (G1 Evacuation Pause) 20M->20M(22M) 2.024ms
[2025-06-28T00:22:54.595+0200][43.392s] GC(847) User=0.00s Sys=0.00s Real=0.00s
[2025-06-28T00:22:54.595+0200][43.392s] Attempting full compaction
[2025-06-28T00:22:54.595+0200][43.392s] GC(848) Pause Full (G1 Compaction Pause)
[2025-06-28T00:22:54.596+0200][43.392s] GC(848) Using 2 workers of 10 for full compaction
[2025-06-28T00:22:54.596+0200][43.392s] GC(848) Phase 1: Mark live objects
[2025-06-28T00:22:54.625+0200][43.421s] GC(848) Phase 1: Mark live objects 29.352ms
[2025-06-28T00:22:54.625+0200][43.421s] GC(848) Phase 2: Prepare compaction
[2025-06-28T00:22:54.625+0200][43.422s] GC(848) Phase 2: Prepare compaction 0.161ms
[2025-06-28T00:22:54.625+0200][43.422s] GC(848) Phase 3: Adjust pointers
[2025-06-28T00:22:54.635+0200][43.431s] GC(848) Phase 3: Adjust pointers 9.698ms
[2025-06-28T00:22:54.635+0200][43.431s] GC(848) Phase 4: Compact heap
[2025-06-28T00:22:54.635+0200][43.432s] GC(848) Phase 4: Compact heap 0.184ms
[2025-06-28T00:22:54.635+0200][43.432s] GC(848) Phase 5: Reset Metadata
[2025-06-28T00:22:54.640+0200][43.436s] GC(848) Phase 5: Reset Metadata 4.162ms
[2025-06-28T00:22:54.643+0200][43.439s] GC(848) Eden regions: 0->0(0)
[2025-06-28T00:22:54.644+0200][43.439s] GC(848) Survivor regions: 0->0(0)
[2025-06-28T00:22:54.644+0200][43.439s] GC(848) Old regions: 22->22
[2025-06-28T00:22:54.644+0200][43.439s] GC(848) Humongous regions: 0->0
[2025-06-28T00:22:54.644+0200][43.439s] GC(848) Metaspace: 69366K(70080K)->69366K(70080K) NonClass: 60124K(60544K)->60124K(60544K) Class: 9242K(9536K)->9242K(9536K)
[2025-06-28T00:22:54.644+0200][43.439s] GC(848) Pause Full (G1 Compaction Pause) 20M->20M(22M) 47.725ms
[2025-06-28T00:22:54.644+0200][43.440s] GC(848) User=0.06s Sys=0.02s Real=0.05s
[2025-06-28T00:22:54.644+0200][43.440s] Attempting maximal full compaction clearing soft references
[2025-06-28T00:22:54.644+0200][43.440s] GC(849) Pause Full (G1 Compaction Pause)
[2025-06-28T00:22:54.644+0200][43.440s] GC(849) Using 2 workers of 10 for full compaction
[2025-06-28T00:22:54.644+0200][43.440s] GC(849) Phase 1: Mark live objects
[2025-06-28T00:22:54.671+0200][43.466s] GC(849) Phase 1: Mark live objects 26.780ms
[2025-06-28T00:22:54.671+0200][43.467s] GC(849) Phase 2: Prepare compaction
[2025-06-28T00:22:54.676+0200][43.472s] GC(849) Phase 2: Prepare compaction 5.791ms
[2025-06-28T00:22:54.677+0200][43.472s] GC(849) Phase 3: Adjust pointers
[2025-06-28T00:22:54.689+0200][43.484s] GC(849) Phase 3: Adjust pointers 12.029ms
[2025-06-28T00:22:54.689+0200][43.484s] GC(849) Phase 4: Compact heap
[2025-06-28T00:22:54.693+0200][43.489s] GC(849) Phase 4: Compact heap 4.364ms
[2025-06-28T00:22:54.693+0200][43.489s] GC(849) Phase 5: Reset Metadata
[2025-06-28T00:22:54.694+0200][43.489s] GC(849) Phase 5: Reset Metadata 0.535ms
[2025-06-28T00:22:54.696+0200][43.492s] GC(849) Eden regions: 0->0(0)
[2025-06-28T00:22:54.696+0200][43.492s] GC(849) Survivor regions: 0->0(0)
[2025-06-28T00:22:54.696+0200][43.492s] GC(849) Old regions: 22->22
[2025-06-28T00:22:54.696+0200][43.492s] GC(849) Humongous regions: 0->0
[2025-06-28T00:22:54.696+0200][43.492s] GC(849) Metaspace: 69366K(70080K)->69366K(70080K) NonClass: 60124K(60544K)->60124K(60544K) Class: 9242K(9536K)->9242K(9536K)
[2025-06-28T00:22:54.696+0200][43.492s] GC(849) Pause Full (G1 Compaction Pause) 20M->20M(22M) 52.723ms
[2025-06-28T00:22:54.696+0200][43.492s] GC(849) User=0.09s Sys=0.00s Real=0.05s
[2025-06-28T00:22:54.697+0200][43.493s] GC(850) Pause Young (Concurrent Start) (G1 Evacuation Pause)
[2025-06-28T00:22:54.697+0200][43.493s] GC(850) Using 8 workers of 10 for evacuation
[2025-06-28T00:22:54.698+0200][43.494s] GC(850)   Pre Evacuate Collection Set: 0.2ms
[2025-06-28T00:22:54.698+0200][43.494s] GC(850)   Merge Heap Roots: 0.1ms
[2025-06-28T00:22:54.699+0200][43.494s] GC(850)   Evacuate Collection Set: 0.9ms
[2025-06-28T00:22:54.699+0200][43.494s] GC(850)   Post Evacuate Collection Set: 0.4ms
[2025-06-28T00:22:54.699+0200][43.494s] GC(850)   Other: 0.1ms
[2025-06-28T00:22:54.699+0200][43.494s] GC(850) Eden regions: 0->0(0)
[2025-06-28T00:22:54.699+0200][43.494s] GC(850) Survivor regions: 0->0(0)
[2025-06-28T00:22:54.699+0200][43.494s] GC(850) Old regions: 22->22
[2025-06-28T00:22:54.699+0200][43.495s] GC(850) Humongous regions: 0->0
[2025-06-28T00:22:54.699+0200][43.495s] GC(850) Metaspace: 69366K(70080K)->69366K(70080K) NonClass: 60124K(60544K)->60124K(60544K) Class: 9242K(9536K)->9242K(9536K)
[2025-06-28T00:22:54.699+0200][43.495s] GC(850) Pause Young (Concurrent Start) (G1 Evacuation Pause) 20M->20M(22M) 2.010ms
[2025-06-28T00:22:54.699+0200][43.495s] GC(851) Concurrent Mark Cycle
[2025-06-28T00:22:54.699+0200][43.495s] GC(850) User=0.03s Sys=0.00s Real=0.00s
[2025-06-28T00:22:54.699+0200][43.495s] GC(851) Concurrent Scan Root Regions
[2025-06-28T00:22:54.699+0200][43.495s] Attempting full compaction
[2025-06-28T00:22:54.699+0200][43.495s] GC(851) Concurrent Scan Root Regions 0.069ms
[2025-06-28T00:22:54.699+0200][43.495s] GC(852) Pause Full (G1 Compaction Pause)
[2025-06-28T00:22:54.699+0200][43.495s] GC(851) Concurrent Mark
[2025-06-28T00:22:54.699+0200][43.495s] GC(851) Concurrent Mark From Roots
[2025-06-28T00:22:54.699+0200][43.495s] GC(852) Using 2 workers of 10 for full compaction
[2025-06-28T00:22:54.699+0200][43.495s] GC(851) Using 3 workers of 3 for marking
[2025-06-28T00:22:54.699+0200][43.495s] GC(852) Phase 1: Mark live objects
[2025-06-28T00:22:54.731+0200][43.527s] GC(852) Phase 1: Mark live objects 32.127ms
[2025-06-28T00:22:54.731+0200][43.527s] GC(852) Phase 2: Prepare compaction
[2025-06-28T00:22:54.732+0200][43.528s] GC(852) Phase 2: Prepare compaction 0.207ms
[2025-06-28T00:22:54.732+0200][43.528s] GC(852) Phase 3: Adjust pointers
[2025-06-28T00:22:54.744+0200][43.541s] GC(852) Phase 3: Adjust pointers 12.909ms
[2025-06-28T00:22:54.744+0200][43.541s] GC(852) Phase 4: Compact heap
[2025-06-28T00:22:54.744+0200][43.541s] GC(852) Phase 4: Compact heap 0.155ms
[2025-06-28T00:22:54.744+0200][43.541s] GC(852) Phase 5: Reset Metadata
[2025-06-28T00:22:54.749+0200][43.546s] GC(852) Phase 5: Reset Metadata 5.149ms
[2025-06-28T00:22:54.754+0200][43.551s] GC(852) Eden regions: 0->0(0)
[2025-06-28T00:22:54.754+0200][43.551s] GC(852) Survivor regions: 0->0(0)
[2025-06-28T00:22:54.754+0200][43.551s] GC(852) Old regions: 22->22
[2025-06-28T00:22:54.754+0200][43.551s] GC(852) Humongous regions: 0->0
[2025-06-28T00:22:54.755+0200][43.551s] GC(852) Metaspace: 69366K(70080K)->69366K(70080K) NonClass: 60124K(60544K)->60124K(60544K) Class: 9242K(9536K)->9242K(9536K)
[2025-06-28T00:22:54.755+0200][43.551s] GC(852) Pause Full (G1 Compaction Pause) 20M->20M(22M) 56.319ms
[2025-06-28T00:22:54.755+0200][43.551s] GC(852) User=0.11s Sys=0.02s Real=0.06s
[2025-06-28T00:22:54.755+0200][43.551s] Attempting maximal full compaction clearing soft references
[2025-06-28T00:22:54.755+0200][43.551s] GC(853) Pause Full (G1 Compaction Pause)
[2025-06-28T00:22:54.755+0200][43.551s] GC(853) Using 2 workers of 10 for full compaction
[2025-06-28T00:22:54.755+0200][43.552s] GC(853) Phase 1: Mark live objects
[2025-06-28T00:22:54.789+0200][43.585s] GC(853) Phase 1: Mark live objects 33.187ms
[2025-06-28T00:22:54.789+0200][43.585s] GC(853) Phase 2: Prepare compaction
[2025-06-28T00:22:54.795+0200][43.591s] GC(853) Phase 2: Prepare compaction 5.757ms
[2025-06-28T00:22:54.795+0200][43.591s] GC(853) Phase 3: Adjust pointers
[2025-06-28T00:22:54.815+0200][43.611s] GC(853) Phase 3: Adjust pointers 20.057ms
[2025-06-28T00:22:54.815+0200][43.611s] GC(853) Phase 4: Compact heap
[2025-06-28T00:22:54.822+0200][43.618s] GC(853) Phase 4: Compact heap 7.032ms
[2025-06-28T00:22:54.822+0200][43.618s] GC(853) Phase 5: Reset Metadata
[2025-06-28T00:22:54.823+0200][43.619s] GC(853) Phase 5: Reset Metadata 0.634ms
[2025-06-28T00:22:54.827+0200][43.623s] GC(853) Eden regions: 0->0(0)
[2025-06-28T00:22:54.827+0200][43.623s] GC(853) Survivor regions: 0->0(0)
[2025-06-28T00:22:54.827+0200][43.623s] GC(853) Old regions: 22->22
[2025-06-28T00:22:54.827+0200][43.623s] GC(853) Humongous regions: 0->0
[2025-06-28T00:22:54.827+0200][43.623s] GC(853) Metaspace: 69366K(70080K)->69366K(70080K) NonClass: 60124K(60544K)->60124K(60544K) Class: 9242K(9536K)->9242K(9536K)
[2025-06-28T00:22:54.827+0200][43.623s] GC(853) Pause Full (G1 Compaction Pause) 20M->20M(22M) 71.659ms
[2025-06-28T00:22:54.827+0200][43.623s] GC(853) User=0.22s Sys=0.00s Real=0.07s
[2025-06-28T00:22:54.827+0200][43.623s] GC(851) Concurrent Mark From Roots 128.204ms
[2025-06-28T00:22:54.827+0200][43.623s] GC(854) Pause Young (Normal) (G1 Evacuation Pause)
[2025-06-28T00:22:54.827+0200][43.623s] GC(854) Using 8 workers of 10 for evacuation
[2025-06-28T00:22:54.828+0200][43.624s] GC(854)   Pre Evacuate Collection Set: 0.1ms
[2025-06-28T00:22:54.828+0200][43.625s] GC(854)   Merge Heap Roots: 0.0ms
[2025-06-28T00:22:54.828+0200][43.625s] GC(854)   Evacuate Collection Set: 0.4ms
[2025-06-28T00:22:54.828+0200][43.625s] GC(854)   Post Evacuate Collection Set: 0.5ms
[2025-06-28T00:22:54.828+0200][43.625s] GC(854)   Other: 0.1ms
[2025-06-28T00:22:54.829+0200][43.625s] GC(854) Eden regions: 0->0(0)
[2025-06-28T00:22:54.829+0200][43.625s] GC(854) Survivor regions: 0->0(0)
[2025-06-28T00:22:54.829+0200][43.625s] GC(854) Old regions: 22->22
[2025-06-28T00:22:54.829+0200][43.625s] GC(854) Humongous regions: 0->0
[2025-06-28T00:22:54.829+0200][43.625s] GC(854) Metaspace: 69366K(70080K)->69366K(70080K) NonClass: 60124K(60544K)->60124K(60544K) Class: 9242K(9536K)->9242K(9536K)
[2025-06-28T00:22:54.829+0200][43.625s] GC(854) Pause Young (Normal) (G1 Evacuation Pause) 20M->20M(22M) 1.488ms
[2025-06-28T00:22:54.829+0200][43.625s] GC(854) User=0.00s Sys=0.00s Real=0.00s
[2025-06-28T00:22:54.829+0200][43.625s] Attempting full compaction
[2025-06-28T00:22:54.829+0200][43.625s] GC(855) Pause Full (G1 Compaction Pause)
[2025-06-28T00:22:54.829+0200][43.625s] GC(855) Using 2 workers of 10 for full compaction
[2025-06-28T00:22:54.829+0200][43.625s] GC(855) Phase 1: Mark live objects
[2025-06-28T00:22:54.866+0200][43.662s] GC(855) Phase 1: Mark live objects 37.262ms
[2025-06-28T00:22:54.866+0200][43.662s] GC(855) Phase 2: Prepare compaction
[2025-06-28T00:22:54.866+0200][43.663s] GC(855) Phase 2: Prepare compaction 0.136ms
[2025-06-28T00:22:54.866+0200][43.663s] GC(855) Phase 3: Adjust pointers
[2025-06-28T00:22:54.878+0200][43.674s] GC(855) Phase 3: Adjust pointers 11.494ms
[2025-06-28T00:22:54.878+0200][43.674s] GC(855) Phase 4: Compact heap
[2025-06-28T00:22:54.878+0200][43.674s] GC(855) Phase 4: Compact heap 0.075ms
[2025-06-28T00:22:54.878+0200][43.674s] GC(855) Phase 5: Reset Metadata
[2025-06-28T00:22:54.883+0200][43.679s] GC(855) Phase 5: Reset Metadata 5.022ms
[2025-06-28T00:22:54.887+0200][43.684s] GC(855) Eden regions: 0->0(0)
[2025-06-28T00:22:54.887+0200][43.684s] GC(855) Survivor regions: 0->0(0)
[2025-06-28T00:22:54.887+0200][43.684s] GC(855) Old regions: 22->22
[2025-06-28T00:22:54.887+0200][43.684s] GC(855) Humongous regions: 0->0
[2025-06-28T00:22:54.887+0200][43.684s] GC(855) Metaspace: 69366K(70080K)->69366K(70080K) NonClass: 60124K(60544K)->60124K(60544K) Class: 9242K(9536K)->9242K(9536K)
[2025-06-28T00:22:54.887+0200][43.684s] GC(855) Pause Full (G1 Compaction Pause) 20M->20M(22M) 58.948ms
[2025-06-28T00:22:54.887+0200][43.684s] GC(855) User=0.17s Sys=0.00s Real=0.06s
[2025-06-28T00:22:54.887+0200][43.684s] Attempting maximal full compaction clearing soft references
[2025-06-28T00:22:54.887+0200][43.684s] GC(856) Pause Full (G1 Compaction Pause)
[2025-06-28T00:22:54.887+0200][43.684s] GC(856) Using 2 workers of 10 for full compaction
[2025-06-28T00:22:54.887+0200][43.684s] GC(856) Phase 1: Mark live objects
[2025-06-28T00:22:54.921+0200][43.718s] GC(856) Phase 1: Mark live objects 33.646ms
[2025-06-28T00:22:54.921+0200][43.718s] GC(856) Phase 2: Prepare compaction
[2025-06-28T00:22:54.926+0200][43.723s] GC(856) Phase 2: Prepare compaction 4.980ms
[2025-06-28T00:22:54.926+0200][43.723s] GC(856) Phase 3: Adjust pointers
[2025-06-28T00:22:54.941+0200][43.738s] GC(856) Phase 3: Adjust pointers 14.760ms
[2025-06-28T00:22:54.941+0200][43.738s] GC(856) Phase 4: Compact heap
[2025-06-28T00:22:54.947+0200][43.743s] GC(856) Phase 4: Compact heap 5.354ms
[2025-06-28T00:22:54.947+0200][43.743s] GC(856) Phase 5: Reset Metadata
[2025-06-28T00:22:54.947+0200][43.744s] GC(856) Phase 5: Reset Metadata 0.533ms
[2025-06-28T00:22:54.952+0200][43.748s] GC(856) Eden regions: 0->0(0)
[2025-06-28T00:22:54.952+0200][43.748s] GC(856) Survivor regions: 0->0(0)
[2025-06-28T00:22:54.952+0200][43.748s] GC(856) Old regions: 22->22
[2025-06-28T00:22:54.952+0200][43.748s] GC(856) Humongous regions: 0->0
[2025-06-28T00:22:54.952+0200][43.748s] GC(856) Metaspace: 69366K(70080K)->69366K(70080K) NonClass: 60124K(60544K)->60124K(60544K) Class: 9242K(9536K)->9242K(9536K)
[2025-06-28T00:22:54.952+0200][43.748s] GC(856) Pause Full (G1 Compaction Pause) 20M->20M(22M) 64.506ms
[2025-06-28T00:22:54.952+0200][43.748s] GC(856) User=0.09s Sys=0.00s Real=0.06s
[2025-06-28T00:22:54.952+0200][43.748s] GC(851) Concurrent Mark Abort
[2025-06-28T00:22:54.952+0200][43.749s] GC(851) Concurrent Mark Cycle 253.896ms
[2025-06-28T00:22:54.952+0200][43.749s] GC(857) Pause Young (Normal) (G1 Evacuation Pause)
[2025-06-28T00:22:54.952+0200][43.749s] GC(857) Using 8 workers of 10 for evacuation
[2025-06-28T00:22:54.954+0200][43.750s] GC(857)   Pre Evacuate Collection Set: 0.2ms
[2025-06-28T00:22:54.954+0200][43.750s] GC(857)   Merge Heap Roots: 0.1ms
[2025-06-28T00:22:54.954+0200][43.750s] GC(857)   Evacuate Collection Set: 0.4ms
[2025-06-28T00:22:54.954+0200][43.750s] GC(857)   Post Evacuate Collection Set: 0.4ms
[2025-06-28T00:22:54.954+0200][43.750s] GC(857)   Other: 0.1ms
[2025-06-28T00:22:54.954+0200][43.750s] GC(857) Eden regions: 0->0(0)
[2025-06-28T00:22:54.954+0200][43.750s] GC(857) Survivor regions: 0->0(0)
[2025-06-28T00:22:54.954+0200][43.750s] GC(857) Old regions: 22->22
[2025-06-28T00:22:54.954+0200][43.750s] GC(857) Humongous regions: 0->0
[2025-06-28T00:22:54.954+0200][43.750s] GC(857) Metaspace: 69366K(70080K)->69366K(70080K) NonClass: 60124K(60544K)->60124K(60544K) Class: 9242K(9536K)->9242K(9536K)
[2025-06-28T00:22:54.954+0200][43.750s] GC(857) Pause Young (Normal) (G1 Evacuation Pause) 20M->20M(22M) 1.516ms
[2025-06-28T00:22:54.954+0200][43.750s] GC(857) User=0.00s Sys=0.00s Real=0.00s
[2025-06-28T00:22:54.954+0200][43.750s] Attempting full compaction
[2025-06-28T00:22:54.954+0200][43.750s] GC(858) Pause Full (G1 Compaction Pause)
[2025-06-28T00:22:54.954+0200][43.750s] GC(858) Using 2 workers of 10 for full compaction
[2025-06-28T00:22:54.954+0200][43.750s] GC(858) Phase 1: Mark live objects
[2025-06-28T00:22:54.984+0200][43.780s] GC(858) Phase 1: Mark live objects 29.560ms
[2025-06-28T00:22:54.984+0200][43.780s] GC(858) Phase 2: Prepare compaction
[2025-06-28T00:22:54.984+0200][43.780s] GC(858) Phase 2: Prepare compaction 0.172ms
[2025-06-28T00:22:54.984+0200][43.780s] GC(858) Phase 3: Adjust pointers
[2025-06-28T00:22:54.995+0200][43.791s] GC(858) Phase 3: Adjust pointers 10.919ms
[2025-06-28T00:22:54.995+0200][43.791s] GC(858) Phase 4: Compact heap
[2025-06-28T00:22:54.995+0200][43.791s] GC(858) Phase 4: Compact heap 0.090ms
[2025-06-28T00:22:54.995+0200][43.791s] GC(858) Phase 5: Reset Metadata
[2025-06-28T00:22:55.000+0200][43.796s] GC(858) Phase 5: Reset Metadata 4.974ms
[2025-06-28T00:22:55.004+0200][43.800s] GC(858) Eden regions: 0->0(0)
[2025-06-28T00:22:55.004+0200][43.800s] GC(858) Survivor regions: 0->0(0)
[2025-06-28T00:22:55.004+0200][43.800s] GC(858) Old regions: 22->22
[2025-06-28T00:22:55.004+0200][43.800s] GC(858) Humongous regions: 0->0
[2025-06-28T00:22:55.004+0200][43.800s] GC(858) Metaspace: 69366K(70080K)->69366K(70080K) NonClass: 60124K(60544K)->60124K(60544K) Class: 9242K(9536K)->9242K(9536K)
[2025-06-28T00:22:55.004+0200][43.800s] GC(858) Pause Full (G1 Compaction Pause) 20M->20M(22M) 50.028ms
[2025-06-28T00:22:55.004+0200][43.800s] GC(858) User=0.08s Sys=0.00s Real=0.05s
[2025-06-28T00:22:55.004+0200][43.800s] Attempting maximal full compaction clearing soft references
[2025-06-28T00:22:55.004+0200][43.800s] GC(859) Pause Full (G1 Compaction Pause)
[2025-06-28T00:22:55.004+0200][43.800s] GC(859) Using 2 workers of 10 for full compaction
[2025-06-28T00:22:55.004+0200][43.800s] GC(859) Phase 1: Mark live objects
[2025-06-28T00:22:55.031+0200][43.827s] GC(859) Phase 1: Mark live objects 26.629ms
[2025-06-28T00:22:55.031+0200][43.827s] GC(859) Phase 2: Prepare compaction
[2025-06-28T00:22:55.037+0200][43.833s] GC(859) Phase 2: Prepare compaction 6.071ms
[2025-06-28T00:22:55.037+0200][43.833s] GC(859) Phase 3: Adjust pointers
[2025-06-28T00:22:55.053+0200][43.849s] GC(859) Phase 3: Adjust pointers 15.511ms
[2025-06-28T00:22:55.053+0200][43.849s] GC(859) Phase 4: Compact heap
[2025-06-28T00:22:55.058+0200][43.854s] GC(859) Phase 4: Compact heap 4.757ms
[2025-06-28T00:22:55.058+0200][43.854s] GC(859) Phase 5: Reset Metadata
[2025-06-28T00:22:55.058+0200][43.854s] GC(859) Phase 5: Reset Metadata 0.498ms
[2025-06-28T00:22:55.061+0200][43.857s] GC(859) Eden regions: 0->0(0)
[2025-06-28T00:22:55.061+0200][43.857s] GC(859) Survivor regions: 0->0(0)
[2025-06-28T00:22:55.061+0200][43.857s] GC(859) Old regions: 22->22
[2025-06-28T00:22:55.061+0200][43.857s] GC(859) Humongous regions: 0->0
[2025-06-28T00:22:55.061+0200][43.857s] GC(859) Metaspace: 69366K(70080K)->69366K(70080K) NonClass: 60124K(60544K)->60124K(60544K) Class: 9242K(9536K)->9242K(9536K)
[2025-06-28T00:22:55.061+0200][43.857s] GC(859) Pause Full (G1 Compaction Pause) 20M->20M(22M) 56.976ms
[2025-06-28T00:22:55.061+0200][43.857s] GC(859) User=0.11s Sys=0.00s Real=0.06s
[2025-06-28T00:22:55.062+0200][43.858s] GC(860) Pause Young (Concurrent Start) (G1 Evacuation Pause)
[2025-06-28T00:22:55.062+0200][43.858s] GC(860) Using 8 workers of 10 for evacuation
[2025-06-28T00:22:55.063+0200][43.859s] GC(860)   Pre Evacuate Collection Set: 0.2ms
[2025-06-28T00:22:55.063+0200][43.859s] GC(860)   Merge Heap Roots: 0.1ms
[2025-06-28T00:22:55.063+0200][43.859s] GC(860)   Evacuate Collection Set: 0.7ms
[2025-06-28T00:22:55.063+0200][43.859s] GC(860)   Post Evacuate Collection Set: 0.4ms
[2025-06-28T00:22:55.063+0200][43.859s] GC(860)   Other: 0.2ms
[2025-06-28T00:22:55.063+0200][43.859s] GC(860) Eden regions: 0->0(0)
[2025-06-28T00:22:55.063+0200][43.859s] GC(860) Survivor regions: 0->0(0)
[2025-06-28T00:22:55.063+0200][43.859s] GC(860) Old regions: 22->22
[2025-06-28T00:22:55.063+0200][43.859s] GC(860) Humongous regions: 0->0
[2025-06-28T00:22:55.063+0200][43.859s] GC(860) Metaspace: 69366K(70080K)->69366K(70080K) NonClass: 60124K(60544K)->60124K(60544K) Class: 9242K(9536K)->9242K(9536K)
[2025-06-28T00:22:55.063+0200][43.859s] GC(860) Pause Young (Concurrent Start) (G1 Evacuation Pause) 20M->20M(22M) 1.835ms
[2025-06-28T00:22:55.064+0200][43.860s] GC(861) Concurrent Mark Cycle
[2025-06-28T00:22:55.064+0200][43.860s] GC(860) User=0.00s Sys=0.00s Real=0.00s
[2025-06-28T00:22:55.064+0200][43.860s] GC(861) Concurrent Scan Root Regions
[2025-06-28T00:22:55.064+0200][43.860s] Attempting full compaction
[2025-06-28T00:22:55.064+0200][43.860s] GC(861) Concurrent Scan Root Regions 0.141ms
[2025-06-28T00:22:55.064+0200][43.860s] GC(862) Pause Full (G1 Compaction Pause)
[2025-06-28T00:22:55.064+0200][43.860s] GC(861) Concurrent Mark
[2025-06-28T00:22:55.064+0200][43.860s] GC(862) Using 2 workers of 10 for full compaction
[2025-06-28T00:22:55.064+0200][43.860s] GC(861) Concurrent Mark From Roots
[2025-06-28T00:22:55.064+0200][43.860s] GC(861) Using 3 workers of 3 for marking
[2025-06-28T00:22:55.064+0200][43.860s] GC(862) Phase 1: Mark live objects
[2025-06-28T00:22:55.089+0200][43.886s] GC(862) Phase 1: Mark live objects 26.182ms
[2025-06-28T00:22:55.089+0200][43.887s] GC(862) Phase 2: Prepare compaction
[2025-06-28T00:22:55.091+0200][43.887s] GC(862) Phase 2: Prepare compaction 0.116ms
[2025-06-28T00:22:55.091+0200][43.887s] GC(862) Phase 3: Adjust pointers
[2025-06-28T00:22:55.101+0200][43.897s] GC(862) Phase 3: Adjust pointers 9.937ms
[2025-06-28T00:22:55.101+0200][43.897s] GC(862) Phase 4: Compact heap
[2025-06-28T00:22:55.101+0200][43.897s] GC(862) Phase 4: Compact heap 0.084ms
[2025-06-28T00:22:55.101+0200][43.897s] GC(862) Phase 5: Reset Metadata
[2025-06-28T00:22:55.106+0200][43.902s] GC(862) Phase 5: Reset Metadata 5.551ms
[2025-06-28T00:22:55.111+0200][43.908s] GC(862) Eden regions: 0->0(0)
[2025-06-28T00:22:55.111+0200][43.908s] GC(862) Survivor regions: 0->0(0)
[2025-06-28T00:22:55.111+0200][43.908s] GC(862) Old regions: 22->22
[2025-06-28T00:22:55.111+0200][43.908s] GC(862) Humongous regions: 0->0
[2025-06-28T00:22:55.111+0200][43.908s] GC(862) Metaspace: 69366K(70080K)->69366K(70080K) NonClass: 60124K(60544K)->60124K(60544K) Class: 9242K(9536K)->9242K(9536K)
[2025-06-28T00:22:55.111+0200][43.908s] GC(862) Pause Full (G1 Compaction Pause) 20M->20M(22M) 47.918ms
[2025-06-28T00:22:55.112+0200][43.908s] GC(862) User=0.09s Sys=0.00s Real=0.05s
[2025-06-28T00:22:55.112+0200][43.908s] Attempting maximal full compaction clearing soft references
[2025-06-28T00:22:55.112+0200][43.908s] GC(863) Pause Full (G1 Compaction Pause)
[2025-06-28T00:22:55.112+0200][43.908s] GC(863) Using 2 workers of 10 for full compaction
[2025-06-28T00:22:55.112+0200][43.908s] GC(863) Phase 1: Mark live objects
[2025-06-28T00:22:55.140+0200][43.937s] GC(863) Phase 1: Mark live objects 28.461ms
[2025-06-28T00:22:55.140+0200][43.937s] GC(863) Phase 2: Prepare compaction
[2025-06-28T00:22:55.147+0200][43.943s] GC(863) Phase 2: Prepare compaction 6.550ms
[2025-06-28T00:22:55.147+0200][43.943s] GC(863) Phase 3: Adjust pointers
[2025-06-28T00:22:55.160+0200][43.957s] GC(863) Phase 3: Adjust pointers 13.385ms
[2025-06-28T00:22:55.161+0200][43.957s] GC(863) Phase 4: Compact heap
[2025-06-28T00:22:55.166+0200][43.962s] GC(863) Phase 4: Compact heap 4.992ms
[2025-06-28T00:22:55.166+0200][43.962s] GC(863) Phase 5: Reset Metadata
[2025-06-28T00:22:55.166+0200][43.962s] GC(863) Phase 5: Reset Metadata 0.492ms
[2025-06-28T00:22:55.169+0200][43.965s] GC(863) Eden regions: 0->0(0)
[2025-06-28T00:22:55.169+0200][43.965s] GC(863) Survivor regions: 0->0(0)
[2025-06-28T00:22:55.169+0200][43.965s] GC(863) Old regions: 22->22
[2025-06-28T00:22:55.169+0200][43.965s] GC(863) Humongous regions: 0->0
[2025-06-28T00:22:55.169+0200][43.965s] GC(863) Metaspace: 69366K(70080K)->69366K(70080K) NonClass: 60124K(60544K)->60124K(60544K) Class: 9242K(9536K)->9242K(9536K)
[2025-06-28T00:22:55.169+0200][43.965s] GC(863) Pause Full (G1 Compaction Pause) 20M->20M(22M) 57.544ms
[2025-06-28T00:22:55.169+0200][43.965s] GC(863) User=0.11s Sys=0.00s Real=0.06s
[2025-06-28T00:22:55.169+0200][43.966s] GC(861) Concurrent Mark From Roots 105.559ms
[2025-06-28T00:22:55.169+0200][43.966s] GC(861) Concurrent Mark Abort
[2025-06-28T00:22:55.169+0200][43.966s] GC(861) Concurrent Mark Cycle 106.061ms
[2025-06-28T00:22:55.169+0200][43.966s] GC(864) Pause Young (Normal) (G1 Evacuation Pause)
[2025-06-28T00:22:55.169+0200][43.966s] GC(864) Using 8 workers of 10 for evacuation
[2025-06-28T00:22:55.171+0200][43.967s] GC(864)   Pre Evacuate Collection Set: 0.1ms
[2025-06-28T00:22:55.171+0200][43.967s] GC(864)   Merge Heap Roots: 0.1ms
[2025-06-28T00:22:55.171+0200][43.967s] GC(864)   Evacuate Collection Set: 0.4ms
[2025-06-28T00:22:55.171+0200][43.967s] GC(864)   Post Evacuate Collection Set: 0.4ms
[2025-06-28T00:22:55.171+0200][43.967s] GC(864)   Other: 0.0ms
[2025-06-28T00:22:55.171+0200][43.967s] GC(864) Eden regions: 0->0(0)
[2025-06-28T00:22:55.171+0200][43.967s] GC(864) Survivor regions: 0->0(0)
[2025-06-28T00:22:55.171+0200][43.967s] GC(864) Old regions: 22->22
[2025-06-28T00:22:55.171+0200][43.967s] GC(864) Humongous regions: 0->0
[2025-06-28T00:22:55.171+0200][43.967s] GC(864) Metaspace: 69366K(70080K)->69366K(70080K) NonClass: 60124K(60544K)->60124K(60544K) Class: 9242K(9536K)->9242K(9536K)
[2025-06-28T00:22:55.171+0200][43.967s] GC(864) Pause Young (Normal) (G1 Evacuation Pause) 20M->20M(22M) 1.305ms
[2025-06-28T00:22:55.171+0200][43.967s] GC(864) User=0.00s Sys=0.00s Real=0.00s
[2025-06-28T00:22:55.171+0200][43.967s] Attempting full compaction
[2025-06-28T00:22:55.171+0200][43.967s] GC(865) Pause Full (G1 Compaction Pause)
[2025-06-28T00:22:55.171+0200][43.967s] GC(865) Using 2 workers of 10 for full compaction
[2025-06-28T00:22:55.171+0200][43.967s] GC(865) Phase 1: Mark live objects
[2025-06-28T00:22:55.198+0200][43.994s] GC(865) Phase 1: Mark live objects 26.744ms
[2025-06-28T00:22:55.198+0200][43.994s] GC(865) Phase 2: Prepare compaction
[2025-06-28T00:22:55.198+0200][43.994s] GC(865) Phase 2: Prepare compaction 0.094ms
[2025-06-28T00:22:55.198+0200][43.994s] GC(865) Phase 3: Adjust pointers
[2025-06-28T00:22:55.207+0200][44.003s] GC(865) Phase 3: Adjust pointers 9.206ms
[2025-06-28T00:22:55.207+0200][44.003s] GC(865) Phase 4: Compact heap
[2025-06-28T00:22:55.207+0200][44.003s] GC(865) Phase 4: Compact heap 0.058ms
[2025-06-28T00:22:55.207+0200][44.003s] GC(865) Phase 5: Reset Metadata
[2025-06-28T00:22:55.211+0200][44.008s] GC(865) Phase 5: Reset Metadata 4.254ms
[2025-06-28T00:22:55.214+0200][44.011s] GC(865) Eden regions: 0->0(0)
[2025-06-28T00:22:55.214+0200][44.011s] GC(865) Survivor regions: 0->0(0)
[2025-06-28T00:22:55.214+0200][44.011s] GC(865) Old regions: 22->22
[2025-06-28T00:22:55.214+0200][44.011s] GC(865) Humongous regions: 0->0
[2025-06-28T00:22:55.214+0200][44.011s] GC(865) Metaspace: 69366K(70080K)->69366K(70080K) NonClass: 60124K(60544K)->60124K(60544K) Class: 9242K(9536K)->9242K(9536K)
[2025-06-28T00:22:55.214+0200][44.011s] GC(865) Pause Full (G1 Compaction Pause) 20M->20M(22M) 43.861ms
[2025-06-28T00:22:55.214+0200][44.011s] GC(865) User=0.06s Sys=0.00s Real=0.04s
[2025-06-28T00:22:55.214+0200][44.011s] Attempting maximal full compaction clearing soft references
[2025-06-28T00:22:55.214+0200][44.011s] GC(866) Pause Full (G1 Compaction Pause)
[2025-06-28T00:22:55.214+0200][44.011s] GC(866) Using 2 workers of 10 for full compaction
[2025-06-28T00:22:55.214+0200][44.011s] GC(866) Phase 1: Mark live objects
[2025-06-28T00:22:55.239+0200][44.036s] GC(866) Phase 1: Mark live objects 24.567ms
[2025-06-28T00:22:55.240+0200][44.036s] GC(866) Phase 2: Prepare compaction
[2025-06-28T00:22:55.244+0200][44.040s] GC(866) Phase 2: Prepare compaction 4.679ms
[2025-06-28T00:22:55.244+0200][44.040s] GC(866) Phase 3: Adjust pointers
[2025-06-28T00:22:55.258+0200][44.055s] GC(866) Phase 3: Adjust pointers 14.446ms
[2025-06-28T00:22:55.259+0200][44.055s] GC(866) Phase 4: Compact heap
[2025-06-28T00:22:55.263+0200][44.060s] GC(866) Phase 4: Compact heap 4.789ms
[2025-06-28T00:22:55.263+0200][44.060s] GC(866) Phase 5: Reset Metadata
[2025-06-28T00:22:55.264+0200][44.060s] GC(866) Phase 5: Reset Metadata 0.529ms
[2025-06-28T00:22:55.267+0200][44.064s] GC(866) Eden regions: 0->0(0)
[2025-06-28T00:22:55.267+0200][44.064s] GC(866) Survivor regions: 0->0(0)
[2025-06-28T00:22:55.267+0200][44.064s] GC(866) Old regions: 22->22
[2025-06-28T00:22:55.267+0200][44.064s] GC(866) Humongous regions: 0->0
[2025-06-28T00:22:55.267+0200][44.064s] GC(866) Metaspace: 69366K(70080K)->69366K(70080K) NonClass: 60124K(60544K)->60124K(60544K) Class: 9242K(9536K)->9242K(9536K)
[2025-06-28T00:22:55.268+0200][44.064s] GC(866) Pause Full (G1 Compaction Pause) 20M->20M(22M) 52.984ms
[2025-06-28T00:22:55.268+0200][44.064s] GC(866) User=0.09s Sys=0.00s Real=0.05s
[2025-06-28T00:22:55.268+0200][44.064s] GC(867) Pause Young (Concurrent Start) (G1 Evacuation Pause)
[2025-06-28T00:22:55.268+0200][44.064s] GC(867) Using 8 workers of 10 for evacuation
[2025-06-28T00:22:55.270+0200][44.066s] GC(867)   Pre Evacuate Collection Set: 0.2ms
[2025-06-28T00:22:55.270+0200][44.066s] GC(867)   Merge Heap Roots: 0.1ms
[2025-06-28T00:22:55.270+0200][44.066s] GC(867)   Evacuate Collection Set: 0.7ms
[2025-06-28T00:22:55.270+0200][44.066s] GC(867)   Post Evacuate Collection Set: 0.4ms
[2025-06-28T00:22:55.270+0200][44.066s] GC(867)   Other: 0.1ms
[2025-06-28T00:22:55.270+0200][44.066s] GC(867) Eden regions: 0->0(0)
[2025-06-28T00:22:55.270+0200][44.066s] GC(867) Survivor regions: 0->0(0)
[2025-06-28T00:22:55.270+0200][44.066s] GC(867) Old regions: 22->22
[2025-06-28T00:22:55.270+0200][44.066s] GC(867) Humongous regions: 0->0
[2025-06-28T00:22:55.270+0200][44.066s] GC(867) Metaspace: 69366K(70080K)->69366K(70080K) NonClass: 60124K(60544K)->60124K(60544K) Class: 9242K(9536K)->9242K(9536K)
[2025-06-28T00:22:55.270+0200][44.066s] GC(867) Pause Young (Concurrent Start) (G1 Evacuation Pause) 20M->20M(22M) 1.913ms
[2025-06-28T00:22:55.270+0200][44.066s] GC(867) User=0.00s Sys=0.00s Real=0.00s
[2025-06-28T00:22:55.270+0200][44.066s] GC(868) Concurrent Mark Cycle
[2025-06-28T00:22:55.271+0200][44.066s] Attempting full compaction
[2025-06-28T00:22:55.271+0200][44.066s] GC(868) Concurrent Scan Root Regions
[2025-06-28T00:22:55.271+0200][44.067s] GC(869) Pause Full (G1 Compaction Pause)
[2025-06-28T00:22:55.271+0200][44.067s] GC(868) Concurrent Scan Root Regions 0.619ms
[2025-06-28T00:22:55.271+0200][44.067s] GC(869) Using 2 workers of 10 for full compaction
[2025-06-28T00:22:55.271+0200][44.067s] GC(868) Concurrent Mark
[2025-06-28T00:22:55.271+0200][44.067s] GC(868) Concurrent Mark From Roots
[2025-06-28T00:22:55.271+0200][44.067s] GC(868) Using 3 workers of 3 for marking
[2025-06-28T00:22:55.272+0200][44.067s] GC(869) Phase 1: Mark live objects
[2025-06-28T00:22:55.297+0200][44.093s] GC(869) Phase 1: Mark live objects 25.721ms
[2025-06-28T00:22:55.297+0200][44.093s] GC(869) Phase 2: Prepare compaction
[2025-06-28T00:22:55.297+0200][44.093s] GC(869) Phase 2: Prepare compaction 0.124ms
[2025-06-28T00:22:55.297+0200][44.093s] GC(869) Phase 3: Adjust pointers
[2025-06-28T00:22:55.308+0200][44.105s] GC(869) Phase 3: Adjust pointers 11.209ms
[2025-06-28T00:22:55.308+0200][44.105s] GC(869) Phase 4: Compact heap
[2025-06-28T00:22:55.308+0200][44.105s] GC(869) Phase 4: Compact heap 0.132ms
[2025-06-28T00:22:55.308+0200][44.105s] GC(869) Phase 5: Reset Metadata
[2025-06-28T00:22:55.313+0200][44.109s] GC(869) Phase 5: Reset Metadata 4.405ms
[2025-06-28T00:22:55.317+0200][44.114s] GC(869) Eden regions: 0->0(0)
[2025-06-28T00:22:55.317+0200][44.114s] GC(869) Survivor regions: 0->0(0)
[2025-06-28T00:22:55.317+0200][44.114s] GC(869) Old regions: 22->22
[2025-06-28T00:22:55.317+0200][44.114s] GC(869) Humongous regions: 0->0
[2025-06-28T00:22:55.317+0200][44.114s] GC(869) Metaspace: 69366K(70080K)->69366K(70080K) NonClass: 60124K(60544K)->60124K(60544K) Class: 9242K(9536K)->9242K(9536K)
[2025-06-28T00:22:55.317+0200][44.114s] GC(869) Pause Full (G1 Compaction Pause) 20M->20M(22M) 46.800ms
[2025-06-28T00:22:55.317+0200][44.114s] GC(869) User=0.09s Sys=0.00s Real=0.05s
[2025-06-28T00:22:55.317+0200][44.114s] Attempting maximal full compaction clearing soft references
[2025-06-28T00:22:55.317+0200][44.114s] GC(870) Pause Full (G1 Compaction Pause)
[2025-06-28T00:22:55.317+0200][44.114s] GC(870) Using 2 workers of 10 for full compaction
[2025-06-28T00:22:55.318+0200][44.114s] GC(870) Phase 1: Mark live objects
[2025-06-28T00:22:55.345+0200][44.142s] GC(870) Phase 1: Mark live objects 27.658ms
[2025-06-28T00:22:55.345+0200][44.142s] GC(870) Phase 2: Prepare compaction
[2025-06-28T00:22:55.350+0200][44.147s] GC(870) Phase 2: Prepare compaction 5.216ms
[2025-06-28T00:22:55.350+0200][44.147s] GC(870) Phase 3: Adjust pointers
[2025-06-28T00:22:55.363+0200][44.160s] GC(870) Phase 3: Adjust pointers 12.572ms
[2025-06-28T00:22:55.363+0200][44.160s] GC(870) Phase 4: Compact heap
[2025-06-28T00:22:55.367+0200][44.164s] GC(870) Phase 4: Compact heap 4.247ms
[2025-06-28T00:22:55.367+0200][44.164s] GC(870) Phase 5: Reset Metadata
[2025-06-28T00:22:55.368+0200][44.165s] GC(870) Phase 5: Reset Metadata 0.427ms
[2025-06-28T00:22:55.371+0200][44.168s] GC(870) Eden regions: 0->0(0)
[2025-06-28T00:22:55.371+0200][44.168s] GC(870) Survivor regions: 0->0(0)
[2025-06-28T00:22:55.371+0200][44.168s] GC(870) Old regions: 22->22
[2025-06-28T00:22:55.371+0200][44.168s] GC(870) Humongous regions: 0->0
[2025-06-28T00:22:55.371+0200][44.168s] GC(870) Metaspace: 69366K(70080K)->69366K(70080K) NonClass: 60124K(60544K)->60124K(60544K) Class: 9242K(9536K)->9242K(9536K)
[2025-06-28T00:22:55.371+0200][44.168s] GC(870) Pause Full (G1 Compaction Pause) 20M->20M(22M) 53.819ms
[2025-06-28T00:22:55.371+0200][44.168s] GC(870) User=0.11s Sys=0.00s Real=0.05s
[2025-06-28T00:22:55.371+0200][44.168s] GC(868) Concurrent Mark From Roots 100.574ms
[2025-06-28T00:22:55.371+0200][44.168s] GC(868) Concurrent Mark Abort
[2025-06-28T00:22:55.371+0200][44.168s] GC(868) Concurrent Mark Cycle 101.529ms
[2025-06-28T00:22:55.371+0200][44.168s] GC(871) Pause Young (Normal) (G1 Evacuation Pause)
[2025-06-28T00:22:55.371+0200][44.168s] GC(871) Using 8 workers of 10 for evacuation
[2025-06-28T00:22:55.372+0200][44.169s] GC(871)   Pre Evacuate Collection Set: 0.1ms
[2025-06-28T00:22:55.372+0200][44.169s] GC(871)   Merge Heap Roots: 0.0ms
[2025-06-28T00:22:55.372+0200][44.169s] GC(871)   Evacuate Collection Set: 0.4ms
[2025-06-28T00:22:55.372+0200][44.169s] GC(871)   Post Evacuate Collection Set: 0.3ms
[2025-06-28T00:22:55.372+0200][44.169s] GC(871)   Other: 0.1ms
[2025-06-28T00:22:55.372+0200][44.169s] GC(871) Eden regions: 0->0(0)
[2025-06-28T00:22:55.372+0200][44.169s] GC(871) Survivor regions: 0->0(0)
[2025-06-28T00:22:55.372+0200][44.169s] GC(871) Old regions: 22->22
[2025-06-28T00:22:55.372+0200][44.169s] GC(871) Humongous regions: 0->0
[2025-06-28T00:22:55.372+0200][44.169s] GC(871) Metaspace: 69366K(70080K)->69366K(70080K) NonClass: 60124K(60544K)->60124K(60544K) Class: 9242K(9536K)->9242K(9536K)
[2025-06-28T00:22:55.372+0200][44.169s] GC(871) Pause Young (Normal) (G1 Evacuation Pause) 20M->20M(22M) 1.199ms
[2025-06-28T00:22:55.372+0200][44.169s] GC(871) User=0.00s Sys=0.00s Real=0.00s
[2025-06-28T00:22:55.372+0200][44.169s] Attempting full compaction
[2025-06-28T00:22:55.372+0200][44.169s] GC(872) Pause Full (G1 Compaction Pause)
[2025-06-28T00:22:55.373+0200][44.169s] GC(872) Using 2 workers of 10 for full compaction
[2025-06-28T00:22:55.373+0200][44.169s] GC(872) Phase 1: Mark live objects
[2025-06-28T00:22:55.401+0200][44.197s] GC(872) Phase 1: Mark live objects 27.151ms
[2025-06-28T00:22:55.401+0200][44.197s] GC(872) Phase 2: Prepare compaction
[2025-06-28T00:22:55.401+0200][44.197s] GC(872) Phase 2: Prepare compaction 0.158ms
[2025-06-28T00:22:55.401+0200][44.197s] GC(872) Phase 3: Adjust pointers
[2025-06-28T00:22:55.410+0200][44.206s] GC(872) Phase 3: Adjust pointers 8.753ms
[2025-06-28T00:22:55.410+0200][44.206s] GC(872) Phase 4: Compact heap
[2025-06-28T00:22:55.410+0200][44.206s] GC(872) Phase 4: Compact heap 0.125ms
[2025-06-28T00:22:55.410+0200][44.206s] GC(872) Phase 5: Reset Metadata
[2025-06-28T00:22:55.414+0200][44.210s] GC(872) Phase 5: Reset Metadata 3.805ms
[2025-06-28T00:22:55.417+0200][44.213s] GC(872) Eden regions: 0->0(0)
[2025-06-28T00:22:55.417+0200][44.213s] GC(872) Survivor regions: 0->0(0)
[2025-06-28T00:22:55.417+0200][44.213s] GC(872) Old regions: 22->22
[2025-06-28T00:22:55.417+0200][44.213s] GC(872) Humongous regions: 0->0
[2025-06-28T00:22:55.417+0200][44.213s] GC(872) Metaspace: 69366K(70080K)->69366K(70080K) NonClass: 60124K(60544K)->60124K(60544K) Class: 9242K(9536K)->9242K(9536K)
[2025-06-28T00:22:55.417+0200][44.213s] GC(872) Pause Full (G1 Compaction Pause) 20M->20M(22M) 43.856ms
[2025-06-28T00:22:55.417+0200][44.213s] GC(872) User=0.06s Sys=0.00s Real=0.05s
[2025-06-28T00:22:55.417+0200][44.213s] Attempting maximal full compaction clearing soft references
[2025-06-28T00:22:55.417+0200][44.213s] GC(873) Pause Full (G1 Compaction Pause)
[2025-06-28T00:22:55.417+0200][44.213s] GC(873) Using 2 workers of 10 for full compaction
[2025-06-28T00:22:55.417+0200][44.213s] GC(873) Phase 1: Mark live objects
[2025-06-28T00:22:55.441+0200][44.237s] GC(873) Phase 1: Mark live objects 24.062ms
[2025-06-28T00:22:55.441+0200][44.237s] GC(873) Phase 2: Prepare compaction
[2025-06-28T00:22:55.446+0200][44.242s] GC(873) Phase 2: Prepare compaction 4.478ms
[2025-06-28T00:22:55.446+0200][44.242s] GC(873) Phase 3: Adjust pointers
[2025-06-28T00:22:55.457+0200][44.254s] GC(873) Phase 3: Adjust pointers 11.695ms
[2025-06-28T00:22:55.457+0200][44.254s] GC(873) Phase 4: Compact heap
[2025-06-28T00:22:55.461+0200][44.257s] GC(873) Phase 4: Compact heap 3.536ms
[2025-06-28T00:22:55.461+0200][44.257s] GC(873) Phase 5: Reset Metadata
[2025-06-28T00:22:55.462+0200][44.258s] GC(873) Phase 5: Reset Metadata 0.579ms
[2025-06-28T00:22:55.464+0200][44.261s] GC(873) Eden regions: 0->0(0)
[2025-06-28T00:22:55.464+0200][44.261s] GC(873) Survivor regions: 0->0(0)
[2025-06-28T00:22:55.464+0200][44.261s] GC(873) Old regions: 22->22
[2025-06-28T00:22:55.464+0200][44.261s] GC(873) Humongous regions: 0->0
[2025-06-28T00:22:55.464+0200][44.261s] GC(873) Metaspace: 69366K(70080K)->69366K(70080K) NonClass: 60124K(60544K)->60124K(60544K) Class: 9242K(9536K)->9242K(9536K)
[2025-06-28T00:22:55.464+0200][44.261s] GC(873) Pause Full (G1 Compaction Pause) 20M->20M(22M) 47.548ms
[2025-06-28T00:22:55.464+0200][44.261s] GC(873) User=0.08s Sys=0.00s Real=0.05s
[2025-06-28T00:22:55.465+0200][44.261s] GC(874) Pause Young (Concurrent Start) (G1 Evacuation Pause)
[2025-06-28T00:22:55.465+0200][44.261s] GC(874) Using 8 workers of 10 for evacuation
[2025-06-28T00:22:55.467+0200][44.263s] GC(874)   Pre Evacuate Collection Set: 0.4ms
[2025-06-28T00:22:55.467+0200][44.263s] GC(874)   Merge Heap Roots: 0.1ms
[2025-06-28T00:22:55.467+0200][44.263s] GC(874)   Evacuate Collection Set: 0.8ms
[2025-06-28T00:22:55.467+0200][44.263s] GC(874)   Post Evacuate Collection Set: 0.6ms
[2025-06-28T00:22:55.467+0200][44.263s] GC(874)   Other: 0.2ms
[2025-06-28T00:22:55.467+0200][44.263s] GC(874) Eden regions: 0->0(0)
[2025-06-28T00:22:55.467+0200][44.263s] GC(874) Survivor regions: 0->0(0)
[2025-06-28T00:22:55.467+0200][44.263s] GC(874) Old regions: 22->22
[2025-06-28T00:22:55.467+0200][44.263s] GC(874) Humongous regions: 0->0
[2025-06-28T00:22:55.467+0200][44.263s] GC(874) Metaspace: 69366K(70080K)->69366K(70080K) NonClass: 60124K(60544K)->60124K(60544K) Class: 9242K(9536K)->9242K(9536K)
[2025-06-28T00:22:55.467+0200][44.263s] GC(874) Pause Young (Concurrent Start) (G1 Evacuation Pause) 20M->20M(22M) 2.254ms
[2025-06-28T00:22:55.467+0200][44.263s] GC(874) User=0.00s Sys=0.00s Real=0.00s
[2025-06-28T00:22:55.467+0200][44.263s] Attempting full compaction
[2025-06-28T00:22:55.467+0200][44.263s] GC(875) Pause Full (G1 Compaction Pause)
[2025-06-28T00:22:55.467+0200][44.263s] GC(876) Concurrent Mark Cycle
[2025-06-28T00:22:55.467+0200][44.263s] GC(875) Using 2 workers of 10 for full compaction
[2025-06-28T00:22:55.468+0200][44.264s] GC(876) Concurrent Scan Root Regions
[2025-06-28T00:22:55.468+0200][44.264s] GC(876) Concurrent Scan Root Regions 0.103ms
[2025-06-28T00:22:55.468+0200][44.264s] GC(875) Phase 1: Mark live objects
[2025-06-28T00:22:55.491+0200][44.287s] GC(875) Phase 1: Mark live objects 23.083ms
[2025-06-28T00:22:55.491+0200][44.287s] GC(875) Phase 2: Prepare compaction
[2025-06-28T00:22:55.491+0200][44.287s] GC(875) Phase 2: Prepare compaction 0.112ms
[2025-06-28T00:22:55.491+0200][44.287s] GC(875) Phase 3: Adjust pointers
[2025-06-28T00:22:55.501+0200][44.297s] GC(875) Phase 3: Adjust pointers 9.876ms
[2025-06-28T00:22:55.501+0200][44.297s] GC(875) Phase 4: Compact heap
[2025-06-28T00:22:55.501+0200][44.297s] GC(875) Phase 4: Compact heap 0.114ms
[2025-06-28T00:22:55.501+0200][44.297s] GC(875) Phase 5: Reset Metadata
[2025-06-28T00:22:55.506+0200][44.302s] GC(875) Phase 5: Reset Metadata 4.429ms
[2025-06-28T00:22:55.509+0200][44.305s] GC(875) Eden regions: 0->0(0)
[2025-06-28T00:22:55.509+0200][44.305s] GC(875) Survivor regions: 0->0(0)
[2025-06-28T00:22:55.509+0200][44.305s] GC(875) Old regions: 22->22
[2025-06-28T00:22:55.509+0200][44.305s] GC(875) Humongous regions: 0->0
[2025-06-28T00:22:55.509+0200][44.305s] GC(875) Metaspace: 69366K(70080K)->69366K(70080K) NonClass: 60124K(60544K)->60124K(60544K) Class: 9242K(9536K)->9242K(9536K)
[2025-06-28T00:22:55.509+0200][44.305s] GC(875) Pause Full (G1 Compaction Pause) 20M->20M(22M) 41.368ms
[2025-06-28T00:22:55.509+0200][44.305s] GC(875) User=0.05s Sys=0.02s Real=0.04s
[2025-06-28T00:22:55.509+0200][44.305s] Attempting maximal full compaction clearing soft references
[2025-06-28T00:22:55.509+0200][44.305s] GC(877) Pause Full (G1 Compaction Pause)
[2025-06-28T00:22:55.509+0200][44.305s] GC(877) Using 2 workers of 10 for full compaction
[2025-06-28T00:22:55.509+0200][44.305s] GC(877) Phase 1: Mark live objects
[2025-06-28T00:22:55.533+0200][44.329s] GC(877) Phase 1: Mark live objects 23.944ms
[2025-06-28T00:22:55.533+0200][44.329s] GC(877) Phase 2: Prepare compaction
[2025-06-28T00:22:55.538+0200][44.334s] GC(877) Phase 2: Prepare compaction 5.310ms
[2025-06-28T00:22:55.538+0200][44.335s] GC(877) Phase 3: Adjust pointers
[2025-06-28T00:22:55.551+0200][44.347s] GC(877) Phase 3: Adjust pointers 12.285ms
[2025-06-28T00:22:55.551+0200][44.347s] GC(877) Phase 4: Compact heap
[2025-06-28T00:22:55.557+0200][44.353s] GC(877) Phase 4: Compact heap 6.051ms
[2025-06-28T00:22:55.557+0200][44.353s] GC(877) Phase 5: Reset Metadata
[2025-06-28T00:22:55.557+0200][44.353s] GC(877) Phase 5: Reset Metadata 0.492ms
[2025-06-28T00:22:55.560+0200][44.356s] GC(877) Eden regions: 0->0(0)
[2025-06-28T00:22:55.560+0200][44.356s] GC(877) Survivor regions: 0->0(0)
[2025-06-28T00:22:55.560+0200][44.356s] GC(877) Old regions: 22->22
[2025-06-28T00:22:55.560+0200][44.356s] GC(877) Humongous regions: 0->0
[2025-06-28T00:22:55.560+0200][44.356s] GC(877) Metaspace: 69366K(70080K)->69366K(70080K) NonClass: 60124K(60544K)->60124K(60544K) Class: 9242K(9536K)->9242K(9536K)
[2025-06-28T00:22:55.560+0200][44.356s] GC(877) Pause Full (G1 Compaction Pause) 20M->20M(22M) 51.473ms
[2025-06-28T00:22:55.560+0200][44.356s] GC(877) User=0.09s Sys=0.00s Real=0.05s
[2025-06-28T00:22:55.560+0200][44.357s] GC(876) Concurrent Mark Abort
[2025-06-28T00:22:55.560+0200][44.357s] GC(876) Concurrent Mark Cycle 93.165ms
[2025-06-28T00:22:55.560+0200][44.357s] GC(878) Pause Young (Normal) (G1 Evacuation Pause)
[2025-06-28T00:22:55.560+0200][44.357s] GC(878) Using 8 workers of 10 for evacuation
[2025-06-28T00:22:55.561+0200][44.358s] GC(878)   Pre Evacuate Collection Set: 0.3ms
[2025-06-28T00:22:55.561+0200][44.358s] GC(878)   Merge Heap Roots: 0.1ms
[2025-06-28T00:22:55.561+0200][44.358s] GC(878)   Evacuate Collection Set: 0.3ms
[2025-06-28T00:22:55.561+0200][44.358s] GC(878)   Post Evacuate Collection Set: 0.4ms
[2025-06-28T00:22:55.561+0200][44.358s] GC(878)   Other: 0.1ms
[2025-06-28T00:22:55.561+0200][44.358s] GC(878) Eden regions: 0->0(0)
[2025-06-28T00:22:55.561+0200][44.358s] GC(878) Survivor regions: 0->0(0)
[2025-06-28T00:22:55.561+0200][44.358s] GC(878) Old regions: 22->22
[2025-06-28T00:22:55.561+0200][44.358s] GC(878) Humongous regions: 0->0
[2025-06-28T00:22:55.561+0200][44.358s] GC(878) Metaspace: 69366K(70080K)->69366K(70080K) NonClass: 60124K(60544K)->60124K(60544K) Class: 9242K(9536K)->9242K(9536K)
[2025-06-28T00:22:55.561+0200][44.358s] GC(878) Pause Young (Normal) (G1 Evacuation Pause) 20M->20M(22M) 1.519ms
[2025-06-28T00:22:55.561+0200][44.358s] GC(878) User=0.00s Sys=0.00s Real=0.00s
[2025-06-28T00:22:55.561+0200][44.358s] Attempting full compaction
[2025-06-28T00:22:55.561+0200][44.358s] GC(879) Pause Full (G1 Compaction Pause)
[2025-06-28T00:22:55.561+0200][44.358s] GC(879) Using 2 workers of 10 for full compaction
[2025-06-28T00:22:55.561+0200][44.358s] GC(879) Phase 1: Mark live objects
[2025-06-28T00:22:55.586+0200][44.382s] GC(879) Phase 1: Mark live objects 23.618ms
[2025-06-28T00:22:55.586+0200][44.382s] GC(879) Phase 2: Prepare compaction
[2025-06-28T00:22:55.586+0200][44.382s] GC(879) Phase 2: Prepare compaction 0.190ms
[2025-06-28T00:22:55.586+0200][44.382s] GC(879) Phase 3: Adjust pointers
[2025-06-28T00:22:55.595+0200][44.391s] GC(879) Phase 3: Adjust pointers 8.825ms
[2025-06-28T00:22:55.595+0200][44.391s] GC(879) Phase 4: Compact heap
[2025-06-28T00:22:55.595+0200][44.391s] GC(879) Phase 4: Compact heap 0.115ms
[2025-06-28T00:22:55.595+0200][44.391s] GC(879) Phase 5: Reset Metadata
[2025-06-28T00:22:55.600+0200][44.396s] GC(879) Phase 5: Reset Metadata 4.704ms
[2025-06-28T00:22:55.603+0200][44.399s] GC(879) Eden regions: 0->0(0)
[2025-06-28T00:22:55.603+0200][44.399s] GC(879) Survivor regions: 0->0(0)
[2025-06-28T00:22:55.603+0200][44.399s] GC(879) Old regions: 22->22
[2025-06-28T00:22:55.603+0200][44.399s] GC(879) Humongous regions: 0->0
[2025-06-28T00:22:55.603+0200][44.399s] GC(879) Metaspace: 69366K(70080K)->69366K(70080K) NonClass: 60124K(60544K)->60124K(60544K) Class: 9242K(9536K)->9242K(9536K)
[2025-06-28T00:22:55.603+0200][44.399s] GC(879) Pause Full (G1 Compaction Pause) 20M->20M(22M) 41.064ms
[2025-06-28T00:22:55.603+0200][44.399s] GC(879) User=0.05s Sys=0.00s Real=0.04s
[2025-06-28T00:22:55.603+0200][44.399s] Attempting maximal full compaction clearing soft references
[2025-06-28T00:22:55.603+0200][44.399s] GC(880) Pause Full (G1 Compaction Pause)
[2025-06-28T00:22:55.603+0200][44.399s] GC(880) Using 2 workers of 10 for full compaction
[2025-06-28T00:22:55.603+0200][44.399s] GC(880) Phase 1: Mark live objects
[2025-06-28T00:22:55.627+0200][44.423s] GC(880) Phase 1: Mark live objects 23.892ms
[2025-06-28T00:22:55.627+0200][44.423s] GC(880) Phase 2: Prepare compaction
[2025-06-28T00:22:55.632+0200][44.429s] GC(880) Phase 2: Prepare compaction 5.287ms
[2025-06-28T00:22:55.633+0200][44.429s] GC(880) Phase 3: Adjust pointers
[2025-06-28T00:22:55.644+0200][44.440s] GC(880) Phase 3: Adjust pointers 11.245ms
[2025-06-28T00:22:55.644+0200][44.440s] GC(880) Phase 4: Compact heap
[2025-06-28T00:22:55.648+0200][44.444s] GC(880) Phase 4: Compact heap 4.035ms
[2025-06-28T00:22:55.648+0200][44.444s] GC(880) Phase 5: Reset Metadata
[2025-06-28T00:22:55.649+0200][44.445s] GC(880) Phase 5: Reset Metadata 0.632ms
[2025-06-28T00:22:55.652+0200][44.448s] GC(880) Eden regions: 0->0(0)
[2025-06-28T00:22:55.652+0200][44.448s] GC(880) Survivor regions: 0->0(0)
[2025-06-28T00:22:55.652+0200][44.448s] GC(880) Old regions: 22->22
[2025-06-28T00:22:55.652+0200][44.448s] GC(880) Humongous regions: 0->0
[2025-06-28T00:22:55.652+0200][44.448s] GC(880) Metaspace: 69366K(70080K)->69366K(70080K) NonClass: 60124K(60544K)->60124K(60544K) Class: 9242K(9536K)->9242K(9536K)
[2025-06-28T00:22:55.652+0200][44.448s] GC(880) Pause Full (G1 Compaction Pause) 20M->20M(22M) 48.477ms
[2025-06-28T00:22:55.652+0200][44.448s] GC(880) User=0.09s Sys=0.00s Real=0.05s
[2025-06-28T00:22:55.652+0200][44.448s] GC(881) Pause Young (Concurrent Start) (G1 Evacuation Pause)
[2025-06-28T00:22:55.652+0200][44.448s] GC(881) Using 8 workers of 10 for evacuation
[2025-06-28T00:22:55.654+0200][44.450s] GC(881)   Pre Evacuate Collection Set: 0.3ms
[2025-06-28T00:22:55.654+0200][44.450s] GC(881)   Merge Heap Roots: 0.1ms
[2025-06-28T00:22:55.654+0200][44.450s] GC(881)   Evacuate Collection Set: 0.8ms
[2025-06-28T00:22:55.654+0200][44.450s] GC(881)   Post Evacuate Collection Set: 0.4ms
[2025-06-28T00:22:55.654+0200][44.450s] GC(881)   Other: 0.1ms
[2025-06-28T00:22:55.654+0200][44.450s] GC(881) Eden regions: 0->0(0)
[2025-06-28T00:22:55.654+0200][44.450s] GC(881) Survivor regions: 0->0(0)
[2025-06-28T00:22:55.654+0200][44.450s] GC(881) Old regions: 22->22
[2025-06-28T00:22:55.654+0200][44.450s] GC(881) Humongous regions: 0->0
[2025-06-28T00:22:55.654+0200][44.450s] GC(881) Metaspace: 69367K(70080K)->69367K(70080K) NonClass: 60124K(60544K)->60124K(60544K) Class: 9242K(9536K)->9242K(9536K)
[2025-06-28T00:22:55.654+0200][44.450s] GC(881) Pause Young (Concurrent Start) (G1 Evacuation Pause) 20M->20M(22M) 1.988ms
[2025-06-28T00:22:55.654+0200][44.450s] GC(881) User=0.00s Sys=0.00s Real=0.00s
[2025-06-28T00:22:55.654+0200][44.450s] GC(882) Concurrent Mark Cycle
[2025-06-28T00:22:55.654+0200][44.450s] Attempting full compaction
[2025-06-28T00:22:55.654+0200][44.450s] GC(882) Concurrent Scan Root Regions
[2025-06-28T00:22:55.654+0200][44.450s] GC(883) Pause Full (G1 Compaction Pause)
[2025-06-28T00:22:55.654+0200][44.450s] GC(882) Concurrent Scan Root Regions 0.036ms
[2025-06-28T00:22:55.654+0200][44.450s] GC(883) Using 2 workers of 10 for full compaction
[2025-06-28T00:22:55.654+0200][44.450s] GC(882) Concurrent Mark
[2025-06-28T00:22:55.654+0200][44.450s] GC(882) Concurrent Mark From Roots
[2025-06-28T00:22:55.654+0200][44.450s] GC(882) Using 3 workers of 3 for marking
[2025-06-28T00:22:55.654+0200][44.451s] GC(883) Phase 1: Mark live objects
[2025-06-28T00:22:55.678+0200][44.474s] GC(883) Phase 1: Mark live objects 23.643ms
[2025-06-28T00:22:55.678+0200][44.474s] GC(883) Phase 2: Prepare compaction
[2025-06-28T00:22:55.678+0200][44.474s] GC(883) Phase 2: Prepare compaction 0.093ms
[2025-06-28T00:22:55.678+0200][44.474s] GC(883) Phase 3: Adjust pointers
[2025-06-28T00:22:55.688+0200][44.484s] GC(883) Phase 3: Adjust pointers 9.331ms
[2025-06-28T00:22:55.688+0200][44.484s] GC(883) Phase 4: Compact heap
[2025-06-28T00:22:55.688+0200][44.484s] GC(883) Phase 4: Compact heap 0.112ms
[2025-06-28T00:22:55.688+0200][44.484s] GC(883) Phase 5: Reset Metadata
[2025-06-28T00:22:55.692+0200][44.488s] GC(883) Phase 5: Reset Metadata 4.155ms
[2025-06-28T00:22:55.696+0200][44.492s] GC(883) Eden regions: 0->0(0)
[2025-06-28T00:22:55.696+0200][44.492s] GC(883) Survivor regions: 0->0(0)
[2025-06-28T00:22:55.696+0200][44.492s] GC(883) Old regions: 22->22
[2025-06-28T00:22:55.696+0200][44.492s] GC(883) Humongous regions: 0->0
[2025-06-28T00:22:55.696+0200][44.492s] GC(883) Metaspace: 69367K(70080K)->69367K(70080K) NonClass: 60124K(60544K)->60124K(60544K) Class: 9242K(9536K)->9242K(9536K)
[2025-06-28T00:22:55.696+0200][44.492s] GC(883) Pause Full (G1 Compaction Pause) 20M->20M(22M) 41.466ms
[2025-06-28T00:22:55.696+0200][44.492s] GC(883) User=0.06s Sys=0.00s Real=0.04s
[2025-06-28T00:22:55.696+0200][44.492s] Attempting maximal full compaction clearing soft references
[2025-06-28T00:22:55.696+0200][44.492s] GC(884) Pause Full (G1 Compaction Pause)
[2025-06-28T00:22:55.696+0200][44.492s] GC(884) Using 2 workers of 10 for full compaction
[2025-06-28T00:22:55.696+0200][44.492s] GC(884) Phase 1: Mark live objects
[2025-06-28T00:22:55.719+0200][44.515s] GC(884) Phase 1: Mark live objects 22.963ms
[2025-06-28T00:22:55.719+0200][44.515s] GC(884) Phase 2: Prepare compaction
[2025-06-28T00:22:55.724+0200][44.520s] GC(884) Phase 2: Prepare compaction 4.736ms
[2025-06-28T00:22:55.724+0200][44.520s] GC(884) Phase 3: Adjust pointers
[2025-06-28T00:22:55.735+0200][44.531s] GC(884) Phase 3: Adjust pointers 11.040ms
[2025-06-28T00:22:55.735+0200][44.531s] GC(884) Phase 4: Compact heap
[2025-06-28T00:22:55.739+0200][44.535s] GC(884) Phase 4: Compact heap 3.808ms
[2025-06-28T00:22:55.739+0200][44.535s] GC(884) Phase 5: Reset Metadata
[2025-06-28T00:22:55.739+0200][44.535s] GC(884) Phase 5: Reset Metadata 0.408ms
[2025-06-28T00:22:55.742+0200][44.538s] GC(884) Eden regions: 0->0(1)
[2025-06-28T00:22:55.742+0200][44.538s] GC(884) Survivor regions: 0->0(0)
[2025-06-28T00:22:55.742+0200][44.538s] GC(884) Old regions: 22->21
[2025-06-28T00:22:55.742+0200][44.538s] GC(884) Humongous regions: 0->0
[2025-06-28T00:22:55.742+0200][44.538s] GC(884) Metaspace: 69367K(70080K)->69367K(70080K) NonClass: 60124K(60544K)->60124K(60544K) Class: 9242K(9536K)->9242K(9536K)
[2025-06-28T00:22:55.742+0200][44.538s] GC(884) Pause Full (G1 Compaction Pause) 20M->20M(22M) 46.477ms
[2025-06-28T00:22:55.742+0200][44.538s] GC(884) User=0.09s Sys=0.00s Real=0.05s
[2025-06-28T00:22:55.742+0200][44.539s] GC(882) Concurrent Mark From Roots 88.121ms
[2025-06-28T00:22:55.742+0200][44.539s] GC(882) Concurrent Mark Abort
[2025-06-28T00:22:55.742+0200][44.539s] GC(882) Concurrent Mark Cycle 88.357ms
[2025-06-28T00:22:55.767+0200][44.564s] GC(885) Pause Young (Normal) (G1 Evacuation Pause)
[2025-06-28T00:22:55.767+0200][44.564s] GC(885) Using 8 workers of 10 for evacuation
[2025-06-28T00:22:55.768+0200][44.565s] GC(885)   Pre Evacuate Collection Set: 0.2ms
[2025-06-28T00:22:55.768+0200][44.565s] GC(885)   Merge Heap Roots: 0.1ms
[2025-06-28T00:22:55.768+0200][44.565s] GC(885)   Evacuate Collection Set: 0.5ms
[2025-06-28T00:22:55.768+0200][44.565s] GC(885)   Post Evacuate Collection Set: 0.4ms
[2025-06-28T00:22:55.769+0200][44.565s] GC(885)   Other: 0.1ms
[2025-06-28T00:22:55.769+0200][44.565s] GC(885) Eden regions: 1->0(0)
[2025-06-28T00:22:55.769+0200][44.565s] GC(885) Survivor regions: 0->0(0)
[2025-06-28T00:22:55.769+0200][44.565s] GC(885) Old regions: 21->22
[2025-06-28T00:22:55.769+0200][44.565s] GC(885) Humongous regions: 0->0
[2025-06-28T00:22:55.769+0200][44.565s] GC(885) Metaspace: 69448K(70080K)->69448K(70080K) NonClass: 60185K(60544K)->60185K(60544K) Class: 9263K(9536K)->9263K(9536K)
[2025-06-28T00:22:55.769+0200][44.565s] GC(885) Pause Young (Normal) (G1 Evacuation Pause) (Evacuation Failure) 21M->21M(22M) 1.631ms
[2025-06-28T00:22:55.769+0200][44.565s] GC(885) User=0.00s Sys=0.00s Real=0.00s
[2025-06-28T00:22:55.769+0200][44.565s] Attempting full compaction
[2025-06-28T00:22:55.769+0200][44.565s] GC(886) Pause Full (G1 Compaction Pause)
[2025-06-28T00:22:55.769+0200][44.565s] GC(886) Using 2 workers of 10 for full compaction
[2025-06-28T00:22:55.769+0200][44.565s] GC(886) Phase 1: Mark live objects
[2025-06-28T00:22:55.807+0200][44.603s] GC(886) Phase 1: Mark live objects 37.927ms
[2025-06-28T00:22:55.807+0200][44.603s] GC(886) Phase 2: Prepare compaction
[2025-06-28T00:22:55.807+0200][44.604s] GC(886) Phase 2: Prepare compaction 0.591ms
[2025-06-28T00:22:55.807+0200][44.604s] GC(886) Phase 3: Adjust pointers
[2025-06-28T00:22:55.817+0200][44.613s] GC(886) Phase 3: Adjust pointers 9.179ms
[2025-06-28T00:22:55.817+0200][44.613s] GC(886) Phase 4: Compact heap
[2025-06-28T00:22:55.817+0200][44.614s] GC(886) Phase 4: Compact heap 0.608ms
[2025-06-28T00:22:55.817+0200][44.614s] GC(886) Phase 5: Reset Metadata
[2025-06-28T00:22:55.821+0200][44.618s] GC(886) Phase 5: Reset Metadata 3.851ms
[2025-06-28T00:22:55.824+0200][44.621s] GC(886) Eden regions: 0->0(1)
[2025-06-28T00:22:55.824+0200][44.621s] GC(886) Survivor regions: 0->0(0)
[2025-06-28T00:22:55.824+0200][44.621s] GC(886) Old regions: 22->21
[2025-06-28T00:22:55.824+0200][44.621s] GC(886) Humongous regions: 0->0
[2025-06-28T00:22:55.824+0200][44.621s] GC(886) Metaspace: 69448K(70080K)->69406K(70080K) NonClass: 60185K(60544K)->60154K(60544K) Class: 9263K(9536K)->9251K(9536K)
[2025-06-28T00:22:55.824+0200][44.621s] GC(886) Pause Full (G1 Compaction Pause) 21M->20M(22M) 55.705ms
[2025-06-28T00:22:55.824+0200][44.621s] GC(886) User=0.09s Sys=0.00s Real=0.05s
[2025-06-28T00:22:55.877+0200][44.674s] GC(887) Pause Young (Concurrent Start) (G1 Evacuation Pause)
[2025-06-28T00:22:55.877+0200][44.674s] GC(887) Using 2 workers of 10 for evacuation
[2025-06-28T00:22:55.880+0200][44.676s] GC(887)   Pre Evacuate Collection Set: 0.2ms
[2025-06-28T00:22:55.880+0200][44.676s] GC(887)   Merge Heap Roots: 0.1ms
[2025-06-28T00:22:55.880+0200][44.676s] GC(887)   Evacuate Collection Set: 1.0ms
[2025-06-28T00:22:55.880+0200][44.676s] GC(887)   Post Evacuate Collection Set: 0.8ms
[2025-06-28T00:22:55.880+0200][44.676s] GC(887)   Other: 0.1ms
[2025-06-28T00:22:55.880+0200][44.676s] GC(887) Eden regions: 1->0(0)
[2025-06-28T00:22:55.880+0200][44.676s] GC(887) Survivor regions: 0->0(0)
[2025-06-28T00:22:55.880+0200][44.676s] GC(887) Old regions: 21->22
[2025-06-28T00:22:55.880+0200][44.677s] GC(887) Humongous regions: 0->0
[2025-06-28T00:22:55.880+0200][44.677s] GC(887) Metaspace: 69544K(70144K)->69544K(70144K) NonClass: 60263K(60608K)->60263K(60608K) Class: 9281K(9536K)->9281K(9536K)
[2025-06-28T00:22:55.880+0200][44.677s] GC(887) Pause Young (Concurrent Start) (G1 Evacuation Pause) (Evacuation Failure) 21M->21M(22M) 2.633ms
[2025-06-28T00:22:55.880+0200][44.677s] GC(888) Concurrent Mark Cycle
[2025-06-28T00:22:55.880+0200][44.677s] GC(887) User=0.00s Sys=0.00s Real=0.00s
[2025-06-28T00:22:55.880+0200][44.677s] GC(888) Concurrent Scan Root Regions
[2025-06-28T00:22:55.880+0200][44.677s] Attempting full compaction
[2025-06-28T00:22:55.880+0200][44.677s] GC(888) Concurrent Scan Root Regions 0.150ms
[2025-06-28T00:22:55.880+0200][44.677s] GC(889) Pause Full (G1 Compaction Pause)
[2025-06-28T00:22:55.880+0200][44.677s] GC(888) Concurrent Mark
[2025-06-28T00:22:55.880+0200][44.677s] GC(889) Using 2 workers of 10 for full compaction
[2025-06-28T00:22:55.880+0200][44.677s] GC(888) Concurrent Mark From Roots
[2025-06-28T00:22:55.881+0200][44.677s] GC(888) Using 3 workers of 3 for marking
[2025-06-28T00:22:55.881+0200][44.677s] GC(889) Phase 1: Mark live objects
[2025-06-28T00:22:55.910+0200][44.706s] GC(889) Phase 1: Mark live objects 29.138ms
[2025-06-28T00:22:55.910+0200][44.707s] GC(889) Phase 2: Prepare compaction
[2025-06-28T00:22:55.917+0200][44.713s] GC(889) Phase 2: Prepare compaction 6.288ms
[2025-06-28T00:22:55.917+0200][44.713s] GC(889) Phase 3: Adjust pointers
[2025-06-28T00:22:55.927+0200][44.724s] GC(889) Phase 3: Adjust pointers 10.775ms
[2025-06-28T00:22:55.927+0200][44.724s] GC(889) Phase 4: Compact heap
[2025-06-28T00:22:55.933+0200][44.729s] GC(889) Phase 4: Compact heap 5.524ms
[2025-06-28T00:22:55.933+0200][44.729s] GC(889) Phase 5: Reset Metadata
[2025-06-28T00:22:55.934+0200][44.731s] GC(889) Phase 5: Reset Metadata 1.759ms
[2025-06-28T00:22:55.937+0200][44.734s] GC(889) Eden regions: 0->0(1)
[2025-06-28T00:22:55.937+0200][44.735s] GC(889) Survivor regions: 0->0(0)
[2025-06-28T00:22:55.937+0200][44.735s] GC(889) Old regions: 22->20
[2025-06-28T00:22:55.937+0200][44.735s] GC(889) Humongous regions: 0->0
[2025-06-28T00:22:55.937+0200][44.735s] GC(889) Metaspace: 69544K(70144K)->69502K(70144K) NonClass: 60263K(60608K)->60232K(60608K) Class: 9281K(9536K)->9270K(9536K)
[2025-06-28T00:22:55.937+0200][44.735s] GC(889) Pause Full (G1 Compaction Pause) 21M->19M(22M) 57.662ms
[2025-06-28T00:22:55.937+0200][44.735s] GC(889) User=0.11s Sys=0.00s Real=0.06s
[2025-06-28T00:22:55.939+0200][44.735s] GC(888) Concurrent Mark From Roots 57.784ms
[2025-06-28T00:22:55.939+0200][44.735s] GC(888) Concurrent Mark Abort
[2025-06-28T00:22:55.939+0200][44.735s] GC(888) Concurrent Mark Cycle 58.257ms
[2025-06-28T00:22:55.959+0200][44.755s] GC(890) Pause Young (Normal) (G1 Evacuation Pause)
[2025-06-28T00:22:55.959+0200][44.755s] GC(890) Using 2 workers of 10 for evacuation
[2025-06-28T00:22:55.961+0200][44.757s] GC(890)   Pre Evacuate Collection Set: 0.1ms
[2025-06-28T00:22:55.961+0200][44.757s] GC(890)   Merge Heap Roots: 0.1ms
[2025-06-28T00:22:55.961+0200][44.757s] GC(890)   Evacuate Collection Set: 0.9ms
[2025-06-28T00:22:55.961+0200][44.757s] GC(890)   Post Evacuate Collection Set: 0.4ms
[2025-06-28T00:22:55.961+0200][44.757s] GC(890)   Other: 0.1ms
[2025-06-28T00:22:55.961+0200][44.757s] GC(890) Eden regions: 1->0(0)
[2025-06-28T00:22:55.961+0200][44.757s] GC(890) Survivor regions: 0->1(1)
[2025-06-28T00:22:55.961+0200][44.757s] GC(890) Old regions: 20->20
[2025-06-28T00:22:55.961+0200][44.757s] GC(890) Humongous regions: 0->0
[2025-06-28T00:22:55.961+0200][44.757s] GC(890) Metaspace: 69522K(70144K)->69522K(70144K) NonClass: 60247K(60608K)->60247K(60608K) Class: 9274K(9536K)->9274K(9536K)
[2025-06-28T00:22:55.961+0200][44.757s] GC(890) Pause Young (Normal) (G1 Evacuation Pause) 20M->19M(22M) 1.962ms
[2025-06-28T00:22:55.961+0200][44.757s] GC(890) User=0.00s Sys=0.00s Real=0.00s
[2025-06-28T00:22:55.961+0200][44.757s] Attempting full compaction
[2025-06-28T00:22:55.961+0200][44.757s] GC(891) Pause Full (G1 Compaction Pause)
[2025-06-28T00:22:55.961+0200][44.757s] GC(891) Using 2 workers of 10 for full compaction
[2025-06-28T00:22:55.961+0200][44.758s] GC(891) Phase 1: Mark live objects
[2025-06-28T00:22:55.983+0200][44.779s] GC(891) Phase 1: Mark live objects 21.357ms
[2025-06-28T00:22:55.983+0200][44.779s] GC(891) Phase 2: Prepare compaction
[2025-06-28T00:22:55.983+0200][44.780s] GC(891) Phase 2: Prepare compaction 0.561ms
[2025-06-28T00:22:55.983+0200][44.780s] GC(891) Phase 3: Adjust pointers
[2025-06-28T00:22:55.991+0200][44.788s] GC(891) Phase 3: Adjust pointers 8.266ms
[2025-06-28T00:22:55.992+0200][44.788s] GC(891) Phase 4: Compact heap
[2025-06-28T00:22:55.992+0200][44.789s] GC(891) Phase 4: Compact heap 0.837ms
[2025-06-28T00:22:55.992+0200][44.789s] GC(891) Phase 5: Reset Metadata
[2025-06-28T00:22:55.996+0200][44.792s] GC(891) Phase 5: Reset Metadata 3.518ms
[2025-06-28T00:22:55.999+0200][44.796s] GC(891) Eden regions: 0->0(1)
[2025-06-28T00:22:55.999+0200][44.796s] GC(891) Survivor regions: 1->0(1)
[2025-06-28T00:22:55.999+0200][44.796s] GC(891) Old regions: 20->20
[2025-06-28T00:22:55.999+0200][44.796s] GC(891) Humongous regions: 0->0
[2025-06-28T00:22:55.999+0200][44.796s] GC(891) Metaspace: 69522K(70144K)->69522K(70144K) NonClass: 60247K(60608K)->60247K(60608K) Class: 9274K(9536K)->9274K(9536K)
[2025-06-28T00:22:55.999+0200][44.796s] GC(891) Pause Full (G1 Compaction Pause) 19M->19M(22M) 38.227ms
[2025-06-28T00:22:55.999+0200][44.796s] GC(891) User=0.09s Sys=0.00s Real=0.04s
[2025-06-28T00:22:56.023+0200][44.819s] GC(892) Pause Young (Concurrent Start) (G1 Evacuation Pause)
[2025-06-28T00:22:56.023+0200][44.819s] GC(892) Using 2 workers of 10 for evacuation
[2025-06-28T00:22:56.025+0200][44.821s] GC(892)   Pre Evacuate Collection Set: 0.2ms
[2025-06-28T00:22:56.025+0200][44.821s] GC(892)   Merge Heap Roots: 0.1ms
[2025-06-28T00:22:56.025+0200][44.821s] GC(892)   Evacuate Collection Set: 0.9ms
[2025-06-28T00:22:56.025+0200][44.821s] GC(892)   Post Evacuate Collection Set: 0.5ms
[2025-06-28T00:22:56.025+0200][44.821s] GC(892)   Other: 0.1ms
[2025-06-28T00:22:56.025+0200][44.821s] GC(892) Eden regions: 1->0(0)
[2025-06-28T00:22:56.025+0200][44.821s] GC(892) Survivor regions: 0->1(1)
[2025-06-28T00:22:56.025+0200][44.821s] GC(892) Old regions: 20->20
[2025-06-28T00:22:56.025+0200][44.821s] GC(892) Humongous regions: 0->0
[2025-06-28T00:22:56.025+0200][44.821s] GC(892) Metaspace: 69573K(70208K)->69573K(70208K) NonClass: 60287K(60672K)->60287K(60672K) Class: 9285K(9536K)->9285K(9536K)
[2025-06-28T00:22:56.025+0200][44.821s] GC(892) Pause Young (Concurrent Start) (G1 Evacuation Pause) 20M->19M(22M) 2.118ms
[2025-06-28T00:22:56.025+0200][44.821s] GC(892) User=0.00s Sys=0.00s Real=0.00s
[2025-06-28T00:22:56.025+0200][44.821s] Attempting full compaction
[2025-06-28T00:22:56.025+0200][44.821s] GC(893) Pause Full (G1 Compaction Pause)
[2025-06-28T00:22:56.025+0200][44.821s] GC(893) Using 2 workers of 10 for full compaction
[2025-06-28T00:22:56.025+0200][44.821s] GC(894) Concurrent Mark Cycle
[2025-06-28T00:22:56.025+0200][44.821s] GC(894) Concurrent Scan Root Regions
[2025-06-28T00:22:56.025+0200][44.821s] GC(894) Concurrent Scan Root Regions 0.065ms
[2025-06-28T00:22:56.025+0200][44.822s] GC(893) Phase 1: Mark live objects
[2025-06-28T00:22:56.025+0200][44.822s] GC(894) Concurrent Mark
[2025-06-28T00:22:56.026+0200][44.822s] GC(894) Concurrent Mark From Roots
[2025-06-28T00:22:56.026+0200][44.822s] GC(894) Using 3 workers of 3 for marking
[2025-06-28T00:22:56.048+0200][44.845s] GC(893) Phase 1: Mark live objects 23.450ms
[2025-06-28T00:22:56.048+0200][44.845s] GC(893) Phase 2: Prepare compaction
[2025-06-28T00:22:56.049+0200][44.846s] GC(893) Phase 2: Prepare compaction 0.585ms
[2025-06-28T00:22:56.049+0200][44.846s] GC(893) Phase 3: Adjust pointers
[2025-06-28T00:22:56.058+0200][44.854s] GC(893) Phase 3: Adjust pointers 8.439ms
[2025-06-28T00:22:56.058+0200][44.854s] GC(893) Phase 4: Compact heap
[2025-06-28T00:22:56.058+0200][44.855s] GC(893) Phase 4: Compact heap 0.413ms
[2025-06-28T00:22:56.058+0200][44.855s] GC(893) Phase 5: Reset Metadata
[2025-06-28T00:22:56.062+0200][44.858s] GC(893) Phase 5: Reset Metadata 3.421ms
[2025-06-28T00:22:56.064+0200][44.861s] GC(893) Eden regions: 0->0(1)
[2025-06-28T00:22:56.064+0200][44.861s] GC(893) Survivor regions: 1->0(1)
[2025-06-28T00:22:56.064+0200][44.861s] GC(893) Old regions: 20->20
[2025-06-28T00:22:56.064+0200][44.861s] GC(893) Humongous regions: 0->0
[2025-06-28T00:22:56.064+0200][44.861s] GC(893) Metaspace: 69573K(70208K)->69573K(70208K) NonClass: 60287K(60672K)->60287K(60672K) Class: 9285K(9536K)->9285K(9536K)
[2025-06-28T00:22:56.065+0200][44.861s] GC(893) Pause Full (G1 Compaction Pause) 19M->19M(22M) 39.891ms
[2025-06-28T00:22:56.065+0200][44.861s] GC(893) User=0.11s Sys=0.00s Real=0.04s
[2025-06-28T00:22:56.065+0200][44.861s] GC(894) Concurrent Mark From Roots 39.595ms
[2025-06-28T00:22:56.065+0200][44.861s] GC(894) Concurrent Mark Abort
[2025-06-28T00:22:56.065+0200][44.861s] GC(894) Concurrent Mark Cycle 40.145ms
[2025-06-28T00:22:56.082+0200][44.878s] GC(895) Pause Young (Normal) (G1 Evacuation Pause)
[2025-06-28T00:22:56.082+0200][44.878s] GC(895) Using 2 workers of 10 for evacuation
[2025-06-28T00:22:56.083+0200][44.880s] GC(895)   Pre Evacuate Collection Set: 0.3ms
[2025-06-28T00:22:56.084+0200][44.880s] GC(895)   Merge Heap Roots: 0.1ms
[2025-06-28T00:22:56.084+0200][44.880s] GC(895)   Evacuate Collection Set: 0.6ms
[2025-06-28T00:22:56.084+0200][44.880s] GC(895)   Post Evacuate Collection Set: 0.7ms
[2025-06-28T00:22:56.084+0200][44.880s] GC(895)   Other: 0.1ms
[2025-06-28T00:22:56.084+0200][44.880s] GC(895) Eden regions: 1->0(0)
[2025-06-28T00:22:56.084+0200][44.880s] GC(895) Survivor regions: 0->1(1)
[2025-06-28T00:22:56.084+0200][44.880s] GC(895) Old regions: 20->20
[2025-06-28T00:22:56.084+0200][44.880s] GC(895) Humongous regions: 0->0
[2025-06-28T00:22:56.084+0200][44.880s] GC(895) Metaspace: 69638K(70208K)->69638K(70208K) NonClass: 60343K(60672K)->60343K(60672K) Class: 9295K(9536K)->9295K(9536K)
[2025-06-28T00:22:56.084+0200][44.880s] GC(895) Pause Young (Normal) (G1 Evacuation Pause) 20M->19M(22M) 2.113ms
[2025-06-28T00:22:56.084+0200][44.880s] GC(895) User=0.00s Sys=0.00s Real=0.00s
[2025-06-28T00:22:56.084+0200][44.880s] Attempting full compaction
[2025-06-28T00:22:56.084+0200][44.880s] GC(896) Pause Full (G1 Compaction Pause)
[2025-06-28T00:22:56.084+0200][44.880s] GC(896) Using 2 workers of 10 for full compaction
[2025-06-28T00:22:56.084+0200][44.881s] GC(896) Phase 1: Mark live objects
[2025-06-28T00:22:56.111+0200][44.907s] GC(896) Phase 1: Mark live objects 26.229ms
[2025-06-28T00:22:56.111+0200][44.907s] GC(896) Phase 2: Prepare compaction
[2025-06-28T00:22:56.111+0200][44.907s] GC(896) Phase 2: Prepare compaction 0.236ms
[2025-06-28T00:22:56.111+0200][44.907s] GC(896) Phase 3: Adjust pointers
[2025-06-28T00:22:56.121+0200][44.917s] GC(896) Phase 3: Adjust pointers 9.443ms
[2025-06-28T00:22:56.121+0200][44.917s] GC(896) Phase 4: Compact heap
[2025-06-28T00:22:56.121+0200][44.917s] GC(896) Phase 4: Compact heap 0.259ms
[2025-06-28T00:22:56.121+0200][44.917s] GC(896) Phase 5: Reset Metadata
[2025-06-28T00:22:56.126+0200][44.922s] GC(896) Phase 5: Reset Metadata 4.660ms
[2025-06-28T00:22:56.130+0200][44.926s] GC(896) Eden regions: 0->0(1)
[2025-06-28T00:22:56.130+0200][44.926s] GC(896) Survivor regions: 1->0(1)
[2025-06-28T00:22:56.130+0200][44.926s] GC(896) Old regions: 20->21
[2025-06-28T00:22:56.130+0200][44.926s] GC(896) Humongous regions: 0->0
[2025-06-28T00:22:56.130+0200][44.926s] GC(896) Metaspace: 69638K(70208K)->69638K(70208K) NonClass: 60343K(60672K)->60343K(60672K) Class: 9295K(9536K)->9295K(9536K)
[2025-06-28T00:22:56.130+0200][44.926s] GC(896) Pause Full (G1 Compaction Pause) 19M->19M(22M) 45.396ms
[2025-06-28T00:22:56.130+0200][44.926s] GC(896) User=0.14s Sys=0.00s Real=0.05s
[2025-06-28T00:22:56.146+0200][44.942s] GC(897) Pause Young (Concurrent Start) (G1 Evacuation Pause)
[2025-06-28T00:22:56.146+0200][44.943s] GC(897) Using 2 workers of 10 for evacuation
[2025-06-28T00:22:56.148+0200][44.944s] GC(897)   Pre Evacuate Collection Set: 0.2ms
[2025-06-28T00:22:56.148+0200][44.944s] GC(897)   Merge Heap Roots: 0.1ms
[2025-06-28T00:22:56.148+0200][44.944s] GC(897)   Evacuate Collection Set: 0.8ms
[2025-06-28T00:22:56.148+0200][44.944s] GC(897)   Post Evacuate Collection Set: 0.5ms
[2025-06-28T00:22:56.148+0200][44.944s] GC(897)   Other: 0.2ms
[2025-06-28T00:22:56.148+0200][44.944s] GC(897) Eden regions: 1->0(0)
[2025-06-28T00:22:56.148+0200][44.944s] GC(897) Survivor regions: 0->0(0)
[2025-06-28T00:22:56.148+0200][44.944s] GC(897) Old regions: 21->22
[2025-06-28T00:22:56.148+0200][44.944s] GC(897) Humongous regions: 0->0
[2025-06-28T00:22:56.148+0200][44.944s] GC(897) Metaspace: 69675K(70272K)->69675K(70272K) NonClass: 60373K(60736K)->60373K(60736K) Class: 9302K(9536K)->9302K(9536K)
[2025-06-28T00:22:56.148+0200][44.945s] GC(897) Pause Young (Concurrent Start) (G1 Evacuation Pause) (Evacuation Failure) 20M->20M(22M) 2.093ms
[2025-06-28T00:22:56.148+0200][44.945s] GC(898) Concurrent Mark Cycle
[2025-06-28T00:22:56.148+0200][44.945s] GC(897) User=0.00s Sys=0.00s Real=0.00s
[2025-06-28T00:22:56.148+0200][44.945s] GC(898) Concurrent Scan Root Regions
[2025-06-28T00:22:56.148+0200][44.945s] Attempting full compaction
[2025-06-28T00:22:56.148+0200][44.945s] GC(898) Concurrent Scan Root Regions 0.120ms
[2025-06-28T00:22:56.148+0200][44.945s] GC(899) Pause Full (G1 Compaction Pause)
[2025-06-28T00:22:56.148+0200][44.945s] GC(898) Concurrent Mark
[2025-06-28T00:22:56.149+0200][44.945s] GC(899) Using 2 workers of 10 for full compaction
[2025-06-28T00:22:56.149+0200][44.945s] GC(898) Concurrent Mark From Roots
[2025-06-28T00:22:56.149+0200][44.945s] GC(898) Using 3 workers of 3 for marking
[2025-06-28T00:22:56.149+0200][44.946s] GC(899) Phase 1: Mark live objects
[2025-06-28T00:22:56.176+0200][44.973s] GC(899) Phase 1: Mark live objects 27.006ms
[2025-06-28T00:22:56.176+0200][44.973s] GC(899) Phase 2: Prepare compaction
[2025-06-28T00:22:56.176+0200][44.973s] GC(899) Phase 2: Prepare compaction 0.266ms
[2025-06-28T00:22:56.176+0200][44.973s] GC(899) Phase 3: Adjust pointers
[2025-06-28T00:22:56.185+0200][44.982s] GC(899) Phase 3: Adjust pointers 8.995ms
[2025-06-28T00:22:56.185+0200][44.982s] GC(899) Phase 4: Compact heap
[2025-06-28T00:22:56.186+0200][44.982s] GC(899) Phase 4: Compact heap 0.207ms
[2025-06-28T00:22:56.186+0200][44.982s] GC(899) Phase 5: Reset Metadata
[2025-06-28T00:22:56.189+0200][44.986s] GC(899) Phase 5: Reset Metadata 3.564ms
[2025-06-28T00:22:56.192+0200][44.989s] GC(899) Eden regions: 0->0(1)
[2025-06-28T00:22:56.192+0200][44.989s] GC(899) Survivor regions: 0->0(0)
[2025-06-28T00:22:56.192+0200][44.989s] GC(899) Old regions: 22->21
[2025-06-28T00:22:56.192+0200][44.989s] GC(899) Humongous regions: 0->0
[2025-06-28T00:22:56.192+0200][44.989s] GC(899) Metaspace: 69675K(70272K)->69675K(70272K) NonClass: 60373K(60736K)->60373K(60736K) Class: 9302K(9536K)->9302K(9536K)
[2025-06-28T00:22:56.192+0200][44.989s] GC(899) Pause Full (G1 Compaction Pause) 20M->19M(22M) 44.026ms
[2025-06-28T00:22:56.192+0200][44.989s] GC(899) User=0.12s Sys=0.00s Real=0.04s
[2025-06-28T00:22:56.193+0200][44.989s] GC(898) Concurrent Mark From Roots 44.060ms
[2025-06-28T00:22:56.193+0200][44.989s] GC(898) Concurrent Mark Abort
[2025-06-28T00:22:56.193+0200][44.989s] GC(898) Concurrent Mark Cycle 44.620ms
[2025-06-28T00:22:56.213+0200][45.010s] GC(900) Pause Young (Normal) (G1 Evacuation Pause)
[2025-06-28T00:22:56.213+0200][45.010s] GC(900) Using 2 workers of 10 for evacuation
[2025-06-28T00:22:56.215+0200][45.011s] GC(900)   Pre Evacuate Collection Set: 0.2ms
[2025-06-28T00:22:56.215+0200][45.011s] GC(900)   Merge Heap Roots: 0.2ms
[2025-06-28T00:22:56.215+0200][45.011s] GC(900)   Evacuate Collection Set: 0.4ms
[2025-06-28T00:22:56.215+0200][45.011s] GC(900)   Post Evacuate Collection Set: 0.5ms
[2025-06-28T00:22:56.215+0200][45.011s] GC(900)   Other: 0.1ms
[2025-06-28T00:22:56.215+0200][45.011s] GC(900) Eden regions: 1->0(0)
[2025-06-28T00:22:56.215+0200][45.011s] GC(900) Survivor regions: 0->0(0)
[2025-06-28T00:22:56.215+0200][45.011s] GC(900) Old regions: 21->22
[2025-06-28T00:22:56.215+0200][45.011s] GC(900) Humongous regions: 0->0
[2025-06-28T00:22:56.215+0200][45.011s] GC(900) Metaspace: 69710K(70336K)->69710K(70336K) NonClass: 60402K(60736K)->60402K(60736K) Class: 9308K(9600K)->9308K(9600K)
[2025-06-28T00:22:56.215+0200][45.012s] GC(900) Pause Young (Normal) (G1 Evacuation Pause) (Evacuation Failure) 20M->20M(22M) 1.645ms
[2025-06-28T00:22:56.215+0200][45.012s] GC(900) User=0.02s Sys=0.00s Real=0.00s
[2025-06-28T00:22:56.215+0200][45.012s] Attempting full compaction
[2025-06-28T00:22:56.215+0200][45.012s] GC(901) Pause Full (G1 Compaction Pause)
[2025-06-28T00:22:56.215+0200][45.012s] GC(901) Using 2 workers of 10 for full compaction
[2025-06-28T00:22:56.215+0200][45.012s] GC(901) Phase 1: Mark live objects
[2025-06-28T00:22:56.237+0200][45.034s] GC(901) Phase 1: Mark live objects 22.179ms
[2025-06-28T00:22:56.237+0200][45.034s] GC(901) Phase 2: Prepare compaction
[2025-06-28T00:22:56.238+0200][45.034s] GC(901) Phase 2: Prepare compaction 0.250ms
[2025-06-28T00:22:56.238+0200][45.034s] GC(901) Phase 3: Adjust pointers
[2025-06-28T00:22:56.247+0200][45.044s] GC(901) Phase 3: Adjust pointers 9.462ms
[2025-06-28T00:22:56.247+0200][45.044s] GC(901) Phase 4: Compact heap
[2025-06-28T00:22:56.248+0200][45.044s] GC(901) Phase 4: Compact heap 0.205ms
[2025-06-28T00:22:56.248+0200][45.044s] GC(901) Phase 5: Reset Metadata
[2025-06-28T00:22:56.251+0200][45.047s] GC(901) Phase 5: Reset Metadata 3.492ms
[2025-06-28T00:22:56.254+0200][45.050s] GC(901) Eden regions: 0->0(1)
[2025-06-28T00:22:56.254+0200][45.050s] GC(901) Survivor regions: 0->0(0)
[2025-06-28T00:22:56.254+0200][45.050s] GC(901) Old regions: 22->21
[2025-06-28T00:22:56.254+0200][45.050s] GC(901) Humongous regions: 0->0
[2025-06-28T00:22:56.254+0200][45.050s] GC(901) Metaspace: 69710K(70336K)->69710K(70336K) NonClass: 60402K(60736K)->60402K(60736K) Class: 9308K(9600K)->9308K(9600K)
[2025-06-28T00:22:56.254+0200][45.050s] GC(901) Pause Full (G1 Compaction Pause) 20M->19M(22M) 38.870ms
[2025-06-28T00:22:56.254+0200][45.050s] GC(901) User=0.06s Sys=0.00s Real=0.04s
[2025-06-28T00:22:56.272+0200][45.068s] GC(902) Pause Young (Concurrent Start) (G1 Evacuation Pause)
[2025-06-28T00:22:56.272+0200][45.068s] GC(902) Using 2 workers of 10 for evacuation
[2025-06-28T00:22:56.274+0200][45.070s] GC(902)   Pre Evacuate Collection Set: 0.3ms
[2025-06-28T00:22:56.274+0200][45.071s] GC(902)   Merge Heap Roots: 0.1ms
[2025-06-28T00:22:56.274+0200][45.071s] GC(902)   Evacuate Collection Set: 1.0ms
[2025-06-28T00:22:56.274+0200][45.071s] GC(902)   Post Evacuate Collection Set: 0.5ms
[2025-06-28T00:22:56.274+0200][45.071s] GC(902)   Other: 0.2ms
[2025-06-28T00:22:56.274+0200][45.071s] GC(902) Eden regions: 1->0(0)
[2025-06-28T00:22:56.274+0200][45.071s] GC(902) Survivor regions: 0->0(0)
[2025-06-28T00:22:56.274+0200][45.071s] GC(902) Old regions: 21->22
[2025-06-28T00:22:56.274+0200][45.071s] GC(902) Humongous regions: 0->0
[2025-06-28T00:22:56.274+0200][45.071s] GC(902) Metaspace: 69727K(70336K)->69727K(70336K) NonClass: 60416K(60736K)->60416K(60736K) Class: 9311K(9600K)->9311K(9600K)
[2025-06-28T00:22:56.274+0200][45.071s] GC(902) Pause Young (Concurrent Start) (G1 Evacuation Pause) (Evacuation Failure) 20M->20M(22M) 2.392ms
[2025-06-28T00:22:56.274+0200][45.071s] GC(902) User=0.00s Sys=0.00s Real=0.00s
[2025-06-28T00:22:56.274+0200][45.071s] Attempting full compaction
[2025-06-28T00:22:56.274+0200][45.071s] GC(903) Pause Full (G1 Compaction Pause)
[2025-06-28T00:22:56.274+0200][45.071s] GC(903) Using 2 workers of 10 for full compaction
[2025-06-28T00:22:56.274+0200][45.071s] GC(904) Concurrent Mark Cycle
[2025-06-28T00:22:56.274+0200][45.071s] GC(904) Concurrent Scan Root Regions
[2025-06-28T00:22:56.274+0200][45.071s] GC(904) Concurrent Scan Root Regions 0.022ms
[2025-06-28T00:22:56.274+0200][45.071s] GC(903) Phase 1: Mark live objects
[2025-06-28T00:22:56.301+0200][45.097s] GC(903) Phase 1: Mark live objects 25.841ms
[2025-06-28T00:22:56.301+0200][45.097s] GC(903) Phase 2: Prepare compaction
[2025-06-28T00:22:56.301+0200][45.097s] GC(903) Phase 2: Prepare compaction 0.286ms
[2025-06-28T00:22:56.301+0200][45.097s] GC(903) Phase 3: Adjust pointers
[2025-06-28T00:22:56.310+0200][45.106s] GC(903) Phase 3: Adjust pointers 8.942ms
[2025-06-28T00:22:56.310+0200][45.106s] GC(903) Phase 4: Compact heap
[2025-06-28T00:22:56.310+0200][45.106s] GC(903) Phase 4: Compact heap 0.217ms
[2025-06-28T00:22:56.310+0200][45.106s] GC(903) Phase 5: Reset Metadata
[2025-06-28T00:22:56.314+0200][45.110s] GC(903) Phase 5: Reset Metadata 3.758ms
[2025-06-28T00:22:56.317+0200][45.114s] GC(903) Eden regions: 0->0(1)
[2025-06-28T00:22:56.318+0200][45.114s] GC(903) Survivor regions: 0->0(0)
[2025-06-28T00:22:56.318+0200][45.114s] GC(903) Old regions: 22->21
[2025-06-28T00:22:56.318+0200][45.114s] GC(903) Humongous regions: 0->0
[2025-06-28T00:22:56.318+0200][45.114s] GC(903) Metaspace: 69727K(70336K)->69727K(70336K) NonClass: 60416K(60736K)->60416K(60736K) Class: 9311K(9600K)->9311K(9600K)
[2025-06-28T00:22:56.318+0200][45.114s] GC(903) Pause Full (G1 Compaction Pause) 20M->19M(22M) 42.993ms
[2025-06-28T00:22:56.318+0200][45.114s] GC(903) User=0.11s Sys=0.00s Real=0.04s
[2025-06-28T00:22:56.318+0200][45.114s] GC(904) Concurrent Mark Abort
[2025-06-28T00:22:56.318+0200][45.114s] GC(904) Concurrent Mark Cycle 43.136ms
[2025-06-28T00:22:56.327+0200][45.124s] Heap
[2025-06-28T00:22:56.327+0200][45.124s]  garbage-first heap   total 22528K, used 20071K [0x00000000fea00000, 0x0000000100000000)
[2025-06-28T00:22:56.327+0200][45.124s]   region size 1024K, 1 young (1024K), 0 survivors (0K)
[2025-06-28T00:22:56.327+0200][45.124s]  Metaspace       used 69750K, committed 70400K, reserved 1114112K
[2025-06-28T00:22:56.327+0200][45.124s]   class space    used 9315K, committed 9600K, reserved 1048576K
