[2025-06-28T00:21:05.962+0200][0.010s] CardTable entry size: 512
[2025-06-28T00:21:05.962+0200][0.010s] Using G1
[2025-06-28T00:21:05.963+0200][0.011s] Version: 21.0.4+8-LTS-274 (release)
[2025-06-28T00:21:05.963+0200][0.011s] CPUs: 12 total, 12 available
[2025-06-28T00:21:05.963+0200][0.011s] Memory: 16108M
[2025-06-28T00:21:05.963+0200][0.011s] Large Page Support: Disabled
[2025-06-28T00:21:05.963+0200][0.011s] NUMA Support: Disabled
[2025-06-28T00:21:05.963+0200][0.011s] Compressed Oops: Enabled (32-bit)
[2025-06-28T00:21:05.963+0200][0.011s] Heap Region Size: 1M
[2025-06-28T00:21:05.963+0200][0.011s] Heap Min Capacity: 2M
[2025-06-28T00:21:05.963+0200][0.011s] Heap Initial Capacity: 2M
[2025-06-28T00:21:05.963+0200][0.011s] Heap Max Capacity: 22M
[2025-06-28T00:21:05.970+0200][0.018s] Pre-touch: Disabled
[2025-06-28T00:21:05.970+0200][0.018s] Parallel Workers: 10
[2025-06-28T00:21:05.970+0200][0.018s] Concurrent Workers: 3
[2025-06-28T00:21:05.970+0200][0.018s] Concurrent Refinement Workers: 10
[2025-06-28T00:21:05.970+0200][0.018s] Periodic GC: Disabled
[2025-06-28T00:21:05.982+0200][0.030s] CDS archive(s) mapped at: [0x000001f231000000-0x000001f231c90000-0x000001f231c90000), size 13172736, SharedBaseAddress: 0x000001f231000000, ArchiveRelocationMode: 1.
[2025-06-28T00:21:05.982+0200][0.030s] Compressed class space mapped at: 0x000001f232000000-0x000001f272000000, reserved size: 1073741824
[2025-06-28T00:21:05.982+0200][0.030s] Narrow klass base: 0x000001f231000000, Narrow klass shift: 0, Narrow klass range: 0x100000000
[2025-06-28T00:21:06.042+0200][0.090s] GC(0) Pause Young (Normal) (G1 Evacuation Pause)
[2025-06-28T00:21:06.043+0200][0.090s] GC(0) Using 2 workers of 10 for evacuation
[2025-06-28T00:21:06.045+0200][0.093s] GC(0)   Pre Evacuate Collection Set: 0.6ms
[2025-06-28T00:21:06.045+0200][0.094s] GC(0)   Merge Heap Roots: 0.2ms
[2025-06-28T00:21:06.045+0200][0.094s] GC(0)   Evacuate Collection Set: 1.4ms
[2025-06-28T00:21:06.045+0200][0.094s] GC(0)   Post Evacuate Collection Set: 0.9ms
[2025-06-28T00:21:06.045+0200][0.094s] GC(0)   Other: 0.2ms
[2025-06-28T00:21:06.045+0200][0.094s] GC(0) Eden regions: 1->0(0)
[2025-06-28T00:21:06.045+0200][0.094s] GC(0) Survivor regions: 0->1(1)
[2025-06-28T00:21:06.045+0200][0.094s] GC(0) Old regions: 0->0
[2025-06-28T00:21:06.045+0200][0.094s] GC(0) Humongous regions: 0->0
[2025-06-28T00:21:06.045+0200][0.094s] GC(0) Metaspace: 265K(448K)->265K(448K) NonClass: 248K(320K)->248K(320K) Class: 16K(128K)->16K(128K)
[2025-06-28T00:21:06.045+0200][0.094s] GC(0) Pause Young (Normal) (G1 Evacuation Pause) 1M->0M(2M) 3.531ms
[2025-06-28T00:21:06.045+0200][0.094s] GC(0) User=0.00s Sys=0.00s Real=0.00s
[2025-06-28T00:21:06.045+0200][0.094s] Attempting full compaction
[2025-06-28T00:21:06.045+0200][0.094s] GC(1) Pause Full (G1 Compaction Pause)
[2025-06-28T00:21:06.045+0200][0.094s] GC(1) Using 1 workers of 10 for full compaction
[2025-06-28T00:21:06.046+0200][0.094s] GC(1) Phase 1: Mark live objects
[2025-06-28T00:21:06.047+0200][0.096s] GC(1) Phase 1: Mark live objects 1.718ms
[2025-06-28T00:21:06.047+0200][0.096s] GC(1) Phase 2: Prepare compaction
[2025-06-28T00:21:06.048+0200][0.096s] GC(1) Phase 2: Prepare compaction 0.456ms
[2025-06-28T00:21:06.048+0200][0.096s] GC(1) Phase 3: Adjust pointers
[2025-06-28T00:21:06.049+0200][0.097s] GC(1) Phase 3: Adjust pointers 0.709ms
[2025-06-28T00:21:06.049+0200][0.097s] GC(1) Phase 4: Compact heap
[2025-06-28T00:21:06.049+0200][0.097s] GC(1) Phase 4: Compact heap 0.472ms
[2025-06-28T00:21:06.049+0200][0.097s] GC(1) Phase 5: Reset Metadata
[2025-06-28T00:21:06.049+0200][0.097s] GC(1) Phase 5: Reset Metadata 0.149ms
[2025-06-28T00:21:06.050+0200][0.098s] GC(1) Eden regions: 0->0(1)
[2025-06-28T00:21:06.050+0200][0.098s] GC(1) Survivor regions: 1->0(1)
[2025-06-28T00:21:06.050+0200][0.098s] GC(1) Old regions: 0->1
[2025-06-28T00:21:06.050+0200][0.098s] GC(1) Humongous regions: 0->0
[2025-06-28T00:21:06.050+0200][0.098s] GC(1) Metaspace: 265K(448K)->265K(448K) NonClass: 248K(320K)->248K(320K) Class: 16K(128K)->16K(128K)
[2025-06-28T00:21:06.050+0200][0.098s] GC(1) Pause Full (G1 Compaction Pause) 0M->0M(3M) 4.310ms
[2025-06-28T00:21:06.050+0200][0.098s] GC(1) User=0.00s Sys=0.00s Real=0.00s
[2025-06-28T00:21:06.094+0200][0.143s] GC(2) Pause Young (Normal) (G1 Evacuation Pause)
[2025-06-28T00:21:06.094+0200][0.143s] GC(2) Using 2 workers of 10 for evacuation
[2025-06-28T00:21:06.096+0200][0.144s] GC(2)   Pre Evacuate Collection Set: 0.1ms
[2025-06-28T00:21:06.096+0200][0.144s] GC(2)   Merge Heap Roots: 0.1ms
[2025-06-28T00:21:06.096+0200][0.144s] GC(2)   Evacuate Collection Set: 0.7ms
[2025-06-28T00:21:06.096+0200][0.144s] GC(2)   Post Evacuate Collection Set: 0.7ms
[2025-06-28T00:21:06.096+0200][0.144s] GC(2)   Other: 0.1ms
[2025-06-28T00:21:06.096+0200][0.144s] GC(2) Eden regions: 1->0(0)
[2025-06-28T00:21:06.096+0200][0.144s] GC(2) Survivor regions: 0->1(1)
[2025-06-28T00:21:06.096+0200][0.144s] GC(2) Old regions: 1->1
[2025-06-28T00:21:06.096+0200][0.144s] GC(2) Humongous regions: 0->0
[2025-06-28T00:21:06.096+0200][0.144s] GC(2) Metaspace: 581K(768K)->581K(768K) NonClass: 535K(640K)->535K(640K) Class: 46K(128K)->46K(128K)
[2025-06-28T00:21:06.096+0200][0.144s] GC(2) Pause Young (Normal) (G1 Evacuation Pause) 1M->0M(3M) 1.918ms
[2025-06-28T00:21:06.096+0200][0.144s] GC(2) User=0.00s Sys=0.00s Real=0.00s
[2025-06-28T00:21:06.096+0200][0.144s] Attempting full compaction
[2025-06-28T00:21:06.096+0200][0.144s] GC(3) Pause Full (G1 Compaction Pause)
[2025-06-28T00:21:06.096+0200][0.145s] GC(3) Using 1 workers of 10 for full compaction
[2025-06-28T00:21:06.096+0200][0.145s] GC(3) Phase 1: Mark live objects
[2025-06-28T00:21:06.098+0200][0.147s] GC(3) Phase 1: Mark live objects 2.217ms
[2025-06-28T00:21:06.098+0200][0.147s] GC(3) Phase 2: Prepare compaction
[2025-06-28T00:21:06.099+0200][0.147s] GC(3) Phase 2: Prepare compaction 0.511ms
[2025-06-28T00:21:06.099+0200][0.147s] GC(3) Phase 3: Adjust pointers
[2025-06-28T00:21:06.100+0200][0.148s] GC(3) Phase 3: Adjust pointers 0.916ms
[2025-06-28T00:21:06.100+0200][0.148s] GC(3) Phase 4: Compact heap
[2025-06-28T00:21:06.100+0200][0.149s] GC(3) Phase 4: Compact heap 0.618ms
[2025-06-28T00:21:06.100+0200][0.149s] GC(3) Phase 5: Reset Metadata
[2025-06-28T00:21:06.101+0200][0.149s] GC(3) Phase 5: Reset Metadata 0.167ms
[2025-06-28T00:21:06.101+0200][0.150s] GC(3) Eden regions: 0->0(1)
[2025-06-28T00:21:06.101+0200][0.150s] GC(3) Survivor regions: 1->0(1)
[2025-06-28T00:21:06.101+0200][0.150s] GC(3) Old regions: 1->1
[2025-06-28T00:21:06.101+0200][0.150s] GC(3) Humongous regions: 0->0
[2025-06-28T00:21:06.101+0200][0.150s] GC(3) Metaspace: 581K(768K)->581K(768K) NonClass: 535K(640K)->535K(640K) Class: 46K(128K)->46K(128K)
[2025-06-28T00:21:06.101+0200][0.150s] GC(3) Pause Full (G1 Compaction Pause) 0M->0M(4M) 5.192ms
[2025-06-28T00:21:06.101+0200][0.150s] GC(3) User=0.00s Sys=0.00s Real=0.01s
[2025-06-28T00:21:06.151+0200][0.199s] GC(4) Pause Young (Normal) (G1 Evacuation Pause)
[2025-06-28T00:21:06.151+0200][0.199s] GC(4) Using 2 workers of 10 for evacuation
[2025-06-28T00:21:06.154+0200][0.202s] GC(4)   Pre Evacuate Collection Set: 0.2ms
[2025-06-28T00:21:06.154+0200][0.202s] GC(4)   Merge Heap Roots: 0.1ms
[2025-06-28T00:21:06.154+0200][0.202s] GC(4)   Evacuate Collection Set: 1.4ms
[2025-06-28T00:21:06.154+0200][0.202s] GC(4)   Post Evacuate Collection Set: 1.1ms
[2025-06-28T00:21:06.154+0200][0.202s] GC(4)   Other: 0.1ms
[2025-06-28T00:21:06.154+0200][0.202s] GC(4) Eden regions: 1->0(1)
[2025-06-28T00:21:06.154+0200][0.202s] GC(4) Survivor regions: 0->1(1)
[2025-06-28T00:21:06.154+0200][0.202s] GC(4) Old regions: 1->1
[2025-06-28T00:21:06.154+0200][0.202s] GC(4) Humongous regions: 0->0
[2025-06-28T00:21:06.154+0200][0.202s] GC(4) Metaspace: 907K(1088K)->907K(1088K) NonClass: 809K(896K)->809K(896K) Class: 98K(192K)->98K(192K)
[2025-06-28T00:21:06.155+0200][0.202s] GC(4) Pause Young (Normal) (G1 Evacuation Pause) 1M->1M(4M) 3.280ms
[2025-06-28T00:21:06.155+0200][0.202s] GC(4) User=0.02s Sys=0.00s Real=0.00s
[2025-06-28T00:21:06.189+0200][0.237s] GC(5) Pause Young (Normal) (G1 Evacuation Pause)
[2025-06-28T00:21:06.189+0200][0.237s] GC(5) Using 2 workers of 10 for evacuation
[2025-06-28T00:21:06.191+0200][0.239s] GC(5)   Pre Evacuate Collection Set: 0.4ms
[2025-06-28T00:21:06.191+0200][0.239s] GC(5)   Merge Heap Roots: 0.2ms
[2025-06-28T00:21:06.191+0200][0.239s] GC(5)   Evacuate Collection Set: 0.7ms
[2025-06-28T00:21:06.191+0200][0.239s] GC(5)   Post Evacuate Collection Set: 0.6ms
[2025-06-28T00:21:06.191+0200][0.239s] GC(5)   Other: 0.1ms
[2025-06-28T00:21:06.191+0200][0.239s] GC(5) Eden regions: 1->0(1)
[2025-06-28T00:21:06.191+0200][0.239s] GC(5) Survivor regions: 1->1(1)
[2025-06-28T00:21:06.191+0200][0.239s] GC(5) Old regions: 1->1
[2025-06-28T00:21:06.191+0200][0.239s] GC(5) Humongous regions: 0->0
[2025-06-28T00:21:06.191+0200][0.239s] GC(5) Metaspace: 1349K(1600K)->1349K(1600K) NonClass: 1204K(1344K)->1204K(1344K) Class: 145K(256K)->145K(256K)
[2025-06-28T00:21:06.191+0200][0.239s] GC(5) Pause Young (Normal) (G1 Evacuation Pause) 2M->1M(4M) 2.331ms
[2025-06-28T00:21:06.191+0200][0.239s] GC(5) User=0.00s Sys=0.00s Real=0.00s
[2025-06-28T00:21:06.233+0200][0.281s] GC(6) Pause Young (Normal) (G1 Evacuation Pause)
[2025-06-28T00:21:06.233+0200][0.281s] GC(6) Using 2 workers of 10 for evacuation
[2025-06-28T00:21:06.235+0200][0.283s] GC(6)   Pre Evacuate Collection Set: 0.2ms
[2025-06-28T00:21:06.235+0200][0.283s] GC(6)   Merge Heap Roots: 0.1ms
[2025-06-28T00:21:06.235+0200][0.283s] GC(6)   Evacuate Collection Set: 0.9ms
[2025-06-28T00:21:06.235+0200][0.283s] GC(6)   Post Evacuate Collection Set: 0.5ms
[2025-06-28T00:21:06.235+0200][0.283s] GC(6)   Other: 0.1ms
[2025-06-28T00:21:06.235+0200][0.283s] GC(6) Eden regions: 1->0(5)
[2025-06-28T00:21:06.235+0200][0.283s] GC(6) Survivor regions: 1->1(1)
[2025-06-28T00:21:06.235+0200][0.283s] GC(6) Old regions: 1->1
[2025-06-28T00:21:06.235+0200][0.283s] GC(6) Humongous regions: 0->0
[2025-06-28T00:21:06.235+0200][0.283s] GC(6) Metaspace: 1580K(1856K)->1580K(1856K) NonClass: 1405K(1536K)->1405K(1536K) Class: 174K(320K)->174K(320K)
[2025-06-28T00:21:06.235+0200][0.283s] GC(6) Pause Young (Normal) (G1 Evacuation Pause) 2M->1M(12M) 2.152ms
[2025-06-28T00:21:06.235+0200][0.284s] GC(6) User=0.00s Sys=0.00s Real=0.00s
[2025-06-28T00:21:06.283+0200][0.331s] GC(7) Pause Young (Normal) (G1 Evacuation Pause)
[2025-06-28T00:21:06.283+0200][0.331s] GC(7) Using 2 workers of 10 for evacuation
[2025-06-28T00:21:06.285+0200][0.333s] GC(7)   Pre Evacuate Collection Set: 0.1ms
[2025-06-28T00:21:06.285+0200][0.333s] GC(7)   Merge Heap Roots: 0.1ms
[2025-06-28T00:21:06.285+0200][0.333s] GC(7)   Evacuate Collection Set: 1.1ms
[2025-06-28T00:21:06.285+0200][0.333s] GC(7)   Post Evacuate Collection Set: 0.4ms
[2025-06-28T00:21:06.285+0200][0.333s] GC(7)   Other: 0.1ms
[2025-06-28T00:21:06.285+0200][0.333s] GC(7) Eden regions: 5->0(6)
[2025-06-28T00:21:06.285+0200][0.333s] GC(7) Survivor regions: 1->1(1)
[2025-06-28T00:21:06.285+0200][0.333s] GC(7) Old regions: 1->1
[2025-06-28T00:21:06.285+0200][0.333s] GC(7) Humongous regions: 0->0
[2025-06-28T00:21:06.285+0200][0.333s] GC(7) Metaspace: 1625K(1920K)->1625K(1920K) NonClass: 1450K(1600K)->1450K(1600K) Class: 175K(320K)->175K(320K)
[2025-06-28T00:21:06.285+0200][0.333s] GC(7) Pause Young (Normal) (G1 Evacuation Pause) 6M->1M(12M) 2.062ms
[2025-06-28T00:21:06.285+0200][0.333s] GC(7) User=0.00s Sys=0.00s Real=0.00s
[2025-06-28T00:21:06.348+0200][0.396s] GC(8) Pause Young (Normal) (G1 Evacuation Pause)
[2025-06-28T00:21:06.348+0200][0.396s] GC(8) Using 2 workers of 10 for evacuation
[2025-06-28T00:21:06.350+0200][0.398s] GC(8)   Pre Evacuate Collection Set: 0.1ms
[2025-06-28T00:21:06.350+0200][0.398s] GC(8)   Merge Heap Roots: 0.0ms
[2025-06-28T00:21:06.350+0200][0.398s] GC(8)   Evacuate Collection Set: 1.4ms
[2025-06-28T00:21:06.350+0200][0.398s] GC(8)   Post Evacuate Collection Set: 0.3ms
[2025-06-28T00:21:06.350+0200][0.398s] GC(8)   Other: 0.1ms
[2025-06-28T00:21:06.350+0200][0.398s] GC(8) Eden regions: 6->0(6)
[2025-06-28T00:21:06.350+0200][0.398s] GC(8) Survivor regions: 1->1(1)
[2025-06-28T00:21:06.350+0200][0.398s] GC(8) Old regions: 1->2
[2025-06-28T00:21:06.350+0200][0.398s] GC(8) Humongous regions: 0->0
[2025-06-28T00:21:06.350+0200][0.398s] GC(8) Metaspace: 1680K(1920K)->1680K(1920K) NonClass: 1505K(1600K)->1505K(1600K) Class: 175K(320K)->175K(320K)
[2025-06-28T00:21:06.351+0200][0.398s] GC(8) Pause Young (Normal) (G1 Evacuation Pause) 7M->2M(12M) 2.167ms
[2025-06-28T00:21:06.351+0200][0.398s] GC(8) User=0.00s Sys=0.00s Real=0.00s
[2025-06-28T00:21:06.508+0200][0.556s] GC(9) Pause Young (Normal) (G1 Evacuation Pause)
[2025-06-28T00:21:06.508+0200][0.556s] GC(9) Using 2 workers of 10 for evacuation
[2025-06-28T00:21:06.510+0200][0.558s] GC(9)   Pre Evacuate Collection Set: 0.1ms
[2025-06-28T00:21:06.510+0200][0.558s] GC(9)   Merge Heap Roots: 0.0ms
[2025-06-28T00:21:06.510+0200][0.558s] GC(9)   Evacuate Collection Set: 1.5ms
[2025-06-28T00:21:06.510+0200][0.558s] GC(9)   Post Evacuate Collection Set: 0.3ms
[2025-06-28T00:21:06.510+0200][0.558s] GC(9)   Other: 0.1ms
[2025-06-28T00:21:06.510+0200][0.558s] GC(9) Eden regions: 6->0(5)
[2025-06-28T00:21:06.510+0200][0.558s] GC(9) Survivor regions: 1->1(1)
[2025-06-28T00:21:06.510+0200][0.558s] GC(9) Old regions: 2->3
[2025-06-28T00:21:06.510+0200][0.558s] GC(9) Humongous regions: 0->0
[2025-06-28T00:21:06.510+0200][0.558s] GC(9) Metaspace: 2389K(2624K)->2389K(2624K) NonClass: 2159K(2304K)->2159K(2304K) Class: 229K(320K)->229K(320K)
[2025-06-28T00:21:06.510+0200][0.558s] GC(9) Pause Young (Normal) (G1 Evacuation Pause) 8M->2M(12M) 2.228ms
[2025-06-28T00:21:06.510+0200][0.558s] GC(9) User=0.00s Sys=0.00s Real=0.00s
[2025-06-28T00:21:06.661+0200][0.709s] GC(10) Pause Young (Normal) (G1 Evacuation Pause)
[2025-06-28T00:21:06.661+0200][0.709s] GC(10) Using 2 workers of 10 for evacuation
[2025-06-28T00:21:06.663+0200][0.711s] GC(10)   Pre Evacuate Collection Set: 0.1ms
[2025-06-28T00:21:06.663+0200][0.711s] GC(10)   Merge Heap Roots: 0.1ms
[2025-06-28T00:21:06.663+0200][0.711s] GC(10)   Evacuate Collection Set: 1.1ms
[2025-06-28T00:21:06.663+0200][0.711s] GC(10)   Post Evacuate Collection Set: 0.5ms
[2025-06-28T00:21:06.663+0200][0.711s] GC(10)   Other: 0.1ms
[2025-06-28T00:21:06.663+0200][0.711s] GC(10) Eden regions: 5->0(6)
[2025-06-28T00:21:06.663+0200][0.711s] GC(10) Survivor regions: 1->1(1)
[2025-06-28T00:21:06.663+0200][0.711s] GC(10) Old regions: 3->3
[2025-06-28T00:21:06.663+0200][0.711s] GC(10) Humongous regions: 0->0
[2025-06-28T00:21:06.663+0200][0.711s] GC(10) Metaspace: 3222K(3520K)->3222K(3520K) NonClass: 2899K(3072K)->2899K(3072K) Class: 322K(448K)->322K(448K)
[2025-06-28T00:21:06.663+0200][0.711s] GC(10) Pause Young (Normal) (G1 Evacuation Pause) 7M->2M(12M) 1.979ms
[2025-06-28T00:21:06.663+0200][0.711s] GC(10) User=0.00s Sys=0.00s Real=0.00s
[2025-06-28T00:21:06.800+0200][0.848s] GC(11) Pause Young (Normal) (G1 Evacuation Pause)
[2025-06-28T00:21:06.800+0200][0.848s] GC(11) Using 2 workers of 10 for evacuation
[2025-06-28T00:21:06.802+0200][0.851s] GC(11)   Pre Evacuate Collection Set: 0.1ms
[2025-06-28T00:21:06.802+0200][0.851s] GC(11)   Merge Heap Roots: 0.0ms
[2025-06-28T00:21:06.802+0200][0.851s] GC(11)   Evacuate Collection Set: 1.6ms
[2025-06-28T00:21:06.802+0200][0.851s] GC(11)   Post Evacuate Collection Set: 0.3ms
[2025-06-28T00:21:06.802+0200][0.851s] GC(11)   Other: 0.1ms
[2025-06-28T00:21:06.802+0200][0.851s] GC(11) Eden regions: 6->0(6)
[2025-06-28T00:21:06.802+0200][0.851s] GC(11) Survivor regions: 1->1(1)
[2025-06-28T00:21:06.802+0200][0.851s] GC(11) Old regions: 3->3
[2025-06-28T00:21:06.802+0200][0.851s] GC(11) Humongous regions: 0->0
[2025-06-28T00:21:06.802+0200][0.851s] GC(11) Metaspace: 3921K(4160K)->3921K(4160K) NonClass: 3519K(3648K)->3519K(3648K) Class: 402K(512K)->402K(512K)
[2025-06-28T00:21:06.802+0200][0.851s] GC(11) Pause Young (Normal) (G1 Evacuation Pause) 8M->3M(12M) 2.570ms
[2025-06-28T00:21:06.802+0200][0.851s] GC(11) User=0.00s Sys=0.00s Real=0.00s
[2025-06-28T00:21:06.927+0200][0.976s] GC(12) Pause Young (Normal) (G1 Evacuation Pause)
[2025-06-28T00:21:06.927+0200][0.976s] GC(12) Using 2 workers of 10 for evacuation
[2025-06-28T00:21:06.930+0200][0.978s] GC(12)   Pre Evacuate Collection Set: 0.3ms
[2025-06-28T00:21:06.930+0200][0.978s] GC(12)   Merge Heap Roots: 0.1ms
[2025-06-28T00:21:06.930+0200][0.978s] GC(12)   Evacuate Collection Set: 1.8ms
[2025-06-28T00:21:06.930+0200][0.978s] GC(12)   Post Evacuate Collection Set: 0.3ms
[2025-06-28T00:21:06.930+0200][0.978s] GC(12)   Other: 0.1ms
[2025-06-28T00:21:06.930+0200][0.979s] GC(12) Eden regions: 6->0(5)
[2025-06-28T00:21:06.930+0200][0.979s] GC(12) Survivor regions: 1->1(1)
[2025-06-28T00:21:06.930+0200][0.979s] GC(12) Old regions: 3->4
[2025-06-28T00:21:06.930+0200][0.979s] GC(12) Humongous regions: 0->0
[2025-06-28T00:21:06.930+0200][0.979s] GC(12) Metaspace: 4595K(4864K)->4595K(4864K) NonClass: 4101K(4224K)->4101K(4224K) Class: 494K(640K)->494K(640K)
[2025-06-28T00:21:06.930+0200][0.979s] GC(12) Pause Young (Normal) (G1 Evacuation Pause) 9M->3M(12M) 3.066ms
[2025-06-28T00:21:06.930+0200][0.979s] GC(12) User=0.00s Sys=0.00s Real=0.00s
[2025-06-28T00:21:07.038+0200][1.086s] GC(13) Pause Young (Normal) (G1 Evacuation Pause)
[2025-06-28T00:21:07.039+0200][1.086s] GC(13) Using 2 workers of 10 for evacuation
[2025-06-28T00:21:07.040+0200][1.088s] GC(13)   Pre Evacuate Collection Set: 0.1ms
[2025-06-28T00:21:07.040+0200][1.088s] GC(13)   Merge Heap Roots: 0.1ms
[2025-06-28T00:21:07.040+0200][1.088s] GC(13)   Evacuate Collection Set: 0.9ms
[2025-06-28T00:21:07.040+0200][1.088s] GC(13)   Post Evacuate Collection Set: 0.4ms
[2025-06-28T00:21:07.040+0200][1.088s] GC(13)   Other: 0.1ms
[2025-06-28T00:21:07.040+0200][1.088s] GC(13) Eden regions: 5->0(5)
[2025-06-28T00:21:07.040+0200][1.088s] GC(13) Survivor regions: 1->1(1)
[2025-06-28T00:21:07.040+0200][1.088s] GC(13) Old regions: 4->4
[2025-06-28T00:21:07.040+0200][1.088s] GC(13) Humongous regions: 0->0
[2025-06-28T00:21:07.040+0200][1.088s] GC(13) Metaspace: 5026K(5312K)->5026K(5312K) NonClass: 4461K(4608K)->4461K(4608K) Class: 564K(704K)->564K(704K)
[2025-06-28T00:21:07.040+0200][1.088s] GC(13) Pause Young (Normal) (G1 Evacuation Pause) 8M->3M(12M) 1.838ms
[2025-06-28T00:21:07.040+0200][1.088s] GC(13) User=0.00s Sys=0.00s Real=0.00s
[2025-06-28T00:21:07.112+0200][1.160s] GC(14) Pause Young (Normal) (G1 Evacuation Pause)
[2025-06-28T00:21:07.112+0200][1.160s] GC(14) Using 2 workers of 10 for evacuation
[2025-06-28T00:21:07.113+0200][1.162s] GC(14)   Pre Evacuate Collection Set: 0.1ms
[2025-06-28T00:21:07.113+0200][1.162s] GC(14)   Merge Heap Roots: 0.0ms
[2025-06-28T00:21:07.113+0200][1.162s] GC(14)   Evacuate Collection Set: 1.0ms
[2025-06-28T00:21:07.113+0200][1.162s] GC(14)   Post Evacuate Collection Set: 0.4ms
[2025-06-28T00:21:07.113+0200][1.162s] GC(14)   Other: 0.1ms
[2025-06-28T00:21:07.113+0200][1.162s] GC(14) Eden regions: 5->0(5)
[2025-06-28T00:21:07.113+0200][1.162s] GC(14) Survivor regions: 1->1(1)
[2025-06-28T00:21:07.113+0200][1.162s] GC(14) Old regions: 4->4
[2025-06-28T00:21:07.113+0200][1.162s] GC(14) Humongous regions: 0->0
[2025-06-28T00:21:07.113+0200][1.162s] GC(14) Metaspace: 5576K(5888K)->5576K(5888K) NonClass: 4946K(5120K)->4946K(5120K) Class: 630K(768K)->630K(768K)
[2025-06-28T00:21:07.113+0200][1.162s] GC(14) Pause Young (Normal) (G1 Evacuation Pause) 8M->3M(12M) 1.848ms
[2025-06-28T00:21:07.113+0200][1.162s] GC(14) User=0.00s Sys=0.00s Real=0.00s
[2025-06-28T00:21:07.157+0200][1.205s] GC(15) Pause Young (Normal) (G1 Evacuation Pause)
[2025-06-28T00:21:07.157+0200][1.205s] GC(15) Using 2 workers of 10 for evacuation
[2025-06-28T00:21:07.158+0200][1.206s] GC(15)   Pre Evacuate Collection Set: 0.1ms
[2025-06-28T00:21:07.158+0200][1.206s] GC(15)   Merge Heap Roots: 0.0ms
[2025-06-28T00:21:07.158+0200][1.206s] GC(15)   Evacuate Collection Set: 1.0ms
[2025-06-28T00:21:07.158+0200][1.206s] GC(15)   Post Evacuate Collection Set: 0.2ms
[2025-06-28T00:21:07.158+0200][1.206s] GC(15)   Other: 0.1ms
[2025-06-28T00:21:07.158+0200][1.206s] GC(15) Eden regions: 5->0(5)
[2025-06-28T00:21:07.158+0200][1.206s] GC(15) Survivor regions: 1->1(1)
[2025-06-28T00:21:07.158+0200][1.206s] GC(15) Old regions: 4->4
[2025-06-28T00:21:07.158+0200][1.206s] GC(15) Humongous regions: 0->0
[2025-06-28T00:21:07.158+0200][1.206s] GC(15) Metaspace: 5979K(6208K)->5979K(6208K) NonClass: 5290K(5440K)->5290K(5440K) Class: 688K(768K)->688K(768K)
[2025-06-28T00:21:07.158+0200][1.206s] GC(15) Pause Young (Normal) (G1 Evacuation Pause) 8M->3M(12M) 1.617ms
[2025-06-28T00:21:07.158+0200][1.206s] GC(15) User=0.00s Sys=0.00s Real=0.00s
[2025-06-28T00:21:07.208+0200][1.257s] GC(16) Pause Young (Normal) (G1 Evacuation Pause)
[2025-06-28T00:21:07.209+0200][1.257s] GC(16) Using 2 workers of 10 for evacuation
[2025-06-28T00:21:07.210+0200][1.259s] GC(16)   Pre Evacuate Collection Set: 0.2ms
[2025-06-28T00:21:07.210+0200][1.259s] GC(16)   Merge Heap Roots: 0.1ms
[2025-06-28T00:21:07.210+0200][1.259s] GC(16)   Evacuate Collection Set: 1.2ms
[2025-06-28T00:21:07.210+0200][1.259s] GC(16)   Post Evacuate Collection Set: 0.3ms
[2025-06-28T00:21:07.210+0200][1.259s] GC(16)   Other: 0.1ms
[2025-06-28T00:21:07.210+0200][1.259s] GC(16) Eden regions: 5->0(5)
[2025-06-28T00:21:07.210+0200][1.259s] GC(16) Survivor regions: 1->1(1)
[2025-06-28T00:21:07.210+0200][1.259s] GC(16) Old regions: 4->4
[2025-06-28T00:21:07.210+0200][1.259s] GC(16) Humongous regions: 0->0
[2025-06-28T00:21:07.210+0200][1.259s] GC(16) Metaspace: 6583K(6912K)->6583K(6912K) NonClass: 5828K(6016K)->5828K(6016K) Class: 754K(896K)->754K(896K)
[2025-06-28T00:21:07.211+0200][1.259s] GC(16) Pause Young (Normal) (G1 Evacuation Pause) 8M->3M(12M) 2.125ms
[2025-06-28T00:21:07.211+0200][1.259s] GC(16) User=0.00s Sys=0.00s Real=0.00s
[2025-06-28T00:21:07.249+0200][1.297s] GC(17) Pause Young (Normal) (G1 Evacuation Pause)
[2025-06-28T00:21:07.249+0200][1.297s] GC(17) Using 2 workers of 10 for evacuation
[2025-06-28T00:21:07.252+0200][1.300s] GC(17)   Pre Evacuate Collection Set: 0.1ms
[2025-06-28T00:21:07.252+0200][1.300s] GC(17)   Merge Heap Roots: 0.0ms
[2025-06-28T00:21:07.252+0200][1.300s] GC(17)   Evacuate Collection Set: 2.1ms
[2025-06-28T00:21:07.252+0200][1.300s] GC(17)   Post Evacuate Collection Set: 0.4ms
[2025-06-28T00:21:07.252+0200][1.300s] GC(17)   Other: 0.1ms
[2025-06-28T00:21:07.252+0200][1.300s] GC(17) Eden regions: 5->0(5)
[2025-06-28T00:21:07.252+0200][1.300s] GC(17) Survivor regions: 1->1(1)
[2025-06-28T00:21:07.252+0200][1.300s] GC(17) Old regions: 4->4
[2025-06-28T00:21:07.252+0200][1.300s] GC(17) Humongous regions: 0->0
[2025-06-28T00:21:07.252+0200][1.300s] GC(17) Metaspace: 6917K(7296K)->6917K(7296K) NonClass: 6114K(6336K)->6114K(6336K) Class: 803K(960K)->803K(960K)
[2025-06-28T00:21:07.252+0200][1.300s] GC(17) Pause Young (Normal) (G1 Evacuation Pause) 8M->4M(12M) 3.051ms
[2025-06-28T00:21:07.252+0200][1.300s] GC(17) User=0.00s Sys=0.00s Real=0.00s
[2025-06-28T00:21:07.297+0200][1.344s] GC(18) Pause Young (Normal) (G1 Evacuation Pause)
[2025-06-28T00:21:07.297+0200][1.345s] GC(18) Using 2 workers of 10 for evacuation
[2025-06-28T00:21:07.299+0200][1.346s] GC(18)   Pre Evacuate Collection Set: 0.2ms
[2025-06-28T00:21:07.299+0200][1.346s] GC(18)   Merge Heap Roots: 0.1ms
[2025-06-28T00:21:07.299+0200][1.346s] GC(18)   Evacuate Collection Set: 1.2ms
[2025-06-28T00:21:07.299+0200][1.346s] GC(18)   Post Evacuate Collection Set: 0.3ms
[2025-06-28T00:21:07.299+0200][1.346s] GC(18)   Other: 0.1ms
[2025-06-28T00:21:07.299+0200][1.346s] GC(18) Eden regions: 5->0(5)
[2025-06-28T00:21:07.299+0200][1.346s] GC(18) Survivor regions: 1->1(1)
[2025-06-28T00:21:07.299+0200][1.346s] GC(18) Old regions: 4->4
[2025-06-28T00:21:07.299+0200][1.346s] GC(18) Humongous regions: 0->0
[2025-06-28T00:21:07.299+0200][1.346s] GC(18) Metaspace: 7312K(7680K)->7312K(7680K) NonClass: 6453K(6656K)->6453K(6656K) Class: 859K(1024K)->859K(1024K)
[2025-06-28T00:21:07.299+0200][1.347s] GC(18) Pause Young (Normal) (G1 Evacuation Pause) 9M->4M(12M) 2.065ms
[2025-06-28T00:21:07.299+0200][1.347s] GC(18) User=0.00s Sys=0.00s Real=0.00s
[2025-06-28T00:21:07.354+0200][1.402s] GC(19) Pause Young (Normal) (G1 Evacuation Pause)
[2025-06-28T00:21:07.354+0200][1.402s] GC(19) Using 2 workers of 10 for evacuation
[2025-06-28T00:21:07.356+0200][1.404s] GC(19)   Pre Evacuate Collection Set: 0.1ms
[2025-06-28T00:21:07.356+0200][1.404s] GC(19)   Merge Heap Roots: 0.0ms
[2025-06-28T00:21:07.356+0200][1.404s] GC(19)   Evacuate Collection Set: 1.3ms
[2025-06-28T00:21:07.356+0200][1.404s] GC(19)   Post Evacuate Collection Set: 0.5ms
[2025-06-28T00:21:07.356+0200][1.404s] GC(19)   Other: 0.1ms
[2025-06-28T00:21:07.356+0200][1.404s] GC(19) Eden regions: 5->0(5)
[2025-06-28T00:21:07.356+0200][1.404s] GC(19) Survivor regions: 1->1(1)
[2025-06-28T00:21:07.356+0200][1.404s] GC(19) Old regions: 4->4
[2025-06-28T00:21:07.356+0200][1.404s] GC(19) Humongous regions: 0->0
[2025-06-28T00:21:07.356+0200][1.404s] GC(19) Metaspace: 7645K(8000K)->7645K(8000K) NonClass: 6730K(6912K)->6730K(6912K) Class: 914K(1088K)->914K(1088K)
[2025-06-28T00:21:07.356+0200][1.404s] GC(19) Pause Young (Normal) (G1 Evacuation Pause) 9M->4M(12M) 2.196ms
[2025-06-28T00:21:07.356+0200][1.404s] GC(19) User=0.03s Sys=0.00s Real=0.00s
[2025-06-28T00:21:07.427+0200][1.475s] GC(20) Pause Young (Normal) (G1 Evacuation Pause)
[2025-06-28T00:21:07.427+0200][1.475s] GC(20) Using 2 workers of 10 for evacuation
[2025-06-28T00:21:07.429+0200][1.477s] GC(20)   Pre Evacuate Collection Set: 0.2ms
[2025-06-28T00:21:07.429+0200][1.477s] GC(20)   Merge Heap Roots: 0.0ms
[2025-06-28T00:21:07.429+0200][1.477s] GC(20)   Evacuate Collection Set: 1.4ms
[2025-06-28T00:21:07.429+0200][1.477s] GC(20)   Post Evacuate Collection Set: 0.3ms
[2025-06-28T00:21:07.429+0200][1.477s] GC(20)   Other: 0.1ms
[2025-06-28T00:21:07.429+0200][1.477s] GC(20) Eden regions: 5->0(4)
[2025-06-28T00:21:07.429+0200][1.477s] GC(20) Survivor regions: 1->1(1)
[2025-06-28T00:21:07.429+0200][1.477s] GC(20) Old regions: 4->5
[2025-06-28T00:21:07.429+0200][1.477s] GC(20) Humongous regions: 0->0
[2025-06-28T00:21:07.429+0200][1.477s] GC(20) Metaspace: 7961K(8256K)->7961K(8256K) NonClass: 7004K(7168K)->7004K(7168K) Class: 956K(1088K)->956K(1088K)
[2025-06-28T00:21:07.429+0200][1.477s] GC(20) Pause Young (Normal) (G1 Evacuation Pause) 9M->4M(12M) 2.167ms
[2025-06-28T00:21:07.429+0200][1.477s] GC(20) User=0.00s Sys=0.00s Real=0.00s
[2025-06-28T00:21:07.510+0200][1.559s] GC(21) Pause Young (Normal) (G1 Evacuation Pause)
[2025-06-28T00:21:07.511+0200][1.559s] GC(21) Using 2 workers of 10 for evacuation
[2025-06-28T00:21:07.513+0200][1.561s] GC(21)   Pre Evacuate Collection Set: 0.2ms
[2025-06-28T00:21:07.513+0200][1.561s] GC(21)   Merge Heap Roots: 0.2ms
[2025-06-28T00:21:07.513+0200][1.562s] GC(21)   Evacuate Collection Set: 1.6ms
[2025-06-28T00:21:07.513+0200][1.562s] GC(21)   Post Evacuate Collection Set: 0.5ms
[2025-06-28T00:21:07.513+0200][1.562s] GC(21)   Other: 0.1ms
[2025-06-28T00:21:07.513+0200][1.562s] GC(21) Eden regions: 4->0(4)
[2025-06-28T00:21:07.513+0200][1.562s] GC(21) Survivor regions: 1->1(1)
[2025-06-28T00:21:07.513+0200][1.562s] GC(21) Old regions: 5->5
[2025-06-28T00:21:07.513+0200][1.562s] GC(21) Humongous regions: 0->0
[2025-06-28T00:21:07.513+0200][1.562s] GC(21) Metaspace: 8498K(8832K)->8498K(8832K) NonClass: 7477K(7680K)->7477K(7680K) Class: 1020K(1152K)->1020K(1152K)
[2025-06-28T00:21:07.513+0200][1.562s] GC(21) Pause Young (Normal) (G1 Evacuation Pause) 8M->4M(12M) 2.724ms
[2025-06-28T00:21:07.513+0200][1.562s] GC(21) User=0.00s Sys=0.00s Real=0.00s
[2025-06-28T00:21:07.566+0200][1.615s] GC(22) Pause Young (Normal) (G1 Evacuation Pause)
[2025-06-28T00:21:07.567+0200][1.615s] GC(22) Using 2 workers of 10 for evacuation
[2025-06-28T00:21:07.569+0200][1.617s] GC(22)   Pre Evacuate Collection Set: 0.2ms
[2025-06-28T00:21:07.569+0200][1.617s] GC(22)   Merge Heap Roots: 0.0ms
[2025-06-28T00:21:07.569+0200][1.617s] GC(22)   Evacuate Collection Set: 1.3ms
[2025-06-28T00:21:07.569+0200][1.617s] GC(22)   Post Evacuate Collection Set: 0.7ms
[2025-06-28T00:21:07.569+0200][1.617s] GC(22)   Other: 0.1ms
[2025-06-28T00:21:07.569+0200][1.617s] GC(22) Eden regions: 4->0(4)
[2025-06-28T00:21:07.569+0200][1.617s] GC(22) Survivor regions: 1->1(1)
[2025-06-28T00:21:07.569+0200][1.617s] GC(22) Old regions: 5->5
[2025-06-28T00:21:07.569+0200][1.617s] GC(22) Humongous regions: 0->0
[2025-06-28T00:21:07.569+0200][1.617s] GC(22) Metaspace: 8827K(9152K)->8827K(9152K) NonClass: 7737K(7936K)->7737K(7936K) Class: 1089K(1216K)->1089K(1216K)
[2025-06-28T00:21:07.569+0200][1.617s] GC(22) Pause Young (Normal) (G1 Evacuation Pause) 8M->5M(12M) 2.492ms
[2025-06-28T00:21:07.569+0200][1.617s] GC(22) User=0.00s Sys=0.00s Real=0.00s
[2025-06-28T00:21:07.629+0200][1.677s] GC(23) Pause Young (Normal) (G1 Evacuation Pause)
[2025-06-28T00:21:07.629+0200][1.677s] GC(23) Using 4 workers of 10 for evacuation
[2025-06-28T00:21:07.631+0200][1.679s] GC(23)   Pre Evacuate Collection Set: 0.2ms
[2025-06-28T00:21:07.631+0200][1.679s] GC(23)   Merge Heap Roots: 0.0ms
[2025-06-28T00:21:07.631+0200][1.679s] GC(23)   Evacuate Collection Set: 1.0ms
[2025-06-28T00:21:07.631+0200][1.679s] GC(23)   Post Evacuate Collection Set: 0.5ms
[2025-06-28T00:21:07.631+0200][1.679s] GC(23)   Other: 0.1ms
[2025-06-28T00:21:07.631+0200][1.679s] GC(23) Eden regions: 4->0(4)
[2025-06-28T00:21:07.631+0200][1.679s] GC(23) Survivor regions: 1->1(1)
[2025-06-28T00:21:07.632+0200][1.679s] GC(23) Old regions: 5->5
[2025-06-28T00:21:07.632+0200][1.679s] GC(23) Humongous regions: 0->0
[2025-06-28T00:21:07.632+0200][1.679s] GC(23) Metaspace: 9234K(9600K)->9234K(9600K) NonClass: 8087K(8256K)->8087K(8256K) Class: 1146K(1344K)->1146K(1344K)
[2025-06-28T00:21:07.632+0200][1.679s] GC(23) Pause Young (Normal) (G1 Evacuation Pause) 9M->5M(12M) 2.104ms
[2025-06-28T00:21:07.632+0200][1.679s] GC(23) User=0.00s Sys=0.00s Real=0.00s
[2025-06-28T00:21:07.677+0200][1.726s] GC(24) Pause Young (Normal) (G1 Evacuation Pause)
[2025-06-28T00:21:07.677+0200][1.726s] GC(24) Using 4 workers of 10 for evacuation
[2025-06-28T00:21:07.679+0200][1.727s] GC(24)   Pre Evacuate Collection Set: 0.3ms
[2025-06-28T00:21:07.679+0200][1.727s] GC(24)   Merge Heap Roots: 0.1ms
[2025-06-28T00:21:07.679+0200][1.727s] GC(24)   Evacuate Collection Set: 0.7ms
[2025-06-28T00:21:07.679+0200][1.727s] GC(24)   Post Evacuate Collection Set: 0.5ms
[2025-06-28T00:21:07.679+0200][1.727s] GC(24)   Other: 0.1ms
[2025-06-28T00:21:07.679+0200][1.727s] GC(24) Eden regions: 4->0(4)
[2025-06-28T00:21:07.679+0200][1.727s] GC(24) Survivor regions: 1->1(1)
[2025-06-28T00:21:07.679+0200][1.727s] GC(24) Old regions: 5->5
[2025-06-28T00:21:07.679+0200][1.727s] GC(24) Humongous regions: 0->0
[2025-06-28T00:21:07.679+0200][1.727s] GC(24) Metaspace: 9663K(10112K)->9663K(10112K) NonClass: 8457K(8704K)->8457K(8704K) Class: 1205K(1408K)->1205K(1408K)
[2025-06-28T00:21:07.679+0200][1.727s] GC(24) Pause Young (Normal) (G1 Evacuation Pause) 9M->5M(12M) 1.865ms
[2025-06-28T00:21:07.679+0200][1.727s] GC(24) User=0.00s Sys=0.00s Real=0.00s
[2025-06-28T00:21:07.711+0200][1.759s] GC(25) Pause Young (Normal) (G1 Evacuation Pause)
[2025-06-28T00:21:07.711+0200][1.759s] GC(25) Using 4 workers of 10 for evacuation
[2025-06-28T00:21:07.713+0200][1.761s] GC(25)   Pre Evacuate Collection Set: 0.2ms
[2025-06-28T00:21:07.713+0200][1.761s] GC(25)   Merge Heap Roots: 0.1ms
[2025-06-28T00:21:07.713+0200][1.761s] GC(25)   Evacuate Collection Set: 0.7ms
[2025-06-28T00:21:07.713+0200][1.761s] GC(25)   Post Evacuate Collection Set: 0.5ms
[2025-06-28T00:21:07.713+0200][1.761s] GC(25)   Other: 0.1ms
[2025-06-28T00:21:07.713+0200][1.761s] GC(25) Eden regions: 4->0(4)
[2025-06-28T00:21:07.713+0200][1.761s] GC(25) Survivor regions: 1->1(1)
[2025-06-28T00:21:07.713+0200][1.761s] GC(25) Old regions: 5->5
[2025-06-28T00:21:07.713+0200][1.761s] GC(25) Humongous regions: 0->0
[2025-06-28T00:21:07.713+0200][1.761s] GC(25) Metaspace: 10315K(10624K)->10315K(10624K) NonClass: 9042K(9216K)->9042K(9216K) Class: 1272K(1408K)->1272K(1408K)
[2025-06-28T00:21:07.713+0200][1.761s] GC(25) Pause Young (Normal) (G1 Evacuation Pause) 9M->5M(12M) 1.755ms
[2025-06-28T00:21:07.713+0200][1.761s] GC(25) User=0.00s Sys=0.00s Real=0.00s
[2025-06-28T00:21:07.735+0200][1.783s] GC(26) Pause Young (Normal) (G1 Evacuation Pause)
[2025-06-28T00:21:07.735+0200][1.783s] GC(26) Using 4 workers of 10 for evacuation
[2025-06-28T00:21:07.737+0200][1.785s] GC(26)   Pre Evacuate Collection Set: 0.3ms
[2025-06-28T00:21:07.737+0200][1.785s] GC(26)   Merge Heap Roots: 0.2ms
[2025-06-28T00:21:07.737+0200][1.785s] GC(26)   Evacuate Collection Set: 0.8ms
[2025-06-28T00:21:07.737+0200][1.785s] GC(26)   Post Evacuate Collection Set: 0.6ms
[2025-06-28T00:21:07.737+0200][1.785s] GC(26)   Other: 0.1ms
[2025-06-28T00:21:07.737+0200][1.785s] GC(26) Eden regions: 4->0(4)
[2025-06-28T00:21:07.737+0200][1.785s] GC(26) Survivor regions: 1->1(1)
[2025-06-28T00:21:07.737+0200][1.785s] GC(26) Old regions: 5->5
[2025-06-28T00:21:07.737+0200][1.785s] GC(26) Humongous regions: 0->0
[2025-06-28T00:21:07.737+0200][1.785s] GC(26) Metaspace: 10759K(11136K)->10759K(11136K) NonClass: 9456K(9664K)->9456K(9664K) Class: 1303K(1472K)->1303K(1472K)
[2025-06-28T00:21:07.737+0200][1.785s] GC(26) Pause Young (Normal) (G1 Evacuation Pause) 9M->5M(12M) 2.331ms
[2025-06-28T00:21:07.737+0200][1.785s] GC(26) User=0.00s Sys=0.00s Real=0.00s
[2025-06-28T00:21:07.764+0200][1.812s] GC(27) Pause Young (Normal) (G1 Evacuation Pause)
[2025-06-28T00:21:07.764+0200][1.812s] GC(27) Using 4 workers of 10 for evacuation
[2025-06-28T00:21:07.766+0200][1.814s] GC(27)   Pre Evacuate Collection Set: 0.8ms
[2025-06-28T00:21:07.766+0200][1.814s] GC(27)   Merge Heap Roots: 0.1ms
[2025-06-28T00:21:07.766+0200][1.814s] GC(27)   Evacuate Collection Set: 0.6ms
[2025-06-28T00:21:07.766+0200][1.814s] GC(27)   Post Evacuate Collection Set: 0.3ms
[2025-06-28T00:21:07.766+0200][1.814s] GC(27)   Other: 0.1ms
[2025-06-28T00:21:07.766+0200][1.814s] GC(27) Eden regions: 4->0(4)
[2025-06-28T00:21:07.766+0200][1.814s] GC(27) Survivor regions: 1->1(1)
[2025-06-28T00:21:07.766+0200][1.814s] GC(27) Old regions: 5->5
[2025-06-28T00:21:07.766+0200][1.814s] GC(27) Humongous regions: 0->0
[2025-06-28T00:21:07.766+0200][1.814s] GC(27) Metaspace: 11183K(11456K)->11183K(11456K) NonClass: 9836K(9984K)->9836K(9984K) Class: 1347K(1472K)->1347K(1472K)
[2025-06-28T00:21:07.766+0200][1.814s] GC(27) Pause Young (Normal) (G1 Evacuation Pause) 9M->5M(12M) 2.104ms
[2025-06-28T00:21:07.766+0200][1.814s] GC(27) User=0.00s Sys=0.00s Real=0.00s
[2025-06-28T00:21:07.794+0200][1.842s] GC(28) Pause Young (Normal) (G1 Evacuation Pause)
[2025-06-28T00:21:07.794+0200][1.842s] GC(28) Using 4 workers of 10 for evacuation
[2025-06-28T00:21:07.795+0200][1.843s] GC(28)   Pre Evacuate Collection Set: 0.2ms
[2025-06-28T00:21:07.796+0200][1.844s] GC(28)   Merge Heap Roots: 0.0ms
[2025-06-28T00:21:07.796+0200][1.844s] GC(28)   Evacuate Collection Set: 0.7ms
[2025-06-28T00:21:07.796+0200][1.844s] GC(28)   Post Evacuate Collection Set: 0.5ms
[2025-06-28T00:21:07.796+0200][1.844s] GC(28)   Other: 0.1ms
[2025-06-28T00:21:07.796+0200][1.844s] GC(28) Eden regions: 4->0(4)
[2025-06-28T00:21:07.796+0200][1.844s] GC(28) Survivor regions: 1->1(1)
[2025-06-28T00:21:07.796+0200][1.844s] GC(28) Old regions: 5->5
[2025-06-28T00:21:07.796+0200][1.844s] GC(28) Humongous regions: 0->0
[2025-06-28T00:21:07.796+0200][1.844s] GC(28) Metaspace: 11524K(11840K)->11524K(11840K) NonClass: 10137K(10304K)->10137K(10304K) Class: 1386K(1536K)->1386K(1536K)
[2025-06-28T00:21:07.796+0200][1.844s] GC(28) Pause Young (Normal) (G1 Evacuation Pause) 9M->5M(12M) 1.792ms
[2025-06-28T00:21:07.796+0200][1.844s] GC(28) User=0.00s Sys=0.00s Real=0.00s
[2025-06-28T00:21:07.835+0200][1.883s] GC(29) Pause Young (Normal) (G1 Evacuation Pause)
[2025-06-28T00:21:07.835+0200][1.883s] GC(29) Using 4 workers of 10 for evacuation
[2025-06-28T00:21:07.837+0200][1.885s] GC(29)   Pre Evacuate Collection Set: 0.3ms
[2025-06-28T00:21:07.837+0200][1.885s] GC(29)   Merge Heap Roots: 0.1ms
[2025-06-28T00:21:07.837+0200][1.885s] GC(29)   Evacuate Collection Set: 1.3ms
[2025-06-28T00:21:07.837+0200][1.885s] GC(29)   Post Evacuate Collection Set: 0.7ms
[2025-06-28T00:21:07.837+0200][1.885s] GC(29)   Other: 0.1ms
[2025-06-28T00:21:07.837+0200][1.885s] GC(29) Eden regions: 4->0(4)
[2025-06-28T00:21:07.837+0200][1.885s] GC(29) Survivor regions: 1->1(1)
[2025-06-28T00:21:07.837+0200][1.885s] GC(29) Old regions: 5->5
[2025-06-28T00:21:07.837+0200][1.885s] GC(29) Humongous regions: 0->0
[2025-06-28T00:21:07.837+0200][1.885s] GC(29) Metaspace: 11936K(12288K)->11936K(12288K) NonClass: 10510K(10688K)->10510K(10688K) Class: 1426K(1600K)->1426K(1600K)
[2025-06-28T00:21:07.838+0200][1.885s] GC(29) Pause Young (Normal) (G1 Evacuation Pause) 9M->5M(12M) 2.840ms
[2025-06-28T00:21:07.838+0200][1.885s] GC(29) User=0.00s Sys=0.00s Real=0.00s
[2025-06-28T00:21:07.894+0200][1.943s] GC(30) Pause Young (Normal) (G1 Evacuation Pause)
[2025-06-28T00:21:07.894+0200][1.943s] GC(30) Using 4 workers of 10 for evacuation
[2025-06-28T00:21:07.898+0200][1.947s] GC(30)   Pre Evacuate Collection Set: 0.3ms
[2025-06-28T00:21:07.898+0200][1.947s] GC(30)   Merge Heap Roots: 0.1ms
[2025-06-28T00:21:07.899+0200][1.947s] GC(30)   Evacuate Collection Set: 2.2ms
[2025-06-28T00:21:07.899+0200][1.947s] GC(30)   Post Evacuate Collection Set: 1.4ms
[2025-06-28T00:21:07.899+0200][1.947s] GC(30)   Other: 0.1ms
[2025-06-28T00:21:07.899+0200][1.947s] GC(30) Eden regions: 4->0(3)
[2025-06-28T00:21:07.899+0200][1.947s] GC(30) Survivor regions: 1->1(1)
[2025-06-28T00:21:07.899+0200][1.947s] GC(30) Old regions: 5->6
[2025-06-28T00:21:07.899+0200][1.947s] GC(30) Humongous regions: 0->0
[2025-06-28T00:21:07.899+0200][1.947s] GC(30) Metaspace: 12364K(12672K)->12364K(12672K) NonClass: 10901K(11072K)->10901K(11072K) Class: 1462K(1600K)->1462K(1600K)
[2025-06-28T00:21:07.899+0200][1.947s] GC(30) Pause Young (Normal) (G1 Evacuation Pause) 9M->6M(12M) 4.508ms
[2025-06-28T00:21:07.899+0200][1.947s] GC(30) User=0.00s Sys=0.00s Real=0.00s
[2025-06-28T00:21:07.934+0200][1.982s] GC(31) Pause Young (Concurrent Start) (G1 Evacuation Pause)
[2025-06-28T00:21:07.934+0200][1.982s] GC(31) Using 4 workers of 10 for evacuation
[2025-06-28T00:21:07.936+0200][1.985s] GC(31)   Pre Evacuate Collection Set: 0.3ms
[2025-06-28T00:21:07.937+0200][1.985s] GC(31)   Merge Heap Roots: 0.1ms
[2025-06-28T00:21:07.937+0200][1.985s] GC(31)   Evacuate Collection Set: 1.3ms
[2025-06-28T00:21:07.937+0200][1.985s] GC(31)   Post Evacuate Collection Set: 1.1ms
[2025-06-28T00:21:07.937+0200][1.985s] GC(31)   Other: 0.1ms
[2025-06-28T00:21:07.937+0200][1.985s] GC(31) Eden regions: 3->0(3)
[2025-06-28T00:21:07.937+0200][1.985s] GC(31) Survivor regions: 1->1(1)
[2025-06-28T00:21:07.937+0200][1.985s] GC(31) Old regions: 6->6
[2025-06-28T00:21:07.937+0200][1.985s] GC(31) Humongous regions: 0->0
[2025-06-28T00:21:07.937+0200][1.985s] GC(31) Metaspace: 12663K(13056K)->12663K(13056K) NonClass: 11163K(11392K)->11163K(11392K) Class: 1499K(1664K)->1499K(1664K)
[2025-06-28T00:21:07.937+0200][1.985s] GC(31) Pause Young (Concurrent Start) (G1 Evacuation Pause) 9M->6M(12M) 3.150ms
[2025-06-28T00:21:07.937+0200][1.985s] GC(31) User=0.00s Sys=0.00s Real=0.00s
[2025-06-28T00:21:07.937+0200][1.985s] GC(32) Concurrent Mark Cycle
[2025-06-28T00:21:07.937+0200][1.985s] GC(32) Concurrent Scan Root Regions
[2025-06-28T00:21:07.938+0200][1.986s] GC(32) Concurrent Scan Root Regions 1.042ms
[2025-06-28T00:21:07.938+0200][1.986s] GC(32) Concurrent Mark
[2025-06-28T00:21:07.938+0200][1.986s] GC(32) Concurrent Mark From Roots
[2025-06-28T00:21:07.938+0200][1.986s] GC(32) Using 3 workers of 3 for marking
[2025-06-28T00:21:07.943+0200][1.991s] GC(32) Concurrent Mark From Roots 5.296ms
[2025-06-28T00:21:07.943+0200][1.991s] GC(32) Concurrent Preclean
[2025-06-28T00:21:07.943+0200][1.992s] GC(32) Concurrent Preclean 0.042ms
[2025-06-28T00:21:07.943+0200][1.992s] GC(32) Pause Remark
[2025-06-28T00:21:07.946+0200][1.994s] GC(32) Pause Remark 6M->6M(14M) 2.560ms
[2025-06-28T00:21:07.946+0200][1.994s] GC(32) User=0.00s Sys=0.00s Real=0.00s
[2025-06-28T00:21:07.946+0200][1.994s] GC(32) Concurrent Mark 8.237ms
[2025-06-28T00:21:07.946+0200][1.994s] GC(32) Concurrent Rebuild Remembered Sets and Scrub Regions
[2025-06-28T00:21:07.949+0200][1.997s] GC(32) Concurrent Rebuild Remembered Sets and Scrub Regions 2.909ms
[2025-06-28T00:21:07.949+0200][1.997s] GC(32) Pause Cleanup
[2025-06-28T00:21:07.949+0200][1.998s] GC(32) Pause Cleanup 6M->6M(14M) 0.159ms
[2025-06-28T00:21:07.949+0200][1.998s] GC(32) User=0.00s Sys=0.00s Real=0.00s
[2025-06-28T00:21:07.949+0200][1.998s] GC(32) Concurrent Clear Claimed Marks
[2025-06-28T00:21:07.949+0200][1.998s] GC(32) Concurrent Clear Claimed Marks 0.076ms
[2025-06-28T00:21:07.949+0200][1.998s] GC(32) Concurrent Cleanup for Next Mark
[2025-06-28T00:21:07.950+0200][1.998s] GC(32) Concurrent Cleanup for Next Mark 0.191ms
[2025-06-28T00:21:07.950+0200][1.998s] GC(32) Concurrent Mark Cycle 13.278ms
[2025-06-28T00:21:07.974+0200][2.022s] GC(33) Pause Young (Prepare Mixed) (G1 Evacuation Pause)
[2025-06-28T00:21:07.974+0200][2.022s] GC(33) Using 4 workers of 10 for evacuation
[2025-06-28T00:21:07.975+0200][2.024s] GC(33)   Pre Evacuate Collection Set: 0.1ms
[2025-06-28T00:21:07.975+0200][2.024s] GC(33)   Merge Heap Roots: 0.0ms
[2025-06-28T00:21:07.975+0200][2.024s] GC(33)   Evacuate Collection Set: 0.9ms
[2025-06-28T00:21:07.975+0200][2.024s] GC(33)   Post Evacuate Collection Set: 0.4ms
[2025-06-28T00:21:07.975+0200][2.024s] GC(33)   Other: 0.1ms
[2025-06-28T00:21:07.975+0200][2.024s] GC(33) Eden regions: 3->0(4)
[2025-06-28T00:21:07.975+0200][2.024s] GC(33) Survivor regions: 1->1(1)
[2025-06-28T00:21:07.975+0200][2.024s] GC(33) Old regions: 6->7
[2025-06-28T00:21:07.975+0200][2.024s] GC(33) Humongous regions: 0->0
[2025-06-28T00:21:07.975+0200][2.024s] GC(33) Metaspace: 12887K(13248K)->12887K(13248K) NonClass: 11366K(11584K)->11366K(11584K) Class: 1520K(1664K)->1520K(1664K)
[2025-06-28T00:21:07.977+0200][2.024s] GC(33) Pause Young (Prepare Mixed) (G1 Evacuation Pause) 9M->6M(14M) 1.987ms
[2025-06-28T00:21:07.977+0200][2.024s] GC(33) User=0.00s Sys=0.00s Real=0.00s
[2025-06-28T00:21:08.028+0200][2.076s] GC(34) Pause Young (Mixed) (G1 Evacuation Pause)
[2025-06-28T00:21:08.028+0200][2.076s] GC(34) Using 4 workers of 10 for evacuation
[2025-06-28T00:21:08.030+0200][2.078s] GC(34)   Pre Evacuate Collection Set: 0.1ms
[2025-06-28T00:21:08.030+0200][2.078s] GC(34)   Merge Heap Roots: 0.1ms
[2025-06-28T00:21:08.030+0200][2.078s] GC(34)   Evacuate Collection Set: 1.5ms
[2025-06-28T00:21:08.030+0200][2.078s] GC(34)   Post Evacuate Collection Set: 0.3ms
[2025-06-28T00:21:08.030+0200][2.078s] GC(34)   Other: 0.1ms
[2025-06-28T00:21:08.030+0200][2.078s] GC(34) Eden regions: 4->0(4)
[2025-06-28T00:21:08.030+0200][2.078s] GC(34) Survivor regions: 1->1(1)
[2025-06-28T00:21:08.030+0200][2.078s] GC(34) Old regions: 7->7
[2025-06-28T00:21:08.030+0200][2.078s] GC(34) Humongous regions: 0->0
[2025-06-28T00:21:08.030+0200][2.078s] GC(34) Metaspace: 13176K(13568K)->13176K(13568K) NonClass: 11613K(11840K)->11613K(11840K) Class: 1562K(1728K)->1562K(1728K)
[2025-06-28T00:21:08.030+0200][2.078s] GC(34) Pause Young (Mixed) (G1 Evacuation Pause) 10M->6M(14M) 2.137ms
[2025-06-28T00:21:08.030+0200][2.078s] GC(34) User=0.00s Sys=0.00s Real=0.00s
[2025-06-28T00:21:08.059+0200][2.107s] GC(35) Pause Young (Concurrent Start) (G1 Evacuation Pause)
[2025-06-28T00:21:08.059+0200][2.107s] GC(35) Using 4 workers of 10 for evacuation
[2025-06-28T00:21:08.061+0200][2.109s] GC(35)   Pre Evacuate Collection Set: 0.2ms
[2025-06-28T00:21:08.061+0200][2.109s] GC(35)   Merge Heap Roots: 0.1ms
[2025-06-28T00:21:08.061+0200][2.109s] GC(35)   Evacuate Collection Set: 1.1ms
[2025-06-28T00:21:08.061+0200][2.109s] GC(35)   Post Evacuate Collection Set: 0.5ms
[2025-06-28T00:21:08.061+0200][2.109s] GC(35)   Other: 0.1ms
[2025-06-28T00:21:08.061+0200][2.109s] GC(35) Eden regions: 4->0(4)
[2025-06-28T00:21:08.061+0200][2.109s] GC(35) Survivor regions: 1->1(1)
[2025-06-28T00:21:08.061+0200][2.109s] GC(35) Old regions: 7->7
[2025-06-28T00:21:08.061+0200][2.109s] GC(35) Humongous regions: 0->0
[2025-06-28T00:21:08.061+0200][2.109s] GC(35) Metaspace: 13503K(13824K)->13503K(13824K) NonClass: 11893K(12096K)->11893K(12096K) Class: 1610K(1728K)->1610K(1728K)
[2025-06-28T00:21:08.061+0200][2.109s] GC(35) Pause Young (Concurrent Start) (G1 Evacuation Pause) 10M->6M(14M) 2.433ms
[2025-06-28T00:21:08.061+0200][2.109s] GC(35) User=0.00s Sys=0.00s Real=0.00s
[2025-06-28T00:21:08.061+0200][2.109s] GC(36) Concurrent Mark Cycle
[2025-06-28T00:21:08.061+0200][2.109s] GC(36) Concurrent Scan Root Regions
[2025-06-28T00:21:08.061+0200][2.110s] GC(36) Concurrent Scan Root Regions 0.516ms
[2025-06-28T00:21:08.061+0200][2.110s] GC(36) Concurrent Mark
[2025-06-28T00:21:08.061+0200][2.110s] GC(36) Concurrent Mark From Roots
[2025-06-28T00:21:08.061+0200][2.110s] GC(36) Using 3 workers of 3 for marking
[2025-06-28T00:21:08.066+0200][2.115s] GC(36) Concurrent Mark From Roots 4.868ms
[2025-06-28T00:21:08.066+0200][2.115s] GC(36) Concurrent Preclean
[2025-06-28T00:21:08.066+0200][2.115s] GC(36) Concurrent Preclean 0.065ms
[2025-06-28T00:21:08.066+0200][2.115s] GC(36) Pause Remark
[2025-06-28T00:21:08.068+0200][2.117s] GC(36) Pause Remark 7M->7M(15M) 2.252ms
[2025-06-28T00:21:08.068+0200][2.117s] GC(36) User=0.00s Sys=0.00s Real=0.00s
[2025-06-28T00:21:08.068+0200][2.117s] GC(36) Concurrent Mark 7.541ms
[2025-06-28T00:21:08.068+0200][2.117s] GC(36) Concurrent Rebuild Remembered Sets and Scrub Regions
[2025-06-28T00:21:08.072+0200][2.120s] GC(36) Concurrent Rebuild Remembered Sets and Scrub Regions 3.022ms
[2025-06-28T00:21:08.073+0200][2.121s] GC(36) Pause Cleanup
[2025-06-28T00:21:08.073+0200][2.121s] GC(36) Pause Cleanup 7M->7M(15M) 0.160ms
[2025-06-28T00:21:08.073+0200][2.121s] GC(36) User=0.00s Sys=0.00s Real=0.00s
[2025-06-28T00:21:08.073+0200][2.121s] GC(36) Concurrent Clear Claimed Marks
[2025-06-28T00:21:08.073+0200][2.121s] GC(36) Concurrent Clear Claimed Marks 0.064ms
[2025-06-28T00:21:08.073+0200][2.121s] GC(36) Concurrent Cleanup for Next Mark
[2025-06-28T00:21:08.073+0200][2.121s] GC(36) Concurrent Cleanup for Next Mark 0.120ms
[2025-06-28T00:21:08.073+0200][2.121s] GC(36) Concurrent Mark Cycle 12.045ms
[2025-06-28T00:21:08.089+0200][2.137s] GC(37) Pause Young (Prepare Mixed) (G1 Evacuation Pause)
[2025-06-28T00:21:08.089+0200][2.137s] GC(37) Using 4 workers of 10 for evacuation
[2025-06-28T00:21:08.090+0200][2.139s] GC(37)   Pre Evacuate Collection Set: 0.1ms
[2025-06-28T00:21:08.090+0200][2.139s] GC(37)   Merge Heap Roots: 0.1ms
[2025-06-28T00:21:08.090+0200][2.139s] GC(37)   Evacuate Collection Set: 0.7ms
[2025-06-28T00:21:08.090+0200][2.139s] GC(37)   Post Evacuate Collection Set: 0.4ms
[2025-06-28T00:21:08.090+0200][2.139s] GC(37)   Other: 0.1ms
[2025-06-28T00:21:08.090+0200][2.139s] GC(37) Eden regions: 4->0(5)
[2025-06-28T00:21:08.090+0200][2.139s] GC(37) Survivor regions: 1->1(1)
[2025-06-28T00:21:08.090+0200][2.139s] GC(37) Old regions: 7->7
[2025-06-28T00:21:08.090+0200][2.139s] GC(37) Humongous regions: 0->0
[2025-06-28T00:21:08.090+0200][2.139s] GC(37) Metaspace: 13842K(14144K)->13842K(14144K) NonClass: 12188K(12352K)->12188K(12352K) Class: 1653K(1792K)->1653K(1792K)
[2025-06-28T00:21:08.090+0200][2.139s] GC(37) Pause Young (Prepare Mixed) (G1 Evacuation Pause) 10M->6M(15M) 1.586ms
[2025-06-28T00:21:08.090+0200][2.139s] GC(37) User=0.00s Sys=0.00s Real=0.00s
[2025-06-28T00:21:08.119+0200][2.167s] GC(38) Pause Young (Mixed) (G1 Evacuation Pause)
[2025-06-28T00:21:08.120+0200][2.168s] GC(38) Using 4 workers of 10 for evacuation
[2025-06-28T00:21:08.124+0200][2.172s] GC(38)   Pre Evacuate Collection Set: 0.4ms
[2025-06-28T00:21:08.124+0200][2.172s] GC(38)   Merge Heap Roots: 0.1ms
[2025-06-28T00:21:08.124+0200][2.172s] GC(38)   Evacuate Collection Set: 2.8ms
[2025-06-28T00:21:08.124+0200][2.172s] GC(38)   Post Evacuate Collection Set: 0.6ms
[2025-06-28T00:21:08.124+0200][2.172s] GC(38)   Other: 0.6ms
[2025-06-28T00:21:08.124+0200][2.172s] GC(38) Eden regions: 5->0(5)
[2025-06-28T00:21:08.124+0200][2.172s] GC(38) Survivor regions: 1->1(1)
[2025-06-28T00:21:08.124+0200][2.172s] GC(38) Old regions: 7->7
[2025-06-28T00:21:08.124+0200][2.172s] GC(38) Humongous regions: 0->0
[2025-06-28T00:21:08.124+0200][2.172s] GC(38) Metaspace: 14198K(14528K)->14198K(14528K) NonClass: 12500K(12672K)->12500K(12672K) Class: 1698K(1856K)->1698K(1856K)
[2025-06-28T00:21:08.124+0200][2.172s] GC(38) Pause Young (Mixed) (G1 Evacuation Pause) 11M->6M(15M) 4.796ms
[2025-06-28T00:21:08.124+0200][2.172s] GC(38) User=0.00s Sys=0.02s Real=0.01s
[2025-06-28T00:21:08.151+0200][2.199s] GC(39) Pause Young (Concurrent Start) (G1 Evacuation Pause)
[2025-06-28T00:21:08.152+0200][2.200s] GC(39) Using 4 workers of 10 for evacuation
[2025-06-28T00:21:08.153+0200][2.201s] GC(39)   Pre Evacuate Collection Set: 0.2ms
[2025-06-28T00:21:08.153+0200][2.201s] GC(39)   Merge Heap Roots: 0.0ms
[2025-06-28T00:21:08.153+0200][2.201s] GC(39)   Evacuate Collection Set: 0.7ms
[2025-06-28T00:21:08.153+0200][2.201s] GC(39)   Post Evacuate Collection Set: 0.4ms
[2025-06-28T00:21:08.153+0200][2.201s] GC(39)   Other: 0.1ms
[2025-06-28T00:21:08.153+0200][2.201s] GC(39) Eden regions: 5->0(6)
[2025-06-28T00:21:08.153+0200][2.201s] GC(39) Survivor regions: 1->1(1)
[2025-06-28T00:21:08.153+0200][2.201s] GC(39) Old regions: 7->7
[2025-06-28T00:21:08.153+0200][2.201s] GC(39) Humongous regions: 0->0
[2025-06-28T00:21:08.153+0200][2.201s] GC(39) Metaspace: 14501K(14784K)->14501K(14784K) NonClass: 12752K(12928K)->12752K(12928K) Class: 1748K(1856K)->1748K(1856K)
[2025-06-28T00:21:08.153+0200][2.201s] GC(39) Pause Young (Concurrent Start) (G1 Evacuation Pause) 11M->6M(16M) 1.744ms
[2025-06-28T00:21:08.153+0200][2.201s] GC(39) User=0.00s Sys=0.00s Real=0.00s
[2025-06-28T00:21:08.153+0200][2.201s] GC(40) Concurrent Mark Cycle
[2025-06-28T00:21:08.153+0200][2.201s] GC(40) Concurrent Scan Root Regions
[2025-06-28T00:21:08.154+0200][2.202s] GC(40) Concurrent Scan Root Regions 0.628ms
[2025-06-28T00:21:08.154+0200][2.202s] GC(40) Concurrent Mark
[2025-06-28T00:21:08.154+0200][2.202s] GC(40) Concurrent Mark From Roots
[2025-06-28T00:21:08.154+0200][2.202s] GC(40) Using 3 workers of 3 for marking
[2025-06-28T00:21:08.158+0200][2.207s] GC(40) Concurrent Mark From Roots 4.502ms
[2025-06-28T00:21:08.158+0200][2.207s] GC(40) Concurrent Preclean
[2025-06-28T00:21:08.158+0200][2.207s] GC(40) Concurrent Preclean 0.036ms
[2025-06-28T00:21:08.158+0200][2.207s] GC(40) Pause Remark
[2025-06-28T00:21:08.160+0200][2.209s] GC(40) Pause Remark 7M->7M(16M) 1.772ms
[2025-06-28T00:21:08.160+0200][2.209s] GC(40) User=0.00s Sys=0.00s Real=0.00s
[2025-06-28T00:21:08.160+0200][2.209s] GC(40) Concurrent Mark 6.649ms
[2025-06-28T00:21:08.160+0200][2.209s] GC(40) Concurrent Rebuild Remembered Sets and Scrub Regions
[2025-06-28T00:21:08.163+0200][2.211s] GC(40) Concurrent Rebuild Remembered Sets and Scrub Regions 2.418ms
[2025-06-28T00:21:08.163+0200][2.211s] GC(40) Pause Cleanup
[2025-06-28T00:21:08.163+0200][2.211s] GC(40) Pause Cleanup 7M->7M(16M) 0.149ms
[2025-06-28T00:21:08.163+0200][2.211s] GC(40) User=0.00s Sys=0.00s Real=0.00s
[2025-06-28T00:21:08.163+0200][2.211s] GC(40) Concurrent Clear Claimed Marks
[2025-06-28T00:21:08.163+0200][2.212s] GC(40) Concurrent Clear Claimed Marks 0.066ms
[2025-06-28T00:21:08.163+0200][2.212s] GC(40) Concurrent Cleanup for Next Mark
[2025-06-28T00:21:08.164+0200][2.212s] GC(40) Concurrent Cleanup for Next Mark 0.113ms
[2025-06-28T00:21:08.164+0200][2.212s] GC(40) Concurrent Mark Cycle 10.447ms
[2025-06-28T00:21:08.205+0200][2.253s] GC(41) Pause Young (Normal) (G1 Evacuation Pause)
[2025-06-28T00:21:08.205+0200][2.253s] GC(41) Using 4 workers of 10 for evacuation
[2025-06-28T00:21:08.207+0200][2.255s] GC(41)   Pre Evacuate Collection Set: 0.2ms
[2025-06-28T00:21:08.207+0200][2.255s] GC(41)   Merge Heap Roots: 0.1ms
[2025-06-28T00:21:08.207+0200][2.255s] GC(41)   Evacuate Collection Set: 1.0ms
[2025-06-28T00:21:08.207+0200][2.255s] GC(41)   Post Evacuate Collection Set: 0.5ms
[2025-06-28T00:21:08.207+0200][2.255s] GC(41)   Other: 0.1ms
[2025-06-28T00:21:08.207+0200][2.255s] GC(41) Eden regions: 6->0(6)
[2025-06-28T00:21:08.207+0200][2.255s] GC(41) Survivor regions: 1->1(1)
[2025-06-28T00:21:08.207+0200][2.255s] GC(41) Old regions: 7->7
[2025-06-28T00:21:08.207+0200][2.255s] GC(41) Humongous regions: 0->0
[2025-06-28T00:21:08.207+0200][2.255s] GC(41) Metaspace: 15032K(15360K)->15032K(15360K) NonClass: 13195K(13376K)->13195K(13376K) Class: 1836K(1984K)->1836K(1984K)
[2025-06-28T00:21:08.207+0200][2.255s] GC(41) Pause Young (Normal) (G1 Evacuation Pause) 12M->6M(16M) 2.048ms
[2025-06-28T00:21:08.207+0200][2.255s] GC(41) User=0.00s Sys=0.00s Real=0.00s
[2025-06-28T00:21:08.263+0200][2.311s] GC(42) Pause Young (Normal) (G1 Evacuation Pause)
[2025-06-28T00:21:08.263+0200][2.311s] GC(42) Using 4 workers of 10 for evacuation
[2025-06-28T00:21:08.266+0200][2.313s] GC(42)   Pre Evacuate Collection Set: 0.2ms
[2025-06-28T00:21:08.266+0200][2.313s] GC(42)   Merge Heap Roots: 0.1ms
[2025-06-28T00:21:08.266+0200][2.313s] GC(42)   Evacuate Collection Set: 1.1ms
[2025-06-28T00:21:08.266+0200][2.313s] GC(42)   Post Evacuate Collection Set: 0.5ms
[2025-06-28T00:21:08.266+0200][2.313s] GC(42)   Other: 0.1ms
[2025-06-28T00:21:08.266+0200][2.313s] GC(42) Eden regions: 6->0(6)
[2025-06-28T00:21:08.266+0200][2.313s] GC(42) Survivor regions: 1->1(1)
[2025-06-28T00:21:08.266+0200][2.313s] GC(42) Old regions: 7->7
[2025-06-28T00:21:08.266+0200][2.314s] GC(42) Humongous regions: 0->0
[2025-06-28T00:21:08.266+0200][2.314s] GC(42) Metaspace: 15845K(16192K)->15845K(16192K) NonClass: 13913K(14080K)->13913K(14080K) Class: 1932K(2112K)->1932K(2112K)
[2025-06-28T00:21:08.266+0200][2.314s] GC(42) Pause Young (Normal) (G1 Evacuation Pause) 12M->6M(16M) 2.147ms
[2025-06-28T00:21:08.266+0200][2.314s] GC(42) User=0.00s Sys=0.00s Real=0.00s
[2025-06-28T00:21:08.336+0200][2.385s] GC(43) Pause Young (Normal) (G1 Evacuation Pause)
[2025-06-28T00:21:08.336+0200][2.385s] GC(43) Using 4 workers of 10 for evacuation
[2025-06-28T00:21:08.339+0200][2.388s] GC(43)   Pre Evacuate Collection Set: 0.1ms
[2025-06-28T00:21:08.339+0200][2.388s] GC(43)   Merge Heap Roots: 0.0ms
[2025-06-28T00:21:08.339+0200][2.388s] GC(43)   Evacuate Collection Set: 1.9ms
[2025-06-28T00:21:08.339+0200][2.388s] GC(43)   Post Evacuate Collection Set: 0.6ms
[2025-06-28T00:21:08.339+0200][2.388s] GC(43)   Other: 0.1ms
[2025-06-28T00:21:08.339+0200][2.388s] GC(43) Eden regions: 6->0(6)
[2025-06-28T00:21:08.339+0200][2.388s] GC(43) Survivor regions: 1->1(1)
[2025-06-28T00:21:08.339+0200][2.388s] GC(43) Old regions: 7->7
[2025-06-28T00:21:08.339+0200][2.388s] GC(43) Humongous regions: 0->0
[2025-06-28T00:21:08.339+0200][2.388s] GC(43) Metaspace: 16607K(16960K)->16607K(16960K) NonClass: 14576K(14784K)->14576K(14784K) Class: 2030K(2176K)->2030K(2176K)
[2025-06-28T00:21:08.339+0200][2.388s] GC(43) Pause Young (Normal) (G1 Evacuation Pause) 12M->7M(16M) 3.152ms
[2025-06-28T00:21:08.339+0200][2.388s] GC(43) User=0.09s Sys=0.02s Real=0.00s
[2025-06-28T00:21:08.446+0200][2.494s] GC(44) Pause Young (Normal) (G1 Evacuation Pause)
[2025-06-28T00:21:08.446+0200][2.494s] GC(44) Using 3 workers of 10 for evacuation
[2025-06-28T00:21:08.449+0200][2.497s] GC(44)   Pre Evacuate Collection Set: 0.1ms
[2025-06-28T00:21:08.449+0200][2.497s] GC(44)   Merge Heap Roots: 0.1ms
[2025-06-28T00:21:08.449+0200][2.497s] GC(44)   Evacuate Collection Set: 2.1ms
[2025-06-28T00:21:08.449+0200][2.497s] GC(44)   Post Evacuate Collection Set: 0.5ms
[2025-06-28T00:21:08.449+0200][2.497s] GC(44)   Other: 0.1ms
[2025-06-28T00:21:08.449+0200][2.497s] GC(44) Eden regions: 6->0(5)
[2025-06-28T00:21:08.449+0200][2.497s] GC(44) Survivor regions: 1->1(1)
[2025-06-28T00:21:08.449+0200][2.497s] GC(44) Old regions: 7->8
[2025-06-28T00:21:08.449+0200][2.497s] GC(44) Humongous regions: 0->0
[2025-06-28T00:21:08.449+0200][2.497s] GC(44) Metaspace: 17195K(17600K)->17195K(17600K) NonClass: 15079K(15296K)->15079K(15296K) Class: 2116K(2304K)->2116K(2304K)
[2025-06-28T00:21:08.449+0200][2.497s] GC(44) Pause Young (Normal) (G1 Evacuation Pause) 13M->8M(16M) 3.156ms
[2025-06-28T00:21:08.449+0200][2.497s] GC(44) User=0.05s Sys=0.02s Real=0.00s
[2025-06-28T00:21:08.566+0200][2.614s] GC(45) Pause Young (Concurrent Start) (G1 Evacuation Pause)
[2025-06-28T00:21:08.566+0200][2.614s] GC(45) Using 2 workers of 10 for evacuation
[2025-06-28T00:21:08.570+0200][2.618s] GC(45)   Pre Evacuate Collection Set: 0.3ms
[2025-06-28T00:21:08.570+0200][2.618s] GC(45)   Merge Heap Roots: 0.1ms
[2025-06-28T00:21:08.570+0200][2.618s] GC(45)   Evacuate Collection Set: 2.5ms
[2025-06-28T00:21:08.570+0200][2.618s] GC(45)   Post Evacuate Collection Set: 0.5ms
[2025-06-28T00:21:08.570+0200][2.618s] GC(45)   Other: 0.1ms
[2025-06-28T00:21:08.570+0200][2.618s] GC(45) Eden regions: 5->0(5)
[2025-06-28T00:21:08.570+0200][2.618s] GC(45) Survivor regions: 1->1(1)
[2025-06-28T00:21:08.570+0200][2.618s] GC(45) Old regions: 8->8
[2025-06-28T00:21:08.570+0200][2.618s] GC(45) Humongous regions: 0->0
[2025-06-28T00:21:08.570+0200][2.618s] GC(45) Metaspace: 17518K(17920K)->17518K(17920K) NonClass: 15365K(15616K)->15365K(15616K) Class: 2152K(2304K)->2152K(2304K)
[2025-06-28T00:21:08.570+0200][2.618s] GC(45) Pause Young (Concurrent Start) (G1 Evacuation Pause) 13M->8M(16M) 3.795ms
[2025-06-28T00:21:08.570+0200][2.618s] GC(45) User=0.00s Sys=0.00s Real=0.00s
[2025-06-28T00:21:08.570+0200][2.618s] GC(46) Concurrent Mark Cycle
[2025-06-28T00:21:08.570+0200][2.618s] GC(46) Concurrent Scan Root Regions
[2025-06-28T00:21:08.571+0200][2.619s] GC(46) Concurrent Scan Root Regions 1.107ms
[2025-06-28T00:21:08.571+0200][2.619s] GC(46) Concurrent Mark
[2025-06-28T00:21:08.571+0200][2.619s] GC(46) Concurrent Mark From Roots
[2025-06-28T00:21:08.571+0200][2.619s] GC(46) Using 3 workers of 3 for marking
[2025-06-28T00:21:08.577+0200][2.625s] GC(46) Concurrent Mark From Roots 5.696ms
[2025-06-28T00:21:08.577+0200][2.625s] GC(46) Concurrent Preclean
[2025-06-28T00:21:08.577+0200][2.625s] GC(46) Concurrent Preclean 0.046ms
[2025-06-28T00:21:08.577+0200][2.625s] GC(46) Pause Remark
[2025-06-28T00:21:08.582+0200][2.630s] GC(46) Pause Remark 8M->8M(17M) 4.752ms
[2025-06-28T00:21:08.582+0200][2.630s] GC(46) User=0.00s Sys=0.00s Real=0.01s
[2025-06-28T00:21:08.582+0200][2.630s] GC(46) Concurrent Mark 11.034ms
[2025-06-28T00:21:08.582+0200][2.630s] GC(46) Concurrent Rebuild Remembered Sets and Scrub Regions
[2025-06-28T00:21:08.583+0200][2.631s] GC(46) Concurrent Rebuild Remembered Sets and Scrub Regions 1.153ms
[2025-06-28T00:21:08.583+0200][2.632s] GC(46) Pause Cleanup
[2025-06-28T00:21:08.584+0200][2.632s] GC(46) Pause Cleanup 8M->8M(17M) 0.095ms
[2025-06-28T00:21:08.584+0200][2.632s] GC(46) User=0.00s Sys=0.00s Real=0.00s
[2025-06-28T00:21:08.584+0200][2.632s] GC(46) Concurrent Clear Claimed Marks
[2025-06-28T00:21:08.584+0200][2.632s] GC(46) Concurrent Clear Claimed Marks 0.066ms
[2025-06-28T00:21:08.584+0200][2.632s] GC(46) Concurrent Cleanup for Next Mark
[2025-06-28T00:21:08.584+0200][2.632s] GC(46) Concurrent Cleanup for Next Mark 0.109ms
[2025-06-28T00:21:08.584+0200][2.632s] GC(46) Concurrent Mark Cycle 14.080ms
[2025-06-28T00:21:08.639+0200][2.687s] GC(47) Pause Young (Normal) (G1 Evacuation Pause)
[2025-06-28T00:21:08.640+0200][2.687s] GC(47) Using 2 workers of 10 for evacuation
[2025-06-28T00:21:08.642+0200][2.690s] GC(47)   Pre Evacuate Collection Set: 0.1ms
[2025-06-28T00:21:08.642+0200][2.690s] GC(47)   Merge Heap Roots: 0.1ms
[2025-06-28T00:21:08.642+0200][2.690s] GC(47)   Evacuate Collection Set: 1.7ms
[2025-06-28T00:21:08.642+0200][2.690s] GC(47)   Post Evacuate Collection Set: 0.3ms
[2025-06-28T00:21:08.642+0200][2.690s] GC(47)   Other: 0.1ms
[2025-06-28T00:21:08.642+0200][2.690s] GC(47) Eden regions: 5->0(5)
[2025-06-28T00:21:08.642+0200][2.690s] GC(47) Survivor regions: 1->1(1)
[2025-06-28T00:21:08.642+0200][2.690s] GC(47) Old regions: 8->9
[2025-06-28T00:21:08.642+0200][2.690s] GC(47) Humongous regions: 0->0
[2025-06-28T00:21:08.642+0200][2.690s] GC(47) Metaspace: 17674K(18112K)->17674K(18112K) NonClass: 15504K(15744K)->15504K(15744K) Class: 2169K(2368K)->2169K(2368K)
[2025-06-28T00:21:08.642+0200][2.690s] GC(47) Pause Young (Normal) (G1 Evacuation Pause) 13M->8M(17M) 2.546ms
[2025-06-28T00:21:08.642+0200][2.690s] GC(47) User=0.00s Sys=0.00s Real=0.00s
[2025-06-28T00:21:08.698+0200][2.746s] GC(48) Pause Young (Concurrent Start) (G1 Evacuation Pause)
[2025-06-28T00:21:08.698+0200][2.746s] GC(48) Using 2 workers of 10 for evacuation
[2025-06-28T00:21:08.701+0200][2.749s] GC(48)   Pre Evacuate Collection Set: 0.3ms
[2025-06-28T00:21:08.701+0200][2.749s] GC(48)   Merge Heap Roots: 0.1ms
[2025-06-28T00:21:08.701+0200][2.749s] GC(48)   Evacuate Collection Set: 1.6ms
[2025-06-28T00:21:08.701+0200][2.749s] GC(48)   Post Evacuate Collection Set: 0.4ms
[2025-06-28T00:21:08.701+0200][2.749s] GC(48)   Other: 0.2ms
[2025-06-28T00:21:08.701+0200][2.749s] GC(48) Eden regions: 5->0(5)
[2025-06-28T00:21:08.701+0200][2.749s] GC(48) Survivor regions: 1->1(1)
[2025-06-28T00:21:08.701+0200][2.749s] GC(48) Old regions: 9->9
[2025-06-28T00:21:08.701+0200][2.749s] GC(48) Humongous regions: 0->0
[2025-06-28T00:21:08.701+0200][2.749s] GC(48) Metaspace: 17801K(18176K)->17801K(18176K) NonClass: 15618K(15808K)->15618K(15808K) Class: 2182K(2368K)->2182K(2368K)
[2025-06-28T00:21:08.701+0200][2.749s] GC(48) Pause Young (Concurrent Start) (G1 Evacuation Pause) 13M->9M(17M) 2.708ms
[2025-06-28T00:21:08.701+0200][2.749s] GC(48) User=0.00s Sys=0.00s Real=0.00s
[2025-06-28T00:21:08.701+0200][2.749s] GC(49) Concurrent Mark Cycle
[2025-06-28T00:21:08.701+0200][2.749s] GC(49) Concurrent Scan Root Regions
[2025-06-28T00:21:08.702+0200][2.750s] GC(49) Concurrent Scan Root Regions 0.807ms
[2025-06-28T00:21:08.702+0200][2.750s] GC(49) Concurrent Mark
[2025-06-28T00:21:08.702+0200][2.750s] GC(49) Concurrent Mark From Roots
[2025-06-28T00:21:08.702+0200][2.750s] GC(49) Using 3 workers of 3 for marking
[2025-06-28T00:21:08.708+0200][2.756s] GC(49) Concurrent Mark From Roots 5.859ms
[2025-06-28T00:21:08.708+0200][2.756s] GC(49) Concurrent Preclean
[2025-06-28T00:21:08.708+0200][2.756s] GC(49) Concurrent Preclean 0.038ms
[2025-06-28T00:21:08.708+0200][2.756s] GC(49) Pause Remark
[2025-06-28T00:21:08.711+0200][2.759s] GC(49) Pause Remark 9M->9M(19M) 2.721ms
[2025-06-28T00:21:08.711+0200][2.759s] GC(49) User=0.00s Sys=0.00s Real=0.00s
[2025-06-28T00:21:08.711+0200][2.759s] GC(49) Concurrent Mark 9.012ms
[2025-06-28T00:21:08.711+0200][2.759s] GC(49) Concurrent Rebuild Remembered Sets and Scrub Regions
[2025-06-28T00:21:08.714+0200][2.762s] GC(49) Concurrent Rebuild Remembered Sets and Scrub Regions 2.984ms
[2025-06-28T00:21:08.714+0200][2.762s] GC(49) Pause Cleanup
[2025-06-28T00:21:08.715+0200][2.762s] GC(49) Pause Cleanup 9M->9M(19M) 0.207ms
[2025-06-28T00:21:08.715+0200][2.762s] GC(49) User=0.00s Sys=0.00s Real=0.00s
[2025-06-28T00:21:08.715+0200][2.762s] GC(49) Concurrent Clear Claimed Marks
[2025-06-28T00:21:08.715+0200][2.763s] GC(49) Concurrent Clear Claimed Marks 0.073ms
[2025-06-28T00:21:08.715+0200][2.763s] GC(49) Concurrent Cleanup for Next Mark
[2025-06-28T00:21:08.715+0200][2.763s] GC(49) Concurrent Cleanup for Next Mark 0.132ms
[2025-06-28T00:21:08.715+0200][2.763s] GC(49) Concurrent Mark Cycle 13.813ms
[2025-06-28T00:21:08.772+0200][2.820s] GC(50) Pause Young (Normal) (G1 Evacuation Pause)
[2025-06-28T00:21:08.772+0200][2.821s] GC(50) Using 4 workers of 10 for evacuation
[2025-06-28T00:21:08.774+0200][2.822s] GC(50)   Pre Evacuate Collection Set: 0.3ms
[2025-06-28T00:21:08.774+0200][2.822s] GC(50)   Merge Heap Roots: 0.1ms
[2025-06-28T00:21:08.774+0200][2.822s] GC(50)   Evacuate Collection Set: 1.0ms
[2025-06-28T00:21:08.774+0200][2.822s] GC(50)   Post Evacuate Collection Set: 0.4ms
[2025-06-28T00:21:08.774+0200][2.822s] GC(50)   Other: 0.1ms
[2025-06-28T00:21:08.774+0200][2.822s] GC(50) Eden regions: 5->0(7)
[2025-06-28T00:21:08.774+0200][2.822s] GC(50) Survivor regions: 1->1(1)
[2025-06-28T00:21:08.774+0200][2.822s] GC(50) Old regions: 9->9
[2025-06-28T00:21:08.774+0200][2.822s] GC(50) Humongous regions: 0->0
[2025-06-28T00:21:08.774+0200][2.822s] GC(50) Metaspace: 18072K(18368K)->18072K(18368K) NonClass: 15859K(16000K)->15859K(16000K) Class: 2213K(2368K)->2213K(2368K)
[2025-06-28T00:21:08.774+0200][2.823s] GC(50) Pause Young (Normal) (G1 Evacuation Pause) 14M->9M(19M) 2.204ms
[2025-06-28T00:21:08.774+0200][2.823s] GC(50) User=0.00s Sys=0.00s Real=0.00s
[2025-06-28T00:21:08.839+0200][2.886s] GC(51) Pause Young (Concurrent Start) (G1 Evacuation Pause)
[2025-06-28T00:21:08.839+0200][2.886s] GC(51) Using 4 workers of 10 for evacuation
[2025-06-28T00:21:08.840+0200][2.888s] GC(51)   Pre Evacuate Collection Set: 0.2ms
[2025-06-28T00:21:08.840+0200][2.888s] GC(51)   Merge Heap Roots: 0.1ms
[2025-06-28T00:21:08.840+0200][2.888s] GC(51)   Evacuate Collection Set: 0.8ms
[2025-06-28T00:21:08.840+0200][2.888s] GC(51)   Post Evacuate Collection Set: 0.4ms
[2025-06-28T00:21:08.840+0200][2.888s] GC(51)   Other: 0.2ms
[2025-06-28T00:21:08.840+0200][2.888s] GC(51) Eden regions: 7->0(6)
[2025-06-28T00:21:08.840+0200][2.888s] GC(51) Survivor regions: 1->1(1)
[2025-06-28T00:21:08.840+0200][2.888s] GC(51) Old regions: 9->10
[2025-06-28T00:21:08.840+0200][2.888s] GC(51) Humongous regions: 0->0
[2025-06-28T00:21:08.840+0200][2.888s] GC(51) Metaspace: 18511K(18944K)->18511K(18944K) NonClass: 16267K(16512K)->16267K(16512K) Class: 2244K(2432K)->2244K(2432K)
[2025-06-28T00:21:08.840+0200][2.888s] GC(51) Pause Young (Concurrent Start) (G1 Evacuation Pause) 16M->9M(19M) 2.098ms
[2025-06-28T00:21:08.840+0200][2.888s] GC(52) Concurrent Mark Cycle
[2025-06-28T00:21:08.840+0200][2.888s] GC(51) User=0.03s Sys=0.02s Real=0.00s
[2025-06-28T00:21:08.841+0200][2.888s] GC(52) Concurrent Scan Root Regions
[2025-06-28T00:21:08.841+0200][2.889s] GC(52) Concurrent Scan Root Regions 0.706ms
[2025-06-28T00:21:08.841+0200][2.889s] GC(52) Concurrent Mark
[2025-06-28T00:21:08.841+0200][2.889s] GC(52) Concurrent Mark From Roots
[2025-06-28T00:21:08.841+0200][2.889s] GC(52) Using 3 workers of 3 for marking
[2025-06-28T00:21:08.849+0200][2.897s] GC(52) Concurrent Mark From Roots 7.504ms
[2025-06-28T00:21:08.849+0200][2.897s] GC(52) Concurrent Preclean
[2025-06-28T00:21:08.849+0200][2.897s] GC(52) Concurrent Preclean 0.074ms
[2025-06-28T00:21:08.849+0200][2.897s] GC(52) Pause Remark
[2025-06-28T00:21:08.851+0200][2.900s] GC(52) Pause Remark 10M->10M(20M) 2.760ms
[2025-06-28T00:21:08.851+0200][2.900s] GC(52) User=0.00s Sys=0.00s Real=0.00s
[2025-06-28T00:21:08.851+0200][2.900s] GC(52) Concurrent Mark 10.843ms
[2025-06-28T00:21:08.853+0200][2.900s] GC(52) Concurrent Rebuild Remembered Sets and Scrub Regions
[2025-06-28T00:21:08.855+0200][2.903s] GC(52) Concurrent Rebuild Remembered Sets and Scrub Regions 2.920ms
[2025-06-28T00:21:08.856+0200][2.903s] GC(52) Pause Cleanup
[2025-06-28T00:21:08.856+0200][2.904s] GC(52) Pause Cleanup 10M->10M(20M) 0.176ms
[2025-06-28T00:21:08.856+0200][2.904s] GC(52) User=0.00s Sys=0.00s Real=0.00s
[2025-06-28T00:21:08.856+0200][2.904s] GC(52) Concurrent Clear Claimed Marks
[2025-06-28T00:21:08.856+0200][2.904s] GC(52) Concurrent Clear Claimed Marks 0.104ms
[2025-06-28T00:21:08.856+0200][2.904s] GC(52) Concurrent Cleanup for Next Mark
[2025-06-28T00:21:08.856+0200][2.904s] GC(52) Concurrent Cleanup for Next Mark 0.197ms
[2025-06-28T00:21:08.856+0200][2.904s] GC(52) Concurrent Mark Cycle 15.624ms
[2025-06-28T00:21:08.890+0200][2.937s] GC(53) Pause Young (Prepare Mixed) (G1 Evacuation Pause)
[2025-06-28T00:21:08.890+0200][2.938s] GC(53) Using 3 workers of 10 for evacuation
[2025-06-28T00:21:08.891+0200][2.939s] GC(53)   Pre Evacuate Collection Set: 0.3ms
[2025-06-28T00:21:08.891+0200][2.939s] GC(53)   Merge Heap Roots: 0.1ms
[2025-06-28T00:21:08.891+0200][2.939s] GC(53)   Evacuate Collection Set: 0.7ms
[2025-06-28T00:21:08.891+0200][2.939s] GC(53)   Post Evacuate Collection Set: 0.4ms
[2025-06-28T00:21:08.891+0200][2.939s] GC(53)   Other: 0.1ms
[2025-06-28T00:21:08.891+0200][2.939s] GC(53) Eden regions: 6->0(7)
[2025-06-28T00:21:08.891+0200][2.939s] GC(53) Survivor regions: 1->1(1)
[2025-06-28T00:21:08.891+0200][2.939s] GC(53) Old regions: 10->10
[2025-06-28T00:21:08.891+0200][2.939s] GC(53) Humongous regions: 0->0
[2025-06-28T00:21:08.891+0200][2.939s] GC(53) Metaspace: 18733K(19136K)->18733K(19136K) NonClass: 16459K(16704K)->16459K(16704K) Class: 2274K(2432K)->2274K(2432K)
[2025-06-28T00:21:08.891+0200][2.939s] GC(53) Pause Young (Prepare Mixed) (G1 Evacuation Pause) 15M->9M(20M) 1.811ms
[2025-06-28T00:21:08.891+0200][2.939s] GC(53) User=0.00s Sys=0.00s Real=0.00s
[2025-06-28T00:21:08.995+0200][3.043s] GC(54) Pause Young (Mixed) (G1 Evacuation Pause)
[2025-06-28T00:21:08.995+0200][3.043s] GC(54) Using 2 workers of 10 for evacuation
[2025-06-28T00:21:08.999+0200][3.047s] GC(54)   Pre Evacuate Collection Set: 0.1ms
[2025-06-28T00:21:08.999+0200][3.047s] GC(54)   Merge Heap Roots: 0.1ms
[2025-06-28T00:21:08.999+0200][3.047s] GC(54)   Evacuate Collection Set: 2.9ms
[2025-06-28T00:21:08.999+0200][3.047s] GC(54)   Post Evacuate Collection Set: 0.4ms
[2025-06-28T00:21:08.999+0200][3.047s] GC(54)   Other: 0.1ms
[2025-06-28T00:21:08.999+0200][3.047s] GC(54) Eden regions: 7->0(7)
[2025-06-28T00:21:08.999+0200][3.047s] GC(54) Survivor regions: 1->1(1)
[2025-06-28T00:21:08.999+0200][3.047s] GC(54) Old regions: 10->10
[2025-06-28T00:21:08.999+0200][3.047s] GC(54) Humongous regions: 0->0
[2025-06-28T00:21:08.999+0200][3.047s] GC(54) Metaspace: 18930K(19328K)->18930K(19328K) NonClass: 16627K(16832K)->16627K(16832K) Class: 2303K(2496K)->2303K(2496K)
[2025-06-28T00:21:08.999+0200][3.047s] GC(54) Pause Young (Mixed) (G1 Evacuation Pause) 16M->10M(20M) 3.934ms
[2025-06-28T00:21:08.999+0200][3.047s] GC(54) User=0.02s Sys=0.00s Real=0.00s
[2025-06-28T00:21:09.085+0200][3.133s] GC(55) Pause Young (Concurrent Start) (G1 Evacuation Pause)
[2025-06-28T00:21:09.085+0200][3.134s] GC(55) Using 2 workers of 10 for evacuation
[2025-06-28T00:21:09.087+0200][3.136s] GC(55)   Pre Evacuate Collection Set: 0.2ms
[2025-06-28T00:21:09.087+0200][3.136s] GC(55)   Merge Heap Roots: 0.1ms
[2025-06-28T00:21:09.087+0200][3.136s] GC(55)   Evacuate Collection Set: 1.5ms
[2025-06-28T00:21:09.087+0200][3.136s] GC(55)   Post Evacuate Collection Set: 0.4ms
[2025-06-28T00:21:09.087+0200][3.136s] GC(55)   Other: 0.1ms
[2025-06-28T00:21:09.087+0200][3.136s] GC(55) Eden regions: 7->0(6)
[2025-06-28T00:21:09.087+0200][3.136s] GC(55) Survivor regions: 1->1(1)
[2025-06-28T00:21:09.087+0200][3.136s] GC(55) Old regions: 10->11
[2025-06-28T00:21:09.087+0200][3.136s] GC(55) Humongous regions: 0->0
[2025-06-28T00:21:09.087+0200][3.136s] GC(55) Metaspace: 19183K(19520K)->19183K(19520K) NonClass: 16846K(17024K)->16846K(17024K) Class: 2337K(2496K)->2337K(2496K)
[2025-06-28T00:21:09.088+0200][3.136s] GC(55) Pause Young (Concurrent Start) (G1 Evacuation Pause) 17M->10M(20M) 2.392ms
[2025-06-28T00:21:09.088+0200][3.136s] GC(55) User=0.00s Sys=0.00s Real=0.00s
[2025-06-28T00:21:09.088+0200][3.136s] GC(56) Concurrent Mark Cycle
[2025-06-28T00:21:09.088+0200][3.136s] GC(56) Concurrent Scan Root Regions
[2025-06-28T00:21:09.088+0200][3.137s] GC(56) Concurrent Scan Root Regions 0.804ms
[2025-06-28T00:21:09.088+0200][3.137s] GC(56) Concurrent Mark
[2025-06-28T00:21:09.088+0200][3.137s] GC(56) Concurrent Mark From Roots
[2025-06-28T00:21:09.088+0200][3.137s] GC(56) Using 3 workers of 3 for marking
[2025-06-28T00:21:09.094+0200][3.143s] GC(56) Concurrent Mark From Roots 5.955ms
[2025-06-28T00:21:09.094+0200][3.143s] GC(56) Concurrent Preclean
[2025-06-28T00:21:09.095+0200][3.143s] GC(56) Concurrent Preclean 0.076ms
[2025-06-28T00:21:09.095+0200][3.144s] GC(56) Pause Remark
[2025-06-28T00:21:09.101+0200][3.150s] GC(56) Pause Remark 10M->10M(22M) 6.131ms
[2025-06-28T00:21:09.101+0200][3.150s] GC(56) User=0.00s Sys=0.00s Real=0.01s
[2025-06-28T00:21:09.102+0200][3.151s] GC(56) Concurrent Mark 13.787ms
[2025-06-28T00:21:09.102+0200][3.151s] GC(56) Concurrent Rebuild Remembered Sets and Scrub Regions
[2025-06-28T00:21:09.105+0200][3.153s] GC(56) Concurrent Rebuild Remembered Sets and Scrub Regions 2.692ms
[2025-06-28T00:21:09.105+0200][3.154s] GC(56) Pause Cleanup
[2025-06-28T00:21:09.105+0200][3.154s] GC(56) Pause Cleanup 10M->10M(22M) 0.160ms
[2025-06-28T00:21:09.105+0200][3.154s] GC(56) User=0.00s Sys=0.00s Real=0.00s
[2025-06-28T00:21:09.105+0200][3.154s] GC(56) Concurrent Clear Claimed Marks
[2025-06-28T00:21:09.105+0200][3.154s] GC(56) Concurrent Clear Claimed Marks 0.052ms
[2025-06-28T00:21:09.106+0200][3.154s] GC(56) Concurrent Cleanup for Next Mark
[2025-06-28T00:21:09.106+0200][3.154s] GC(56) Concurrent Cleanup for Next Mark 0.224ms
[2025-06-28T00:21:09.106+0200][3.154s] GC(56) Concurrent Mark Cycle 18.252ms
[2025-06-28T00:21:09.159+0200][3.208s] GC(57) Pause Young (Normal) (G1 Evacuation Pause)
[2025-06-28T00:21:09.159+0200][3.208s] GC(57) Using 2 workers of 10 for evacuation
[2025-06-28T00:21:09.161+0200][3.210s] GC(57)   Pre Evacuate Collection Set: 0.2ms
[2025-06-28T00:21:09.161+0200][3.210s] GC(57)   Merge Heap Roots: 0.1ms
[2025-06-28T00:21:09.161+0200][3.210s] GC(57)   Evacuate Collection Set: 1.3ms
[2025-06-28T00:21:09.161+0200][3.210s] GC(57)   Post Evacuate Collection Set: 0.5ms
[2025-06-28T00:21:09.162+0200][3.210s] GC(57)   Other: 0.1ms
[2025-06-28T00:21:09.162+0200][3.210s] GC(57) Eden regions: 6->0(7)
[2025-06-28T00:21:09.162+0200][3.210s] GC(57) Survivor regions: 1->1(1)
[2025-06-28T00:21:09.162+0200][3.210s] GC(57) Old regions: 11->11
[2025-06-28T00:21:09.162+0200][3.210s] GC(57) Humongous regions: 0->0
[2025-06-28T00:21:09.162+0200][3.210s] GC(57) Metaspace: 19313K(19648K)->19313K(19648K) NonClass: 16964K(17152K)->16964K(17152K) Class: 2349K(2496K)->2349K(2496K)
[2025-06-28T00:21:09.162+0200][3.210s] GC(57) Pause Young (Normal) (G1 Evacuation Pause) 16M->10M(22M) 2.312ms
[2025-06-28T00:21:09.162+0200][3.210s] GC(57) User=0.00s Sys=0.00s Real=0.00s
[2025-06-28T00:21:09.238+0200][3.286s] GC(58) Pause Young (Concurrent Start) (G1 Evacuation Pause)
[2025-06-28T00:21:09.238+0200][3.286s] GC(58) Using 2 workers of 10 for evacuation
[2025-06-28T00:21:09.240+0200][3.289s] GC(58)   Pre Evacuate Collection Set: 0.3ms
[2025-06-28T00:21:09.241+0200][3.289s] GC(58)   Merge Heap Roots: 0.1ms
[2025-06-28T00:21:09.241+0200][3.289s] GC(58)   Evacuate Collection Set: 1.4ms
[2025-06-28T00:21:09.241+0200][3.289s] GC(58)   Post Evacuate Collection Set: 0.7ms
[2025-06-28T00:21:09.241+0200][3.289s] GC(58)   Other: 0.2ms
[2025-06-28T00:21:09.241+0200][3.289s] GC(58) Eden regions: 7->0(7)
[2025-06-28T00:21:09.241+0200][3.289s] GC(58) Survivor regions: 1->1(1)
[2025-06-28T00:21:09.241+0200][3.289s] GC(58) Old regions: 11->11
[2025-06-28T00:21:09.241+0200][3.289s] GC(58) Humongous regions: 0->0
[2025-06-28T00:21:09.241+0200][3.289s] GC(58) Metaspace: 19717K(20032K)->19717K(20032K) NonClass: 17320K(17472K)->17320K(17472K) Class: 2396K(2560K)->2396K(2560K)
[2025-06-28T00:21:09.241+0200][3.289s] GC(58) Pause Young (Concurrent Start) (G1 Evacuation Pause) 17M->10M(22M) 2.912ms
[2025-06-28T00:21:09.241+0200][3.289s] GC(58) User=0.00s Sys=0.00s Real=0.00s
[2025-06-28T00:21:09.241+0200][3.289s] GC(59) Concurrent Mark Cycle
[2025-06-28T00:21:09.241+0200][3.289s] GC(59) Concurrent Scan Root Regions
[2025-06-28T00:21:09.242+0200][3.291s] GC(59) Concurrent Scan Root Regions 1.702ms
[2025-06-28T00:21:09.243+0200][3.291s] GC(59) Concurrent Mark
[2025-06-28T00:21:09.243+0200][3.291s] GC(59) Concurrent Mark From Roots
[2025-06-28T00:21:09.243+0200][3.291s] GC(59) Using 3 workers of 3 for marking
[2025-06-28T00:21:09.253+0200][3.300s] GC(59) Concurrent Mark From Roots 9.417ms
[2025-06-28T00:21:09.253+0200][3.300s] GC(59) Concurrent Preclean
[2025-06-28T00:21:09.253+0200][3.300s] GC(59) Concurrent Preclean 0.073ms
[2025-06-28T00:21:09.253+0200][3.300s] GC(59) Pause Remark
[2025-06-28T00:21:09.256+0200][3.304s] GC(59) Pause Remark 10M->10M(22M) 3.453ms
[2025-06-28T00:21:09.256+0200][3.304s] GC(59) User=0.00s Sys=0.00s Real=0.00s
[2025-06-28T00:21:09.256+0200][3.304s] GC(59) Concurrent Mark 13.313ms
[2025-06-28T00:21:09.256+0200][3.304s] GC(59) Concurrent Rebuild Remembered Sets and Scrub Regions
[2025-06-28T00:21:09.260+0200][3.307s] GC(59) Concurrent Rebuild Remembered Sets and Scrub Regions 3.253ms
[2025-06-28T00:21:09.260+0200][3.308s] GC(59) Pause Cleanup
[2025-06-28T00:21:09.260+0200][3.308s] GC(59) Pause Cleanup 11M->11M(22M) 0.095ms
[2025-06-28T00:21:09.260+0200][3.308s] GC(59) User=0.00s Sys=0.00s Real=0.00s
[2025-06-28T00:21:09.260+0200][3.308s] GC(59) Concurrent Clear Claimed Marks
[2025-06-28T00:21:09.260+0200][3.308s] GC(59) Concurrent Clear Claimed Marks 0.064ms
[2025-06-28T00:21:09.260+0200][3.308s] GC(59) Concurrent Cleanup for Next Mark
[2025-06-28T00:21:09.260+0200][3.308s] GC(59) Concurrent Cleanup for Next Mark 0.078ms
[2025-06-28T00:21:09.260+0200][3.308s] GC(59) Concurrent Mark Cycle 18.961ms
[2025-06-28T00:21:09.337+0200][3.386s] GC(60) Pause Young (Normal) (G1 Evacuation Pause)
[2025-06-28T00:21:09.337+0200][3.386s] GC(60) Using 2 workers of 10 for evacuation
[2025-06-28T00:21:09.340+0200][3.389s] GC(60)   Pre Evacuate Collection Set: 0.2ms
[2025-06-28T00:21:09.340+0200][3.389s] GC(60)   Merge Heap Roots: 0.2ms
[2025-06-28T00:21:09.340+0200][3.389s] GC(60)   Evacuate Collection Set: 2.3ms
[2025-06-28T00:21:09.340+0200][3.389s] GC(60)   Post Evacuate Collection Set: 0.6ms
[2025-06-28T00:21:09.340+0200][3.389s] GC(60)   Other: 0.1ms
[2025-06-28T00:21:09.341+0200][3.389s] GC(60) Eden regions: 7->0(7)
[2025-06-28T00:21:09.341+0200][3.389s] GC(60) Survivor regions: 1->1(1)
[2025-06-28T00:21:09.341+0200][3.389s] GC(60) Old regions: 11->11
[2025-06-28T00:21:09.341+0200][3.389s] GC(60) Humongous regions: 0->0
[2025-06-28T00:21:09.341+0200][3.389s] GC(60) Metaspace: 20057K(20416K)->20057K(20416K) NonClass: 17628K(17792K)->17628K(17792K) Class: 2429K(2624K)->2429K(2624K)
[2025-06-28T00:21:09.341+0200][3.389s] GC(60) Pause Young (Normal) (G1 Evacuation Pause) 17M->10M(22M) 3.519ms
[2025-06-28T00:21:09.341+0200][3.389s] GC(60) User=0.05s Sys=0.02s Real=0.00s
[2025-06-28T00:21:09.407+0200][3.455s] GC(61) Pause Young (Concurrent Start) (G1 Evacuation Pause)
[2025-06-28T00:21:09.407+0200][3.455s] GC(61) Using 2 workers of 10 for evacuation
[2025-06-28T00:21:09.410+0200][3.458s] GC(61)   Pre Evacuate Collection Set: 0.2ms
[2025-06-28T00:21:09.410+0200][3.458s] GC(61)   Merge Heap Roots: 0.1ms
[2025-06-28T00:21:09.410+0200][3.458s] GC(61)   Evacuate Collection Set: 1.9ms
[2025-06-28T00:21:09.410+0200][3.458s] GC(61)   Post Evacuate Collection Set: 0.5ms
[2025-06-28T00:21:09.410+0200][3.458s] GC(61)   Other: 0.2ms
[2025-06-28T00:21:09.410+0200][3.458s] GC(61) Eden regions: 7->0(7)
[2025-06-28T00:21:09.410+0200][3.458s] GC(61) Survivor regions: 1->1(1)
[2025-06-28T00:21:09.410+0200][3.458s] GC(61) Old regions: 11->11
[2025-06-28T00:21:09.410+0200][3.458s] GC(61) Humongous regions: 0->0
[2025-06-28T00:21:09.410+0200][3.458s] GC(61) Metaspace: 20192K(20544K)->20192K(20544K) NonClass: 17746K(17920K)->17746K(17920K) Class: 2446K(2624K)->2446K(2624K)
[2025-06-28T00:21:09.410+0200][3.458s] GC(61) Pause Young (Concurrent Start) (G1 Evacuation Pause) 17M->11M(22M) 3.190ms
[2025-06-28T00:21:09.410+0200][3.458s] GC(61) User=0.00s Sys=0.00s Real=0.00s
[2025-06-28T00:21:09.410+0200][3.458s] GC(62) Concurrent Mark Cycle
[2025-06-28T00:21:09.410+0200][3.458s] GC(62) Concurrent Scan Root Regions
[2025-06-28T00:21:09.411+0200][3.459s] GC(62) Concurrent Scan Root Regions 0.917ms
[2025-06-28T00:21:09.411+0200][3.459s] GC(62) Concurrent Mark
[2025-06-28T00:21:09.411+0200][3.459s] GC(62) Concurrent Mark From Roots
[2025-06-28T00:21:09.411+0200][3.459s] GC(62) Using 3 workers of 3 for marking
[2025-06-28T00:21:09.420+0200][3.468s] GC(62) Concurrent Mark From Roots 8.735ms
[2025-06-28T00:21:09.420+0200][3.468s] GC(62) Concurrent Preclean
[2025-06-28T00:21:09.420+0200][3.468s] GC(62) Concurrent Preclean 0.103ms
[2025-06-28T00:21:09.420+0200][3.468s] GC(62) Pause Remark
[2025-06-28T00:21:09.423+0200][3.472s] GC(62) Pause Remark 11M->11M(22M) 3.376ms
[2025-06-28T00:21:09.423+0200][3.472s] GC(62) User=0.00s Sys=0.00s Real=0.00s
[2025-06-28T00:21:09.423+0200][3.472s] GC(62) Concurrent Mark 12.737ms
[2025-06-28T00:21:09.424+0200][3.472s] GC(62) Concurrent Rebuild Remembered Sets and Scrub Regions
[2025-06-28T00:21:09.427+0200][3.475s] GC(62) Concurrent Rebuild Remembered Sets and Scrub Regions 3.215ms
[2025-06-28T00:21:09.427+0200][3.475s] GC(62) Pause Cleanup
[2025-06-28T00:21:09.427+0200][3.476s] GC(62) Pause Cleanup 11M->11M(22M) 0.185ms
[2025-06-28T00:21:09.427+0200][3.476s] GC(62) User=0.00s Sys=0.00s Real=0.00s
[2025-06-28T00:21:09.427+0200][3.476s] GC(62) Concurrent Clear Claimed Marks
[2025-06-28T00:21:09.427+0200][3.476s] GC(62) Concurrent Clear Claimed Marks 0.053ms
[2025-06-28T00:21:09.427+0200][3.476s] GC(62) Concurrent Cleanup for Next Mark
[2025-06-28T00:21:09.427+0200][3.476s] GC(62) Concurrent Cleanup for Next Mark 0.100ms
[2025-06-28T00:21:09.428+0200][3.476s] GC(62) Concurrent Mark Cycle 17.895ms
[2025-06-28T00:21:09.512+0200][3.560s] GC(63) Pause Young (Normal) (G1 Evacuation Pause)
[2025-06-28T00:21:09.512+0200][3.560s] GC(63) Using 2 workers of 10 for evacuation
[2025-06-28T00:21:09.515+0200][3.563s] GC(63)   Pre Evacuate Collection Set: 0.1ms
[2025-06-28T00:21:09.515+0200][3.563s] GC(63)   Merge Heap Roots: 0.1ms
[2025-06-28T00:21:09.515+0200][3.563s] GC(63)   Evacuate Collection Set: 2.2ms
[2025-06-28T00:21:09.515+0200][3.563s] GC(63)   Post Evacuate Collection Set: 0.5ms
[2025-06-28T00:21:09.515+0200][3.563s] GC(63)   Other: 0.1ms
[2025-06-28T00:21:09.515+0200][3.563s] GC(63) Eden regions: 7->0(7)
[2025-06-28T00:21:09.515+0200][3.563s] GC(63) Survivor regions: 1->1(1)
[2025-06-28T00:21:09.515+0200][3.563s] GC(63) Old regions: 11->11
[2025-06-28T00:21:09.515+0200][3.563s] GC(63) Humongous regions: 0->0
[2025-06-28T00:21:09.515+0200][3.563s] GC(63) Metaspace: 20384K(20800K)->20384K(20800K) NonClass: 17906K(18112K)->17906K(18112K) Class: 2477K(2688K)->2477K(2688K)
[2025-06-28T00:21:09.515+0200][3.563s] GC(63) Pause Young (Normal) (G1 Evacuation Pause) 18M->11M(22M) 3.264ms
[2025-06-28T00:21:09.515+0200][3.563s] GC(63) User=0.00s Sys=0.00s Real=0.00s
[2025-06-28T00:21:09.566+0200][3.613s] GC(64) Pause Young (Concurrent Start) (G1 Evacuation Pause)
[2025-06-28T00:21:09.566+0200][3.613s] GC(64) Using 2 workers of 10 for evacuation
[2025-06-28T00:21:09.569+0200][3.617s] GC(64)   Pre Evacuate Collection Set: 0.2ms
[2025-06-28T00:21:09.569+0200][3.617s] GC(64)   Merge Heap Roots: 0.1ms
[2025-06-28T00:21:09.569+0200][3.617s] GC(64)   Evacuate Collection Set: 2.1ms
[2025-06-28T00:21:09.569+0200][3.617s] GC(64)   Post Evacuate Collection Set: 0.5ms
[2025-06-28T00:21:09.569+0200][3.617s] GC(64)   Other: 0.1ms
[2025-06-28T00:21:09.569+0200][3.617s] GC(64) Eden regions: 7->0(7)
[2025-06-28T00:21:09.569+0200][3.617s] GC(64) Survivor regions: 1->1(1)
[2025-06-28T00:21:09.569+0200][3.617s] GC(64) Old regions: 11->11
[2025-06-28T00:21:09.569+0200][3.617s] GC(64) Humongous regions: 0->0
[2025-06-28T00:21:09.569+0200][3.617s] GC(64) Metaspace: 20438K(20800K)->20438K(20800K) NonClass: 17953K(18112K)->17953K(18112K) Class: 2484K(2688K)->2484K(2688K)
[2025-06-28T00:21:09.569+0200][3.617s] GC(64) Pause Young (Concurrent Start) (G1 Evacuation Pause) 18M->11M(22M) 3.265ms
[2025-06-28T00:21:09.569+0200][3.617s] GC(64) User=0.00s Sys=0.00s Real=0.00s
[2025-06-28T00:21:09.569+0200][3.617s] GC(65) Concurrent Mark Cycle
[2025-06-28T00:21:09.569+0200][3.617s] GC(65) Concurrent Scan Root Regions
[2025-06-28T00:21:09.570+0200][3.618s] GC(65) Concurrent Scan Root Regions 0.782ms
[2025-06-28T00:21:09.570+0200][3.618s] GC(65) Concurrent Mark
[2025-06-28T00:21:09.570+0200][3.618s] GC(65) Concurrent Mark From Roots
[2025-06-28T00:21:09.570+0200][3.618s] GC(65) Using 3 workers of 3 for marking
[2025-06-28T00:21:09.576+0200][3.625s] GC(65) Concurrent Mark From Roots 7.172ms
[2025-06-28T00:21:09.577+0200][3.625s] GC(65) Concurrent Preclean
[2025-06-28T00:21:09.577+0200][3.625s] GC(65) Concurrent Preclean 0.076ms
[2025-06-28T00:21:09.593+0200][3.641s] GC(65) Pause Remark
[2025-06-28T00:21:09.597+0200][3.644s] GC(65) Pause Remark 11M->11M(22M) 3.544ms
[2025-06-28T00:21:09.597+0200][3.645s] GC(65) User=0.00s Sys=0.00s Real=0.00s
[2025-06-28T00:21:09.597+0200][3.645s] GC(65) Concurrent Mark 27.678ms
[2025-06-28T00:21:09.598+0200][3.645s] GC(65) Concurrent Rebuild Remembered Sets and Scrub Regions
[2025-06-28T00:21:09.603+0200][3.651s] GC(65) Concurrent Rebuild Remembered Sets and Scrub Regions 5.835ms
[2025-06-28T00:21:09.608+0200][3.656s] GC(65) Pause Cleanup
[2025-06-28T00:21:09.608+0200][3.656s] GC(65) Pause Cleanup 11M->11M(22M) 0.165ms
[2025-06-28T00:21:09.608+0200][3.656s] GC(65) User=0.00s Sys=0.00s Real=0.00s
[2025-06-28T00:21:09.608+0200][3.656s] GC(65) Concurrent Clear Claimed Marks
[2025-06-28T00:21:09.608+0200][3.656s] GC(65) Concurrent Clear Claimed Marks 0.073ms
[2025-06-28T00:21:09.608+0200][3.656s] GC(65) Concurrent Cleanup for Next Mark
[2025-06-28T00:21:09.608+0200][3.656s] GC(65) Concurrent Cleanup for Next Mark 0.112ms
[2025-06-28T00:21:09.608+0200][3.656s] GC(65) Concurrent Mark Cycle 39.468ms
[2025-06-28T00:21:09.686+0200][3.734s] GC(66) Pause Young (Normal) (G1 Evacuation Pause)
[2025-06-28T00:21:09.687+0200][3.735s] GC(66) Using 2 workers of 10 for evacuation
[2025-06-28T00:21:09.690+0200][3.738s] GC(66)   Pre Evacuate Collection Set: 0.1ms
[2025-06-28T00:21:09.691+0200][3.739s] GC(66)   Merge Heap Roots: 0.0ms
[2025-06-28T00:21:09.691+0200][3.739s] GC(66)   Evacuate Collection Set: 3.0ms
[2025-06-28T00:21:09.691+0200][3.739s] GC(66)   Post Evacuate Collection Set: 0.6ms
[2025-06-28T00:21:09.691+0200][3.739s] GC(66)   Other: 0.1ms
[2025-06-28T00:21:09.691+0200][3.739s] GC(66) Eden regions: 7->0(6)
[2025-06-28T00:21:09.691+0200][3.739s] GC(66) Survivor regions: 1->1(1)
[2025-06-28T00:21:09.691+0200][3.739s] GC(66) Old regions: 11->12
[2025-06-28T00:21:09.691+0200][3.739s] GC(66) Humongous regions: 0->0
[2025-06-28T00:21:09.691+0200][3.739s] GC(66) Metaspace: 20898K(21312K)->20898K(21312K) NonClass: 18356K(18560K)->18356K(18560K) Class: 2541K(2752K)->2541K(2752K)
[2025-06-28T00:21:09.691+0200][3.739s] GC(66) Pause Young (Normal) (G1 Evacuation Pause) 18M->11M(22M) 4.164ms
[2025-06-28T00:21:09.691+0200][3.739s] GC(66) User=0.00s Sys=0.00s Real=0.00s
[2025-06-28T00:21:09.749+0200][3.797s] GC(67) Pause Young (Concurrent Start) (G1 Evacuation Pause)
[2025-06-28T00:21:09.749+0200][3.797s] GC(67) Using 2 workers of 10 for evacuation
[2025-06-28T00:21:09.752+0200][3.800s] GC(67)   Pre Evacuate Collection Set: 0.2ms
[2025-06-28T00:21:09.752+0200][3.800s] GC(67)   Merge Heap Roots: 0.0ms
[2025-06-28T00:21:09.752+0200][3.800s] GC(67)   Evacuate Collection Set: 2.0ms
[2025-06-28T00:21:09.752+0200][3.800s] GC(67)   Post Evacuate Collection Set: 0.5ms
[2025-06-28T00:21:09.752+0200][3.800s] GC(67)   Other: 0.1ms
[2025-06-28T00:21:09.752+0200][3.800s] GC(67) Eden regions: 6->0(6)
[2025-06-28T00:21:09.752+0200][3.800s] GC(67) Survivor regions: 1->1(1)
[2025-06-28T00:21:09.752+0200][3.800s] GC(67) Old regions: 12->12
[2025-06-28T00:21:09.752+0200][3.800s] GC(67) Humongous regions: 0->0
[2025-06-28T00:21:09.752+0200][3.800s] GC(67) Metaspace: 21262K(21568K)->21262K(21568K) NonClass: 18677K(18816K)->18677K(18816K) Class: 2585K(2752K)->2585K(2752K)
[2025-06-28T00:21:09.752+0200][3.800s] GC(67) Pause Young (Concurrent Start) (G1 Evacuation Pause) 17M->11M(22M) 3.036ms
[2025-06-28T00:21:09.752+0200][3.800s] GC(67) User=0.00s Sys=0.00s Real=0.00s
[2025-06-28T00:21:09.752+0200][3.800s] GC(68) Concurrent Mark Cycle
[2025-06-28T00:21:09.752+0200][3.800s] GC(68) Concurrent Scan Root Regions
[2025-06-28T00:21:09.753+0200][3.801s] GC(68) Concurrent Scan Root Regions 0.968ms
[2025-06-28T00:21:09.753+0200][3.801s] GC(68) Concurrent Mark
[2025-06-28T00:21:09.753+0200][3.801s] GC(68) Concurrent Mark From Roots
[2025-06-28T00:21:09.753+0200][3.801s] GC(68) Using 3 workers of 3 for marking
[2025-06-28T00:21:09.761+0200][3.809s] GC(68) Concurrent Mark From Roots 7.593ms
[2025-06-28T00:21:09.761+0200][3.809s] GC(68) Concurrent Preclean
[2025-06-28T00:21:09.761+0200][3.809s] GC(68) Concurrent Preclean 0.070ms
[2025-06-28T00:21:09.761+0200][3.809s] GC(68) Pause Remark
[2025-06-28T00:21:09.764+0200][3.812s] GC(68) Pause Remark 12M->12M(22M) 2.956ms
[2025-06-28T00:21:09.764+0200][3.812s] GC(68) User=0.00s Sys=0.00s Real=0.00s
[2025-06-28T00:21:09.764+0200][3.812s] GC(68) Concurrent Mark 11.039ms
[2025-06-28T00:21:09.764+0200][3.812s] GC(68) Concurrent Rebuild Remembered Sets and Scrub Regions
[2025-06-28T00:21:09.768+0200][3.816s] GC(68) Concurrent Rebuild Remembered Sets and Scrub Regions 3.654ms
[2025-06-28T00:21:09.768+0200][3.816s] GC(68) Pause Cleanup
[2025-06-28T00:21:09.768+0200][3.816s] GC(68) Pause Cleanup 12M->12M(22M) 0.148ms
[2025-06-28T00:21:09.768+0200][3.816s] GC(68) User=0.00s Sys=0.00s Real=0.00s
[2025-06-28T00:21:09.768+0200][3.816s] GC(68) Concurrent Clear Claimed Marks
[2025-06-28T00:21:09.768+0200][3.816s] GC(68) Concurrent Clear Claimed Marks 0.071ms
[2025-06-28T00:21:09.768+0200][3.816s] GC(68) Concurrent Cleanup for Next Mark
[2025-06-28T00:21:09.768+0200][3.817s] GC(68) Concurrent Cleanup for Next Mark 0.212ms
[2025-06-28T00:21:09.769+0200][3.817s] GC(68) Concurrent Mark Cycle 16.650ms
[2025-06-28T00:21:09.854+0200][3.902s] GC(69) Pause Young (Prepare Mixed) (G1 Evacuation Pause)
[2025-06-28T00:21:09.854+0200][3.902s] GC(69) Using 2 workers of 10 for evacuation
[2025-06-28T00:21:09.857+0200][3.905s] GC(69)   Pre Evacuate Collection Set: 0.2ms
[2025-06-28T00:21:09.857+0200][3.905s] GC(69)   Merge Heap Roots: 0.1ms
[2025-06-28T00:21:09.857+0200][3.905s] GC(69)   Evacuate Collection Set: 1.9ms
[2025-06-28T00:21:09.857+0200][3.905s] GC(69)   Post Evacuate Collection Set: 0.5ms
[2025-06-28T00:21:09.857+0200][3.905s] GC(69)   Other: 0.1ms
[2025-06-28T00:21:09.857+0200][3.905s] GC(69) Eden regions: 6->0(6)
[2025-06-28T00:21:09.857+0200][3.905s] GC(69) Survivor regions: 1->1(1)
[2025-06-28T00:21:09.857+0200][3.905s] GC(69) Old regions: 12->12
[2025-06-28T00:21:09.857+0200][3.905s] GC(69) Humongous regions: 0->0
[2025-06-28T00:21:09.857+0200][3.905s] GC(69) Metaspace: 21541K(21952K)->21541K(21952K) NonClass: 18920K(19136K)->18920K(19136K) Class: 2621K(2816K)->2621K(2816K)
[2025-06-28T00:21:09.857+0200][3.905s] GC(69) Pause Young (Prepare Mixed) (G1 Evacuation Pause) 17M->12M(22M) 3.026ms
[2025-06-28T00:21:09.857+0200][3.905s] GC(69) User=0.03s Sys=0.00s Real=0.00s
[2025-06-28T00:21:09.941+0200][3.990s] GC(70) Pause Young (Mixed) (G1 Evacuation Pause)
[2025-06-28T00:21:09.941+0200][3.990s] GC(70) Using 2 workers of 10 for evacuation
[2025-06-28T00:21:09.945+0200][3.993s] GC(70)   Pre Evacuate Collection Set: 0.3ms
[2025-06-28T00:21:09.945+0200][3.993s] GC(70)   Merge Heap Roots: 0.1ms
[2025-06-28T00:21:09.945+0200][3.993s] GC(70)   Evacuate Collection Set: 2.6ms
[2025-06-28T00:21:09.945+0200][3.993s] GC(70)   Post Evacuate Collection Set: 0.5ms
[2025-06-28T00:21:09.945+0200][3.993s] GC(70)   Other: 0.1ms
[2025-06-28T00:21:09.945+0200][3.993s] GC(70) Eden regions: 6->0(6)
[2025-06-28T00:21:09.945+0200][3.993s] GC(70) Survivor regions: 1->1(1)
[2025-06-28T00:21:09.945+0200][3.993s] GC(70) Old regions: 12->12
[2025-06-28T00:21:09.945+0200][3.993s] GC(70) Humongous regions: 0->0
[2025-06-28T00:21:09.945+0200][3.993s] GC(70) Metaspace: 22008K(22400K)->22008K(22400K) NonClass: 19334K(19520K)->19334K(19520K) Class: 2674K(2880K)->2674K(2880K)
[2025-06-28T00:21:09.945+0200][3.993s] GC(70) Pause Young (Mixed) (G1 Evacuation Pause) 18M->11M(22M) 3.880ms
[2025-06-28T00:21:09.945+0200][3.993s] GC(70) User=0.00s Sys=0.00s Real=0.00s
[2025-06-28T00:21:10.032+0200][4.079s] GC(71) Pause Young (Concurrent Start) (G1 Evacuation Pause)
[2025-06-28T00:21:10.032+0200][4.079s] GC(71) Using 2 workers of 10 for evacuation
[2025-06-28T00:21:10.034+0200][4.081s] GC(71)   Pre Evacuate Collection Set: 0.1ms
[2025-06-28T00:21:10.034+0200][4.081s] GC(71)   Merge Heap Roots: 0.0ms
[2025-06-28T00:21:10.034+0200][4.081s] GC(71)   Evacuate Collection Set: 1.4ms
[2025-06-28T00:21:10.034+0200][4.082s] GC(71)   Post Evacuate Collection Set: 0.4ms
[2025-06-28T00:21:10.034+0200][4.082s] GC(71)   Other: 0.1ms
[2025-06-28T00:21:10.034+0200][4.082s] GC(71) Eden regions: 6->0(6)
[2025-06-28T00:21:10.034+0200][4.082s] GC(71) Survivor regions: 1->1(1)
[2025-06-28T00:21:10.034+0200][4.082s] GC(71) Old regions: 12->12
[2025-06-28T00:21:10.034+0200][4.082s] GC(71) Humongous regions: 0->0
[2025-06-28T00:21:10.034+0200][4.082s] GC(71) Metaspace: 22347K(22720K)->22347K(22720K) NonClass: 19641K(19840K)->19641K(19840K) Class: 2706K(2880K)->2706K(2880K)
[2025-06-28T00:21:10.034+0200][4.082s] GC(71) Pause Young (Concurrent Start) (G1 Evacuation Pause) 17M->11M(22M) 2.335ms
[2025-06-28T00:21:10.034+0200][4.082s] GC(71) User=0.00s Sys=0.00s Real=0.00s
[2025-06-28T00:21:10.034+0200][4.082s] GC(72) Concurrent Mark Cycle
[2025-06-28T00:21:10.034+0200][4.082s] GC(72) Concurrent Scan Root Regions
[2025-06-28T00:21:10.035+0200][4.083s] GC(72) Concurrent Scan Root Regions 1.047ms
[2025-06-28T00:21:10.035+0200][4.083s] GC(72) Concurrent Mark
[2025-06-28T00:21:10.035+0200][4.083s] GC(72) Concurrent Mark From Roots
[2025-06-28T00:21:10.035+0200][4.083s] GC(72) Using 3 workers of 3 for marking
[2025-06-28T00:21:10.043+0200][4.090s] GC(72) Concurrent Mark From Roots 7.480ms
[2025-06-28T00:21:10.043+0200][4.090s] GC(72) Concurrent Preclean
[2025-06-28T00:21:10.043+0200][4.090s] GC(72) Concurrent Preclean 0.053ms
[2025-06-28T00:21:10.043+0200][4.090s] GC(72) Pause Remark
[2025-06-28T00:21:10.046+0200][4.094s] GC(72) Pause Remark 12M->12M(22M) 3.557ms
[2025-06-28T00:21:10.046+0200][4.094s] GC(72) User=0.00s Sys=0.00s Real=0.00s
[2025-06-28T00:21:10.047+0200][4.094s] GC(72) Concurrent Mark 11.333ms
[2025-06-28T00:21:10.047+0200][4.094s] GC(72) Concurrent Rebuild Remembered Sets and Scrub Regions
[2025-06-28T00:21:10.050+0200][4.098s] GC(72) Concurrent Rebuild Remembered Sets and Scrub Regions 3.857ms
[2025-06-28T00:21:10.051+0200][4.098s] GC(72) Pause Cleanup
[2025-06-28T00:21:10.051+0200][4.098s] GC(72) Pause Cleanup 12M->12M(22M) 0.122ms
[2025-06-28T00:21:10.051+0200][4.098s] GC(72) User=0.00s Sys=0.00s Real=0.00s
[2025-06-28T00:21:10.051+0200][4.098s] GC(72) Concurrent Clear Claimed Marks
[2025-06-28T00:21:10.051+0200][4.099s] GC(72) Concurrent Clear Claimed Marks 0.086ms
[2025-06-28T00:21:10.051+0200][4.099s] GC(72) Concurrent Cleanup for Next Mark
[2025-06-28T00:21:10.051+0200][4.099s] GC(72) Concurrent Cleanup for Next Mark 0.099ms
[2025-06-28T00:21:10.051+0200][4.099s] GC(72) Concurrent Mark Cycle 17.035ms
[2025-06-28T00:21:10.107+0200][4.155s] GC(73) Pause Young (Prepare Mixed) (G1 Evacuation Pause)
[2025-06-28T00:21:10.107+0200][4.155s] GC(73) Using 2 workers of 10 for evacuation
[2025-06-28T00:21:10.110+0200][4.158s] GC(73)   Pre Evacuate Collection Set: 0.1ms
[2025-06-28T00:21:10.110+0200][4.158s] GC(73)   Merge Heap Roots: 0.1ms
[2025-06-28T00:21:10.110+0200][4.158s] GC(73)   Evacuate Collection Set: 2.1ms
[2025-06-28T00:21:10.110+0200][4.158s] GC(73)   Post Evacuate Collection Set: 0.4ms
[2025-06-28T00:21:10.110+0200][4.158s] GC(73)   Other: 0.1ms
[2025-06-28T00:21:10.110+0200][4.158s] GC(73) Eden regions: 6->0(6)
[2025-06-28T00:21:10.110+0200][4.158s] GC(73) Survivor regions: 1->1(1)
[2025-06-28T00:21:10.110+0200][4.158s] GC(73) Old regions: 12->12
[2025-06-28T00:21:10.110+0200][4.158s] GC(73) Humongous regions: 0->0
[2025-06-28T00:21:10.110+0200][4.158s] GC(73) Metaspace: 22651K(23040K)->22651K(23040K) NonClass: 19906K(20096K)->19906K(20096K) Class: 2744K(2944K)->2744K(2944K)
[2025-06-28T00:21:10.110+0200][4.158s] GC(73) Pause Young (Prepare Mixed) (G1 Evacuation Pause) 17M->12M(22M) 3.134ms
[2025-06-28T00:21:10.110+0200][4.158s] GC(73) User=0.00s Sys=0.00s Real=0.00s
[2025-06-28T00:21:10.231+0200][4.280s] GC(74) Pause Young (Mixed) (G1 Evacuation Pause)
[2025-06-28T00:21:10.232+0200][4.280s] GC(74) Using 2 workers of 10 for evacuation
[2025-06-28T00:21:10.237+0200][4.285s] GC(74)   Pre Evacuate Collection Set: 0.3ms
[2025-06-28T00:21:10.237+0200][4.285s] GC(74)   Merge Heap Roots: 0.2ms
[2025-06-28T00:21:10.237+0200][4.285s] GC(74)   Evacuate Collection Set: 4.0ms
[2025-06-28T00:21:10.237+0200][4.285s] GC(74)   Post Evacuate Collection Set: 0.6ms
[2025-06-28T00:21:10.237+0200][4.285s] GC(74)   Other: 0.1ms
[2025-06-28T00:21:10.237+0200][4.285s] GC(74) Eden regions: 6->0(6)
[2025-06-28T00:21:10.237+0200][4.285s] GC(74) Survivor regions: 1->1(1)
[2025-06-28T00:21:10.237+0200][4.285s] GC(74) Old regions: 12->12
[2025-06-28T00:21:10.237+0200][4.285s] GC(74) Humongous regions: 0->0
[2025-06-28T00:21:10.237+0200][4.285s] GC(74) Metaspace: 23043K(23424K)->23043K(23424K) NonClass: 20247K(20416K)->20247K(20416K) Class: 2796K(3008K)->2796K(3008K)
[2025-06-28T00:21:10.237+0200][4.285s] GC(74) Pause Young (Mixed) (G1 Evacuation Pause) 18M->12M(22M) 5.739ms
[2025-06-28T00:21:10.237+0200][4.285s] GC(74) User=0.00s Sys=0.00s Real=0.01s
[2025-06-28T00:21:10.339+0200][4.387s] GC(75) Pause Young (Concurrent Start) (G1 Evacuation Pause)
[2025-06-28T00:21:10.339+0200][4.387s] GC(75) Using 2 workers of 10 for evacuation
[2025-06-28T00:21:10.343+0200][4.391s] GC(75)   Pre Evacuate Collection Set: 0.2ms
[2025-06-28T00:21:10.343+0200][4.391s] GC(75)   Merge Heap Roots: 0.1ms
[2025-06-28T00:21:10.343+0200][4.391s] GC(75)   Evacuate Collection Set: 2.6ms
[2025-06-28T00:21:10.343+0200][4.391s] GC(75)   Post Evacuate Collection Set: 0.6ms
[2025-06-28T00:21:10.343+0200][4.391s] GC(75)   Other: 0.2ms
[2025-06-28T00:21:10.343+0200][4.391s] GC(75) Eden regions: 6->0(6)
[2025-06-28T00:21:10.343+0200][4.391s] GC(75) Survivor regions: 1->1(1)
[2025-06-28T00:21:10.343+0200][4.391s] GC(75) Old regions: 12->12
[2025-06-28T00:21:10.343+0200][4.391s] GC(75) Humongous regions: 0->0
[2025-06-28T00:21:10.343+0200][4.391s] GC(75) Metaspace: 23497K(23872K)->23497K(23872K) NonClass: 20641K(20864K)->20641K(20864K) Class: 2856K(3008K)->2856K(3008K)
[2025-06-28T00:21:10.343+0200][4.391s] GC(75) Pause Young (Concurrent Start) (G1 Evacuation Pause) 18M->12M(22M) 4.071ms
[2025-06-28T00:21:10.343+0200][4.392s] GC(75) User=0.00s Sys=0.00s Real=0.00s
[2025-06-28T00:21:10.343+0200][4.392s] GC(76) Concurrent Mark Cycle
[2025-06-28T00:21:10.343+0200][4.392s] GC(76) Concurrent Scan Root Regions
[2025-06-28T00:21:10.345+0200][4.393s] GC(76) Concurrent Scan Root Regions 1.677ms
[2025-06-28T00:21:10.345+0200][4.393s] GC(76) Concurrent Mark
[2025-06-28T00:21:10.345+0200][4.393s] GC(76) Concurrent Mark From Roots
[2025-06-28T00:21:10.345+0200][4.393s] GC(76) Using 3 workers of 3 for marking
[2025-06-28T00:21:10.357+0200][4.405s] GC(76) Concurrent Mark From Roots 11.398ms
[2025-06-28T00:21:10.357+0200][4.405s] GC(76) Concurrent Preclean
[2025-06-28T00:21:10.357+0200][4.405s] GC(76) Concurrent Preclean 0.152ms
[2025-06-28T00:21:10.357+0200][4.406s] GC(76) Pause Remark
[2025-06-28T00:21:10.363+0200][4.411s] GC(76) Pause Remark 13M->13M(22M) 5.403ms
[2025-06-28T00:21:10.363+0200][4.411s] GC(76) User=0.00s Sys=0.00s Real=0.01s
[2025-06-28T00:21:10.363+0200][4.412s] GC(76) Concurrent Mark 18.108ms
[2025-06-28T00:21:10.363+0200][4.412s] GC(76) Concurrent Rebuild Remembered Sets and Scrub Regions
[2025-06-28T00:21:10.368+0200][4.416s] GC(76) Concurrent Rebuild Remembered Sets and Scrub Regions 4.704ms
[2025-06-28T00:21:10.369+0200][4.417s] GC(76) Pause Cleanup
[2025-06-28T00:21:10.369+0200][4.417s] GC(76) Pause Cleanup 13M->13M(22M) 0.193ms
[2025-06-28T00:21:10.369+0200][4.417s] GC(76) User=0.00s Sys=0.00s Real=0.00s
[2025-06-28T00:21:10.369+0200][4.417s] GC(76) Concurrent Clear Claimed Marks
[2025-06-28T00:21:10.369+0200][4.417s] GC(76) Concurrent Clear Claimed Marks 0.096ms
[2025-06-28T00:21:10.369+0200][4.417s] GC(76) Concurrent Cleanup for Next Mark
[2025-06-28T00:21:10.369+0200][4.417s] GC(76) Concurrent Cleanup for Next Mark 0.123ms
[2025-06-28T00:21:10.369+0200][4.417s] GC(76) Concurrent Mark Cycle 25.733ms
[2025-06-28T00:21:10.503+0200][4.551s] GC(77) Pause Young (Normal) (G1 Evacuation Pause)
[2025-06-28T00:21:10.503+0200][4.551s] GC(77) Using 2 workers of 10 for evacuation
[2025-06-28T00:21:10.505+0200][4.555s] GC(77)   Pre Evacuate Collection Set: 0.2ms
[2025-06-28T00:21:10.505+0200][4.555s] GC(77)   Merge Heap Roots: 0.1ms
[2025-06-28T00:21:10.505+0200][4.555s] GC(77)   Evacuate Collection Set: 2.5ms
[2025-06-28T00:21:10.505+0200][4.555s] GC(77)   Post Evacuate Collection Set: 0.5ms
[2025-06-28T00:21:10.505+0200][4.555s] GC(77)   Other: 0.1ms
[2025-06-28T00:21:10.505+0200][4.555s] GC(77) Eden regions: 6->0(5)
[2025-06-28T00:21:10.505+0200][4.555s] GC(77) Survivor regions: 1->1(1)
[2025-06-28T00:21:10.505+0200][4.555s] GC(77) Old regions: 12->13
[2025-06-28T00:21:10.505+0200][4.555s] GC(77) Humongous regions: 0->0
[2025-06-28T00:21:10.505+0200][4.555s] GC(77) Metaspace: 23985K(24320K)->23985K(24320K) NonClass: 21061K(21248K)->21061K(21248K) Class: 2924K(3072K)->2924K(3072K)
[2025-06-28T00:21:10.505+0200][4.555s] GC(77) Pause Young (Normal) (G1 Evacuation Pause) 18M->12M(22M) 3.775ms
[2025-06-28T00:21:10.505+0200][4.555s] GC(77) User=0.00s Sys=0.00s Real=0.00s
[2025-06-28T00:21:10.606+0200][4.655s] GC(78) Pause Young (Concurrent Start) (G1 Evacuation Pause)
[2025-06-28T00:21:10.606+0200][4.655s] GC(78) Using 2 workers of 10 for evacuation
[2025-06-28T00:21:10.610+0200][4.658s] GC(78)   Pre Evacuate Collection Set: 0.6ms
[2025-06-28T00:21:10.610+0200][4.658s] GC(78)   Merge Heap Roots: 0.1ms
[2025-06-28T00:21:10.610+0200][4.658s] GC(78)   Evacuate Collection Set: 2.0ms
[2025-06-28T00:21:10.610+0200][4.658s] GC(78)   Post Evacuate Collection Set: 0.4ms
[2025-06-28T00:21:10.610+0200][4.658s] GC(78)   Other: 0.2ms
[2025-06-28T00:21:10.610+0200][4.658s] GC(78) Eden regions: 5->0(5)
[2025-06-28T00:21:10.610+0200][4.658s] GC(78) Survivor regions: 1->1(1)
[2025-06-28T00:21:10.610+0200][4.658s] GC(78) Old regions: 13->13
[2025-06-28T00:21:10.610+0200][4.658s] GC(78) Humongous regions: 0->0
[2025-06-28T00:21:10.610+0200][4.658s] GC(78) Metaspace: 24138K(24576K)->24138K(24576K) NonClass: 21189K(21440K)->21189K(21440K) Class: 2949K(3136K)->2949K(3136K)
[2025-06-28T00:21:10.610+0200][4.658s] GC(78) Pause Young (Concurrent Start) (G1 Evacuation Pause) 17M->12M(22M) 3.586ms
[2025-06-28T00:21:10.610+0200][4.658s] GC(79) Concurrent Mark Cycle
[2025-06-28T00:21:10.610+0200][4.658s] GC(78) User=0.00s Sys=0.00s Real=0.00s
[2025-06-28T00:21:10.610+0200][4.658s] GC(79) Concurrent Scan Root Regions
[2025-06-28T00:21:10.612+0200][4.660s] GC(79) Concurrent Scan Root Regions 1.175ms
[2025-06-28T00:21:10.612+0200][4.660s] GC(79) Concurrent Mark
[2025-06-28T00:21:10.612+0200][4.660s] GC(79) Concurrent Mark From Roots
[2025-06-28T00:21:10.612+0200][4.660s] GC(79) Using 3 workers of 3 for marking
[2025-06-28T00:21:10.622+0200][4.670s] GC(79) Concurrent Mark From Roots 10.470ms
[2025-06-28T00:21:10.622+0200][4.670s] GC(79) Concurrent Preclean
[2025-06-28T00:21:10.622+0200][4.670s] GC(79) Concurrent Preclean 0.130ms
[2025-06-28T00:21:10.622+0200][4.671s] GC(79) Pause Remark
[2025-06-28T00:21:10.626+0200][4.674s] GC(79) Pause Remark 13M->13M(22M) 3.843ms
[2025-06-28T00:21:10.627+0200][4.674s] GC(79) User=0.00s Sys=0.00s Real=0.01s
[2025-06-28T00:21:10.627+0200][4.675s] GC(79) Concurrent Mark 14.816ms
[2025-06-28T00:21:10.627+0200][4.675s] GC(79) Concurrent Rebuild Remembered Sets and Scrub Regions
[2025-06-28T00:21:10.630+0200][4.679s] GC(79) Concurrent Rebuild Remembered Sets and Scrub Regions 4.219ms
[2025-06-28T00:21:10.630+0200][4.679s] GC(79) Pause Cleanup
[2025-06-28T00:21:10.632+0200][4.679s] GC(79) Pause Cleanup 13M->13M(22M) 0.170ms
[2025-06-28T00:21:10.632+0200][4.679s] GC(79) User=0.00s Sys=0.00s Real=0.00s
[2025-06-28T00:21:10.632+0200][4.679s] GC(79) Concurrent Clear Claimed Marks
[2025-06-28T00:21:10.632+0200][4.679s] GC(79) Concurrent Clear Claimed Marks 0.039ms
[2025-06-28T00:21:10.632+0200][4.679s] GC(79) Concurrent Cleanup for Next Mark
[2025-06-28T00:21:10.632+0200][4.680s] GC(79) Concurrent Cleanup for Next Mark 0.344ms
[2025-06-28T00:21:10.632+0200][4.680s] GC(79) Concurrent Mark Cycle 21.407ms
[2025-06-28T00:21:10.685+0200][4.733s] GC(80) Pause Young (Prepare Mixed) (G1 Evacuation Pause)
[2025-06-28T00:21:10.685+0200][4.733s] GC(80) Using 2 workers of 10 for evacuation
[2025-06-28T00:21:10.688+0200][4.736s] GC(80)   Pre Evacuate Collection Set: 0.2ms
[2025-06-28T00:21:10.688+0200][4.736s] GC(80)   Merge Heap Roots: 0.1ms
[2025-06-28T00:21:10.688+0200][4.736s] GC(80)   Evacuate Collection Set: 2.1ms
[2025-06-28T00:21:10.688+0200][4.736s] GC(80)   Post Evacuate Collection Set: 0.7ms
[2025-06-28T00:21:10.688+0200][4.736s] GC(80)   Other: 0.1ms
[2025-06-28T00:21:10.688+0200][4.736s] GC(80) Eden regions: 5->0(5)
[2025-06-28T00:21:10.688+0200][4.736s] GC(80) Survivor regions: 1->1(1)
[2025-06-28T00:21:10.688+0200][4.736s] GC(80) Old regions: 13->13
[2025-06-28T00:21:10.688+0200][4.736s] GC(80) Humongous regions: 0->0
[2025-06-28T00:21:10.688+0200][4.736s] GC(80) Metaspace: 24275K(24640K)->24275K(24640K) NonClass: 21303K(21504K)->21303K(21504K) Class: 2972K(3136K)->2972K(3136K)
[2025-06-28T00:21:10.689+0200][4.736s] GC(80) Pause Young (Prepare Mixed) (G1 Evacuation Pause) 17M->13M(22M) 3.591ms
[2025-06-28T00:21:10.689+0200][4.737s] GC(80) User=0.00s Sys=0.00s Real=0.00s
[2025-06-28T00:21:10.808+0200][4.857s] GC(81) Pause Young (Mixed) (G1 Evacuation Pause)
[2025-06-28T00:21:10.808+0200][4.857s] GC(81) Using 2 workers of 10 for evacuation
[2025-06-28T00:21:10.815+0200][4.862s] GC(81)   Pre Evacuate Collection Set: 0.2ms
[2025-06-28T00:21:10.815+0200][4.863s] GC(81)   Merge Heap Roots: 0.1ms
[2025-06-28T00:21:10.815+0200][4.863s] GC(81)   Evacuate Collection Set: 4.2ms
[2025-06-28T00:21:10.815+0200][4.863s] GC(81)   Post Evacuate Collection Set: 1.0ms
[2025-06-28T00:21:10.815+0200][4.863s] GC(81)   Other: 0.1ms
[2025-06-28T00:21:10.815+0200][4.863s] GC(81) Eden regions: 5->0(5)
[2025-06-28T00:21:10.815+0200][4.863s] GC(81) Survivor regions: 1->1(1)
[2025-06-28T00:21:10.815+0200][4.863s] GC(81) Old regions: 13->13
[2025-06-28T00:21:10.815+0200][4.863s] GC(81) Humongous regions: 0->0
[2025-06-28T00:21:10.815+0200][4.863s] GC(81) Metaspace: 24491K(24896K)->24491K(24896K) NonClass: 21488K(21696K)->21488K(21696K) Class: 3003K(3200K)->3003K(3200K)
[2025-06-28T00:21:10.815+0200][4.863s] GC(81) Pause Young (Mixed) (G1 Evacuation Pause) 18M->13M(22M) 5.795ms
[2025-06-28T00:21:10.815+0200][4.863s] GC(81) User=0.00s Sys=0.00s Real=0.01s
[2025-06-28T00:21:10.913+0200][4.961s] GC(82) Pause Young (Concurrent Start) (G1 Evacuation Pause)
[2025-06-28T00:21:10.913+0200][4.961s] GC(82) Using 2 workers of 10 for evacuation
[2025-06-28T00:21:10.916+0200][4.964s] GC(82)   Pre Evacuate Collection Set: 0.2ms
[2025-06-28T00:21:10.916+0200][4.964s] GC(82)   Merge Heap Roots: 0.1ms
[2025-06-28T00:21:10.916+0200][4.964s] GC(82)   Evacuate Collection Set: 2.4ms
[2025-06-28T00:21:10.916+0200][4.964s] GC(82)   Post Evacuate Collection Set: 0.6ms
[2025-06-28T00:21:10.916+0200][4.964s] GC(82)   Other: 0.2ms
[2025-06-28T00:21:10.916+0200][4.964s] GC(82) Eden regions: 5->0(5)
[2025-06-28T00:21:10.916+0200][4.964s] GC(82) Survivor regions: 1->1(1)
[2025-06-28T00:21:10.916+0200][4.964s] GC(82) Old regions: 13->13
[2025-06-28T00:21:10.916+0200][4.964s] GC(82) Humongous regions: 0->0
[2025-06-28T00:21:10.916+0200][4.964s] GC(82) Metaspace: 24800K(25152K)->24800K(25152K) NonClass: 21757K(21952K)->21757K(21952K) Class: 3042K(3200K)->3042K(3200K)
[2025-06-28T00:21:10.916+0200][4.964s] GC(82) Pause Young (Concurrent Start) (G1 Evacuation Pause) 18M->13M(22M) 3.896ms
[2025-06-28T00:21:10.916+0200][4.965s] GC(82) User=0.00s Sys=0.00s Real=0.00s
[2025-06-28T00:21:10.916+0200][4.965s] GC(83) Concurrent Mark Cycle
[2025-06-28T00:21:10.916+0200][4.965s] GC(83) Concurrent Scan Root Regions
[2025-06-28T00:21:10.918+0200][4.966s] GC(83) Concurrent Scan Root Regions 1.437ms
[2025-06-28T00:21:10.918+0200][4.966s] GC(83) Concurrent Mark
[2025-06-28T00:21:10.918+0200][4.966s] GC(83) Concurrent Mark From Roots
[2025-06-28T00:21:10.918+0200][4.966s] GC(83) Using 3 workers of 3 for marking
[2025-06-28T00:21:10.928+0200][4.976s] GC(83) Concurrent Mark From Roots 10.101ms
[2025-06-28T00:21:10.928+0200][4.976s] GC(83) Concurrent Preclean
[2025-06-28T00:21:10.928+0200][4.976s] GC(83) Concurrent Preclean 0.085ms
[2025-06-28T00:21:10.928+0200][4.977s] GC(83) Pause Remark
[2025-06-28T00:21:10.932+0200][4.981s] GC(83) Pause Remark 14M->14M(22M) 4.447ms
[2025-06-28T00:21:10.933+0200][4.981s] GC(83) User=0.03s Sys=0.00s Real=0.01s
[2025-06-28T00:21:10.933+0200][4.981s] GC(83) Concurrent Mark 15.036ms
[2025-06-28T00:21:10.933+0200][4.981s] GC(83) Concurrent Rebuild Remembered Sets and Scrub Regions
[2025-06-28T00:21:10.937+0200][4.986s] GC(83) Concurrent Rebuild Remembered Sets and Scrub Regions 4.262ms
[2025-06-28T00:21:10.937+0200][4.986s] GC(83) Pause Cleanup
[2025-06-28T00:21:10.937+0200][4.986s] GC(83) Pause Cleanup 14M->14M(22M) 0.179ms
[2025-06-28T00:21:10.937+0200][4.986s] GC(83) User=0.00s Sys=0.00s Real=0.00s
[2025-06-28T00:21:10.937+0200][4.986s] GC(83) Concurrent Clear Claimed Marks
[2025-06-28T00:21:10.938+0200][4.986s] GC(83) Concurrent Clear Claimed Marks 0.078ms
[2025-06-28T00:21:10.938+0200][4.986s] GC(83) Concurrent Cleanup for Next Mark
[2025-06-28T00:21:10.938+0200][4.986s] GC(83) Concurrent Cleanup for Next Mark 0.137ms
[2025-06-28T00:21:10.938+0200][4.986s] GC(83) Concurrent Mark Cycle 21.814ms
[2025-06-28T00:21:10.986+0200][5.034s] GC(84) Pause Young (Normal) (G1 Evacuation Pause)
[2025-06-28T00:21:10.986+0200][5.034s] GC(84) Using 2 workers of 10 for evacuation
[2025-06-28T00:21:10.989+0200][5.037s] GC(84)   Pre Evacuate Collection Set: 0.2ms
[2025-06-28T00:21:10.989+0200][5.037s] GC(84)   Merge Heap Roots: 0.1ms
[2025-06-28T00:21:10.989+0200][5.037s] GC(84)   Evacuate Collection Set: 2.4ms
[2025-06-28T00:21:10.989+0200][5.037s] GC(84)   Post Evacuate Collection Set: 0.4ms
[2025-06-28T00:21:10.989+0200][5.037s] GC(84)   Other: 0.1ms
[2025-06-28T00:21:10.989+0200][5.037s] GC(84) Eden regions: 5->0(5)
[2025-06-28T00:21:10.989+0200][5.037s] GC(84) Survivor regions: 1->1(1)
[2025-06-28T00:21:10.989+0200][5.037s] GC(84) Old regions: 13->13
[2025-06-28T00:21:10.989+0200][5.037s] GC(84) Humongous regions: 0->0
[2025-06-28T00:21:10.989+0200][5.037s] GC(84) Metaspace: 25177K(25600K)->25177K(25600K) NonClass: 22079K(22336K)->22079K(22336K) Class: 3097K(3264K)->3097K(3264K)
[2025-06-28T00:21:10.989+0200][5.037s] GC(84) Pause Young (Normal) (G1 Evacuation Pause) 18M->13M(22M) 3.536ms
[2025-06-28T00:21:10.989+0200][5.038s] GC(84) User=0.00s Sys=0.00s Real=0.00s
[2025-06-28T00:21:11.066+0200][5.114s] GC(85) Pause Young (Concurrent Start) (G1 Evacuation Pause)
[2025-06-28T00:21:11.066+0200][5.114s] GC(85) Using 2 workers of 10 for evacuation
[2025-06-28T00:21:11.069+0200][5.117s] GC(85)   Pre Evacuate Collection Set: 0.3ms
[2025-06-28T00:21:11.069+0200][5.117s] GC(85)   Merge Heap Roots: 0.1ms
[2025-06-28T00:21:11.069+0200][5.117s] GC(85)   Evacuate Collection Set: 1.7ms
[2025-06-28T00:21:11.069+0200][5.117s] GC(85)   Post Evacuate Collection Set: 0.5ms
[2025-06-28T00:21:11.069+0200][5.117s] GC(85)   Other: 0.2ms
[2025-06-28T00:21:11.069+0200][5.117s] GC(85) Eden regions: 5->0(4)
[2025-06-28T00:21:11.069+0200][5.117s] GC(85) Survivor regions: 1->1(1)
[2025-06-28T00:21:11.069+0200][5.117s] GC(85) Old regions: 13->14
[2025-06-28T00:21:11.069+0200][5.117s] GC(85) Humongous regions: 0->0
[2025-06-28T00:21:11.069+0200][5.117s] GC(85) Metaspace: 25626K(26048K)->25626K(26048K) NonClass: 22490K(22720K)->22490K(22720K) Class: 3135K(3328K)->3135K(3328K)
[2025-06-28T00:21:11.069+0200][5.117s] GC(85) Pause Young (Concurrent Start) (G1 Evacuation Pause) 18M->13M(22M) 3.070ms
[2025-06-28T00:21:11.069+0200][5.117s] GC(85) User=0.00s Sys=0.00s Real=0.00s
[2025-06-28T00:21:11.069+0200][5.117s] GC(86) Concurrent Mark Cycle
[2025-06-28T00:21:11.069+0200][5.117s] GC(86) Concurrent Scan Root Regions
[2025-06-28T00:21:11.070+0200][5.118s] GC(86) Concurrent Scan Root Regions 0.630ms
[2025-06-28T00:21:11.070+0200][5.118s] GC(86) Concurrent Mark
[2025-06-28T00:21:11.070+0200][5.118s] GC(86) Concurrent Mark From Roots
[2025-06-28T00:21:11.070+0200][5.118s] GC(86) Using 3 workers of 3 for marking
[2025-06-28T00:21:11.082+0200][5.130s] GC(86) Concurrent Mark From Roots 12.089ms
[2025-06-28T00:21:11.082+0200][5.130s] GC(86) Concurrent Preclean
[2025-06-28T00:21:11.082+0200][5.130s] GC(86) Concurrent Preclean 0.118ms
[2025-06-28T00:21:11.083+0200][5.130s] GC(86) Pause Remark
[2025-06-28T00:21:11.087+0200][5.135s] GC(86) Pause Remark 14M->14M(22M) 4.375ms
[2025-06-28T00:21:11.087+0200][5.135s] GC(86) User=0.00s Sys=0.00s Real=0.00s
[2025-06-28T00:21:11.087+0200][5.135s] GC(86) Concurrent Mark 17.151ms
[2025-06-28T00:21:11.087+0200][5.135s] GC(86) Concurrent Rebuild Remembered Sets and Scrub Regions
[2025-06-28T00:21:11.092+0200][5.139s] GC(86) Concurrent Rebuild Remembered Sets and Scrub Regions 4.239ms
[2025-06-28T00:21:11.092+0200][5.140s] GC(86) Pause Cleanup
[2025-06-28T00:21:11.092+0200][5.140s] GC(86) Pause Cleanup 14M->14M(22M) 0.164ms
[2025-06-28T00:21:11.092+0200][5.140s] GC(86) User=0.00s Sys=0.00s Real=0.00s
[2025-06-28T00:21:11.092+0200][5.140s] GC(86) Concurrent Clear Claimed Marks
[2025-06-28T00:21:11.092+0200][5.140s] GC(86) Concurrent Clear Claimed Marks 0.064ms
[2025-06-28T00:21:11.092+0200][5.140s] GC(86) Concurrent Cleanup for Next Mark
[2025-06-28T00:21:11.092+0200][5.140s] GC(86) Concurrent Cleanup for Next Mark 0.148ms
[2025-06-28T00:21:11.092+0200][5.140s] GC(86) Concurrent Mark Cycle 23.043ms
[2025-06-28T00:21:11.147+0200][5.195s] GC(87) Pause Young (Normal) (G1 Evacuation Pause)
[2025-06-28T00:21:11.147+0200][5.195s] GC(87) Using 2 workers of 10 for evacuation
[2025-06-28T00:21:11.150+0200][5.198s] GC(87)   Pre Evacuate Collection Set: 0.2ms
[2025-06-28T00:21:11.150+0200][5.198s] GC(87)   Merge Heap Roots: 0.1ms
[2025-06-28T00:21:11.150+0200][5.198s] GC(87)   Evacuate Collection Set: 2.0ms
[2025-06-28T00:21:11.150+0200][5.198s] GC(87)   Post Evacuate Collection Set: 0.7ms
[2025-06-28T00:21:11.150+0200][5.198s] GC(87)   Other: 0.1ms
[2025-06-28T00:21:11.150+0200][5.198s] GC(87) Eden regions: 4->0(4)
[2025-06-28T00:21:11.150+0200][5.198s] GC(87) Survivor regions: 1->1(1)
[2025-06-28T00:21:11.150+0200][5.198s] GC(87) Old regions: 14->14
[2025-06-28T00:21:11.150+0200][5.198s] GC(87) Humongous regions: 0->0
[2025-06-28T00:21:11.150+0200][5.198s] GC(87) Metaspace: 25827K(26176K)->25827K(26176K) NonClass: 22664K(22848K)->22664K(22848K) Class: 3163K(3328K)->3163K(3328K)
[2025-06-28T00:21:11.150+0200][5.198s] GC(87) Pause Young (Normal) (G1 Evacuation Pause) 17M->13M(22M) 3.382ms
[2025-06-28T00:21:11.150+0200][5.198s] GC(87) User=0.00s Sys=0.00s Real=0.00s
[2025-06-28T00:21:11.242+0200][5.290s] GC(88) Pause Young (Concurrent Start) (G1 Evacuation Pause)
[2025-06-28T00:21:11.242+0200][5.291s] GC(88) Using 2 workers of 10 for evacuation
[2025-06-28T00:21:11.247+0200][5.295s] GC(88)   Pre Evacuate Collection Set: 0.3ms
[2025-06-28T00:21:11.247+0200][5.295s] GC(88)   Merge Heap Roots: 0.1ms
[2025-06-28T00:21:11.247+0200][5.295s] GC(88)   Evacuate Collection Set: 3.4ms
[2025-06-28T00:21:11.247+0200][5.295s] GC(88)   Post Evacuate Collection Set: 0.6ms
[2025-06-28T00:21:11.247+0200][5.295s] GC(88)   Other: 0.2ms
[2025-06-28T00:21:11.247+0200][5.295s] GC(88) Eden regions: 4->0(4)
[2025-06-28T00:21:11.247+0200][5.295s] GC(88) Survivor regions: 1->1(1)
[2025-06-28T00:21:11.247+0200][5.295s] GC(88) Old regions: 14->14
[2025-06-28T00:21:11.247+0200][5.295s] GC(88) Humongous regions: 0->0
[2025-06-28T00:21:11.247+0200][5.295s] GC(88) Metaspace: 26155K(26624K)->26155K(26624K) NonClass: 22949K(23232K)->22949K(23232K) Class: 3206K(3392K)->3206K(3392K)
[2025-06-28T00:21:11.247+0200][5.295s] GC(88) Pause Young (Concurrent Start) (G1 Evacuation Pause) 17M->14M(22M) 4.954ms
[2025-06-28T00:21:11.247+0200][5.295s] GC(88) User=0.05s Sys=0.02s Real=0.00s
[2025-06-28T00:21:11.247+0200][5.295s] GC(89) Concurrent Mark Cycle
[2025-06-28T00:21:11.247+0200][5.296s] GC(89) Concurrent Scan Root Regions
[2025-06-28T00:21:11.249+0200][5.297s] GC(89) Concurrent Scan Root Regions 1.491ms
[2025-06-28T00:21:11.249+0200][5.297s] GC(89) Concurrent Mark
[2025-06-28T00:21:11.249+0200][5.297s] GC(89) Concurrent Mark From Roots
[2025-06-28T00:21:11.249+0200][5.297s] GC(89) Using 3 workers of 3 for marking
[2025-06-28T00:21:11.258+0200][5.306s] GC(89) Concurrent Mark From Roots 8.848ms
[2025-06-28T00:21:11.258+0200][5.306s] GC(89) Concurrent Preclean
[2025-06-28T00:21:11.258+0200][5.306s] GC(89) Concurrent Preclean 0.096ms
[2025-06-28T00:21:11.258+0200][5.306s] GC(89) Pause Remark
[2025-06-28T00:21:11.267+0200][5.315s] GC(89) Pause Remark 14M->14M(22M) 9.154ms
[2025-06-28T00:21:11.267+0200][5.316s] GC(89) User=0.03s Sys=0.00s Real=0.01s
[2025-06-28T00:21:11.267+0200][5.316s] GC(89) Concurrent Mark 18.611ms
[2025-06-28T00:21:11.267+0200][5.316s] GC(89) Concurrent Rebuild Remembered Sets and Scrub Regions
[2025-06-28T00:21:11.273+0200][5.321s] GC(89) Concurrent Rebuild Remembered Sets and Scrub Regions 5.086ms
[2025-06-28T00:21:11.277+0200][5.325s] GC(89) Pause Cleanup
[2025-06-28T00:21:11.277+0200][5.325s] GC(89) Pause Cleanup 14M->14M(22M) 0.196ms
[2025-06-28T00:21:11.277+0200][5.325s] GC(89) User=0.00s Sys=0.00s Real=0.00s
[2025-06-28T00:21:11.277+0200][5.325s] GC(89) Concurrent Clear Claimed Marks
[2025-06-28T00:21:11.277+0200][5.325s] GC(89) Concurrent Clear Claimed Marks 0.077ms
[2025-06-28T00:21:11.277+0200][5.325s] GC(89) Concurrent Cleanup for Next Mark
[2025-06-28T00:21:11.277+0200][5.326s] GC(89) Concurrent Cleanup for Next Mark 0.135ms
[2025-06-28T00:21:11.277+0200][5.326s] GC(89) Concurrent Mark Cycle 30.129ms
[2025-06-28T00:21:11.343+0200][5.392s] GC(90) Pause Young (Prepare Mixed) (G1 Evacuation Pause)
[2025-06-28T00:21:11.344+0200][5.392s] GC(90) Using 2 workers of 10 for evacuation
[2025-06-28T00:21:11.348+0200][5.396s] GC(90)   Pre Evacuate Collection Set: 0.3ms
[2025-06-28T00:21:11.348+0200][5.396s] GC(90)   Merge Heap Roots: 0.1ms
[2025-06-28T00:21:11.348+0200][5.396s] GC(90)   Evacuate Collection Set: 3.2ms
[2025-06-28T00:21:11.348+0200][5.396s] GC(90)   Post Evacuate Collection Set: 0.6ms
[2025-06-28T00:21:11.348+0200][5.396s] GC(90)   Other: 0.1ms
[2025-06-28T00:21:11.348+0200][5.396s] GC(90) Eden regions: 4->0(4)
[2025-06-28T00:21:11.348+0200][5.396s] GC(90) Survivor regions: 1->1(1)
[2025-06-28T00:21:11.348+0200][5.396s] GC(90) Old regions: 14->14
[2025-06-28T00:21:11.348+0200][5.396s] GC(90) Humongous regions: 0->0
[2025-06-28T00:21:11.348+0200][5.396s] GC(90) Metaspace: 26401K(26880K)->26401K(26880K) NonClass: 23150K(23424K)->23150K(23424K) Class: 3250K(3456K)->3250K(3456K)
[2025-06-28T00:21:11.348+0200][5.397s] GC(90) Pause Young (Prepare Mixed) (G1 Evacuation Pause) 18M->14M(22M) 4.995ms
[2025-06-28T00:21:11.348+0200][5.397s] GC(90) User=0.00s Sys=0.00s Real=0.01s
[2025-06-28T00:21:11.405+0200][5.453s] GC(91) Pause Young (Mixed) (G1 Evacuation Pause)
[2025-06-28T00:21:11.405+0200][5.453s] GC(91) Using 2 workers of 10 for evacuation
[2025-06-28T00:21:11.410+0200][5.458s] GC(91)   Pre Evacuate Collection Set: 0.2ms
[2025-06-28T00:21:11.410+0200][5.458s] GC(91)   Merge Heap Roots: 0.1ms
[2025-06-28T00:21:11.410+0200][5.458s] GC(91)   Evacuate Collection Set: 3.6ms
[2025-06-28T00:21:11.410+0200][5.458s] GC(91)   Post Evacuate Collection Set: 0.6ms
[2025-06-28T00:21:11.410+0200][5.458s] GC(91)   Other: 0.1ms
[2025-06-28T00:21:11.410+0200][5.458s] GC(91) Eden regions: 4->0(3)
[2025-06-28T00:21:11.410+0200][5.458s] GC(91) Survivor regions: 1->1(1)
[2025-06-28T00:21:11.410+0200][5.458s] GC(91) Old regions: 14->15
[2025-06-28T00:21:11.410+0200][5.458s] GC(91) Humongous regions: 0->0
[2025-06-28T00:21:11.410+0200][5.458s] GC(91) Metaspace: 26587K(27072K)->26587K(27072K) NonClass: 23298K(23552K)->23298K(23552K) Class: 3289K(3520K)->3289K(3520K)
[2025-06-28T00:21:11.410+0200][5.458s] GC(91) Pause Young (Mixed) (G1 Evacuation Pause) 18M->14M(22M) 4.912ms
[2025-06-28T00:21:11.410+0200][5.458s] GC(91) User=0.00s Sys=0.00s Real=0.01s
[2025-06-28T00:21:11.444+0200][5.492s] GC(92) Pause Young (Concurrent Start) (G1 Evacuation Pause)
[2025-06-28T00:21:11.444+0200][5.492s] GC(92) Using 2 workers of 10 for evacuation
[2025-06-28T00:21:11.446+0200][5.494s] GC(92)   Pre Evacuate Collection Set: 0.2ms
[2025-06-28T00:21:11.446+0200][5.494s] GC(92)   Merge Heap Roots: 0.1ms
[2025-06-28T00:21:11.446+0200][5.494s] GC(92)   Evacuate Collection Set: 1.3ms
[2025-06-28T00:21:11.446+0200][5.494s] GC(92)   Post Evacuate Collection Set: 0.4ms
[2025-06-28T00:21:11.446+0200][5.494s] GC(92)   Other: 0.2ms
[2025-06-28T00:21:11.446+0200][5.494s] GC(92) Eden regions: 3->0(3)
[2025-06-28T00:21:11.446+0200][5.494s] GC(92) Survivor regions: 1->1(1)
[2025-06-28T00:21:11.446+0200][5.494s] GC(92) Old regions: 15->15
[2025-06-28T00:21:11.446+0200][5.494s] GC(92) Humongous regions: 0->0
[2025-06-28T00:21:11.446+0200][5.495s] GC(92) Metaspace: 26717K(27136K)->26717K(27136K) NonClass: 23403K(23616K)->23403K(23616K) Class: 3314K(3520K)->3314K(3520K)
[2025-06-28T00:21:11.446+0200][5.495s] GC(92) Pause Young (Concurrent Start) (G1 Evacuation Pause) 17M->14M(22M) 2.621ms
[2025-06-28T00:21:11.446+0200][5.495s] GC(92) User=0.00s Sys=0.00s Real=0.00s
[2025-06-28T00:21:11.446+0200][5.495s] GC(93) Concurrent Mark Cycle
[2025-06-28T00:21:11.446+0200][5.495s] GC(93) Concurrent Scan Root Regions
[2025-06-28T00:21:11.447+0200][5.496s] GC(93) Concurrent Scan Root Regions 0.846ms
[2025-06-28T00:21:11.447+0200][5.496s] GC(93) Concurrent Mark
[2025-06-28T00:21:11.447+0200][5.496s] GC(93) Concurrent Mark From Roots
[2025-06-28T00:21:11.447+0200][5.496s] GC(93) Using 3 workers of 3 for marking
[2025-06-28T00:21:11.460+0200][5.508s] GC(93) Concurrent Mark From Roots 12.731ms
[2025-06-28T00:21:11.460+0200][5.508s] GC(93) Concurrent Preclean
[2025-06-28T00:21:11.460+0200][5.509s] GC(93) Concurrent Preclean 0.065ms
[2025-06-28T00:21:11.460+0200][5.509s] GC(93) Pause Remark
[2025-06-28T00:21:11.465+0200][5.513s] GC(93) Pause Remark 15M->15M(22M) 4.681ms
[2025-06-28T00:21:11.465+0200][5.513s] GC(93) User=0.02s Sys=0.02s Real=0.00s
[2025-06-28T00:21:11.465+0200][5.514s] GC(93) Concurrent Mark 17.878ms
[2025-06-28T00:21:11.465+0200][5.514s] GC(93) Concurrent Rebuild Remembered Sets and Scrub Regions
[2025-06-28T00:21:11.470+0200][5.519s] GC(93) Concurrent Rebuild Remembered Sets and Scrub Regions 5.158ms
[2025-06-28T00:21:11.471+0200][5.519s] GC(93) Pause Cleanup
[2025-06-28T00:21:11.471+0200][5.519s] GC(93) Pause Cleanup 15M->15M(22M) 0.146ms
[2025-06-28T00:21:11.471+0200][5.519s] GC(93) User=0.00s Sys=0.00s Real=0.00s
[2025-06-28T00:21:11.471+0200][5.519s] GC(93) Concurrent Clear Claimed Marks
[2025-06-28T00:21:11.471+0200][5.519s] GC(93) Concurrent Clear Claimed Marks 0.064ms
[2025-06-28T00:21:11.471+0200][5.519s] GC(93) Concurrent Cleanup for Next Mark
[2025-06-28T00:21:11.471+0200][5.519s] GC(93) Concurrent Cleanup for Next Mark 0.114ms
[2025-06-28T00:21:11.471+0200][5.519s] GC(93) Concurrent Mark Cycle 24.828ms
[2025-06-28T00:21:11.546+0200][5.595s] GC(94) Pause Young (Prepare Mixed) (G1 Evacuation Pause)
[2025-06-28T00:21:11.546+0200][5.595s] GC(94) Using 2 workers of 10 for evacuation
[2025-06-28T00:21:11.549+0200][5.598s] GC(94)   Pre Evacuate Collection Set: 0.2ms
[2025-06-28T00:21:11.549+0200][5.598s] GC(94)   Merge Heap Roots: 0.1ms
[2025-06-28T00:21:11.550+0200][5.598s] GC(94)   Evacuate Collection Set: 2.5ms
[2025-06-28T00:21:11.550+0200][5.598s] GC(94)   Post Evacuate Collection Set: 0.5ms
[2025-06-28T00:21:11.550+0200][5.598s] GC(94)   Other: 0.1ms
[2025-06-28T00:21:11.550+0200][5.598s] GC(94) Eden regions: 3->0(3)
[2025-06-28T00:21:11.550+0200][5.598s] GC(94) Survivor regions: 1->1(1)
[2025-06-28T00:21:11.550+0200][5.598s] GC(94) Old regions: 15->15
[2025-06-28T00:21:11.550+0200][5.598s] GC(94) Humongous regions: 0->0
[2025-06-28T00:21:11.550+0200][5.598s] GC(94) Metaspace: 26954K(27456K)->26954K(27456K) NonClass: 23608K(23872K)->23608K(23872K) Class: 3346K(3584K)->3346K(3584K)
[2025-06-28T00:21:11.550+0200][5.598s] GC(94) Pause Young (Prepare Mixed) (G1 Evacuation Pause) 17M->14M(22M) 3.748ms
[2025-06-28T00:21:11.550+0200][5.598s] GC(94) User=0.00s Sys=0.00s Real=0.00s
[2025-06-28T00:21:11.617+0200][5.666s] GC(95) Pause Young (Mixed) (G1 Evacuation Pause)
[2025-06-28T00:21:11.617+0200][5.666s] GC(95) Using 2 workers of 10 for evacuation
[2025-06-28T00:21:11.622+0200][5.670s] GC(95)   Pre Evacuate Collection Set: 0.1ms
[2025-06-28T00:21:11.622+0200][5.671s] GC(95)   Merge Heap Roots: 0.1ms
[2025-06-28T00:21:11.622+0200][5.671s] GC(95)   Evacuate Collection Set: 3.9ms
[2025-06-28T00:21:11.622+0200][5.671s] GC(95)   Post Evacuate Collection Set: 0.5ms
[2025-06-28T00:21:11.622+0200][5.671s] GC(95)   Other: 0.1ms
[2025-06-28T00:21:11.622+0200][5.671s] GC(95) Eden regions: 3->0(3)
[2025-06-28T00:21:11.622+0200][5.671s] GC(95) Survivor regions: 1->1(1)
[2025-06-28T00:21:11.622+0200][5.671s] GC(95) Old regions: 15->15
[2025-06-28T00:21:11.622+0200][5.671s] GC(95) Humongous regions: 0->0
[2025-06-28T00:21:11.622+0200][5.671s] GC(95) Metaspace: 27272K(27776K)->27272K(27776K) NonClass: 23871K(24128K)->23871K(24128K) Class: 3401K(3648K)->3401K(3648K)
[2025-06-28T00:21:11.622+0200][5.671s] GC(95) Pause Young (Mixed) (G1 Evacuation Pause) 17M->14M(22M) 5.073ms
[2025-06-28T00:21:11.622+0200][5.671s] GC(95) User=0.06s Sys=0.00s Real=0.00s
[2025-06-28T00:21:11.683+0200][5.731s] GC(96) Pause Young (Concurrent Start) (G1 Evacuation Pause)
[2025-06-28T00:21:11.683+0200][5.731s] GC(96) Using 2 workers of 10 for evacuation
[2025-06-28T00:21:11.687+0200][5.735s] GC(96)   Pre Evacuate Collection Set: 0.3ms
[2025-06-28T00:21:11.687+0200][5.735s] GC(96)   Merge Heap Roots: 0.2ms
[2025-06-28T00:21:11.687+0200][5.735s] GC(96)   Evacuate Collection Set: 2.3ms
[2025-06-28T00:21:11.687+0200][5.735s] GC(96)   Post Evacuate Collection Set: 0.4ms
[2025-06-28T00:21:11.687+0200][5.735s] GC(96)   Other: 0.2ms
[2025-06-28T00:21:11.687+0200][5.735s] GC(96) Eden regions: 3->0(3)
[2025-06-28T00:21:11.687+0200][5.735s] GC(96) Survivor regions: 1->1(1)
[2025-06-28T00:21:11.687+0200][5.735s] GC(96) Old regions: 15->15
[2025-06-28T00:21:11.687+0200][5.735s] GC(96) Humongous regions: 0->0
[2025-06-28T00:21:11.687+0200][5.735s] GC(96) Metaspace: 27551K(28032K)->27551K(28032K) NonClass: 24123K(24384K)->24123K(24384K) Class: 3428K(3648K)->3428K(3648K)
[2025-06-28T00:21:11.687+0200][5.735s] GC(96) Pause Young (Concurrent Start) (G1 Evacuation Pause) 17M->14M(22M) 3.829ms
[2025-06-28T00:21:11.687+0200][5.735s] GC(96) User=0.00s Sys=0.00s Real=0.00s
[2025-06-28T00:21:11.687+0200][5.735s] GC(97) Concurrent Mark Cycle
[2025-06-28T00:21:11.687+0200][5.735s] GC(97) Concurrent Scan Root Regions
[2025-06-28T00:21:11.688+0200][5.736s] GC(97) Concurrent Scan Root Regions 1.170ms
[2025-06-28T00:21:11.688+0200][5.736s] GC(97) Concurrent Mark
[2025-06-28T00:21:11.688+0200][5.737s] GC(97) Concurrent Mark From Roots
[2025-06-28T00:21:11.688+0200][5.737s] GC(97) Using 3 workers of 3 for marking
[2025-06-28T00:21:11.701+0200][5.749s] GC(97) Concurrent Mark From Roots 12.270ms
[2025-06-28T00:21:11.701+0200][5.749s] GC(97) Concurrent Preclean
[2025-06-28T00:21:11.701+0200][5.749s] GC(97) Concurrent Preclean 0.043ms
[2025-06-28T00:21:11.701+0200][5.749s] GC(97) Pause Remark
[2025-06-28T00:21:11.707+0200][5.755s] GC(97) Pause Remark 15M->15M(22M) 5.894ms
[2025-06-28T00:21:11.707+0200][5.755s] GC(97) User=0.00s Sys=0.00s Real=0.01s
[2025-06-28T00:21:11.707+0200][5.755s] GC(97) Concurrent Mark 18.625ms
[2025-06-28T00:21:11.707+0200][5.755s] GC(97) Concurrent Rebuild Remembered Sets and Scrub Regions
[2025-06-28T00:21:11.713+0200][5.761s] GC(97) Concurrent Rebuild Remembered Sets and Scrub Regions 5.502ms
[2025-06-28T00:21:11.713+0200][5.761s] GC(97) Pause Cleanup
[2025-06-28T00:21:11.713+0200][5.761s] GC(97) Pause Cleanup 15M->15M(22M) 0.153ms
[2025-06-28T00:21:11.713+0200][5.761s] GC(97) User=0.00s Sys=0.00s Real=0.00s
[2025-06-28T00:21:11.713+0200][5.761s] GC(97) Concurrent Clear Claimed Marks
[2025-06-28T00:21:11.713+0200][5.761s] GC(97) Concurrent Clear Claimed Marks 0.078ms
[2025-06-28T00:21:11.713+0200][5.761s] GC(97) Concurrent Cleanup for Next Mark
[2025-06-28T00:21:11.714+0200][5.762s] GC(97) Concurrent Cleanup for Next Mark 0.131ms
[2025-06-28T00:21:11.714+0200][5.762s] GC(97) Concurrent Mark Cycle 26.434ms
[2025-06-28T00:21:11.786+0200][5.835s] GC(98) Pause Young (Prepare Mixed) (G1 Evacuation Pause)
[2025-06-28T00:21:11.786+0200][5.835s] GC(98) Using 2 workers of 10 for evacuation
[2025-06-28T00:21:11.789+0200][5.838s] GC(98)   Pre Evacuate Collection Set: 0.1ms
[2025-06-28T00:21:11.789+0200][5.838s] GC(98)   Merge Heap Roots: 0.1ms
[2025-06-28T00:21:11.789+0200][5.838s] GC(98)   Evacuate Collection Set: 2.2ms
[2025-06-28T00:21:11.789+0200][5.838s] GC(98)   Post Evacuate Collection Set: 0.5ms
[2025-06-28T00:21:11.789+0200][5.838s] GC(98)   Other: 0.1ms
[2025-06-28T00:21:11.789+0200][5.838s] GC(98) Eden regions: 3->0(3)
[2025-06-28T00:21:11.790+0200][5.838s] GC(98) Survivor regions: 1->1(1)
[2025-06-28T00:21:11.790+0200][5.838s] GC(98) Old regions: 15->15
[2025-06-28T00:21:11.790+0200][5.838s] GC(98) Humongous regions: 0->0
[2025-06-28T00:21:11.790+0200][5.838s] GC(98) Metaspace: 27888K(28352K)->27888K(28352K) NonClass: 24418K(24640K)->24418K(24640K) Class: 3470K(3712K)->3470K(3712K)
[2025-06-28T00:21:11.790+0200][5.838s] GC(98) Pause Young (Prepare Mixed) (G1 Evacuation Pause) 17M->14M(22M) 3.557ms
[2025-06-28T00:21:11.790+0200][5.838s] GC(98) User=0.00s Sys=0.00s Real=0.00s
[2025-06-28T00:21:11.905+0200][5.953s] GC(99) Pause Young (Mixed) (G1 Evacuation Pause)
[2025-06-28T00:21:11.905+0200][5.953s] GC(99) Using 2 workers of 10 for evacuation
[2025-06-28T00:21:11.911+0200][5.959s] GC(99)   Pre Evacuate Collection Set: 0.2ms
[2025-06-28T00:21:11.911+0200][5.959s] GC(99)   Merge Heap Roots: 0.1ms
[2025-06-28T00:21:11.911+0200][5.959s] GC(99)   Evacuate Collection Set: 4.5ms
[2025-06-28T00:21:11.911+0200][5.959s] GC(99)   Post Evacuate Collection Set: 0.6ms
[2025-06-28T00:21:11.911+0200][5.959s] GC(99)   Other: 0.1ms
[2025-06-28T00:21:11.911+0200][5.959s] GC(99) Eden regions: 3->0(3)
[2025-06-28T00:21:11.911+0200][5.959s] GC(99) Survivor regions: 1->1(1)
[2025-06-28T00:21:11.911+0200][5.959s] GC(99) Old regions: 15->15
[2025-06-28T00:21:11.911+0200][5.959s] GC(99) Humongous regions: 0->0
[2025-06-28T00:21:11.911+0200][5.959s] GC(99) Metaspace: 28047K(28480K)->28047K(28480K) NonClass: 24554K(24768K)->24554K(24768K) Class: 3492K(3712K)->3492K(3712K)
[2025-06-28T00:21:11.911+0200][5.959s] GC(99) Pause Young (Mixed) (G1 Evacuation Pause) 17M->15M(22M) 5.883ms
[2025-06-28T00:21:11.911+0200][5.959s] GC(99) User=0.00s Sys=0.00s Real=0.01s
[2025-06-28T00:21:12.009+0200][6.057s] GC(100) Pause Young (Concurrent Start) (G1 Evacuation Pause)
[2025-06-28T00:21:12.009+0200][6.057s] GC(100) Using 2 workers of 10 for evacuation
[2025-06-28T00:21:12.012+0200][6.060s] GC(100)   Pre Evacuate Collection Set: 0.2ms
[2025-06-28T00:21:12.012+0200][6.060s] GC(100)   Merge Heap Roots: 0.1ms
[2025-06-28T00:21:12.012+0200][6.061s] GC(100)   Evacuate Collection Set: 2.6ms
[2025-06-28T00:21:12.012+0200][6.061s] GC(100)   Post Evacuate Collection Set: 0.4ms
[2025-06-28T00:21:12.012+0200][6.061s] GC(100)   Other: 0.1ms
[2025-06-28T00:21:12.012+0200][6.061s] GC(100) Eden regions: 3->0(3)
[2025-06-28T00:21:12.012+0200][6.061s] GC(100) Survivor regions: 1->1(1)
[2025-06-28T00:21:12.012+0200][6.061s] GC(100) Old regions: 15->15
[2025-06-28T00:21:12.012+0200][6.061s] GC(100) Humongous regions: 0->0
[2025-06-28T00:21:12.012+0200][6.061s] GC(100) Metaspace: 28352K(28800K)->28352K(28800K) NonClass: 24778K(25024K)->24778K(25024K) Class: 3574K(3776K)->3574K(3776K)
[2025-06-28T00:21:12.013+0200][6.061s] GC(100) Pause Young (Concurrent Start) (G1 Evacuation Pause) 18M->15M(22M) 3.774ms
[2025-06-28T00:21:12.013+0200][6.061s] GC(100) User=0.03s Sys=0.02s Real=0.00s
[2025-06-28T00:21:12.013+0200][6.061s] GC(101) Concurrent Mark Cycle
[2025-06-28T00:21:12.013+0200][6.061s] GC(101) Concurrent Scan Root Regions
[2025-06-28T00:21:12.014+0200][6.062s] GC(101) Concurrent Scan Root Regions 1.355ms
[2025-06-28T00:21:12.014+0200][6.062s] GC(101) Concurrent Mark
[2025-06-28T00:21:12.014+0200][6.062s] GC(101) Concurrent Mark From Roots
[2025-06-28T00:21:12.014+0200][6.062s] GC(101) Using 3 workers of 3 for marking
[2025-06-28T00:21:12.028+0200][6.076s] GC(101) Concurrent Mark From Roots 13.928ms
[2025-06-28T00:21:12.028+0200][6.076s] GC(101) Concurrent Preclean
[2025-06-28T00:21:12.028+0200][6.076s] GC(101) Concurrent Preclean 0.107ms
[2025-06-28T00:21:12.028+0200][6.077s] GC(101) Pause Remark
[2025-06-28T00:21:12.034+0200][6.082s] GC(101) Pause Remark 16M->16M(22M) 5.186ms
[2025-06-28T00:21:12.034+0200][6.082s] GC(101) User=0.00s Sys=0.00s Real=0.01s
[2025-06-28T00:21:12.034+0200][6.082s] GC(101) Concurrent Mark 19.856ms
[2025-06-28T00:21:12.034+0200][6.082s] GC(101) Concurrent Rebuild Remembered Sets and Scrub Regions
[2025-06-28T00:21:12.041+0200][6.089s] GC(101) Concurrent Rebuild Remembered Sets and Scrub Regions 6.405ms
[2025-06-28T00:21:12.041+0200][6.089s] GC(101) Pause Cleanup
[2025-06-28T00:21:12.041+0200][6.090s] GC(101) Pause Cleanup 16M->16M(22M) 0.158ms
[2025-06-28T00:21:12.041+0200][6.090s] GC(101) User=0.00s Sys=0.00s Real=0.00s
[2025-06-28T00:21:12.042+0200][6.090s] GC(101) Concurrent Clear Claimed Marks
[2025-06-28T00:21:12.042+0200][6.090s] GC(101) Concurrent Clear Claimed Marks 0.093ms
[2025-06-28T00:21:12.042+0200][6.090s] GC(101) Concurrent Cleanup for Next Mark
[2025-06-28T00:21:12.042+0200][6.090s] GC(101) Concurrent Cleanup for Next Mark 0.195ms
[2025-06-28T00:21:12.042+0200][6.090s] GC(101) Concurrent Mark Cycle 29.339ms
[2025-06-28T00:21:12.081+0200][6.129s] GC(102) Pause Young (Prepare Mixed) (G1 Evacuation Pause)
[2025-06-28T00:21:12.082+0200][6.129s] GC(102) Using 2 workers of 10 for evacuation
[2025-06-28T00:21:12.085+0200][6.133s] GC(102)   Pre Evacuate Collection Set: 0.2ms
[2025-06-28T00:21:12.085+0200][6.133s] GC(102)   Merge Heap Roots: 0.1ms
[2025-06-28T00:21:12.085+0200][6.133s] GC(102)   Evacuate Collection Set: 2.7ms
[2025-06-28T00:21:12.085+0200][6.133s] GC(102)   Post Evacuate Collection Set: 0.5ms
[2025-06-28T00:21:12.085+0200][6.133s] GC(102)   Other: 0.1ms
[2025-06-28T00:21:12.085+0200][6.133s] GC(102) Eden regions: 3->0(3)
[2025-06-28T00:21:12.085+0200][6.133s] GC(102) Survivor regions: 1->1(1)
[2025-06-28T00:21:12.085+0200][6.133s] GC(102) Old regions: 15->15
[2025-06-28T00:21:12.085+0200][6.133s] GC(102) Humongous regions: 0->0
[2025-06-28T00:21:12.085+0200][6.133s] GC(102) Metaspace: 28503K(28992K)->28503K(28992K) NonClass: 24903K(25152K)->24903K(25152K) Class: 3599K(3840K)->3599K(3840K)
[2025-06-28T00:21:12.086+0200][6.133s] GC(102) Pause Young (Prepare Mixed) (G1 Evacuation Pause) 18M->15M(22M) 4.110ms
[2025-06-28T00:21:12.086+0200][6.133s] GC(102) User=0.00s Sys=0.00s Real=0.00s
[2025-06-28T00:21:12.140+0200][6.188s] GC(103) Pause Young (Mixed) (G1 Evacuation Pause)
[2025-06-28T00:21:12.140+0200][6.188s] GC(103) Using 2 workers of 10 for evacuation
[2025-06-28T00:21:12.145+0200][6.194s] GC(103)   Pre Evacuate Collection Set: 0.2ms
[2025-06-28T00:21:12.146+0200][6.194s] GC(103)   Merge Heap Roots: 0.1ms
[2025-06-28T00:21:12.146+0200][6.194s] GC(103)   Evacuate Collection Set: 4.6ms
[2025-06-28T00:21:12.146+0200][6.194s] GC(103)   Post Evacuate Collection Set: 0.4ms
[2025-06-28T00:21:12.146+0200][6.194s] GC(103)   Other: 0.1ms
[2025-06-28T00:21:12.146+0200][6.194s] GC(103) Eden regions: 3->0(2)
[2025-06-28T00:21:12.146+0200][6.194s] GC(103) Survivor regions: 1->1(1)
[2025-06-28T00:21:12.146+0200][6.194s] GC(103) Old regions: 15->16
[2025-06-28T00:21:12.146+0200][6.194s] GC(103) Humongous regions: 0->0
[2025-06-28T00:21:12.146+0200][6.194s] GC(103) Metaspace: 28706K(29184K)->28706K(29184K) NonClass: 25078K(25344K)->25078K(25344K) Class: 3628K(3840K)->3628K(3840K)
[2025-06-28T00:21:12.146+0200][6.194s] GC(103) Pause Young (Mixed) (G1 Evacuation Pause) 18M->15M(22M) 6.048ms
[2025-06-28T00:21:12.146+0200][6.194s] GC(103) User=0.00s Sys=0.00s Real=0.01s
[2025-06-28T00:21:12.252+0200][6.299s] GC(104) Pause Young (Concurrent Start) (G1 Evacuation Pause)
[2025-06-28T00:21:12.252+0200][6.299s] GC(104) Using 2 workers of 10 for evacuation
[2025-06-28T00:21:12.254+0200][6.302s] GC(104)   Pre Evacuate Collection Set: 0.1ms
[2025-06-28T00:21:12.254+0200][6.302s] GC(104)   Merge Heap Roots: 0.1ms
[2025-06-28T00:21:12.254+0200][6.302s] GC(104)   Evacuate Collection Set: 1.7ms
[2025-06-28T00:21:12.254+0200][6.302s] GC(104)   Post Evacuate Collection Set: 0.4ms
[2025-06-28T00:21:12.254+0200][6.302s] GC(104)   Other: 0.2ms
[2025-06-28T00:21:12.254+0200][6.302s] GC(104) Eden regions: 2->0(2)
[2025-06-28T00:21:12.254+0200][6.302s] GC(104) Survivor regions: 1->1(1)
[2025-06-28T00:21:12.254+0200][6.302s] GC(104) Old regions: 16->16
[2025-06-28T00:21:12.254+0200][6.302s] GC(104) Humongous regions: 0->0
[2025-06-28T00:21:12.254+0200][6.302s] GC(104) Metaspace: 29215K(29696K)->29215K(29696K) NonClass: 25531K(25792K)->25531K(25792K) Class: 3683K(3904K)->3683K(3904K)
[2025-06-28T00:21:12.255+0200][6.302s] GC(104) Pause Young (Concurrent Start) (G1 Evacuation Pause) 17M->15M(22M) 2.950ms
[2025-06-28T00:21:12.255+0200][6.302s] GC(104) User=0.00s Sys=0.00s Real=0.00s
[2025-06-28T00:21:12.255+0200][6.302s] GC(105) Concurrent Mark Cycle
[2025-06-28T00:21:12.255+0200][6.302s] GC(105) Concurrent Scan Root Regions
[2025-06-28T00:21:12.256+0200][6.304s] GC(105) Concurrent Scan Root Regions 1.113ms
[2025-06-28T00:21:12.256+0200][6.304s] GC(105) Concurrent Mark
[2025-06-28T00:21:12.256+0200][6.304s] GC(105) Concurrent Mark From Roots
[2025-06-28T00:21:12.256+0200][6.304s] GC(105) Using 3 workers of 3 for marking
[2025-06-28T00:21:12.269+0200][6.317s] GC(105) Concurrent Mark From Roots 13.437ms
[2025-06-28T00:21:12.270+0200][6.317s] GC(105) Concurrent Preclean
[2025-06-28T00:21:12.270+0200][6.317s] GC(105) Concurrent Preclean 0.121ms
[2025-06-28T00:21:12.270+0200][6.318s] GC(105) Pause Remark
[2025-06-28T00:21:12.287+0200][6.335s] GC(105) Pause Remark 16M->16M(22M) 17.838ms
[2025-06-28T00:21:12.287+0200][6.336s] GC(105) User=0.03s Sys=0.00s Real=0.02s
[2025-06-28T00:21:12.287+0200][6.336s] GC(105) Concurrent Mark 31.957ms
[2025-06-28T00:21:12.287+0200][6.336s] GC(105) Concurrent Rebuild Remembered Sets and Scrub Regions
[2025-06-28T00:21:12.295+0200][6.343s] GC(105) Concurrent Rebuild Remembered Sets and Scrub Regions 7.765ms
[2025-06-28T00:21:12.295+0200][6.344s] GC(105) Pause Cleanup
[2025-06-28T00:21:12.295+0200][6.344s] GC(105) Pause Cleanup 16M->16M(22M) 0.173ms
[2025-06-28T00:21:12.296+0200][6.344s] GC(105) User=0.00s Sys=0.00s Real=0.00s
[2025-06-28T00:21:12.296+0200][6.344s] GC(105) Concurrent Clear Claimed Marks
[2025-06-28T00:21:12.296+0200][6.344s] GC(105) Concurrent Clear Claimed Marks 0.082ms
[2025-06-28T00:21:12.296+0200][6.344s] GC(105) Concurrent Cleanup for Next Mark
[2025-06-28T00:21:12.296+0200][6.344s] GC(105) Concurrent Cleanup for Next Mark 0.122ms
[2025-06-28T00:21:12.296+0200][6.344s] GC(105) Concurrent Mark Cycle 41.812ms
[2025-06-28T00:21:12.323+0200][6.372s] GC(106) Pause Young (Prepare Mixed) (G1 Evacuation Pause)
[2025-06-28T00:21:12.323+0200][6.372s] GC(106) Using 2 workers of 10 for evacuation
[2025-06-28T00:21:12.327+0200][6.375s] GC(106)   Pre Evacuate Collection Set: 0.2ms
[2025-06-28T00:21:12.327+0200][6.375s] GC(106)   Merge Heap Roots: 0.1ms
[2025-06-28T00:21:12.327+0200][6.375s] GC(106)   Evacuate Collection Set: 2.2ms
[2025-06-28T00:21:12.327+0200][6.375s] GC(106)   Post Evacuate Collection Set: 0.4ms
[2025-06-28T00:21:12.327+0200][6.375s] GC(106)   Other: 0.1ms
[2025-06-28T00:21:12.327+0200][6.375s] GC(106) Eden regions: 2->0(2)
[2025-06-28T00:21:12.327+0200][6.375s] GC(106) Survivor regions: 1->1(1)
[2025-06-28T00:21:12.327+0200][6.375s] GC(106) Old regions: 16->16
[2025-06-28T00:21:12.327+0200][6.375s] GC(106) Humongous regions: 0->0
[2025-06-28T00:21:12.327+0200][6.375s] GC(106) Metaspace: 29456K(29952K)->29456K(29952K) NonClass: 25748K(26048K)->25748K(26048K) Class: 3708K(3904K)->3708K(3904K)
[2025-06-28T00:21:12.327+0200][6.375s] GC(106) Pause Young (Prepare Mixed) (G1 Evacuation Pause) 17M->15M(22M) 3.481ms
[2025-06-28T00:21:12.327+0200][6.375s] GC(106) User=0.02s Sys=0.00s Real=0.00s
[2025-06-28T00:21:12.360+0200][6.408s] GC(107) Pause Young (Mixed) (G1 Evacuation Pause)
[2025-06-28T00:21:12.360+0200][6.408s] GC(107) Using 2 workers of 10 for evacuation
[2025-06-28T00:21:12.365+0200][6.413s] GC(107)   Pre Evacuate Collection Set: 0.2ms
[2025-06-28T00:21:12.365+0200][6.413s] GC(107)   Merge Heap Roots: 0.1ms
[2025-06-28T00:21:12.365+0200][6.413s] GC(107)   Evacuate Collection Set: 4.3ms
[2025-06-28T00:21:12.365+0200][6.413s] GC(107)   Post Evacuate Collection Set: 0.5ms
[2025-06-28T00:21:12.365+0200][6.413s] GC(107)   Other: 0.1ms
[2025-06-28T00:21:12.365+0200][6.413s] GC(107) Eden regions: 2->0(2)
[2025-06-28T00:21:12.365+0200][6.413s] GC(107) Survivor regions: 1->1(1)
[2025-06-28T00:21:12.365+0200][6.413s] GC(107) Old regions: 16->16
[2025-06-28T00:21:12.365+0200][6.413s] GC(107) Humongous regions: 0->0
[2025-06-28T00:21:12.365+0200][6.413s] GC(107) Metaspace: 29688K(30208K)->29688K(30208K) NonClass: 25961K(26240K)->25961K(26240K) Class: 3727K(3968K)->3727K(3968K)
[2025-06-28T00:21:12.365+0200][6.413s] GC(107) Pause Young (Mixed) (G1 Evacuation Pause) 17M->15M(22M) 5.614ms
[2025-06-28T00:21:12.365+0200][6.413s] GC(107) User=0.00s Sys=0.00s Real=0.01s
[2025-06-28T00:21:12.406+0200][6.455s] GC(108) Pause Young (Concurrent Start) (G1 Evacuation Pause)
[2025-06-28T00:21:12.406+0200][6.455s] GC(108) Using 2 workers of 10 for evacuation
[2025-06-28T00:21:12.409+0200][6.458s] GC(108)   Pre Evacuate Collection Set: 0.2ms
[2025-06-28T00:21:12.409+0200][6.458s] GC(108)   Merge Heap Roots: 0.1ms
[2025-06-28T00:21:12.409+0200][6.458s] GC(108)   Evacuate Collection Set: 2.0ms
[2025-06-28T00:21:12.409+0200][6.458s] GC(108)   Post Evacuate Collection Set: 0.4ms
[2025-06-28T00:21:12.410+0200][6.458s] GC(108)   Other: 0.2ms
[2025-06-28T00:21:12.410+0200][6.458s] GC(108) Eden regions: 2->0(2)
[2025-06-28T00:21:12.410+0200][6.458s] GC(108) Survivor regions: 1->1(1)
[2025-06-28T00:21:12.410+0200][6.458s] GC(108) Old regions: 16->16
[2025-06-28T00:21:12.410+0200][6.458s] GC(108) Humongous regions: 0->0
[2025-06-28T00:21:12.410+0200][6.458s] GC(108) Metaspace: 29917K(30400K)->29917K(30400K) NonClass: 26166K(26432K)->26166K(26432K) Class: 3750K(3968K)->3750K(3968K)
[2025-06-28T00:21:12.410+0200][6.458s] GC(108) Pause Young (Concurrent Start) (G1 Evacuation Pause) 17M->15M(22M) 3.480ms
[2025-06-28T00:21:12.410+0200][6.458s] GC(108) User=0.00s Sys=0.00s Real=0.00s
[2025-06-28T00:21:12.410+0200][6.458s] GC(109) Concurrent Mark Cycle
[2025-06-28T00:21:12.410+0200][6.458s] GC(109) Concurrent Scan Root Regions
[2025-06-28T00:21:12.411+0200][6.459s] GC(109) Concurrent Scan Root Regions 0.852ms
[2025-06-28T00:21:12.411+0200][6.459s] GC(109) Concurrent Mark
[2025-06-28T00:21:12.411+0200][6.459s] GC(109) Concurrent Mark From Roots
[2025-06-28T00:21:12.411+0200][6.459s] GC(109) Using 3 workers of 3 for marking
[2025-06-28T00:21:12.424+0200][6.472s] GC(109) Concurrent Mark From Roots 12.894ms
[2025-06-28T00:21:12.424+0200][6.472s] GC(109) Concurrent Preclean
[2025-06-28T00:21:12.424+0200][6.473s] GC(109) Concurrent Preclean 0.141ms
[2025-06-28T00:21:12.424+0200][6.473s] GC(109) Pause Remark
[2025-06-28T00:21:12.430+0200][6.479s] GC(109) Pause Remark 16M->16M(22M) 6.038ms
[2025-06-28T00:21:12.430+0200][6.479s] GC(109) User=0.00s Sys=0.00s Real=0.01s
[2025-06-28T00:21:12.430+0200][6.479s] GC(109) Concurrent Mark 19.547ms
[2025-06-28T00:21:12.431+0200][6.479s] GC(109) Concurrent Rebuild Remembered Sets and Scrub Regions
[2025-06-28T00:21:12.437+0200][6.485s] GC(109) Concurrent Rebuild Remembered Sets and Scrub Regions 6.050ms
[2025-06-28T00:21:12.437+0200][6.485s] GC(109) Pause Cleanup
[2025-06-28T00:21:12.437+0200][6.486s] GC(109) Pause Cleanup 16M->16M(22M) 0.241ms
[2025-06-28T00:21:12.437+0200][6.486s] GC(109) User=0.00s Sys=0.00s Real=0.00s
[2025-06-28T00:21:12.437+0200][6.486s] GC(109) Concurrent Clear Claimed Marks
[2025-06-28T00:21:12.437+0200][6.486s] GC(109) Concurrent Clear Claimed Marks 0.106ms
[2025-06-28T00:21:12.437+0200][6.486s] GC(109) Concurrent Cleanup for Next Mark
[2025-06-28T00:21:12.437+0200][6.486s] GC(109) Concurrent Cleanup for Next Mark 0.138ms
[2025-06-28T00:21:12.437+0200][6.486s] GC(109) Concurrent Mark Cycle 27.574ms
[2025-06-28T00:21:12.468+0200][6.517s] GC(110) Pause Young (Prepare Mixed) (G1 Evacuation Pause)
[2025-06-28T00:21:12.468+0200][6.517s] GC(110) Using 2 workers of 10 for evacuation
[2025-06-28T00:21:12.471+0200][6.520s] GC(110)   Pre Evacuate Collection Set: 0.2ms
[2025-06-28T00:21:12.471+0200][6.520s] GC(110)   Merge Heap Roots: 0.1ms
[2025-06-28T00:21:12.471+0200][6.520s] GC(110)   Evacuate Collection Set: 2.0ms
[2025-06-28T00:21:12.471+0200][6.520s] GC(110)   Post Evacuate Collection Set: 0.5ms
[2025-06-28T00:21:12.471+0200][6.520s] GC(110)   Other: 0.1ms
[2025-06-28T00:21:12.471+0200][6.520s] GC(110) Eden regions: 2->0(2)
[2025-06-28T00:21:12.471+0200][6.520s] GC(110) Survivor regions: 1->1(1)
[2025-06-28T00:21:12.471+0200][6.520s] GC(110) Old regions: 16->16
[2025-06-28T00:21:12.471+0200][6.520s] GC(110) Humongous regions: 0->0
[2025-06-28T00:21:12.471+0200][6.520s] GC(110) Metaspace: 30168K(30592K)->30168K(30592K) NonClass: 26391K(26624K)->26391K(26624K) Class: 3777K(3968K)->3777K(3968K)
[2025-06-28T00:21:12.471+0200][6.520s] GC(110) Pause Young (Prepare Mixed) (G1 Evacuation Pause) 17M->16M(22M) 3.474ms
[2025-06-28T00:21:12.471+0200][6.520s] GC(110) User=0.00s Sys=0.00s Real=0.00s
[2025-06-28T00:21:12.525+0200][6.573s] GC(111) Pause Young (Mixed) (G1 Evacuation Pause)
[2025-06-28T00:21:12.525+0200][6.573s] GC(111) Using 2 workers of 10 for evacuation
[2025-06-28T00:21:12.532+0200][6.580s] GC(111)   Pre Evacuate Collection Set: 0.3ms
[2025-06-28T00:21:12.532+0200][6.580s] GC(111)   Merge Heap Roots: 0.3ms
[2025-06-28T00:21:12.532+0200][6.580s] GC(111)   Evacuate Collection Set: 6.0ms
[2025-06-28T00:21:12.532+0200][6.580s] GC(111)   Post Evacuate Collection Set: 0.6ms
[2025-06-28T00:21:12.532+0200][6.580s] GC(111)   Other: 0.2ms
[2025-06-28T00:21:12.532+0200][6.580s] GC(111) Eden regions: 2->0(2)
[2025-06-28T00:21:12.532+0200][6.580s] GC(111) Survivor regions: 1->1(1)
[2025-06-28T00:21:12.532+0200][6.580s] GC(111) Old regions: 16->16
[2025-06-28T00:21:12.532+0200][6.580s] GC(111) Humongous regions: 0->0
[2025-06-28T00:21:12.532+0200][6.580s] GC(111) Metaspace: 30457K(30912K)->30457K(30912K) NonClass: 26650K(26880K)->26650K(26880K) Class: 3807K(4032K)->3807K(4032K)
[2025-06-28T00:21:12.532+0200][6.580s] GC(111) Pause Young (Mixed) (G1 Evacuation Pause) 18M->16M(22M) 7.968ms
[2025-06-28T00:21:12.532+0200][6.581s] GC(111) User=0.03s Sys=0.02s Real=0.01s
[2025-06-28T00:21:12.586+0200][6.633s] GC(112) Pause Young (Concurrent Start) (G1 Evacuation Pause)
[2025-06-28T00:21:12.586+0200][6.634s] GC(112) Using 2 workers of 10 for evacuation
[2025-06-28T00:21:12.589+0200][6.636s] GC(112)   Pre Evacuate Collection Set: 0.2ms
[2025-06-28T00:21:12.589+0200][6.637s] GC(112)   Merge Heap Roots: 0.1ms
[2025-06-28T00:21:12.589+0200][6.637s] GC(112)   Evacuate Collection Set: 2.0ms
[2025-06-28T00:21:12.589+0200][6.637s] GC(112)   Post Evacuate Collection Set: 0.4ms
[2025-06-28T00:21:12.589+0200][6.637s] GC(112)   Other: 0.2ms
[2025-06-28T00:21:12.589+0200][6.637s] GC(112) Eden regions: 2->0(2)
[2025-06-28T00:21:12.589+0200][6.637s] GC(112) Survivor regions: 1->1(1)
[2025-06-28T00:21:12.589+0200][6.637s] GC(112) Old regions: 16->16
[2025-06-28T00:21:12.589+0200][6.637s] GC(112) Humongous regions: 0->0
[2025-06-28T00:21:12.589+0200][6.637s] GC(112) Metaspace: 30690K(31168K)->30690K(31168K) NonClass: 26859K(27136K)->26859K(27136K) Class: 3831K(4032K)->3831K(4032K)
[2025-06-28T00:21:12.589+0200][6.637s] GC(112) Pause Young (Concurrent Start) (G1 Evacuation Pause) 18M->16M(22M) 3.280ms
[2025-06-28T00:21:12.589+0200][6.637s] GC(112) User=0.00s Sys=0.00s Real=0.00s
[2025-06-28T00:21:12.589+0200][6.637s] GC(113) Concurrent Mark Cycle
[2025-06-28T00:21:12.589+0200][6.637s] GC(113) Concurrent Scan Root Regions
[2025-06-28T00:21:12.591+0200][6.638s] GC(113) Concurrent Scan Root Regions 1.400ms
[2025-06-28T00:21:12.591+0200][6.638s] GC(113) Concurrent Mark
[2025-06-28T00:21:12.591+0200][6.638s] GC(113) Concurrent Mark From Roots
[2025-06-28T00:21:12.591+0200][6.638s] GC(113) Using 3 workers of 3 for marking
[2025-06-28T00:21:12.607+0200][6.655s] GC(113) Concurrent Mark From Roots 16.327ms
[2025-06-28T00:21:12.607+0200][6.655s] GC(113) Concurrent Preclean
[2025-06-28T00:21:12.607+0200][6.655s] GC(113) Concurrent Preclean 0.156ms
[2025-06-28T00:21:12.607+0200][6.655s] GC(113) Pause Remark
[2025-06-28T00:21:12.616+0200][6.664s] GC(113) Pause Remark 16M->16M(22M) 9.039ms
[2025-06-28T00:21:12.616+0200][6.664s] GC(113) User=0.00s Sys=0.00s Real=0.01s
[2025-06-28T00:21:12.616+0200][6.664s] GC(113) Concurrent Mark 25.926ms
[2025-06-28T00:21:12.616+0200][6.664s] GC(113) Concurrent Rebuild Remembered Sets and Scrub Regions
[2025-06-28T00:21:12.622+0200][6.671s] GC(113) Concurrent Rebuild Remembered Sets and Scrub Regions 6.492ms
[2025-06-28T00:21:12.623+0200][6.671s] GC(113) Pause Cleanup
[2025-06-28T00:21:12.623+0200][6.671s] GC(113) Pause Cleanup 17M->17M(22M) 0.148ms
[2025-06-28T00:21:12.623+0200][6.671s] GC(113) User=0.00s Sys=0.00s Real=0.00s
[2025-06-28T00:21:12.623+0200][6.671s] GC(113) Concurrent Clear Claimed Marks
[2025-06-28T00:21:12.623+0200][6.672s] GC(113) Concurrent Clear Claimed Marks 0.096ms
[2025-06-28T00:21:12.623+0200][6.672s] GC(113) Concurrent Cleanup for Next Mark
[2025-06-28T00:21:12.623+0200][6.672s] GC(113) Concurrent Cleanup for Next Mark 0.133ms
[2025-06-28T00:21:12.623+0200][6.672s] GC(113) Concurrent Mark Cycle 34.924ms
[2025-06-28T00:21:12.642+0200][6.690s] GC(114) Pause Young (Prepare Mixed) (G1 Evacuation Pause)
[2025-06-28T00:21:12.642+0200][6.690s] GC(114) Using 2 workers of 10 for evacuation
[2025-06-28T00:21:12.644+0200][6.693s] GC(114)   Pre Evacuate Collection Set: 0.1ms
[2025-06-28T00:21:12.644+0200][6.693s] GC(114)   Merge Heap Roots: 0.1ms
[2025-06-28T00:21:12.645+0200][6.693s] GC(114)   Evacuate Collection Set: 2.1ms
[2025-06-28T00:21:12.645+0200][6.693s] GC(114)   Post Evacuate Collection Set: 0.4ms
[2025-06-28T00:21:12.645+0200][6.693s] GC(114)   Other: 0.1ms
[2025-06-28T00:21:12.645+0200][6.693s] GC(114) Eden regions: 2->0(2)
[2025-06-28T00:21:12.645+0200][6.693s] GC(114) Survivor regions: 1->1(1)
[2025-06-28T00:21:12.645+0200][6.693s] GC(114) Old regions: 16->16
[2025-06-28T00:21:12.645+0200][6.693s] GC(114) Humongous regions: 0->0
[2025-06-28T00:21:12.645+0200][6.693s] GC(114) Metaspace: 30917K(31424K)->30917K(31424K) NonClass: 27062K(27328K)->27062K(27328K) Class: 3855K(4096K)->3855K(4096K)
[2025-06-28T00:21:12.645+0200][6.693s] GC(114) Pause Young (Prepare Mixed) (G1 Evacuation Pause) 18M->16M(22M) 2.989ms
[2025-06-28T00:21:12.645+0200][6.693s] GC(114) User=0.00s Sys=0.00s Real=0.00s
[2025-06-28T00:21:12.701+0200][6.748s] GC(115) Pause Young (Mixed) (G1 Evacuation Pause)
[2025-06-28T00:21:12.701+0200][6.748s] GC(115) Using 2 workers of 10 for evacuation
[2025-06-28T00:21:12.707+0200][6.754s] GC(115)   Pre Evacuate Collection Set: 0.2ms
[2025-06-28T00:21:12.707+0200][6.755s] GC(115)   Merge Heap Roots: 0.1ms
[2025-06-28T00:21:12.707+0200][6.755s] GC(115)   Evacuate Collection Set: 5.0ms
[2025-06-28T00:21:12.707+0200][6.755s] GC(115)   Post Evacuate Collection Set: 0.7ms
[2025-06-28T00:21:12.707+0200][6.755s] GC(115)   Other: 0.1ms
[2025-06-28T00:21:12.707+0200][6.755s] GC(115) Eden regions: 2->0(2)
[2025-06-28T00:21:12.707+0200][6.755s] GC(115) Survivor regions: 1->1(1)
[2025-06-28T00:21:12.707+0200][6.755s] GC(115) Old regions: 16->16
[2025-06-28T00:21:12.707+0200][6.755s] GC(115) Humongous regions: 0->0
[2025-06-28T00:21:12.707+0200][6.755s] GC(115) Metaspace: 31029K(31552K)->31029K(31552K) NonClass: 27149K(27456K)->27149K(27456K) Class: 3880K(4096K)->3880K(4096K)
[2025-06-28T00:21:12.707+0200][6.755s] GC(115) Pause Young (Mixed) (G1 Evacuation Pause) 18M->16M(22M) 6.512ms
[2025-06-28T00:21:12.707+0200][6.755s] GC(115) User=0.00s Sys=0.00s Real=0.01s
[2025-06-28T00:21:12.764+0200][6.813s] GC(116) Pause Young (Concurrent Start) (G1 Evacuation Pause)
[2025-06-28T00:21:12.765+0200][6.813s] GC(116) Using 2 workers of 10 for evacuation
[2025-06-28T00:21:12.768+0200][6.817s] GC(116)   Pre Evacuate Collection Set: 0.2ms
[2025-06-28T00:21:12.768+0200][6.817s] GC(116)   Merge Heap Roots: 0.1ms
[2025-06-28T00:21:12.768+0200][6.817s] GC(116)   Evacuate Collection Set: 2.7ms
[2025-06-28T00:21:12.768+0200][6.817s] GC(116)   Post Evacuate Collection Set: 0.4ms
[2025-06-28T00:21:12.768+0200][6.817s] GC(116)   Other: 0.2ms
[2025-06-28T00:21:12.768+0200][6.817s] GC(116) Eden regions: 2->0(2)
[2025-06-28T00:21:12.768+0200][6.817s] GC(116) Survivor regions: 1->1(1)
[2025-06-28T00:21:12.768+0200][6.817s] GC(116) Old regions: 16->16
[2025-06-28T00:21:12.768+0200][6.817s] GC(116) Humongous regions: 0->0
[2025-06-28T00:21:12.768+0200][6.817s] GC(116) Metaspace: 31138K(31616K)->31138K(31616K) NonClass: 27241K(27520K)->27241K(27520K) Class: 3897K(4096K)->3897K(4096K)
[2025-06-28T00:21:12.769+0200][6.817s] GC(116) Pause Young (Concurrent Start) (G1 Evacuation Pause) 18M->16M(22M) 4.116ms
[2025-06-28T00:21:12.769+0200][6.817s] GC(116) User=0.00s Sys=0.00s Real=0.01s
[2025-06-28T00:21:12.769+0200][6.817s] GC(117) Concurrent Mark Cycle
[2025-06-28T00:21:12.769+0200][6.817s] GC(117) Concurrent Scan Root Regions
[2025-06-28T00:21:12.771+0200][6.819s] GC(117) Concurrent Scan Root Regions 1.933ms
[2025-06-28T00:21:12.771+0200][6.819s] GC(117) Concurrent Mark
[2025-06-28T00:21:12.771+0200][6.819s] GC(117) Concurrent Mark From Roots
[2025-06-28T00:21:12.771+0200][6.819s] GC(117) Using 3 workers of 3 for marking
[2025-06-28T00:21:12.787+0200][6.835s] GC(117) Concurrent Mark From Roots 15.708ms
[2025-06-28T00:21:12.787+0200][6.835s] GC(117) Concurrent Preclean
[2025-06-28T00:21:12.787+0200][6.835s] GC(117) Concurrent Preclean 0.229ms
[2025-06-28T00:21:12.787+0200][6.836s] GC(117) Pause Remark
[2025-06-28T00:21:12.795+0200][6.843s] GC(117) Pause Remark 16M->16M(22M) 7.037ms
[2025-06-28T00:21:12.795+0200][6.843s] GC(117) User=0.03s Sys=0.02s Real=0.01s
[2025-06-28T00:21:12.795+0200][6.843s] GC(117) Concurrent Mark 23.476ms
[2025-06-28T00:21:12.795+0200][6.843s] GC(117) Concurrent Rebuild Remembered Sets and Scrub Regions
[2025-06-28T00:21:12.801+0200][6.849s] GC(117) Concurrent Rebuild Remembered Sets and Scrub Regions 6.333ms
[2025-06-28T00:21:12.801+0200][6.849s] GC(117) Pause Cleanup
[2025-06-28T00:21:12.801+0200][6.850s] GC(117) Pause Cleanup 16M->16M(22M) 0.146ms
[2025-06-28T00:21:12.802+0200][6.850s] GC(117) User=0.00s Sys=0.00s Real=0.00s
[2025-06-28T00:21:12.802+0200][6.850s] GC(117) Concurrent Clear Claimed Marks
[2025-06-28T00:21:12.802+0200][6.850s] GC(117) Concurrent Clear Claimed Marks 0.091ms
[2025-06-28T00:21:12.802+0200][6.850s] GC(117) Concurrent Cleanup for Next Mark
[2025-06-28T00:21:12.802+0200][6.850s] GC(117) Concurrent Cleanup for Next Mark 0.131ms
[2025-06-28T00:21:12.802+0200][6.850s] GC(117) Concurrent Mark Cycle 32.848ms
[2025-06-28T00:21:12.830+0200][6.878s] GC(118) Pause Young (Prepare Mixed) (G1 Evacuation Pause)
[2025-06-28T00:21:12.830+0200][6.878s] GC(118) Using 2 workers of 10 for evacuation
[2025-06-28T00:21:12.834+0200][6.882s] GC(118)   Pre Evacuate Collection Set: 0.2ms
[2025-06-28T00:21:12.834+0200][6.882s] GC(118)   Merge Heap Roots: 0.1ms
[2025-06-28T00:21:12.834+0200][6.882s] GC(118)   Evacuate Collection Set: 2.9ms
[2025-06-28T00:21:12.834+0200][6.882s] GC(118)   Post Evacuate Collection Set: 0.9ms
[2025-06-28T00:21:12.834+0200][6.882s] GC(118)   Other: 0.1ms
[2025-06-28T00:21:12.834+0200][6.882s] GC(118) Eden regions: 2->0(2)
[2025-06-28T00:21:12.834+0200][6.882s] GC(118) Survivor regions: 1->1(1)
[2025-06-28T00:21:12.834+0200][6.882s] GC(118) Old regions: 16->16
[2025-06-28T00:21:12.834+0200][6.882s] GC(118) Humongous regions: 0->0
[2025-06-28T00:21:12.834+0200][6.882s] GC(118) Metaspace: 31215K(31680K)->31215K(31680K) NonClass: 27305K(27584K)->27305K(27584K) Class: 3910K(4096K)->3910K(4096K)
[2025-06-28T00:21:12.834+0200][6.882s] GC(118) Pause Young (Prepare Mixed) (G1 Evacuation Pause) 18M->16M(22M) 4.594ms
[2025-06-28T00:21:12.834+0200][6.882s] GC(118) User=0.00s Sys=0.00s Real=0.00s
[2025-06-28T00:21:12.870+0200][6.918s] GC(119) Pause Young (Mixed) (G1 Evacuation Pause)
[2025-06-28T00:21:12.871+0200][6.918s] GC(119) Using 2 workers of 10 for evacuation
[2025-06-28T00:21:12.876+0200][6.925s] GC(119)   Pre Evacuate Collection Set: 0.1ms
[2025-06-28T00:21:12.876+0200][6.925s] GC(119)   Merge Heap Roots: 0.1ms
[2025-06-28T00:21:12.876+0200][6.925s] GC(119)   Evacuate Collection Set: 5.8ms
[2025-06-28T00:21:12.876+0200][6.925s] GC(119)   Post Evacuate Collection Set: 0.5ms
[2025-06-28T00:21:12.877+0200][6.925s] GC(119)   Other: 0.1ms
[2025-06-28T00:21:12.877+0200][6.925s] GC(119) Eden regions: 2->0(2)
[2025-06-28T00:21:12.877+0200][6.925s] GC(119) Survivor regions: 1->1(1)
[2025-06-28T00:21:12.877+0200][6.925s] GC(119) Old regions: 16->16
[2025-06-28T00:21:12.877+0200][6.925s] GC(119) Humongous regions: 0->0
[2025-06-28T00:21:12.877+0200][6.925s] GC(119) Metaspace: 31355K(31872K)->31355K(31872K) NonClass: 27429K(27712K)->27429K(27712K) Class: 3925K(4160K)->3925K(4160K)
[2025-06-28T00:21:12.877+0200][6.925s] GC(119) Pause Young (Mixed) (G1 Evacuation Pause) 18M->16M(22M) 7.123ms
[2025-06-28T00:21:12.877+0200][6.925s] GC(119) User=0.05s Sys=0.00s Real=0.01s
[2025-06-28T00:21:12.895+0200][6.943s] GC(120) Pause Young (Concurrent Start) (G1 Evacuation Pause)
[2025-06-28T00:21:12.895+0200][6.943s] GC(120) Using 2 workers of 10 for evacuation
[2025-06-28T00:21:12.898+0200][6.946s] GC(120)   Pre Evacuate Collection Set: 0.2ms
[2025-06-28T00:21:12.898+0200][6.946s] GC(120)   Merge Heap Roots: 0.1ms
[2025-06-28T00:21:12.898+0200][6.946s] GC(120)   Evacuate Collection Set: 2.0ms
[2025-06-28T00:21:12.898+0200][6.946s] GC(120)   Post Evacuate Collection Set: 0.4ms
[2025-06-28T00:21:12.898+0200][6.946s] GC(120)   Other: 0.1ms
[2025-06-28T00:21:12.898+0200][6.946s] GC(120) Eden regions: 2->0(2)
[2025-06-28T00:21:12.898+0200][6.946s] GC(120) Survivor regions: 1->1(1)
[2025-06-28T00:21:12.898+0200][6.946s] GC(120) Old regions: 16->16
[2025-06-28T00:21:12.898+0200][6.946s] GC(120) Humongous regions: 0->0
[2025-06-28T00:21:12.898+0200][6.946s] GC(120) Metaspace: 31359K(31872K)->31359K(31872K) NonClass: 27432K(27712K)->27432K(27712K) Class: 3926K(4160K)->3926K(4160K)
[2025-06-28T00:21:12.898+0200][6.946s] GC(120) Pause Young (Concurrent Start) (G1 Evacuation Pause) 18M->16M(22M) 3.316ms
[2025-06-28T00:21:12.898+0200][6.946s] GC(120) User=0.00s Sys=0.00s Real=0.00s
[2025-06-28T00:21:12.898+0200][6.946s] GC(121) Concurrent Mark Cycle
[2025-06-28T00:21:12.898+0200][6.946s] GC(121) Concurrent Scan Root Regions
[2025-06-28T00:21:12.900+0200][6.948s] GC(121) Concurrent Scan Root Regions 1.578ms
[2025-06-28T00:21:12.900+0200][6.948s] GC(121) Concurrent Mark
[2025-06-28T00:21:12.900+0200][6.948s] GC(121) Concurrent Mark From Roots
[2025-06-28T00:21:12.900+0200][6.948s] GC(121) Using 3 workers of 3 for marking
[2025-06-28T00:21:12.914+0200][6.962s] GC(121) Concurrent Mark From Roots 14.159ms
[2025-06-28T00:21:12.914+0200][6.962s] GC(121) Concurrent Preclean
[2025-06-28T00:21:12.915+0200][6.963s] GC(121) Concurrent Preclean 0.831ms
[2025-06-28T00:21:12.915+0200][6.964s] GC(121) Pause Remark
[2025-06-28T00:21:12.922+0200][6.970s] GC(121) Pause Remark 17M->17M(22M) 6.632ms
[2025-06-28T00:21:12.922+0200][6.970s] GC(121) User=0.03s Sys=0.02s Real=0.01s
[2025-06-28T00:21:12.922+0200][6.970s] GC(121) Concurrent Mark 22.403ms
[2025-06-28T00:21:12.922+0200][6.971s] GC(121) Concurrent Rebuild Remembered Sets and Scrub Regions
[2025-06-28T00:21:12.929+0200][6.977s] GC(121) Concurrent Rebuild Remembered Sets and Scrub Regions 6.612ms
[2025-06-28T00:21:12.929+0200][6.977s] GC(121) Pause Cleanup
[2025-06-28T00:21:12.929+0200][6.978s] GC(121) Pause Cleanup 17M->17M(22M) 0.178ms
[2025-06-28T00:21:12.929+0200][6.978s] GC(121) User=0.00s Sys=0.00s Real=0.00s
[2025-06-28T00:21:12.929+0200][6.978s] GC(121) Concurrent Clear Claimed Marks
[2025-06-28T00:21:12.929+0200][6.978s] GC(121) Concurrent Clear Claimed Marks 0.078ms
[2025-06-28T00:21:12.929+0200][6.978s] GC(121) Concurrent Cleanup for Next Mark
[2025-06-28T00:21:12.929+0200][6.978s] GC(121) Concurrent Cleanup for Next Mark 0.109ms
[2025-06-28T00:21:12.929+0200][6.978s] GC(121) Concurrent Mark Cycle 31.637ms
[2025-06-28T00:21:12.964+0200][7.012s] GC(122) Pause Young (Prepare Mixed) (G1 Evacuation Pause)
[2025-06-28T00:21:12.964+0200][7.012s] GC(122) Using 2 workers of 10 for evacuation
[2025-06-28T00:21:12.968+0200][7.016s] GC(122)   Pre Evacuate Collection Set: 0.2ms
[2025-06-28T00:21:12.968+0200][7.016s] GC(122)   Merge Heap Roots: 0.1ms
[2025-06-28T00:21:12.968+0200][7.016s] GC(122)   Evacuate Collection Set: 2.5ms
[2025-06-28T00:21:12.968+0200][7.016s] GC(122)   Post Evacuate Collection Set: 0.8ms
[2025-06-28T00:21:12.968+0200][7.016s] GC(122)   Other: 0.1ms
[2025-06-28T00:21:12.968+0200][7.016s] GC(122) Eden regions: 2->0(1)
[2025-06-28T00:21:12.968+0200][7.016s] GC(122) Survivor regions: 1->1(1)
[2025-06-28T00:21:12.968+0200][7.016s] GC(122) Old regions: 16->17
[2025-06-28T00:21:12.968+0200][7.016s] GC(122) Humongous regions: 0->0
[2025-06-28T00:21:12.968+0200][7.016s] GC(122) Metaspace: 31434K(31936K)->31434K(31936K) NonClass: 27495K(27776K)->27495K(27776K) Class: 3938K(4160K)->3938K(4160K)
[2025-06-28T00:21:12.968+0200][7.016s] GC(122) Pause Young (Prepare Mixed) (G1 Evacuation Pause) 18M->16M(22M) 4.035ms
[2025-06-28T00:21:12.968+0200][7.016s] GC(122) User=0.00s Sys=0.00s Real=0.00s
[2025-06-28T00:21:12.988+0200][7.036s] GC(123) Pause Young (Mixed) (G1 Evacuation Pause)
[2025-06-28T00:21:12.988+0200][7.036s] GC(123) Using 2 workers of 10 for evacuation
[2025-06-28T00:21:12.995+0200][7.043s] GC(123)   Pre Evacuate Collection Set: 0.1ms
[2025-06-28T00:21:12.995+0200][7.043s] GC(123)   Merge Heap Roots: 0.1ms
[2025-06-28T00:21:12.995+0200][7.043s] GC(123)   Evacuate Collection Set: 6.7ms
[2025-06-28T00:21:12.995+0200][7.043s] GC(123)   Post Evacuate Collection Set: 0.5ms
[2025-06-28T00:21:12.995+0200][7.043s] GC(123)   Other: 0.1ms
[2025-06-28T00:21:12.995+0200][7.043s] GC(123) Eden regions: 1->0(1)
[2025-06-28T00:21:12.995+0200][7.043s] GC(123) Survivor regions: 1->1(1)
[2025-06-28T00:21:12.995+0200][7.043s] GC(123) Old regions: 17->17
[2025-06-28T00:21:12.995+0200][7.043s] GC(123) Humongous regions: 0->0
[2025-06-28T00:21:12.995+0200][7.043s] GC(123) Metaspace: 31491K(31936K)->31491K(31936K) NonClass: 27537K(27776K)->27537K(27776K) Class: 3953K(4160K)->3953K(4160K)
[2025-06-28T00:21:12.995+0200][7.043s] GC(123) Pause Young (Mixed) (G1 Evacuation Pause) 17M->16M(22M) 7.753ms
[2025-06-28T00:21:12.995+0200][7.043s] GC(123) User=0.05s Sys=0.03s Real=0.01s
[2025-06-28T00:21:13.021+0200][7.069s] GC(124) Pause Young (Concurrent Start) (G1 Evacuation Pause)
[2025-06-28T00:21:13.021+0200][7.069s] GC(124) Using 2 workers of 10 for evacuation
[2025-06-28T00:21:13.024+0200][7.072s] GC(124)   Pre Evacuate Collection Set: 0.2ms
[2025-06-28T00:21:13.024+0200][7.072s] GC(124)   Merge Heap Roots: 0.1ms
[2025-06-28T00:21:13.024+0200][7.072s] GC(124)   Evacuate Collection Set: 1.9ms
[2025-06-28T00:21:13.024+0200][7.072s] GC(124)   Post Evacuate Collection Set: 0.4ms
[2025-06-28T00:21:13.024+0200][7.072s] GC(124)   Other: 0.1ms
[2025-06-28T00:21:13.024+0200][7.072s] GC(124) Eden regions: 1->0(1)
[2025-06-28T00:21:13.024+0200][7.072s] GC(124) Survivor regions: 1->1(1)
[2025-06-28T00:21:13.024+0200][7.072s] GC(124) Old regions: 17->17
[2025-06-28T00:21:13.024+0200][7.072s] GC(124) Humongous regions: 0->0
[2025-06-28T00:21:13.024+0200][7.072s] GC(124) Metaspace: 31620K(32128K)->31620K(32128K) NonClass: 27639K(27904K)->27639K(27904K) Class: 3981K(4224K)->3981K(4224K)
[2025-06-28T00:21:13.024+0200][7.072s] GC(124) Pause Young (Concurrent Start) (G1 Evacuation Pause) 17M->16M(22M) 3.109ms
[2025-06-28T00:21:13.024+0200][7.072s] GC(124) User=0.00s Sys=0.00s Real=0.00s
[2025-06-28T00:21:13.024+0200][7.072s] GC(125) Concurrent Mark Cycle
[2025-06-28T00:21:13.025+0200][7.072s] GC(125) Concurrent Scan Root Regions
[2025-06-28T00:21:13.026+0200][7.074s] GC(125) Concurrent Scan Root Regions 1.513ms
[2025-06-28T00:21:13.026+0200][7.074s] GC(125) Concurrent Mark
[2025-06-28T00:21:13.026+0200][7.074s] GC(125) Concurrent Mark From Roots
[2025-06-28T00:21:13.026+0200][7.074s] GC(125) Using 3 workers of 3 for marking
[2025-06-28T00:21:13.041+0200][7.089s] GC(125) Concurrent Mark From Roots 15.110ms
[2025-06-28T00:21:13.048+0200][7.096s] GC(126) Pause Young (Normal) (G1 Evacuation Pause)
[2025-06-28T00:21:13.053+0200][7.100s] GC(125) Concurrent Preclean
[2025-06-28T00:21:13.053+0200][7.100s] GC(126) Using 2 workers of 10 for evacuation
[2025-06-28T00:21:13.056+0200][7.104s] GC(126)   Pre Evacuate Collection Set: 0.2ms
[2025-06-28T00:21:13.056+0200][7.104s] GC(126)   Merge Heap Roots: 0.1ms
[2025-06-28T00:21:13.056+0200][7.104s] GC(126)   Evacuate Collection Set: 2.3ms
[2025-06-28T00:21:13.056+0200][7.104s] GC(126)   Post Evacuate Collection Set: 0.5ms
[2025-06-28T00:21:13.056+0200][7.104s] GC(126)   Other: 0.4ms
[2025-06-28T00:21:13.056+0200][7.104s] GC(126) Eden regions: 1->0(1)
[2025-06-28T00:21:13.056+0200][7.104s] GC(126) Survivor regions: 1->1(1)
[2025-06-28T00:21:13.056+0200][7.104s] GC(126) Old regions: 17->17
[2025-06-28T00:21:13.056+0200][7.104s] GC(126) Humongous regions: 0->0
[2025-06-28T00:21:13.056+0200][7.104s] GC(126) Metaspace: 31660K(32128K)->31660K(32128K) NonClass: 27671K(27904K)->27671K(27904K) Class: 3989K(4224K)->3989K(4224K)
[2025-06-28T00:21:13.056+0200][7.104s] GC(126) Pause Young (Normal) (G1 Evacuation Pause) 17M->16M(22M) 8.117ms
[2025-06-28T00:21:13.057+0200][7.104s] GC(126) User=0.00s Sys=0.00s Real=0.01s
[2025-06-28T00:21:13.057+0200][7.105s] GC(125) Concurrent Preclean 4.307ms
[2025-06-28T00:21:13.057+0200][7.105s] GC(125) Pause Remark
[2025-06-28T00:21:13.063+0200][7.111s] GC(125) Pause Remark 16M->16M(22M) 6.425ms
[2025-06-28T00:21:13.064+0200][7.111s] GC(125) User=0.05s Sys=0.00s Real=0.01s
[2025-06-28T00:21:13.064+0200][7.111s] GC(125) Concurrent Mark 37.362ms
[2025-06-28T00:21:13.064+0200][7.111s] GC(125) Concurrent Rebuild Remembered Sets and Scrub Regions
[2025-06-28T00:21:13.070+0200][7.118s] GC(125) Concurrent Rebuild Remembered Sets and Scrub Regions 6.190ms
[2025-06-28T00:21:13.070+0200][7.118s] GC(125) Pause Cleanup
[2025-06-28T00:21:13.070+0200][7.118s] GC(125) Pause Cleanup 16M->16M(22M) 0.179ms
[2025-06-28T00:21:13.070+0200][7.118s] GC(125) User=0.00s Sys=0.00s Real=0.00s
[2025-06-28T00:21:13.071+0200][7.118s] GC(125) Concurrent Clear Claimed Marks
[2025-06-28T00:21:13.071+0200][7.119s] GC(125) Concurrent Clear Claimed Marks 0.321ms
[2025-06-28T00:21:13.071+0200][7.119s] GC(125) Concurrent Cleanup for Next Mark
[2025-06-28T00:21:13.071+0200][7.119s] GC(125) Concurrent Cleanup for Next Mark 0.308ms
[2025-06-28T00:21:13.071+0200][7.119s] GC(125) Concurrent Mark Cycle 46.774ms
[2025-06-28T00:21:13.091+0200][7.140s] GC(127) Pause Young (Prepare Mixed) (G1 Evacuation Pause)
[2025-06-28T00:21:13.091+0200][7.140s] GC(127) Using 2 workers of 10 for evacuation
[2025-06-28T00:21:13.095+0200][7.143s] GC(127)   Pre Evacuate Collection Set: 0.3ms
[2025-06-28T00:21:13.095+0200][7.143s] GC(127)   Merge Heap Roots: 0.1ms
[2025-06-28T00:21:13.095+0200][7.143s] GC(127)   Evacuate Collection Set: 2.3ms
[2025-06-28T00:21:13.095+0200][7.143s] GC(127)   Post Evacuate Collection Set: 0.5ms
[2025-06-28T00:21:13.095+0200][7.143s] GC(127)   Other: 0.1ms
[2025-06-28T00:21:13.095+0200][7.143s] GC(127) Eden regions: 1->0(1)
[2025-06-28T00:21:13.095+0200][7.143s] GC(127) Survivor regions: 1->1(1)
[2025-06-28T00:21:13.095+0200][7.143s] GC(127) Old regions: 17->17
[2025-06-28T00:21:13.095+0200][7.143s] GC(127) Humongous regions: 0->0
[2025-06-28T00:21:13.095+0200][7.143s] GC(127) Metaspace: 31734K(32192K)->31734K(32192K) NonClass: 27731K(27968K)->27731K(27968K) Class: 4002K(4224K)->4002K(4224K)
[2025-06-28T00:21:13.095+0200][7.143s] GC(127) Pause Young (Prepare Mixed) (G1 Evacuation Pause) 17M->16M(22M) 3.575ms
[2025-06-28T00:21:13.095+0200][7.143s] GC(127) User=0.00s Sys=0.00s Real=0.00s
[2025-06-28T00:21:13.116+0200][7.165s] GC(128) Pause Young (Mixed) (G1 Evacuation Pause)
[2025-06-28T00:21:13.117+0200][7.165s] GC(128) Using 2 workers of 10 for evacuation
[2025-06-28T00:21:13.123+0200][7.171s] GC(128)   Pre Evacuate Collection Set: 0.2ms
[2025-06-28T00:21:13.123+0200][7.171s] GC(128)   Merge Heap Roots: 0.1ms
[2025-06-28T00:21:13.123+0200][7.171s] GC(128)   Evacuate Collection Set: 4.2ms
[2025-06-28T00:21:13.123+0200][7.171s] GC(128)   Post Evacuate Collection Set: 1.3ms
[2025-06-28T00:21:13.123+0200][7.171s] GC(128)   Other: 0.1ms
[2025-06-28T00:21:13.123+0200][7.171s] GC(128) Eden regions: 1->0(1)
[2025-06-28T00:21:13.123+0200][7.171s] GC(128) Survivor regions: 1->1(1)
[2025-06-28T00:21:13.123+0200][7.171s] GC(128) Old regions: 17->17
[2025-06-28T00:21:13.123+0200][7.171s] GC(128) Humongous regions: 0->0
[2025-06-28T00:21:13.123+0200][7.171s] GC(128) Metaspace: 31840K(32320K)->31840K(32320K) NonClass: 27819K(28096K)->27819K(28096K) Class: 4021K(4224K)->4021K(4224K)
[2025-06-28T00:21:13.123+0200][7.171s] GC(128) Pause Young (Mixed) (G1 Evacuation Pause) 17M->16M(22M) 6.170ms
[2025-06-28T00:21:13.123+0200][7.171s] GC(128) User=0.02s Sys=0.02s Real=0.01s
[2025-06-28T00:21:13.144+0200][7.192s] GC(129) Pause Young (Concurrent Start) (G1 Evacuation Pause)
[2025-06-28T00:21:13.144+0200][7.192s] GC(129) Using 2 workers of 10 for evacuation
[2025-06-28T00:21:13.147+0200][7.195s] GC(129)   Pre Evacuate Collection Set: 0.2ms
[2025-06-28T00:21:13.147+0200][7.195s] GC(129)   Merge Heap Roots: 0.0ms
[2025-06-28T00:21:13.147+0200][7.195s] GC(129)   Evacuate Collection Set: 1.6ms
[2025-06-28T00:21:13.147+0200][7.195s] GC(129)   Post Evacuate Collection Set: 0.5ms
[2025-06-28T00:21:13.147+0200][7.195s] GC(129)   Other: 0.2ms
[2025-06-28T00:21:13.147+0200][7.195s] GC(129) Eden regions: 1->0(1)
[2025-06-28T00:21:13.147+0200][7.195s] GC(129) Survivor regions: 1->1(1)
[2025-06-28T00:21:13.147+0200][7.195s] GC(129) Old regions: 17->17
[2025-06-28T00:21:13.147+0200][7.195s] GC(129) Humongous regions: 0->0
[2025-06-28T00:21:13.147+0200][7.195s] GC(129) Metaspace: 31994K(32512K)->31994K(32512K) NonClass: 27964K(28224K)->27964K(28224K) Class: 4030K(4288K)->4030K(4288K)
[2025-06-28T00:21:13.147+0200][7.195s] GC(129) Pause Young (Concurrent Start) (G1 Evacuation Pause) 17M->16M(22M) 2.836ms
[2025-06-28T00:21:13.147+0200][7.195s] GC(129) User=0.00s Sys=0.00s Real=0.00s
[2025-06-28T00:21:13.147+0200][7.195s] GC(130) Concurrent Mark Cycle
[2025-06-28T00:21:13.147+0200][7.195s] GC(130) Concurrent Scan Root Regions
[2025-06-28T00:21:13.148+0200][7.196s] GC(130) Concurrent Scan Root Regions 1.460ms
[2025-06-28T00:21:13.148+0200][7.196s] GC(130) Concurrent Mark
[2025-06-28T00:21:13.148+0200][7.196s] GC(130) Concurrent Mark From Roots
[2025-06-28T00:21:13.148+0200][7.196s] GC(130) Using 3 workers of 3 for marking
[2025-06-28T00:21:13.165+0200][7.214s] GC(130) Concurrent Mark From Roots 17.186ms
[2025-06-28T00:21:13.166+0200][7.214s] GC(130) Concurrent Preclean
[2025-06-28T00:21:13.166+0200][7.214s] GC(130) Concurrent Preclean 0.182ms
[2025-06-28T00:21:13.181+0200][7.228s] GC(130) Pause Remark
[2025-06-28T00:21:13.186+0200][7.234s] GC(130) Pause Remark 16M->16M(22M) 5.662ms
[2025-06-28T00:21:13.186+0200][7.234s] GC(130) User=0.05s Sys=0.00s Real=0.01s
[2025-06-28T00:21:13.186+0200][7.234s] GC(130) Concurrent Mark 37.772ms
[2025-06-28T00:21:13.186+0200][7.234s] GC(130) Concurrent Rebuild Remembered Sets and Scrub Regions
[2025-06-28T00:21:13.191+0200][7.239s] GC(130) Concurrent Rebuild Remembered Sets and Scrub Regions 4.722ms
[2025-06-28T00:21:13.191+0200][7.239s] GC(130) Pause Cleanup
[2025-06-28T00:21:13.191+0200][7.239s] GC(130) Pause Cleanup 16M->16M(22M) 0.169ms
[2025-06-28T00:21:13.191+0200][7.239s] GC(130) User=0.00s Sys=0.00s Real=0.00s
[2025-06-28T00:21:13.192+0200][7.240s] GC(130) Concurrent Clear Claimed Marks
[2025-06-28T00:21:13.192+0200][7.240s] GC(130) Concurrent Clear Claimed Marks 0.104ms
[2025-06-28T00:21:13.192+0200][7.240s] GC(130) Concurrent Cleanup for Next Mark
[2025-06-28T00:21:13.192+0200][7.240s] GC(130) Concurrent Cleanup for Next Mark 0.123ms
[2025-06-28T00:21:13.192+0200][7.240s] GC(130) Concurrent Mark Cycle 45.030ms
[2025-06-28T00:21:13.211+0200][7.259s] GC(131) Pause Young (Prepare Mixed) (G1 Evacuation Pause)
[2025-06-28T00:21:13.211+0200][7.259s] GC(131) Using 2 workers of 10 for evacuation
[2025-06-28T00:21:13.215+0200][7.262s] GC(131)   Pre Evacuate Collection Set: 0.2ms
[2025-06-28T00:21:13.215+0200][7.263s] GC(131)   Merge Heap Roots: 0.1ms
[2025-06-28T00:21:13.215+0200][7.263s] GC(131)   Evacuate Collection Set: 2.4ms
[2025-06-28T00:21:13.215+0200][7.263s] GC(131)   Post Evacuate Collection Set: 0.5ms
[2025-06-28T00:21:13.215+0200][7.263s] GC(131)   Other: 0.1ms
[2025-06-28T00:21:13.215+0200][7.263s] GC(131) Eden regions: 1->0(1)
[2025-06-28T00:21:13.215+0200][7.263s] GC(131) Survivor regions: 1->1(1)
[2025-06-28T00:21:13.215+0200][7.263s] GC(131) Old regions: 17->17
[2025-06-28T00:21:13.215+0200][7.263s] GC(131) Humongous regions: 0->0
[2025-06-28T00:21:13.215+0200][7.263s] GC(131) Metaspace: 32313K(32832K)->32313K(32832K) NonClass: 28257K(28544K)->28257K(28544K) Class: 4055K(4288K)->4055K(4288K)
[2025-06-28T00:21:13.215+0200][7.263s] GC(131) Pause Young (Prepare Mixed) (G1 Evacuation Pause) 17M->16M(22M) 3.816ms
[2025-06-28T00:21:13.215+0200][7.263s] GC(131) User=0.06s Sys=0.00s Real=0.00s
[2025-06-28T00:21:13.271+0200][7.319s] GC(132) Pause Young (Mixed) (G1 Evacuation Pause)
[2025-06-28T00:21:13.271+0200][7.319s] GC(132) Using 2 workers of 10 for evacuation
[2025-06-28T00:21:13.274+0200][7.323s] GC(132)   Pre Evacuate Collection Set: 0.1ms
[2025-06-28T00:21:13.274+0200][7.323s] GC(132)   Merge Heap Roots: 0.1ms
[2025-06-28T00:21:13.274+0200][7.323s] GC(132)   Evacuate Collection Set: 3.3ms
[2025-06-28T00:21:13.274+0200][7.323s] GC(132)   Post Evacuate Collection Set: 0.4ms
[2025-06-28T00:21:13.275+0200][7.323s] GC(132)   Other: 0.1ms
[2025-06-28T00:21:13.275+0200][7.323s] GC(132) Eden regions: 1->0(1)
[2025-06-28T00:21:13.275+0200][7.323s] GC(132) Survivor regions: 1->1(1)
[2025-06-28T00:21:13.275+0200][7.323s] GC(132) Old regions: 17->17
[2025-06-28T00:21:13.275+0200][7.323s] GC(132) Humongous regions: 0->0
[2025-06-28T00:21:13.275+0200][7.323s] GC(132) Metaspace: 32580K(33024K)->32580K(33024K) NonClass: 28503K(28736K)->28503K(28736K) Class: 4077K(4288K)->4077K(4288K)
[2025-06-28T00:21:13.275+0200][7.323s] GC(132) Pause Young (Mixed) (G1 Evacuation Pause) 17M->16M(22M) 4.192ms
[2025-06-28T00:21:13.275+0200][7.323s] GC(132) User=0.00s Sys=0.00s Real=0.00s
[2025-06-28T00:21:13.291+0200][7.339s] GC(133) Pause Young (Concurrent Start) (G1 Evacuation Pause)
[2025-06-28T00:21:13.291+0200][7.339s] GC(133) Using 2 workers of 10 for evacuation
[2025-06-28T00:21:13.293+0200][7.341s] GC(133)   Pre Evacuate Collection Set: 0.2ms
[2025-06-28T00:21:13.293+0200][7.342s] GC(133)   Merge Heap Roots: 0.1ms
[2025-06-28T00:21:13.293+0200][7.342s] GC(133)   Evacuate Collection Set: 1.5ms
[2025-06-28T00:21:13.293+0200][7.342s] GC(133)   Post Evacuate Collection Set: 0.5ms
[2025-06-28T00:21:13.293+0200][7.342s] GC(133)   Other: 0.1ms
[2025-06-28T00:21:13.294+0200][7.342s] GC(133) Eden regions: 1->0(1)
[2025-06-28T00:21:13.294+0200][7.342s] GC(133) Survivor regions: 1->1(1)
[2025-06-28T00:21:13.294+0200][7.342s] GC(133) Old regions: 17->17
[2025-06-28T00:21:13.294+0200][7.342s] GC(133) Humongous regions: 0->0
[2025-06-28T00:21:13.294+0200][7.342s] GC(133) Metaspace: 32611K(33088K)->32611K(33088K) NonClass: 28527K(28800K)->28527K(28800K) Class: 4083K(4288K)->4083K(4288K)
[2025-06-28T00:21:13.294+0200][7.342s] GC(133) Pause Young (Concurrent Start) (G1 Evacuation Pause) 17M->16M(22M) 2.860ms
[2025-06-28T00:21:13.294+0200][7.342s] GC(133) User=0.06s Sys=0.02s Real=0.00s
[2025-06-28T00:21:13.294+0200][7.342s] GC(134) Concurrent Mark Cycle
[2025-06-28T00:21:13.294+0200][7.342s] GC(134) Concurrent Scan Root Regions
[2025-06-28T00:21:13.295+0200][7.343s] GC(134) Concurrent Scan Root Regions 1.364ms
[2025-06-28T00:21:13.295+0200][7.343s] GC(134) Concurrent Mark
[2025-06-28T00:21:13.295+0200][7.343s] GC(134) Concurrent Mark From Roots
[2025-06-28T00:21:13.295+0200][7.343s] GC(134) Using 3 workers of 3 for marking
[2025-06-28T00:21:13.309+0200][7.358s] GC(134) Concurrent Mark From Roots 14.147ms
[2025-06-28T00:21:13.309+0200][7.358s] GC(134) Concurrent Preclean
[2025-06-28T00:21:13.310+0200][7.358s] GC(134) Concurrent Preclean 0.444ms
[2025-06-28T00:21:13.320+0200][7.367s] GC(134) Pause Remark
[2025-06-28T00:21:13.328+0200][7.376s] GC(134) Pause Remark 17M->17M(22M) 8.532ms
[2025-06-28T00:21:13.328+0200][7.376s] GC(134) User=0.02s Sys=0.02s Real=0.01s
[2025-06-28T00:21:13.328+0200][7.376s] GC(134) Concurrent Mark 32.750ms
[2025-06-28T00:21:13.329+0200][7.376s] GC(134) Concurrent Rebuild Remembered Sets and Scrub Regions
[2025-06-28T00:21:13.332+0200][7.380s] GC(135) Pause Young (Normal) (G1 Evacuation Pause)
[2025-06-28T00:21:13.332+0200][7.380s] GC(135) Using 2 workers of 10 for evacuation
[2025-06-28T00:21:13.335+0200][7.383s] GC(135)   Pre Evacuate Collection Set: 0.2ms
[2025-06-28T00:21:13.335+0200][7.383s] GC(135)   Merge Heap Roots: 0.1ms
[2025-06-28T00:21:13.335+0200][7.383s] GC(135)   Evacuate Collection Set: 2.1ms
[2025-06-28T00:21:13.335+0200][7.383s] GC(135)   Post Evacuate Collection Set: 0.4ms
[2025-06-28T00:21:13.335+0200][7.383s] GC(135)   Other: 0.1ms
[2025-06-28T00:21:13.335+0200][7.383s] GC(135) Eden regions: 1->0(1)
[2025-06-28T00:21:13.335+0200][7.383s] GC(135) Survivor regions: 1->1(1)
[2025-06-28T00:21:13.335+0200][7.383s] GC(135) Old regions: 17->17
[2025-06-28T00:21:13.335+0200][7.383s] GC(135) Humongous regions: 0->0
[2025-06-28T00:21:13.335+0200][7.383s] GC(135) Metaspace: 32738K(33280K)->32738K(33280K) NonClass: 28644K(28928K)->28644K(28928K) Class: 4093K(4352K)->4093K(4352K)
[2025-06-28T00:21:13.335+0200][7.383s] GC(135) Pause Young (Normal) (G1 Evacuation Pause) 17M->16M(22M) 3.271ms
[2025-06-28T00:21:13.335+0200][7.383s] GC(135) User=0.00s Sys=0.00s Real=0.00s
[2025-06-28T00:21:13.339+0200][7.388s] GC(134) Concurrent Rebuild Remembered Sets and Scrub Regions 11.466ms
[2025-06-28T00:21:13.340+0200][7.388s] GC(134) Pause Cleanup
[2025-06-28T00:21:13.340+0200][7.388s] GC(134) Pause Cleanup 16M->16M(22M) 0.214ms
[2025-06-28T00:21:13.340+0200][7.388s] GC(134) User=0.00s Sys=0.00s Real=0.00s
[2025-06-28T00:21:13.340+0200][7.388s] GC(134) Concurrent Clear Claimed Marks
[2025-06-28T00:21:13.340+0200][7.388s] GC(134) Concurrent Clear Claimed Marks 0.088ms
[2025-06-28T00:21:13.340+0200][7.388s] GC(134) Concurrent Cleanup for Next Mark
[2025-06-28T00:21:13.340+0200][7.388s] GC(134) Concurrent Cleanup for Next Mark 0.178ms
[2025-06-28T00:21:13.340+0200][7.388s] GC(134) Concurrent Mark Cycle 46.588ms
[2025-06-28T00:21:13.346+0200][7.394s] GC(136) Pause Young (Prepare Mixed) (G1 Evacuation Pause)
[2025-06-28T00:21:13.346+0200][7.394s] GC(136) Using 2 workers of 10 for evacuation
[2025-06-28T00:21:13.348+0200][7.396s] GC(136)   Pre Evacuate Collection Set: 0.2ms
[2025-06-28T00:21:13.348+0200][7.396s] GC(136)   Merge Heap Roots: 0.1ms
[2025-06-28T00:21:13.348+0200][7.396s] GC(136)   Evacuate Collection Set: 1.4ms
[2025-06-28T00:21:13.348+0200][7.396s] GC(136)   Post Evacuate Collection Set: 0.6ms
[2025-06-28T00:21:13.348+0200][7.396s] GC(136)   Other: 0.1ms
[2025-06-28T00:21:13.348+0200][7.396s] GC(136) Eden regions: 1->0(1)
[2025-06-28T00:21:13.348+0200][7.396s] GC(136) Survivor regions: 1->1(1)
[2025-06-28T00:21:13.348+0200][7.396s] GC(136) Old regions: 17->17
[2025-06-28T00:21:13.348+0200][7.396s] GC(136) Humongous regions: 0->0
[2025-06-28T00:21:13.348+0200][7.396s] GC(136) Metaspace: 32822K(33344K)->32822K(33344K) NonClass: 28713K(28992K)->28713K(28992K) Class: 4109K(4352K)->4109K(4352K)
[2025-06-28T00:21:13.348+0200][7.396s] GC(136) Pause Young (Prepare Mixed) (G1 Evacuation Pause) 17M->16M(22M) 2.514ms
[2025-06-28T00:21:13.348+0200][7.396s] GC(136) User=0.00s Sys=0.00s Real=0.00s
[2025-06-28T00:21:13.359+0200][7.406s] GC(137) Pause Young (Mixed) (G1 Evacuation Pause)
[2025-06-28T00:21:13.359+0200][7.407s] GC(137) Using 2 workers of 10 for evacuation
[2025-06-28T00:21:13.364+0200][7.412s] GC(137)   Pre Evacuate Collection Set: 0.3ms
[2025-06-28T00:21:13.364+0200][7.412s] GC(137)   Merge Heap Roots: 0.1ms
[2025-06-28T00:21:13.364+0200][7.412s] GC(137)   Evacuate Collection Set: 4.3ms
[2025-06-28T00:21:13.364+0200][7.412s] GC(137)   Post Evacuate Collection Set: 0.6ms
[2025-06-28T00:21:13.364+0200][7.412s] GC(137)   Other: 0.1ms
[2025-06-28T00:21:13.364+0200][7.412s] GC(137) Eden regions: 1->0(2)
[2025-06-28T00:21:13.364+0200][7.412s] GC(137) Survivor regions: 1->1(1)
[2025-06-28T00:21:13.364+0200][7.412s] GC(137) Old regions: 17->16
[2025-06-28T00:21:13.364+0200][7.412s] GC(137) Humongous regions: 0->0
[2025-06-28T00:21:13.364+0200][7.412s] GC(137) Metaspace: 32890K(33408K)->32890K(33408K) NonClass: 28771K(29056K)->28771K(29056K) Class: 4118K(4352K)->4118K(4352K)
[2025-06-28T00:21:13.364+0200][7.412s] GC(137) Pause Young (Mixed) (G1 Evacuation Pause) 17M->16M(22M) 5.737ms
[2025-06-28T00:21:13.364+0200][7.412s] GC(137) User=0.00s Sys=0.00s Real=0.01s
[2025-06-28T00:21:13.409+0200][7.457s] GC(138) Pause Young (Concurrent Start) (G1 Evacuation Pause)
[2025-06-28T00:21:13.409+0200][7.457s] GC(138) Using 2 workers of 10 for evacuation
[2025-06-28T00:21:13.412+0200][7.459s] GC(138)   Pre Evacuate Collection Set: 0.2ms
[2025-06-28T00:21:13.412+0200][7.459s] GC(138)   Merge Heap Roots: 0.1ms
[2025-06-28T00:21:13.412+0200][7.459s] GC(138)   Evacuate Collection Set: 1.7ms
[2025-06-28T00:21:13.412+0200][7.459s] GC(138)   Post Evacuate Collection Set: 0.5ms
[2025-06-28T00:21:13.412+0200][7.459s] GC(138)   Other: 0.1ms
[2025-06-28T00:21:13.412+0200][7.459s] GC(138) Eden regions: 2->0(2)
[2025-06-28T00:21:13.412+0200][7.459s] GC(138) Survivor regions: 1->1(1)
[2025-06-28T00:21:13.412+0200][7.459s] GC(138) Old regions: 16->16
[2025-06-28T00:21:13.412+0200][7.459s] GC(138) Humongous regions: 0->0
[2025-06-28T00:21:13.412+0200][7.460s] GC(138) Metaspace: 33095K(33600K)->33095K(33600K) NonClass: 28941K(29184K)->28941K(29184K) Class: 4154K(4416K)->4154K(4416K)
[2025-06-28T00:21:13.412+0200][7.460s] GC(138) Pause Young (Concurrent Start) (G1 Evacuation Pause) 18M->16M(22M) 2.889ms
[2025-06-28T00:21:13.412+0200][7.460s] GC(138) User=0.00s Sys=0.00s Real=0.00s
[2025-06-28T00:21:13.412+0200][7.460s] GC(139) Concurrent Mark Cycle
[2025-06-28T00:21:13.412+0200][7.460s] GC(139) Concurrent Scan Root Regions
[2025-06-28T00:21:13.413+0200][7.461s] GC(139) Concurrent Scan Root Regions 1.493ms
[2025-06-28T00:21:13.414+0200][7.461s] GC(139) Concurrent Mark
[2025-06-28T00:21:13.414+0200][7.461s] GC(139) Concurrent Mark From Roots
[2025-06-28T00:21:13.414+0200][7.461s] GC(139) Using 3 workers of 3 for marking
[2025-06-28T00:21:13.426+0200][7.474s] GC(139) Concurrent Mark From Roots 12.864ms
[2025-06-28T00:21:13.426+0200][7.474s] GC(139) Concurrent Preclean
[2025-06-28T00:21:13.427+0200][7.474s] GC(139) Concurrent Preclean 0.165ms
[2025-06-28T00:21:13.427+0200][7.475s] GC(139) Pause Remark
[2025-06-28T00:21:13.434+0200][7.482s] GC(139) Pause Remark 17M->17M(22M) 6.225ms
[2025-06-28T00:21:13.434+0200][7.482s] GC(139) User=0.06s Sys=0.00s Real=0.01s
[2025-06-28T00:21:13.434+0200][7.482s] GC(139) Concurrent Mark 20.445ms
[2025-06-28T00:21:13.434+0200][7.482s] GC(139) Concurrent Rebuild Remembered Sets and Scrub Regions
[2025-06-28T00:21:13.439+0200][7.487s] GC(139) Concurrent Rebuild Remembered Sets and Scrub Regions 4.951ms
[2025-06-28T00:21:13.439+0200][7.487s] GC(139) Pause Cleanup
[2025-06-28T00:21:13.439+0200][7.487s] GC(139) Pause Cleanup 17M->17M(22M) 0.197ms
[2025-06-28T00:21:13.439+0200][7.487s] GC(139) User=0.00s Sys=0.00s Real=0.00s
[2025-06-28T00:21:13.440+0200][7.487s] GC(139) Concurrent Clear Claimed Marks
[2025-06-28T00:21:13.440+0200][7.487s] GC(139) Concurrent Clear Claimed Marks 0.152ms
[2025-06-28T00:21:13.440+0200][7.487s] GC(139) Concurrent Cleanup for Next Mark
[2025-06-28T00:21:13.440+0200][7.488s] GC(139) Concurrent Cleanup for Next Mark 0.183ms
[2025-06-28T00:21:13.440+0200][7.488s] GC(139) Concurrent Mark Cycle 28.074ms
[2025-06-28T00:21:13.451+0200][7.499s] GC(140) Pause Young (Normal) (G1 Evacuation Pause)
[2025-06-28T00:21:13.451+0200][7.499s] GC(140) Using 2 workers of 10 for evacuation
[2025-06-28T00:21:13.455+0200][7.503s] GC(140)   Pre Evacuate Collection Set: 0.3ms
[2025-06-28T00:21:13.455+0200][7.503s] GC(140)   Merge Heap Roots: 0.2ms
[2025-06-28T00:21:13.455+0200][7.503s] GC(140)   Evacuate Collection Set: 2.5ms
[2025-06-28T00:21:13.455+0200][7.503s] GC(140)   Post Evacuate Collection Set: 0.5ms
[2025-06-28T00:21:13.455+0200][7.503s] GC(140)   Other: 0.1ms
[2025-06-28T00:21:13.455+0200][7.503s] GC(140) Eden regions: 2->0(2)
[2025-06-28T00:21:13.455+0200][7.503s] GC(140) Survivor regions: 1->1(1)
[2025-06-28T00:21:13.455+0200][7.503s] GC(140) Old regions: 16->16
[2025-06-28T00:21:13.455+0200][7.503s] GC(140) Humongous regions: 0->0
[2025-06-28T00:21:13.455+0200][7.503s] GC(140) Metaspace: 33187K(33664K)->33187K(33664K) NonClass: 29011K(29248K)->29011K(29248K) Class: 4176K(4416K)->4176K(4416K)
[2025-06-28T00:21:13.455+0200][7.503s] GC(140) Pause Young (Normal) (G1 Evacuation Pause) 18M->16M(22M) 3.852ms
[2025-06-28T00:21:13.455+0200][7.503s] GC(140) User=0.00s Sys=0.00s Real=0.00s
[2025-06-28T00:21:13.508+0200][7.556s] GC(141) Pause Young (Concurrent Start) (G1 Evacuation Pause)
[2025-06-28T00:21:13.508+0200][7.556s] GC(141) Using 2 workers of 10 for evacuation
[2025-06-28T00:21:13.510+0200][7.559s] GC(141)   Pre Evacuate Collection Set: 0.1ms
[2025-06-28T00:21:13.511+0200][7.559s] GC(141)   Merge Heap Roots: 0.2ms
[2025-06-28T00:21:13.511+0200][7.559s] GC(141)   Evacuate Collection Set: 1.8ms
[2025-06-28T00:21:13.511+0200][7.559s] GC(141)   Post Evacuate Collection Set: 0.6ms
[2025-06-28T00:21:13.511+0200][7.559s] GC(141)   Other: 0.2ms
[2025-06-28T00:21:13.511+0200][7.559s] GC(141) Eden regions: 2->0(1)
[2025-06-28T00:21:13.511+0200][7.559s] GC(141) Survivor regions: 1->1(1)
[2025-06-28T00:21:13.511+0200][7.559s] GC(141) Old regions: 16->17
[2025-06-28T00:21:13.511+0200][7.559s] GC(141) Humongous regions: 0->0
[2025-06-28T00:21:13.511+0200][7.559s] GC(141) Metaspace: 33426K(33984K)->33426K(33984K) NonClass: 29226K(29568K)->29226K(29568K) Class: 4200K(4416K)->4200K(4416K)
[2025-06-28T00:21:13.511+0200][7.559s] GC(141) Pause Young (Concurrent Start) (G1 Evacuation Pause) 18M->16M(22M) 3.258ms
[2025-06-28T00:21:13.511+0200][7.559s] GC(142) Concurrent Mark Cycle
[2025-06-28T00:21:13.511+0200][7.559s] GC(141) User=0.02s Sys=0.00s Real=0.00s
[2025-06-28T00:21:13.511+0200][7.559s] GC(142) Concurrent Scan Root Regions
[2025-06-28T00:21:13.512+0200][7.560s] GC(142) Concurrent Scan Root Regions 0.720ms
[2025-06-28T00:21:13.512+0200][7.560s] GC(142) Concurrent Mark
[2025-06-28T00:21:13.512+0200][7.560s] GC(142) Concurrent Mark From Roots
[2025-06-28T00:21:13.512+0200][7.560s] GC(142) Using 3 workers of 3 for marking
[2025-06-28T00:21:13.523+0200][7.571s] GC(142) Concurrent Mark From Roots 11.379ms
[2025-06-28T00:21:13.523+0200][7.571s] GC(142) Concurrent Preclean
[2025-06-28T00:21:13.523+0200][7.571s] GC(142) Concurrent Preclean 0.298ms
[2025-06-28T00:21:13.524+0200][7.572s] GC(142) Pause Remark
[2025-06-28T00:21:13.529+0200][7.577s] GC(142) Pause Remark 17M->17M(22M) 5.015ms
[2025-06-28T00:21:13.529+0200][7.577s] GC(142) User=0.02s Sys=0.02s Real=0.01s
[2025-06-28T00:21:13.529+0200][7.577s] GC(142) Concurrent Mark 17.123ms
[2025-06-28T00:21:13.529+0200][7.577s] GC(142) Concurrent Rebuild Remembered Sets and Scrub Regions
[2025-06-28T00:21:13.532+0200][7.580s] GC(143) Pause Young (Normal) (G1 Evacuation Pause)
[2025-06-28T00:21:13.532+0200][7.581s] GC(143) Using 2 workers of 10 for evacuation
[2025-06-28T00:21:13.535+0200][7.583s] GC(143)   Pre Evacuate Collection Set: 0.2ms
[2025-06-28T00:21:13.535+0200][7.583s] GC(143)   Merge Heap Roots: 0.1ms
[2025-06-28T00:21:13.535+0200][7.583s] GC(143)   Evacuate Collection Set: 1.9ms
[2025-06-28T00:21:13.535+0200][7.583s] GC(143)   Post Evacuate Collection Set: 0.4ms
[2025-06-28T00:21:13.535+0200][7.583s] GC(143)   Other: 0.1ms
[2025-06-28T00:21:13.535+0200][7.583s] GC(143) Eden regions: 1->0(1)
[2025-06-28T00:21:13.535+0200][7.583s] GC(143) Survivor regions: 1->1(1)
[2025-06-28T00:21:13.535+0200][7.583s] GC(143) Old regions: 17->17
[2025-06-28T00:21:13.535+0200][7.583s] GC(143) Humongous regions: 0->0
[2025-06-28T00:21:13.535+0200][7.583s] GC(143) Metaspace: 33522K(34112K)->33522K(34112K) NonClass: 29306K(29632K)->29306K(29632K) Class: 4216K(4480K)->4216K(4480K)
[2025-06-28T00:21:13.535+0200][7.583s] GC(143) Pause Young (Normal) (G1 Evacuation Pause) 17M->16M(22M) 2.885ms
[2025-06-28T00:21:13.535+0200][7.583s] GC(143) User=0.00s Sys=0.00s Real=0.00s
[2025-06-28T00:21:13.537+0200][7.585s] GC(142) Concurrent Rebuild Remembered Sets and Scrub Regions 8.238ms
[2025-06-28T00:21:13.537+0200][7.585s] GC(142) Pause Cleanup
[2025-06-28T00:21:13.537+0200][7.585s] GC(142) Pause Cleanup 17M->17M(22M) 0.136ms
[2025-06-28T00:21:13.537+0200][7.585s] GC(142) User=0.00s Sys=0.00s Real=0.00s
[2025-06-28T00:21:13.538+0200][7.586s] GC(142) Concurrent Clear Claimed Marks
[2025-06-28T00:21:13.538+0200][7.586s] GC(142) Concurrent Clear Claimed Marks 0.063ms
[2025-06-28T00:21:13.538+0200][7.586s] GC(142) Concurrent Cleanup for Next Mark
[2025-06-28T00:21:13.538+0200][7.586s] GC(142) Concurrent Cleanup for Next Mark 0.148ms
[2025-06-28T00:21:13.538+0200][7.586s] GC(142) Concurrent Mark Cycle 27.006ms
[2025-06-28T00:21:13.543+0200][7.591s] GC(144) Pause Young (Normal) (G1 Evacuation Pause)
[2025-06-28T00:21:13.543+0200][7.591s] GC(144) Using 2 workers of 10 for evacuation
[2025-06-28T00:21:13.546+0200][7.594s] GC(144)   Pre Evacuate Collection Set: 0.2ms
[2025-06-28T00:21:13.546+0200][7.594s] GC(144)   Merge Heap Roots: 0.1ms
[2025-06-28T00:21:13.546+0200][7.594s] GC(144)   Evacuate Collection Set: 1.7ms
[2025-06-28T00:21:13.546+0200][7.594s] GC(144)   Post Evacuate Collection Set: 0.7ms
[2025-06-28T00:21:13.546+0200][7.594s] GC(144)   Other: 0.1ms
[2025-06-28T00:21:13.546+0200][7.594s] GC(144) Eden regions: 1->0(1)
[2025-06-28T00:21:13.546+0200][7.594s] GC(144) Survivor regions: 1->1(1)
[2025-06-28T00:21:13.546+0200][7.594s] GC(144) Old regions: 17->17
[2025-06-28T00:21:13.546+0200][7.594s] GC(144) Humongous regions: 0->0
[2025-06-28T00:21:13.546+0200][7.594s] GC(144) Metaspace: 33599K(34176K)->33599K(34176K) NonClass: 29368K(29696K)->29368K(29696K) Class: 4231K(4480K)->4231K(4480K)
[2025-06-28T00:21:13.546+0200][7.594s] GC(144) Pause Young (Normal) (G1 Evacuation Pause) 17M->16M(22M) 3.082ms
[2025-06-28T00:21:13.546+0200][7.594s] GC(144) User=0.00s Sys=0.00s Real=0.00s
[2025-06-28T00:21:13.563+0200][7.611s] GC(145) Pause Young (Concurrent Start) (G1 Evacuation Pause)
[2025-06-28T00:21:13.563+0200][7.611s] GC(145) Using 2 workers of 10 for evacuation
[2025-06-28T00:21:13.565+0200][7.613s] GC(145)   Pre Evacuate Collection Set: 0.3ms
[2025-06-28T00:21:13.565+0200][7.614s] GC(145)   Merge Heap Roots: 0.1ms
[2025-06-28T00:21:13.565+0200][7.614s] GC(145)   Evacuate Collection Set: 1.5ms
[2025-06-28T00:21:13.565+0200][7.614s] GC(145)   Post Evacuate Collection Set: 0.6ms
[2025-06-28T00:21:13.566+0200][7.614s] GC(145)   Other: 0.1ms
[2025-06-28T00:21:13.566+0200][7.614s] GC(145) Eden regions: 1->0(1)
[2025-06-28T00:21:13.566+0200][7.614s] GC(145) Survivor regions: 1->1(1)
[2025-06-28T00:21:13.566+0200][7.614s] GC(145) Old regions: 17->17
[2025-06-28T00:21:13.566+0200][7.614s] GC(145) Humongous regions: 0->0
[2025-06-28T00:21:13.566+0200][7.614s] GC(145) Metaspace: 33792K(34304K)->33792K(34304K) NonClass: 29530K(29824K)->29530K(29824K) Class: 4262K(4480K)->4262K(4480K)
[2025-06-28T00:21:13.566+0200][7.614s] GC(145) Pause Young (Concurrent Start) (G1 Evacuation Pause) 17M->16M(22M) 2.791ms
[2025-06-28T00:21:13.566+0200][7.614s] GC(145) User=0.00s Sys=0.00s Real=0.00s
[2025-06-28T00:21:13.566+0200][7.614s] GC(146) Concurrent Mark Cycle
[2025-06-28T00:21:13.566+0200][7.614s] GC(146) Concurrent Scan Root Regions
[2025-06-28T00:21:13.567+0200][7.615s] GC(146) Concurrent Scan Root Regions 0.783ms
[2025-06-28T00:21:13.567+0200][7.615s] GC(146) Concurrent Mark
[2025-06-28T00:21:13.567+0200][7.615s] GC(146) Concurrent Mark From Roots
[2025-06-28T00:21:13.567+0200][7.615s] GC(146) Using 3 workers of 3 for marking
[2025-06-28T00:21:13.579+0200][7.627s] GC(146) Concurrent Mark From Roots 12.264ms
[2025-06-28T00:21:13.579+0200][7.627s] GC(146) Concurrent Preclean
[2025-06-28T00:21:13.579+0200][7.627s] GC(146) Concurrent Preclean 0.159ms
[2025-06-28T00:21:13.580+0200][7.628s] GC(146) Pause Remark
[2025-06-28T00:21:13.584+0200][7.633s] GC(146) Pause Remark 17M->17M(22M) 5.337ms
[2025-06-28T00:21:13.584+0200][7.633s] GC(146) User=0.00s Sys=0.00s Real=0.01s
[2025-06-28T00:21:13.585+0200][7.633s] GC(146) Concurrent Mark 18.513ms
[2025-06-28T00:21:13.585+0200][7.633s] GC(146) Concurrent Rebuild Remembered Sets and Scrub Regions
[2025-06-28T00:21:13.590+0200][7.638s] GC(146) Concurrent Rebuild Remembered Sets and Scrub Regions 5.226ms
[2025-06-28T00:21:13.590+0200][7.639s] GC(146) Pause Cleanup
[2025-06-28T00:21:13.590+0200][7.639s] GC(146) Pause Cleanup 17M->17M(22M) 0.220ms
[2025-06-28T00:21:13.590+0200][7.639s] GC(146) User=0.00s Sys=0.00s Real=0.00s
[2025-06-28T00:21:13.591+0200][7.639s] GC(146) Concurrent Clear Claimed Marks
[2025-06-28T00:21:13.591+0200][7.639s] GC(146) Concurrent Clear Claimed Marks 0.086ms
[2025-06-28T00:21:13.591+0200][7.639s] GC(146) Concurrent Cleanup for Next Mark
[2025-06-28T00:21:13.591+0200][7.640s] GC(146) Concurrent Cleanup for Next Mark 0.221ms
[2025-06-28T00:21:13.591+0200][7.640s] GC(146) Concurrent Mark Cycle 25.818ms
[2025-06-28T00:21:13.594+0200][7.643s] GC(147) Pause Young (Normal) (G1 Evacuation Pause)
[2025-06-28T00:21:13.595+0200][7.643s] GC(147) Using 2 workers of 10 for evacuation
[2025-06-28T00:21:13.598+0200][7.646s] GC(147)   Pre Evacuate Collection Set: 0.4ms
[2025-06-28T00:21:13.598+0200][7.646s] GC(147)   Merge Heap Roots: 0.2ms
[2025-06-28T00:21:13.598+0200][7.646s] GC(147)   Evacuate Collection Set: 2.0ms
[2025-06-28T00:21:13.598+0200][7.646s] GC(147)   Post Evacuate Collection Set: 0.6ms
[2025-06-28T00:21:13.598+0200][7.646s] GC(147)   Other: 0.1ms
[2025-06-28T00:21:13.598+0200][7.646s] GC(147) Eden regions: 1->0(1)
[2025-06-28T00:21:13.598+0200][7.646s] GC(147) Survivor regions: 1->1(1)
[2025-06-28T00:21:13.598+0200][7.646s] GC(147) Old regions: 17->17
[2025-06-28T00:21:13.598+0200][7.646s] GC(147) Humongous regions: 0->0
[2025-06-28T00:21:13.598+0200][7.646s] GC(147) Metaspace: 33940K(34496K)->33940K(34496K) NonClass: 29655K(29952K)->29655K(29952K) Class: 4285K(4544K)->4285K(4544K)
[2025-06-28T00:21:13.598+0200][7.646s] GC(147) Pause Young (Normal) (G1 Evacuation Pause) 17M->16M(22M) 3.428ms
[2025-06-28T00:21:13.598+0200][7.647s] GC(147) User=0.00s Sys=0.00s Real=0.00s
[2025-06-28T00:21:13.607+0200][7.656s] GC(148) Pause Young (Concurrent Start) (G1 Evacuation Pause)
[2025-06-28T00:21:13.608+0200][7.656s] GC(148) Using 2 workers of 10 for evacuation
[2025-06-28T00:21:13.610+0200][7.658s] GC(148)   Pre Evacuate Collection Set: 0.2ms
[2025-06-28T00:21:13.610+0200][7.659s] GC(148)   Merge Heap Roots: 0.1ms
[2025-06-28T00:21:13.610+0200][7.659s] GC(148)   Evacuate Collection Set: 1.4ms
[2025-06-28T00:21:13.610+0200][7.659s] GC(148)   Post Evacuate Collection Set: 0.5ms
[2025-06-28T00:21:13.610+0200][7.659s] GC(148)   Other: 0.1ms
[2025-06-28T00:21:13.610+0200][7.659s] GC(148) Eden regions: 1->0(1)
[2025-06-28T00:21:13.610+0200][7.659s] GC(148) Survivor regions: 1->1(1)
[2025-06-28T00:21:13.610+0200][7.659s] GC(148) Old regions: 17->17
[2025-06-28T00:21:13.610+0200][7.659s] GC(148) Humongous regions: 0->0
[2025-06-28T00:21:13.610+0200][7.659s] GC(148) Metaspace: 34064K(34624K)->34064K(34624K) NonClass: 29760K(30080K)->29760K(30080K) Class: 4304K(4544K)->4304K(4544K)
[2025-06-28T00:21:13.610+0200][7.659s] GC(148) Pause Young (Concurrent Start) (G1 Evacuation Pause) 17M->16M(22M) 2.685ms
[2025-06-28T00:21:13.610+0200][7.659s] GC(149) Concurrent Mark Cycle
[2025-06-28T00:21:13.610+0200][7.659s] GC(148) User=0.00s Sys=0.00s Real=0.00s
[2025-06-28T00:21:13.610+0200][7.659s] GC(149) Concurrent Scan Root Regions
[2025-06-28T00:21:13.611+0200][7.660s] GC(149) Concurrent Scan Root Regions 0.718ms
[2025-06-28T00:21:13.611+0200][7.660s] GC(149) Concurrent Mark
[2025-06-28T00:21:13.611+0200][7.660s] GC(149) Concurrent Mark From Roots
[2025-06-28T00:21:13.611+0200][7.660s] GC(149) Using 3 workers of 3 for marking
[2025-06-28T00:21:13.625+0200][7.674s] GC(149) Concurrent Mark From Roots 14.584ms
[2025-06-28T00:21:13.627+0200][7.674s] GC(149) Concurrent Preclean
[2025-06-28T00:21:13.627+0200][7.674s] GC(149) Concurrent Preclean 0.201ms
[2025-06-28T00:21:13.627+0200][7.675s] GC(149) Pause Remark
[2025-06-28T00:21:13.631+0200][7.679s] GC(149) Pause Remark 17M->17M(22M) 4.880ms
[2025-06-28T00:21:13.631+0200][7.679s] GC(149) User=0.00s Sys=0.00s Real=0.00s
[2025-06-28T00:21:13.631+0200][7.680s] GC(149) Concurrent Mark 19.986ms
[2025-06-28T00:21:13.631+0200][7.680s] GC(149) Concurrent Rebuild Remembered Sets and Scrub Regions
[2025-06-28T00:21:13.637+0200][7.685s] GC(149) Concurrent Rebuild Remembered Sets and Scrub Regions 5.523ms
[2025-06-28T00:21:13.637+0200][7.685s] GC(149) Pause Cleanup
[2025-06-28T00:21:13.637+0200][7.685s] GC(149) Pause Cleanup 17M->17M(22M) 0.159ms
[2025-06-28T00:21:13.637+0200][7.686s] GC(149) User=0.00s Sys=0.00s Real=0.00s
[2025-06-28T00:21:13.637+0200][7.686s] GC(149) Concurrent Clear Claimed Marks
[2025-06-28T00:21:13.637+0200][7.686s] GC(149) Concurrent Clear Claimed Marks 0.086ms
[2025-06-28T00:21:13.637+0200][7.686s] GC(149) Concurrent Cleanup for Next Mark
[2025-06-28T00:21:13.637+0200][7.686s] GC(149) Concurrent Cleanup for Next Mark 0.190ms
[2025-06-28T00:21:13.637+0200][7.686s] GC(149) Concurrent Mark Cycle 27.273ms
[2025-06-28T00:21:13.640+0200][7.689s] GC(150) Pause Young (Normal) (G1 Evacuation Pause)
[2025-06-28T00:21:13.641+0200][7.689s] GC(150) Using 2 workers of 10 for evacuation
[2025-06-28T00:21:13.643+0200][7.691s] GC(150)   Pre Evacuate Collection Set: 0.2ms
[2025-06-28T00:21:13.643+0200][7.691s] GC(150)   Merge Heap Roots: 0.0ms
[2025-06-28T00:21:13.643+0200][7.691s] GC(150)   Evacuate Collection Set: 1.5ms
[2025-06-28T00:21:13.643+0200][7.691s] GC(150)   Post Evacuate Collection Set: 0.3ms
[2025-06-28T00:21:13.643+0200][7.691s] GC(150)   Other: 0.1ms
[2025-06-28T00:21:13.643+0200][7.691s] GC(150) Eden regions: 1->0(1)
[2025-06-28T00:21:13.643+0200][7.691s] GC(150) Survivor regions: 1->1(1)
[2025-06-28T00:21:13.643+0200][7.691s] GC(150) Old regions: 17->17
[2025-06-28T00:21:13.643+0200][7.691s] GC(150) Humongous regions: 0->0
[2025-06-28T00:21:13.643+0200][7.691s] GC(150) Metaspace: 34216K(34752K)->34216K(34752K) NonClass: 29890K(30208K)->29890K(30208K) Class: 4325K(4544K)->4325K(4544K)
[2025-06-28T00:21:13.643+0200][7.691s] GC(150) Pause Young (Normal) (G1 Evacuation Pause) 17M->16M(22M) 2.400ms
[2025-06-28T00:21:13.643+0200][7.691s] GC(150) User=0.00s Sys=0.00s Real=0.00s
[2025-06-28T00:21:13.655+0200][7.703s] GC(151) Pause Young (Concurrent Start) (G1 Evacuation Pause)
[2025-06-28T00:21:13.655+0200][7.703s] GC(151) Using 2 workers of 10 for evacuation
[2025-06-28T00:21:13.657+0200][7.705s] GC(151)   Pre Evacuate Collection Set: 0.2ms
[2025-06-28T00:21:13.657+0200][7.705s] GC(151)   Merge Heap Roots: 0.1ms
[2025-06-28T00:21:13.657+0200][7.705s] GC(151)   Evacuate Collection Set: 1.3ms
[2025-06-28T00:21:13.657+0200][7.705s] GC(151)   Post Evacuate Collection Set: 0.4ms
[2025-06-28T00:21:13.657+0200][7.705s] GC(151)   Other: 0.1ms
[2025-06-28T00:21:13.657+0200][7.705s] GC(151) Eden regions: 1->0(1)
[2025-06-28T00:21:13.657+0200][7.705s] GC(151) Survivor regions: 1->1(1)
[2025-06-28T00:21:13.657+0200][7.705s] GC(151) Old regions: 17->17
[2025-06-28T00:21:13.657+0200][7.705s] GC(151) Humongous regions: 0->0
[2025-06-28T00:21:13.657+0200][7.705s] GC(151) Metaspace: 34459K(35008K)->34459K(35008K) NonClass: 30102K(30400K)->30102K(30400K) Class: 4357K(4608K)->4357K(4608K)
[2025-06-28T00:21:13.657+0200][7.705s] GC(151) Pause Young (Concurrent Start) (G1 Evacuation Pause) 17M->16M(22M) 2.288ms
[2025-06-28T00:21:13.657+0200][7.705s] GC(151) User=0.00s Sys=0.00s Real=0.00s
[2025-06-28T00:21:13.657+0200][7.706s] GC(152) Concurrent Mark Cycle
[2025-06-28T00:21:13.657+0200][7.706s] GC(152) Concurrent Scan Root Regions
[2025-06-28T00:21:13.658+0200][7.707s] GC(152) Concurrent Scan Root Regions 1.377ms
[2025-06-28T00:21:13.658+0200][7.707s] GC(152) Concurrent Mark
[2025-06-28T00:21:13.658+0200][7.707s] GC(152) Concurrent Mark From Roots
[2025-06-28T00:21:13.658+0200][7.707s] GC(152) Using 3 workers of 3 for marking
[2025-06-28T00:21:13.671+0200][7.720s] GC(153) Pause Young (Normal) (G1 Evacuation Pause)
[2025-06-28T00:21:13.671+0200][7.720s] GC(153) Using 2 workers of 10 for evacuation
[2025-06-28T00:21:13.674+0200][7.722s] GC(153)   Pre Evacuate Collection Set: 0.2ms
[2025-06-28T00:21:13.674+0200][7.722s] GC(153)   Merge Heap Roots: 0.1ms
[2025-06-28T00:21:13.674+0200][7.722s] GC(153)   Evacuate Collection Set: 1.5ms
[2025-06-28T00:21:13.674+0200][7.722s] GC(153)   Post Evacuate Collection Set: 0.4ms
[2025-06-28T00:21:13.674+0200][7.722s] GC(153)   Other: 0.1ms
[2025-06-28T00:21:13.674+0200][7.722s] GC(153) Eden regions: 1->0(1)
[2025-06-28T00:21:13.674+0200][7.722s] GC(153) Survivor regions: 1->1(1)
[2025-06-28T00:21:13.674+0200][7.722s] GC(153) Old regions: 17->17
[2025-06-28T00:21:13.674+0200][7.722s] GC(153) Humongous regions: 0->0
[2025-06-28T00:21:13.674+0200][7.722s] GC(153) Metaspace: 34722K(35200K)->34722K(35200K) NonClass: 30329K(30592K)->30329K(30592K) Class: 4392K(4608K)->4392K(4608K)
[2025-06-28T00:21:13.674+0200][7.722s] GC(153) Pause Young (Normal) (G1 Evacuation Pause) 17M->16M(22M) 2.410ms
[2025-06-28T00:21:13.674+0200][7.722s] GC(153) User=0.00s Sys=0.00s Real=0.00s
[2025-06-28T00:21:13.674+0200][7.723s] GC(152) Concurrent Mark From Roots 15.911ms
[2025-06-28T00:21:13.674+0200][7.723s] GC(152) Concurrent Preclean
[2025-06-28T00:21:13.675+0200][7.723s] GC(152) Concurrent Preclean 0.131ms
[2025-06-28T00:21:13.675+0200][7.723s] GC(152) Pause Remark
[2025-06-28T00:21:13.679+0200][7.728s] GC(152) Pause Remark 16M->16M(22M) 3.748ms
[2025-06-28T00:21:13.679+0200][7.728s] GC(152) User=0.00s Sys=0.00s Real=0.00s
[2025-06-28T00:21:13.679+0200][7.728s] GC(152) Concurrent Mark 20.785ms
[2025-06-28T00:21:13.679+0200][7.728s] GC(152) Concurrent Rebuild Remembered Sets and Scrub Regions
[2025-06-28T00:21:13.685+0200][7.733s] GC(152) Concurrent Rebuild Remembered Sets and Scrub Regions 5.439ms
[2025-06-28T00:21:13.685+0200][7.733s] GC(152) Pause Cleanup
[2025-06-28T00:21:13.685+0200][7.734s] GC(152) Pause Cleanup 17M->17M(22M) 0.139ms
[2025-06-28T00:21:13.685+0200][7.734s] GC(152) User=0.00s Sys=0.00s Real=0.00s
[2025-06-28T00:21:13.686+0200][7.734s] GC(152) Concurrent Clear Claimed Marks
[2025-06-28T00:21:13.686+0200][7.734s] GC(152) Concurrent Clear Claimed Marks 0.071ms
[2025-06-28T00:21:13.686+0200][7.734s] GC(152) Concurrent Cleanup for Next Mark
[2025-06-28T00:21:13.686+0200][7.734s] GC(152) Concurrent Cleanup for Next Mark 0.102ms
[2025-06-28T00:21:13.686+0200][7.734s] GC(152) Concurrent Mark Cycle 28.359ms
[2025-06-28T00:21:13.700+0200][7.748s] GC(154) Pause Young (Normal) (G1 Evacuation Pause)
[2025-06-28T00:21:13.700+0200][7.748s] GC(154) Using 2 workers of 10 for evacuation
[2025-06-28T00:21:13.702+0200][7.750s] GC(154)   Pre Evacuate Collection Set: 0.3ms
[2025-06-28T00:21:13.702+0200][7.751s] GC(154)   Merge Heap Roots: 0.2ms
[2025-06-28T00:21:13.702+0200][7.751s] GC(154)   Evacuate Collection Set: 1.6ms
[2025-06-28T00:21:13.702+0200][7.751s] GC(154)   Post Evacuate Collection Set: 0.3ms
[2025-06-28T00:21:13.702+0200][7.751s] GC(154)   Other: 0.1ms
[2025-06-28T00:21:13.702+0200][7.751s] GC(154) Eden regions: 1->0(1)
[2025-06-28T00:21:13.702+0200][7.751s] GC(154) Survivor regions: 1->1(1)
[2025-06-28T00:21:13.702+0200][7.751s] GC(154) Old regions: 17->17
[2025-06-28T00:21:13.702+0200][7.751s] GC(154) Humongous regions: 0->0
[2025-06-28T00:21:13.702+0200][7.751s] GC(154) Metaspace: 34914K(35456K)->34914K(35456K) NonClass: 30486K(30784K)->30486K(30784K) Class: 4427K(4672K)->4427K(4672K)
[2025-06-28T00:21:13.702+0200][7.751s] GC(154) Pause Young (Normal) (G1 Evacuation Pause) 17M->16M(22M) 2.880ms
[2025-06-28T00:21:13.702+0200][7.751s] GC(154) User=0.00s Sys=0.00s Real=0.00s
[2025-06-28T00:21:13.727+0200][7.775s] GC(155) Pause Young (Concurrent Start) (G1 Evacuation Pause)
[2025-06-28T00:21:13.727+0200][7.775s] GC(155) Using 2 workers of 10 for evacuation
[2025-06-28T00:21:13.729+0200][7.778s] GC(155)   Pre Evacuate Collection Set: 0.2ms
[2025-06-28T00:21:13.730+0200][7.778s] GC(155)   Merge Heap Roots: 0.1ms
[2025-06-28T00:21:13.730+0200][7.778s] GC(155)   Evacuate Collection Set: 1.5ms
[2025-06-28T00:21:13.730+0200][7.778s] GC(155)   Post Evacuate Collection Set: 0.6ms
[2025-06-28T00:21:13.730+0200][7.778s] GC(155)   Other: 0.2ms
[2025-06-28T00:21:13.730+0200][7.778s] GC(155) Eden regions: 1->0(1)
[2025-06-28T00:21:13.730+0200][7.778s] GC(155) Survivor regions: 1->1(1)
[2025-06-28T00:21:13.730+0200][7.778s] GC(155) Old regions: 17->17
[2025-06-28T00:21:13.730+0200][7.778s] GC(155) Humongous regions: 0->0
[2025-06-28T00:21:13.730+0200][7.778s] GC(155) Metaspace: 35057K(35584K)->35057K(35584K) NonClass: 30597K(30912K)->30597K(30912K) Class: 4460K(4672K)->4460K(4672K)
[2025-06-28T00:21:13.730+0200][7.778s] GC(155) Pause Young (Concurrent Start) (G1 Evacuation Pause) 17M->16M(22M) 2.996ms
[2025-06-28T00:21:13.730+0200][7.778s] GC(155) User=0.06s Sys=0.00s Real=0.00s
[2025-06-28T00:21:13.730+0200][7.778s] GC(156) Concurrent Mark Cycle
[2025-06-28T00:21:13.730+0200][7.778s] GC(156) Concurrent Scan Root Regions
[2025-06-28T00:21:13.731+0200][7.780s] GC(156) Concurrent Scan Root Regions 1.218ms
[2025-06-28T00:21:13.731+0200][7.780s] GC(156) Concurrent Mark
[2025-06-28T00:21:13.731+0200][7.780s] GC(156) Concurrent Mark From Roots
[2025-06-28T00:21:13.731+0200][7.780s] GC(156) Using 3 workers of 3 for marking
[2025-06-28T00:21:13.746+0200][7.794s] GC(156) Concurrent Mark From Roots 14.576ms
[2025-06-28T00:21:13.746+0200][7.794s] GC(156) Concurrent Preclean
[2025-06-28T00:21:13.746+0200][7.795s] GC(156) Concurrent Preclean 0.265ms
[2025-06-28T00:21:13.746+0200][7.795s] GC(156) Pause Remark
[2025-06-28T00:21:13.754+0200][7.802s] GC(156) Pause Remark 17M->17M(22M) 7.436ms
[2025-06-28T00:21:13.754+0200][7.802s] GC(156) User=0.00s Sys=0.00s Real=0.01s
[2025-06-28T00:21:13.754+0200][7.803s] GC(156) Concurrent Mark 22.868ms
[2025-06-28T00:21:13.754+0200][7.803s] GC(156) Concurrent Rebuild Remembered Sets and Scrub Regions
[2025-06-28T00:21:13.760+0200][7.809s] GC(156) Concurrent Rebuild Remembered Sets and Scrub Regions 6.216ms
[2025-06-28T00:21:13.761+0200][7.809s] GC(156) Pause Cleanup
[2025-06-28T00:21:13.761+0200][7.809s] GC(156) Pause Cleanup 17M->17M(22M) 0.217ms
[2025-06-28T00:21:13.761+0200][7.809s] GC(156) User=0.00s Sys=0.00s Real=0.00s
[2025-06-28T00:21:13.761+0200][7.809s] GC(156) Concurrent Clear Claimed Marks
[2025-06-28T00:21:13.761+0200][7.810s] GC(156) Concurrent Clear Claimed Marks 0.082ms
[2025-06-28T00:21:13.761+0200][7.810s] GC(156) Concurrent Cleanup for Next Mark
[2025-06-28T00:21:13.761+0200][7.810s] GC(156) Concurrent Cleanup for Next Mark 0.194ms
[2025-06-28T00:21:13.761+0200][7.810s] GC(156) Concurrent Mark Cycle 31.611ms
[2025-06-28T00:21:13.771+0200][7.819s] GC(157) Pause Young (Normal) (G1 Evacuation Pause)
[2025-06-28T00:21:13.771+0200][7.819s] GC(157) Using 2 workers of 10 for evacuation
[2025-06-28T00:21:13.773+0200][7.822s] GC(157)   Pre Evacuate Collection Set: 0.2ms
[2025-06-28T00:21:13.773+0200][7.822s] GC(157)   Merge Heap Roots: 0.1ms
[2025-06-28T00:21:13.773+0200][7.822s] GC(157)   Evacuate Collection Set: 1.8ms
[2025-06-28T00:21:13.773+0200][7.822s] GC(157)   Post Evacuate Collection Set: 0.6ms
[2025-06-28T00:21:13.773+0200][7.822s] GC(157)   Other: 0.1ms
[2025-06-28T00:21:13.773+0200][7.822s] GC(157) Eden regions: 1->0(1)
[2025-06-28T00:21:13.774+0200][7.822s] GC(157) Survivor regions: 1->1(1)
[2025-06-28T00:21:13.774+0200][7.822s] GC(157) Old regions: 17->17
[2025-06-28T00:21:13.774+0200][7.822s] GC(157) Humongous regions: 0->0
[2025-06-28T00:21:13.774+0200][7.822s] GC(157) Metaspace: 35192K(35712K)->35192K(35712K) NonClass: 30704K(30976K)->30704K(30976K) Class: 4488K(4736K)->4488K(4736K)
[2025-06-28T00:21:13.774+0200][7.822s] GC(157) Pause Young (Normal) (G1 Evacuation Pause) 17M->16M(22M) 3.063ms
[2025-06-28T00:21:13.774+0200][7.822s] GC(157) User=0.00s Sys=0.00s Real=0.00s
[2025-06-28T00:21:13.781+0200][7.829s] GC(158) Pause Young (Concurrent Start) (G1 Evacuation Pause)
[2025-06-28T00:21:13.782+0200][7.829s] GC(158) Using 2 workers of 10 for evacuation
[2025-06-28T00:21:13.784+0200][7.832s] GC(158)   Pre Evacuate Collection Set: 0.3ms
[2025-06-28T00:21:13.784+0200][7.832s] GC(158)   Merge Heap Roots: 0.2ms
[2025-06-28T00:21:13.784+0200][7.832s] GC(158)   Evacuate Collection Set: 1.5ms
[2025-06-28T00:21:13.784+0200][7.832s] GC(158)   Post Evacuate Collection Set: 0.7ms
[2025-06-28T00:21:13.784+0200][7.832s] GC(158)   Other: 0.3ms
[2025-06-28T00:21:13.784+0200][7.832s] GC(158) Eden regions: 1->0(1)
[2025-06-28T00:21:13.784+0200][7.832s] GC(158) Survivor regions: 1->1(1)
[2025-06-28T00:21:13.784+0200][7.832s] GC(158) Old regions: 17->17
[2025-06-28T00:21:13.784+0200][7.832s] GC(158) Humongous regions: 0->0
[2025-06-28T00:21:13.784+0200][7.832s] GC(158) Metaspace: 35200K(35712K)->35200K(35712K) NonClass: 30710K(30976K)->30710K(30976K) Class: 4489K(4736K)->4489K(4736K)
[2025-06-28T00:21:13.784+0200][7.832s] GC(158) Pause Young (Concurrent Start) (G1 Evacuation Pause) 17M->16M(22M) 3.409ms
[2025-06-28T00:21:13.784+0200][7.832s] GC(158) User=0.00s Sys=0.00s Real=0.00s
[2025-06-28T00:21:13.785+0200][7.832s] GC(159) Concurrent Mark Cycle
[2025-06-28T00:21:13.785+0200][7.833s] GC(159) Concurrent Scan Root Regions
[2025-06-28T00:21:13.785+0200][7.833s] GC(159) Concurrent Scan Root Regions 0.812ms
[2025-06-28T00:21:13.785+0200][7.833s] GC(159) Concurrent Mark
[2025-06-28T00:21:13.785+0200][7.833s] GC(159) Concurrent Mark From Roots
[2025-06-28T00:21:13.785+0200][7.833s] GC(159) Using 3 workers of 3 for marking
[2025-06-28T00:21:13.792+0200][7.841s] GC(160) Pause Young (Normal) (G1 Evacuation Pause)
[2025-06-28T00:21:13.793+0200][7.841s] GC(160) Using 2 workers of 10 for evacuation
[2025-06-28T00:21:13.796+0200][7.844s] GC(160)   Pre Evacuate Collection Set: 0.2ms
[2025-06-28T00:21:13.796+0200][7.844s] GC(160)   Merge Heap Roots: 0.1ms
[2025-06-28T00:21:13.796+0200][7.844s] GC(160)   Evacuate Collection Set: 1.7ms
[2025-06-28T00:21:13.796+0200][7.844s] GC(160)   Post Evacuate Collection Set: 1.2ms
[2025-06-28T00:21:13.796+0200][7.844s] GC(160)   Other: 0.1ms
[2025-06-28T00:21:13.796+0200][7.845s] GC(160) Eden regions: 1->0(1)
[2025-06-28T00:21:13.796+0200][7.845s] GC(160) Survivor regions: 1->1(1)
[2025-06-28T00:21:13.796+0200][7.845s] GC(160) Old regions: 17->17
[2025-06-28T00:21:13.796+0200][7.845s] GC(160) Humongous regions: 0->0
[2025-06-28T00:21:13.796+0200][7.845s] GC(160) Metaspace: 35208K(35712K)->35208K(35712K) NonClass: 30717K(30976K)->30717K(30976K) Class: 4491K(4736K)->4491K(4736K)
[2025-06-28T00:21:13.796+0200][7.845s] GC(160) Pause Young (Normal) (G1 Evacuation Pause) 17M->16M(22M) 3.871ms
[2025-06-28T00:21:13.796+0200][7.845s] GC(160) User=0.00s Sys=0.00s Real=0.00s
[2025-06-28T00:21:13.808+0200][7.855s] GC(159) Concurrent Mark From Roots 22.075ms
[2025-06-28T00:21:13.808+0200][7.856s] GC(159) Concurrent Preclean
[2025-06-28T00:21:13.808+0200][7.856s] GC(159) Concurrent Preclean 0.211ms
[2025-06-28T00:21:13.809+0200][7.856s] GC(159) Pause Remark
[2025-06-28T00:21:13.813+0200][7.861s] GC(159) Pause Remark 17M->17M(22M) 4.645ms
[2025-06-28T00:21:13.813+0200][7.861s] GC(159) User=0.00s Sys=0.00s Real=0.00s
[2025-06-28T00:21:13.813+0200][7.861s] GC(159) Concurrent Mark 27.810ms
[2025-06-28T00:21:13.814+0200][7.861s] GC(159) Concurrent Rebuild Remembered Sets and Scrub Regions
[2025-06-28T00:21:13.820+0200][7.868s] GC(159) Concurrent Rebuild Remembered Sets and Scrub Regions 6.639ms
[2025-06-28T00:21:13.820+0200][7.868s] GC(159) Pause Cleanup
[2025-06-28T00:21:13.821+0200][7.868s] GC(159) Pause Cleanup 17M->17M(22M) 0.175ms
[2025-06-28T00:21:13.821+0200][7.868s] GC(159) User=0.00s Sys=0.00s Real=0.00s
[2025-06-28T00:21:13.821+0200][7.869s] GC(159) Concurrent Clear Claimed Marks
[2025-06-28T00:21:13.821+0200][7.869s] GC(159) Concurrent Clear Claimed Marks 0.087ms
[2025-06-28T00:21:13.821+0200][7.869s] GC(159) Concurrent Cleanup for Next Mark
[2025-06-28T00:21:13.821+0200][7.869s] GC(159) Concurrent Cleanup for Next Mark 0.170ms
[2025-06-28T00:21:13.821+0200][7.869s] GC(159) Concurrent Mark Cycle 36.398ms
[2025-06-28T00:21:13.821+0200][7.869s] GC(161) Pause Young (Normal) (G1 Evacuation Pause)
[2025-06-28T00:21:13.821+0200][7.869s] GC(161) Using 2 workers of 10 for evacuation
[2025-06-28T00:21:13.824+0200][7.872s] GC(161)   Pre Evacuate Collection Set: 0.2ms
[2025-06-28T00:21:13.824+0200][7.872s] GC(161)   Merge Heap Roots: 0.1ms
[2025-06-28T00:21:13.824+0200][7.872s] GC(161)   Evacuate Collection Set: 1.5ms
[2025-06-28T00:21:13.824+0200][7.872s] GC(161)   Post Evacuate Collection Set: 0.4ms
[2025-06-28T00:21:13.824+0200][7.872s] GC(161)   Other: 0.1ms
[2025-06-28T00:21:13.824+0200][7.872s] GC(161) Eden regions: 1->0(1)
[2025-06-28T00:21:13.824+0200][7.872s] GC(161) Survivor regions: 1->1(1)
[2025-06-28T00:21:13.824+0200][7.872s] GC(161) Old regions: 17->17
[2025-06-28T00:21:13.824+0200][7.872s] GC(161) Humongous regions: 0->0
[2025-06-28T00:21:13.824+0200][7.872s] GC(161) Metaspace: 35316K(35840K)->35316K(35840K) NonClass: 30812K(31104K)->30812K(31104K) Class: 4503K(4736K)->4503K(4736K)
[2025-06-28T00:21:13.824+0200][7.872s] GC(161) Pause Young (Normal) (G1 Evacuation Pause) 17M->16M(22M) 2.685ms
[2025-06-28T00:21:13.824+0200][7.872s] GC(161) User=0.03s Sys=0.00s Real=0.00s
[2025-06-28T00:21:13.855+0200][7.904s] GC(162) Pause Young (Concurrent Start) (G1 Evacuation Pause)
[2025-06-28T00:21:13.855+0200][7.904s] GC(162) Using 2 workers of 10 for evacuation
[2025-06-28T00:21:13.858+0200][7.907s] GC(162)   Pre Evacuate Collection Set: 0.4ms
[2025-06-28T00:21:13.858+0200][7.907s] GC(162)   Merge Heap Roots: 0.1ms
[2025-06-28T00:21:13.858+0200][7.907s] GC(162)   Evacuate Collection Set: 1.6ms
[2025-06-28T00:21:13.858+0200][7.907s] GC(162)   Post Evacuate Collection Set: 0.5ms
[2025-06-28T00:21:13.858+0200][7.907s] GC(162)   Other: 0.2ms
[2025-06-28T00:21:13.858+0200][7.907s] GC(162) Eden regions: 1->0(1)
[2025-06-28T00:21:13.859+0200][7.907s] GC(162) Survivor regions: 1->1(1)
[2025-06-28T00:21:13.859+0200][7.907s] GC(162) Old regions: 17->17
[2025-06-28T00:21:13.859+0200][7.907s] GC(162) Humongous regions: 0->0
[2025-06-28T00:21:13.859+0200][7.907s] GC(162) Metaspace: 35439K(35968K)->35439K(35968K) NonClass: 30914K(31232K)->30914K(31232K) Class: 4524K(4736K)->4524K(4736K)
[2025-06-28T00:21:13.859+0200][7.907s] GC(162) Pause Young (Concurrent Start) (G1 Evacuation Pause) 17M->16M(22M) 3.327ms
[2025-06-28T00:21:13.859+0200][7.907s] GC(162) User=0.00s Sys=0.00s Real=0.00s
[2025-06-28T00:21:13.859+0200][7.907s] GC(163) Concurrent Mark Cycle
[2025-06-28T00:21:13.859+0200][7.907s] GC(163) Concurrent Scan Root Regions
[2025-06-28T00:21:13.860+0200][7.908s] GC(163) Concurrent Scan Root Regions 0.734ms
[2025-06-28T00:21:13.860+0200][7.908s] GC(163) Concurrent Mark
[2025-06-28T00:21:13.860+0200][7.908s] GC(163) Concurrent Mark From Roots
[2025-06-28T00:21:13.860+0200][7.908s] GC(163) Using 3 workers of 3 for marking
[2025-06-28T00:21:13.878+0200][7.927s] GC(163) Concurrent Mark From Roots 18.724ms
[2025-06-28T00:21:13.878+0200][7.927s] GC(163) Concurrent Preclean
[2025-06-28T00:21:13.879+0200][7.927s] GC(163) Concurrent Preclean 0.216ms
[2025-06-28T00:21:13.879+0200][7.927s] GC(163) Pause Remark
[2025-06-28T00:21:13.885+0200][7.933s] GC(163) Pause Remark 17M->17M(22M) 6.049ms
[2025-06-28T00:21:13.885+0200][7.933s] GC(163) User=0.00s Sys=0.00s Real=0.01s
[2025-06-28T00:21:13.885+0200][7.933s] GC(163) Concurrent Mark 25.418ms
[2025-06-28T00:21:13.886+0200][7.933s] GC(163) Concurrent Rebuild Remembered Sets and Scrub Regions
[2025-06-28T00:21:13.888+0200][7.935s] GC(164) Pause Young (Normal) (G1 Evacuation Pause)
[2025-06-28T00:21:13.888+0200][7.935s] GC(164) Using 2 workers of 10 for evacuation
[2025-06-28T00:21:13.890+0200][7.938s] GC(164)   Pre Evacuate Collection Set: 0.2ms
[2025-06-28T00:21:13.890+0200][7.938s] GC(164)   Merge Heap Roots: 0.1ms
[2025-06-28T00:21:13.890+0200][7.938s] GC(164)   Evacuate Collection Set: 1.7ms
[2025-06-28T00:21:13.890+0200][7.938s] GC(164)   Post Evacuate Collection Set: 0.5ms
[2025-06-28T00:21:13.890+0200][7.938s] GC(164)   Other: 0.1ms
[2025-06-28T00:21:13.890+0200][7.938s] GC(164) Eden regions: 1->0(1)
[2025-06-28T00:21:13.890+0200][7.938s] GC(164) Survivor regions: 1->1(1)
[2025-06-28T00:21:13.890+0200][7.938s] GC(164) Old regions: 17->17
[2025-06-28T00:21:13.890+0200][7.938s] GC(164) Humongous regions: 0->0
[2025-06-28T00:21:13.890+0200][7.938s] GC(164) Metaspace: 35558K(36096K)->35558K(36096K) NonClass: 31021K(31360K)->31021K(31360K) Class: 4536K(4736K)->4536K(4736K)
[2025-06-28T00:21:13.890+0200][7.938s] GC(164) Pause Young (Normal) (G1 Evacuation Pause) 17M->16M(22M) 2.818ms
[2025-06-28T00:21:13.890+0200][7.938s] GC(164) User=0.00s Sys=0.00s Real=0.00s
[2025-06-28T00:21:13.894+0200][7.942s] GC(163) Concurrent Rebuild Remembered Sets and Scrub Regions 8.577ms
[2025-06-28T00:21:13.894+0200][7.942s] GC(163) Pause Cleanup
[2025-06-28T00:21:13.895+0200][7.942s] GC(163) Pause Cleanup 17M->17M(22M) 0.213ms
[2025-06-28T00:21:13.895+0200][7.942s] GC(163) User=0.00s Sys=0.00s Real=0.00s
[2025-06-28T00:21:13.895+0200][7.943s] GC(163) Concurrent Clear Claimed Marks
[2025-06-28T00:21:13.895+0200][7.943s] GC(163) Concurrent Clear Claimed Marks 0.096ms
[2025-06-28T00:21:13.895+0200][7.943s] GC(163) Concurrent Cleanup for Next Mark
[2025-06-28T00:21:13.895+0200][7.943s] GC(163) Concurrent Cleanup for Next Mark 0.160ms
[2025-06-28T00:21:13.895+0200][7.943s] GC(163) Concurrent Mark Cycle 35.920ms
[2025-06-28T00:21:13.920+0200][7.968s] GC(165) Pause Young (Normal) (G1 Evacuation Pause)
[2025-06-28T00:21:13.920+0200][7.968s] GC(165) Using 2 workers of 10 for evacuation
[2025-06-28T00:21:13.924+0200][7.971s] GC(165)   Pre Evacuate Collection Set: 0.4ms
[2025-06-28T00:21:13.924+0200][7.971s] GC(165)   Merge Heap Roots: 0.1ms
[2025-06-28T00:21:13.924+0200][7.971s] GC(165)   Evacuate Collection Set: 1.4ms
[2025-06-28T00:21:13.924+0200][7.971s] GC(165)   Post Evacuate Collection Set: 1.0ms
[2025-06-28T00:21:13.924+0200][7.971s] GC(165)   Other: 0.1ms
[2025-06-28T00:21:13.924+0200][7.971s] GC(165) Eden regions: 1->0(1)
[2025-06-28T00:21:13.924+0200][7.971s] GC(165) Survivor regions: 1->1(1)
[2025-06-28T00:21:13.924+0200][7.971s] GC(165) Old regions: 17->17
[2025-06-28T00:21:13.924+0200][7.971s] GC(165) Humongous regions: 0->0
[2025-06-28T00:21:13.924+0200][7.971s] GC(165) Metaspace: 35697K(36224K)->35697K(36224K) NonClass: 31137K(31424K)->31137K(31424K) Class: 4559K(4800K)->4559K(4800K)
[2025-06-28T00:21:13.924+0200][7.972s] GC(165) Pause Young (Normal) (G1 Evacuation Pause) 17M->16M(22M) 3.374ms
[2025-06-28T00:21:13.924+0200][7.972s] GC(165) User=0.00s Sys=0.00s Real=0.00s
[2025-06-28T00:21:13.950+0200][7.998s] GC(166) Pause Young (Concurrent Start) (G1 Evacuation Pause)
[2025-06-28T00:21:13.950+0200][7.998s] GC(166) Using 2 workers of 10 for evacuation
[2025-06-28T00:21:13.953+0200][8.001s] GC(166)   Pre Evacuate Collection Set: 0.3ms
[2025-06-28T00:21:13.953+0200][8.002s] GC(166)   Merge Heap Roots: 0.1ms
[2025-06-28T00:21:13.953+0200][8.002s] GC(166)   Evacuate Collection Set: 2.0ms
[2025-06-28T00:21:13.953+0200][8.002s] GC(166)   Post Evacuate Collection Set: 0.5ms
[2025-06-28T00:21:13.953+0200][8.002s] GC(166)   Other: 0.2ms
[2025-06-28T00:21:13.953+0200][8.002s] GC(166) Eden regions: 1->0(1)
[2025-06-28T00:21:13.953+0200][8.002s] GC(166) Survivor regions: 1->1(1)
[2025-06-28T00:21:13.953+0200][8.002s] GC(166) Old regions: 17->17
[2025-06-28T00:21:13.953+0200][8.002s] GC(166) Humongous regions: 0->0
[2025-06-28T00:21:13.953+0200][8.002s] GC(166) Metaspace: 35923K(36416K)->35923K(36416K) NonClass: 31328K(31616K)->31328K(31616K) Class: 4595K(4800K)->4595K(4800K)
[2025-06-28T00:21:13.953+0200][8.002s] GC(166) Pause Young (Concurrent Start) (G1 Evacuation Pause) 17M->16M(22M) 3.666ms
[2025-06-28T00:21:13.953+0200][8.002s] GC(166) User=0.00s Sys=0.00s Real=0.00s
[2025-06-28T00:21:13.953+0200][8.002s] GC(167) Concurrent Mark Cycle
[2025-06-28T00:21:13.953+0200][8.002s] GC(167) Concurrent Scan Root Regions
[2025-06-28T00:21:13.954+0200][8.003s] GC(167) Concurrent Scan Root Regions 0.642ms
[2025-06-28T00:21:13.954+0200][8.003s] GC(167) Concurrent Mark
[2025-06-28T00:21:13.954+0200][8.003s] GC(167) Concurrent Mark From Roots
[2025-06-28T00:21:13.954+0200][8.003s] GC(167) Using 3 workers of 3 for marking
[2025-06-28T00:21:13.971+0200][8.019s] GC(167) Concurrent Mark From Roots 16.809ms
[2025-06-28T00:21:13.971+0200][8.020s] GC(167) Concurrent Preclean
[2025-06-28T00:21:13.971+0200][8.020s] GC(167) Concurrent Preclean 0.231ms
[2025-06-28T00:21:13.971+0200][8.020s] GC(167) Pause Remark
[2025-06-28T00:21:13.978+0200][8.026s] GC(167) Pause Remark 17M->17M(22M) 5.734ms
[2025-06-28T00:21:13.978+0200][8.026s] GC(167) User=0.00s Sys=0.00s Real=0.01s
[2025-06-28T00:21:13.978+0200][8.026s] GC(167) Concurrent Mark 23.248ms
[2025-06-28T00:21:13.978+0200][8.026s] GC(167) Concurrent Rebuild Remembered Sets and Scrub Regions
[2025-06-28T00:21:13.984+0200][8.033s] GC(167) Concurrent Rebuild Remembered Sets and Scrub Regions 6.579ms
[2025-06-28T00:21:13.984+0200][8.033s] GC(167) Pause Cleanup
[2025-06-28T00:21:13.984+0200][8.033s] GC(167) Pause Cleanup 17M->17M(22M) 0.142ms
[2025-06-28T00:21:13.984+0200][8.033s] GC(167) User=0.00s Sys=0.00s Real=0.00s
[2025-06-28T00:21:13.985+0200][8.033s] GC(167) Concurrent Clear Claimed Marks
[2025-06-28T00:21:13.985+0200][8.033s] GC(167) Concurrent Clear Claimed Marks 0.107ms
[2025-06-28T00:21:13.985+0200][8.033s] GC(167) Concurrent Cleanup for Next Mark
[2025-06-28T00:21:13.985+0200][8.033s] GC(167) Concurrent Cleanup for Next Mark 0.158ms
[2025-06-28T00:21:13.985+0200][8.033s] GC(167) Concurrent Mark Cycle 31.537ms
[2025-06-28T00:21:13.990+0200][8.038s] GC(168) Pause Young (Normal) (G1 Evacuation Pause)
[2025-06-28T00:21:13.990+0200][8.038s] GC(168) Using 2 workers of 10 for evacuation
[2025-06-28T00:21:13.993+0200][8.041s] GC(168)   Pre Evacuate Collection Set: 0.2ms
[2025-06-28T00:21:13.993+0200][8.041s] GC(168)   Merge Heap Roots: 0.1ms
[2025-06-28T00:21:13.993+0200][8.041s] GC(168)   Evacuate Collection Set: 1.9ms
[2025-06-28T00:21:13.993+0200][8.041s] GC(168)   Post Evacuate Collection Set: 0.7ms
[2025-06-28T00:21:13.993+0200][8.041s] GC(168)   Other: 0.1ms
[2025-06-28T00:21:13.993+0200][8.041s] GC(168) Eden regions: 1->0(1)
[2025-06-28T00:21:13.993+0200][8.041s] GC(168) Survivor regions: 1->1(1)
[2025-06-28T00:21:13.993+0200][8.041s] GC(168) Old regions: 17->17
[2025-06-28T00:21:13.993+0200][8.041s] GC(168) Humongous regions: 0->0
[2025-06-28T00:21:13.993+0200][8.041s] GC(168) Metaspace: 36102K(36608K)->36102K(36608K) NonClass: 31490K(31808K)->31490K(31808K) Class: 4611K(4800K)->4611K(4800K)
[2025-06-28T00:21:13.993+0200][8.041s] GC(168) Pause Young (Normal) (G1 Evacuation Pause) 17M->16M(22M) 3.332ms
[2025-06-28T00:21:13.993+0200][8.041s] GC(168) User=0.00s Sys=0.00s Real=0.00s
[2025-06-28T00:21:14.023+0200][8.071s] GC(169) Pause Young (Concurrent Start) (G1 Evacuation Pause)
[2025-06-28T00:21:14.023+0200][8.072s] GC(169) Using 2 workers of 10 for evacuation
[2025-06-28T00:21:14.026+0200][8.074s] GC(169)   Pre Evacuate Collection Set: 0.2ms
[2025-06-28T00:21:14.026+0200][8.074s] GC(169)   Merge Heap Roots: 0.1ms
[2025-06-28T00:21:14.026+0200][8.074s] GC(169)   Evacuate Collection Set: 1.6ms
[2025-06-28T00:21:14.026+0200][8.074s] GC(169)   Post Evacuate Collection Set: 0.5ms
[2025-06-28T00:21:14.026+0200][8.075s] GC(169)   Other: 0.2ms
[2025-06-28T00:21:14.026+0200][8.075s] GC(169) Eden regions: 1->0(1)
[2025-06-28T00:21:14.026+0200][8.075s] GC(169) Survivor regions: 1->1(1)
[2025-06-28T00:21:14.026+0200][8.075s] GC(169) Old regions: 17->17
[2025-06-28T00:21:14.026+0200][8.075s] GC(169) Humongous regions: 0->0
[2025-06-28T00:21:14.026+0200][8.075s] GC(169) Metaspace: 36218K(36736K)->36218K(36736K) NonClass: 31588K(31872K)->31588K(31872K) Class: 4629K(4864K)->4629K(4864K)
[2025-06-28T00:21:14.026+0200][8.075s] GC(169) Pause Young (Concurrent Start) (G1 Evacuation Pause) 17M->17M(22M) 3.179ms
[2025-06-28T00:21:14.026+0200][8.075s] GC(169) User=0.03s Sys=0.00s Real=0.00s
[2025-06-28T00:21:14.026+0200][8.075s] GC(170) Concurrent Mark Cycle
[2025-06-28T00:21:14.026+0200][8.075s] GC(170) Concurrent Scan Root Regions
[2025-06-28T00:21:14.027+0200][8.076s] GC(170) Concurrent Scan Root Regions 0.866ms
[2025-06-28T00:21:14.027+0200][8.076s] GC(170) Concurrent Mark
[2025-06-28T00:21:14.027+0200][8.076s] GC(170) Concurrent Mark From Roots
[2025-06-28T00:21:14.027+0200][8.076s] GC(170) Using 3 workers of 3 for marking
[2025-06-28T00:21:14.044+0200][8.092s] GC(170) Concurrent Mark From Roots 16.650ms
[2025-06-28T00:21:14.044+0200][8.093s] GC(170) Concurrent Preclean
[2025-06-28T00:21:14.044+0200][8.093s] GC(170) Concurrent Preclean 0.269ms
[2025-06-28T00:21:14.045+0200][8.093s] GC(170) Pause Remark
[2025-06-28T00:21:14.059+0200][8.108s] GC(170) Pause Remark 17M->17M(22M) 14.711ms
[2025-06-28T00:21:14.059+0200][8.108s] GC(170) User=0.08s Sys=0.00s Real=0.01s
[2025-06-28T00:21:14.060+0200][8.108s] GC(170) Concurrent Mark 32.145ms
[2025-06-28T00:21:14.060+0200][8.108s] GC(170) Concurrent Rebuild Remembered Sets and Scrub Regions
[2025-06-28T00:21:14.067+0200][8.116s] GC(170) Concurrent Rebuild Remembered Sets and Scrub Regions 7.664ms
[2025-06-28T00:21:14.068+0200][8.116s] GC(170) Pause Cleanup
[2025-06-28T00:21:14.068+0200][8.116s] GC(170) Pause Cleanup 17M->17M(22M) 0.234ms
[2025-06-28T00:21:14.068+0200][8.116s] GC(170) User=0.00s Sys=0.00s Real=0.00s
[2025-06-28T00:21:14.068+0200][8.116s] GC(170) Concurrent Clear Claimed Marks
[2025-06-28T00:21:14.068+0200][8.117s] GC(170) Concurrent Clear Claimed Marks 0.154ms
[2025-06-28T00:21:14.068+0200][8.117s] GC(170) Concurrent Cleanup for Next Mark
[2025-06-28T00:21:14.068+0200][8.117s] GC(170) Concurrent Cleanup for Next Mark 0.216ms
[2025-06-28T00:21:14.069+0200][8.117s] GC(170) Concurrent Mark Cycle 42.071ms
[2025-06-28T00:21:14.075+0200][8.124s] GC(171) Pause Young (Prepare Mixed) (G1 Evacuation Pause)
[2025-06-28T00:21:14.075+0200][8.124s] GC(171) Using 2 workers of 10 for evacuation
[2025-06-28T00:21:14.078+0200][8.127s] GC(171)   Pre Evacuate Collection Set: 0.2ms
[2025-06-28T00:21:14.078+0200][8.127s] GC(171)   Merge Heap Roots: 0.1ms
[2025-06-28T00:21:14.078+0200][8.127s] GC(171)   Evacuate Collection Set: 2.1ms
[2025-06-28T00:21:14.078+0200][8.127s] GC(171)   Post Evacuate Collection Set: 0.5ms
[2025-06-28T00:21:14.078+0200][8.127s] GC(171)   Other: 0.1ms
[2025-06-28T00:21:14.079+0200][8.127s] GC(171) Eden regions: 1->0(1)
[2025-06-28T00:21:14.079+0200][8.127s] GC(171) Survivor regions: 1->1(1)
[2025-06-28T00:21:14.079+0200][8.127s] GC(171) Old regions: 17->17
[2025-06-28T00:21:14.079+0200][8.127s] GC(171) Humongous regions: 0->0
[2025-06-28T00:21:14.079+0200][8.127s] GC(171) Metaspace: 36360K(36864K)->36360K(36864K) NonClass: 31700K(32000K)->31700K(32000K) Class: 4660K(4864K)->4660K(4864K)
[2025-06-28T00:21:14.079+0200][8.127s] GC(171) Pause Young (Prepare Mixed) (G1 Evacuation Pause) 18M->17M(22M) 3.397ms
[2025-06-28T00:21:14.079+0200][8.127s] GC(171) User=0.00s Sys=0.00s Real=0.00s
[2025-06-28T00:21:14.101+0200][8.149s] GC(172) Pause Young (Mixed) (G1 Evacuation Pause)
[2025-06-28T00:21:14.101+0200][8.149s] GC(172) Using 2 workers of 10 for evacuation
[2025-06-28T00:21:14.106+0200][8.154s] GC(172)   Pre Evacuate Collection Set: 0.3ms
[2025-06-28T00:21:14.106+0200][8.154s] GC(172)   Merge Heap Roots: 0.1ms
[2025-06-28T00:21:14.106+0200][8.154s] GC(172)   Evacuate Collection Set: 3.3ms
[2025-06-28T00:21:14.106+0200][8.154s] GC(172)   Post Evacuate Collection Set: 0.5ms
[2025-06-28T00:21:14.106+0200][8.154s] GC(172)   Other: 0.1ms
[2025-06-28T00:21:14.106+0200][8.154s] GC(172) Eden regions: 1->0(1)
[2025-06-28T00:21:14.106+0200][8.154s] GC(172) Survivor regions: 1->1(1)
[2025-06-28T00:21:14.106+0200][8.154s] GC(172) Old regions: 17->17
[2025-06-28T00:21:14.106+0200][8.154s] GC(172) Humongous regions: 0->0
[2025-06-28T00:21:14.106+0200][8.154s] GC(172) Metaspace: 36479K(37056K)->36479K(37056K) NonClass: 31794K(32128K)->31794K(32128K) Class: 4684K(4928K)->4684K(4928K)
[2025-06-28T00:21:14.106+0200][8.154s] GC(172) Pause Young (Mixed) (G1 Evacuation Pause) 18M->16M(22M) 4.863ms
[2025-06-28T00:21:14.106+0200][8.154s] GC(172) User=0.06s Sys=0.00s Real=0.00s
[2025-06-28T00:21:14.124+0200][8.172s] GC(173) Pause Young (Concurrent Start) (G1 Evacuation Pause)
[2025-06-28T00:21:14.124+0200][8.172s] GC(173) Using 2 workers of 10 for evacuation
[2025-06-28T00:21:14.126+0200][8.175s] GC(173)   Pre Evacuate Collection Set: 0.3ms
[2025-06-28T00:21:14.127+0200][8.175s] GC(173)   Merge Heap Roots: 0.1ms
[2025-06-28T00:21:14.127+0200][8.175s] GC(173)   Evacuate Collection Set: 1.8ms
[2025-06-28T00:21:14.127+0200][8.175s] GC(173)   Post Evacuate Collection Set: 0.4ms
[2025-06-28T00:21:14.127+0200][8.175s] GC(173)   Other: 0.2ms
[2025-06-28T00:21:14.127+0200][8.175s] GC(173) Eden regions: 1->0(1)
[2025-06-28T00:21:14.127+0200][8.175s] GC(173) Survivor regions: 1->1(1)
[2025-06-28T00:21:14.127+0200][8.175s] GC(173) Old regions: 17->17
[2025-06-28T00:21:14.127+0200][8.175s] GC(173) Humongous regions: 0->0
[2025-06-28T00:21:14.127+0200][8.175s] GC(173) Metaspace: 36584K(37120K)->36584K(37120K) NonClass: 31880K(32192K)->31880K(32192K) Class: 4704K(4928K)->4704K(4928K)
[2025-06-28T00:21:14.127+0200][8.175s] GC(173) Pause Young (Concurrent Start) (G1 Evacuation Pause) 17M->16M(22M) 3.099ms
[2025-06-28T00:21:14.127+0200][8.175s] GC(173) User=0.00s Sys=0.00s Real=0.00s
[2025-06-28T00:21:14.127+0200][8.175s] GC(174) Concurrent Mark Cycle
[2025-06-28T00:21:14.127+0200][8.175s] GC(174) Concurrent Scan Root Regions
[2025-06-28T00:21:14.128+0200][8.176s] GC(174) Concurrent Scan Root Regions 0.874ms
[2025-06-28T00:21:14.128+0200][8.176s] GC(174) Concurrent Mark
[2025-06-28T00:21:14.128+0200][8.176s] GC(174) Concurrent Mark From Roots
[2025-06-28T00:21:14.128+0200][8.176s] GC(174) Using 3 workers of 3 for marking
[2025-06-28T00:21:14.143+0200][8.191s] GC(174) Concurrent Mark From Roots 15.166ms
[2025-06-28T00:21:14.143+0200][8.191s] GC(174) Concurrent Preclean
[2025-06-28T00:21:14.143+0200][8.191s] GC(174) Concurrent Preclean 0.191ms
[2025-06-28T00:21:14.143+0200][8.191s] GC(174) Pause Remark
[2025-06-28T00:21:14.149+0200][8.197s] GC(174) Pause Remark 17M->17M(22M) 5.635ms
[2025-06-28T00:21:14.149+0200][8.197s] GC(174) User=0.00s Sys=0.00s Real=0.01s
[2025-06-28T00:21:14.149+0200][8.197s] GC(174) Concurrent Mark 21.362ms
[2025-06-28T00:21:14.149+0200][8.197s] GC(174) Concurrent Rebuild Remembered Sets and Scrub Regions
[2025-06-28T00:21:14.156+0200][8.204s] GC(174) Concurrent Rebuild Remembered Sets and Scrub Regions 6.117ms
[2025-06-28T00:21:14.156+0200][8.204s] GC(174) Pause Cleanup
[2025-06-28T00:21:14.156+0200][8.204s] GC(174) Pause Cleanup 17M->17M(22M) 0.196ms
[2025-06-28T00:21:14.156+0200][8.204s] GC(174) User=0.00s Sys=0.00s Real=0.00s
[2025-06-28T00:21:14.156+0200][8.204s] GC(174) Concurrent Clear Claimed Marks
[2025-06-28T00:21:14.156+0200][8.204s] GC(174) Concurrent Clear Claimed Marks 0.140ms
[2025-06-28T00:21:14.156+0200][8.204s] GC(174) Concurrent Cleanup for Next Mark
[2025-06-28T00:21:14.156+0200][8.204s] GC(174) Concurrent Cleanup for Next Mark 0.141ms
[2025-06-28T00:21:14.157+0200][8.204s] GC(174) Concurrent Mark Cycle 29.413ms
[2025-06-28T00:21:14.159+0200][8.207s] GC(175) Pause Young (Prepare Mixed) (G1 Evacuation Pause)
[2025-06-28T00:21:14.159+0200][8.207s] GC(175) Using 2 workers of 10 for evacuation
[2025-06-28T00:21:14.162+0200][8.210s] GC(175)   Pre Evacuate Collection Set: 0.2ms
[2025-06-28T00:21:14.162+0200][8.210s] GC(175)   Merge Heap Roots: 0.1ms
[2025-06-28T00:21:14.162+0200][8.210s] GC(175)   Evacuate Collection Set: 2.0ms
[2025-06-28T00:21:14.162+0200][8.210s] GC(175)   Post Evacuate Collection Set: 0.5ms
[2025-06-28T00:21:14.162+0200][8.210s] GC(175)   Other: 0.1ms
[2025-06-28T00:21:14.162+0200][8.210s] GC(175) Eden regions: 1->0(1)
[2025-06-28T00:21:14.162+0200][8.210s] GC(175) Survivor regions: 1->1(1)
[2025-06-28T00:21:14.162+0200][8.210s] GC(175) Old regions: 17->17
[2025-06-28T00:21:14.162+0200][8.210s] GC(175) Humongous regions: 0->0
[2025-06-28T00:21:14.162+0200][8.210s] GC(175) Metaspace: 36697K(37184K)->36697K(37184K) NonClass: 31968K(32256K)->31968K(32256K) Class: 4729K(4928K)->4729K(4928K)
[2025-06-28T00:21:14.162+0200][8.210s] GC(175) Pause Young (Prepare Mixed) (G1 Evacuation Pause) 17M->16M(22M) 3.313ms
[2025-06-28T00:21:14.162+0200][8.210s] GC(175) User=0.00s Sys=0.00s Real=0.00s
[2025-06-28T00:21:14.189+0200][8.237s] GC(176) Pause Young (Mixed) (G1 Evacuation Pause)
[2025-06-28T00:21:14.189+0200][8.237s] GC(176) Using 2 workers of 10 for evacuation
[2025-06-28T00:21:14.193+0200][8.241s] GC(176)   Pre Evacuate Collection Set: 0.2ms
[2025-06-28T00:21:14.193+0200][8.241s] GC(176)   Merge Heap Roots: 0.1ms
[2025-06-28T00:21:14.193+0200][8.241s] GC(176)   Evacuate Collection Set: 3.5ms
[2025-06-28T00:21:14.193+0200][8.241s] GC(176)   Post Evacuate Collection Set: 0.4ms
[2025-06-28T00:21:14.193+0200][8.241s] GC(176)   Other: 0.1ms
[2025-06-28T00:21:14.193+0200][8.241s] GC(176) Eden regions: 1->0(1)
[2025-06-28T00:21:14.193+0200][8.241s] GC(176) Survivor regions: 1->1(1)
[2025-06-28T00:21:14.193+0200][8.241s] GC(176) Old regions: 17->17
[2025-06-28T00:21:14.193+0200][8.241s] GC(176) Humongous regions: 0->0
[2025-06-28T00:21:14.193+0200][8.242s] GC(176) Metaspace: 36848K(37376K)->36848K(37376K) NonClass: 32088K(32384K)->32088K(32384K) Class: 4760K(4992K)->4760K(4992K)
[2025-06-28T00:21:14.193+0200][8.242s] GC(176) Pause Young (Mixed) (G1 Evacuation Pause) 17M->16M(22M) 4.713ms
[2025-06-28T00:21:14.193+0200][8.242s] GC(176) User=0.00s Sys=0.00s Real=0.00s
[2025-06-28T00:21:14.216+0200][8.265s] GC(177) Pause Young (Concurrent Start) (G1 Evacuation Pause)
[2025-06-28T00:21:14.216+0200][8.265s] GC(177) Using 2 workers of 10 for evacuation
[2025-06-28T00:21:14.220+0200][8.268s] GC(177)   Pre Evacuate Collection Set: 0.3ms
[2025-06-28T00:21:14.220+0200][8.268s] GC(177)   Merge Heap Roots: 0.1ms
[2025-06-28T00:21:14.220+0200][8.268s] GC(177)   Evacuate Collection Set: 1.7ms
[2025-06-28T00:21:14.220+0200][8.268s] GC(177)   Post Evacuate Collection Set: 0.9ms
[2025-06-28T00:21:14.220+0200][8.268s] GC(177)   Other: 0.2ms
[2025-06-28T00:21:14.220+0200][8.268s] GC(177) Eden regions: 1->0(1)
[2025-06-28T00:21:14.220+0200][8.268s] GC(177) Survivor regions: 1->1(1)
[2025-06-28T00:21:14.220+0200][8.268s] GC(177) Old regions: 17->17
[2025-06-28T00:21:14.220+0200][8.268s] GC(177) Humongous regions: 0->0
[2025-06-28T00:21:14.220+0200][8.268s] GC(177) Metaspace: 36967K(37440K)->36967K(37440K) NonClass: 32183K(32448K)->32183K(32448K) Class: 4784K(4992K)->4784K(4992K)
[2025-06-28T00:21:14.220+0200][8.268s] GC(177) Pause Young (Concurrent Start) (G1 Evacuation Pause) 17M->16M(22M) 3.703ms
[2025-06-28T00:21:14.220+0200][8.268s] GC(177) User=0.00s Sys=0.00s Real=0.00s
[2025-06-28T00:21:14.220+0200][8.268s] GC(178) Concurrent Mark Cycle
[2025-06-28T00:21:14.220+0200][8.268s] GC(178) Concurrent Scan Root Regions
[2025-06-28T00:21:14.221+0200][8.269s] GC(178) Concurrent Scan Root Regions 0.737ms
[2025-06-28T00:21:14.221+0200][8.269s] GC(178) Concurrent Mark
[2025-06-28T00:21:14.221+0200][8.269s] GC(178) Concurrent Mark From Roots
[2025-06-28T00:21:14.221+0200][8.269s] GC(178) Using 3 workers of 3 for marking
[2025-06-28T00:21:14.237+0200][8.285s] GC(178) Concurrent Mark From Roots 15.670ms
[2025-06-28T00:21:14.237+0200][8.285s] GC(178) Concurrent Preclean
[2025-06-28T00:21:14.237+0200][8.285s] GC(178) Concurrent Preclean 0.195ms
[2025-06-28T00:21:14.237+0200][8.285s] GC(178) Pause Remark
[2025-06-28T00:21:14.244+0200][8.292s] GC(178) Pause Remark 17M->17M(22M) 6.974ms
[2025-06-28T00:21:14.244+0200][8.292s] GC(178) User=0.00s Sys=0.00s Real=0.01s
[2025-06-28T00:21:14.244+0200][8.292s] GC(178) Concurrent Mark 23.206ms
[2025-06-28T00:21:14.244+0200][8.293s] GC(178) Concurrent Rebuild Remembered Sets and Scrub Regions
[2025-06-28T00:21:14.251+0200][8.299s] GC(179) Pause Young (Normal) (G1 Evacuation Pause)
[2025-06-28T00:21:14.251+0200][8.299s] GC(179) Using 2 workers of 10 for evacuation
[2025-06-28T00:21:14.254+0200][8.301s] GC(179)   Pre Evacuate Collection Set: 0.2ms
[2025-06-28T00:21:14.254+0200][8.302s] GC(179)   Merge Heap Roots: 0.1ms
[2025-06-28T00:21:14.254+0200][8.302s] GC(179)   Evacuate Collection Set: 1.9ms
[2025-06-28T00:21:14.254+0200][8.302s] GC(179)   Post Evacuate Collection Set: 0.4ms
[2025-06-28T00:21:14.254+0200][8.302s] GC(179)   Other: 0.1ms
[2025-06-28T00:21:14.254+0200][8.302s] GC(179) Eden regions: 1->0(1)
[2025-06-28T00:21:14.254+0200][8.302s] GC(179) Survivor regions: 1->1(1)
[2025-06-28T00:21:14.254+0200][8.302s] GC(179) Old regions: 17->17
[2025-06-28T00:21:14.254+0200][8.302s] GC(179) Humongous regions: 0->0
[2025-06-28T00:21:14.254+0200][8.302s] GC(179) Metaspace: 37089K(37632K)->37089K(37632K) NonClass: 32277K(32576K)->32277K(32576K) Class: 4811K(5056K)->4811K(5056K)
[2025-06-28T00:21:14.254+0200][8.302s] GC(179) Pause Young (Normal) (G1 Evacuation Pause) 17M->16M(22M) 3.035ms
[2025-06-28T00:21:14.254+0200][8.302s] GC(179) User=0.00s Sys=0.00s Real=0.00s
[2025-06-28T00:21:14.255+0200][8.302s] GC(178) Concurrent Rebuild Remembered Sets and Scrub Regions 9.857ms
[2025-06-28T00:21:14.255+0200][8.302s] GC(178) Pause Cleanup
[2025-06-28T00:21:14.255+0200][8.303s] GC(178) Pause Cleanup 17M->17M(22M) 0.107ms
[2025-06-28T00:21:14.255+0200][8.303s] GC(178) User=0.00s Sys=0.00s Real=0.00s
[2025-06-28T00:21:14.255+0200][8.303s] GC(178) Concurrent Clear Claimed Marks
[2025-06-28T00:21:14.255+0200][8.303s] GC(178) Concurrent Clear Claimed Marks 0.119ms
[2025-06-28T00:21:14.255+0200][8.303s] GC(178) Concurrent Cleanup for Next Mark
[2025-06-28T00:21:14.255+0200][8.303s] GC(178) Concurrent Cleanup for Next Mark 0.125ms
[2025-06-28T00:21:14.255+0200][8.303s] GC(178) Concurrent Mark Cycle 34.694ms
[2025-06-28T00:21:14.274+0200][8.322s] GC(180) Pause Young (Normal) (G1 Evacuation Pause)
[2025-06-28T00:21:14.274+0200][8.322s] GC(180) Using 2 workers of 10 for evacuation
[2025-06-28T00:21:14.277+0200][8.324s] GC(180)   Pre Evacuate Collection Set: 0.1ms
[2025-06-28T00:21:14.277+0200][8.324s] GC(180)   Merge Heap Roots: 0.1ms
[2025-06-28T00:21:14.277+0200][8.325s] GC(180)   Evacuate Collection Set: 1.5ms
[2025-06-28T00:21:14.277+0200][8.325s] GC(180)   Post Evacuate Collection Set: 0.5ms
[2025-06-28T00:21:14.277+0200][8.325s] GC(180)   Other: 0.2ms
[2025-06-28T00:21:14.277+0200][8.325s] GC(180) Eden regions: 1->0(1)
[2025-06-28T00:21:14.277+0200][8.325s] GC(180) Survivor regions: 1->1(1)
[2025-06-28T00:21:14.277+0200][8.325s] GC(180) Old regions: 17->17
[2025-06-28T00:21:14.277+0200][8.325s] GC(180) Humongous regions: 0->0
[2025-06-28T00:21:14.277+0200][8.325s] GC(180) Metaspace: 37251K(37760K)->37251K(37760K) NonClass: 32409K(32704K)->32409K(32704K) Class: 4842K(5056K)->4842K(5056K)
[2025-06-28T00:21:14.277+0200][8.325s] GC(180) Pause Young (Normal) (G1 Evacuation Pause) 17M->16M(22M) 2.878ms
[2025-06-28T00:21:14.277+0200][8.325s] GC(180) User=0.05s Sys=0.00s Real=0.00s
[2025-06-28T00:21:14.294+0200][8.343s] GC(181) Pause Young (Concurrent Start) (G1 Evacuation Pause)
[2025-06-28T00:21:14.294+0200][8.343s] GC(181) Using 2 workers of 10 for evacuation
[2025-06-28T00:21:14.297+0200][8.345s] GC(181)   Pre Evacuate Collection Set: 0.2ms
[2025-06-28T00:21:14.297+0200][8.345s] GC(181)   Merge Heap Roots: 0.1ms
[2025-06-28T00:21:14.297+0200][8.345s] GC(181)   Evacuate Collection Set: 1.7ms
[2025-06-28T00:21:14.297+0200][8.345s] GC(181)   Post Evacuate Collection Set: 0.5ms
[2025-06-28T00:21:14.297+0200][8.345s] GC(181)   Other: 0.1ms
[2025-06-28T00:21:14.297+0200][8.345s] GC(181) Eden regions: 1->0(1)
[2025-06-28T00:21:14.297+0200][8.346s] GC(181) Survivor regions: 1->1(1)
[2025-06-28T00:21:14.297+0200][8.346s] GC(181) Old regions: 17->17
[2025-06-28T00:21:14.297+0200][8.346s] GC(181) Humongous regions: 0->0
[2025-06-28T00:21:14.297+0200][8.346s] GC(181) Metaspace: 37406K(37888K)->37406K(37888K) NonClass: 32548K(32832K)->32548K(32832K) Class: 4858K(5056K)->4858K(5056K)
[2025-06-28T00:21:14.297+0200][8.346s] GC(181) Pause Young (Concurrent Start) (G1 Evacuation Pause) 17M->16M(22M) 3.110ms
[2025-06-28T00:21:14.297+0200][8.346s] GC(181) User=0.00s Sys=0.00s Real=0.00s
[2025-06-28T00:21:14.297+0200][8.346s] GC(182) Concurrent Mark Cycle
[2025-06-28T00:21:14.298+0200][8.346s] GC(182) Concurrent Scan Root Regions
[2025-06-28T00:21:14.298+0200][8.347s] GC(182) Concurrent Scan Root Regions 0.817ms
[2025-06-28T00:21:14.298+0200][8.347s] GC(182) Concurrent Mark
[2025-06-28T00:21:14.299+0200][8.347s] GC(182) Concurrent Mark From Roots
[2025-06-28T00:21:14.299+0200][8.347s] GC(182) Using 3 workers of 3 for marking
[2025-06-28T00:21:14.314+0200][8.362s] GC(182) Concurrent Mark From Roots 15.306ms
[2025-06-28T00:21:14.314+0200][8.362s] GC(182) Concurrent Preclean
[2025-06-28T00:21:14.314+0200][8.362s] GC(182) Concurrent Preclean 0.283ms
[2025-06-28T00:21:14.314+0200][8.363s] GC(182) Pause Remark
[2025-06-28T00:21:14.320+0200][8.369s] GC(182) Pause Remark 17M->17M(22M) 5.969ms
[2025-06-28T00:21:14.320+0200][8.369s] GC(182) User=0.00s Sys=0.00s Real=0.01s
[2025-06-28T00:21:14.320+0200][8.369s] GC(182) Concurrent Mark 21.958ms
[2025-06-28T00:21:14.321+0200][8.369s] GC(182) Concurrent Rebuild Remembered Sets and Scrub Regions
[2025-06-28T00:21:14.324+0200][8.372s] GC(183) Pause Young (Normal) (G1 Evacuation Pause)
[2025-06-28T00:21:14.324+0200][8.373s] GC(183) Using 2 workers of 10 for evacuation
[2025-06-28T00:21:14.327+0200][8.376s] GC(183)   Pre Evacuate Collection Set: 0.3ms
[2025-06-28T00:21:14.327+0200][8.376s] GC(183)   Merge Heap Roots: 0.1ms
[2025-06-28T00:21:14.327+0200][8.376s] GC(183)   Evacuate Collection Set: 2.0ms
[2025-06-28T00:21:14.327+0200][8.376s] GC(183)   Post Evacuate Collection Set: 0.6ms
[2025-06-28T00:21:14.327+0200][8.376s] GC(183)   Other: 0.1ms
[2025-06-28T00:21:14.327+0200][8.376s] GC(183) Eden regions: 1->0(1)
[2025-06-28T00:21:14.327+0200][8.376s] GC(183) Survivor regions: 1->1(1)
[2025-06-28T00:21:14.327+0200][8.376s] GC(183) Old regions: 17->17
[2025-06-28T00:21:14.327+0200][8.376s] GC(183) Humongous regions: 0->0
[2025-06-28T00:21:14.327+0200][8.376s] GC(183) Metaspace: 37485K(38016K)->37485K(38016K) NonClass: 32618K(32896K)->32618K(32896K) Class: 4867K(5120K)->4867K(5120K)
[2025-06-28T00:21:14.328+0200][8.376s] GC(183) Pause Young (Normal) (G1 Evacuation Pause) 17M->16M(22M) 3.489ms
[2025-06-28T00:21:14.328+0200][8.376s] GC(183) User=0.00s Sys=0.00s Real=0.00s
[2025-06-28T00:21:14.331+0200][8.379s] GC(182) Concurrent Rebuild Remembered Sets and Scrub Regions 10.246ms
[2025-06-28T00:21:14.331+0200][8.379s] GC(182) Pause Cleanup
[2025-06-28T00:21:14.331+0200][8.379s] GC(182) Pause Cleanup 17M->17M(22M) 0.122ms
[2025-06-28T00:21:14.331+0200][8.379s] GC(182) User=0.00s Sys=0.00s Real=0.00s
[2025-06-28T00:21:14.331+0200][8.379s] GC(182) Concurrent Clear Claimed Marks
[2025-06-28T00:21:14.331+0200][8.380s] GC(182) Concurrent Clear Claimed Marks 0.088ms
[2025-06-28T00:21:14.331+0200][8.380s] GC(182) Concurrent Cleanup for Next Mark
[2025-06-28T00:21:14.331+0200][8.380s] GC(182) Concurrent Cleanup for Next Mark 0.123ms
[2025-06-28T00:21:14.331+0200][8.380s] GC(182) Concurrent Mark Cycle 34.010ms
[2025-06-28T00:21:14.351+0200][8.399s] GC(184) Pause Young (Normal) (G1 Evacuation Pause)
[2025-06-28T00:21:14.351+0200][8.399s] GC(184) Using 2 workers of 10 for evacuation
[2025-06-28T00:21:14.354+0200][8.402s] GC(184)   Pre Evacuate Collection Set: 0.3ms
[2025-06-28T00:21:14.354+0200][8.402s] GC(184)   Merge Heap Roots: 0.1ms
[2025-06-28T00:21:14.354+0200][8.402s] GC(184)   Evacuate Collection Set: 1.6ms
[2025-06-28T00:21:14.354+0200][8.402s] GC(184)   Post Evacuate Collection Set: 1.1ms
[2025-06-28T00:21:14.354+0200][8.402s] GC(184)   Other: 0.1ms
[2025-06-28T00:21:14.354+0200][8.402s] GC(184) Eden regions: 1->0(1)
[2025-06-28T00:21:14.354+0200][8.402s] GC(184) Survivor regions: 1->1(1)
[2025-06-28T00:21:14.354+0200][8.403s] GC(184) Old regions: 17->17
[2025-06-28T00:21:14.354+0200][8.403s] GC(184) Humongous regions: 0->0
[2025-06-28T00:21:14.354+0200][8.403s] GC(184) Metaspace: 37587K(38080K)->37587K(38080K) NonClass: 32702K(32960K)->32702K(32960K) Class: 4884K(5120K)->4884K(5120K)
[2025-06-28T00:21:14.354+0200][8.403s] GC(184) Pause Young (Normal) (G1 Evacuation Pause) 17M->16M(22M) 3.663ms
[2025-06-28T00:21:14.354+0200][8.403s] GC(184) User=0.03s Sys=0.02s Real=0.00s
[2025-06-28T00:21:14.370+0200][8.419s] GC(185) Pause Young (Concurrent Start) (G1 Evacuation Pause)
[2025-06-28T00:21:14.370+0200][8.419s] GC(185) Using 2 workers of 10 for evacuation
[2025-06-28T00:21:14.373+0200][8.422s] GC(185)   Pre Evacuate Collection Set: 0.2ms
[2025-06-28T00:21:14.373+0200][8.422s] GC(185)   Merge Heap Roots: 0.1ms
[2025-06-28T00:21:14.373+0200][8.422s] GC(185)   Evacuate Collection Set: 1.7ms
[2025-06-28T00:21:14.373+0200][8.422s] GC(185)   Post Evacuate Collection Set: 0.5ms
[2025-06-28T00:21:14.373+0200][8.422s] GC(185)   Other: 0.2ms
[2025-06-28T00:21:14.373+0200][8.422s] GC(185) Eden regions: 1->0(1)
[2025-06-28T00:21:14.373+0200][8.422s] GC(185) Survivor regions: 1->1(1)
[2025-06-28T00:21:14.373+0200][8.422s] GC(185) Old regions: 17->17
[2025-06-28T00:21:14.373+0200][8.422s] GC(185) Humongous regions: 0->0
[2025-06-28T00:21:14.373+0200][8.422s] GC(185) Metaspace: 37682K(38208K)->37682K(38208K) NonClass: 32783K(33088K)->32783K(33088K) Class: 4898K(5120K)->4898K(5120K)
[2025-06-28T00:21:14.374+0200][8.422s] GC(185) Pause Young (Concurrent Start) (G1 Evacuation Pause) 17M->17M(22M) 3.161ms
[2025-06-28T00:21:14.374+0200][8.422s] GC(185) User=0.00s Sys=0.00s Real=0.00s
[2025-06-28T00:21:14.374+0200][8.422s] GC(186) Concurrent Mark Cycle
[2025-06-28T00:21:14.374+0200][8.422s] GC(186) Concurrent Scan Root Regions
[2025-06-28T00:21:14.374+0200][8.423s] GC(186) Concurrent Scan Root Regions 0.787ms
[2025-06-28T00:21:14.375+0200][8.423s] GC(186) Concurrent Mark
[2025-06-28T00:21:14.375+0200][8.423s] GC(186) Concurrent Mark From Roots
[2025-06-28T00:21:14.375+0200][8.423s] GC(186) Using 3 workers of 3 for marking
[2025-06-28T00:21:14.390+0200][8.438s] GC(186) Concurrent Mark From Roots 14.786ms
[2025-06-28T00:21:14.390+0200][8.438s] GC(186) Concurrent Preclean
[2025-06-28T00:21:14.390+0200][8.438s] GC(186) Concurrent Preclean 0.234ms
[2025-06-28T00:21:14.390+0200][8.438s] GC(186) Pause Remark
[2025-06-28T00:21:14.405+0200][8.455s] GC(186) Pause Remark 17M->17M(22M) 16.324ms
[2025-06-28T00:21:14.414+0200][8.462s] GC(186) User=0.06s Sys=0.00s Real=0.02s
[2025-06-28T00:21:14.415+0200][8.463s] GC(186) Concurrent Mark 39.645ms
[2025-06-28T00:21:14.415+0200][8.463s] GC(186) Concurrent Rebuild Remembered Sets and Scrub Regions
[2025-06-28T00:21:14.421+0200][8.470s] GC(186) Concurrent Rebuild Remembered Sets and Scrub Regions 7.032ms
[2025-06-28T00:21:14.421+0200][8.470s] GC(186) Pause Cleanup
[2025-06-28T00:21:14.422+0200][8.470s] GC(186) Pause Cleanup 17M->17M(22M) 0.183ms
[2025-06-28T00:21:14.422+0200][8.470s] GC(186) User=0.00s Sys=0.00s Real=0.00s
[2025-06-28T00:21:14.422+0200][8.470s] GC(186) Concurrent Clear Claimed Marks
[2025-06-28T00:21:14.422+0200][8.470s] GC(186) Concurrent Clear Claimed Marks 0.094ms
[2025-06-28T00:21:14.422+0200][8.470s] GC(186) Concurrent Cleanup for Next Mark
[2025-06-28T00:21:14.422+0200][8.471s] GC(186) Concurrent Cleanup for Next Mark 0.166ms
[2025-06-28T00:21:14.422+0200][8.471s] GC(186) Concurrent Mark Cycle 48.598ms
[2025-06-28T00:21:14.427+0200][8.476s] GC(187) Pause Young (Normal) (G1 Evacuation Pause)
[2025-06-28T00:21:14.427+0200][8.476s] GC(187) Using 2 workers of 10 for evacuation
[2025-06-28T00:21:14.430+0200][8.479s] GC(187)   Pre Evacuate Collection Set: 0.2ms
[2025-06-28T00:21:14.430+0200][8.479s] GC(187)   Merge Heap Roots: 0.1ms
[2025-06-28T00:21:14.430+0200][8.479s] GC(187)   Evacuate Collection Set: 2.2ms
[2025-06-28T00:21:14.431+0200][8.479s] GC(187)   Post Evacuate Collection Set: 0.7ms
[2025-06-28T00:21:14.431+0200][8.479s] GC(187)   Other: 0.1ms
[2025-06-28T00:21:14.431+0200][8.479s] GC(187) Eden regions: 1->0(1)
[2025-06-28T00:21:14.431+0200][8.479s] GC(187) Survivor regions: 1->1(1)
[2025-06-28T00:21:14.431+0200][8.479s] GC(187) Old regions: 17->17
[2025-06-28T00:21:14.431+0200][8.479s] GC(187) Humongous regions: 0->0
[2025-06-28T00:21:14.431+0200][8.479s] GC(187) Metaspace: 37766K(38272K)->37766K(38272K) NonClass: 32854K(33152K)->32854K(33152K) Class: 4912K(5120K)->4912K(5120K)
[2025-06-28T00:21:14.431+0200][8.479s] GC(187) Pause Young (Normal) (G1 Evacuation Pause) 18M->17M(22M) 3.700ms
[2025-06-28T00:21:14.431+0200][8.479s] GC(187) User=0.00s Sys=0.00s Real=0.00s
[2025-06-28T00:21:14.456+0200][8.504s] GC(188) Pause Young (Concurrent Start) (G1 Evacuation Pause)
[2025-06-28T00:21:14.456+0200][8.505s] GC(188) Using 2 workers of 10 for evacuation
[2025-06-28T00:21:14.459+0200][8.507s] GC(188)   Pre Evacuate Collection Set: 0.2ms
[2025-06-28T00:21:14.459+0200][8.507s] GC(188)   Merge Heap Roots: 0.1ms
[2025-06-28T00:21:14.459+0200][8.507s] GC(188)   Evacuate Collection Set: 1.5ms
[2025-06-28T00:21:14.459+0200][8.507s] GC(188)   Post Evacuate Collection Set: 0.5ms
[2025-06-28T00:21:14.459+0200][8.507s] GC(188)   Other: 0.3ms
[2025-06-28T00:21:14.459+0200][8.507s] GC(188) Eden regions: 1->0(1)
[2025-06-28T00:21:14.459+0200][8.507s] GC(188) Survivor regions: 1->1(1)
[2025-06-28T00:21:14.459+0200][8.507s] GC(188) Old regions: 17->17
[2025-06-28T00:21:14.459+0200][8.507s] GC(188) Humongous regions: 0->0
[2025-06-28T00:21:14.459+0200][8.507s] GC(188) Metaspace: 37904K(38400K)->37904K(38400K) NonClass: 32974K(33280K)->32974K(33280K) Class: 4929K(5120K)->4929K(5120K)
[2025-06-28T00:21:14.459+0200][8.507s] GC(188) Pause Young (Concurrent Start) (G1 Evacuation Pause) 18M->17M(22M) 3.010ms
[2025-06-28T00:21:14.459+0200][8.508s] GC(188) User=0.00s Sys=0.00s Real=0.00s
[2025-06-28T00:21:14.459+0200][8.508s] GC(189) Concurrent Mark Cycle
[2025-06-28T00:21:14.459+0200][8.508s] GC(189) Concurrent Scan Root Regions
[2025-06-28T00:21:14.460+0200][8.509s] GC(189) Concurrent Scan Root Regions 1.113ms
[2025-06-28T00:21:14.460+0200][8.509s] GC(189) Concurrent Mark
[2025-06-28T00:21:14.460+0200][8.509s] GC(189) Concurrent Mark From Roots
[2025-06-28T00:21:14.460+0200][8.509s] GC(189) Using 3 workers of 3 for marking
[2025-06-28T00:21:14.474+0200][8.523s] GC(189) Concurrent Mark From Roots 13.944ms
[2025-06-28T00:21:14.474+0200][8.523s] GC(189) Concurrent Preclean
[2025-06-28T00:21:14.475+0200][8.523s] GC(189) Concurrent Preclean 0.209ms
[2025-06-28T00:21:14.475+0200][8.523s] GC(189) Pause Remark
[2025-06-28T00:21:14.482+0200][8.530s] GC(189) Pause Remark 17M->17M(22M) 6.652ms
[2025-06-28T00:21:14.482+0200][8.530s] GC(189) User=0.06s Sys=0.00s Real=0.01s
[2025-06-28T00:21:14.482+0200][8.530s] GC(189) Concurrent Mark 21.325ms
[2025-06-28T00:21:14.482+0200][8.530s] GC(189) Concurrent Rebuild Remembered Sets and Scrub Regions
[2025-06-28T00:21:14.488+0200][8.536s] GC(189) Concurrent Rebuild Remembered Sets and Scrub Regions 6.054ms
[2025-06-28T00:21:14.488+0200][8.536s] GC(189) Pause Cleanup
[2025-06-28T00:21:14.488+0200][8.537s] GC(189) Pause Cleanup 18M->18M(22M) 0.187ms
[2025-06-28T00:21:14.488+0200][8.537s] GC(189) User=0.00s Sys=0.00s Real=0.00s
[2025-06-28T00:21:14.488+0200][8.537s] GC(189) Concurrent Clear Claimed Marks
[2025-06-28T00:21:14.488+0200][8.537s] GC(189) Concurrent Clear Claimed Marks 0.095ms
[2025-06-28T00:21:14.488+0200][8.537s] GC(189) Concurrent Cleanup for Next Mark
[2025-06-28T00:21:14.489+0200][8.537s] GC(189) Concurrent Cleanup for Next Mark 0.176ms
[2025-06-28T00:21:14.489+0200][8.537s] GC(189) Concurrent Mark Cycle 29.531ms
[2025-06-28T00:21:14.490+0200][8.539s] GC(190) Pause Young (Normal) (G1 Evacuation Pause)
[2025-06-28T00:21:14.491+0200][8.539s] GC(190) Using 2 workers of 10 for evacuation
[2025-06-28T00:21:14.494+0200][8.542s] GC(190)   Pre Evacuate Collection Set: 0.2ms
[2025-06-28T00:21:14.494+0200][8.542s] GC(190)   Merge Heap Roots: 0.1ms
[2025-06-28T00:21:14.494+0200][8.542s] GC(190)   Evacuate Collection Set: 2.0ms
[2025-06-28T00:21:14.494+0200][8.542s] GC(190)   Post Evacuate Collection Set: 0.6ms
[2025-06-28T00:21:14.494+0200][8.542s] GC(190)   Other: 0.1ms
[2025-06-28T00:21:14.494+0200][8.542s] GC(190) Eden regions: 1->0(1)
[2025-06-28T00:21:14.494+0200][8.542s] GC(190) Survivor regions: 1->1(1)
[2025-06-28T00:21:14.494+0200][8.542s] GC(190) Old regions: 17->17
[2025-06-28T00:21:14.494+0200][8.542s] GC(190) Humongous regions: 0->0
[2025-06-28T00:21:14.494+0200][8.542s] GC(190) Metaspace: 38172K(38720K)->38172K(38720K) NonClass: 33222K(33536K)->33222K(33536K) Class: 4949K(5184K)->4949K(5184K)
[2025-06-28T00:21:14.494+0200][8.542s] GC(190) Pause Young (Normal) (G1 Evacuation Pause) 18M->17M(22M) 3.536ms
[2025-06-28T00:21:14.494+0200][8.542s] GC(190) User=0.00s Sys=0.00s Real=0.00s
[2025-06-28T00:21:14.508+0200][8.556s] GC(191) Pause Young (Concurrent Start) (G1 Evacuation Pause)
[2025-06-28T00:21:14.508+0200][8.556s] GC(191) Using 2 workers of 10 for evacuation
[2025-06-28T00:21:14.510+0200][8.558s] GC(191)   Pre Evacuate Collection Set: 0.2ms
[2025-06-28T00:21:14.510+0200][8.559s] GC(191)   Merge Heap Roots: 0.1ms
[2025-06-28T00:21:14.510+0200][8.559s] GC(191)   Evacuate Collection Set: 1.6ms
[2025-06-28T00:21:14.510+0200][8.559s] GC(191)   Post Evacuate Collection Set: 0.5ms
[2025-06-28T00:21:14.510+0200][8.559s] GC(191)   Other: 0.2ms
[2025-06-28T00:21:14.510+0200][8.559s] GC(191) Eden regions: 1->0(1)
[2025-06-28T00:21:14.511+0200][8.559s] GC(191) Survivor regions: 1->1(1)
[2025-06-28T00:21:14.511+0200][8.559s] GC(191) Old regions: 17->17
[2025-06-28T00:21:14.511+0200][8.559s] GC(191) Humongous regions: 0->0
[2025-06-28T00:21:14.511+0200][8.559s] GC(191) Metaspace: 38246K(38848K)->38246K(38848K) NonClass: 33286K(33600K)->33286K(33600K) Class: 4959K(5248K)->4959K(5248K)
[2025-06-28T00:21:14.511+0200][8.559s] GC(191) Pause Young (Concurrent Start) (G1 Evacuation Pause) 18M->17M(22M) 2.925ms
[2025-06-28T00:21:14.511+0200][8.559s] GC(192) Concurrent Mark Cycle
[2025-06-28T00:21:14.511+0200][8.559s] GC(191) User=0.03s Sys=0.02s Real=0.00s
[2025-06-28T00:21:14.511+0200][8.559s] GC(192) Concurrent Scan Root Regions
[2025-06-28T00:21:14.512+0200][8.560s] GC(192) Concurrent Scan Root Regions 0.942ms
[2025-06-28T00:21:14.512+0200][8.560s] GC(192) Concurrent Mark
[2025-06-28T00:21:14.512+0200][8.560s] GC(192) Concurrent Mark From Roots
[2025-06-28T00:21:14.512+0200][8.560s] GC(192) Using 3 workers of 3 for marking
[2025-06-28T00:21:14.526+0200][8.574s] GC(192) Concurrent Mark From Roots 14.108ms
[2025-06-28T00:21:14.526+0200][8.574s] GC(192) Concurrent Preclean
[2025-06-28T00:21:14.526+0200][8.574s] GC(192) Concurrent Preclean 0.250ms
[2025-06-28T00:21:14.526+0200][8.575s] GC(192) Pause Remark
[2025-06-28T00:21:14.531+0200][8.580s] GC(192) Pause Remark 18M->18M(22M) 4.957ms
[2025-06-28T00:21:14.531+0200][8.580s] GC(192) User=0.03s Sys=0.00s Real=0.00s
[2025-06-28T00:21:14.531+0200][8.580s] GC(192) Concurrent Mark 19.915ms
[2025-06-28T00:21:14.532+0200][8.580s] GC(192) Concurrent Rebuild Remembered Sets and Scrub Regions
[2025-06-28T00:21:14.537+0200][8.585s] GC(192) Concurrent Rebuild Remembered Sets and Scrub Regions 5.352ms
[2025-06-28T00:21:14.537+0200][8.586s] GC(192) Pause Cleanup
[2025-06-28T00:21:14.538+0200][8.586s] GC(192) Pause Cleanup 18M->18M(22M) 0.139ms
[2025-06-28T00:21:14.538+0200][8.586s] GC(192) User=0.00s Sys=0.00s Real=0.00s
[2025-06-28T00:21:14.538+0200][8.586s] GC(192) Concurrent Clear Claimed Marks
[2025-06-28T00:21:14.538+0200][8.586s] GC(192) Concurrent Clear Claimed Marks 0.110ms
[2025-06-28T00:21:14.538+0200][8.586s] GC(192) Concurrent Cleanup for Next Mark
[2025-06-28T00:21:14.538+0200][8.586s] GC(192) Concurrent Cleanup for Next Mark 0.137ms
[2025-06-28T00:21:14.538+0200][8.586s] GC(192) Concurrent Mark Cycle 27.504ms
[2025-06-28T00:21:14.539+0200][8.587s] GC(193) Pause Young (Normal) (G1 Evacuation Pause)
[2025-06-28T00:21:14.539+0200][8.587s] GC(193) Using 2 workers of 10 for evacuation
[2025-06-28T00:21:14.541+0200][8.590s] GC(193)   Pre Evacuate Collection Set: 0.2ms
[2025-06-28T00:21:14.541+0200][8.590s] GC(193)   Merge Heap Roots: 0.1ms
[2025-06-28T00:21:14.541+0200][8.590s] GC(193)   Evacuate Collection Set: 1.9ms
[2025-06-28T00:21:14.541+0200][8.590s] GC(193)   Post Evacuate Collection Set: 0.4ms
[2025-06-28T00:21:14.541+0200][8.590s] GC(193)   Other: 0.1ms
[2025-06-28T00:21:14.541+0200][8.590s] GC(193) Eden regions: 1->0(1)
[2025-06-28T00:21:14.542+0200][8.590s] GC(193) Survivor regions: 1->1(1)
[2025-06-28T00:21:14.542+0200][8.590s] GC(193) Old regions: 17->17
[2025-06-28T00:21:14.542+0200][8.590s] GC(193) Humongous regions: 0->0
[2025-06-28T00:21:14.542+0200][8.590s] GC(193) Metaspace: 38425K(39040K)->38425K(39040K) NonClass: 33446K(33792K)->33446K(33792K) Class: 4978K(5248K)->4978K(5248K)
[2025-06-28T00:21:14.542+0200][8.590s] GC(193) Pause Young (Normal) (G1 Evacuation Pause) 18M->17M(22M) 3.091ms
[2025-06-28T00:21:14.542+0200][8.590s] GC(193) User=0.09s Sys=0.03s Real=0.00s
[2025-06-28T00:21:14.635+0200][8.683s] GC(194) Pause Young (Concurrent Start) (G1 Evacuation Pause)
[2025-06-28T00:21:14.635+0200][8.684s] GC(194) Using 2 workers of 10 for evacuation
[2025-06-28T00:21:14.638+0200][8.687s] GC(194)   Pre Evacuate Collection Set: 0.3ms
[2025-06-28T00:21:14.638+0200][8.687s] GC(194)   Merge Heap Roots: 0.1ms
[2025-06-28T00:21:14.638+0200][8.687s] GC(194)   Evacuate Collection Set: 2.2ms
[2025-06-28T00:21:14.638+0200][8.687s] GC(194)   Post Evacuate Collection Set: 0.3ms
[2025-06-28T00:21:14.638+0200][8.687s] GC(194)   Other: 0.1ms
[2025-06-28T00:21:14.638+0200][8.687s] GC(194) Eden regions: 1->0(1)
[2025-06-28T00:21:14.638+0200][8.687s] GC(194) Survivor regions: 1->1(1)
[2025-06-28T00:21:14.638+0200][8.687s] GC(194) Old regions: 17->17
[2025-06-28T00:21:14.638+0200][8.687s] GC(194) Humongous regions: 0->0
[2025-06-28T00:21:14.638+0200][8.687s] GC(194) Metaspace: 38863K(39424K)->38863K(39424K) NonClass: 33825K(34112K)->33825K(34112K) Class: 5037K(5312K)->5037K(5312K)
[2025-06-28T00:21:14.638+0200][8.687s] GC(194) Pause Young (Concurrent Start) (G1 Evacuation Pause) 18M->17M(22M) 3.334ms
[2025-06-28T00:21:14.638+0200][8.687s] GC(194) User=0.02s Sys=0.00s Real=0.00s
[2025-06-28T00:21:14.638+0200][8.687s] GC(195) Concurrent Mark Cycle
[2025-06-28T00:21:14.638+0200][8.687s] GC(195) Concurrent Scan Root Regions
[2025-06-28T00:21:14.639+0200][8.688s] GC(195) Concurrent Scan Root Regions 0.814ms
[2025-06-28T00:21:14.639+0200][8.688s] GC(195) Concurrent Mark
[2025-06-28T00:21:14.639+0200][8.688s] GC(195) Concurrent Mark From Roots
[2025-06-28T00:21:14.639+0200][8.688s] GC(195) Using 3 workers of 3 for marking
[2025-06-28T00:21:14.653+0200][8.702s] GC(195) Concurrent Mark From Roots 13.836ms
[2025-06-28T00:21:14.653+0200][8.702s] GC(195) Concurrent Preclean
[2025-06-28T00:21:14.653+0200][8.702s] GC(195) Concurrent Preclean 0.218ms
[2025-06-28T00:21:14.653+0200][8.702s] GC(195) Pause Remark
[2025-06-28T00:21:14.658+0200][8.707s] GC(195) Pause Remark 18M->18M(22M) 4.544ms
[2025-06-28T00:21:14.658+0200][8.707s] GC(195) User=0.00s Sys=0.00s Real=0.00s
[2025-06-28T00:21:14.658+0200][8.707s] GC(195) Concurrent Mark 18.980ms
[2025-06-28T00:21:14.658+0200][8.707s] GC(195) Concurrent Rebuild Remembered Sets and Scrub Regions
[2025-06-28T00:21:14.661+0200][8.709s] GC(196) Pause Young (Normal) (G1 Evacuation Pause)
[2025-06-28T00:21:14.661+0200][8.709s] GC(196) Using 2 workers of 10 for evacuation
[2025-06-28T00:21:14.663+0200][8.712s] GC(196)   Pre Evacuate Collection Set: 0.1ms
[2025-06-28T00:21:14.663+0200][8.712s] GC(196)   Merge Heap Roots: 0.1ms
[2025-06-28T00:21:14.663+0200][8.712s] GC(196)   Evacuate Collection Set: 1.9ms
[2025-06-28T00:21:14.663+0200][8.712s] GC(196)   Post Evacuate Collection Set: 0.4ms
[2025-06-28T00:21:14.663+0200][8.712s] GC(196)   Other: 0.1ms
[2025-06-28T00:21:14.663+0200][8.712s] GC(196) Eden regions: 1->0(1)
[2025-06-28T00:21:14.663+0200][8.712s] GC(196) Survivor regions: 1->1(1)
[2025-06-28T00:21:14.663+0200][8.712s] GC(196) Old regions: 17->17
[2025-06-28T00:21:14.663+0200][8.712s] GC(196) Humongous regions: 0->0
[2025-06-28T00:21:14.663+0200][8.712s] GC(196) Metaspace: 38902K(39488K)->38902K(39488K) NonClass: 33856K(34176K)->33856K(34176K) Class: 5045K(5312K)->5045K(5312K)
[2025-06-28T00:21:14.664+0200][8.712s] GC(196) Pause Young (Normal) (G1 Evacuation Pause) 18M->17M(22M) 2.875ms
[2025-06-28T00:21:14.664+0200][8.712s] GC(196) User=0.00s Sys=0.00s Real=0.00s
[2025-06-28T00:21:14.667+0200][8.716s] GC(195) Concurrent Rebuild Remembered Sets and Scrub Regions 8.795ms
[2025-06-28T00:21:14.667+0200][8.716s] GC(195) Pause Cleanup
[2025-06-28T00:21:14.667+0200][8.716s] GC(195) Pause Cleanup 17M->17M(22M) 0.126ms
[2025-06-28T00:21:14.667+0200][8.716s] GC(195) User=0.00s Sys=0.00s Real=0.00s
[2025-06-28T00:21:14.667+0200][8.716s] GC(195) Concurrent Clear Claimed Marks
[2025-06-28T00:21:14.668+0200][8.716s] GC(195) Concurrent Clear Claimed Marks 0.088ms
[2025-06-28T00:21:14.668+0200][8.716s] GC(195) Concurrent Cleanup for Next Mark
[2025-06-28T00:21:14.668+0200][8.716s] GC(195) Concurrent Cleanup for Next Mark 0.114ms
[2025-06-28T00:21:14.668+0200][8.716s] GC(195) Concurrent Mark Cycle 29.407ms
[2025-06-28T00:21:14.671+0200][8.719s] GC(197) Pause Young (Normal) (G1 Evacuation Pause)
[2025-06-28T00:21:14.671+0200][8.719s] GC(197) Using 2 workers of 10 for evacuation
[2025-06-28T00:21:14.673+0200][8.721s] GC(197)   Pre Evacuate Collection Set: 0.1ms
[2025-06-28T00:21:14.673+0200][8.721s] GC(197)   Merge Heap Roots: 0.0ms
[2025-06-28T00:21:14.673+0200][8.721s] GC(197)   Evacuate Collection Set: 1.3ms
[2025-06-28T00:21:14.673+0200][8.721s] GC(197)   Post Evacuate Collection Set: 0.3ms
[2025-06-28T00:21:14.673+0200][8.721s] GC(197)   Other: 0.1ms
[2025-06-28T00:21:14.673+0200][8.721s] GC(197) Eden regions: 1->0(1)
[2025-06-28T00:21:14.673+0200][8.721s] GC(197) Survivor regions: 1->1(1)
[2025-06-28T00:21:14.673+0200][8.721s] GC(197) Old regions: 17->17
[2025-06-28T00:21:14.673+0200][8.721s] GC(197) Humongous regions: 0->0
[2025-06-28T00:21:14.673+0200][8.721s] GC(197) Metaspace: 38951K(39488K)->38951K(39488K) NonClass: 33894K(34176K)->33894K(34176K) Class: 5057K(5312K)->5057K(5312K)
[2025-06-28T00:21:14.673+0200][8.721s] GC(197) Pause Young (Normal) (G1 Evacuation Pause) 18M->17M(22M) 2.152ms
[2025-06-28T00:21:14.673+0200][8.721s] GC(197) User=0.00s Sys=0.00s Real=0.00s
[2025-06-28T00:21:14.691+0200][8.739s] GC(198) Pause Young (Concurrent Start) (G1 Evacuation Pause)
[2025-06-28T00:21:14.691+0200][8.739s] GC(198) Using 2 workers of 10 for evacuation
[2025-06-28T00:21:14.694+0200][8.742s] GC(198)   Pre Evacuate Collection Set: 0.2ms
[2025-06-28T00:21:14.694+0200][8.742s] GC(198)   Merge Heap Roots: 0.1ms
[2025-06-28T00:21:14.694+0200][8.742s] GC(198)   Evacuate Collection Set: 1.7ms
[2025-06-28T00:21:14.694+0200][8.742s] GC(198)   Post Evacuate Collection Set: 0.6ms
[2025-06-28T00:21:14.694+0200][8.742s] GC(198)   Other: 0.1ms
[2025-06-28T00:21:14.694+0200][8.742s] GC(198) Eden regions: 1->0(1)
[2025-06-28T00:21:14.694+0200][8.742s] GC(198) Survivor regions: 1->1(1)
[2025-06-28T00:21:14.694+0200][8.742s] GC(198) Old regions: 17->17
[2025-06-28T00:21:14.694+0200][8.742s] GC(198) Humongous regions: 0->0
[2025-06-28T00:21:14.694+0200][8.742s] GC(198) Metaspace: 39006K(39552K)->39006K(39552K) NonClass: 33938K(34240K)->33938K(34240K) Class: 5067K(5312K)->5067K(5312K)
[2025-06-28T00:21:14.694+0200][8.742s] GC(198) Pause Young (Concurrent Start) (G1 Evacuation Pause) 18M->17M(22M) 3.049ms
[2025-06-28T00:21:14.694+0200][8.742s] GC(198) User=0.00s Sys=0.00s Real=0.00s
[2025-06-28T00:21:14.694+0200][8.742s] GC(199) Concurrent Mark Cycle
[2025-06-28T00:21:14.694+0200][8.742s] GC(199) Concurrent Scan Root Regions
[2025-06-28T00:21:14.695+0200][8.743s] GC(199) Concurrent Scan Root Regions 0.883ms
[2025-06-28T00:21:14.695+0200][8.743s] GC(199) Concurrent Mark
[2025-06-28T00:21:14.695+0200][8.743s] GC(199) Concurrent Mark From Roots
[2025-06-28T00:21:14.695+0200][8.743s] GC(199) Using 3 workers of 3 for marking
[2025-06-28T00:21:14.708+0200][8.756s] GC(199) Concurrent Mark From Roots 12.908ms
[2025-06-28T00:21:14.708+0200][8.756s] GC(199) Concurrent Preclean
[2025-06-28T00:21:14.708+0200][8.756s] GC(199) Concurrent Preclean 0.169ms
[2025-06-28T00:21:14.708+0200][8.756s] GC(199) Pause Remark
[2025-06-28T00:21:14.719+0200][8.767s] GC(199) Pause Remark 17M->17M(22M) 10.654ms
[2025-06-28T00:21:14.719+0200][8.767s] GC(199) User=0.05s Sys=0.00s Real=0.01s
[2025-06-28T00:21:14.719+0200][8.767s] GC(199) Concurrent Mark 24.224ms
[2025-06-28T00:21:14.719+0200][8.767s] GC(199) Concurrent Rebuild Remembered Sets and Scrub Regions
[2025-06-28T00:21:14.725+0200][8.773s] GC(200) Pause Young (Normal) (G1 Evacuation Pause)
[2025-06-28T00:21:14.725+0200][8.773s] GC(200) Using 2 workers of 10 for evacuation
[2025-06-28T00:21:14.728+0200][8.776s] GC(200)   Pre Evacuate Collection Set: 0.2ms
[2025-06-28T00:21:14.728+0200][8.776s] GC(200)   Merge Heap Roots: 0.1ms
[2025-06-28T00:21:14.728+0200][8.776s] GC(200)   Evacuate Collection Set: 2.0ms
[2025-06-28T00:21:14.728+0200][8.776s] GC(200)   Post Evacuate Collection Set: 0.6ms
[2025-06-28T00:21:14.728+0200][8.776s] GC(200)   Other: 0.1ms
[2025-06-28T00:21:14.728+0200][8.776s] GC(200) Eden regions: 1->0(1)
[2025-06-28T00:21:14.728+0200][8.776s] GC(200) Survivor regions: 1->1(1)
[2025-06-28T00:21:14.728+0200][8.776s] GC(200) Old regions: 17->17
[2025-06-28T00:21:14.728+0200][8.776s] GC(200) Humongous regions: 0->0
[2025-06-28T00:21:14.728+0200][8.777s] GC(200) Metaspace: 39056K(39552K)->39056K(39552K) NonClass: 33982K(34240K)->33982K(34240K) Class: 5073K(5312K)->5073K(5312K)
[2025-06-28T00:21:14.728+0200][8.777s] GC(200) Pause Young (Normal) (G1 Evacuation Pause) 18M->17M(22M) 3.310ms
[2025-06-28T00:21:14.728+0200][8.777s] GC(200) User=0.00s Sys=0.00s Real=0.00s
[2025-06-28T00:21:14.730+0200][8.778s] GC(199) Concurrent Rebuild Remembered Sets and Scrub Regions 10.434ms
[2025-06-28T00:21:14.730+0200][8.778s] GC(199) Pause Cleanup
[2025-06-28T00:21:14.730+0200][8.778s] GC(199) Pause Cleanup 17M->17M(22M) 0.191ms
[2025-06-28T00:21:14.730+0200][8.778s] GC(199) User=0.00s Sys=0.00s Real=0.00s
[2025-06-28T00:21:14.730+0200][8.778s] GC(199) Concurrent Clear Claimed Marks
[2025-06-28T00:21:14.730+0200][8.779s] GC(199) Concurrent Clear Claimed Marks 0.127ms
[2025-06-28T00:21:14.730+0200][8.779s] GC(199) Concurrent Cleanup for Next Mark
[2025-06-28T00:21:14.730+0200][8.779s] GC(199) Concurrent Cleanup for Next Mark 0.150ms
[2025-06-28T00:21:14.730+0200][8.779s] GC(199) Concurrent Mark Cycle 36.668ms
[2025-06-28T00:21:14.825+0200][8.873s] GC(201) Pause Young (Normal) (G1 Evacuation Pause)
[2025-06-28T00:21:14.825+0200][8.873s] GC(201) Using 2 workers of 10 for evacuation
[2025-06-28T00:21:14.827+0200][8.875s] GC(201)   Pre Evacuate Collection Set: 0.2ms
[2025-06-28T00:21:14.827+0200][8.875s] GC(201)   Merge Heap Roots: 0.1ms
[2025-06-28T00:21:14.827+0200][8.875s] GC(201)   Evacuate Collection Set: 1.5ms
[2025-06-28T00:21:14.827+0200][8.875s] GC(201)   Post Evacuate Collection Set: 0.4ms
[2025-06-28T00:21:14.827+0200][8.875s] GC(201)   Other: 0.1ms
[2025-06-28T00:21:14.827+0200][8.875s] GC(201) Eden regions: 1->0(1)
[2025-06-28T00:21:14.827+0200][8.875s] GC(201) Survivor regions: 1->1(1)
[2025-06-28T00:21:14.827+0200][8.875s] GC(201) Old regions: 17->17
[2025-06-28T00:21:14.827+0200][8.875s] GC(201) Humongous regions: 0->0
[2025-06-28T00:21:14.827+0200][8.875s] GC(201) Metaspace: 39505K(40000K)->39505K(40000K) NonClass: 34382K(34688K)->34382K(34688K) Class: 5122K(5312K)->5122K(5312K)
[2025-06-28T00:21:14.827+0200][8.875s] GC(201) Pause Young (Normal) (G1 Evacuation Pause) 18M->17M(22M) 2.574ms
[2025-06-28T00:21:14.827+0200][8.875s] GC(201) User=0.00s Sys=0.00s Real=0.00s
[2025-06-28T00:21:14.841+0200][8.889s] GC(202) Pause Young (Concurrent Start) (G1 Evacuation Pause)
[2025-06-28T00:21:14.841+0200][8.889s] GC(202) Using 2 workers of 10 for evacuation
[2025-06-28T00:21:14.844+0200][8.892s] GC(202)   Pre Evacuate Collection Set: 0.1ms
[2025-06-28T00:21:14.844+0200][8.892s] GC(202)   Merge Heap Roots: 0.1ms
[2025-06-28T00:21:14.844+0200][8.892s] GC(202)   Evacuate Collection Set: 1.6ms
[2025-06-28T00:21:14.844+0200][8.892s] GC(202)   Post Evacuate Collection Set: 0.8ms
[2025-06-28T00:21:14.844+0200][8.892s] GC(202)   Other: 0.1ms
[2025-06-28T00:21:14.844+0200][8.892s] GC(202) Eden regions: 1->0(1)
[2025-06-28T00:21:14.844+0200][8.892s] GC(202) Survivor regions: 1->1(1)
[2025-06-28T00:21:14.844+0200][8.892s] GC(202) Old regions: 17->17
[2025-06-28T00:21:14.844+0200][8.892s] GC(202) Humongous regions: 0->0
[2025-06-28T00:21:14.844+0200][8.892s] GC(202) Metaspace: 39612K(40128K)->39612K(40128K) NonClass: 34481K(34752K)->34481K(34752K) Class: 5131K(5376K)->5131K(5376K)
[2025-06-28T00:21:14.844+0200][8.892s] GC(202) Pause Young (Concurrent Start) (G1 Evacuation Pause) 18M->17M(22M) 3.169ms
[2025-06-28T00:21:14.844+0200][8.892s] GC(202) User=0.00s Sys=0.00s Real=0.00s
[2025-06-28T00:21:14.844+0200][8.892s] GC(203) Concurrent Mark Cycle
[2025-06-28T00:21:14.844+0200][8.892s] GC(203) Concurrent Scan Root Regions
[2025-06-28T00:21:14.845+0200][8.893s] GC(203) Concurrent Scan Root Regions 0.867ms
[2025-06-28T00:21:14.845+0200][8.893s] GC(203) Concurrent Mark
[2025-06-28T00:21:14.845+0200][8.893s] GC(203) Concurrent Mark From Roots
[2025-06-28T00:21:14.845+0200][8.893s] GC(203) Using 3 workers of 3 for marking
[2025-06-28T00:21:14.859+0200][8.907s] GC(203) Concurrent Mark From Roots 13.986ms
[2025-06-28T00:21:14.859+0200][8.907s] GC(203) Concurrent Preclean
[2025-06-28T00:21:14.859+0200][8.907s] GC(203) Concurrent Preclean 0.196ms
[2025-06-28T00:21:14.860+0200][8.908s] GC(203) Pause Remark
[2025-06-28T00:21:14.865+0200][8.913s] GC(203) Pause Remark 18M->18M(22M) 5.641ms
[2025-06-28T00:21:14.865+0200][8.913s] GC(203) User=0.00s Sys=0.00s Real=0.01s
[2025-06-28T00:21:14.865+0200][8.914s] GC(203) Concurrent Mark 20.476ms
[2025-06-28T00:21:14.866+0200][8.914s] GC(203) Concurrent Rebuild Remembered Sets and Scrub Regions
[2025-06-28T00:21:14.866+0200][8.914s] GC(204) Pause Young (Normal) (G1 Evacuation Pause)
[2025-06-28T00:21:14.867+0200][8.915s] GC(204) Using 2 workers of 10 for evacuation
[2025-06-28T00:21:14.870+0200][8.918s] GC(204)   Pre Evacuate Collection Set: 0.3ms
[2025-06-28T00:21:14.870+0200][8.918s] GC(204)   Merge Heap Roots: 0.1ms
[2025-06-28T00:21:14.870+0200][8.918s] GC(204)   Evacuate Collection Set: 1.9ms
[2025-06-28T00:21:14.870+0200][8.918s] GC(204)   Post Evacuate Collection Set: 0.9ms
[2025-06-28T00:21:14.870+0200][8.918s] GC(204)   Other: 0.1ms
[2025-06-28T00:21:14.870+0200][8.918s] GC(204) Eden regions: 1->0(1)
[2025-06-28T00:21:14.870+0200][8.918s] GC(204) Survivor regions: 1->1(1)
[2025-06-28T00:21:14.870+0200][8.918s] GC(204) Old regions: 17->17
[2025-06-28T00:21:14.870+0200][8.918s] GC(204) Humongous regions: 0->0
[2025-06-28T00:21:14.870+0200][8.918s] GC(204) Metaspace: 39669K(40192K)->39669K(40192K) NonClass: 34527K(34816K)->34527K(34816K) Class: 5142K(5376K)->5142K(5376K)
[2025-06-28T00:21:14.870+0200][8.918s] GC(204) Pause Young (Normal) (G1 Evacuation Pause) 18M->17M(22M) 3.893ms
[2025-06-28T00:21:14.870+0200][8.918s] GC(204) User=0.00s Sys=0.02s Real=0.00s
[2025-06-28T00:21:14.876+0200][8.924s] GC(203) Concurrent Rebuild Remembered Sets and Scrub Regions 10.662ms
[2025-06-28T00:21:14.876+0200][8.924s] GC(203) Pause Cleanup
[2025-06-28T00:21:14.876+0200][8.925s] GC(203) Pause Cleanup 17M->17M(22M) 0.108ms
[2025-06-28T00:21:14.877+0200][8.925s] GC(203) User=0.00s Sys=0.00s Real=0.00s
[2025-06-28T00:21:14.877+0200][8.925s] GC(203) Concurrent Clear Claimed Marks
[2025-06-28T00:21:14.877+0200][8.925s] GC(203) Concurrent Clear Claimed Marks 0.103ms
[2025-06-28T00:21:14.877+0200][8.925s] GC(203) Concurrent Cleanup for Next Mark
[2025-06-28T00:21:14.877+0200][8.925s] GC(203) Concurrent Cleanup for Next Mark 0.151ms
[2025-06-28T00:21:14.877+0200][8.925s] GC(203) Concurrent Mark Cycle 32.957ms
[2025-06-28T00:21:14.894+0200][8.941s] GC(205) Pause Young (Normal) (G1 Evacuation Pause)
[2025-06-28T00:21:14.894+0200][8.941s] GC(205) Using 2 workers of 10 for evacuation
[2025-06-28T00:21:14.896+0200][8.943s] GC(205)   Pre Evacuate Collection Set: 0.1ms
[2025-06-28T00:21:14.896+0200][8.943s] GC(205)   Merge Heap Roots: 0.1ms
[2025-06-28T00:21:14.896+0200][8.943s] GC(205)   Evacuate Collection Set: 1.5ms
[2025-06-28T00:21:14.896+0200][8.943s] GC(205)   Post Evacuate Collection Set: 0.3ms
[2025-06-28T00:21:14.896+0200][8.943s] GC(205)   Other: 0.1ms
[2025-06-28T00:21:14.896+0200][8.944s] GC(205) Eden regions: 1->0(0)
[2025-06-28T00:21:14.896+0200][8.944s] GC(205) Survivor regions: 1->1(1)
[2025-06-28T00:21:14.896+0200][8.944s] GC(205) Old regions: 17->18
[2025-06-28T00:21:14.896+0200][8.944s] GC(205) Humongous regions: 0->0
[2025-06-28T00:21:14.896+0200][8.944s] GC(205) Metaspace: 39755K(40256K)->39755K(40256K) NonClass: 34602K(34880K)->34602K(34880K) Class: 5153K(5376K)->5153K(5376K)
[2025-06-28T00:21:14.896+0200][8.944s] GC(205) Pause Young (Normal) (G1 Evacuation Pause) 18M->17M(22M) 2.521ms
[2025-06-28T00:21:14.896+0200][8.944s] GC(205) User=0.00s Sys=0.00s Real=0.00s
[2025-06-28T00:21:14.896+0200][8.944s] Attempting full compaction
[2025-06-28T00:21:14.896+0200][8.944s] GC(206) Pause Full (G1 Compaction Pause)
[2025-06-28T00:21:14.896+0200][8.944s] GC(206) Using 2 workers of 10 for full compaction
[2025-06-28T00:21:14.896+0200][8.944s] GC(206) Phase 1: Mark live objects
[2025-06-28T00:21:14.914+0200][8.962s] GC(206) Phase 1: Mark live objects 18.056ms
[2025-06-28T00:21:14.914+0200][8.962s] GC(206) Phase 2: Prepare compaction
[2025-06-28T00:21:14.918+0200][8.966s] GC(206) Phase 2: Prepare compaction 3.698ms
[2025-06-28T00:21:14.918+0200][8.966s] GC(206) Phase 3: Adjust pointers
[2025-06-28T00:21:14.928+0200][8.976s] GC(206) Phase 3: Adjust pointers 9.934ms
[2025-06-28T00:21:14.928+0200][8.976s] GC(206) Phase 4: Compact heap
[2025-06-28T00:21:14.933+0200][8.980s] GC(206) Phase 4: Compact heap 4.713ms
[2025-06-28T00:21:14.933+0200][8.981s] GC(206) Phase 5: Reset Metadata
[2025-06-28T00:21:14.934+0200][8.981s] GC(206) Phase 5: Reset Metadata 0.895ms
[2025-06-28T00:21:14.938+0200][8.985s] GC(206) Eden regions: 0->0(3)
[2025-06-28T00:21:14.938+0200][8.985s] GC(206) Survivor regions: 1->0(1)
[2025-06-28T00:21:14.938+0200][8.985s] GC(206) Old regions: 18->17
[2025-06-28T00:21:14.938+0200][8.985s] GC(206) Humongous regions: 0->0
[2025-06-28T00:21:14.938+0200][8.985s] GC(206) Metaspace: 39755K(40256K)->39755K(40256K) NonClass: 34602K(34880K)->34602K(34880K) Class: 5153K(5376K)->5153K(5376K)
[2025-06-28T00:21:14.938+0200][8.985s] GC(206) Pause Full (G1 Compaction Pause) 17M->15M(22M) 41.734ms
[2025-06-28T00:21:14.938+0200][8.986s] GC(206) User=0.08s Sys=0.00s Real=0.04s
[2025-06-28T00:21:15.032+0200][9.080s] GC(207) Pause Young (Concurrent Start) (G1 Evacuation Pause)
[2025-06-28T00:21:15.032+0200][9.080s] GC(207) Using 2 workers of 10 for evacuation
[2025-06-28T00:21:15.034+0200][9.082s] GC(207)   Pre Evacuate Collection Set: 0.3ms
[2025-06-28T00:21:15.034+0200][9.082s] GC(207)   Merge Heap Roots: 0.2ms
[2025-06-28T00:21:15.034+0200][9.082s] GC(207)   Evacuate Collection Set: 1.1ms
[2025-06-28T00:21:15.034+0200][9.082s] GC(207)   Post Evacuate Collection Set: 0.5ms
[2025-06-28T00:21:15.034+0200][9.082s] GC(207)   Other: 0.2ms
[2025-06-28T00:21:15.034+0200][9.083s] GC(207) Eden regions: 3->0(1)
[2025-06-28T00:21:15.034+0200][9.083s] GC(207) Survivor regions: 0->1(1)
[2025-06-28T00:21:15.034+0200][9.083s] GC(207) Old regions: 17->17
[2025-06-28T00:21:15.034+0200][9.083s] GC(207) Humongous regions: 0->0
[2025-06-28T00:21:15.034+0200][9.083s] GC(207) Metaspace: 40037K(40512K)->40037K(40512K) NonClass: 34857K(35136K)->34857K(35136K) Class: 5179K(5376K)->5179K(5376K)
[2025-06-28T00:21:15.034+0200][9.083s] GC(207) Pause Young (Concurrent Start) (G1 Evacuation Pause) 18M->15M(22M) 2.562ms
[2025-06-28T00:21:15.034+0200][9.083s] GC(207) User=0.00s Sys=0.00s Real=0.00s
[2025-06-28T00:21:15.034+0200][9.083s] GC(208) Concurrent Mark Cycle
[2025-06-28T00:21:15.034+0200][9.083s] GC(208) Concurrent Scan Root Regions
[2025-06-28T00:21:15.035+0200][9.083s] GC(208) Concurrent Scan Root Regions 0.781ms
[2025-06-28T00:21:15.035+0200][9.084s] GC(208) Concurrent Mark
[2025-06-28T00:21:15.035+0200][9.084s] GC(208) Concurrent Mark From Roots
[2025-06-28T00:21:15.035+0200][9.084s] GC(208) Using 3 workers of 3 for marking
[2025-06-28T00:21:15.053+0200][9.101s] GC(208) Concurrent Mark From Roots 17.335ms
[2025-06-28T00:21:15.053+0200][9.101s] GC(208) Concurrent Preclean
[2025-06-28T00:21:15.053+0200][9.101s] GC(208) Concurrent Preclean 0.318ms
[2025-06-28T00:21:15.053+0200][9.102s] GC(208) Pause Remark
[2025-06-28T00:21:15.058+0200][9.107s] GC(208) Pause Remark 16M->16M(22M) 5.140ms
[2025-06-28T00:21:15.058+0200][9.107s] GC(208) User=0.02s Sys=0.02s Real=0.01s
[2025-06-28T00:21:15.058+0200][9.107s] GC(208) Concurrent Mark 23.274ms
[2025-06-28T00:21:15.058+0200][9.107s] GC(208) Concurrent Rebuild Remembered Sets and Scrub Regions
[2025-06-28T00:21:15.063+0200][9.112s] GC(209) Pause Young (Normal) (G1 Evacuation Pause)
[2025-06-28T00:21:15.063+0200][9.112s] GC(209) Using 2 workers of 10 for evacuation
[2025-06-28T00:21:15.066+0200][9.114s] GC(209)   Pre Evacuate Collection Set: 0.3ms
[2025-06-28T00:21:15.066+0200][9.114s] GC(209)   Merge Heap Roots: 0.2ms
[2025-06-28T00:21:15.066+0200][9.114s] GC(209)   Evacuate Collection Set: 1.4ms
[2025-06-28T00:21:15.066+0200][9.114s] GC(209)   Post Evacuate Collection Set: 0.5ms
[2025-06-28T00:21:15.066+0200][9.114s] GC(209)   Other: 0.1ms
[2025-06-28T00:21:15.066+0200][9.114s] GC(209) Eden regions: 1->0(1)
[2025-06-28T00:21:15.066+0200][9.114s] GC(209) Survivor regions: 1->1(1)
[2025-06-28T00:21:15.066+0200][9.114s] GC(209) Old regions: 17->17
[2025-06-28T00:21:15.066+0200][9.115s] GC(209) Humongous regions: 0->0
[2025-06-28T00:21:15.066+0200][9.115s] GC(209) Metaspace: 40223K(40704K)->40223K(40704K) NonClass: 35030K(35328K)->35030K(35328K) Class: 5192K(5376K)->5192K(5376K)
[2025-06-28T00:21:15.066+0200][9.115s] GC(209) Pause Young (Normal) (G1 Evacuation Pause) 16M->15M(22M) 2.907ms
[2025-06-28T00:21:15.066+0200][9.115s] GC(209) User=0.00s Sys=0.00s Real=0.00s
[2025-06-28T00:21:15.068+0200][9.116s] GC(208) Concurrent Rebuild Remembered Sets and Scrub Regions 8.949ms
[2025-06-28T00:21:15.068+0200][9.116s] GC(208) Pause Cleanup
[2025-06-28T00:21:15.068+0200][9.116s] GC(208) Pause Cleanup 15M->15M(22M) 0.172ms
[2025-06-28T00:21:15.068+0200][9.116s] GC(208) User=0.00s Sys=0.00s Real=0.00s
[2025-06-28T00:21:15.068+0200][9.116s] GC(208) Concurrent Clear Claimed Marks
[2025-06-28T00:21:15.068+0200][9.116s] GC(208) Concurrent Clear Claimed Marks 0.086ms
[2025-06-28T00:21:15.068+0200][9.116s] GC(208) Concurrent Cleanup for Next Mark
[2025-06-28T00:21:15.068+0200][9.117s] GC(208) Concurrent Cleanup for Next Mark 0.168ms
[2025-06-28T00:21:15.068+0200][9.117s] GC(208) Concurrent Mark Cycle 33.952ms
[2025-06-28T00:21:15.103+0200][9.151s] GC(210) Pause Young (Prepare Mixed) (G1 Evacuation Pause)
[2025-06-28T00:21:15.103+0200][9.151s] GC(210) Using 2 workers of 10 for evacuation
[2025-06-28T00:21:15.105+0200][9.154s] GC(210)   Pre Evacuate Collection Set: 0.1ms
[2025-06-28T00:21:15.105+0200][9.154s] GC(210)   Merge Heap Roots: 0.1ms
[2025-06-28T00:21:15.105+0200][9.154s] GC(210)   Evacuate Collection Set: 1.3ms
[2025-06-28T00:21:15.105+0200][9.154s] GC(210)   Post Evacuate Collection Set: 1.0ms
[2025-06-28T00:21:15.105+0200][9.154s] GC(210)   Other: 0.1ms
[2025-06-28T00:21:15.105+0200][9.154s] GC(210) Eden regions: 1->0(1)
[2025-06-28T00:21:15.105+0200][9.154s] GC(210) Survivor regions: 1->1(1)
[2025-06-28T00:21:15.105+0200][9.154s] GC(210) Old regions: 17->17
[2025-06-28T00:21:15.105+0200][9.154s] GC(210) Humongous regions: 0->0
[2025-06-28T00:21:15.105+0200][9.154s] GC(210) Metaspace: 40433K(41024K)->40433K(41024K) NonClass: 35223K(35520K)->35223K(35520K) Class: 5210K(5504K)->5210K(5504K)
[2025-06-28T00:21:15.105+0200][9.154s] GC(210) Pause Young (Prepare Mixed) (G1 Evacuation Pause) 16M->15M(22M) 3.010ms
[2025-06-28T00:21:15.106+0200][9.154s] GC(210) User=0.05s Sys=0.00s Real=0.00s
[2025-06-28T00:21:15.150+0200][9.198s] GC(211) Pause Young (Mixed) (G1 Evacuation Pause)
[2025-06-28T00:21:15.150+0200][9.199s] GC(211) Using 2 workers of 10 for evacuation
[2025-06-28T00:21:15.153+0200][9.201s] GC(211)   Pre Evacuate Collection Set: 0.1ms
[2025-06-28T00:21:15.153+0200][9.202s] GC(211)   Merge Heap Roots: 0.1ms
[2025-06-28T00:21:15.153+0200][9.202s] GC(211)   Evacuate Collection Set: 2.1ms
[2025-06-28T00:21:15.153+0200][9.202s] GC(211)   Post Evacuate Collection Set: 0.5ms
[2025-06-28T00:21:15.153+0200][9.202s] GC(211)   Other: 0.1ms
[2025-06-28T00:21:15.153+0200][9.202s] GC(211) Eden regions: 1->0(1)
[2025-06-28T00:21:15.153+0200][9.202s] GC(211) Survivor regions: 1->1(1)
[2025-06-28T00:21:15.153+0200][9.202s] GC(211) Old regions: 17->17
[2025-06-28T00:21:15.153+0200][9.202s] GC(211) Humongous regions: 0->0
[2025-06-28T00:21:15.153+0200][9.202s] GC(211) Metaspace: 40734K(41280K)->40734K(41280K) NonClass: 35499K(35776K)->35499K(35776K) Class: 5235K(5504K)->5235K(5504K)
[2025-06-28T00:21:15.153+0200][9.202s] GC(211) Pause Young (Mixed) (G1 Evacuation Pause) 16M->16M(22M) 3.456ms
[2025-06-28T00:21:15.154+0200][9.202s] GC(211) User=0.05s Sys=0.00s Real=0.00s
[2025-06-28T00:21:15.178+0200][9.226s] GC(212) Pause Young (Concurrent Start) (G1 Evacuation Pause)
[2025-06-28T00:21:15.178+0200][9.226s] GC(212) Using 2 workers of 10 for evacuation
[2025-06-28T00:21:15.181+0200][9.229s] GC(212)   Pre Evacuate Collection Set: 0.1ms
[2025-06-28T00:21:15.181+0200][9.229s] GC(212)   Merge Heap Roots: 0.1ms
[2025-06-28T00:21:15.181+0200][9.229s] GC(212)   Evacuate Collection Set: 1.9ms
[2025-06-28T00:21:15.181+0200][9.229s] GC(212)   Post Evacuate Collection Set: 0.5ms
[2025-06-28T00:21:15.181+0200][9.229s] GC(212)   Other: 0.1ms
[2025-06-28T00:21:15.181+0200][9.229s] GC(212) Eden regions: 1->0(1)
[2025-06-28T00:21:15.181+0200][9.229s] GC(212) Survivor regions: 1->1(1)
[2025-06-28T00:21:15.181+0200][9.229s] GC(212) Old regions: 17->17
[2025-06-28T00:21:15.181+0200][9.229s] GC(212) Humongous regions: 0->0
[2025-06-28T00:21:15.181+0200][9.229s] GC(212) Metaspace: 40895K(41472K)->40895K(41472K) NonClass: 35638K(35904K)->35638K(35904K) Class: 5257K(5568K)->5257K(5568K)
[2025-06-28T00:21:15.181+0200][9.229s] GC(212) Pause Young (Concurrent Start) (G1 Evacuation Pause) 17M->16M(22M) 3.222ms
[2025-06-28T00:21:15.181+0200][9.230s] GC(212) User=0.00s Sys=0.00s Real=0.00s
[2025-06-28T00:21:15.181+0200][9.230s] GC(213) Concurrent Mark Cycle
[2025-06-28T00:21:15.181+0200][9.230s] GC(213) Concurrent Scan Root Regions
[2025-06-28T00:21:15.183+0200][9.231s] GC(213) Concurrent Scan Root Regions 1.697ms
[2025-06-28T00:21:15.183+0200][9.231s] GC(213) Concurrent Mark
[2025-06-28T00:21:15.183+0200][9.231s] GC(213) Concurrent Mark From Roots
[2025-06-28T00:21:15.183+0200][9.231s] GC(213) Using 3 workers of 3 for marking
[2025-06-28T00:21:15.202+0200][9.250s] GC(213) Concurrent Mark From Roots 18.199ms
[2025-06-28T00:21:15.202+0200][9.250s] GC(213) Concurrent Preclean
[2025-06-28T00:21:15.202+0200][9.250s] GC(213) Concurrent Preclean 0.242ms
[2025-06-28T00:21:15.203+0200][9.251s] GC(213) Pause Remark
[2025-06-28T00:21:15.209+0200][9.258s] GC(213) Pause Remark 16M->16M(22M) 6.323ms
[2025-06-28T00:21:15.209+0200][9.258s] GC(213) User=0.00s Sys=0.00s Real=0.01s
[2025-06-28T00:21:15.210+0200][9.258s] GC(213) Concurrent Mark 26.540ms
[2025-06-28T00:21:15.210+0200][9.258s] GC(213) Concurrent Rebuild Remembered Sets and Scrub Regions
[2025-06-28T00:21:15.217+0200][9.265s] GC(213) Concurrent Rebuild Remembered Sets and Scrub Regions 7.261ms
[2025-06-28T00:21:15.232+0200][9.280s] GC(213) Pause Cleanup
[2025-06-28T00:21:15.232+0200][9.280s] GC(213) Pause Cleanup 16M->16M(22M) 0.271ms
[2025-06-28T00:21:15.232+0200][9.280s] GC(213) User=0.00s Sys=0.00s Real=0.00s
[2025-06-28T00:21:15.232+0200][9.280s] GC(213) Concurrent Clear Claimed Marks
[2025-06-28T00:21:15.232+0200][9.280s] GC(213) Concurrent Clear Claimed Marks 0.120ms
[2025-06-28T00:21:15.232+0200][9.280s] GC(213) Concurrent Cleanup for Next Mark
[2025-06-28T00:21:15.232+0200][9.280s] GC(213) Concurrent Cleanup for Next Mark 0.120ms
[2025-06-28T00:21:15.232+0200][9.280s] GC(213) Concurrent Mark Cycle 50.789ms
[2025-06-28T00:21:15.243+0200][9.292s] GC(214) Pause Young (Prepare Mixed) (G1 Evacuation Pause)
[2025-06-28T00:21:15.243+0200][9.292s] GC(214) Using 2 workers of 10 for evacuation
[2025-06-28T00:21:15.247+0200][9.295s] GC(214)   Pre Evacuate Collection Set: 0.2ms
[2025-06-28T00:21:15.249+0200][9.297s] GC(214)   Merge Heap Roots: 0.1ms
[2025-06-28T00:21:15.249+0200][9.297s] GC(214)   Evacuate Collection Set: 2.6ms
[2025-06-28T00:21:15.249+0200][9.297s] GC(214)   Post Evacuate Collection Set: 0.5ms
[2025-06-28T00:21:15.249+0200][9.297s] GC(214)   Other: 0.1ms
[2025-06-28T00:21:15.249+0200][9.297s] GC(214) Eden regions: 1->0(1)
[2025-06-28T00:21:15.249+0200][9.297s] GC(214) Survivor regions: 1->1(1)
[2025-06-28T00:21:15.249+0200][9.297s] GC(214) Old regions: 17->17
[2025-06-28T00:21:15.249+0200][9.297s] GC(214) Humongous regions: 0->0
[2025-06-28T00:21:15.249+0200][9.297s] GC(214) Metaspace: 40995K(41536K)->40995K(41536K) NonClass: 35718K(35968K)->35718K(35968K) Class: 5276K(5568K)->5276K(5568K)
[2025-06-28T00:21:15.249+0200][9.297s] GC(214) Pause Young (Prepare Mixed) (G1 Evacuation Pause) 17M->16M(22M) 5.242ms
[2025-06-28T00:21:15.249+0200][9.297s] GC(214) User=0.03s Sys=0.00s Real=0.01s
[2025-06-28T00:21:15.280+0200][9.328s] GC(215) Pause Young (Mixed) (G1 Evacuation Pause)
[2025-06-28T00:21:15.280+0200][9.328s] GC(215) Using 2 workers of 10 for evacuation
[2025-06-28T00:21:15.284+0200][9.333s] GC(215)   Pre Evacuate Collection Set: 0.1ms
[2025-06-28T00:21:15.284+0200][9.333s] GC(215)   Merge Heap Roots: 0.1ms
[2025-06-28T00:21:15.284+0200][9.333s] GC(215)   Evacuate Collection Set: 3.8ms
[2025-06-28T00:21:15.284+0200][9.333s] GC(215)   Post Evacuate Collection Set: 0.5ms
[2025-06-28T00:21:15.284+0200][9.333s] GC(215)   Other: 0.1ms
[2025-06-28T00:21:15.284+0200][9.333s] GC(215) Eden regions: 1->0(2)
[2025-06-28T00:21:15.284+0200][9.333s] GC(215) Survivor regions: 1->1(1)
[2025-06-28T00:21:15.284+0200][9.333s] GC(215) Old regions: 17->16
[2025-06-28T00:21:15.284+0200][9.333s] GC(215) Humongous regions: 0->0
[2025-06-28T00:21:15.284+0200][9.333s] GC(215) Metaspace: 41128K(41664K)->41128K(41664K) NonClass: 35828K(36096K)->35828K(36096K) Class: 5300K(5568K)->5300K(5568K)
[2025-06-28T00:21:15.284+0200][9.333s] GC(215) Pause Young (Mixed) (G1 Evacuation Pause) 17M->16M(22M) 5.173ms
[2025-06-28T00:21:15.284+0200][9.333s] GC(215) User=0.00s Sys=0.00s Real=0.00s
[2025-06-28T00:21:15.344+0200][9.391s] GC(216) Pause Young (Concurrent Start) (G1 Evacuation Pause)
[2025-06-28T00:21:15.344+0200][9.392s] GC(216) Using 2 workers of 10 for evacuation
[2025-06-28T00:21:15.347+0200][9.395s] GC(216)   Pre Evacuate Collection Set: 0.2ms
[2025-06-28T00:21:15.347+0200][9.395s] GC(216)   Merge Heap Roots: 0.1ms
[2025-06-28T00:21:15.347+0200][9.395s] GC(216)   Evacuate Collection Set: 2.2ms
[2025-06-28T00:21:15.347+0200][9.395s] GC(216)   Post Evacuate Collection Set: 0.5ms
[2025-06-28T00:21:15.347+0200][9.395s] GC(216)   Other: 0.2ms
[2025-06-28T00:21:15.347+0200][9.395s] GC(216) Eden regions: 2->0(2)
[2025-06-28T00:21:15.347+0200][9.395s] GC(216) Survivor regions: 1->1(1)
[2025-06-28T00:21:15.347+0200][9.395s] GC(216) Old regions: 16->16
[2025-06-28T00:21:15.347+0200][9.395s] GC(216) Humongous regions: 0->0
[2025-06-28T00:21:15.347+0200][9.395s] GC(216) Metaspace: 41381K(41920K)->41381K(41920K) NonClass: 36045K(36288K)->36045K(36288K) Class: 5336K(5632K)->5336K(5632K)
[2025-06-28T00:21:15.347+0200][9.395s] GC(216) Pause Young (Concurrent Start) (G1 Evacuation Pause) 18M->16M(22M) 3.765ms
[2025-06-28T00:21:15.347+0200][9.395s] GC(217) Concurrent Mark Cycle
[2025-06-28T00:21:15.347+0200][9.395s] GC(216) User=0.00s Sys=0.00s Real=0.00s
[2025-06-28T00:21:15.347+0200][9.395s] GC(217) Concurrent Scan Root Regions
[2025-06-28T00:21:15.349+0200][9.397s] GC(217) Concurrent Scan Root Regions 1.849ms
[2025-06-28T00:21:15.349+0200][9.397s] GC(217) Concurrent Mark
[2025-06-28T00:21:15.349+0200][9.397s] GC(217) Concurrent Mark From Roots
[2025-06-28T00:21:15.349+0200][9.397s] GC(217) Using 3 workers of 3 for marking
[2025-06-28T00:21:15.365+0200][9.413s] GC(217) Concurrent Mark From Roots 15.976ms
[2025-06-28T00:21:15.365+0200][9.413s] GC(217) Concurrent Preclean
[2025-06-28T00:21:15.366+0200][9.414s] GC(217) Concurrent Preclean 0.316ms
[2025-06-28T00:21:15.366+0200][9.414s] GC(217) Pause Remark
[2025-06-28T00:21:15.372+0200][9.420s] GC(217) Pause Remark 16M->16M(22M) 6.389ms
[2025-06-28T00:21:15.373+0200][9.421s] GC(217) User=0.08s Sys=0.00s Real=0.01s
[2025-06-28T00:21:15.373+0200][9.421s] GC(217) Concurrent Mark 23.499ms
[2025-06-28T00:21:15.373+0200][9.421s] GC(217) Concurrent Rebuild Remembered Sets and Scrub Regions
[2025-06-28T00:21:15.380+0200][9.428s] GC(217) Concurrent Rebuild Remembered Sets and Scrub Regions 7.066ms
[2025-06-28T00:21:15.381+0200][9.428s] GC(217) Pause Cleanup
[2025-06-28T00:21:15.381+0200][9.428s] GC(217) Pause Cleanup 16M->16M(22M) 0.166ms
[2025-06-28T00:21:15.381+0200][9.429s] GC(217) User=0.00s Sys=0.00s Real=0.00s
[2025-06-28T00:21:15.381+0200][9.429s] GC(217) Concurrent Clear Claimed Marks
[2025-06-28T00:21:15.381+0200][9.429s] GC(217) Concurrent Clear Claimed Marks 0.097ms
[2025-06-28T00:21:15.381+0200][9.429s] GC(217) Concurrent Cleanup for Next Mark
[2025-06-28T00:21:15.381+0200][9.429s] GC(217) Concurrent Cleanup for Next Mark 0.130ms
[2025-06-28T00:21:15.381+0200][9.429s] GC(217) Concurrent Mark Cycle 33.673ms
[2025-06-28T00:21:15.426+0200][9.474s] GC(218) Pause Young (Normal) (G1 Evacuation Pause)
[2025-06-28T00:21:15.426+0200][9.474s] GC(218) Using 2 workers of 10 for evacuation
[2025-06-28T00:21:15.429+0200][9.477s] GC(218)   Pre Evacuate Collection Set: 0.1ms
[2025-06-28T00:21:15.429+0200][9.477s] GC(218)   Merge Heap Roots: 0.1ms
[2025-06-28T00:21:15.429+0200][9.477s] GC(218)   Evacuate Collection Set: 2.3ms
[2025-06-28T00:21:15.429+0200][9.477s] GC(218)   Post Evacuate Collection Set: 0.4ms
[2025-06-28T00:21:15.429+0200][9.477s] GC(218)   Other: 0.1ms
[2025-06-28T00:21:15.429+0200][9.477s] GC(218) Eden regions: 2->0(2)
[2025-06-28T00:21:15.429+0200][9.477s] GC(218) Survivor regions: 1->1(1)
[2025-06-28T00:21:15.429+0200][9.477s] GC(218) Old regions: 16->16
[2025-06-28T00:21:15.429+0200][9.477s] GC(218) Humongous regions: 0->0
[2025-06-28T00:21:15.429+0200][9.477s] GC(218) Metaspace: 41757K(42304K)->41757K(42304K) NonClass: 36362K(36672K)->36362K(36672K) Class: 5395K(5632K)->5395K(5632K)
[2025-06-28T00:21:15.430+0200][9.477s] GC(218) Pause Young (Normal) (G1 Evacuation Pause) 18M->16M(22M) 3.410ms
[2025-06-28T00:21:15.430+0200][9.477s] GC(218) User=0.00s Sys=0.00s Real=0.00s
[2025-06-28T00:21:15.472+0200][9.520s] GC(219) Pause Young (Concurrent Start) (G1 Evacuation Pause)
[2025-06-28T00:21:15.472+0200][9.520s] GC(219) Using 2 workers of 10 for evacuation
[2025-06-28T00:21:15.474+0200][9.523s] GC(219)   Pre Evacuate Collection Set: 0.1ms
[2025-06-28T00:21:15.474+0200][9.523s] GC(219)   Merge Heap Roots: 0.1ms
[2025-06-28T00:21:15.474+0200][9.523s] GC(219)   Evacuate Collection Set: 1.8ms
[2025-06-28T00:21:15.474+0200][9.523s] GC(219)   Post Evacuate Collection Set: 0.4ms
[2025-06-28T00:21:15.474+0200][9.523s] GC(219)   Other: 0.1ms
[2025-06-28T00:21:15.474+0200][9.523s] GC(219) Eden regions: 2->0(2)
[2025-06-28T00:21:15.474+0200][9.523s] GC(219) Survivor regions: 1->1(1)
[2025-06-28T00:21:15.474+0200][9.523s] GC(219) Old regions: 16->16
[2025-06-28T00:21:15.474+0200][9.523s] GC(219) Humongous regions: 0->0
[2025-06-28T00:21:15.474+0200][9.523s] GC(219) Metaspace: 42222K(42816K)->42222K(42816K) NonClass: 36753K(37056K)->36753K(37056K) Class: 5469K(5760K)->5469K(5760K)
[2025-06-28T00:21:15.475+0200][9.523s] GC(219) Pause Young (Concurrent Start) (G1 Evacuation Pause) 18M->16M(22M) 2.981ms
[2025-06-28T00:21:15.475+0200][9.523s] GC(219) User=0.00s Sys=0.00s Real=0.00s
[2025-06-28T00:21:15.475+0200][9.523s] GC(220) Concurrent Mark Cycle
[2025-06-28T00:21:15.475+0200][9.523s] GC(220) Concurrent Scan Root Regions
[2025-06-28T00:21:15.476+0200][9.524s] GC(220) Concurrent Scan Root Regions 1.265ms
[2025-06-28T00:21:15.476+0200][9.524s] GC(220) Concurrent Mark
[2025-06-28T00:21:15.476+0200][9.524s] GC(220) Concurrent Mark From Roots
[2025-06-28T00:21:15.476+0200][9.524s] GC(220) Using 3 workers of 3 for marking
[2025-06-28T00:21:15.491+0200][9.540s] GC(220) Concurrent Mark From Roots 15.617ms
[2025-06-28T00:21:15.491+0200][9.540s] GC(220) Concurrent Preclean
[2025-06-28T00:21:15.493+0200][9.540s] GC(220) Concurrent Preclean 0.304ms
[2025-06-28T00:21:15.493+0200][9.541s] GC(220) Pause Remark
[2025-06-28T00:21:15.499+0200][9.546s] GC(220) Pause Remark 17M->17M(22M) 5.773ms
[2025-06-28T00:21:15.499+0200][9.546s] GC(220) User=0.05s Sys=0.00s Real=0.01s
[2025-06-28T00:21:15.499+0200][9.547s] GC(220) Concurrent Mark 22.184ms
[2025-06-28T00:21:15.499+0200][9.547s] GC(220) Concurrent Rebuild Remembered Sets and Scrub Regions
[2025-06-28T00:21:15.505+0200][9.553s] GC(220) Concurrent Rebuild Remembered Sets and Scrub Regions 6.599ms
[2025-06-28T00:21:15.506+0200][9.553s] GC(220) Pause Cleanup
[2025-06-28T00:21:15.506+0200][9.554s] GC(220) Pause Cleanup 17M->17M(22M) 0.150ms
[2025-06-28T00:21:15.506+0200][9.554s] GC(220) User=0.00s Sys=0.00s Real=0.00s
[2025-06-28T00:21:15.506+0200][9.554s] GC(220) Concurrent Clear Claimed Marks
[2025-06-28T00:21:15.506+0200][9.554s] GC(220) Concurrent Clear Claimed Marks 0.097ms
[2025-06-28T00:21:15.506+0200][9.554s] GC(220) Concurrent Cleanup for Next Mark
[2025-06-28T00:21:15.506+0200][9.554s] GC(220) Concurrent Cleanup for Next Mark 0.130ms
[2025-06-28T00:21:15.506+0200][9.554s] GC(220) Concurrent Mark Cycle 31.035ms
[2025-06-28T00:21:15.515+0200][9.563s] GC(221) Pause Young (Normal) (G1 Evacuation Pause)
[2025-06-28T00:21:15.515+0200][9.563s] GC(221) Using 2 workers of 10 for evacuation
[2025-06-28T00:21:15.518+0200][9.566s] GC(221)   Pre Evacuate Collection Set: 0.1ms
[2025-06-28T00:21:15.518+0200][9.566s] GC(221)   Merge Heap Roots: 0.1ms
[2025-06-28T00:21:15.518+0200][9.566s] GC(221)   Evacuate Collection Set: 2.4ms
[2025-06-28T00:21:15.518+0200][9.566s] GC(221)   Post Evacuate Collection Set: 0.4ms
[2025-06-28T00:21:15.518+0200][9.567s] GC(221)   Other: 0.1ms
[2025-06-28T00:21:15.518+0200][9.567s] GC(221) Eden regions: 2->0(2)
[2025-06-28T00:21:15.518+0200][9.567s] GC(221) Survivor regions: 1->1(1)
[2025-06-28T00:21:15.518+0200][9.567s] GC(221) Old regions: 16->16
[2025-06-28T00:21:15.518+0200][9.567s] GC(221) Humongous regions: 0->0
[2025-06-28T00:21:15.518+0200][9.567s] GC(221) Metaspace: 42377K(42944K)->42377K(42944K) NonClass: 36883K(37184K)->36883K(37184K) Class: 5493K(5760K)->5493K(5760K)
[2025-06-28T00:21:15.518+0200][9.567s] GC(221) Pause Young (Normal) (G1 Evacuation Pause) 18M->16M(22M) 3.465ms
[2025-06-28T00:21:15.518+0200][9.567s] GC(221) User=0.00s Sys=0.00s Real=0.00s
[2025-06-28T00:21:15.578+0200][9.626s] GC(222) Pause Young (Concurrent Start) (G1 Evacuation Pause)
[2025-06-28T00:21:15.578+0200][9.627s] GC(222) Using 2 workers of 10 for evacuation
[2025-06-28T00:21:15.581+0200][9.630s] GC(222)   Pre Evacuate Collection Set: 0.1ms
[2025-06-28T00:21:15.581+0200][9.630s] GC(222)   Merge Heap Roots: 0.1ms
[2025-06-28T00:21:15.581+0200][9.630s] GC(222)   Evacuate Collection Set: 2.5ms
[2025-06-28T00:21:15.581+0200][9.630s] GC(222)   Post Evacuate Collection Set: 0.3ms
[2025-06-28T00:21:15.581+0200][9.630s] GC(222)   Other: 0.1ms
[2025-06-28T00:21:15.581+0200][9.630s] GC(222) Eden regions: 2->0(2)
[2025-06-28T00:21:15.581+0200][9.630s] GC(222) Survivor regions: 1->1(1)
[2025-06-28T00:21:15.581+0200][9.630s] GC(222) Old regions: 16->16
[2025-06-28T00:21:15.581+0200][9.630s] GC(222) Humongous regions: 0->0
[2025-06-28T00:21:15.581+0200][9.630s] GC(222) Metaspace: 42665K(43264K)->42665K(43264K) NonClass: 37133K(37440K)->37133K(37440K) Class: 5531K(5824K)->5531K(5824K)
[2025-06-28T00:21:15.581+0200][9.630s] GC(222) Pause Young (Concurrent Start) (G1 Evacuation Pause) 18M->16M(22M) 3.584ms
[2025-06-28T00:21:15.581+0200][9.630s] GC(222) User=0.00s Sys=0.00s Real=0.00s
[2025-06-28T00:21:15.581+0200][9.630s] GC(223) Concurrent Mark Cycle
[2025-06-28T00:21:15.581+0200][9.630s] GC(223) Concurrent Scan Root Regions
[2025-06-28T00:21:15.584+0200][9.632s] GC(223) Concurrent Scan Root Regions 1.580ms
[2025-06-28T00:21:15.584+0200][9.632s] GC(223) Concurrent Mark
[2025-06-28T00:21:15.584+0200][9.632s] GC(223) Concurrent Mark From Roots
[2025-06-28T00:21:15.584+0200][9.632s] GC(223) Using 3 workers of 3 for marking
[2025-06-28T00:21:15.600+0200][9.648s] GC(223) Concurrent Mark From Roots 16.003ms
[2025-06-28T00:21:15.600+0200][9.648s] GC(223) Concurrent Preclean
[2025-06-28T00:21:15.600+0200][9.648s] GC(223) Concurrent Preclean 0.291ms
[2025-06-28T00:21:15.601+0200][9.648s] GC(223) Pause Remark
[2025-06-28T00:21:15.607+0200][9.655s] GC(223) Pause Remark 16M->16M(22M) 6.610ms
[2025-06-28T00:21:15.607+0200][9.655s] GC(223) User=0.08s Sys=0.00s Real=0.01s
[2025-06-28T00:21:15.607+0200][9.655s] GC(223) Concurrent Mark 23.433ms
[2025-06-28T00:21:15.607+0200][9.655s] GC(223) Concurrent Rebuild Remembered Sets and Scrub Regions
[2025-06-28T00:21:15.611+0200][9.659s] GC(223) Concurrent Rebuild Remembered Sets and Scrub Regions 3.681ms
[2025-06-28T00:21:15.611+0200][9.660s] GC(223) Pause Cleanup
[2025-06-28T00:21:15.611+0200][9.660s] GC(223) Pause Cleanup 17M->17M(22M) 0.105ms
[2025-06-28T00:21:15.611+0200][9.660s] GC(223) User=0.00s Sys=0.00s Real=0.00s
[2025-06-28T00:21:15.612+0200][9.660s] GC(223) Concurrent Clear Claimed Marks
[2025-06-28T00:21:15.612+0200][9.660s] GC(223) Concurrent Clear Claimed Marks 0.115ms
[2025-06-28T00:21:15.612+0200][9.660s] GC(223) Concurrent Cleanup for Next Mark
[2025-06-28T00:21:15.612+0200][9.660s] GC(223) Concurrent Cleanup for Next Mark 0.139ms
[2025-06-28T00:21:15.612+0200][9.660s] GC(223) Concurrent Mark Cycle 30.058ms
[2025-06-28T00:21:15.652+0200][9.700s] GC(224) Pause Young (Normal) (G1 Evacuation Pause)
[2025-06-28T00:21:15.652+0200][9.700s] GC(224) Using 2 workers of 10 for evacuation
[2025-06-28T00:21:15.656+0200][9.704s] GC(224)   Pre Evacuate Collection Set: 0.1ms
[2025-06-28T00:21:15.656+0200][9.704s] GC(224)   Merge Heap Roots: 0.1ms
[2025-06-28T00:21:15.656+0200][9.704s] GC(224)   Evacuate Collection Set: 2.7ms
[2025-06-28T00:21:15.656+0200][9.704s] GC(224)   Post Evacuate Collection Set: 0.8ms
[2025-06-28T00:21:15.656+0200][9.704s] GC(224)   Other: 0.1ms
[2025-06-28T00:21:15.656+0200][9.704s] GC(224) Eden regions: 2->0(1)
[2025-06-28T00:21:15.656+0200][9.704s] GC(224) Survivor regions: 1->1(1)
[2025-06-28T00:21:15.656+0200][9.704s] GC(224) Old regions: 16->17
[2025-06-28T00:21:15.656+0200][9.704s] GC(224) Humongous regions: 0->0
[2025-06-28T00:21:15.656+0200][9.704s] GC(224) Metaspace: 42952K(43520K)->42952K(43520K) NonClass: 37385K(37696K)->37385K(37696K) Class: 5567K(5824K)->5567K(5824K)
[2025-06-28T00:21:15.656+0200][9.704s] GC(224) Pause Young (Normal) (G1 Evacuation Pause) 18M->16M(22M) 4.117ms
[2025-06-28T00:21:15.656+0200][9.705s] GC(224) User=0.00s Sys=0.00s Real=0.00s
[2025-06-28T00:21:15.678+0200][9.727s] GC(225) Pause Young (Concurrent Start) (G1 Evacuation Pause)
[2025-06-28T00:21:15.678+0200][9.727s] GC(225) Using 2 workers of 10 for evacuation
[2025-06-28T00:21:15.681+0200][9.729s] GC(225)   Pre Evacuate Collection Set: 0.2ms
[2025-06-28T00:21:15.681+0200][9.730s] GC(225)   Merge Heap Roots: 0.1ms
[2025-06-28T00:21:15.681+0200][9.730s] GC(225)   Evacuate Collection Set: 2.0ms
[2025-06-28T00:21:15.681+0200][9.730s] GC(225)   Post Evacuate Collection Set: 0.4ms
[2025-06-28T00:21:15.681+0200][9.730s] GC(225)   Other: 0.2ms
[2025-06-28T00:21:15.681+0200][9.730s] GC(225) Eden regions: 1->0(1)
[2025-06-28T00:21:15.681+0200][9.730s] GC(225) Survivor regions: 1->1(1)
[2025-06-28T00:21:15.681+0200][9.730s] GC(225) Old regions: 17->17
[2025-06-28T00:21:15.681+0200][9.730s] GC(225) Humongous regions: 0->0
[2025-06-28T00:21:15.681+0200][9.730s] GC(225) Metaspace: 43071K(43648K)->43071K(43648K) NonClass: 37495K(37824K)->37495K(37824K) Class: 5576K(5824K)->5576K(5824K)
[2025-06-28T00:21:15.681+0200][9.730s] GC(225) Pause Young (Concurrent Start) (G1 Evacuation Pause) 17M->16M(22M) 3.252ms
[2025-06-28T00:21:15.681+0200][9.730s] GC(225) User=0.00s Sys=0.00s Real=0.00s
[2025-06-28T00:21:15.681+0200][9.730s] GC(226) Concurrent Mark Cycle
[2025-06-28T00:21:15.681+0200][9.730s] GC(226) Concurrent Scan Root Regions
[2025-06-28T00:21:15.683+0200][9.731s] GC(226) Concurrent Scan Root Regions 1.502ms
[2025-06-28T00:21:15.684+0200][9.732s] GC(226) Concurrent Mark
[2025-06-28T00:21:15.684+0200][9.732s] GC(226) Concurrent Mark From Roots
[2025-06-28T00:21:15.684+0200][9.732s] GC(226) Using 3 workers of 3 for marking
[2025-06-28T00:21:15.700+0200][9.748s] GC(226) Concurrent Mark From Roots 16.554ms
[2025-06-28T00:21:15.700+0200][9.748s] GC(226) Concurrent Preclean
[2025-06-28T00:21:15.700+0200][9.748s] GC(226) Concurrent Preclean 0.273ms
[2025-06-28T00:21:15.700+0200][9.749s] GC(226) Pause Remark
[2025-06-28T00:21:15.705+0200][9.754s] GC(226) Pause Remark 17M->17M(22M) 5.746ms
[2025-06-28T00:21:15.707+0200][9.754s] GC(226) User=0.00s Sys=0.00s Real=0.01s
[2025-06-28T00:21:15.707+0200][9.755s] GC(226) Concurrent Mark 22.972ms
[2025-06-28T00:21:15.707+0200][9.755s] GC(226) Concurrent Rebuild Remembered Sets and Scrub Regions
[2025-06-28T00:21:15.712+0200][9.760s] GC(227) Pause Young (Normal) (G1 Evacuation Pause)
[2025-06-28T00:21:15.712+0200][9.760s] GC(227) Using 2 workers of 10 for evacuation
[2025-06-28T00:21:15.714+0200][9.763s] GC(227)   Pre Evacuate Collection Set: 0.1ms
[2025-06-28T00:21:15.715+0200][9.763s] GC(227)   Merge Heap Roots: 0.1ms
[2025-06-28T00:21:15.715+0200][9.763s] GC(227)   Evacuate Collection Set: 2.3ms
[2025-06-28T00:21:15.715+0200][9.763s] GC(227)   Post Evacuate Collection Set: 0.4ms
[2025-06-28T00:21:15.715+0200][9.763s] GC(227)   Other: 0.1ms
[2025-06-28T00:21:15.715+0200][9.763s] GC(227) Eden regions: 1->0(1)
[2025-06-28T00:21:15.715+0200][9.763s] GC(227) Survivor regions: 1->1(1)
[2025-06-28T00:21:15.715+0200][9.763s] GC(227) Old regions: 17->17
[2025-06-28T00:21:15.715+0200][9.763s] GC(227) Humongous regions: 0->0
[2025-06-28T00:21:15.715+0200][9.763s] GC(227) Metaspace: 43149K(43776K)->43149K(43776K) NonClass: 37555K(37888K)->37555K(37888K) Class: 5594K(5888K)->5594K(5888K)
[2025-06-28T00:21:15.715+0200][9.763s] GC(227) Pause Young (Normal) (G1 Evacuation Pause) 17M->16M(22M) 3.380ms
[2025-06-28T00:21:15.715+0200][9.763s] GC(227) User=0.05s Sys=0.00s Real=0.00s
[2025-06-28T00:21:15.716+0200][9.764s] GC(226) Concurrent Rebuild Remembered Sets and Scrub Regions 9.738ms
[2025-06-28T00:21:15.716+0200][9.764s] GC(226) Pause Cleanup
[2025-06-28T00:21:15.716+0200][9.765s] GC(226) Pause Cleanup 16M->16M(22M) 0.195ms
[2025-06-28T00:21:15.716+0200][9.765s] GC(226) User=0.00s Sys=0.00s Real=0.00s
[2025-06-28T00:21:15.716+0200][9.765s] GC(226) Concurrent Clear Claimed Marks
[2025-06-28T00:21:15.716+0200][9.765s] GC(226) Concurrent Clear Claimed Marks 0.110ms
[2025-06-28T00:21:15.716+0200][9.765s] GC(226) Concurrent Cleanup for Next Mark
[2025-06-28T00:21:15.716+0200][9.765s] GC(226) Concurrent Cleanup for Next Mark 0.100ms
[2025-06-28T00:21:15.716+0200][9.765s] GC(226) Concurrent Mark Cycle 35.257ms
[2025-06-28T00:21:15.739+0200][9.787s] GC(228) Pause Young (Normal) (G1 Evacuation Pause)
[2025-06-28T00:21:15.739+0200][9.787s] GC(228) Using 2 workers of 10 for evacuation
[2025-06-28T00:21:15.740+0200][9.789s] GC(228)   Pre Evacuate Collection Set: 0.1ms
[2025-06-28T00:21:15.740+0200][9.789s] GC(228)   Merge Heap Roots: 0.1ms
[2025-06-28T00:21:15.740+0200][9.789s] GC(228)   Evacuate Collection Set: 1.5ms
[2025-06-28T00:21:15.740+0200][9.789s] GC(228)   Post Evacuate Collection Set: 0.4ms
[2025-06-28T00:21:15.740+0200][9.789s] GC(228)   Other: 0.1ms
[2025-06-28T00:21:15.741+0200][9.789s] GC(228) Eden regions: 1->0(1)
[2025-06-28T00:21:15.741+0200][9.789s] GC(228) Survivor regions: 1->1(1)
[2025-06-28T00:21:15.741+0200][9.789s] GC(228) Old regions: 17->17
[2025-06-28T00:21:15.741+0200][9.789s] GC(228) Humongous regions: 0->0
[2025-06-28T00:21:15.741+0200][9.789s] GC(228) Metaspace: 43277K(43840K)->43277K(43840K) NonClass: 37664K(37952K)->37664K(37952K) Class: 5612K(5888K)->5612K(5888K)
[2025-06-28T00:21:15.741+0200][9.789s] GC(228) Pause Young (Normal) (G1 Evacuation Pause) 17M->16M(22M) 2.634ms
[2025-06-28T00:21:15.741+0200][9.789s] GC(228) User=0.00s Sys=0.00s Real=0.00s
[2025-06-28T00:21:15.759+0200][9.808s] GC(229) Pause Young (Concurrent Start) (G1 Evacuation Pause)
[2025-06-28T00:21:15.759+0200][9.808s] GC(229) Using 2 workers of 10 for evacuation
[2025-06-28T00:21:15.762+0200][9.811s] GC(229)   Pre Evacuate Collection Set: 0.1ms
[2025-06-28T00:21:15.763+0200][9.811s] GC(229)   Merge Heap Roots: 0.1ms
[2025-06-28T00:21:15.763+0200][9.811s] GC(229)   Evacuate Collection Set: 1.6ms
[2025-06-28T00:21:15.763+0200][9.811s] GC(229)   Post Evacuate Collection Set: 0.4ms
[2025-06-28T00:21:15.763+0200][9.811s] GC(229)   Other: 0.1ms
[2025-06-28T00:21:15.763+0200][9.811s] GC(229) Eden regions: 1->0(1)
[2025-06-28T00:21:15.763+0200][9.811s] GC(229) Survivor regions: 1->1(1)
[2025-06-28T00:21:15.763+0200][9.811s] GC(229) Old regions: 17->17
[2025-06-28T00:21:15.763+0200][9.811s] GC(229) Humongous regions: 0->0
[2025-06-28T00:21:15.763+0200][9.811s] GC(229) Metaspace: 43353K(43904K)->43353K(43904K) NonClass: 37728K(38016K)->37728K(38016K) Class: 5624K(5888K)->5624K(5888K)
[2025-06-28T00:21:15.763+0200][9.811s] GC(229) Pause Young (Concurrent Start) (G1 Evacuation Pause) 17M->16M(22M) 2.798ms
[2025-06-28T00:21:15.763+0200][9.811s] GC(230) Concurrent Mark Cycle
[2025-06-28T00:21:15.763+0200][9.811s] GC(229) User=0.02s Sys=0.02s Real=0.00s
[2025-06-28T00:21:15.763+0200][9.811s] GC(230) Concurrent Scan Root Regions
[2025-06-28T00:21:15.765+0200][9.813s] GC(230) Concurrent Scan Root Regions 1.867ms
[2025-06-28T00:21:15.769+0200][9.817s] GC(230) Concurrent Mark
[2025-06-28T00:21:15.769+0200][9.817s] GC(230) Concurrent Mark From Roots
[2025-06-28T00:21:15.769+0200][9.817s] GC(230) Using 3 workers of 3 for marking
[2025-06-28T00:21:15.782+0200][9.830s] GC(231) Pause Young (Normal) (G1 Evacuation Pause)
[2025-06-28T00:21:15.782+0200][9.830s] GC(231) Using 2 workers of 10 for evacuation
[2025-06-28T00:21:15.785+0200][9.833s] GC(231)   Pre Evacuate Collection Set: 0.3ms
[2025-06-28T00:21:15.785+0200][9.833s] GC(231)   Merge Heap Roots: 0.2ms
[2025-06-28T00:21:15.785+0200][9.833s] GC(231)   Evacuate Collection Set: 2.0ms
[2025-06-28T00:21:15.785+0200][9.833s] GC(231)   Post Evacuate Collection Set: 0.4ms
[2025-06-28T00:21:15.785+0200][9.833s] GC(231)   Other: 0.2ms
[2025-06-28T00:21:15.785+0200][9.833s] GC(231) Eden regions: 1->0(1)
[2025-06-28T00:21:15.785+0200][9.833s] GC(231) Survivor regions: 1->1(1)
[2025-06-28T00:21:15.785+0200][9.833s] GC(231) Old regions: 17->17
[2025-06-28T00:21:15.785+0200][9.833s] GC(231) Humongous regions: 0->0
[2025-06-28T00:21:15.785+0200][9.833s] GC(231) Metaspace: 43524K(44096K)->43524K(44096K) NonClass: 37884K(38208K)->37884K(38208K) Class: 5640K(5888K)->5640K(5888K)
[2025-06-28T00:21:15.785+0200][9.833s] GC(231) Pause Young (Normal) (G1 Evacuation Pause) 17M->16M(22M) 3.647ms
[2025-06-28T00:21:15.785+0200][9.833s] GC(231) User=0.00s Sys=0.00s Real=0.00s
[2025-06-28T00:21:15.788+0200][9.836s] GC(230) Concurrent Mark From Roots 19.576ms
[2025-06-28T00:21:15.788+0200][9.836s] GC(230) Concurrent Preclean
[2025-06-28T00:21:15.789+0200][9.837s] GC(230) Concurrent Preclean 0.243ms
[2025-06-28T00:21:15.789+0200][9.837s] GC(230) Pause Remark
[2025-06-28T00:21:15.795+0200][9.843s] GC(230) Pause Remark 17M->17M(22M) 6.054ms
[2025-06-28T00:21:15.795+0200][9.843s] GC(230) User=0.03s Sys=0.02s Real=0.01s
[2025-06-28T00:21:15.795+0200][9.843s] GC(230) Concurrent Mark 26.440ms
[2025-06-28T00:21:15.795+0200][9.843s] GC(230) Concurrent Rebuild Remembered Sets and Scrub Regions
[2025-06-28T00:21:15.801+0200][9.849s] GC(230) Concurrent Rebuild Remembered Sets and Scrub Regions 6.333ms
[2025-06-28T00:21:15.802+0200][9.850s] GC(230) Pause Cleanup
[2025-06-28T00:21:15.802+0200][9.850s] GC(230) Pause Cleanup 17M->17M(22M) 0.192ms
[2025-06-28T00:21:15.802+0200][9.850s] GC(230) User=0.00s Sys=0.00s Real=0.00s
[2025-06-28T00:21:15.802+0200][9.850s] GC(230) Concurrent Clear Claimed Marks
[2025-06-28T00:21:15.802+0200][9.850s] GC(230) Concurrent Clear Claimed Marks 0.104ms
[2025-06-28T00:21:15.802+0200][9.850s] GC(230) Concurrent Cleanup for Next Mark
[2025-06-28T00:21:15.802+0200][9.850s] GC(230) Concurrent Cleanup for Next Mark 0.111ms
[2025-06-28T00:21:15.802+0200][9.850s] GC(230) Concurrent Mark Cycle 39.343ms
[2025-06-28T00:21:15.818+0200][9.866s] GC(232) Pause Young (Normal) (G1 Evacuation Pause)
[2025-06-28T00:21:15.818+0200][9.866s] GC(232) Using 2 workers of 10 for evacuation
[2025-06-28T00:21:15.820+0200][9.868s] GC(232)   Pre Evacuate Collection Set: 0.1ms
[2025-06-28T00:21:15.820+0200][9.869s] GC(232)   Merge Heap Roots: 0.1ms
[2025-06-28T00:21:15.820+0200][9.869s] GC(232)   Evacuate Collection Set: 1.5ms
[2025-06-28T00:21:15.820+0200][9.869s] GC(232)   Post Evacuate Collection Set: 0.4ms
[2025-06-28T00:21:15.820+0200][9.869s] GC(232)   Other: 0.1ms
[2025-06-28T00:21:15.820+0200][9.869s] GC(232) Eden regions: 1->0(1)
[2025-06-28T00:21:15.820+0200][9.869s] GC(232) Survivor regions: 1->1(1)
[2025-06-28T00:21:15.820+0200][9.869s] GC(232) Old regions: 17->17
[2025-06-28T00:21:15.820+0200][9.869s] GC(232) Humongous regions: 0->0
[2025-06-28T00:21:15.820+0200][9.869s] GC(232) Metaspace: 43666K(44224K)->43666K(44224K) NonClass: 38000K(38272K)->38000K(38272K) Class: 5666K(5952K)->5666K(5952K)
[2025-06-28T00:21:15.820+0200][9.869s] GC(232) Pause Young (Normal) (G1 Evacuation Pause) 17M->16M(22M) 2.636ms
[2025-06-28T00:21:15.820+0200][9.869s] GC(232) User=0.00s Sys=0.00s Real=0.00s
[2025-06-28T00:21:15.843+0200][9.891s] GC(233) Pause Young (Concurrent Start) (G1 Evacuation Pause)
[2025-06-28T00:21:15.843+0200][9.891s] GC(233) Using 2 workers of 10 for evacuation
[2025-06-28T00:21:15.846+0200][9.894s] GC(233)   Pre Evacuate Collection Set: 0.2ms
[2025-06-28T00:21:15.846+0200][9.894s] GC(233)   Merge Heap Roots: 0.1ms
[2025-06-28T00:21:15.846+0200][9.894s] GC(233)   Evacuate Collection Set: 1.8ms
[2025-06-28T00:21:15.846+0200][9.894s] GC(233)   Post Evacuate Collection Set: 0.4ms
[2025-06-28T00:21:15.846+0200][9.894s] GC(233)   Other: 0.2ms
[2025-06-28T00:21:15.846+0200][9.894s] GC(233) Eden regions: 1->0(1)
[2025-06-28T00:21:15.846+0200][9.894s] GC(233) Survivor regions: 1->1(1)
[2025-06-28T00:21:15.846+0200][9.894s] GC(233) Old regions: 17->17
[2025-06-28T00:21:15.846+0200][9.894s] GC(233) Humongous regions: 0->0
[2025-06-28T00:21:15.846+0200][9.894s] GC(233) Metaspace: 43719K(44288K)->43719K(44288K) NonClass: 38041K(38336K)->38041K(38336K) Class: 5678K(5952K)->5678K(5952K)
[2025-06-28T00:21:15.846+0200][9.894s] GC(233) Pause Young (Concurrent Start) (G1 Evacuation Pause) 17M->16M(22M) 3.117ms
[2025-06-28T00:21:15.846+0200][9.894s] GC(233) User=0.00s Sys=0.00s Real=0.00s
[2025-06-28T00:21:15.846+0200][9.894s] GC(234) Concurrent Mark Cycle
[2025-06-28T00:21:15.847+0200][9.894s] GC(234) Concurrent Scan Root Regions
[2025-06-28T00:21:15.848+0200][9.896s] GC(234) Concurrent Scan Root Regions 1.483ms
[2025-06-28T00:21:15.848+0200][9.896s] GC(234) Concurrent Mark
[2025-06-28T00:21:15.848+0200][9.896s] GC(234) Concurrent Mark From Roots
[2025-06-28T00:21:15.848+0200][9.896s] GC(234) Using 3 workers of 3 for marking
[2025-06-28T00:21:15.864+0200][9.912s] GC(234) Concurrent Mark From Roots 16.092ms
[2025-06-28T00:21:15.864+0200][9.912s] GC(234) Concurrent Preclean
[2025-06-28T00:21:15.864+0200][9.912s] GC(234) Concurrent Preclean 0.238ms
[2025-06-28T00:21:15.864+0200][9.913s] GC(234) Pause Remark
[2025-06-28T00:21:15.870+0200][9.918s] GC(234) Pause Remark 17M->17M(22M) 5.633ms
[2025-06-28T00:21:15.870+0200][9.918s] GC(234) User=0.03s Sys=0.00s Real=0.01s
[2025-06-28T00:21:15.870+0200][9.918s] GC(234) Concurrent Mark 22.345ms
[2025-06-28T00:21:15.870+0200][9.918s] GC(234) Concurrent Rebuild Remembered Sets and Scrub Regions
[2025-06-28T00:21:15.876+0200][9.924s] GC(234) Concurrent Rebuild Remembered Sets and Scrub Regions 6.035ms
[2025-06-28T00:21:15.876+0200][9.925s] GC(234) Pause Cleanup
[2025-06-28T00:21:15.876+0200][9.925s] GC(234) Pause Cleanup 17M->17M(22M) 0.144ms
[2025-06-28T00:21:15.876+0200][9.925s] GC(234) User=0.00s Sys=0.00s Real=0.00s
[2025-06-28T00:21:15.876+0200][9.925s] GC(234) Concurrent Clear Claimed Marks
[2025-06-28T00:21:15.876+0200][9.925s] GC(234) Concurrent Clear Claimed Marks 0.095ms
[2025-06-28T00:21:15.877+0200][9.925s] GC(234) Concurrent Cleanup for Next Mark
[2025-06-28T00:21:15.877+0200][9.925s] GC(234) Concurrent Cleanup for Next Mark 0.101ms
[2025-06-28T00:21:15.877+0200][9.925s] GC(234) Concurrent Mark Cycle 30.811ms
[2025-06-28T00:21:15.887+0200][9.935s] GC(235) Pause Young (Normal) (G1 Evacuation Pause)
[2025-06-28T00:21:15.887+0200][9.935s] GC(235) Using 2 workers of 10 for evacuation
[2025-06-28T00:21:15.891+0200][9.939s] GC(235)   Pre Evacuate Collection Set: 0.1ms
[2025-06-28T00:21:15.891+0200][9.939s] GC(235)   Merge Heap Roots: 0.1ms
[2025-06-28T00:21:15.891+0200][9.939s] GC(235)   Evacuate Collection Set: 2.8ms
[2025-06-28T00:21:15.891+0200][9.939s] GC(235)   Post Evacuate Collection Set: 0.4ms
[2025-06-28T00:21:15.891+0200][9.939s] GC(235)   Other: 0.1ms
[2025-06-28T00:21:15.891+0200][9.939s] GC(235) Eden regions: 1->0(1)
[2025-06-28T00:21:15.891+0200][9.939s] GC(235) Survivor regions: 1->1(1)
[2025-06-28T00:21:15.891+0200][9.939s] GC(235) Old regions: 17->17
[2025-06-28T00:21:15.891+0200][9.939s] GC(235) Humongous regions: 0->0
[2025-06-28T00:21:15.891+0200][9.939s] GC(235) Metaspace: 43754K(44352K)->43754K(44352K) NonClass: 38070K(38400K)->38070K(38400K) Class: 5683K(5952K)->5683K(5952K)
[2025-06-28T00:21:15.891+0200][9.939s] GC(235) Pause Young (Normal) (G1 Evacuation Pause) 17M->16M(22M) 3.925ms
[2025-06-28T00:21:15.891+0200][9.939s] GC(235) User=0.00s Sys=0.00s Real=0.00s
[2025-06-28T00:21:15.905+0200][9.953s] GC(236) Pause Young (Concurrent Start) (G1 Evacuation Pause)
[2025-06-28T00:21:15.905+0200][9.953s] GC(236) Using 2 workers of 10 for evacuation
[2025-06-28T00:21:15.908+0200][9.955s] GC(236)   Pre Evacuate Collection Set: 0.1ms
[2025-06-28T00:21:15.908+0200][9.955s] GC(236)   Merge Heap Roots: 0.1ms
[2025-06-28T00:21:15.908+0200][9.955s] GC(236)   Evacuate Collection Set: 1.8ms
[2025-06-28T00:21:15.908+0200][9.955s] GC(236)   Post Evacuate Collection Set: 0.4ms
[2025-06-28T00:21:15.908+0200][9.955s] GC(236)   Other: 0.1ms
[2025-06-28T00:21:15.908+0200][9.955s] GC(236) Eden regions: 1->0(1)
[2025-06-28T00:21:15.908+0200][9.955s] GC(236) Survivor regions: 1->1(1)
[2025-06-28T00:21:15.908+0200][9.955s] GC(236) Old regions: 17->17
[2025-06-28T00:21:15.908+0200][9.955s] GC(236) Humongous regions: 0->0
[2025-06-28T00:21:15.908+0200][9.955s] GC(236) Metaspace: 43799K(44352K)->43799K(44352K) NonClass: 38113K(38400K)->38113K(38400K) Class: 5685K(5952K)->5685K(5952K)
[2025-06-28T00:21:15.908+0200][9.955s] GC(236) Pause Young (Concurrent Start) (G1 Evacuation Pause) 17M->17M(22M) 2.899ms
[2025-06-28T00:21:15.908+0200][9.955s] GC(236) User=0.00s Sys=0.00s Real=0.00s
[2025-06-28T00:21:15.908+0200][9.955s] GC(237) Concurrent Mark Cycle
[2025-06-28T00:21:15.908+0200][9.956s] GC(237) Concurrent Scan Root Regions
[2025-06-28T00:21:15.909+0200][9.957s] GC(237) Concurrent Scan Root Regions 1.291ms
[2025-06-28T00:21:15.909+0200][9.957s] GC(237) Concurrent Mark
[2025-06-28T00:21:15.909+0200][9.957s] GC(237) Concurrent Mark From Roots
[2025-06-28T00:21:15.909+0200][9.957s] GC(237) Using 3 workers of 3 for marking
[2025-06-28T00:21:15.923+0200][9.971s] GC(237) Concurrent Mark From Roots 14.506ms
[2025-06-28T00:21:15.923+0200][9.972s] GC(237) Concurrent Preclean
[2025-06-28T00:21:15.924+0200][9.972s] GC(237) Concurrent Preclean 0.365ms
[2025-06-28T00:21:15.924+0200][9.972s] GC(237) Pause Remark
[2025-06-28T00:21:15.933+0200][9.982s] GC(237) Pause Remark 17M->17M(22M) 9.789ms
[2025-06-28T00:21:15.933+0200][9.982s] GC(237) User=0.02s Sys=0.02s Real=0.01s
[2025-06-28T00:21:15.933+0200][9.982s] GC(237) Concurrent Mark 25.055ms
[2025-06-28T00:21:15.933+0200][9.982s] GC(237) Concurrent Rebuild Remembered Sets and Scrub Regions
[2025-06-28T00:21:15.938+0200][9.987s] GC(238) Pause Young (Normal) (G1 Evacuation Pause)
[2025-06-28T00:21:15.938+0200][9.987s] GC(238) Using 2 workers of 10 for evacuation
[2025-06-28T00:21:15.941+0200][9.990s] GC(238)   Pre Evacuate Collection Set: 0.1ms
[2025-06-28T00:21:15.942+0200][9.990s] GC(238)   Merge Heap Roots: 0.1ms
[2025-06-28T00:21:15.942+0200][9.990s] GC(238)   Evacuate Collection Set: 2.3ms
[2025-06-28T00:21:15.942+0200][9.990s] GC(238)   Post Evacuate Collection Set: 0.5ms
[2025-06-28T00:21:15.942+0200][9.990s] GC(238)   Other: 0.1ms
[2025-06-28T00:21:15.942+0200][9.990s] GC(238) Eden regions: 1->0(1)
[2025-06-28T00:21:15.942+0200][9.990s] GC(238) Survivor regions: 1->1(1)
[2025-06-28T00:21:15.942+0200][9.990s] GC(238) Old regions: 17->17
[2025-06-28T00:21:15.942+0200][9.990s] GC(238) Humongous regions: 0->0
[2025-06-28T00:21:15.942+0200][9.990s] GC(238) Metaspace: 43774K(44352K)->43774K(44352K) NonClass: 38098K(38400K)->38098K(38400K) Class: 5676K(5952K)->5676K(5952K)
[2025-06-28T00:21:15.942+0200][9.990s] GC(238) Pause Young (Normal) (G1 Evacuation Pause) 18M->17M(22M) 3.478ms
[2025-06-28T00:21:15.942+0200][9.990s] GC(238) User=0.00s Sys=0.00s Real=0.00s
[2025-06-28T00:21:15.944+0200][9.993s] GC(237) Concurrent Rebuild Remembered Sets and Scrub Regions 10.521ms
[2025-06-28T00:21:15.944+0200][9.993s] GC(237) Pause Cleanup
[2025-06-28T00:21:15.945+0200][9.993s] GC(237) Pause Cleanup 17M->17M(22M) 0.173ms
[2025-06-28T00:21:15.945+0200][9.993s] GC(237) User=0.00s Sys=0.00s Real=0.00s
[2025-06-28T00:21:15.945+0200][9.993s] GC(237) Concurrent Clear Claimed Marks
[2025-06-28T00:21:15.945+0200][9.993s] GC(237) Concurrent Clear Claimed Marks 0.097ms
[2025-06-28T00:21:15.945+0200][9.993s] GC(237) Concurrent Cleanup for Next Mark
[2025-06-28T00:21:15.945+0200][9.993s] GC(237) Concurrent Cleanup for Next Mark 0.134ms
[2025-06-28T00:21:15.945+0200][9.993s] GC(237) Concurrent Mark Cycle 37.845ms
[2025-06-28T00:21:15.971+0200][10.020s] GC(239) Pause Young (Normal) (G1 Evacuation Pause)
[2025-06-28T00:21:15.971+0200][10.020s] GC(239) Using 2 workers of 10 for evacuation
[2025-06-28T00:21:15.974+0200][10.022s] GC(239)   Pre Evacuate Collection Set: 0.1ms
[2025-06-28T00:21:15.974+0200][10.022s] GC(239)   Merge Heap Roots: 0.1ms
[2025-06-28T00:21:15.974+0200][10.022s] GC(239)   Evacuate Collection Set: 1.6ms
[2025-06-28T00:21:15.974+0200][10.022s] GC(239)   Post Evacuate Collection Set: 0.4ms
[2025-06-28T00:21:15.974+0200][10.022s] GC(239)   Other: 0.1ms
[2025-06-28T00:21:15.974+0200][10.022s] GC(239) Eden regions: 1->0(1)
[2025-06-28T00:21:15.974+0200][10.022s] GC(239) Survivor regions: 1->1(1)
[2025-06-28T00:21:15.974+0200][10.022s] GC(239) Old regions: 17->17
[2025-06-28T00:21:15.974+0200][10.022s] GC(239) Humongous regions: 0->0
[2025-06-28T00:21:15.974+0200][10.022s] GC(239) Metaspace: 43945K(44480K)->43945K(44480K) NonClass: 38245K(38528K)->38245K(38528K) Class: 5699K(5952K)->5699K(5952K)
[2025-06-28T00:21:15.974+0200][10.023s] GC(239) Pause Young (Normal) (G1 Evacuation Pause) 18M->17M(22M) 2.713ms
[2025-06-28T00:21:15.974+0200][10.023s] GC(239) User=0.00s Sys=0.00s Real=0.00s
[2025-06-28T00:21:16.001+0200][10.049s] GC(240) Pause Young (Concurrent Start) (G1 Evacuation Pause)
[2025-06-28T00:21:16.001+0200][10.049s] GC(240) Using 2 workers of 10 for evacuation
[2025-06-28T00:21:16.003+0200][10.052s] GC(240)   Pre Evacuate Collection Set: 0.2ms
[2025-06-28T00:21:16.003+0200][10.052s] GC(240)   Merge Heap Roots: 0.1ms
[2025-06-28T00:21:16.003+0200][10.052s] GC(240)   Evacuate Collection Set: 1.6ms
[2025-06-28T00:21:16.003+0200][10.052s] GC(240)   Post Evacuate Collection Set: 0.4ms
[2025-06-28T00:21:16.003+0200][10.052s] GC(240)   Other: 0.1ms
[2025-06-28T00:21:16.003+0200][10.052s] GC(240) Eden regions: 1->0(1)
[2025-06-28T00:21:16.003+0200][10.052s] GC(240) Survivor regions: 1->1(1)
[2025-06-28T00:21:16.003+0200][10.052s] GC(240) Old regions: 17->17
[2025-06-28T00:21:16.004+0200][10.052s] GC(240) Humongous regions: 0->0
[2025-06-28T00:21:16.004+0200][10.052s] GC(240) Metaspace: 44156K(44736K)->44156K(44736K) NonClass: 38431K(38720K)->38431K(38720K) Class: 5724K(6016K)->5724K(6016K)
[2025-06-28T00:21:16.004+0200][10.052s] GC(240) Pause Young (Concurrent Start) (G1 Evacuation Pause) 18M->17M(22M) 2.765ms
[2025-06-28T00:21:16.004+0200][10.052s] GC(240) User=0.00s Sys=0.00s Real=0.00s
[2025-06-28T00:21:16.004+0200][10.052s] GC(241) Concurrent Mark Cycle
[2025-06-28T00:21:16.004+0200][10.052s] GC(241) Concurrent Scan Root Regions
[2025-06-28T00:21:16.005+0200][10.053s] GC(241) Concurrent Scan Root Regions 1.278ms
[2025-06-28T00:21:16.005+0200][10.053s] GC(241) Concurrent Mark
[2025-06-28T00:21:16.005+0200][10.053s] GC(241) Concurrent Mark From Roots
[2025-06-28T00:21:16.005+0200][10.053s] GC(241) Using 3 workers of 3 for marking
[2025-06-28T00:21:16.008+0200][10.057s] GC(242) Pause Young (Normal) (G1 Evacuation Pause)
[2025-06-28T00:21:16.009+0200][10.057s] GC(242) Using 2 workers of 10 for evacuation
[2025-06-28T00:21:16.011+0200][10.060s] GC(242)   Pre Evacuate Collection Set: 0.1ms
[2025-06-28T00:21:16.012+0200][10.060s] GC(242)   Merge Heap Roots: 0.1ms
[2025-06-28T00:21:16.012+0200][10.060s] GC(242)   Evacuate Collection Set: 1.7ms
[2025-06-28T00:21:16.012+0200][10.060s] GC(242)   Post Evacuate Collection Set: 1.0ms
[2025-06-28T00:21:16.012+0200][10.060s] GC(242)   Other: 0.1ms
[2025-06-28T00:21:16.012+0200][10.060s] GC(242) Eden regions: 1->0(1)
[2025-06-28T00:21:16.012+0200][10.060s] GC(242) Survivor regions: 1->1(1)
[2025-06-28T00:21:16.012+0200][10.060s] GC(242) Old regions: 17->17
[2025-06-28T00:21:16.012+0200][10.060s] GC(242) Humongous regions: 0->0
[2025-06-28T00:21:16.012+0200][10.060s] GC(242) Metaspace: 44159K(44736K)->44159K(44736K) NonClass: 38433K(38720K)->38433K(38720K) Class: 5725K(6016K)->5725K(6016K)
[2025-06-28T00:21:16.012+0200][10.060s] GC(242) Pause Young (Normal) (G1 Evacuation Pause) 18M->17M(22M) 3.396ms
[2025-06-28T00:21:16.012+0200][10.060s] GC(242) User=0.03s Sys=0.00s Real=0.00s
[2025-06-28T00:21:16.025+0200][10.073s] GC(241) Concurrent Mark From Roots 19.571ms
[2025-06-28T00:21:16.025+0200][10.073s] GC(241) Concurrent Preclean
[2025-06-28T00:21:16.025+0200][10.073s] GC(241) Concurrent Preclean 0.236ms
[2025-06-28T00:21:16.025+0200][10.073s] GC(241) Pause Remark
[2025-06-28T00:21:16.031+0200][10.079s] GC(241) Pause Remark 17M->17M(22M) 5.646ms
[2025-06-28T00:21:16.031+0200][10.079s] GC(241) User=0.05s Sys=0.00s Real=0.01s
[2025-06-28T00:21:16.031+0200][10.079s] GC(241) Concurrent Mark 25.876ms
[2025-06-28T00:21:16.031+0200][10.079s] GC(241) Concurrent Rebuild Remembered Sets and Scrub Regions
[2025-06-28T00:21:16.035+0200][10.083s] GC(243) Pause Young (Normal) (G1 Evacuation Pause)
[2025-06-28T00:21:16.035+0200][10.083s] GC(243) Using 2 workers of 10 for evacuation
[2025-06-28T00:21:16.038+0200][10.086s] GC(243)   Pre Evacuate Collection Set: 0.1ms
[2025-06-28T00:21:16.038+0200][10.086s] GC(243)   Merge Heap Roots: 0.1ms
[2025-06-28T00:21:16.038+0200][10.086s] GC(243)   Evacuate Collection Set: 2.1ms
[2025-06-28T00:21:16.038+0200][10.086s] GC(243)   Post Evacuate Collection Set: 0.4ms
[2025-06-28T00:21:16.038+0200][10.086s] GC(243)   Other: 0.1ms
[2025-06-28T00:21:16.038+0200][10.086s] GC(243) Eden regions: 1->0(1)
[2025-06-28T00:21:16.038+0200][10.086s] GC(243) Survivor regions: 1->1(1)
[2025-06-28T00:21:16.038+0200][10.086s] GC(243) Old regions: 17->17
[2025-06-28T00:21:16.038+0200][10.086s] GC(243) Humongous regions: 0->0
[2025-06-28T00:21:16.038+0200][10.086s] GC(243) Metaspace: 44226K(44800K)->44226K(44800K) NonClass: 38489K(38784K)->38489K(38784K) Class: 5736K(6016K)->5736K(6016K)
[2025-06-28T00:21:16.038+0200][10.086s] GC(243) Pause Young (Normal) (G1 Evacuation Pause) 18M->17M(22M) 3.124ms
[2025-06-28T00:21:16.038+0200][10.086s] GC(243) User=0.00s Sys=0.00s Real=0.00s
[2025-06-28T00:21:16.041+0200][10.089s] GC(241) Concurrent Rebuild Remembered Sets and Scrub Regions 10.070ms
[2025-06-28T00:21:16.042+0200][10.090s] GC(241) Pause Cleanup
[2025-06-28T00:21:16.042+0200][10.090s] GC(241) Pause Cleanup 17M->17M(22M) 0.140ms
[2025-06-28T00:21:16.042+0200][10.090s] GC(241) User=0.00s Sys=0.02s Real=0.00s
[2025-06-28T00:21:16.042+0200][10.090s] GC(241) Concurrent Clear Claimed Marks
[2025-06-28T00:21:16.042+0200][10.090s] GC(241) Concurrent Clear Claimed Marks 0.084ms
[2025-06-28T00:21:16.042+0200][10.090s] GC(241) Concurrent Cleanup for Next Mark
[2025-06-28T00:21:16.042+0200][10.090s] GC(241) Concurrent Cleanup for Next Mark 0.125ms
[2025-06-28T00:21:16.042+0200][10.090s] GC(241) Concurrent Mark Cycle 38.171ms
[2025-06-28T00:21:16.072+0200][10.120s] GC(244) Pause Young (Prepare Mixed) (G1 Evacuation Pause)
[2025-06-28T00:21:16.072+0200][10.120s] GC(244) Using 2 workers of 10 for evacuation
[2025-06-28T00:21:16.075+0200][10.123s] GC(244)   Pre Evacuate Collection Set: 0.1ms
[2025-06-28T00:21:16.075+0200][10.123s] GC(244)   Merge Heap Roots: 0.1ms
[2025-06-28T00:21:16.075+0200][10.123s] GC(244)   Evacuate Collection Set: 2.1ms
[2025-06-28T00:21:16.075+0200][10.123s] GC(244)   Post Evacuate Collection Set: 0.4ms
[2025-06-28T00:21:16.075+0200][10.123s] GC(244)   Other: 0.1ms
[2025-06-28T00:21:16.075+0200][10.123s] GC(244) Eden regions: 1->0(1)
[2025-06-28T00:21:16.075+0200][10.123s] GC(244) Survivor regions: 1->1(1)
[2025-06-28T00:21:16.075+0200][10.123s] GC(244) Old regions: 17->17
[2025-06-28T00:21:16.075+0200][10.123s] GC(244) Humongous regions: 0->0
[2025-06-28T00:21:16.075+0200][10.123s] GC(244) Metaspace: 44456K(44992K)->44456K(44992K) NonClass: 38695K(38976K)->38695K(38976K) Class: 5760K(6016K)->5760K(6016K)
[2025-06-28T00:21:16.075+0200][10.123s] GC(244) Pause Young (Prepare Mixed) (G1 Evacuation Pause) 18M->17M(22M) 3.132ms
[2025-06-28T00:21:16.075+0200][10.124s] GC(244) User=0.03s Sys=0.02s Real=0.00s
[2025-06-28T00:21:16.098+0200][10.146s] GC(245) Pause Young (Mixed) (G1 Evacuation Pause)
[2025-06-28T00:21:16.098+0200][10.146s] GC(245) Using 2 workers of 10 for evacuation
[2025-06-28T00:21:16.103+0200][10.152s] GC(245)   Pre Evacuate Collection Set: 0.1ms
[2025-06-28T00:21:16.103+0200][10.152s] GC(245)   Merge Heap Roots: 0.1ms
[2025-06-28T00:21:16.103+0200][10.152s] GC(245)   Evacuate Collection Set: 5.1ms
[2025-06-28T00:21:16.103+0200][10.152s] GC(245)   Post Evacuate Collection Set: 0.5ms
[2025-06-28T00:21:16.103+0200][10.152s] GC(245)   Other: 0.1ms
[2025-06-28T00:21:16.103+0200][10.152s] GC(245) Eden regions: 1->0(1)
[2025-06-28T00:21:16.103+0200][10.152s] GC(245) Survivor regions: 1->1(1)
[2025-06-28T00:21:16.103+0200][10.152s] GC(245) Old regions: 17->17
[2025-06-28T00:21:16.103+0200][10.152s] GC(245) Humongous regions: 0->0
[2025-06-28T00:21:16.105+0200][10.152s] GC(245) Metaspace: 44622K(45120K)->44622K(45120K) NonClass: 38849K(39104K)->38849K(39104K) Class: 5773K(6016K)->5773K(6016K)
[2025-06-28T00:21:16.105+0200][10.152s] GC(245) Pause Young (Mixed) (G1 Evacuation Pause) 18M->17M(22M) 6.261ms
[2025-06-28T00:21:16.105+0200][10.152s] GC(245) User=0.00s Sys=0.00s Real=0.01s
[2025-06-28T00:21:16.119+0200][10.167s] GC(246) Pause Young (Concurrent Start) (G1 Evacuation Pause)
[2025-06-28T00:21:16.119+0200][10.167s] GC(246) Using 2 workers of 10 for evacuation
[2025-06-28T00:21:16.121+0200][10.169s] GC(246)   Pre Evacuate Collection Set: 0.1ms
[2025-06-28T00:21:16.121+0200][10.169s] GC(246)   Merge Heap Roots: 0.1ms
[2025-06-28T00:21:16.121+0200][10.169s] GC(246)   Evacuate Collection Set: 1.5ms
[2025-06-28T00:21:16.121+0200][10.169s] GC(246)   Post Evacuate Collection Set: 0.4ms
[2025-06-28T00:21:16.121+0200][10.169s] GC(246)   Other: 0.1ms
[2025-06-28T00:21:16.121+0200][10.169s] GC(246) Eden regions: 1->0(1)
[2025-06-28T00:21:16.121+0200][10.169s] GC(246) Survivor regions: 1->1(1)
[2025-06-28T00:21:16.121+0200][10.170s] GC(246) Old regions: 17->17
[2025-06-28T00:21:16.121+0200][10.170s] GC(246) Humongous regions: 0->0
[2025-06-28T00:21:16.121+0200][10.170s] GC(246) Metaspace: 44698K(45184K)->44698K(45184K) NonClass: 38907K(39168K)->38907K(39168K) Class: 5791K(6016K)->5791K(6016K)
[2025-06-28T00:21:16.121+0200][10.170s] GC(246) Pause Young (Concurrent Start) (G1 Evacuation Pause) 18M->17M(22M) 2.663ms
[2025-06-28T00:21:16.121+0200][10.170s] GC(246) User=0.03s Sys=0.00s Real=0.00s
[2025-06-28T00:21:16.121+0200][10.170s] GC(247) Concurrent Mark Cycle
[2025-06-28T00:21:16.121+0200][10.170s] GC(247) Concurrent Scan Root Regions
[2025-06-28T00:21:16.122+0200][10.171s] GC(247) Concurrent Scan Root Regions 0.991ms
[2025-06-28T00:21:16.122+0200][10.171s] GC(247) Concurrent Mark
[2025-06-28T00:21:16.122+0200][10.171s] GC(247) Concurrent Mark From Roots
[2025-06-28T00:21:16.122+0200][10.171s] GC(247) Using 3 workers of 3 for marking
[2025-06-28T00:21:16.141+0200][10.189s] GC(247) Concurrent Mark From Roots 18.629ms
[2025-06-28T00:21:16.141+0200][10.190s] GC(247) Concurrent Preclean
[2025-06-28T00:21:16.141+0200][10.190s] GC(247) Concurrent Preclean 0.289ms
[2025-06-28T00:21:16.157+0200][10.205s] GC(247) Pause Remark
[2025-06-28T00:21:16.168+0200][10.216s] GC(247) Pause Remark 17M->17M(22M) 11.078ms
[2025-06-28T00:21:16.168+0200][10.216s] GC(247) User=0.03s Sys=0.00s Real=0.01s
[2025-06-28T00:21:16.168+0200][10.216s] GC(247) Concurrent Mark 45.521ms
[2025-06-28T00:21:16.168+0200][10.216s] GC(247) Concurrent Rebuild Remembered Sets and Scrub Regions
[2025-06-28T00:21:16.174+0200][10.223s] GC(247) Concurrent Rebuild Remembered Sets and Scrub Regions 6.290ms
[2025-06-28T00:21:16.175+0200][10.223s] GC(247) Pause Cleanup
[2025-06-28T00:21:16.175+0200][10.223s] GC(247) Pause Cleanup 18M->18M(22M) 0.265ms
[2025-06-28T00:21:16.175+0200][10.223s] GC(247) User=0.00s Sys=0.00s Real=0.00s
[2025-06-28T00:21:16.175+0200][10.223s] GC(247) Concurrent Clear Claimed Marks
[2025-06-28T00:21:16.175+0200][10.224s] GC(247) Concurrent Clear Claimed Marks 0.258ms
[2025-06-28T00:21:16.175+0200][10.224s] GC(247) Concurrent Cleanup for Next Mark
[2025-06-28T00:21:16.175+0200][10.224s] GC(247) Concurrent Cleanup for Next Mark 0.117ms
[2025-06-28T00:21:16.175+0200][10.224s] GC(247) Concurrent Mark Cycle 54.221ms
[2025-06-28T00:21:16.180+0200][10.228s] GC(248) Pause Young (Normal) (G1 Evacuation Pause)
[2025-06-28T00:21:16.180+0200][10.228s] GC(248) Using 2 workers of 10 for evacuation
[2025-06-28T00:21:16.183+0200][10.231s] GC(248)   Pre Evacuate Collection Set: 0.1ms
[2025-06-28T00:21:16.183+0200][10.231s] GC(248)   Merge Heap Roots: 0.1ms
[2025-06-28T00:21:16.183+0200][10.231s] GC(248)   Evacuate Collection Set: 2.2ms
[2025-06-28T00:21:16.183+0200][10.231s] GC(248)   Post Evacuate Collection Set: 0.4ms
[2025-06-28T00:21:16.183+0200][10.232s] GC(248)   Other: 0.1ms
[2025-06-28T00:21:16.183+0200][10.232s] GC(248) Eden regions: 1->0(1)
[2025-06-28T00:21:16.183+0200][10.232s] GC(248) Survivor regions: 1->1(1)
[2025-06-28T00:21:16.183+0200][10.232s] GC(248) Old regions: 17->17
[2025-06-28T00:21:16.183+0200][10.232s] GC(248) Humongous regions: 0->0
[2025-06-28T00:21:16.183+0200][10.232s] GC(248) Metaspace: 44763K(45312K)->44763K(45312K) NonClass: 38962K(39232K)->38962K(39232K) Class: 5800K(6080K)->5800K(6080K)
[2025-06-28T00:21:16.183+0200][10.232s] GC(248) Pause Young (Normal) (G1 Evacuation Pause) 18M->17M(22M) 3.378ms
[2025-06-28T00:21:16.183+0200][10.232s] GC(248) User=0.02s Sys=0.02s Real=0.00s
[2025-06-28T00:21:16.205+0200][10.253s] GC(249) Pause Young (Concurrent Start) (G1 Evacuation Pause)
[2025-06-28T00:21:16.206+0200][10.253s] GC(249) Using 2 workers of 10 for evacuation
[2025-06-28T00:21:16.209+0200][10.257s] GC(249)   Pre Evacuate Collection Set: 0.2ms
[2025-06-28T00:21:16.209+0200][10.257s] GC(249)   Merge Heap Roots: 0.1ms
[2025-06-28T00:21:16.209+0200][10.257s] GC(249)   Evacuate Collection Set: 2.6ms
[2025-06-28T00:21:16.209+0200][10.257s] GC(249)   Post Evacuate Collection Set: 0.5ms
[2025-06-28T00:21:16.209+0200][10.257s] GC(249)   Other: 0.1ms
[2025-06-28T00:21:16.209+0200][10.257s] GC(249) Eden regions: 1->0(1)
[2025-06-28T00:21:16.209+0200][10.257s] GC(249) Survivor regions: 1->1(1)
[2025-06-28T00:21:16.209+0200][10.257s] GC(249) Old regions: 17->17
[2025-06-28T00:21:16.209+0200][10.257s] GC(249) Humongous regions: 0->0
[2025-06-28T00:21:16.209+0200][10.257s] GC(249) Metaspace: 45027K(45568K)->45027K(45568K) NonClass: 39210K(39488K)->39210K(39488K) Class: 5817K(6080K)->5817K(6080K)
[2025-06-28T00:21:16.209+0200][10.257s] GC(249) Pause Young (Concurrent Start) (G1 Evacuation Pause) 18M->17M(22M) 3.873ms
[2025-06-28T00:21:16.209+0200][10.257s] GC(249) User=0.00s Sys=0.00s Real=0.00s
[2025-06-28T00:21:16.209+0200][10.257s] GC(250) Concurrent Mark Cycle
[2025-06-28T00:21:16.209+0200][10.257s] GC(250) Concurrent Scan Root Regions
[2025-06-28T00:21:16.211+0200][10.258s] GC(250) Concurrent Scan Root Regions 1.046ms
[2025-06-28T00:21:16.211+0200][10.258s] GC(250) Concurrent Mark
[2025-06-28T00:21:16.211+0200][10.258s] GC(250) Concurrent Mark From Roots
[2025-06-28T00:21:16.211+0200][10.258s] GC(250) Using 3 workers of 3 for marking
[2025-06-28T00:21:16.224+0200][10.273s] GC(251) Pause Young (Normal) (G1 Evacuation Pause)
[2025-06-28T00:21:16.225+0200][10.273s] GC(251) Using 2 workers of 10 for evacuation
[2025-06-28T00:21:16.228+0200][10.276s] GC(251)   Pre Evacuate Collection Set: 0.1ms
[2025-06-28T00:21:16.228+0200][10.277s] GC(251)   Merge Heap Roots: 0.1ms
[2025-06-28T00:21:16.228+0200][10.277s] GC(251)   Evacuate Collection Set: 2.3ms
[2025-06-28T00:21:16.228+0200][10.277s] GC(251)   Post Evacuate Collection Set: 0.7ms
[2025-06-28T00:21:16.228+0200][10.277s] GC(251)   Other: 0.1ms
[2025-06-28T00:21:16.228+0200][10.277s] GC(251) Eden regions: 1->0(1)
[2025-06-28T00:21:16.228+0200][10.277s] GC(251) Survivor regions: 1->1(1)
[2025-06-28T00:21:16.228+0200][10.277s] GC(251) Old regions: 17->17
[2025-06-28T00:21:16.228+0200][10.277s] GC(251) Humongous regions: 0->0
[2025-06-28T00:21:16.228+0200][10.277s] GC(251) Metaspace: 45090K(45568K)->45090K(45568K) NonClass: 39265K(39488K)->39265K(39488K) Class: 5824K(6080K)->5824K(6080K)
[2025-06-28T00:21:16.228+0200][10.277s] GC(251) Pause Young (Normal) (G1 Evacuation Pause) 18M->17M(22M) 3.829ms
[2025-06-28T00:21:16.228+0200][10.277s] GC(251) User=0.00s Sys=0.00s Real=0.00s
[2025-06-28T00:21:16.230+0200][10.278s] GC(250) Concurrent Mark From Roots 20.053ms
[2025-06-28T00:21:16.230+0200][10.278s] GC(250) Concurrent Preclean
[2025-06-28T00:21:16.230+0200][10.279s] GC(250) Concurrent Preclean 0.271ms
[2025-06-28T00:21:16.231+0200][10.279s] GC(250) Pause Remark
[2025-06-28T00:21:16.241+0200][10.290s] GC(250) Pause Remark 17M->17M(22M) 10.511ms
[2025-06-28T00:21:16.241+0200][10.290s] GC(250) User=0.00s Sys=0.00s Real=0.01s
[2025-06-28T00:21:16.241+0200][10.290s] GC(250) Concurrent Mark 31.588ms
[2025-06-28T00:21:16.241+0200][10.290s] GC(250) Concurrent Rebuild Remembered Sets and Scrub Regions
[2025-06-28T00:21:16.249+0200][10.297s] GC(250) Concurrent Rebuild Remembered Sets and Scrub Regions 7.459ms
[2025-06-28T00:21:16.249+0200][10.297s] GC(250) Pause Cleanup
[2025-06-28T00:21:16.249+0200][10.298s] GC(250) Pause Cleanup 17M->17M(22M) 0.177ms
[2025-06-28T00:21:16.249+0200][10.298s] GC(250) User=0.00s Sys=0.00s Real=0.00s
[2025-06-28T00:21:16.249+0200][10.298s] GC(250) Concurrent Clear Claimed Marks
[2025-06-28T00:21:16.249+0200][10.298s] GC(250) Concurrent Clear Claimed Marks 0.109ms
[2025-06-28T00:21:16.249+0200][10.298s] GC(250) Concurrent Cleanup for Next Mark
[2025-06-28T00:21:16.250+0200][10.298s] GC(250) Concurrent Cleanup for Next Mark 0.155ms
[2025-06-28T00:21:16.250+0200][10.298s] GC(250) Concurrent Mark Cycle 41.196ms
[2025-06-28T00:21:16.259+0200][10.307s] GC(252) Pause Young (Normal) (G1 Evacuation Pause)
[2025-06-28T00:21:16.259+0200][10.307s] GC(252) Using 2 workers of 10 for evacuation
[2025-06-28T00:21:16.262+0200][10.310s] GC(252)   Pre Evacuate Collection Set: 0.2ms
[2025-06-28T00:21:16.262+0200][10.310s] GC(252)   Merge Heap Roots: 0.1ms
[2025-06-28T00:21:16.262+0200][10.310s] GC(252)   Evacuate Collection Set: 2.0ms
[2025-06-28T00:21:16.262+0200][10.310s] GC(252)   Post Evacuate Collection Set: 0.5ms
[2025-06-28T00:21:16.262+0200][10.310s] GC(252)   Other: 0.1ms
[2025-06-28T00:21:16.262+0200][10.310s] GC(252) Eden regions: 1->0(1)
[2025-06-28T00:21:16.262+0200][10.310s] GC(252) Survivor regions: 1->1(1)
[2025-06-28T00:21:16.262+0200][10.310s] GC(252) Old regions: 17->17
[2025-06-28T00:21:16.262+0200][10.310s] GC(252) Humongous regions: 0->0
[2025-06-28T00:21:16.262+0200][10.310s] GC(252) Metaspace: 45180K(45696K)->45180K(45696K) NonClass: 39337K(39616K)->39337K(39616K) Class: 5842K(6080K)->5842K(6080K)
[2025-06-28T00:21:16.262+0200][10.310s] GC(252) Pause Young (Normal) (G1 Evacuation Pause) 18M->17M(22M) 3.312ms
[2025-06-28T00:21:16.262+0200][10.311s] GC(252) User=0.03s Sys=0.00s Real=0.00s
[2025-06-28T00:21:16.282+0200][10.331s] GC(253) Pause Young (Concurrent Start) (G1 Evacuation Pause)
[2025-06-28T00:21:16.282+0200][10.331s] GC(253) Using 2 workers of 10 for evacuation
[2025-06-28T00:21:16.286+0200][10.334s] GC(253)   Pre Evacuate Collection Set: 0.2ms
[2025-06-28T00:21:16.286+0200][10.334s] GC(253)   Merge Heap Roots: 0.1ms
[2025-06-28T00:21:16.286+0200][10.334s] GC(253)   Evacuate Collection Set: 2.3ms
[2025-06-28T00:21:16.286+0200][10.334s] GC(253)   Post Evacuate Collection Set: 0.9ms
[2025-06-28T00:21:16.286+0200][10.334s] GC(253)   Other: 0.2ms
[2025-06-28T00:21:16.286+0200][10.334s] GC(253) Eden regions: 1->0(1)
[2025-06-28T00:21:16.286+0200][10.334s] GC(253) Survivor regions: 1->1(1)
[2025-06-28T00:21:16.286+0200][10.334s] GC(253) Old regions: 17->17
[2025-06-28T00:21:16.286+0200][10.334s] GC(253) Humongous regions: 0->0
[2025-06-28T00:21:16.286+0200][10.334s] GC(253) Metaspace: 45343K(45888K)->45343K(45888K) NonClass: 39481K(39808K)->39481K(39808K) Class: 5861K(6080K)->5861K(6080K)
[2025-06-28T00:21:16.286+0200][10.335s] GC(253) Pause Young (Concurrent Start) (G1 Evacuation Pause) 18M->17M(22M) 4.028ms
[2025-06-28T00:21:16.286+0200][10.335s] GC(253) User=0.00s Sys=0.00s Real=0.00s
[2025-06-28T00:21:16.286+0200][10.335s] GC(254) Concurrent Mark Cycle
[2025-06-28T00:21:16.286+0200][10.335s] GC(254) Concurrent Scan Root Regions
[2025-06-28T00:21:16.288+0200][10.336s] GC(254) Concurrent Scan Root Regions 1.280ms
[2025-06-28T00:21:16.288+0200][10.336s] GC(254) Concurrent Mark
[2025-06-28T00:21:16.288+0200][10.336s] GC(254) Concurrent Mark From Roots
[2025-06-28T00:21:16.288+0200][10.336s] GC(254) Using 3 workers of 3 for marking
[2025-06-28T00:21:16.298+0200][10.347s] GC(255) Pause Young (Normal) (G1 Evacuation Pause)
[2025-06-28T00:21:16.298+0200][10.347s] GC(255) Using 2 workers of 10 for evacuation
[2025-06-28T00:21:16.302+0200][10.350s] GC(255)   Pre Evacuate Collection Set: 0.1ms
[2025-06-28T00:21:16.302+0200][10.350s] GC(255)   Merge Heap Roots: 0.2ms
[2025-06-28T00:21:16.302+0200][10.351s] GC(255)   Evacuate Collection Set: 2.3ms
[2025-06-28T00:21:16.302+0200][10.351s] GC(255)   Post Evacuate Collection Set: 1.0ms
[2025-06-28T00:21:16.302+0200][10.351s] GC(255)   Other: 0.1ms
[2025-06-28T00:21:16.302+0200][10.351s] GC(255) Eden regions: 1->0(1)
[2025-06-28T00:21:16.302+0200][10.351s] GC(255) Survivor regions: 1->1(1)
[2025-06-28T00:21:16.302+0200][10.351s] GC(255) Old regions: 17->17
[2025-06-28T00:21:16.302+0200][10.351s] GC(255) Humongous regions: 0->0
[2025-06-28T00:21:16.302+0200][10.351s] GC(255) Metaspace: 45422K(46016K)->45422K(46016K) NonClass: 39549K(39872K)->39549K(39872K) Class: 5873K(6144K)->5873K(6144K)
[2025-06-28T00:21:16.302+0200][10.351s] GC(255) Pause Young (Normal) (G1 Evacuation Pause) 18M->17M(22M) 4.103ms
[2025-06-28T00:21:16.302+0200][10.351s] GC(255) User=0.00s Sys=0.00s Real=0.00s
[2025-06-28T00:21:16.309+0200][10.358s] GC(254) Concurrent Mark From Roots 21.519ms
[2025-06-28T00:21:16.309+0200][10.358s] GC(254) Concurrent Preclean
[2025-06-28T00:21:16.310+0200][10.358s] GC(254) Concurrent Preclean 0.259ms
[2025-06-28T00:21:16.310+0200][10.358s] GC(254) Pause Remark
[2025-06-28T00:21:16.317+0200][10.365s] GC(254) Pause Remark 17M->17M(22M) 6.627ms
[2025-06-28T00:21:16.317+0200][10.365s] GC(254) User=0.00s Sys=0.00s Real=0.01s
[2025-06-28T00:21:16.317+0200][10.365s] GC(254) Concurrent Mark 28.809ms
[2025-06-28T00:21:16.317+0200][10.365s] GC(254) Concurrent Rebuild Remembered Sets and Scrub Regions
[2025-06-28T00:21:16.323+0200][10.372s] GC(254) Concurrent Rebuild Remembered Sets and Scrub Regions 6.577ms
[2025-06-28T00:21:16.325+0200][10.373s] GC(254) Pause Cleanup
[2025-06-28T00:21:16.325+0200][10.373s] GC(254) Pause Cleanup 18M->18M(22M) 0.233ms
[2025-06-28T00:21:16.325+0200][10.373s] GC(254) User=0.00s Sys=0.00s Real=0.00s
[2025-06-28T00:21:16.325+0200][10.373s] GC(254) Concurrent Clear Claimed Marks
[2025-06-28T00:21:16.325+0200][10.373s] GC(254) Concurrent Clear Claimed Marks 0.134ms
[2025-06-28T00:21:16.325+0200][10.373s] GC(254) Concurrent Cleanup for Next Mark
[2025-06-28T00:21:16.325+0200][10.374s] GC(254) Concurrent Cleanup for Next Mark 0.147ms
[2025-06-28T00:21:16.326+0200][10.374s] GC(254) Concurrent Mark Cycle 39.009ms
[2025-06-28T00:21:16.327+0200][10.375s] GC(256) Pause Young (Normal) (G1 Evacuation Pause)
[2025-06-28T00:21:16.327+0200][10.375s] GC(256) Using 2 workers of 10 for evacuation
[2025-06-28T00:21:16.330+0200][10.378s] GC(256)   Pre Evacuate Collection Set: 0.1ms
[2025-06-28T00:21:16.330+0200][10.378s] GC(256)   Merge Heap Roots: 0.1ms
[2025-06-28T00:21:16.330+0200][10.378s] GC(256)   Evacuate Collection Set: 1.9ms
[2025-06-28T00:21:16.330+0200][10.378s] GC(256)   Post Evacuate Collection Set: 0.5ms
[2025-06-28T00:21:16.330+0200][10.378s] GC(256)   Other: 0.1ms
[2025-06-28T00:21:16.330+0200][10.378s] GC(256) Eden regions: 1->0(1)
[2025-06-28T00:21:16.330+0200][10.378s] GC(256) Survivor regions: 1->1(1)
[2025-06-28T00:21:16.330+0200][10.378s] GC(256) Old regions: 17->17
[2025-06-28T00:21:16.330+0200][10.378s] GC(256) Humongous regions: 0->0
[2025-06-28T00:21:16.330+0200][10.378s] GC(256) Metaspace: 45549K(46080K)->45549K(46080K) NonClass: 39665K(39936K)->39665K(39936K) Class: 5883K(6144K)->5883K(6144K)
[2025-06-28T00:21:16.330+0200][10.378s] GC(256) Pause Young (Normal) (G1 Evacuation Pause) 18M->17M(22M) 3.112ms
[2025-06-28T00:21:16.330+0200][10.378s] GC(256) User=0.00s Sys=0.00s Real=0.00s
[2025-06-28T00:21:16.341+0200][10.390s] GC(257) Pause Young (Concurrent Start) (G1 Evacuation Pause)
[2025-06-28T00:21:16.341+0200][10.390s] GC(257) Using 2 workers of 10 for evacuation
[2025-06-28T00:21:16.344+0200][10.392s] GC(257)   Pre Evacuate Collection Set: 0.2ms
[2025-06-28T00:21:16.344+0200][10.393s] GC(257)   Merge Heap Roots: 0.1ms
[2025-06-28T00:21:16.344+0200][10.393s] GC(257)   Evacuate Collection Set: 1.8ms
[2025-06-28T00:21:16.344+0200][10.393s] GC(257)   Post Evacuate Collection Set: 0.5ms
[2025-06-28T00:21:16.344+0200][10.393s] GC(257)   Other: 0.2ms
[2025-06-28T00:21:16.344+0200][10.393s] GC(257) Eden regions: 1->0(0)
[2025-06-28T00:21:16.344+0200][10.393s] GC(257) Survivor regions: 1->1(1)
[2025-06-28T00:21:16.344+0200][10.393s] GC(257) Old regions: 17->18
[2025-06-28T00:21:16.344+0200][10.393s] GC(257) Humongous regions: 0->0
[2025-06-28T00:21:16.344+0200][10.393s] GC(257) Metaspace: 45601K(46144K)->45601K(46144K) NonClass: 39710K(40000K)->39710K(40000K) Class: 5890K(6144K)->5890K(6144K)
[2025-06-28T00:21:16.344+0200][10.393s] GC(257) Pause Young (Concurrent Start) (G1 Evacuation Pause) 18M->17M(22M) 3.141ms
[2025-06-28T00:21:16.344+0200][10.393s] GC(257) User=0.00s Sys=0.00s Real=0.00s
[2025-06-28T00:21:16.344+0200][10.393s] GC(258) Concurrent Mark Cycle
[2025-06-28T00:21:16.344+0200][10.393s] Attempting full compaction
[2025-06-28T00:21:16.345+0200][10.393s] GC(258) Concurrent Scan Root Regions
[2025-06-28T00:21:16.345+0200][10.393s] GC(259) Pause Full (G1 Compaction Pause)
[2025-06-28T00:21:16.345+0200][10.393s] GC(259) Using 2 workers of 10 for full compaction
[2025-06-28T00:21:16.345+0200][10.394s] GC(258) Concurrent Scan Root Regions 1.017ms
[2025-06-28T00:21:16.345+0200][10.394s] GC(258) Concurrent Mark
[2025-06-28T00:21:16.345+0200][10.394s] GC(258) Concurrent Mark From Roots
[2025-06-28T00:21:16.345+0200][10.394s] GC(258) Using 3 workers of 3 for marking
[2025-06-28T00:21:16.345+0200][10.394s] GC(259) Phase 1: Mark live objects
[2025-06-28T00:21:16.372+0200][10.420s] GC(259) Phase 1: Mark live objects 25.711ms
[2025-06-28T00:21:16.372+0200][10.420s] GC(259) Phase 2: Prepare compaction
[2025-06-28T00:21:16.374+0200][10.422s] GC(259) Phase 2: Prepare compaction 2.055ms
[2025-06-28T00:21:16.374+0200][10.422s] GC(259) Phase 3: Adjust pointers
[2025-06-28T00:21:16.388+0200][10.436s] GC(259) Phase 3: Adjust pointers 13.694ms
[2025-06-28T00:21:16.388+0200][10.436s] GC(259) Phase 4: Compact heap
[2025-06-28T00:21:16.391+0200][10.439s] GC(259) Phase 4: Compact heap 2.949ms
[2025-06-28T00:21:16.391+0200][10.439s] GC(259) Phase 5: Reset Metadata
[2025-06-28T00:21:16.394+0200][10.442s] GC(259) Phase 5: Reset Metadata 3.024ms
[2025-06-28T00:21:16.399+0200][10.447s] GC(259) Eden regions: 0->0(2)
[2025-06-28T00:21:16.399+0200][10.447s] GC(259) Survivor regions: 1->0(1)
[2025-06-28T00:21:16.399+0200][10.447s] GC(259) Old regions: 18->18
[2025-06-28T00:21:16.399+0200][10.447s] GC(259) Humongous regions: 0->0
[2025-06-28T00:21:16.399+0200][10.447s] GC(259) Metaspace: 45601K(46144K)->45601K(46144K) NonClass: 39710K(40000K)->39710K(40000K) Class: 5890K(6144K)->5890K(6144K)
[2025-06-28T00:21:16.399+0200][10.447s] GC(259) Pause Full (G1 Compaction Pause) 17M->16M(22M) 54.303ms
[2025-06-28T00:21:16.399+0200][10.447s] GC(259) User=0.08s Sys=0.02s Real=0.05s
[2025-06-28T00:21:16.399+0200][10.448s] GC(258) Concurrent Mark From Roots 53.367ms
[2025-06-28T00:21:16.400+0200][10.448s] GC(258) Concurrent Mark Abort
[2025-06-28T00:21:16.400+0200][10.448s] GC(258) Concurrent Mark Cycle 54.747ms
[2025-06-28T00:21:16.421+0200][10.469s] GC(260) Pause Young (Normal) (G1 Evacuation Pause)
[2025-06-28T00:21:16.421+0200][10.469s] GC(260) Using 2 workers of 10 for evacuation
[2025-06-28T00:21:16.424+0200][10.472s] GC(260)   Pre Evacuate Collection Set: 0.1ms
[2025-06-28T00:21:16.424+0200][10.472s] GC(260)   Merge Heap Roots: 0.1ms
[2025-06-28T00:21:16.424+0200][10.472s] GC(260)   Evacuate Collection Set: 0.8ms
[2025-06-28T00:21:16.424+0200][10.472s] GC(260)   Post Evacuate Collection Set: 1.7ms
[2025-06-28T00:21:16.424+0200][10.472s] GC(260)   Other: 0.1ms
[2025-06-28T00:21:16.424+0200][10.472s] GC(260) Eden regions: 2->0(0)
[2025-06-28T00:21:16.424+0200][10.472s] GC(260) Survivor regions: 0->1(1)
[2025-06-28T00:21:16.424+0200][10.472s] GC(260) Old regions: 18->18
[2025-06-28T00:21:16.424+0200][10.472s] GC(260) Humongous regions: 0->0
[2025-06-28T00:21:16.424+0200][10.472s] GC(260) Metaspace: 45695K(46208K)->45695K(46208K) NonClass: 39789K(40064K)->39789K(40064K) Class: 5906K(6144K)->5906K(6144K)
[2025-06-28T00:21:16.424+0200][10.472s] GC(260) Pause Young (Normal) (G1 Evacuation Pause) 18M->16M(22M) 3.339ms
[2025-06-28T00:21:16.424+0200][10.472s] GC(260) User=0.00s Sys=0.00s Real=0.00s
[2025-06-28T00:21:16.424+0200][10.472s] Attempting full compaction
[2025-06-28T00:21:16.424+0200][10.472s] GC(261) Pause Full (G1 Compaction Pause)
[2025-06-28T00:21:16.424+0200][10.472s] GC(261) Using 2 workers of 10 for full compaction
[2025-06-28T00:21:16.424+0200][10.472s] GC(261) Phase 1: Mark live objects
[2025-06-28T00:21:16.451+0200][10.499s] GC(261) Phase 1: Mark live objects 27.063ms
[2025-06-28T00:21:16.451+0200][10.499s] GC(261) Phase 2: Prepare compaction
[2025-06-28T00:21:16.452+0200][10.500s] GC(261) Phase 2: Prepare compaction 0.368ms
[2025-06-28T00:21:16.452+0200][10.500s] GC(261) Phase 3: Adjust pointers
[2025-06-28T00:21:16.461+0200][10.509s] GC(261) Phase 3: Adjust pointers 9.430ms
[2025-06-28T00:21:16.461+0200][10.509s] GC(261) Phase 4: Compact heap
[2025-06-28T00:21:16.462+0200][10.510s] GC(261) Phase 4: Compact heap 0.348ms
[2025-06-28T00:21:16.462+0200][10.510s] GC(261) Phase 5: Reset Metadata
[2025-06-28T00:21:16.466+0200][10.514s] GC(261) Phase 5: Reset Metadata 4.065ms
[2025-06-28T00:21:16.470+0200][10.519s] GC(261) Eden regions: 0->0(2)
[2025-06-28T00:21:16.470+0200][10.519s] GC(261) Survivor regions: 1->0(1)
[2025-06-28T00:21:16.471+0200][10.519s] GC(261) Old regions: 18->18
[2025-06-28T00:21:16.471+0200][10.519s] GC(261) Humongous regions: 0->0
[2025-06-28T00:21:16.471+0200][10.519s] GC(261) Metaspace: 45695K(46208K)->45695K(46208K) NonClass: 39789K(40064K)->39789K(40064K) Class: 5906K(6144K)->5906K(6144K)
[2025-06-28T00:21:16.471+0200][10.519s] GC(261) Pause Full (G1 Compaction Pause) 16M->16M(22M) 46.685ms
[2025-06-28T00:21:16.471+0200][10.519s] GC(261) User=0.09s Sys=0.00s Real=0.05s
[2025-06-28T00:21:16.522+0200][10.571s] GC(262) Pause Young (Concurrent Start) (G1 Evacuation Pause)
[2025-06-28T00:21:16.522+0200][10.571s] GC(262) Using 2 workers of 10 for evacuation
[2025-06-28T00:21:16.524+0200][10.573s] GC(262)   Pre Evacuate Collection Set: 0.2ms
[2025-06-28T00:21:16.524+0200][10.573s] GC(262)   Merge Heap Roots: 0.1ms
[2025-06-28T00:21:16.524+0200][10.573s] GC(262)   Evacuate Collection Set: 1.1ms
[2025-06-28T00:21:16.524+0200][10.573s] GC(262)   Post Evacuate Collection Set: 0.5ms
[2025-06-28T00:21:16.524+0200][10.573s] GC(262)   Other: 0.1ms
[2025-06-28T00:21:16.524+0200][10.573s] GC(262) Eden regions: 2->0(0)
[2025-06-28T00:21:16.524+0200][10.573s] GC(262) Survivor regions: 0->1(1)
[2025-06-28T00:21:16.524+0200][10.573s] GC(262) Old regions: 18->18
[2025-06-28T00:21:16.524+0200][10.573s] GC(262) Humongous regions: 0->0
[2025-06-28T00:21:16.524+0200][10.573s] GC(262) Metaspace: 46075K(46656K)->46075K(46656K) NonClass: 40139K(40448K)->40139K(40448K) Class: 5935K(6208K)->5935K(6208K)
[2025-06-28T00:21:16.525+0200][10.573s] GC(262) Pause Young (Concurrent Start) (G1 Evacuation Pause) 18M->16M(22M) 2.395ms
[2025-06-28T00:21:16.525+0200][10.573s] GC(263) Concurrent Mark Cycle
[2025-06-28T00:21:16.525+0200][10.573s] GC(262) User=0.00s Sys=0.00s Real=0.00s
[2025-06-28T00:21:16.525+0200][10.573s] GC(263) Concurrent Scan Root Regions
[2025-06-28T00:21:16.525+0200][10.573s] Attempting full compaction
[2025-06-28T00:21:16.525+0200][10.573s] GC(264) Pause Full (G1 Compaction Pause)
[2025-06-28T00:21:16.525+0200][10.573s] GC(264) Using 2 workers of 10 for full compaction
[2025-06-28T00:21:16.526+0200][10.574s] GC(263) Concurrent Scan Root Regions 0.916ms
[2025-06-28T00:21:16.526+0200][10.574s] GC(263) Concurrent Mark
[2025-06-28T00:21:16.526+0200][10.574s] GC(263) Concurrent Mark From Roots
[2025-06-28T00:21:16.526+0200][10.574s] GC(263) Using 3 workers of 3 for marking
[2025-06-28T00:21:16.526+0200][10.574s] GC(264) Phase 1: Mark live objects
[2025-06-28T00:21:16.549+0200][10.597s] GC(264) Phase 1: Mark live objects 23.312ms
[2025-06-28T00:21:16.549+0200][10.597s] GC(264) Phase 2: Prepare compaction
[2025-06-28T00:21:16.550+0200][10.598s] GC(264) Phase 2: Prepare compaction 0.423ms
[2025-06-28T00:21:16.550+0200][10.598s] GC(264) Phase 3: Adjust pointers
[2025-06-28T00:21:16.561+0200][10.609s] GC(264) Phase 3: Adjust pointers 10.694ms
[2025-06-28T00:21:16.561+0200][10.609s] GC(264) Phase 4: Compact heap
[2025-06-28T00:21:16.561+0200][10.609s] GC(264) Phase 4: Compact heap 0.373ms
[2025-06-28T00:21:16.561+0200][10.609s] GC(264) Phase 5: Reset Metadata
[2025-06-28T00:21:16.565+0200][10.613s] GC(264) Phase 5: Reset Metadata 4.015ms
[2025-06-28T00:21:16.570+0200][10.617s] GC(264) Eden regions: 0->0(2)
[2025-06-28T00:21:16.570+0200][10.618s] GC(264) Survivor regions: 1->0(1)
[2025-06-28T00:21:16.570+0200][10.618s] GC(264) Old regions: 18->18
[2025-06-28T00:21:16.570+0200][10.618s] GC(264) Humongous regions: 0->0
[2025-06-28T00:21:16.570+0200][10.618s] GC(264) Metaspace: 46075K(46656K)->46075K(46656K) NonClass: 40139K(40448K)->40139K(40448K) Class: 5935K(6208K)->5935K(6208K)
[2025-06-28T00:21:16.570+0200][10.618s] GC(264) Pause Full (G1 Compaction Pause) 16M->16M(22M) 44.508ms
[2025-06-28T00:21:16.570+0200][10.618s] GC(264) User=0.06s Sys=0.00s Real=0.04s
[2025-06-28T00:21:16.570+0200][10.618s] GC(263) Concurrent Mark From Roots 43.801ms
[2025-06-28T00:21:16.570+0200][10.618s] GC(263) Concurrent Mark Abort
[2025-06-28T00:21:16.570+0200][10.618s] GC(263) Concurrent Mark Cycle 44.936ms
[2025-06-28T00:21:16.600+0200][10.648s] GC(265) Pause Young (Normal) (G1 Evacuation Pause)
[2025-06-28T00:21:16.600+0200][10.648s] GC(265) Using 2 workers of 10 for evacuation
[2025-06-28T00:21:16.601+0200][10.650s] GC(265)   Pre Evacuate Collection Set: 0.1ms
[2025-06-28T00:21:16.601+0200][10.650s] GC(265)   Merge Heap Roots: 0.0ms
[2025-06-28T00:21:16.601+0200][10.650s] GC(265)   Evacuate Collection Set: 0.8ms
[2025-06-28T00:21:16.601+0200][10.650s] GC(265)   Post Evacuate Collection Set: 0.4ms
[2025-06-28T00:21:16.601+0200][10.650s] GC(265)   Other: 0.1ms
[2025-06-28T00:21:16.601+0200][10.650s] GC(265) Eden regions: 2->0(0)
[2025-06-28T00:21:16.601+0200][10.650s] GC(265) Survivor regions: 0->1(1)
[2025-06-28T00:21:16.601+0200][10.650s] GC(265) Old regions: 18->18
[2025-06-28T00:21:16.601+0200][10.650s] GC(265) Humongous regions: 0->0
[2025-06-28T00:21:16.601+0200][10.650s] GC(265) Metaspace: 46340K(46848K)->46340K(46848K) NonClass: 40375K(40640K)->40375K(40640K) Class: 5965K(6208K)->5965K(6208K)
[2025-06-28T00:21:16.601+0200][10.650s] GC(265) Pause Young (Normal) (G1 Evacuation Pause) 18M->16M(22M) 1.789ms
[2025-06-28T00:21:16.601+0200][10.650s] GC(265) User=0.00s Sys=0.00s Real=0.00s
[2025-06-28T00:21:16.601+0200][10.650s] Attempting full compaction
[2025-06-28T00:21:16.601+0200][10.650s] GC(266) Pause Full (G1 Compaction Pause)
[2025-06-28T00:21:16.602+0200][10.650s] GC(266) Using 2 workers of 10 for full compaction
[2025-06-28T00:21:16.602+0200][10.650s] GC(266) Phase 1: Mark live objects
[2025-06-28T00:21:16.626+0200][10.674s] GC(266) Phase 1: Mark live objects 23.638ms
[2025-06-28T00:21:16.626+0200][10.674s] GC(266) Phase 2: Prepare compaction
[2025-06-28T00:21:16.627+0200][10.674s] GC(266) Phase 2: Prepare compaction 0.480ms
[2025-06-28T00:21:16.627+0200][10.674s] GC(266) Phase 3: Adjust pointers
[2025-06-28T00:21:16.636+0200][10.684s] GC(266) Phase 3: Adjust pointers 9.121ms
[2025-06-28T00:21:16.636+0200][10.684s] GC(266) Phase 4: Compact heap
[2025-06-28T00:21:16.636+0200][10.684s] GC(266) Phase 4: Compact heap 0.447ms
[2025-06-28T00:21:16.636+0200][10.684s] GC(266) Phase 5: Reset Metadata
[2025-06-28T00:21:16.640+0200][10.688s] GC(266) Phase 5: Reset Metadata 3.398ms
[2025-06-28T00:21:16.643+0200][10.691s] GC(266) Eden regions: 0->0(2)
[2025-06-28T00:21:16.643+0200][10.691s] GC(266) Survivor regions: 1->0(1)
[2025-06-28T00:21:16.643+0200][10.691s] GC(266) Old regions: 18->18
[2025-06-28T00:21:16.643+0200][10.691s] GC(266) Humongous regions: 0->0
[2025-06-28T00:21:16.643+0200][10.691s] GC(266) Metaspace: 46340K(46848K)->46340K(46848K) NonClass: 40375K(40640K)->40375K(40640K) Class: 5965K(6208K)->5965K(6208K)
[2025-06-28T00:21:16.643+0200][10.691s] GC(266) Pause Full (G1 Compaction Pause) 16M->16M(22M) 41.425ms
[2025-06-28T00:21:16.643+0200][10.691s] GC(266) User=0.09s Sys=0.00s Real=0.04s
[2025-06-28T00:21:16.684+0200][10.732s] GC(267) Pause Young (Concurrent Start) (G1 Evacuation Pause)
[2025-06-28T00:21:16.684+0200][10.732s] GC(267) Using 2 workers of 10 for evacuation
[2025-06-28T00:21:16.685+0200][10.734s] GC(267)   Pre Evacuate Collection Set: 0.2ms
[2025-06-28T00:21:16.686+0200][10.734s] GC(267)   Merge Heap Roots: 0.1ms
[2025-06-28T00:21:16.686+0200][10.734s] GC(267)   Evacuate Collection Set: 0.9ms
[2025-06-28T00:21:16.686+0200][10.734s] GC(267)   Post Evacuate Collection Set: 0.5ms
[2025-06-28T00:21:16.686+0200][10.734s] GC(267)   Other: 0.1ms
[2025-06-28T00:21:16.686+0200][10.734s] GC(267) Eden regions: 2->0(0)
[2025-06-28T00:21:16.686+0200][10.734s] GC(267) Survivor regions: 0->1(1)
[2025-06-28T00:21:16.686+0200][10.734s] GC(267) Old regions: 18->18
[2025-06-28T00:21:16.686+0200][10.734s] GC(267) Humongous regions: 0->0
[2025-06-28T00:21:16.686+0200][10.734s] GC(267) Metaspace: 46680K(47232K)->46680K(47232K) NonClass: 40658K(40960K)->40658K(40960K) Class: 6022K(6272K)->6022K(6272K)
[2025-06-28T00:21:16.686+0200][10.734s] GC(267) Pause Young (Concurrent Start) (G1 Evacuation Pause) 18M->16M(22M) 2.066ms
[2025-06-28T00:21:16.686+0200][10.734s] GC(267) User=0.00s Sys=0.00s Real=0.00s
[2025-06-28T00:21:16.686+0200][10.734s] Attempting full compaction
[2025-06-28T00:21:16.686+0200][10.734s] GC(268) Concurrent Mark Cycle
[2025-06-28T00:21:16.686+0200][10.734s] GC(269) Pause Full (G1 Compaction Pause)
[2025-06-28T00:21:16.686+0200][10.734s] GC(268) Concurrent Scan Root Regions
[2025-06-28T00:21:16.686+0200][10.734s] GC(269) Using 2 workers of 10 for full compaction
[2025-06-28T00:21:16.687+0200][10.735s] GC(268) Concurrent Scan Root Regions 0.923ms
[2025-06-28T00:21:16.687+0200][10.735s] GC(268) Concurrent Mark
[2025-06-28T00:21:16.687+0200][10.735s] GC(268) Concurrent Mark From Roots
[2025-06-28T00:21:16.687+0200][10.735s] GC(268) Using 3 workers of 3 for marking
[2025-06-28T00:21:16.687+0200][10.735s] GC(269) Phase 1: Mark live objects
[2025-06-28T00:21:16.713+0200][10.762s] GC(269) Phase 1: Mark live objects 26.451ms
[2025-06-28T00:21:16.714+0200][10.762s] GC(269) Phase 2: Prepare compaction
[2025-06-28T00:21:16.714+0200][10.762s] GC(269) Phase 2: Prepare compaction 0.504ms
[2025-06-28T00:21:16.714+0200][10.762s] GC(269) Phase 3: Adjust pointers
[2025-06-28T00:21:16.725+0200][10.773s] GC(269) Phase 3: Adjust pointers 10.632ms
[2025-06-28T00:21:16.725+0200][10.773s] GC(269) Phase 4: Compact heap
[2025-06-28T00:21:16.726+0200][10.773s] GC(269) Phase 4: Compact heap 0.515ms
[2025-06-28T00:21:16.726+0200][10.774s] GC(269) Phase 5: Reset Metadata
[2025-06-28T00:21:16.729+0200][10.777s] GC(269) Phase 5: Reset Metadata 3.498ms
[2025-06-28T00:21:16.734+0200][10.782s] GC(269) Eden regions: 0->0(2)
[2025-06-28T00:21:16.734+0200][10.782s] GC(269) Survivor regions: 1->0(1)
[2025-06-28T00:21:16.734+0200][10.782s] GC(269) Old regions: 18->18
[2025-06-28T00:21:16.734+0200][10.782s] GC(269) Humongous regions: 0->0
[2025-06-28T00:21:16.734+0200][10.782s] GC(269) Metaspace: 46680K(47232K)->46680K(47232K) NonClass: 40658K(40960K)->40658K(40960K) Class: 6022K(6272K)->6022K(6272K)
[2025-06-28T00:21:16.734+0200][10.782s] GC(269) Pause Full (G1 Compaction Pause) 16M->16M(22M) 47.802ms
[2025-06-28T00:21:16.734+0200][10.782s] GC(269) User=0.06s Sys=0.00s Real=0.05s
[2025-06-28T00:21:16.734+0200][10.782s] GC(268) Concurrent Mark From Roots 46.861ms
[2025-06-28T00:21:16.734+0200][10.782s] GC(268) Concurrent Mark Abort
[2025-06-28T00:21:16.734+0200][10.782s] GC(268) Concurrent Mark Cycle 48.067ms
[2025-06-28T00:21:16.784+0200][10.832s] GC(270) Pause Young (Normal) (G1 Evacuation Pause)
[2025-06-28T00:21:16.784+0200][10.832s] GC(270) Using 2 workers of 10 for evacuation
[2025-06-28T00:21:16.785+0200][10.833s] GC(270)   Pre Evacuate Collection Set: 0.1ms
[2025-06-28T00:21:16.785+0200][10.833s] GC(270)   Merge Heap Roots: 0.1ms
[2025-06-28T00:21:16.785+0200][10.834s] GC(270)   Evacuate Collection Set: 0.8ms
[2025-06-28T00:21:16.785+0200][10.834s] GC(270)   Post Evacuate Collection Set: 0.4ms
[2025-06-28T00:21:16.785+0200][10.834s] GC(270)   Other: 0.1ms
[2025-06-28T00:21:16.785+0200][10.834s] GC(270) Eden regions: 2->0(0)
[2025-06-28T00:21:16.785+0200][10.834s] GC(270) Survivor regions: 0->1(1)
[2025-06-28T00:21:16.785+0200][10.834s] GC(270) Old regions: 18->18
[2025-06-28T00:21:16.785+0200][10.834s] GC(270) Humongous regions: 0->0
[2025-06-28T00:21:16.785+0200][10.834s] GC(270) Metaspace: 46987K(47552K)->46987K(47552K) NonClass: 40900K(41216K)->40900K(41216K) Class: 6086K(6336K)->6086K(6336K)
[2025-06-28T00:21:16.785+0200][10.834s] GC(270) Pause Young (Normal) (G1 Evacuation Pause) 18M->17M(22M) 1.826ms
[2025-06-28T00:21:16.785+0200][10.834s] GC(270) User=0.00s Sys=0.00s Real=0.00s
[2025-06-28T00:21:16.785+0200][10.834s] Attempting full compaction
[2025-06-28T00:21:16.785+0200][10.834s] GC(271) Pause Full (G1 Compaction Pause)
[2025-06-28T00:21:16.785+0200][10.834s] GC(271) Using 2 workers of 10 for full compaction
[2025-06-28T00:21:16.785+0200][10.834s] GC(271) Phase 1: Mark live objects
[2025-06-28T00:21:16.819+0200][10.867s] GC(271) Phase 1: Mark live objects 33.165ms
[2025-06-28T00:21:16.819+0200][10.867s] GC(271) Phase 2: Prepare compaction
[2025-06-28T00:21:16.820+0200][10.868s] GC(271) Phase 2: Prepare compaction 1.017ms
[2025-06-28T00:21:16.820+0200][10.868s] GC(271) Phase 3: Adjust pointers
[2025-06-28T00:21:16.832+0200][10.880s] GC(271) Phase 3: Adjust pointers 11.435ms
[2025-06-28T00:21:16.832+0200][10.880s] GC(271) Phase 4: Compact heap
[2025-06-28T00:21:16.833+0200][10.881s] GC(271) Phase 4: Compact heap 1.407ms
[2025-06-28T00:21:16.833+0200][10.881s] GC(271) Phase 5: Reset Metadata
[2025-06-28T00:21:16.837+0200][10.885s] GC(271) Phase 5: Reset Metadata 3.685ms
[2025-06-28T00:21:16.841+0200][10.889s] GC(271) Eden regions: 0->0(2)
[2025-06-28T00:21:16.841+0200][10.889s] GC(271) Survivor regions: 1->0(1)
[2025-06-28T00:21:16.841+0200][10.889s] GC(271) Old regions: 18->18
[2025-06-28T00:21:16.841+0200][10.889s] GC(271) Humongous regions: 0->0
[2025-06-28T00:21:16.841+0200][10.889s] GC(271) Metaspace: 46987K(47552K)->46924K(47552K) NonClass: 40900K(41216K)->40855K(41216K) Class: 6086K(6336K)->6069K(6336K)
[2025-06-28T00:21:16.841+0200][10.890s] GC(271) Pause Full (G1 Compaction Pause) 17M->16M(22M) 55.732ms
[2025-06-28T00:21:16.841+0200][10.890s] GC(271) User=0.11s Sys=0.00s Real=0.06s
[2025-06-28T00:21:16.879+0200][10.928s] GC(272) Pause Young (Concurrent Start) (G1 Evacuation Pause)
[2025-06-28T00:21:16.879+0200][10.928s] GC(272) Using 2 workers of 10 for evacuation
[2025-06-28T00:21:16.881+0200][10.929s] GC(272)   Pre Evacuate Collection Set: 0.1ms
[2025-06-28T00:21:16.881+0200][10.930s] GC(272)   Merge Heap Roots: 0.1ms
[2025-06-28T00:21:16.881+0200][10.930s] GC(272)   Evacuate Collection Set: 0.9ms
[2025-06-28T00:21:16.881+0200][10.930s] GC(272)   Post Evacuate Collection Set: 0.3ms
[2025-06-28T00:21:16.881+0200][10.930s] GC(272)   Other: 0.1ms
[2025-06-28T00:21:16.881+0200][10.930s] GC(272) Eden regions: 2->0(0)
[2025-06-28T00:21:16.881+0200][10.930s] GC(272) Survivor regions: 0->1(1)
[2025-06-28T00:21:16.881+0200][10.930s] GC(272) Old regions: 18->18
[2025-06-28T00:21:16.881+0200][10.930s] GC(272) Humongous regions: 0->0
[2025-06-28T00:21:16.881+0200][10.930s] GC(272) Metaspace: 47382K(47936K)->47382K(47936K) NonClass: 41259K(41536K)->41259K(41536K) Class: 6123K(6400K)->6123K(6400K)
[2025-06-28T00:21:16.881+0200][10.930s] GC(272) Pause Young (Concurrent Start) (G1 Evacuation Pause) 18M->17M(22M) 1.865ms
[2025-06-28T00:21:16.881+0200][10.930s] GC(272) User=0.00s Sys=0.00s Real=0.00s
[2025-06-28T00:21:16.881+0200][10.930s] GC(273) Concurrent Mark Cycle
[2025-06-28T00:21:16.881+0200][10.930s] Attempting full compaction
[2025-06-28T00:21:16.881+0200][10.930s] GC(273) Concurrent Scan Root Regions
[2025-06-28T00:21:16.881+0200][10.930s] GC(274) Pause Full (G1 Compaction Pause)
[2025-06-28T00:21:16.881+0200][10.930s] GC(274) Using 2 workers of 10 for full compaction
[2025-06-28T00:21:16.882+0200][10.931s] GC(273) Concurrent Scan Root Regions 0.739ms
[2025-06-28T00:21:16.882+0200][10.931s] GC(273) Concurrent Mark
[2025-06-28T00:21:16.882+0200][10.931s] GC(273) Concurrent Mark From Roots
[2025-06-28T00:21:16.882+0200][10.931s] GC(273) Using 3 workers of 3 for marking
[2025-06-28T00:21:16.882+0200][10.931s] GC(274) Phase 1: Mark live objects
[2025-06-28T00:21:16.908+0200][10.956s] GC(274) Phase 1: Mark live objects 25.123ms
[2025-06-28T00:21:16.908+0200][10.956s] GC(274) Phase 2: Prepare compaction
[2025-06-28T00:21:16.909+0200][10.957s] GC(274) Phase 2: Prepare compaction 1.262ms
[2025-06-28T00:21:16.909+0200][10.957s] GC(274) Phase 3: Adjust pointers
[2025-06-28T00:21:16.921+0200][10.969s] GC(274) Phase 3: Adjust pointers 12.135ms
[2025-06-28T00:21:16.921+0200][10.969s] GC(274) Phase 4: Compact heap
[2025-06-28T00:21:16.923+0200][10.971s] GC(274) Phase 4: Compact heap 1.617ms
[2025-06-28T00:21:16.923+0200][10.971s] GC(274) Phase 5: Reset Metadata
[2025-06-28T00:21:16.928+0200][10.976s] GC(274) Phase 5: Reset Metadata 4.700ms
[2025-06-28T00:21:16.932+0200][10.980s] GC(274) Eden regions: 0->0(2)
[2025-06-28T00:21:16.932+0200][10.980s] GC(274) Survivor regions: 1->0(1)
[2025-06-28T00:21:16.932+0200][10.980s] GC(274) Old regions: 18->18
[2025-06-28T00:21:16.932+0200][10.980s] GC(274) Humongous regions: 0->0
[2025-06-28T00:21:16.932+0200][10.980s] GC(274) Metaspace: 47382K(47936K)->47382K(47936K) NonClass: 41259K(41536K)->41259K(41536K) Class: 6123K(6400K)->6123K(6400K)
[2025-06-28T00:21:16.932+0200][10.980s] GC(274) Pause Full (G1 Compaction Pause) 17M->16M(22M) 50.619ms
[2025-06-28T00:21:16.932+0200][10.980s] GC(274) User=0.11s Sys=0.00s Real=0.05s
[2025-06-28T00:21:16.932+0200][10.981s] GC(273) Concurrent Mark From Roots 49.983ms
[2025-06-28T00:21:16.932+0200][10.981s] GC(273) Concurrent Mark Abort
[2025-06-28T00:21:16.932+0200][10.981s] GC(273) Concurrent Mark Cycle 50.908ms
[2025-06-28T00:21:16.991+0200][11.039s] GC(275) Pause Young (Normal) (G1 Evacuation Pause)
[2025-06-28T00:21:16.992+0200][11.039s] GC(275) Using 2 workers of 10 for evacuation
[2025-06-28T00:21:16.993+0200][11.041s] GC(275)   Pre Evacuate Collection Set: 0.1ms
[2025-06-28T00:21:16.993+0200][11.041s] GC(275)   Merge Heap Roots: 0.0ms
[2025-06-28T00:21:16.993+0200][11.041s] GC(275)   Evacuate Collection Set: 0.6ms
[2025-06-28T00:21:16.993+0200][11.041s] GC(275)   Post Evacuate Collection Set: 0.4ms
[2025-06-28T00:21:16.993+0200][11.041s] GC(275)   Other: 0.1ms
[2025-06-28T00:21:16.993+0200][11.041s] GC(275) Eden regions: 2->0(0)
[2025-06-28T00:21:16.993+0200][11.041s] GC(275) Survivor regions: 0->1(1)
[2025-06-28T00:21:16.993+0200][11.041s] GC(275) Old regions: 18->18
[2025-06-28T00:21:16.993+0200][11.041s] GC(275) Humongous regions: 0->0
[2025-06-28T00:21:16.993+0200][11.041s] GC(275) Metaspace: 48314K(48832K)->48314K(48832K) NonClass: 41981K(42240K)->41981K(42240K) Class: 6332K(6592K)->6332K(6592K)
[2025-06-28T00:21:16.993+0200][11.041s] GC(275) Pause Young (Normal) (G1 Evacuation Pause) 18M->16M(22M) 1.613ms
[2025-06-28T00:21:16.993+0200][11.041s] GC(275) User=0.00s Sys=0.00s Real=0.00s
[2025-06-28T00:21:16.993+0200][11.041s] Attempting full compaction
[2025-06-28T00:21:16.993+0200][11.041s] GC(276) Pause Full (G1 Compaction Pause)
[2025-06-28T00:21:16.993+0200][11.041s] GC(276) Using 2 workers of 10 for full compaction
[2025-06-28T00:21:16.993+0200][11.041s] GC(276) Phase 1: Mark live objects
[2025-06-28T00:21:17.015+0200][11.063s] GC(276) Phase 1: Mark live objects 22.315ms
[2025-06-28T00:21:17.016+0200][11.064s] GC(276) Phase 2: Prepare compaction
[2025-06-28T00:21:17.016+0200][11.064s] GC(276) Phase 2: Prepare compaction 0.542ms
[2025-06-28T00:21:17.016+0200][11.064s] GC(276) Phase 3: Adjust pointers
[2025-06-28T00:21:17.025+0200][11.073s] GC(276) Phase 3: Adjust pointers 8.661ms
[2025-06-28T00:21:17.025+0200][11.073s] GC(276) Phase 4: Compact heap
[2025-06-28T00:21:17.025+0200][11.073s] GC(276) Phase 4: Compact heap 0.528ms
[2025-06-28T00:21:17.025+0200][11.073s] GC(276) Phase 5: Reset Metadata
[2025-06-28T00:21:17.029+0200][11.077s] GC(276) Phase 5: Reset Metadata 3.532ms
[2025-06-28T00:21:17.033+0200][11.081s] GC(276) Eden regions: 0->0(2)
[2025-06-28T00:21:17.033+0200][11.081s] GC(276) Survivor regions: 1->0(1)
[2025-06-28T00:21:17.033+0200][11.081s] GC(276) Old regions: 18->18
[2025-06-28T00:21:17.033+0200][11.081s] GC(276) Humongous regions: 0->0
[2025-06-28T00:21:17.033+0200][11.081s] GC(276) Metaspace: 48314K(48832K)->48314K(48832K) NonClass: 41981K(42240K)->41981K(42240K) Class: 6332K(6592K)->6332K(6592K)
[2025-06-28T00:21:17.033+0200][11.081s] GC(276) Pause Full (G1 Compaction Pause) 16M->16M(22M) 40.035ms
[2025-06-28T00:21:17.033+0200][11.081s] GC(276) User=0.09s Sys=0.00s Real=0.04s
[2025-06-28T00:21:17.055+0200][11.104s] GC(277) Pause Young (Concurrent Start) (G1 Evacuation Pause)
[2025-06-28T00:21:17.056+0200][11.104s] GC(277) Using 2 workers of 10 for evacuation
[2025-06-28T00:21:17.057+0200][11.105s] GC(277)   Pre Evacuate Collection Set: 0.2ms
[2025-06-28T00:21:17.057+0200][11.105s] GC(277)   Merge Heap Roots: 0.1ms
[2025-06-28T00:21:17.057+0200][11.105s] GC(277)   Evacuate Collection Set: 0.8ms
[2025-06-28T00:21:17.057+0200][11.105s] GC(277)   Post Evacuate Collection Set: 0.4ms
[2025-06-28T00:21:17.057+0200][11.105s] GC(277)   Other: 0.1ms
[2025-06-28T00:21:17.057+0200][11.105s] GC(277) Eden regions: 2->0(0)
[2025-06-28T00:21:17.057+0200][11.105s] GC(277) Survivor regions: 0->1(1)
[2025-06-28T00:21:17.057+0200][11.105s] GC(277) Old regions: 18->18
[2025-06-28T00:21:17.057+0200][11.106s] GC(277) Humongous regions: 0->0
[2025-06-28T00:21:17.057+0200][11.106s] GC(277) Metaspace: 48715K(49216K)->48715K(49216K) NonClass: 42319K(42560K)->42319K(42560K) Class: 6396K(6656K)->6396K(6656K)
[2025-06-28T00:21:17.057+0200][11.106s] GC(277) Pause Young (Concurrent Start) (G1 Evacuation Pause) 18M->16M(22M) 1.850ms
[2025-06-28T00:21:17.057+0200][11.106s] GC(277) User=0.02s Sys=0.00s Real=0.00s
[2025-06-28T00:21:17.057+0200][11.106s] Attempting full compaction
[2025-06-28T00:21:17.057+0200][11.106s] GC(278) Pause Full (G1 Compaction Pause)
[2025-06-28T00:21:17.057+0200][11.106s] GC(278) Using 2 workers of 10 for full compaction
[2025-06-28T00:21:17.057+0200][11.106s] GC(279) Concurrent Mark Cycle
[2025-06-28T00:21:17.057+0200][11.106s] GC(279) Concurrent Scan Root Regions
[2025-06-28T00:21:17.057+0200][11.106s] GC(279) Concurrent Scan Root Regions 0.067ms
[2025-06-28T00:21:17.057+0200][11.106s] GC(279) Concurrent Mark
[2025-06-28T00:21:17.058+0200][11.106s] GC(279) Concurrent Mark From Roots
[2025-06-28T00:21:17.058+0200][11.106s] GC(279) Using 3 workers of 3 for marking
[2025-06-28T00:21:17.058+0200][11.106s] GC(278) Phase 1: Mark live objects
[2025-06-28T00:21:17.078+0200][11.126s] GC(278) Phase 1: Mark live objects 20.446ms
[2025-06-28T00:21:17.078+0200][11.126s] GC(278) Phase 2: Prepare compaction
[2025-06-28T00:21:17.079+0200][11.127s] GC(278) Phase 2: Prepare compaction 0.684ms
[2025-06-28T00:21:17.079+0200][11.127s] GC(278) Phase 3: Adjust pointers
[2025-06-28T00:21:17.088+0200][11.136s] GC(278) Phase 3: Adjust pointers 8.656ms
[2025-06-28T00:21:17.088+0200][11.136s] GC(278) Phase 4: Compact heap
[2025-06-28T00:21:17.089+0200][11.137s] GC(278) Phase 4: Compact heap 0.620ms
[2025-06-28T00:21:17.089+0200][11.137s] GC(278) Phase 5: Reset Metadata
[2025-06-28T00:21:17.092+0200][11.140s] GC(278) Phase 5: Reset Metadata 3.337ms
[2025-06-28T00:21:17.096+0200][11.144s] GC(278) Eden regions: 0->0(2)
[2025-06-28T00:21:17.096+0200][11.144s] GC(278) Survivor regions: 1->0(1)
[2025-06-28T00:21:17.096+0200][11.145s] GC(278) Old regions: 18->18
[2025-06-28T00:21:17.096+0200][11.145s] GC(278) Humongous regions: 0->0
[2025-06-28T00:21:17.096+0200][11.145s] GC(278) Metaspace: 48715K(49216K)->48715K(49216K) NonClass: 42319K(42560K)->42319K(42560K) Class: 6396K(6656K)->6396K(6656K)
[2025-06-28T00:21:17.097+0200][11.145s] GC(278) Pause Full (G1 Compaction Pause) 16M->16M(22M) 38.996ms
[2025-06-28T00:21:17.097+0200][11.145s] GC(278) User=0.05s Sys=0.00s Real=0.04s
[2025-06-28T00:21:17.097+0200][11.145s] GC(279) Concurrent Mark From Roots 38.972ms
[2025-06-28T00:21:17.097+0200][11.145s] GC(279) Concurrent Mark Abort
[2025-06-28T00:21:17.097+0200][11.145s] GC(279) Concurrent Mark Cycle 39.230ms
[2025-06-28T00:21:17.118+0200][11.166s] GC(280) Pause Young (Normal) (G1 Evacuation Pause)
[2025-06-28T00:21:17.118+0200][11.166s] GC(280) Using 2 workers of 10 for evacuation
[2025-06-28T00:21:17.121+0200][11.169s] GC(280)   Pre Evacuate Collection Set: 1.4ms
[2025-06-28T00:21:17.121+0200][11.169s] GC(280)   Merge Heap Roots: 0.1ms
[2025-06-28T00:21:17.121+0200][11.169s] GC(280)   Evacuate Collection Set: 0.7ms
[2025-06-28T00:21:17.121+0200][11.169s] GC(280)   Post Evacuate Collection Set: 0.6ms
[2025-06-28T00:21:17.121+0200][11.169s] GC(280)   Other: 0.1ms
[2025-06-28T00:21:17.121+0200][11.169s] GC(280) Eden regions: 2->0(0)
[2025-06-28T00:21:17.121+0200][11.169s] GC(280) Survivor regions: 0->1(1)
[2025-06-28T00:21:17.121+0200][11.169s] GC(280) Old regions: 18->18
[2025-06-28T00:21:17.121+0200][11.169s] GC(280) Humongous regions: 0->0
[2025-06-28T00:21:17.121+0200][11.169s] GC(280) Metaspace: 48918K(49408K)->48918K(49408K) NonClass: 42492K(42752K)->42492K(42752K) Class: 6426K(6656K)->6426K(6656K)
[2025-06-28T00:21:17.121+0200][11.169s] GC(280) Pause Young (Normal) (G1 Evacuation Pause) 18M->17M(22M) 3.285ms
[2025-06-28T00:21:17.121+0200][11.169s] GC(280) User=0.03s Sys=0.00s Real=0.00s
[2025-06-28T00:21:17.121+0200][11.169s] Attempting full compaction
[2025-06-28T00:21:17.121+0200][11.169s] GC(281) Pause Full (G1 Compaction Pause)
[2025-06-28T00:21:17.121+0200][11.169s] GC(281) Using 2 workers of 10 for full compaction
[2025-06-28T00:21:17.121+0200][11.169s] GC(281) Phase 1: Mark live objects
[2025-06-28T00:21:17.149+0200][11.197s] GC(281) Phase 1: Mark live objects 27.742ms
[2025-06-28T00:21:17.149+0200][11.197s] GC(281) Phase 2: Prepare compaction
[2025-06-28T00:21:17.151+0200][11.199s] GC(281) Phase 2: Prepare compaction 2.020ms
[2025-06-28T00:21:17.151+0200][11.199s] GC(281) Phase 3: Adjust pointers
[2025-06-28T00:21:17.162+0200][11.210s] GC(281) Phase 3: Adjust pointers 11.504ms
[2025-06-28T00:21:17.162+0200][11.211s] GC(281) Phase 4: Compact heap
[2025-06-28T00:21:17.165+0200][11.213s] GC(281) Phase 4: Compact heap 2.708ms
[2025-06-28T00:21:17.165+0200][11.213s] GC(281) Phase 5: Reset Metadata
[2025-06-28T00:21:17.167+0200][11.216s] GC(281) Phase 5: Reset Metadata 2.350ms
[2025-06-28T00:21:17.170+0200][11.219s] GC(281) Eden regions: 0->0(3)
[2025-06-28T00:21:17.170+0200][11.219s] GC(281) Survivor regions: 1->0(1)
[2025-06-28T00:21:17.170+0200][11.219s] GC(281) Old regions: 18->17
[2025-06-28T00:21:17.170+0200][11.219s] GC(281) Humongous regions: 0->0
[2025-06-28T00:21:17.170+0200][11.219s] GC(281) Metaspace: 48918K(49408K)->48882K(49408K) NonClass: 42492K(42752K)->42466K(42752K) Class: 6426K(6656K)->6416K(6656K)
[2025-06-28T00:21:17.170+0200][11.219s] GC(281) Pause Full (G1 Compaction Pause) 17M->16M(22M) 49.773ms
[2025-06-28T00:21:17.170+0200][11.219s] GC(281) User=0.08s Sys=0.02s Real=0.05s
[2025-06-28T00:21:17.230+0200][11.278s] GC(282) Pause Young (Concurrent Start) (G1 Evacuation Pause)
[2025-06-28T00:21:17.230+0200][11.278s] GC(282) Using 2 workers of 10 for evacuation
[2025-06-28T00:21:17.232+0200][11.280s] GC(282)   Pre Evacuate Collection Set: 0.1ms
[2025-06-28T00:21:17.232+0200][11.280s] GC(282)   Merge Heap Roots: 0.1ms
[2025-06-28T00:21:17.232+0200][11.280s] GC(282)   Evacuate Collection Set: 1.5ms
[2025-06-28T00:21:17.232+0200][11.280s] GC(282)   Post Evacuate Collection Set: 0.4ms
[2025-06-28T00:21:17.232+0200][11.280s] GC(282)   Other: 0.1ms
[2025-06-28T00:21:17.232+0200][11.280s] GC(282) Eden regions: 3->0(1)
[2025-06-28T00:21:17.232+0200][11.280s] GC(282) Survivor regions: 0->1(1)
[2025-06-28T00:21:17.232+0200][11.280s] GC(282) Old regions: 17->17
[2025-06-28T00:21:17.232+0200][11.280s] GC(282) Humongous regions: 0->0
[2025-06-28T00:21:17.232+0200][11.280s] GC(282) Metaspace: 49841K(50304K)->49841K(50304K) NonClass: 43332K(43584K)->43332K(43584K) Class: 6508K(6720K)->6508K(6720K)
[2025-06-28T00:21:17.232+0200][11.280s] GC(282) Pause Young (Concurrent Start) (G1 Evacuation Pause) 19M->16M(22M) 2.488ms
[2025-06-28T00:21:17.232+0200][11.280s] GC(282) User=0.00s Sys=0.00s Real=0.00s
[2025-06-28T00:21:17.232+0200][11.280s] GC(283) Concurrent Mark Cycle
[2025-06-28T00:21:17.232+0200][11.280s] GC(283) Concurrent Scan Root Regions
[2025-06-28T00:21:17.233+0200][11.281s] GC(283) Concurrent Scan Root Regions 0.783ms
[2025-06-28T00:21:17.233+0200][11.281s] GC(283) Concurrent Mark
[2025-06-28T00:21:17.233+0200][11.281s] GC(283) Concurrent Mark From Roots
[2025-06-28T00:21:17.233+0200][11.281s] GC(283) Using 3 workers of 3 for marking
[2025-06-28T00:21:17.247+0200][11.295s] GC(283) Concurrent Mark From Roots 14.126ms
[2025-06-28T00:21:17.247+0200][11.295s] GC(283) Concurrent Preclean
[2025-06-28T00:21:17.247+0200][11.295s] GC(283) Concurrent Preclean 0.189ms
[2025-06-28T00:21:17.248+0200][11.295s] GC(283) Pause Remark
[2025-06-28T00:21:17.253+0200][11.301s] GC(283) Pause Remark 17M->17M(22M) 5.578ms
[2025-06-28T00:21:17.253+0200][11.301s] GC(283) User=0.00s Sys=0.00s Real=0.01s
[2025-06-28T00:21:17.253+0200][11.301s] GC(283) Concurrent Mark 20.276ms
[2025-06-28T00:21:17.253+0200][11.301s] GC(283) Concurrent Rebuild Remembered Sets and Scrub Regions
[2025-06-28T00:21:17.256+0200][11.304s] GC(284) Pause Young (Normal) (G1 Evacuation Pause)
[2025-06-28T00:21:17.256+0200][11.304s] GC(284) Using 2 workers of 10 for evacuation
[2025-06-28T00:21:17.258+0200][11.306s] GC(284)   Pre Evacuate Collection Set: 0.1ms
[2025-06-28T00:21:17.258+0200][11.306s] GC(284)   Merge Heap Roots: 0.0ms
[2025-06-28T00:21:17.258+0200][11.306s] GC(284)   Evacuate Collection Set: 1.1ms
[2025-06-28T00:21:17.258+0200][11.306s] GC(284)   Post Evacuate Collection Set: 0.4ms
[2025-06-28T00:21:17.258+0200][11.306s] GC(284)   Other: 0.1ms
[2025-06-28T00:21:17.258+0200][11.306s] GC(284) Eden regions: 1->0(1)
[2025-06-28T00:21:17.258+0200][11.306s] GC(284) Survivor regions: 1->1(1)
[2025-06-28T00:21:17.258+0200][11.306s] GC(284) Old regions: 17->17
[2025-06-28T00:21:17.258+0200][11.306s] GC(284) Humongous regions: 0->0
[2025-06-28T00:21:17.258+0200][11.306s] GC(284) Metaspace: 49955K(50432K)->49955K(50432K) NonClass: 43416K(43648K)->43416K(43648K) Class: 6538K(6784K)->6538K(6784K)
[2025-06-28T00:21:17.258+0200][11.306s] GC(284) Pause Young (Normal) (G1 Evacuation Pause) 17M->16M(22M) 1.915ms
[2025-06-28T00:21:17.258+0200][11.306s] GC(284) User=0.00s Sys=0.00s Real=0.00s
[2025-06-28T00:21:17.261+0200][11.309s] GC(283) Concurrent Rebuild Remembered Sets and Scrub Regions 7.600ms
[2025-06-28T00:21:17.261+0200][11.309s] GC(283) Pause Cleanup
[2025-06-28T00:21:17.261+0200][11.309s] GC(283) Pause Cleanup 16M->16M(22M) 0.144ms
[2025-06-28T00:21:17.262+0200][11.309s] GC(283) User=0.00s Sys=0.00s Real=0.00s
[2025-06-28T00:21:17.262+0200][11.310s] GC(283) Concurrent Clear Claimed Marks
[2025-06-28T00:21:17.262+0200][11.310s] GC(283) Concurrent Clear Claimed Marks 0.077ms
[2025-06-28T00:21:17.262+0200][11.310s] GC(283) Concurrent Cleanup for Next Mark
[2025-06-28T00:21:17.262+0200][11.310s] GC(283) Concurrent Cleanup for Next Mark 0.181ms
[2025-06-28T00:21:17.262+0200][11.310s] GC(283) Concurrent Mark Cycle 29.782ms
[2025-06-28T00:21:17.270+0200][11.318s] GC(285) Pause Young (Prepare Mixed) (G1 Evacuation Pause)
[2025-06-28T00:21:17.270+0200][11.318s] GC(285) Using 2 workers of 10 for evacuation
[2025-06-28T00:21:17.272+0200][11.320s] GC(285)   Pre Evacuate Collection Set: 0.2ms
[2025-06-28T00:21:17.272+0200][11.320s] GC(285)   Merge Heap Roots: 0.1ms
[2025-06-28T00:21:17.272+0200][11.320s] GC(285)   Evacuate Collection Set: 1.1ms
[2025-06-28T00:21:17.272+0200][11.320s] GC(285)   Post Evacuate Collection Set: 0.4ms
[2025-06-28T00:21:17.272+0200][11.320s] GC(285)   Other: 0.0ms
[2025-06-28T00:21:17.272+0200][11.320s] GC(285) Eden regions: 1->0(1)
[2025-06-28T00:21:17.272+0200][11.320s] GC(285) Survivor regions: 1->1(1)
[2025-06-28T00:21:17.272+0200][11.320s] GC(285) Old regions: 17->17
[2025-06-28T00:21:17.272+0200][11.320s] GC(285) Humongous regions: 0->0
[2025-06-28T00:21:17.272+0200][11.320s] GC(285) Metaspace: 50027K(50496K)->50027K(50496K) NonClass: 43467K(43712K)->43467K(43712K) Class: 6559K(6784K)->6559K(6784K)
[2025-06-28T00:21:17.272+0200][11.320s] GC(285) Pause Young (Prepare Mixed) (G1 Evacuation Pause) 17M->16M(22M) 1.994ms
[2025-06-28T00:21:17.272+0200][11.320s] GC(285) User=0.00s Sys=0.00s Real=0.00s
[2025-06-28T00:21:17.280+0200][11.328s] GC(286) Pause Young (Mixed) (G1 Evacuation Pause)
[2025-06-28T00:21:17.280+0200][11.328s] GC(286) Using 2 workers of 10 for evacuation
[2025-06-28T00:21:17.283+0200][11.331s] GC(286)   Pre Evacuate Collection Set: 0.2ms
[2025-06-28T00:21:17.283+0200][11.331s] GC(286)   Merge Heap Roots: 0.1ms
[2025-06-28T00:21:17.283+0200][11.331s] GC(286)   Evacuate Collection Set: 1.9ms
[2025-06-28T00:21:17.283+0200][11.331s] GC(286)   Post Evacuate Collection Set: 0.3ms
[2025-06-28T00:21:17.283+0200][11.331s] GC(286)   Other: 0.1ms
[2025-06-28T00:21:17.283+0200][11.331s] GC(286) Eden regions: 1->0(1)
[2025-06-28T00:21:17.283+0200][11.331s] GC(286) Survivor regions: 1->1(1)
[2025-06-28T00:21:17.283+0200][11.331s] GC(286) Old regions: 17->17
[2025-06-28T00:21:17.283+0200][11.331s] GC(286) Humongous regions: 0->0
[2025-06-28T00:21:17.283+0200][11.331s] GC(286) Metaspace: 50110K(50560K)->50110K(50560K) NonClass: 43528K(43776K)->43528K(43776K) Class: 6581K(6784K)->6581K(6784K)
[2025-06-28T00:21:17.283+0200][11.331s] GC(286) Pause Young (Mixed) (G1 Evacuation Pause) 17M->16M(22M) 2.831ms
[2025-06-28T00:21:17.283+0200][11.331s] GC(286) User=0.00s Sys=0.00s Real=0.00s
[2025-06-28T00:21:17.290+0200][11.338s] GC(287) Pause Young (Concurrent Start) (G1 Evacuation Pause)
[2025-06-28T00:21:17.290+0200][11.338s] GC(287) Using 2 workers of 10 for evacuation
[2025-06-28T00:21:17.292+0200][11.340s] GC(287)   Pre Evacuate Collection Set: 0.3ms
[2025-06-28T00:21:17.292+0200][11.340s] GC(287)   Merge Heap Roots: 0.1ms
[2025-06-28T00:21:17.292+0200][11.340s] GC(287)   Evacuate Collection Set: 0.9ms
[2025-06-28T00:21:17.292+0200][11.340s] GC(287)   Post Evacuate Collection Set: 0.7ms
[2025-06-28T00:21:17.292+0200][11.340s] GC(287)   Other: 0.1ms
[2025-06-28T00:21:17.292+0200][11.340s] GC(287) Eden regions: 1->0(1)
[2025-06-28T00:21:17.292+0200][11.340s] GC(287) Survivor regions: 1->1(1)
[2025-06-28T00:21:17.292+0200][11.340s] GC(287) Old regions: 17->17
[2025-06-28T00:21:17.292+0200][11.340s] GC(287) Humongous regions: 0->0
[2025-06-28T00:21:17.292+0200][11.340s] GC(287) Metaspace: 50205K(50688K)->50205K(50688K) NonClass: 43597K(43840K)->43597K(43840K) Class: 6608K(6848K)->6608K(6848K)
[2025-06-28T00:21:17.292+0200][11.340s] GC(287) Pause Young (Concurrent Start) (G1 Evacuation Pause) 17M->16M(22M) 2.195ms
[2025-06-28T00:21:17.292+0200][11.341s] GC(287) User=0.03s Sys=0.00s Real=0.00s
[2025-06-28T00:21:17.292+0200][11.341s] GC(288) Concurrent Mark Cycle
[2025-06-28T00:21:17.292+0200][11.341s] GC(288) Concurrent Scan Root Regions
[2025-06-28T00:21:17.293+0200][11.341s] GC(288) Concurrent Scan Root Regions 0.715ms
[2025-06-28T00:21:17.293+0200][11.341s] GC(288) Concurrent Mark
[2025-06-28T00:21:17.293+0200][11.341s] GC(288) Concurrent Mark From Roots
[2025-06-28T00:21:17.293+0200][11.341s] GC(288) Using 3 workers of 3 for marking
[2025-06-28T00:21:17.308+0200][11.356s] GC(288) Concurrent Mark From Roots 14.722ms
[2025-06-28T00:21:17.308+0200][11.356s] GC(288) Concurrent Preclean
[2025-06-28T00:21:17.308+0200][11.356s] GC(288) Concurrent Preclean 0.181ms
[2025-06-28T00:21:17.308+0200][11.356s] GC(288) Pause Remark
[2025-06-28T00:21:17.313+0200][11.361s] GC(288) Pause Remark 17M->17M(22M) 4.976ms
[2025-06-28T00:21:17.313+0200][11.361s] GC(288) User=0.00s Sys=0.00s Real=0.00s
[2025-06-28T00:21:17.313+0200][11.362s] GC(288) Concurrent Mark 20.344ms
[2025-06-28T00:21:17.314+0200][11.362s] GC(288) Concurrent Rebuild Remembered Sets and Scrub Regions
[2025-06-28T00:21:17.316+0200][11.364s] GC(289) Pause Young (Normal) (G1 Evacuation Pause)
[2025-06-28T00:21:17.316+0200][11.364s] GC(289) Using 2 workers of 10 for evacuation
[2025-06-28T00:21:17.318+0200][11.366s] GC(289)   Pre Evacuate Collection Set: 0.2ms
[2025-06-28T00:21:17.318+0200][11.366s] GC(289)   Merge Heap Roots: 0.1ms
[2025-06-28T00:21:17.318+0200][11.366s] GC(289)   Evacuate Collection Set: 1.5ms
[2025-06-28T00:21:17.318+0200][11.366s] GC(289)   Post Evacuate Collection Set: 0.5ms
[2025-06-28T00:21:17.318+0200][11.366s] GC(289)   Other: 0.1ms
[2025-06-28T00:21:17.318+0200][11.366s] GC(289) Eden regions: 1->0(1)
[2025-06-28T00:21:17.318+0200][11.366s] GC(289) Survivor regions: 1->1(1)
[2025-06-28T00:21:17.318+0200][11.366s] GC(289) Old regions: 17->17
[2025-06-28T00:21:17.318+0200][11.366s] GC(289) Humongous regions: 0->0
[2025-06-28T00:21:17.318+0200][11.366s] GC(289) Metaspace: 50348K(50816K)->50348K(50816K) NonClass: 43717K(43968K)->43717K(43968K) Class: 6630K(6848K)->6630K(6848K)
[2025-06-28T00:21:17.318+0200][11.366s] GC(289) Pause Young (Normal) (G1 Evacuation Pause) 17M->16M(22M) 2.505ms
[2025-06-28T00:21:17.318+0200][11.366s] GC(289) User=0.00s Sys=0.00s Real=0.00s
[2025-06-28T00:21:17.322+0200][11.370s] GC(288) Concurrent Rebuild Remembered Sets and Scrub Regions 8.063ms
[2025-06-28T00:21:17.322+0200][11.370s] GC(288) Pause Cleanup
[2025-06-28T00:21:17.322+0200][11.370s] GC(288) Pause Cleanup 16M->16M(22M) 0.149ms
[2025-06-28T00:21:17.322+0200][11.370s] GC(288) User=0.00s Sys=0.00s Real=0.00s
[2025-06-28T00:21:17.322+0200][11.370s] GC(288) Concurrent Clear Claimed Marks
[2025-06-28T00:21:17.322+0200][11.370s] GC(288) Concurrent Clear Claimed Marks 0.072ms
[2025-06-28T00:21:17.322+0200][11.370s] GC(288) Concurrent Cleanup for Next Mark
[2025-06-28T00:21:17.322+0200][11.371s] GC(288) Concurrent Cleanup for Next Mark 0.165ms
[2025-06-28T00:21:17.322+0200][11.371s] GC(288) Concurrent Mark Cycle 30.221ms
[2025-06-28T00:21:17.330+0200][11.379s] GC(290) Pause Young (Normal) (G1 Evacuation Pause)
[2025-06-28T00:21:17.330+0200][11.379s] GC(290) Using 2 workers of 10 for evacuation
[2025-06-28T00:21:17.332+0200][11.381s] GC(290)   Pre Evacuate Collection Set: 0.2ms
[2025-06-28T00:21:17.332+0200][11.381s] GC(290)   Merge Heap Roots: 0.1ms
[2025-06-28T00:21:17.332+0200][11.381s] GC(290)   Evacuate Collection Set: 1.1ms
[2025-06-28T00:21:17.332+0200][11.381s] GC(290)   Post Evacuate Collection Set: 0.5ms
[2025-06-28T00:21:17.332+0200][11.381s] GC(290)   Other: 0.1ms
[2025-06-28T00:21:17.332+0200][11.381s] GC(290) Eden regions: 1->0(1)
[2025-06-28T00:21:17.332+0200][11.381s] GC(290) Survivor regions: 1->1(1)
[2025-06-28T00:21:17.332+0200][11.381s] GC(290) Old regions: 17->17
[2025-06-28T00:21:17.332+0200][11.381s] GC(290) Humongous regions: 0->0
[2025-06-28T00:21:17.332+0200][11.381s] GC(290) Metaspace: 50486K(51008K)->50486K(51008K) NonClass: 43820K(44096K)->43820K(44096K) Class: 6666K(6912K)->6666K(6912K)
[2025-06-28T00:21:17.333+0200][11.381s] GC(290) Pause Young (Normal) (G1 Evacuation Pause) 17M->16M(22M) 2.217ms
[2025-06-28T00:21:17.333+0200][11.381s] GC(290) User=0.00s Sys=0.00s Real=0.00s
[2025-06-28T00:21:17.344+0200][11.392s] GC(291) Pause Young (Concurrent Start) (G1 Evacuation Pause)
[2025-06-28T00:21:17.344+0200][11.393s] GC(291) Using 2 workers of 10 for evacuation
[2025-06-28T00:21:17.346+0200][11.394s] GC(291)   Pre Evacuate Collection Set: 0.2ms
[2025-06-28T00:21:17.346+0200][11.395s] GC(291)   Merge Heap Roots: 0.0ms
[2025-06-28T00:21:17.346+0200][11.395s] GC(291)   Evacuate Collection Set: 1.2ms
[2025-06-28T00:21:17.346+0200][11.395s] GC(291)   Post Evacuate Collection Set: 0.4ms
[2025-06-28T00:21:17.346+0200][11.395s] GC(291)   Other: 0.1ms
[2025-06-28T00:21:17.346+0200][11.395s] GC(291) Eden regions: 1->0(1)
[2025-06-28T00:21:17.346+0200][11.395s] GC(291) Survivor regions: 1->1(1)
[2025-06-28T00:21:17.346+0200][11.395s] GC(291) Old regions: 17->17
[2025-06-28T00:21:17.346+0200][11.395s] GC(291) Humongous regions: 0->0
[2025-06-28T00:21:17.346+0200][11.395s] GC(291) Metaspace: 50664K(51136K)->50664K(51136K) NonClass: 43953K(44224K)->43953K(44224K) Class: 6711K(6912K)->6711K(6912K)
[2025-06-28T00:21:17.346+0200][11.395s] GC(291) Pause Young (Concurrent Start) (G1 Evacuation Pause) 17M->16M(22M) 2.139ms
[2025-06-28T00:21:17.346+0200][11.395s] GC(291) User=0.00s Sys=0.00s Real=0.00s
[2025-06-28T00:21:17.346+0200][11.395s] GC(292) Concurrent Mark Cycle
[2025-06-28T00:21:17.346+0200][11.395s] GC(292) Concurrent Scan Root Regions
[2025-06-28T00:21:17.347+0200][11.395s] GC(292) Concurrent Scan Root Regions 0.726ms
[2025-06-28T00:21:17.347+0200][11.395s] GC(292) Concurrent Mark
[2025-06-28T00:21:17.347+0200][11.395s] GC(292) Concurrent Mark From Roots
[2025-06-28T00:21:17.347+0200][11.396s] GC(292) Using 3 workers of 3 for marking
[2025-06-28T00:21:17.361+0200][11.410s] GC(292) Concurrent Mark From Roots 14.160ms
[2025-06-28T00:21:17.361+0200][11.410s] GC(292) Concurrent Preclean
[2025-06-28T00:21:17.362+0200][11.410s] GC(292) Concurrent Preclean 0.174ms
[2025-06-28T00:21:17.362+0200][11.410s] GC(292) Pause Remark
[2025-06-28T00:21:17.366+0200][11.414s] GC(292) Pause Remark 17M->17M(22M) 4.196ms
[2025-06-28T00:21:17.366+0200][11.414s] GC(292) User=0.00s Sys=0.00s Real=0.00s
[2025-06-28T00:21:17.366+0200][11.414s] GC(292) Concurrent Mark 18.857ms
[2025-06-28T00:21:17.366+0200][11.414s] GC(292) Concurrent Rebuild Remembered Sets and Scrub Regions
[2025-06-28T00:21:17.366+0200][11.415s] GC(293) Pause Young (Normal) (G1 Evacuation Pause)
[2025-06-28T00:21:17.367+0200][11.415s] GC(293) Using 2 workers of 10 for evacuation
[2025-06-28T00:21:17.368+0200][11.417s] GC(293)   Pre Evacuate Collection Set: 0.1ms
[2025-06-28T00:21:17.368+0200][11.417s] GC(293)   Merge Heap Roots: 0.1ms
[2025-06-28T00:21:17.368+0200][11.417s] GC(293)   Evacuate Collection Set: 1.3ms
[2025-06-28T00:21:17.368+0200][11.417s] GC(293)   Post Evacuate Collection Set: 0.4ms
[2025-06-28T00:21:17.369+0200][11.417s] GC(293)   Other: 0.1ms
[2025-06-28T00:21:17.369+0200][11.417s] GC(293) Eden regions: 1->0(1)
[2025-06-28T00:21:17.369+0200][11.417s] GC(293) Survivor regions: 1->1(1)
[2025-06-28T00:21:17.369+0200][11.417s] GC(293) Old regions: 17->17
[2025-06-28T00:21:17.369+0200][11.417s] GC(293) Humongous regions: 0->0
[2025-06-28T00:21:17.369+0200][11.417s] GC(293) Metaspace: 50784K(51264K)->50784K(51264K) NonClass: 44044K(44288K)->44044K(44288K) Class: 6739K(6976K)->6739K(6976K)
[2025-06-28T00:21:17.369+0200][11.417s] GC(293) Pause Young (Normal) (G1 Evacuation Pause) 17M->16M(22M) 2.231ms
[2025-06-28T00:21:17.369+0200][11.417s] GC(293) User=0.00s Sys=0.00s Real=0.00s
[2025-06-28T00:21:17.374+0200][11.423s] GC(292) Concurrent Rebuild Remembered Sets and Scrub Regions 8.241ms
[2025-06-28T00:21:17.374+0200][11.423s] GC(292) Pause Cleanup
[2025-06-28T00:21:17.374+0200][11.423s] GC(292) Pause Cleanup 17M->17M(22M) 0.142ms
[2025-06-28T00:21:17.374+0200][11.423s] GC(292) User=0.00s Sys=0.00s Real=0.00s
[2025-06-28T00:21:17.375+0200][11.423s] GC(292) Concurrent Clear Claimed Marks
[2025-06-28T00:21:17.375+0200][11.423s] GC(292) Concurrent Clear Claimed Marks 0.052ms
[2025-06-28T00:21:17.375+0200][11.423s] GC(292) Concurrent Cleanup for Next Mark
[2025-06-28T00:21:17.375+0200][11.423s] GC(292) Concurrent Cleanup for Next Mark 0.138ms
[2025-06-28T00:21:17.375+0200][11.423s] GC(292) Concurrent Mark Cycle 28.613ms
[2025-06-28T00:21:17.386+0200][11.434s] GC(294) Pause Young (Normal) (G1 Evacuation Pause)
[2025-06-28T00:21:17.386+0200][11.434s] GC(294) Using 2 workers of 10 for evacuation
[2025-06-28T00:21:17.387+0200][11.436s] GC(294)   Pre Evacuate Collection Set: 0.2ms
[2025-06-28T00:21:17.387+0200][11.436s] GC(294)   Merge Heap Roots: 0.1ms
[2025-06-28T00:21:17.387+0200][11.436s] GC(294)   Evacuate Collection Set: 1.1ms
[2025-06-28T00:21:17.387+0200][11.436s] GC(294)   Post Evacuate Collection Set: 0.4ms
[2025-06-28T00:21:17.387+0200][11.436s] GC(294)   Other: 0.1ms
[2025-06-28T00:21:17.387+0200][11.436s] GC(294) Eden regions: 1->0(1)
[2025-06-28T00:21:17.388+0200][11.436s] GC(294) Survivor regions: 1->1(1)
[2025-06-28T00:21:17.388+0200][11.436s] GC(294) Old regions: 17->17
[2025-06-28T00:21:17.388+0200][11.436s] GC(294) Humongous regions: 0->0
[2025-06-28T00:21:17.388+0200][11.436s] GC(294) Metaspace: 50927K(51392K)->50927K(51392K) NonClass: 44147K(44416K)->44147K(44416K) Class: 6780K(6976K)->6780K(6976K)
[2025-06-28T00:21:17.388+0200][11.436s] GC(294) Pause Young (Normal) (G1 Evacuation Pause) 17M->16M(22M) 2.064ms
[2025-06-28T00:21:17.388+0200][11.436s] GC(294) User=0.02s Sys=0.00s Real=0.00s
[2025-06-28T00:21:17.404+0200][11.452s] GC(295) Pause Young (Concurrent Start) (G1 Evacuation Pause)
[2025-06-28T00:21:17.404+0200][11.452s] GC(295) Using 2 workers of 10 for evacuation
[2025-06-28T00:21:17.406+0200][11.454s] GC(295)   Pre Evacuate Collection Set: 0.2ms
[2025-06-28T00:21:17.406+0200][11.454s] GC(295)   Merge Heap Roots: 0.1ms
[2025-06-28T00:21:17.406+0200][11.454s] GC(295)   Evacuate Collection Set: 1.2ms
[2025-06-28T00:21:17.406+0200][11.454s] GC(295)   Post Evacuate Collection Set: 0.3ms
[2025-06-28T00:21:17.406+0200][11.454s] GC(295)   Other: 0.1ms
[2025-06-28T00:21:17.406+0200][11.454s] GC(295) Eden regions: 1->0(1)
[2025-06-28T00:21:17.406+0200][11.454s] GC(295) Survivor regions: 1->1(1)
[2025-06-28T00:21:17.406+0200][11.454s] GC(295) Old regions: 17->17
[2025-06-28T00:21:17.406+0200][11.454s] GC(295) Humongous regions: 0->0
[2025-06-28T00:21:17.406+0200][11.454s] GC(295) Metaspace: 51051K(51520K)->51051K(51520K) NonClass: 44250K(44480K)->44250K(44480K) Class: 6801K(7040K)->6801K(7040K)
[2025-06-28T00:21:17.406+0200][11.454s] GC(295) Pause Young (Concurrent Start) (G1 Evacuation Pause) 17M->16M(22M) 2.131ms
[2025-06-28T00:21:17.406+0200][11.454s] GC(295) User=0.00s Sys=0.00s Real=0.00s
[2025-06-28T00:21:17.406+0200][11.454s] GC(296) Concurrent Mark Cycle
[2025-06-28T00:21:17.406+0200][11.454s] GC(296) Concurrent Scan Root Regions
[2025-06-28T00:21:17.408+0200][11.455s] GC(296) Concurrent Scan Root Regions 1.111ms
[2025-06-28T00:21:17.408+0200][11.455s] GC(296) Concurrent Mark
[2025-06-28T00:21:17.408+0200][11.455s] GC(296) Concurrent Mark From Roots
[2025-06-28T00:21:17.408+0200][11.455s] GC(296) Using 3 workers of 3 for marking
[2025-06-28T00:21:17.421+0200][11.469s] GC(296) Concurrent Mark From Roots 13.877ms
[2025-06-28T00:21:17.421+0200][11.469s] GC(296) Concurrent Preclean
[2025-06-28T00:21:17.422+0200][11.470s] GC(296) Concurrent Preclean 0.156ms
[2025-06-28T00:21:17.422+0200][11.470s] GC(296) Pause Remark
[2025-06-28T00:21:17.426+0200][11.474s] GC(296) Pause Remark 17M->17M(22M) 4.294ms
[2025-06-28T00:21:17.426+0200][11.474s] GC(296) User=0.00s Sys=0.00s Real=0.00s
[2025-06-28T00:21:17.426+0200][11.474s] GC(296) Concurrent Mark 18.665ms
[2025-06-28T00:21:17.426+0200][11.474s] GC(296) Concurrent Rebuild Remembered Sets and Scrub Regions
[2025-06-28T00:21:17.431+0200][11.479s] GC(297) Pause Young (Normal) (G1 Evacuation Pause)
[2025-06-28T00:21:17.431+0200][11.479s] GC(297) Using 2 workers of 10 for evacuation
[2025-06-28T00:21:17.433+0200][11.481s] GC(297)   Pre Evacuate Collection Set: 0.2ms
[2025-06-28T00:21:17.433+0200][11.481s] GC(297)   Merge Heap Roots: 0.0ms
[2025-06-28T00:21:17.433+0200][11.481s] GC(297)   Evacuate Collection Set: 1.8ms
[2025-06-28T00:21:17.433+0200][11.481s] GC(297)   Post Evacuate Collection Set: 0.4ms
[2025-06-28T00:21:17.433+0200][11.481s] GC(297)   Other: 0.0ms
[2025-06-28T00:21:17.433+0200][11.481s] GC(297) Eden regions: 1->0(1)
[2025-06-28T00:21:17.433+0200][11.481s] GC(297) Survivor regions: 1->1(1)
[2025-06-28T00:21:17.433+0200][11.481s] GC(297) Old regions: 17->17
[2025-06-28T00:21:17.433+0200][11.481s] GC(297) Humongous regions: 0->0
[2025-06-28T00:21:17.433+0200][11.481s] GC(297) Metaspace: 51170K(51648K)->51170K(51648K) NonClass: 44347K(44608K)->44347K(44608K) Class: 6822K(7040K)->6822K(7040K)
[2025-06-28T00:21:17.433+0200][11.481s] GC(297) Pause Young (Normal) (G1 Evacuation Pause) 17M->16M(22M) 2.679ms
[2025-06-28T00:21:17.433+0200][11.481s] GC(297) User=0.03s Sys=0.00s Real=0.00s
[2025-06-28T00:21:17.435+0200][11.483s] GC(296) Concurrent Rebuild Remembered Sets and Scrub Regions 8.666ms
[2025-06-28T00:21:17.435+0200][11.483s] GC(296) Pause Cleanup
[2025-06-28T00:21:17.435+0200][11.483s] GC(296) Pause Cleanup 17M->17M(22M) 0.164ms
[2025-06-28T00:21:17.435+0200][11.483s] GC(296) User=0.00s Sys=0.00s Real=0.00s
[2025-06-28T00:21:17.435+0200][11.483s] GC(296) Concurrent Clear Claimed Marks
[2025-06-28T00:21:17.436+0200][11.483s] GC(296) Concurrent Clear Claimed Marks 0.084ms
[2025-06-28T00:21:17.436+0200][11.483s] GC(296) Concurrent Cleanup for Next Mark
[2025-06-28T00:21:17.436+0200][11.484s] GC(296) Concurrent Cleanup for Next Mark 0.176ms
[2025-06-28T00:21:17.436+0200][11.484s] GC(296) Concurrent Mark Cycle 29.483ms
[2025-06-28T00:21:17.444+0200][11.492s] GC(298) Pause Young (Normal) (G1 Evacuation Pause)
[2025-06-28T00:21:17.444+0200][11.492s] GC(298) Using 2 workers of 10 for evacuation
[2025-06-28T00:21:17.446+0200][11.494s] GC(298)   Pre Evacuate Collection Set: 0.2ms
[2025-06-28T00:21:17.446+0200][11.494s] GC(298)   Merge Heap Roots: 0.1ms
[2025-06-28T00:21:17.446+0200][11.494s] GC(298)   Evacuate Collection Set: 1.2ms
[2025-06-28T00:21:17.446+0200][11.494s] GC(298)   Post Evacuate Collection Set: 0.4ms
[2025-06-28T00:21:17.446+0200][11.494s] GC(298)   Other: 0.1ms
[2025-06-28T00:21:17.446+0200][11.494s] GC(298) Eden regions: 1->0(1)
[2025-06-28T00:21:17.446+0200][11.494s] GC(298) Survivor regions: 1->1(1)
[2025-06-28T00:21:17.446+0200][11.494s] GC(298) Old regions: 17->17
[2025-06-28T00:21:17.446+0200][11.494s] GC(298) Humongous regions: 0->0
[2025-06-28T00:21:17.446+0200][11.494s] GC(298) Metaspace: 51286K(51712K)->51286K(51712K) NonClass: 44444K(44672K)->44444K(44672K) Class: 6841K(7040K)->6841K(7040K)
[2025-06-28T00:21:17.446+0200][11.494s] GC(298) Pause Young (Normal) (G1 Evacuation Pause) 17M->16M(22M) 2.198ms
[2025-06-28T00:21:17.446+0200][11.494s] GC(298) User=0.00s Sys=0.00s Real=0.00s
[2025-06-28T00:21:17.456+0200][11.504s] GC(299) Pause Young (Concurrent Start) (G1 Evacuation Pause)
[2025-06-28T00:21:17.456+0200][11.504s] GC(299) Using 2 workers of 10 for evacuation
[2025-06-28T00:21:17.458+0200][11.506s] GC(299)   Pre Evacuate Collection Set: 0.2ms
[2025-06-28T00:21:17.458+0200][11.506s] GC(299)   Merge Heap Roots: 0.1ms
[2025-06-28T00:21:17.458+0200][11.506s] GC(299)   Evacuate Collection Set: 1.6ms
[2025-06-28T00:21:17.458+0200][11.506s] GC(299)   Post Evacuate Collection Set: 0.4ms
[2025-06-28T00:21:17.458+0200][11.506s] GC(299)   Other: 0.1ms
[2025-06-28T00:21:17.458+0200][11.506s] GC(299) Eden regions: 1->0(1)
[2025-06-28T00:21:17.458+0200][11.506s] GC(299) Survivor regions: 1->1(1)
[2025-06-28T00:21:17.458+0200][11.506s] GC(299) Old regions: 17->17
[2025-06-28T00:21:17.458+0200][11.506s] GC(299) Humongous regions: 0->0
[2025-06-28T00:21:17.458+0200][11.506s] GC(299) Metaspace: 51429K(51904K)->51429K(51904K) NonClass: 44560K(44800K)->44560K(44800K) Class: 6868K(7104K)->6868K(7104K)
[2025-06-28T00:21:17.458+0200][11.506s] GC(299) Pause Young (Concurrent Start) (G1 Evacuation Pause) 17M->17M(22M) 2.604ms
[2025-06-28T00:21:17.458+0200][11.506s] GC(299) User=0.00s Sys=0.00s Real=0.00s
[2025-06-28T00:21:17.458+0200][11.506s] GC(300) Concurrent Mark Cycle
[2025-06-28T00:21:17.458+0200][11.507s] GC(300) Concurrent Scan Root Regions
[2025-06-28T00:21:17.460+0200][11.508s] GC(300) Concurrent Scan Root Regions 1.031ms
[2025-06-28T00:21:17.460+0200][11.508s] GC(300) Concurrent Mark
[2025-06-28T00:21:17.460+0200][11.508s] GC(300) Concurrent Mark From Roots
[2025-06-28T00:21:17.460+0200][11.508s] GC(300) Using 3 workers of 3 for marking
[2025-06-28T00:21:17.472+0200][11.520s] GC(300) Concurrent Mark From Roots 12.572ms
[2025-06-28T00:21:17.472+0200][11.520s] GC(300) Concurrent Preclean
[2025-06-28T00:21:17.472+0200][11.520s] GC(300) Concurrent Preclean 0.186ms
[2025-06-28T00:21:17.472+0200][11.521s] GC(300) Pause Remark
[2025-06-28T00:21:17.482+0200][11.529s] GC(300) Pause Remark 17M->17M(22M) 8.892ms
[2025-06-28T00:21:17.482+0200][11.530s] GC(300) User=0.00s Sys=0.00s Real=0.01s
[2025-06-28T00:21:17.482+0200][11.530s] GC(300) Concurrent Mark 22.087ms
[2025-06-28T00:21:17.482+0200][11.530s] GC(300) Concurrent Rebuild Remembered Sets and Scrub Regions
[2025-06-28T00:21:17.487+0200][11.536s] GC(301) Pause Young (Normal) (G1 Evacuation Pause)
[2025-06-28T00:21:17.488+0200][11.536s] GC(301) Using 2 workers of 10 for evacuation
[2025-06-28T00:21:17.491+0200][11.539s] GC(301)   Pre Evacuate Collection Set: 0.2ms
[2025-06-28T00:21:17.491+0200][11.539s] GC(301)   Merge Heap Roots: 0.2ms
[2025-06-28T00:21:17.491+0200][11.539s] GC(301)   Evacuate Collection Set: 2.1ms
[2025-06-28T00:21:17.491+0200][11.539s] GC(301)   Post Evacuate Collection Set: 0.6ms
[2025-06-28T00:21:17.491+0200][11.539s] GC(301)   Other: 0.1ms
[2025-06-28T00:21:17.491+0200][11.539s] GC(301) Eden regions: 1->0(1)
[2025-06-28T00:21:17.491+0200][11.539s] GC(301) Survivor regions: 1->1(1)
[2025-06-28T00:21:17.491+0200][11.539s] GC(301) Old regions: 17->17
[2025-06-28T00:21:17.491+0200][11.539s] GC(301) Humongous regions: 0->0
[2025-06-28T00:21:17.491+0200][11.539s] GC(301) Metaspace: 51579K(52032K)->51579K(52032K) NonClass: 44686K(44928K)->44686K(44928K) Class: 6892K(7104K)->6892K(7104K)
[2025-06-28T00:21:17.491+0200][11.539s] GC(301) Pause Young (Normal) (G1 Evacuation Pause) 18M->17M(22M) 3.486ms
[2025-06-28T00:21:17.491+0200][11.539s] GC(301) User=0.00s Sys=0.00s Real=0.00s
[2025-06-28T00:21:17.494+0200][11.542s] GC(300) Concurrent Rebuild Remembered Sets and Scrub Regions 12.323ms
[2025-06-28T00:21:17.494+0200][11.542s] GC(300) Pause Cleanup
[2025-06-28T00:21:17.494+0200][11.542s] GC(300) Pause Cleanup 17M->17M(22M) 0.195ms
[2025-06-28T00:21:17.494+0200][11.543s] GC(300) User=0.00s Sys=0.00s Real=0.00s
[2025-06-28T00:21:17.495+0200][11.543s] GC(300) Concurrent Clear Claimed Marks
[2025-06-28T00:21:17.495+0200][11.543s] GC(300) Concurrent Clear Claimed Marks 0.086ms
[2025-06-28T00:21:17.495+0200][11.543s] GC(300) Concurrent Cleanup for Next Mark
[2025-06-28T00:21:17.495+0200][11.543s] GC(300) Concurrent Cleanup for Next Mark 0.208ms
[2025-06-28T00:21:17.495+0200][11.543s] GC(300) Concurrent Mark Cycle 36.646ms
[2025-06-28T00:21:17.505+0200][11.553s] GC(302) Pause Young (Normal) (G1 Evacuation Pause)
[2025-06-28T00:21:17.505+0200][11.553s] GC(302) Using 2 workers of 10 for evacuation
[2025-06-28T00:21:17.507+0200][11.555s] GC(302)   Pre Evacuate Collection Set: 0.2ms
[2025-06-28T00:21:17.507+0200][11.555s] GC(302)   Merge Heap Roots: 0.1ms
[2025-06-28T00:21:17.507+0200][11.555s] GC(302)   Evacuate Collection Set: 1.3ms
[2025-06-28T00:21:17.507+0200][11.555s] GC(302)   Post Evacuate Collection Set: 0.5ms
[2025-06-28T00:21:17.507+0200][11.555s] GC(302)   Other: 0.1ms
[2025-06-28T00:21:17.507+0200][11.555s] GC(302) Eden regions: 1->0(1)
[2025-06-28T00:21:17.507+0200][11.555s] GC(302) Survivor regions: 1->1(1)
[2025-06-28T00:21:17.507+0200][11.555s] GC(302) Old regions: 17->17
[2025-06-28T00:21:17.507+0200][11.555s] GC(302) Humongous regions: 0->0
[2025-06-28T00:21:17.507+0200][11.555s] GC(302) Metaspace: 51715K(52096K)->51715K(52096K) NonClass: 44799K(44992K)->44799K(44992K) Class: 6915K(7104K)->6915K(7104K)
[2025-06-28T00:21:17.507+0200][11.555s] GC(302) Pause Young (Normal) (G1 Evacuation Pause) 18M->17M(22M) 2.263ms
[2025-06-28T00:21:17.507+0200][11.555s] GC(302) User=0.00s Sys=0.00s Real=0.00s
[2025-06-28T00:21:17.528+0200][11.575s] GC(303) Pause Young (Concurrent Start) (G1 Evacuation Pause)
[2025-06-28T00:21:17.528+0200][11.575s] GC(303) Using 2 workers of 10 for evacuation
[2025-06-28T00:21:17.530+0200][11.578s] GC(303)   Pre Evacuate Collection Set: 0.3ms
[2025-06-28T00:21:17.530+0200][11.578s] GC(303)   Merge Heap Roots: 0.1ms
[2025-06-28T00:21:17.530+0200][11.578s] GC(303)   Evacuate Collection Set: 1.5ms
[2025-06-28T00:21:17.530+0200][11.578s] GC(303)   Post Evacuate Collection Set: 0.6ms
[2025-06-28T00:21:17.530+0200][11.578s] GC(303)   Other: 0.2ms
[2025-06-28T00:21:17.530+0200][11.578s] GC(303) Eden regions: 1->0(1)
[2025-06-28T00:21:17.530+0200][11.578s] GC(303) Survivor regions: 1->1(1)
[2025-06-28T00:21:17.530+0200][11.578s] GC(303) Old regions: 17->17
[2025-06-28T00:21:17.530+0200][11.578s] GC(303) Humongous regions: 0->0
[2025-06-28T00:21:17.530+0200][11.578s] GC(303) Metaspace: 51800K(52288K)->51800K(52288K) NonClass: 44871K(45120K)->44871K(45120K) Class: 6929K(7168K)->6929K(7168K)
[2025-06-28T00:21:17.530+0200][11.578s] GC(303) Pause Young (Concurrent Start) (G1 Evacuation Pause) 18M->17M(22M) 3.055ms
[2025-06-28T00:21:17.530+0200][11.578s] GC(303) User=0.00s Sys=0.00s Real=0.00s
[2025-06-28T00:21:17.530+0200][11.578s] GC(304) Concurrent Mark Cycle
[2025-06-28T00:21:17.530+0200][11.579s] GC(304) Concurrent Scan Root Regions
[2025-06-28T00:21:17.531+0200][11.580s] GC(304) Concurrent Scan Root Regions 1.037ms
[2025-06-28T00:21:17.531+0200][11.580s] GC(304) Concurrent Mark
[2025-06-28T00:21:17.531+0200][11.580s] GC(304) Concurrent Mark From Roots
[2025-06-28T00:21:17.531+0200][11.580s] GC(304) Using 3 workers of 3 for marking
[2025-06-28T00:21:17.543+0200][11.592s] GC(304) Concurrent Mark From Roots 12.093ms
[2025-06-28T00:21:17.543+0200][11.592s] GC(304) Concurrent Preclean
[2025-06-28T00:21:17.543+0200][11.592s] GC(304) Concurrent Preclean 0.189ms
[2025-06-28T00:21:17.545+0200][11.592s] GC(304) Pause Remark
[2025-06-28T00:21:17.549+0200][11.597s] GC(304) Pause Remark 17M->17M(22M) 4.908ms
[2025-06-28T00:21:17.549+0200][11.597s] GC(304) User=0.00s Sys=0.00s Real=0.00s
[2025-06-28T00:21:17.549+0200][11.597s] GC(304) Concurrent Mark 17.718ms
[2025-06-28T00:21:17.549+0200][11.597s] GC(304) Concurrent Rebuild Remembered Sets and Scrub Regions
[2025-06-28T00:21:17.554+0200][11.603s] GC(305) Pause Young (Normal) (G1 Evacuation Pause)
[2025-06-28T00:21:17.554+0200][11.603s] GC(305) Using 2 workers of 10 for evacuation
[2025-06-28T00:21:17.557+0200][11.605s] GC(305)   Pre Evacuate Collection Set: 0.2ms
[2025-06-28T00:21:17.557+0200][11.605s] GC(305)   Merge Heap Roots: 0.1ms
[2025-06-28T00:21:17.557+0200][11.605s] GC(305)   Evacuate Collection Set: 1.4ms
[2025-06-28T00:21:17.557+0200][11.605s] GC(305)   Post Evacuate Collection Set: 0.6ms
[2025-06-28T00:21:17.557+0200][11.605s] GC(305)   Other: 0.1ms
[2025-06-28T00:21:17.557+0200][11.605s] GC(305) Eden regions: 1->0(1)
[2025-06-28T00:21:17.557+0200][11.605s] GC(305) Survivor regions: 1->1(1)
[2025-06-28T00:21:17.557+0200][11.605s] GC(305) Old regions: 17->17
[2025-06-28T00:21:17.557+0200][11.605s] GC(305) Humongous regions: 0->0
[2025-06-28T00:21:17.557+0200][11.605s] GC(305) Metaspace: 51935K(52352K)->51935K(52352K) NonClass: 44977K(45184K)->44977K(45184K) Class: 6957K(7168K)->6957K(7168K)
[2025-06-28T00:21:17.557+0200][11.605s] GC(305) Pause Young (Normal) (G1 Evacuation Pause) 18M->17M(22M) 2.533ms
[2025-06-28T00:21:17.557+0200][11.605s] GC(305) User=0.02s Sys=0.00s Real=0.00s
[2025-06-28T00:21:17.559+0200][11.606s] GC(304) Concurrent Rebuild Remembered Sets and Scrub Regions 8.741ms
[2025-06-28T00:21:17.559+0200][11.606s] GC(304) Pause Cleanup
[2025-06-28T00:21:17.559+0200][11.606s] GC(304) Pause Cleanup 17M->17M(22M) 0.118ms
[2025-06-28T00:21:17.559+0200][11.607s] GC(304) User=0.00s Sys=0.00s Real=0.00s
[2025-06-28T00:21:17.559+0200][11.607s] GC(304) Concurrent Clear Claimed Marks
[2025-06-28T00:21:17.559+0200][11.607s] GC(304) Concurrent Clear Claimed Marks 0.068ms
[2025-06-28T00:21:17.559+0200][11.607s] GC(304) Concurrent Cleanup for Next Mark
[2025-06-28T00:21:17.559+0200][11.607s] GC(304) Concurrent Cleanup for Next Mark 0.136ms
[2025-06-28T00:21:17.559+0200][11.607s] GC(304) Concurrent Mark Cycle 28.389ms
[2025-06-28T00:21:17.569+0200][11.617s] GC(306) Pause Young (Normal) (G1 Evacuation Pause)
[2025-06-28T00:21:17.569+0200][11.617s] GC(306) Using 2 workers of 10 for evacuation
[2025-06-28T00:21:17.571+0200][11.619s] GC(306)   Pre Evacuate Collection Set: 0.2ms
[2025-06-28T00:21:17.571+0200][11.619s] GC(306)   Merge Heap Roots: 0.2ms
[2025-06-28T00:21:17.571+0200][11.619s] GC(306)   Evacuate Collection Set: 1.2ms
[2025-06-28T00:21:17.571+0200][11.619s] GC(306)   Post Evacuate Collection Set: 0.5ms
[2025-06-28T00:21:17.571+0200][11.619s] GC(306)   Other: 0.0ms
[2025-06-28T00:21:17.571+0200][11.619s] GC(306) Eden regions: 1->0(1)
[2025-06-28T00:21:17.571+0200][11.619s] GC(306) Survivor regions: 1->1(1)
[2025-06-28T00:21:17.571+0200][11.619s] GC(306) Old regions: 17->17
[2025-06-28T00:21:17.571+0200][11.619s] GC(306) Humongous regions: 0->0
[2025-06-28T00:21:17.571+0200][11.619s] GC(306) Metaspace: 52050K(52480K)->52050K(52480K) NonClass: 45072K(45312K)->45072K(45312K) Class: 6977K(7168K)->6977K(7168K)
[2025-06-28T00:21:17.572+0200][11.619s] GC(306) Pause Young (Normal) (G1 Evacuation Pause) 18M->17M(22M) 2.322ms
[2025-06-28T00:21:17.572+0200][11.619s] GC(306) User=0.00s Sys=0.00s Real=0.00s
[2025-06-28T00:21:17.581+0200][11.629s] GC(307) Pause Young (Concurrent Start) (G1 Evacuation Pause)
[2025-06-28T00:21:17.581+0200][11.629s] GC(307) Using 2 workers of 10 for evacuation
[2025-06-28T00:21:17.583+0200][11.631s] GC(307)   Pre Evacuate Collection Set: 0.2ms
[2025-06-28T00:21:17.583+0200][11.631s] GC(307)   Merge Heap Roots: 0.0ms
[2025-06-28T00:21:17.583+0200][11.631s] GC(307)   Evacuate Collection Set: 1.6ms
[2025-06-28T00:21:17.583+0200][11.631s] GC(307)   Post Evacuate Collection Set: 0.3ms
[2025-06-28T00:21:17.583+0200][11.631s] GC(307)   Other: 0.2ms
[2025-06-28T00:21:17.583+0200][11.631s] GC(307) Eden regions: 1->0(1)
[2025-06-28T00:21:17.583+0200][11.631s] GC(307) Survivor regions: 1->1(1)
[2025-06-28T00:21:17.583+0200][11.631s] GC(307) Old regions: 17->17
[2025-06-28T00:21:17.584+0200][11.631s] GC(307) Humongous regions: 0->0
[2025-06-28T00:21:17.584+0200][11.631s] GC(307) Metaspace: 52141K(52608K)->52141K(52608K) NonClass: 45148K(45376K)->45148K(45376K) Class: 6992K(7232K)->6992K(7232K)
[2025-06-28T00:21:17.584+0200][11.631s] GC(307) Pause Young (Concurrent Start) (G1 Evacuation Pause) 18M->17M(22M) 2.469ms
[2025-06-28T00:21:17.584+0200][11.631s] GC(307) User=0.00s Sys=0.00s Real=0.00s
[2025-06-28T00:21:17.584+0200][11.631s] GC(308) Concurrent Mark Cycle
[2025-06-28T00:21:17.584+0200][11.631s] GC(308) Concurrent Scan Root Regions
[2025-06-28T00:21:17.584+0200][11.632s] GC(308) Concurrent Scan Root Regions 0.454ms
[2025-06-28T00:21:17.584+0200][11.632s] GC(308) Concurrent Mark
[2025-06-28T00:21:17.584+0200][11.632s] GC(308) Concurrent Mark From Roots
[2025-06-28T00:21:17.584+0200][11.632s] GC(308) Using 3 workers of 3 for marking
[2025-06-28T00:21:17.599+0200][11.647s] GC(308) Concurrent Mark From Roots 14.912ms
[2025-06-28T00:21:17.599+0200][11.647s] GC(308) Concurrent Preclean
[2025-06-28T00:21:17.599+0200][11.647s] GC(308) Concurrent Preclean 0.169ms
[2025-06-28T00:21:17.599+0200][11.647s] GC(308) Pause Remark
[2025-06-28T00:21:17.604+0200][11.653s] GC(308) Pause Remark 17M->17M(22M) 5.455ms
[2025-06-28T00:21:17.604+0200][11.653s] GC(308) User=0.00s Sys=0.00s Real=0.01s
[2025-06-28T00:21:17.605+0200][11.653s] GC(308) Concurrent Mark 20.867ms
[2025-06-28T00:21:17.605+0200][11.653s] GC(308) Concurrent Rebuild Remembered Sets and Scrub Regions
[2025-06-28T00:21:17.608+0200][11.656s] GC(309) Pause Young (Normal) (G1 Evacuation Pause)
[2025-06-28T00:21:17.608+0200][11.656s] GC(309) Using 2 workers of 10 for evacuation
[2025-06-28T00:21:17.611+0200][11.660s] GC(309)   Pre Evacuate Collection Set: 0.1ms
[2025-06-28T00:21:17.611+0200][11.660s] GC(309)   Merge Heap Roots: 0.1ms
[2025-06-28T00:21:17.611+0200][11.660s] GC(309)   Evacuate Collection Set: 2.2ms
[2025-06-28T00:21:17.611+0200][11.660s] GC(309)   Post Evacuate Collection Set: 0.6ms
[2025-06-28T00:21:17.612+0200][11.660s] GC(309)   Other: 0.1ms
[2025-06-28T00:21:17.612+0200][11.660s] GC(309) Eden regions: 1->0(1)
[2025-06-28T00:21:17.612+0200][11.660s] GC(309) Survivor regions: 1->1(1)
[2025-06-28T00:21:17.612+0200][11.660s] GC(309) Old regions: 17->17
[2025-06-28T00:21:17.612+0200][11.660s] GC(309) Humongous regions: 0->0
[2025-06-28T00:21:17.612+0200][11.660s] GC(309) Metaspace: 52388K(52800K)->52388K(52800K) NonClass: 45360K(45568K)->45360K(45568K) Class: 7028K(7232K)->7028K(7232K)
[2025-06-28T00:21:17.612+0200][11.660s] GC(309) Pause Young (Normal) (G1 Evacuation Pause) 18M->17M(22M) 3.434ms
[2025-06-28T00:21:17.612+0200][11.660s] GC(309) User=0.00s Sys=0.00s Real=0.00s
[2025-06-28T00:21:17.615+0200][11.663s] GC(308) Concurrent Rebuild Remembered Sets and Scrub Regions 10.009ms
[2025-06-28T00:21:17.615+0200][11.663s] GC(308) Pause Cleanup
[2025-06-28T00:21:17.615+0200][11.663s] GC(308) Pause Cleanup 17M->17M(22M) 0.179ms
[2025-06-28T00:21:17.615+0200][11.663s] GC(308) User=0.00s Sys=0.00s Real=0.00s
[2025-06-28T00:21:17.615+0200][11.664s] GC(308) Concurrent Clear Claimed Marks
[2025-06-28T00:21:17.615+0200][11.664s] GC(308) Concurrent Clear Claimed Marks 0.074ms
[2025-06-28T00:21:17.615+0200][11.664s] GC(308) Concurrent Cleanup for Next Mark
[2025-06-28T00:21:17.616+0200][11.664s] GC(308) Concurrent Cleanup for Next Mark 0.134ms
[2025-06-28T00:21:17.616+0200][11.664s] GC(308) Concurrent Mark Cycle 32.352ms
[2025-06-28T00:21:17.624+0200][11.673s] GC(310) Pause Young (Normal) (G1 Evacuation Pause)
[2025-06-28T00:21:17.625+0200][11.673s] GC(310) Using 2 workers of 10 for evacuation
[2025-06-28T00:21:17.627+0200][11.675s] GC(310)   Pre Evacuate Collection Set: 0.2ms
[2025-06-28T00:21:17.627+0200][11.675s] GC(310)   Merge Heap Roots: 0.1ms
[2025-06-28T00:21:17.627+0200][11.675s] GC(310)   Evacuate Collection Set: 1.3ms
[2025-06-28T00:21:17.627+0200][11.675s] GC(310)   Post Evacuate Collection Set: 0.6ms
[2025-06-28T00:21:17.627+0200][11.675s] GC(310)   Other: 0.1ms
[2025-06-28T00:21:17.627+0200][11.675s] GC(310) Eden regions: 1->0(1)
[2025-06-28T00:21:17.627+0200][11.675s] GC(310) Survivor regions: 1->1(1)
[2025-06-28T00:21:17.627+0200][11.675s] GC(310) Old regions: 17->17
[2025-06-28T00:21:17.627+0200][11.675s] GC(310) Humongous regions: 0->0
[2025-06-28T00:21:17.627+0200][11.675s] GC(310) Metaspace: 52504K(52928K)->52504K(52928K) NonClass: 45462K(45696K)->45462K(45696K) Class: 7041K(7232K)->7041K(7232K)
[2025-06-28T00:21:17.627+0200][11.675s] GC(310) Pause Young (Normal) (G1 Evacuation Pause) 18M->17M(22M) 2.573ms
[2025-06-28T00:21:17.627+0200][11.675s] GC(310) User=0.00s Sys=0.00s Real=0.00s
[2025-06-28T00:21:17.644+0200][11.692s] GC(311) Pause Young (Concurrent Start) (G1 Evacuation Pause)
[2025-06-28T00:21:17.644+0200][11.692s] GC(311) Using 2 workers of 10 for evacuation
[2025-06-28T00:21:17.647+0200][11.694s] GC(311)   Pre Evacuate Collection Set: 0.3ms
[2025-06-28T00:21:17.647+0200][11.694s] GC(311)   Merge Heap Roots: 0.1ms
[2025-06-28T00:21:17.647+0200][11.694s] GC(311)   Evacuate Collection Set: 1.3ms
[2025-06-28T00:21:17.647+0200][11.694s] GC(311)   Post Evacuate Collection Set: 0.4ms
[2025-06-28T00:21:17.647+0200][11.694s] GC(311)   Other: 0.2ms
[2025-06-28T00:21:17.647+0200][11.694s] GC(311) Eden regions: 1->0(1)
[2025-06-28T00:21:17.647+0200][11.694s] GC(311) Survivor regions: 1->1(1)
[2025-06-28T00:21:17.647+0200][11.694s] GC(311) Old regions: 17->17
[2025-06-28T00:21:17.647+0200][11.694s] GC(311) Humongous regions: 0->0
[2025-06-28T00:21:17.647+0200][11.694s] GC(311) Metaspace: 52546K(52992K)->52546K(52992K) NonClass: 45502K(45696K)->45502K(45696K) Class: 7043K(7296K)->7043K(7296K)
[2025-06-28T00:21:17.647+0200][11.694s] GC(311) Pause Young (Concurrent Start) (G1 Evacuation Pause) 18M->17M(22M) 2.474ms
[2025-06-28T00:21:17.647+0200][11.694s] GC(311) User=0.00s Sys=0.00s Real=0.00s
[2025-06-28T00:21:17.647+0200][11.694s] GC(312) Concurrent Mark Cycle
[2025-06-28T00:21:17.647+0200][11.695s] GC(312) Concurrent Scan Root Regions
[2025-06-28T00:21:17.647+0200][11.695s] GC(312) Concurrent Scan Root Regions 0.646ms
[2025-06-28T00:21:17.647+0200][11.695s] GC(312) Concurrent Mark
[2025-06-28T00:21:17.647+0200][11.695s] GC(312) Concurrent Mark From Roots
[2025-06-28T00:21:17.648+0200][11.695s] GC(312) Using 3 workers of 3 for marking
[2025-06-28T00:21:17.662+0200][11.710s] GC(312) Concurrent Mark From Roots 14.537ms
[2025-06-28T00:21:17.662+0200][11.710s] GC(312) Concurrent Preclean
[2025-06-28T00:21:17.662+0200][11.710s] GC(312) Concurrent Preclean 0.181ms
[2025-06-28T00:21:17.663+0200][11.710s] GC(312) Pause Remark
[2025-06-28T00:21:17.667+0200][11.715s] GC(312) Pause Remark 17M->17M(22M) 4.315ms
[2025-06-28T00:21:17.667+0200][11.715s] GC(312) User=0.00s Sys=0.00s Real=0.00s
[2025-06-28T00:21:17.667+0200][11.715s] GC(312) Concurrent Mark 19.569ms
[2025-06-28T00:21:17.667+0200][11.715s] GC(312) Concurrent Rebuild Remembered Sets and Scrub Regions
[2025-06-28T00:21:17.672+0200][11.720s] GC(312) Concurrent Rebuild Remembered Sets and Scrub Regions 5.464ms
[2025-06-28T00:21:17.672+0200][11.721s] GC(312) Pause Cleanup
[2025-06-28T00:21:17.673+0200][11.721s] GC(312) Pause Cleanup 17M->17M(22M) 0.146ms
[2025-06-28T00:21:17.673+0200][11.721s] GC(312) User=0.00s Sys=0.00s Real=0.00s
[2025-06-28T00:21:17.673+0200][11.721s] GC(312) Concurrent Clear Claimed Marks
[2025-06-28T00:21:17.673+0200][11.721s] GC(312) Concurrent Clear Claimed Marks 0.061ms
[2025-06-28T00:21:17.673+0200][11.721s] GC(312) Concurrent Cleanup for Next Mark
[2025-06-28T00:21:17.673+0200][11.721s] GC(312) Concurrent Cleanup for Next Mark 0.098ms
[2025-06-28T00:21:17.673+0200][11.721s] GC(312) Concurrent Mark Cycle 26.501ms
[2025-06-28T00:21:17.676+0200][11.724s] GC(313) Pause Young (Normal) (G1 Evacuation Pause)
[2025-06-28T00:21:17.676+0200][11.724s] GC(313) Using 2 workers of 10 for evacuation
[2025-06-28T00:21:17.679+0200][11.727s] GC(313)   Pre Evacuate Collection Set: 0.2ms
[2025-06-28T00:21:17.679+0200][11.727s] GC(313)   Merge Heap Roots: 0.1ms
[2025-06-28T00:21:17.679+0200][11.727s] GC(313)   Evacuate Collection Set: 1.6ms
[2025-06-28T00:21:17.679+0200][11.727s] GC(313)   Post Evacuate Collection Set: 0.5ms
[2025-06-28T00:21:17.679+0200][11.727s] GC(313)   Other: 0.1ms
[2025-06-28T00:21:17.679+0200][11.727s] GC(313) Eden regions: 1->0(1)
[2025-06-28T00:21:17.679+0200][11.727s] GC(313) Survivor regions: 1->1(1)
[2025-06-28T00:21:17.679+0200][11.727s] GC(313) Old regions: 17->17
[2025-06-28T00:21:17.679+0200][11.727s] GC(313) Humongous regions: 0->0
[2025-06-28T00:21:17.679+0200][11.727s] GC(313) Metaspace: 52586K(53056K)->52586K(53056K) NonClass: 45537K(45760K)->45537K(45760K) Class: 7049K(7296K)->7049K(7296K)
[2025-06-28T00:21:17.679+0200][11.727s] GC(313) Pause Young (Normal) (G1 Evacuation Pause) 18M->17M(22M) 2.678ms
[2025-06-28T00:21:17.679+0200][11.727s] GC(313) User=0.00s Sys=0.00s Real=0.00s
[2025-06-28T00:21:17.695+0200][11.743s] GC(314) Pause Young (Concurrent Start) (G1 Evacuation Pause)
[2025-06-28T00:21:17.695+0200][11.743s] GC(314) Using 2 workers of 10 for evacuation
[2025-06-28T00:21:17.697+0200][11.745s] GC(314)   Pre Evacuate Collection Set: 0.1ms
[2025-06-28T00:21:17.697+0200][11.745s] GC(314)   Merge Heap Roots: 0.1ms
[2025-06-28T00:21:17.697+0200][11.745s] GC(314)   Evacuate Collection Set: 1.2ms
[2025-06-28T00:21:17.697+0200][11.745s] GC(314)   Post Evacuate Collection Set: 0.3ms
[2025-06-28T00:21:17.697+0200][11.745s] GC(314)   Other: 0.1ms
[2025-06-28T00:21:17.697+0200][11.745s] GC(314) Eden regions: 1->0(1)
[2025-06-28T00:21:17.697+0200][11.745s] GC(314) Survivor regions: 1->1(1)
[2025-06-28T00:21:17.697+0200][11.745s] GC(314) Old regions: 17->17
[2025-06-28T00:21:17.697+0200][11.745s] GC(314) Humongous regions: 0->0
[2025-06-28T00:21:17.697+0200][11.745s] GC(314) Metaspace: 52616K(53056K)->52616K(53056K) NonClass: 45565K(45760K)->45565K(45760K) Class: 7051K(7296K)->7051K(7296K)
[2025-06-28T00:21:17.697+0200][11.745s] GC(314) Pause Young (Concurrent Start) (G1 Evacuation Pause) 18M->17M(22M) 2.011ms
[2025-06-28T00:21:17.697+0200][11.745s] GC(314) User=0.00s Sys=0.00s Real=0.00s
[2025-06-28T00:21:17.697+0200][11.745s] GC(315) Concurrent Mark Cycle
[2025-06-28T00:21:17.697+0200][11.745s] GC(315) Concurrent Scan Root Regions
[2025-06-28T00:21:17.698+0200][11.746s] GC(315) Concurrent Scan Root Regions 0.860ms
[2025-06-28T00:21:17.698+0200][11.746s] GC(315) Concurrent Mark
[2025-06-28T00:21:17.698+0200][11.746s] GC(315) Concurrent Mark From Roots
[2025-06-28T00:21:17.698+0200][11.746s] GC(315) Using 3 workers of 3 for marking
[2025-06-28T00:21:17.710+0200][11.758s] GC(315) Concurrent Mark From Roots 12.297ms
[2025-06-28T00:21:17.710+0200][11.758s] GC(315) Concurrent Preclean
[2025-06-28T00:21:17.710+0200][11.758s] GC(315) Concurrent Preclean 0.152ms
[2025-06-28T00:21:17.716+0200][11.764s] GC(315) Pause Remark
[2025-06-28T00:21:17.721+0200][11.770s] GC(315) Pause Remark 17M->17M(22M) 5.559ms
[2025-06-28T00:21:17.721+0200][11.770s] GC(315) User=0.00s Sys=0.00s Real=0.00s
[2025-06-28T00:21:17.721+0200][11.770s] GC(315) Concurrent Mark 24.094ms
[2025-06-28T00:21:17.722+0200][11.770s] GC(315) Concurrent Rebuild Remembered Sets and Scrub Regions
[2025-06-28T00:21:17.728+0200][11.776s] GC(315) Concurrent Rebuild Remembered Sets and Scrub Regions 5.707ms
[2025-06-28T00:21:17.728+0200][11.776s] GC(315) Pause Cleanup
[2025-06-28T00:21:17.728+0200][11.777s] GC(315) Pause Cleanup 17M->17M(22M) 0.214ms
[2025-06-28T00:21:17.728+0200][11.777s] GC(315) User=0.00s Sys=0.00s Real=0.00s
[2025-06-28T00:21:17.728+0200][11.777s] GC(315) Concurrent Clear Claimed Marks
[2025-06-28T00:21:17.728+0200][11.777s] GC(315) Concurrent Clear Claimed Marks 0.082ms
[2025-06-28T00:21:17.728+0200][11.777s] GC(315) Concurrent Cleanup for Next Mark
[2025-06-28T00:21:17.728+0200][11.777s] GC(315) Concurrent Cleanup for Next Mark 0.177ms
[2025-06-28T00:21:17.729+0200][11.777s] GC(315) Concurrent Mark Cycle 32.125ms
[2025-06-28T00:21:17.747+0200][11.795s] GC(316) Pause Young (Normal) (G1 Evacuation Pause)
[2025-06-28T00:21:17.747+0200][11.795s] GC(316) Using 2 workers of 10 for evacuation
[2025-06-28T00:21:17.752+0200][11.800s] GC(316)   Pre Evacuate Collection Set: 0.3ms
[2025-06-28T00:21:17.752+0200][11.800s] GC(316)   Merge Heap Roots: 0.2ms
[2025-06-28T00:21:17.752+0200][11.800s] GC(316)   Evacuate Collection Set: 1.7ms
[2025-06-28T00:21:17.752+0200][11.800s] GC(316)   Post Evacuate Collection Set: 2.9ms
[2025-06-28T00:21:17.752+0200][11.800s] GC(316)   Other: 0.1ms
[2025-06-28T00:21:17.752+0200][11.800s] GC(316) Eden regions: 1->0(1)
[2025-06-28T00:21:17.752+0200][11.800s] GC(316) Survivor regions: 1->1(1)
[2025-06-28T00:21:17.752+0200][11.800s] GC(316) Old regions: 17->17
[2025-06-28T00:21:17.752+0200][11.800s] GC(316) Humongous regions: 0->0
[2025-06-28T00:21:17.752+0200][11.800s] GC(316) Metaspace: 52882K(53312K)->52882K(53312K) NonClass: 45803K(46016K)->45803K(46016K) Class: 7078K(7296K)->7078K(7296K)
[2025-06-28T00:21:17.752+0200][11.800s] GC(316) Pause Young (Normal) (G1 Evacuation Pause) 18M->17M(22M) 5.415ms
[2025-06-28T00:21:17.752+0200][11.800s] GC(316) User=0.00s Sys=0.00s Real=0.01s
[2025-06-28T00:21:17.782+0200][11.830s] GC(317) Pause Young (Concurrent Start) (G1 Evacuation Pause)
[2025-06-28T00:21:17.782+0200][11.830s] GC(317) Using 2 workers of 10 for evacuation
[2025-06-28T00:21:17.788+0200][11.836s] GC(317)   Pre Evacuate Collection Set: 0.8ms
[2025-06-28T00:21:17.788+0200][11.836s] GC(317)   Merge Heap Roots: 0.0ms
[2025-06-28T00:21:17.788+0200][11.836s] GC(317)   Evacuate Collection Set: 2.8ms
[2025-06-28T00:21:17.788+0200][11.836s] GC(317)   Post Evacuate Collection Set: 1.2ms
[2025-06-28T00:21:17.788+0200][11.836s] GC(317)   Other: 1.4ms
[2025-06-28T00:21:17.788+0200][11.836s] GC(317) Eden regions: 1->0(1)
[2025-06-28T00:21:17.788+0200][11.836s] GC(317) Survivor regions: 1->1(1)
[2025-06-28T00:21:17.788+0200][11.836s] GC(317) Old regions: 17->17
[2025-06-28T00:21:17.788+0200][11.836s] GC(317) Humongous regions: 0->0
[2025-06-28T00:21:17.788+0200][11.836s] GC(317) Metaspace: 53081K(53504K)->53081K(53504K) NonClass: 45972K(46208K)->45972K(46208K) Class: 7109K(7296K)->7109K(7296K)
[2025-06-28T00:21:17.788+0200][11.836s] GC(317) Pause Young (Concurrent Start) (G1 Evacuation Pause) 18M->17M(22M) 6.616ms
[2025-06-28T00:21:17.788+0200][11.836s] GC(317) User=0.00s Sys=0.00s Real=0.01s
[2025-06-28T00:21:17.788+0200][11.836s] GC(318) Concurrent Mark Cycle
[2025-06-28T00:21:17.788+0200][11.837s] GC(318) Concurrent Scan Root Regions
[2025-06-28T00:21:17.789+0200][11.837s] GC(318) Concurrent Scan Root Regions 0.634ms
[2025-06-28T00:21:17.789+0200][11.837s] GC(318) Concurrent Mark
[2025-06-28T00:21:17.789+0200][11.837s] GC(318) Concurrent Mark From Roots
[2025-06-28T00:21:17.789+0200][11.837s] GC(318) Using 3 workers of 3 for marking
[2025-06-28T00:21:17.805+0200][11.853s] GC(318) Concurrent Mark From Roots 15.554ms
[2025-06-28T00:21:17.805+0200][11.853s] GC(318) Concurrent Preclean
[2025-06-28T00:21:17.805+0200][11.853s] GC(318) Concurrent Preclean 0.179ms
[2025-06-28T00:21:17.806+0200][11.853s] GC(318) Pause Remark
[2025-06-28T00:21:17.811+0200][11.859s] GC(318) Pause Remark 17M->17M(22M) 5.763ms
[2025-06-28T00:21:17.811+0200][11.859s] GC(318) User=0.03s Sys=0.00s Real=0.01s
[2025-06-28T00:21:17.812+0200][11.859s] GC(318) Concurrent Mark 21.895ms
[2025-06-28T00:21:17.812+0200][11.859s] GC(318) Concurrent Rebuild Remembered Sets and Scrub Regions
[2025-06-28T00:21:17.814+0200][11.862s] GC(318) Concurrent Rebuild Remembered Sets and Scrub Regions 2.524ms
[2025-06-28T00:21:17.814+0200][11.862s] GC(318) Pause Cleanup
[2025-06-28T00:21:17.814+0200][11.862s] GC(318) Pause Cleanup 17M->17M(22M) 0.038ms
[2025-06-28T00:21:17.814+0200][11.862s] GC(318) User=0.00s Sys=0.00s Real=0.00s
[2025-06-28T00:21:17.814+0200][11.862s] GC(318) Concurrent Clear Claimed Marks
[2025-06-28T00:21:17.814+0200][11.862s] GC(318) Concurrent Clear Claimed Marks 0.085ms
[2025-06-28T00:21:17.814+0200][11.862s] GC(318) Concurrent Cleanup for Next Mark
[2025-06-28T00:21:17.815+0200][11.862s] GC(318) Concurrent Cleanup for Next Mark 0.090ms
[2025-06-28T00:21:17.815+0200][11.862s] GC(318) Concurrent Mark Cycle 25.695ms
[2025-06-28T00:21:17.825+0200][11.873s] GC(319) Pause Young (Normal) (G1 Evacuation Pause)
[2025-06-28T00:21:17.825+0200][11.873s] GC(319) Using 2 workers of 10 for evacuation
[2025-06-28T00:21:17.828+0200][11.875s] GC(319)   Pre Evacuate Collection Set: 0.2ms
[2025-06-28T00:21:17.828+0200][11.875s] GC(319)   Merge Heap Roots: 0.1ms
[2025-06-28T00:21:17.828+0200][11.875s] GC(319)   Evacuate Collection Set: 1.6ms
[2025-06-28T00:21:17.828+0200][11.875s] GC(319)   Post Evacuate Collection Set: 0.6ms
[2025-06-28T00:21:17.828+0200][11.875s] GC(319)   Other: 0.1ms
[2025-06-28T00:21:17.828+0200][11.876s] GC(319) Eden regions: 1->0(1)
[2025-06-28T00:21:17.828+0200][11.876s] GC(319) Survivor regions: 1->1(1)
[2025-06-28T00:21:17.828+0200][11.876s] GC(319) Old regions: 17->17
[2025-06-28T00:21:17.828+0200][11.876s] GC(319) Humongous regions: 0->0
[2025-06-28T00:21:17.828+0200][11.876s] GC(319) Metaspace: 53259K(53760K)->53259K(53760K) NonClass: 46113K(46400K)->46113K(46400K) Class: 7146K(7360K)->7146K(7360K)
[2025-06-28T00:21:17.828+0200][11.876s] GC(319) Pause Young (Normal) (G1 Evacuation Pause) 18M->17M(22M) 3.027ms
[2025-06-28T00:21:17.828+0200][11.876s] GC(319) User=0.00s Sys=0.00s Real=0.00s
[2025-06-28T00:21:17.841+0200][11.889s] GC(320) Pause Young (Concurrent Start) (G1 Evacuation Pause)
[2025-06-28T00:21:17.841+0200][11.889s] GC(320) Using 2 workers of 10 for evacuation
[2025-06-28T00:21:17.844+0200][11.891s] GC(320)   Pre Evacuate Collection Set: 0.2ms
[2025-06-28T00:21:17.844+0200][11.891s] GC(320)   Merge Heap Roots: 0.0ms
[2025-06-28T00:21:17.844+0200][11.891s] GC(320)   Evacuate Collection Set: 1.4ms
[2025-06-28T00:21:17.844+0200][11.891s] GC(320)   Post Evacuate Collection Set: 0.5ms
[2025-06-28T00:21:17.844+0200][11.891s] GC(320)   Other: 0.1ms
[2025-06-28T00:21:17.844+0200][11.891s] GC(320) Eden regions: 1->0(1)
[2025-06-28T00:21:17.844+0200][11.892s] GC(320) Survivor regions: 1->1(1)
[2025-06-28T00:21:17.844+0200][11.892s] GC(320) Old regions: 17->17
[2025-06-28T00:21:17.844+0200][11.892s] GC(320) Humongous regions: 0->0
[2025-06-28T00:21:17.844+0200][11.892s] GC(320) Metaspace: 53412K(53952K)->53412K(53952K) NonClass: 46237K(46528K)->46237K(46528K) Class: 7175K(7424K)->7175K(7424K)
[2025-06-28T00:21:17.844+0200][11.892s] GC(320) Pause Young (Concurrent Start) (G1 Evacuation Pause) 18M->17M(22M) 2.648ms
[2025-06-28T00:21:17.844+0200][11.892s] GC(320) User=0.00s Sys=0.00s Real=0.00s
[2025-06-28T00:21:17.844+0200][11.892s] GC(321) Concurrent Mark Cycle
[2025-06-28T00:21:17.844+0200][11.892s] GC(321) Concurrent Scan Root Regions
[2025-06-28T00:21:17.845+0200][11.893s] GC(321) Concurrent Scan Root Regions 0.832ms
[2025-06-28T00:21:17.845+0200][11.893s] GC(321) Concurrent Mark
[2025-06-28T00:21:17.845+0200][11.893s] GC(321) Concurrent Mark From Roots
[2025-06-28T00:21:17.845+0200][11.893s] GC(321) Using 3 workers of 3 for marking
[2025-06-28T00:21:17.857+0200][11.906s] GC(321) Concurrent Mark From Roots 12.855ms
[2025-06-28T00:21:17.858+0200][11.906s] GC(321) Concurrent Preclean
[2025-06-28T00:21:17.858+0200][11.906s] GC(321) Concurrent Preclean 0.555ms
[2025-06-28T00:21:17.858+0200][11.906s] GC(321) Pause Remark
[2025-06-28T00:21:17.864+0200][11.912s] GC(321) Pause Remark 17M->17M(22M) 5.396ms
[2025-06-28T00:21:17.864+0200][11.912s] GC(321) User=0.00s Sys=0.00s Real=0.01s
[2025-06-28T00:21:17.864+0200][11.912s] GC(321) Concurrent Mark 19.339ms
[2025-06-28T00:21:17.864+0200][11.912s] GC(321) Concurrent Rebuild Remembered Sets and Scrub Regions
[2025-06-28T00:21:17.866+0200][11.914s] GC(321) Concurrent Rebuild Remembered Sets and Scrub Regions 2.309ms
[2025-06-28T00:21:17.866+0200][11.914s] GC(321) Pause Cleanup
[2025-06-28T00:21:17.866+0200][11.915s] GC(321) Pause Cleanup 18M->18M(22M) 0.069ms
[2025-06-28T00:21:17.866+0200][11.915s] GC(321) User=0.00s Sys=0.00s Real=0.00s
[2025-06-28T00:21:17.866+0200][11.915s] GC(321) Concurrent Clear Claimed Marks
[2025-06-28T00:21:17.867+0200][11.915s] GC(321) Concurrent Clear Claimed Marks 0.078ms
[2025-06-28T00:21:17.867+0200][11.915s] GC(321) Concurrent Cleanup for Next Mark
[2025-06-28T00:21:17.867+0200][11.915s] GC(321) Concurrent Cleanup for Next Mark 0.137ms
[2025-06-28T00:21:17.867+0200][11.915s] GC(321) Concurrent Mark Cycle 23.248ms
[2025-06-28T00:21:17.870+0200][11.918s] GC(322) Pause Young (Normal) (G1 Evacuation Pause)
[2025-06-28T00:21:17.870+0200][11.918s] GC(322) Using 2 workers of 10 for evacuation
[2025-06-28T00:21:17.873+0200][11.921s] GC(322)   Pre Evacuate Collection Set: 0.2ms
[2025-06-28T00:21:17.873+0200][11.921s] GC(322)   Merge Heap Roots: 0.0ms
[2025-06-28T00:21:17.873+0200][11.921s] GC(322)   Evacuate Collection Set: 1.9ms
[2025-06-28T00:21:17.873+0200][11.921s] GC(322)   Post Evacuate Collection Set: 0.5ms
[2025-06-28T00:21:17.873+0200][11.921s] GC(322)   Other: 0.1ms
[2025-06-28T00:21:17.873+0200][11.921s] GC(322) Eden regions: 1->0(0)
[2025-06-28T00:21:17.873+0200][11.921s] GC(322) Survivor regions: 1->1(1)
[2025-06-28T00:21:17.873+0200][11.921s] GC(322) Old regions: 17->18
[2025-06-28T00:21:17.873+0200][11.921s] GC(322) Humongous regions: 0->0
[2025-06-28T00:21:17.873+0200][11.921s] GC(322) Metaspace: 53588K(54080K)->53588K(54080K) NonClass: 46382K(46656K)->46382K(46656K) Class: 7206K(7424K)->7206K(7424K)
[2025-06-28T00:21:17.873+0200][11.921s] GC(322) Pause Young (Normal) (G1 Evacuation Pause) 18M->17M(22M) 2.970ms
[2025-06-28T00:21:17.873+0200][11.921s] GC(322) User=0.00s Sys=0.00s Real=0.00s
[2025-06-28T00:21:17.873+0200][11.921s] Attempting full compaction
[2025-06-28T00:21:17.873+0200][11.921s] GC(323) Pause Full (G1 Compaction Pause)
[2025-06-28T00:21:17.873+0200][11.921s] GC(323) Using 2 workers of 10 for full compaction
[2025-06-28T00:21:17.873+0200][11.921s] GC(323) Phase 1: Mark live objects
[2025-06-28T00:21:17.894+0200][11.941s] GC(323) Phase 1: Mark live objects 20.090ms
[2025-06-28T00:21:17.894+0200][11.941s] GC(323) Phase 2: Prepare compaction
[2025-06-28T00:21:17.895+0200][11.943s] GC(323) Phase 2: Prepare compaction 1.004ms
[2025-06-28T00:21:17.895+0200][11.943s] GC(323) Phase 3: Adjust pointers
[2025-06-28T00:21:17.904+0200][11.952s] GC(323) Phase 3: Adjust pointers 9.031ms
[2025-06-28T00:21:17.904+0200][11.952s] GC(323) Phase 4: Compact heap
[2025-06-28T00:21:17.905+0200][11.953s] GC(323) Phase 4: Compact heap 1.074ms
[2025-06-28T00:21:17.905+0200][11.953s] GC(323) Phase 5: Reset Metadata
[2025-06-28T00:21:17.908+0200][11.956s] GC(323) Phase 5: Reset Metadata 2.823ms
[2025-06-28T00:21:17.911+0200][11.959s] GC(323) Eden regions: 0->0(2)
[2025-06-28T00:21:17.911+0200][11.959s] GC(323) Survivor regions: 1->0(1)
[2025-06-28T00:21:17.911+0200][11.959s] GC(323) Old regions: 18->18
[2025-06-28T00:21:17.911+0200][11.959s] GC(323) Humongous regions: 0->0
[2025-06-28T00:21:17.911+0200][11.959s] GC(323) Metaspace: 53588K(54080K)->53588K(54080K) NonClass: 46382K(46656K)->46382K(46656K) Class: 7206K(7424K)->7206K(7424K)
[2025-06-28T00:21:17.911+0200][11.959s] GC(323) Pause Full (G1 Compaction Pause) 17M->17M(22M) 37.932ms
[2025-06-28T00:21:17.911+0200][11.959s] GC(323) User=0.06s Sys=0.00s Real=0.04s
[2025-06-28T00:21:17.934+0200][11.982s] GC(324) Pause Young (Concurrent Start) (G1 Evacuation Pause)
[2025-06-28T00:21:17.934+0200][11.982s] GC(324) Using 2 workers of 10 for evacuation
[2025-06-28T00:21:17.937+0200][11.985s] GC(324)   Pre Evacuate Collection Set: 0.1ms
[2025-06-28T00:21:17.937+0200][11.985s] GC(324)   Merge Heap Roots: 0.0ms
[2025-06-28T00:21:17.937+0200][11.985s] GC(324)   Evacuate Collection Set: 0.9ms
[2025-06-28T00:21:17.937+0200][11.985s] GC(324)   Post Evacuate Collection Set: 0.4ms
[2025-06-28T00:21:17.937+0200][11.985s] GC(324)   Other: 0.8ms
[2025-06-28T00:21:17.937+0200][11.985s] GC(324) Eden regions: 2->0(0)
[2025-06-28T00:21:17.937+0200][11.985s] GC(324) Survivor regions: 0->1(1)
[2025-06-28T00:21:17.937+0200][11.985s] GC(324) Old regions: 18->18
[2025-06-28T00:21:17.937+0200][11.985s] GC(324) Humongous regions: 0->0
[2025-06-28T00:21:17.937+0200][11.985s] GC(324) Metaspace: 54060K(54592K)->54060K(54592K) NonClass: 46802K(47104K)->46802K(47104K) Class: 7257K(7488K)->7257K(7488K)
[2025-06-28T00:21:17.937+0200][11.985s] GC(324) Pause Young (Concurrent Start) (G1 Evacuation Pause) 19M->17M(22M) 2.457ms
[2025-06-28T00:21:17.937+0200][11.985s] GC(324) User=0.00s Sys=0.00s Real=0.00s
[2025-06-28T00:21:17.937+0200][11.985s] GC(325) Concurrent Mark Cycle
[2025-06-28T00:21:17.937+0200][11.985s] Attempting full compaction
[2025-06-28T00:21:17.937+0200][11.985s] GC(325) Concurrent Scan Root Regions
[2025-06-28T00:21:17.937+0200][11.985s] GC(326) Pause Full (G1 Compaction Pause)
[2025-06-28T00:21:17.937+0200][11.985s] GC(326) Using 2 workers of 10 for full compaction
[2025-06-28T00:21:17.939+0200][11.987s] GC(325) Concurrent Scan Root Regions 1.840ms
[2025-06-28T00:21:17.939+0200][11.987s] GC(325) Concurrent Mark
[2025-06-28T00:21:17.939+0200][11.987s] GC(325) Concurrent Mark From Roots
[2025-06-28T00:21:17.939+0200][11.987s] GC(325) Using 3 workers of 3 for marking
[2025-06-28T00:21:17.939+0200][11.987s] GC(326) Phase 1: Mark live objects
[2025-06-28T00:21:17.958+0200][12.006s] GC(326) Phase 1: Mark live objects 19.276ms
[2025-06-28T00:21:17.958+0200][12.006s] GC(326) Phase 2: Prepare compaction
[2025-06-28T00:21:17.959+0200][12.006s] GC(326) Phase 2: Prepare compaction 0.272ms
[2025-06-28T00:21:17.959+0200][12.006s] GC(326) Phase 3: Adjust pointers
[2025-06-28T00:21:17.966+0200][12.014s] GC(326) Phase 3: Adjust pointers 7.503ms
[2025-06-28T00:21:17.966+0200][12.014s] GC(326) Phase 4: Compact heap
[2025-06-28T00:21:17.966+0200][12.014s] GC(326) Phase 4: Compact heap 0.209ms
[2025-06-28T00:21:17.966+0200][12.014s] GC(326) Phase 5: Reset Metadata
[2025-06-28T00:21:17.969+0200][12.017s] GC(326) Phase 5: Reset Metadata 3.039ms
[2025-06-28T00:21:17.973+0200][12.021s] GC(326) Eden regions: 0->0(1)
[2025-06-28T00:21:17.973+0200][12.021s] GC(326) Survivor regions: 1->0(1)
[2025-06-28T00:21:17.973+0200][12.021s] GC(326) Old regions: 18->19
[2025-06-28T00:21:17.973+0200][12.021s] GC(326) Humongous regions: 0->0
[2025-06-28T00:21:17.973+0200][12.021s] GC(326) Metaspace: 54060K(54592K)->54060K(54592K) NonClass: 46802K(47104K)->46802K(47104K) Class: 7257K(7488K)->7257K(7488K)
[2025-06-28T00:21:17.973+0200][12.021s] GC(326) Pause Full (G1 Compaction Pause) 17M->17M(22M) 35.715ms
[2025-06-28T00:21:17.973+0200][12.021s] GC(326) User=0.06s Sys=0.00s Real=0.04s
[2025-06-28T00:21:17.973+0200][12.021s] GC(325) Concurrent Mark From Roots 34.071ms
[2025-06-28T00:21:17.973+0200][12.021s] GC(325) Concurrent Mark Abort
[2025-06-28T00:21:17.973+0200][12.021s] GC(325) Concurrent Mark Cycle 36.084ms
[2025-06-28T00:21:17.987+0200][12.034s] GC(327) Pause Young (Normal) (G1 Evacuation Pause)
[2025-06-28T00:21:17.987+0200][12.034s] GC(327) Using 2 workers of 10 for evacuation
[2025-06-28T00:21:17.989+0200][12.036s] GC(327)   Pre Evacuate Collection Set: 0.2ms
[2025-06-28T00:21:17.989+0200][12.037s] GC(327)   Merge Heap Roots: 0.0ms
[2025-06-28T00:21:17.989+0200][12.037s] GC(327)   Evacuate Collection Set: 0.6ms
[2025-06-28T00:21:17.989+0200][12.037s] GC(327)   Post Evacuate Collection Set: 1.1ms
[2025-06-28T00:21:17.989+0200][12.037s] GC(327)   Other: 0.1ms
[2025-06-28T00:21:17.989+0200][12.037s] GC(327) Eden regions: 1->0(0)
[2025-06-28T00:21:17.989+0200][12.037s] GC(327) Survivor regions: 0->1(1)
[2025-06-28T00:21:17.989+0200][12.037s] GC(327) Old regions: 19->19
[2025-06-28T00:21:17.989+0200][12.037s] GC(327) Humongous regions: 0->0
[2025-06-28T00:21:17.989+0200][12.037s] GC(327) Metaspace: 54221K(54720K)->54221K(54720K) NonClass: 46930K(47232K)->46930K(47232K) Class: 7290K(7488K)->7290K(7488K)
[2025-06-28T00:21:17.989+0200][12.037s] GC(327) Pause Young (Normal) (G1 Evacuation Pause) 18M->17M(22M) 2.209ms
[2025-06-28T00:21:17.989+0200][12.037s] GC(327) User=0.00s Sys=0.00s Real=0.00s
[2025-06-28T00:21:17.989+0200][12.037s] Attempting full compaction
[2025-06-28T00:21:17.989+0200][12.037s] GC(328) Pause Full (G1 Compaction Pause)
[2025-06-28T00:21:17.989+0200][12.037s] GC(328) Using 2 workers of 10 for full compaction
[2025-06-28T00:21:17.989+0200][12.037s] GC(328) Phase 1: Mark live objects
[2025-06-28T00:21:18.006+0200][12.054s] GC(328) Phase 1: Mark live objects 16.987ms
[2025-06-28T00:21:18.006+0200][12.054s] GC(328) Phase 2: Prepare compaction
[2025-06-28T00:21:18.007+0200][12.054s] GC(328) Phase 2: Prepare compaction 0.657ms
[2025-06-28T00:21:18.007+0200][12.054s] GC(328) Phase 3: Adjust pointers
[2025-06-28T00:21:18.014+0200][12.062s] GC(328) Phase 3: Adjust pointers 7.424ms
[2025-06-28T00:21:18.014+0200][12.062s] GC(328) Phase 4: Compact heap
[2025-06-28T00:21:18.015+0200][12.063s] GC(328) Phase 4: Compact heap 0.738ms
[2025-06-28T00:21:18.015+0200][12.063s] GC(328) Phase 5: Reset Metadata
[2025-06-28T00:21:18.019+0200][12.068s] GC(328) Phase 5: Reset Metadata 5.119ms
[2025-06-28T00:21:18.023+0200][12.072s] GC(328) Eden regions: 0->0(1)
[2025-06-28T00:21:18.023+0200][12.072s] GC(328) Survivor regions: 1->0(1)
[2025-06-28T00:21:18.023+0200][12.072s] GC(328) Old regions: 19->19
[2025-06-28T00:21:18.023+0200][12.072s] GC(328) Humongous regions: 0->0
[2025-06-28T00:21:18.023+0200][12.072s] GC(328) Metaspace: 54221K(54720K)->54221K(54720K) NonClass: 46930K(47232K)->46930K(47232K) Class: 7290K(7488K)->7290K(7488K)
[2025-06-28T00:21:18.023+0200][12.073s] GC(328) Pause Full (G1 Compaction Pause) 17M->17M(22M) 35.853ms
[2025-06-28T00:21:18.023+0200][12.073s] GC(328) User=0.06s Sys=0.00s Real=0.03s
[2025-06-28T00:21:18.045+0200][12.094s] GC(329) Pause Young (Concurrent Start) (G1 Evacuation Pause)
[2025-06-28T00:21:18.045+0200][12.094s] GC(329) Using 2 workers of 10 for evacuation
[2025-06-28T00:21:18.048+0200][12.096s] GC(329)   Pre Evacuate Collection Set: 0.6ms
[2025-06-28T00:21:18.048+0200][12.096s] GC(329)   Merge Heap Roots: 0.0ms
[2025-06-28T00:21:18.048+0200][12.096s] GC(329)   Evacuate Collection Set: 0.9ms
[2025-06-28T00:21:18.048+0200][12.096s] GC(329)   Post Evacuate Collection Set: 0.6ms
[2025-06-28T00:21:18.048+0200][12.096s] GC(329)   Other: 0.1ms
[2025-06-28T00:21:18.048+0200][12.096s] GC(329) Eden regions: 1->0(0)
[2025-06-28T00:21:18.048+0200][12.096s] GC(329) Survivor regions: 0->1(1)
[2025-06-28T00:21:18.048+0200][12.096s] GC(329) Old regions: 19->19
[2025-06-28T00:21:18.048+0200][12.096s] GC(329) Humongous regions: 0->0
[2025-06-28T00:21:18.048+0200][12.096s] GC(329) Metaspace: 54397K(54912K)->54397K(54912K) NonClass: 47082K(47360K)->47082K(47360K) Class: 7315K(7552K)->7315K(7552K)
[2025-06-28T00:21:18.048+0200][12.096s] GC(329) Pause Young (Concurrent Start) (G1 Evacuation Pause) 18M->17M(22M) 2.567ms
[2025-06-28T00:21:18.048+0200][12.096s] GC(329) User=0.00s Sys=0.00s Real=0.00s
[2025-06-28T00:21:18.048+0200][12.096s] Attempting full compaction
[2025-06-28T00:21:18.048+0200][12.096s] GC(330) Pause Full (G1 Compaction Pause)
[2025-06-28T00:21:18.048+0200][12.096s] GC(330) Using 2 workers of 10 for full compaction
[2025-06-28T00:21:18.048+0200][12.096s] GC(331) Concurrent Mark Cycle
[2025-06-28T00:21:18.048+0200][12.096s] GC(331) Concurrent Scan Root Regions
[2025-06-28T00:21:18.048+0200][12.097s] GC(331) Concurrent Scan Root Regions 0.070ms
[2025-06-28T00:21:18.048+0200][12.097s] GC(331) Concurrent Mark
[2025-06-28T00:21:18.048+0200][12.097s] GC(331) Concurrent Mark From Roots
[2025-06-28T00:21:18.048+0200][12.097s] GC(331) Using 3 workers of 3 for marking
[2025-06-28T00:21:18.048+0200][12.097s] GC(330) Phase 1: Mark live objects
[2025-06-28T00:21:18.073+0200][12.121s] GC(330) Phase 1: Mark live objects 24.501ms
[2025-06-28T00:21:18.073+0200][12.121s] GC(330) Phase 2: Prepare compaction
[2025-06-28T00:21:18.074+0200][12.122s] GC(330) Phase 2: Prepare compaction 0.309ms
[2025-06-28T00:21:18.074+0200][12.122s] GC(330) Phase 3: Adjust pointers
[2025-06-28T00:21:18.083+0200][12.131s] GC(330) Phase 3: Adjust pointers 9.525ms
[2025-06-28T00:21:18.083+0200][12.131s] GC(330) Phase 4: Compact heap
[2025-06-28T00:21:18.084+0200][12.132s] GC(330) Phase 4: Compact heap 0.354ms
[2025-06-28T00:21:18.084+0200][12.132s] GC(330) Phase 5: Reset Metadata
[2025-06-28T00:21:18.087+0200][12.135s] GC(330) Phase 5: Reset Metadata 3.325ms
[2025-06-28T00:21:18.091+0200][12.139s] GC(330) Eden regions: 0->0(1)
[2025-06-28T00:21:18.091+0200][12.139s] GC(330) Survivor regions: 1->0(1)
[2025-06-28T00:21:18.091+0200][12.139s] GC(330) Old regions: 19->19
[2025-06-28T00:21:18.091+0200][12.139s] GC(330) Humongous regions: 0->0
[2025-06-28T00:21:18.091+0200][12.139s] GC(330) Metaspace: 54397K(54912K)->54392K(54912K) NonClass: 47082K(47360K)->47078K(47360K) Class: 7315K(7552K)->7313K(7552K)
[2025-06-28T00:21:18.091+0200][12.139s] GC(330) Pause Full (G1 Compaction Pause) 17M->17M(22M) 42.867ms
[2025-06-28T00:21:18.091+0200][12.139s] GC(330) User=0.05s Sys=0.00s Real=0.04s
[2025-06-28T00:21:18.091+0200][12.139s] GC(331) Concurrent Mark From Roots 42.834ms
[2025-06-28T00:21:18.091+0200][12.140s] GC(331) Concurrent Mark Abort
[2025-06-28T00:21:18.091+0200][12.140s] GC(331) Concurrent Mark Cycle 43.089ms
[2025-06-28T00:21:18.106+0200][12.155s] GC(332) Pause Young (Normal) (G1 Evacuation Pause)
[2025-06-28T00:21:18.106+0200][12.155s] GC(332) Using 2 workers of 10 for evacuation
[2025-06-28T00:21:18.108+0200][12.157s] GC(332)   Pre Evacuate Collection Set: 0.2ms
[2025-06-28T00:21:18.108+0200][12.157s] GC(332)   Merge Heap Roots: 0.1ms
[2025-06-28T00:21:18.108+0200][12.157s] GC(332)   Evacuate Collection Set: 0.6ms
[2025-06-28T00:21:18.108+0200][12.157s] GC(332)   Post Evacuate Collection Set: 0.8ms
[2025-06-28T00:21:18.108+0200][12.157s] GC(332)   Other: 0.1ms
[2025-06-28T00:21:18.108+0200][12.157s] GC(332) Eden regions: 1->0(0)
[2025-06-28T00:21:18.108+0200][12.157s] GC(332) Survivor regions: 0->1(1)
[2025-06-28T00:21:18.108+0200][12.157s] GC(332) Old regions: 19->19
[2025-06-28T00:21:18.109+0200][12.157s] GC(332) Humongous regions: 0->0
[2025-06-28T00:21:18.109+0200][12.157s] GC(332) Metaspace: 54580K(55040K)->54580K(55040K) NonClass: 47236K(47488K)->47236K(47488K) Class: 7343K(7552K)->7343K(7552K)
[2025-06-28T00:21:18.109+0200][12.157s] GC(332) Pause Young (Normal) (G1 Evacuation Pause) 18M->17M(22M) 2.145ms
[2025-06-28T00:21:18.109+0200][12.157s] GC(332) User=0.00s Sys=0.00s Real=0.00s
[2025-06-28T00:21:18.109+0200][12.157s] Attempting full compaction
[2025-06-28T00:21:18.109+0200][12.157s] GC(333) Pause Full (G1 Compaction Pause)
[2025-06-28T00:21:18.109+0200][12.157s] GC(333) Using 2 workers of 10 for full compaction
[2025-06-28T00:21:18.109+0200][12.157s] GC(333) Phase 1: Mark live objects
[2025-06-28T00:21:18.131+0200][12.179s] GC(333) Phase 1: Mark live objects 21.904ms
[2025-06-28T00:21:18.131+0200][12.179s] GC(333) Phase 2: Prepare compaction
[2025-06-28T00:21:18.131+0200][12.179s] GC(333) Phase 2: Prepare compaction 0.290ms
[2025-06-28T00:21:18.131+0200][12.179s] GC(333) Phase 3: Adjust pointers
[2025-06-28T00:21:18.140+0200][12.189s] GC(333) Phase 3: Adjust pointers 9.240ms
[2025-06-28T00:21:18.140+0200][12.189s] GC(333) Phase 4: Compact heap
[2025-06-28T00:21:18.141+0200][12.189s] GC(333) Phase 4: Compact heap 0.308ms
[2025-06-28T00:21:18.141+0200][12.189s] GC(333) Phase 5: Reset Metadata
[2025-06-28T00:21:18.144+0200][12.192s] GC(333) Phase 5: Reset Metadata 3.047ms
[2025-06-28T00:21:18.148+0200][12.196s] GC(333) Eden regions: 0->0(1)
[2025-06-28T00:21:18.148+0200][12.196s] GC(333) Survivor regions: 1->0(1)
[2025-06-28T00:21:18.148+0200][12.196s] GC(333) Old regions: 19->19
[2025-06-28T00:21:18.148+0200][12.197s] GC(333) Humongous regions: 0->0
[2025-06-28T00:21:18.148+0200][12.197s] GC(333) Metaspace: 54580K(55040K)->54580K(55040K) NonClass: 47236K(47488K)->47236K(47488K) Class: 7343K(7552K)->7343K(7552K)
[2025-06-28T00:21:18.148+0200][12.197s] GC(333) Pause Full (G1 Compaction Pause) 17M->17M(22M) 39.627ms
[2025-06-28T00:21:18.148+0200][12.197s] GC(333) User=0.06s Sys=0.00s Real=0.04s
[2025-06-28T00:21:18.161+0200][12.209s] GC(334) Pause Young (Concurrent Start) (G1 Evacuation Pause)
[2025-06-28T00:21:18.161+0200][12.209s] GC(334) Using 2 workers of 10 for evacuation
[2025-06-28T00:21:18.163+0200][12.212s] GC(334)   Pre Evacuate Collection Set: 0.3ms
[2025-06-28T00:21:18.163+0200][12.212s] GC(334)   Merge Heap Roots: 0.1ms
[2025-06-28T00:21:18.163+0200][12.212s] GC(334)   Evacuate Collection Set: 1.1ms
[2025-06-28T00:21:18.163+0200][12.212s] GC(334)   Post Evacuate Collection Set: 0.7ms
[2025-06-28T00:21:18.163+0200][12.212s] GC(334)   Other: 0.1ms
[2025-06-28T00:21:18.163+0200][12.212s] GC(334) Eden regions: 1->0(0)
[2025-06-28T00:21:18.163+0200][12.212s] GC(334) Survivor regions: 0->1(1)
[2025-06-28T00:21:18.163+0200][12.212s] GC(334) Old regions: 19->19
[2025-06-28T00:21:18.163+0200][12.212s] GC(334) Humongous regions: 0->0
[2025-06-28T00:21:18.164+0200][12.212s] GC(334) Metaspace: 54737K(55296K)->54737K(55296K) NonClass: 47361K(47680K)->47361K(47680K) Class: 7376K(7616K)->7376K(7616K)
[2025-06-28T00:21:18.164+0200][12.212s] GC(334) Pause Young (Concurrent Start) (G1 Evacuation Pause) 18M->17M(22M) 2.553ms
[2025-06-28T00:21:18.164+0200][12.212s] GC(334) User=0.00s Sys=0.00s Real=0.00s
[2025-06-28T00:21:18.164+0200][12.212s] Attempting full compaction
[2025-06-28T00:21:18.164+0200][12.212s] GC(335) Pause Full (G1 Compaction Pause)
[2025-06-28T00:21:18.164+0200][12.212s] GC(335) Using 2 workers of 10 for full compaction
[2025-06-28T00:21:18.164+0200][12.212s] GC(336) Concurrent Mark Cycle
[2025-06-28T00:21:18.164+0200][12.212s] GC(336) Concurrent Scan Root Regions
[2025-06-28T00:21:18.164+0200][12.212s] GC(336) Concurrent Scan Root Regions 0.071ms
[2025-06-28T00:21:18.164+0200][12.212s] GC(336) Concurrent Mark
[2025-06-28T00:21:18.164+0200][12.212s] GC(336) Concurrent Mark From Roots
[2025-06-28T00:21:18.164+0200][12.212s] GC(336) Using 3 workers of 3 for marking
[2025-06-28T00:21:18.164+0200][12.212s] GC(335) Phase 1: Mark live objects
[2025-06-28T00:21:18.186+0200][12.234s] GC(335) Phase 1: Mark live objects 21.734ms
[2025-06-28T00:21:18.186+0200][12.234s] GC(335) Phase 2: Prepare compaction
[2025-06-28T00:21:18.187+0200][12.235s] GC(335) Phase 2: Prepare compaction 0.398ms
[2025-06-28T00:21:18.187+0200][12.235s] GC(335) Phase 3: Adjust pointers
[2025-06-28T00:21:18.195+0200][12.243s] GC(335) Phase 3: Adjust pointers 8.297ms
[2025-06-28T00:21:18.195+0200][12.243s] GC(335) Phase 4: Compact heap
[2025-06-28T00:21:18.195+0200][12.243s] GC(335) Phase 4: Compact heap 0.524ms
[2025-06-28T00:21:18.195+0200][12.243s] GC(335) Phase 5: Reset Metadata
[2025-06-28T00:21:18.199+0200][12.247s] GC(335) Phase 5: Reset Metadata 3.618ms
[2025-06-28T00:21:18.202+0200][12.250s] GC(335) Eden regions: 0->0(1)
[2025-06-28T00:21:18.203+0200][12.251s] GC(335) Survivor regions: 1->0(1)
[2025-06-28T00:21:18.203+0200][12.251s] GC(335) Old regions: 19->19
[2025-06-28T00:21:18.203+0200][12.251s] GC(335) Humongous regions: 0->0
[2025-06-28T00:21:18.203+0200][12.251s] GC(335) Metaspace: 54737K(55296K)->54737K(55296K) NonClass: 47361K(47680K)->47361K(47680K) Class: 7376K(7616K)->7376K(7616K)
[2025-06-28T00:21:18.203+0200][12.251s] GC(335) Pause Full (G1 Compaction Pause) 17M->17M(22M) 38.607ms
[2025-06-28T00:21:18.203+0200][12.251s] GC(335) User=0.08s Sys=0.00s Real=0.04s
[2025-06-28T00:21:18.203+0200][12.251s] GC(336) Concurrent Mark From Roots 38.579ms
[2025-06-28T00:21:18.203+0200][12.251s] GC(336) Concurrent Mark Abort
[2025-06-28T00:21:18.203+0200][12.251s] GC(336) Concurrent Mark Cycle 38.838ms
[2025-06-28T00:21:18.215+0200][12.263s] GC(337) Pause Young (Normal) (G1 Evacuation Pause)
[2025-06-28T00:21:18.216+0200][12.263s] GC(337) Using 2 workers of 10 for evacuation
[2025-06-28T00:21:18.217+0200][12.265s] GC(337)   Pre Evacuate Collection Set: 0.3ms
[2025-06-28T00:21:18.217+0200][12.265s] GC(337)   Merge Heap Roots: 0.1ms
[2025-06-28T00:21:18.217+0200][12.265s] GC(337)   Evacuate Collection Set: 0.7ms
[2025-06-28T00:21:18.217+0200][12.265s] GC(337)   Post Evacuate Collection Set: 0.7ms
[2025-06-28T00:21:18.218+0200][12.265s] GC(337)   Other: 0.1ms
[2025-06-28T00:21:18.218+0200][12.265s] GC(337) Eden regions: 1->0(0)
[2025-06-28T00:21:18.218+0200][12.265s] GC(337) Survivor regions: 0->1(1)
[2025-06-28T00:21:18.218+0200][12.265s] GC(337) Old regions: 19->19
[2025-06-28T00:21:18.218+0200][12.265s] GC(337) Humongous regions: 0->0
[2025-06-28T00:21:18.218+0200][12.265s] GC(337) Metaspace: 54882K(55360K)->54882K(55360K) NonClass: 47475K(47744K)->47475K(47744K) Class: 7406K(7616K)->7406K(7616K)
[2025-06-28T00:21:18.218+0200][12.265s] GC(337) Pause Young (Normal) (G1 Evacuation Pause) 18M->17M(22M) 2.249ms
[2025-06-28T00:21:18.218+0200][12.265s] GC(337) User=0.00s Sys=0.00s Real=0.00s
[2025-06-28T00:21:18.218+0200][12.265s] Attempting full compaction
[2025-06-28T00:21:18.218+0200][12.265s] GC(338) Pause Full (G1 Compaction Pause)
[2025-06-28T00:21:18.218+0200][12.265s] GC(338) Using 2 workers of 10 for full compaction
[2025-06-28T00:21:18.218+0200][12.266s] GC(338) Phase 1: Mark live objects
[2025-06-28T00:21:18.238+0200][12.286s] GC(338) Phase 1: Mark live objects 20.522ms
[2025-06-28T00:21:18.238+0200][12.286s] GC(338) Phase 2: Prepare compaction
[2025-06-28T00:21:18.239+0200][12.286s] GC(338) Phase 2: Prepare compaction 0.364ms
[2025-06-28T00:21:18.239+0200][12.286s] GC(338) Phase 3: Adjust pointers
[2025-06-28T00:21:18.248+0200][12.295s] GC(338) Phase 3: Adjust pointers 8.759ms
[2025-06-28T00:21:18.248+0200][12.295s] GC(338) Phase 4: Compact heap
[2025-06-28T00:21:18.248+0200][12.296s] GC(338) Phase 4: Compact heap 0.412ms
[2025-06-28T00:21:18.248+0200][12.296s] GC(338) Phase 5: Reset Metadata
[2025-06-28T00:21:18.252+0200][12.300s] GC(338) Phase 5: Reset Metadata 4.064ms
[2025-06-28T00:21:18.256+0200][12.304s] GC(338) Eden regions: 0->0(1)
[2025-06-28T00:21:18.256+0200][12.304s] GC(338) Survivor regions: 1->0(1)
[2025-06-28T00:21:18.256+0200][12.304s] GC(338) Old regions: 19->19
[2025-06-28T00:21:18.256+0200][12.304s] GC(338) Humongous regions: 0->0
[2025-06-28T00:21:18.256+0200][12.304s] GC(338) Metaspace: 54882K(55360K)->54882K(55360K) NonClass: 47475K(47744K)->47475K(47744K) Class: 7406K(7616K)->7406K(7616K)
[2025-06-28T00:21:18.256+0200][12.304s] GC(338) Pause Full (G1 Compaction Pause) 17M->17M(22M) 38.496ms
[2025-06-28T00:21:18.256+0200][12.304s] GC(338) User=0.06s Sys=0.00s Real=0.04s
[2025-06-28T00:21:18.283+0200][12.331s] GC(339) Pause Young (Concurrent Start) (G1 Evacuation Pause)
[2025-06-28T00:21:18.283+0200][12.331s] GC(339) Using 2 workers of 10 for evacuation
[2025-06-28T00:21:18.285+0200][12.333s] GC(339)   Pre Evacuate Collection Set: 0.2ms
[2025-06-28T00:21:18.285+0200][12.333s] GC(339)   Merge Heap Roots: 0.1ms
[2025-06-28T00:21:18.285+0200][12.333s] GC(339)   Evacuate Collection Set: 0.8ms
[2025-06-28T00:21:18.285+0200][12.333s] GC(339)   Post Evacuate Collection Set: 1.1ms
[2025-06-28T00:21:18.285+0200][12.333s] GC(339)   Other: 0.1ms
[2025-06-28T00:21:18.285+0200][12.333s] GC(339) Eden regions: 1->0(0)
[2025-06-28T00:21:18.285+0200][12.333s] GC(339) Survivor regions: 0->1(1)
[2025-06-28T00:21:18.285+0200][12.333s] GC(339) Old regions: 19->19
[2025-06-28T00:21:18.285+0200][12.333s] GC(339) Humongous regions: 0->0
[2025-06-28T00:21:18.285+0200][12.333s] GC(339) Metaspace: 55084K(55616K)->55084K(55616K) NonClass: 47639K(47936K)->47639K(47936K) Class: 7445K(7680K)->7445K(7680K)
[2025-06-28T00:21:18.285+0200][12.333s] GC(339) Pause Young (Concurrent Start) (G1 Evacuation Pause) 18M->17M(22M) 2.523ms
[2025-06-28T00:21:18.285+0200][12.333s] GC(340) Concurrent Mark Cycle
[2025-06-28T00:21:18.286+0200][12.333s] GC(340) Concurrent Scan Root Regions
[2025-06-28T00:21:18.286+0200][12.333s] GC(339) User=0.00s Sys=0.00s Real=0.00s
[2025-06-28T00:21:18.286+0200][12.333s] Attempting full compaction
[2025-06-28T00:21:18.286+0200][12.333s] GC(341) Pause Full (G1 Compaction Pause)
[2025-06-28T00:21:18.286+0200][12.333s] GC(341) Using 2 workers of 10 for full compaction
[2025-06-28T00:21:18.286+0200][12.334s] GC(340) Concurrent Scan Root Regions 1.004ms
[2025-06-28T00:21:18.286+0200][12.334s] GC(340) Concurrent Mark
[2025-06-28T00:21:18.286+0200][12.334s] GC(340) Concurrent Mark From Roots
[2025-06-28T00:21:18.286+0200][12.334s] GC(340) Using 3 workers of 3 for marking
[2025-06-28T00:21:18.286+0200][12.334s] GC(341) Phase 1: Mark live objects
[2025-06-28T00:21:18.308+0200][12.356s] GC(341) Phase 1: Mark live objects 21.476ms
[2025-06-28T00:21:18.308+0200][12.356s] GC(341) Phase 2: Prepare compaction
[2025-06-28T00:21:18.308+0200][12.356s] GC(341) Phase 2: Prepare compaction 0.286ms
[2025-06-28T00:21:18.308+0200][12.356s] GC(341) Phase 3: Adjust pointers
[2025-06-28T00:21:18.317+0200][12.365s] GC(341) Phase 3: Adjust pointers 8.856ms
[2025-06-28T00:21:18.317+0200][12.365s] GC(341) Phase 4: Compact heap
[2025-06-28T00:21:18.317+0200][12.365s] GC(341) Phase 4: Compact heap 0.238ms
[2025-06-28T00:21:18.317+0200][12.366s] GC(341) Phase 5: Reset Metadata
[2025-06-28T00:21:18.321+0200][12.369s] GC(341) Phase 5: Reset Metadata 3.970ms
[2025-06-28T00:21:18.325+0200][12.373s] GC(341) Eden regions: 0->0(1)
[2025-06-28T00:21:18.325+0200][12.373s] GC(341) Survivor regions: 1->0(1)
[2025-06-28T00:21:18.325+0200][12.373s] GC(341) Old regions: 19->19
[2025-06-28T00:21:18.325+0200][12.373s] GC(341) Humongous regions: 0->0
[2025-06-28T00:21:18.325+0200][12.373s] GC(341) Metaspace: 55084K(55616K)->55084K(55616K) NonClass: 47639K(47936K)->47639K(47936K) Class: 7445K(7680K)->7445K(7680K)
[2025-06-28T00:21:18.325+0200][12.373s] GC(341) Pause Full (G1 Compaction Pause) 17M->17M(22M) 39.728ms
[2025-06-28T00:21:18.325+0200][12.373s] GC(341) User=0.05s Sys=0.00s Real=0.04s
[2025-06-28T00:21:18.325+0200][12.373s] GC(340) Concurrent Mark From Roots 38.864ms
[2025-06-28T00:21:18.325+0200][12.373s] GC(340) Concurrent Mark Abort
[2025-06-28T00:21:18.325+0200][12.373s] GC(340) Concurrent Mark Cycle 40.160ms
[2025-06-28T00:21:18.337+0200][12.385s] GC(342) Pause Young (Normal) (G1 Evacuation Pause)
[2025-06-28T00:21:18.337+0200][12.385s] GC(342) Using 2 workers of 10 for evacuation
[2025-06-28T00:21:18.338+0200][12.386s] GC(342)   Pre Evacuate Collection Set: 0.1ms
[2025-06-28T00:21:18.338+0200][12.386s] GC(342)   Merge Heap Roots: 0.1ms
[2025-06-28T00:21:18.338+0200][12.386s] GC(342)   Evacuate Collection Set: 0.6ms
[2025-06-28T00:21:18.338+0200][12.386s] GC(342)   Post Evacuate Collection Set: 0.4ms
[2025-06-28T00:21:18.338+0200][12.386s] GC(342)   Other: 0.1ms
[2025-06-28T00:21:18.338+0200][12.386s] GC(342) Eden regions: 1->0(0)
[2025-06-28T00:21:18.338+0200][12.386s] GC(342) Survivor regions: 0->1(1)
[2025-06-28T00:21:18.338+0200][12.386s] GC(342) Old regions: 19->19
[2025-06-28T00:21:18.338+0200][12.386s] GC(342) Humongous regions: 0->0
[2025-06-28T00:21:18.338+0200][12.386s] GC(342) Metaspace: 55208K(55680K)->55208K(55680K) NonClass: 47746K(48000K)->47746K(48000K) Class: 7462K(7680K)->7462K(7680K)
[2025-06-28T00:21:18.338+0200][12.386s] GC(342) Pause Young (Normal) (G1 Evacuation Pause) 18M->17M(22M) 1.619ms
[2025-06-28T00:21:18.338+0200][12.386s] GC(342) User=0.00s Sys=0.00s Real=0.00s
[2025-06-28T00:21:18.338+0200][12.386s] Attempting full compaction
[2025-06-28T00:21:18.338+0200][12.386s] GC(343) Pause Full (G1 Compaction Pause)
[2025-06-28T00:21:18.338+0200][12.386s] GC(343) Using 2 workers of 10 for full compaction
[2025-06-28T00:21:18.338+0200][12.387s] GC(343) Phase 1: Mark live objects
[2025-06-28T00:21:18.366+0200][12.414s] GC(343) Phase 1: Mark live objects 27.752ms
[2025-06-28T00:21:18.366+0200][12.414s] GC(343) Phase 2: Prepare compaction
[2025-06-28T00:21:18.367+0200][12.415s] GC(343) Phase 2: Prepare compaction 0.505ms
[2025-06-28T00:21:18.367+0200][12.415s] GC(343) Phase 3: Adjust pointers
[2025-06-28T00:21:18.377+0200][12.425s] GC(343) Phase 3: Adjust pointers 10.261ms
[2025-06-28T00:21:18.377+0200][12.425s] GC(343) Phase 4: Compact heap
[2025-06-28T00:21:18.378+0200][12.426s] GC(343) Phase 4: Compact heap 0.466ms
[2025-06-28T00:21:18.378+0200][12.426s] GC(343) Phase 5: Reset Metadata
[2025-06-28T00:21:18.382+0200][12.430s] GC(343) Phase 5: Reset Metadata 4.503ms
[2025-06-28T00:21:18.386+0200][12.435s] GC(343) Eden regions: 0->0(1)
[2025-06-28T00:21:18.387+0200][12.435s] GC(343) Survivor regions: 1->0(1)
[2025-06-28T00:21:18.387+0200][12.435s] GC(343) Old regions: 19->19
[2025-06-28T00:21:18.387+0200][12.435s] GC(343) Humongous regions: 0->0
[2025-06-28T00:21:18.387+0200][12.435s] GC(343) Metaspace: 55208K(55680K)->55208K(55680K) NonClass: 47746K(48000K)->47746K(48000K) Class: 7462K(7680K)->7462K(7680K)
[2025-06-28T00:21:18.387+0200][12.435s] GC(343) Pause Full (G1 Compaction Pause) 17M->17M(22M) 48.372ms
[2025-06-28T00:21:18.387+0200][12.435s] GC(343) User=0.09s Sys=0.00s Real=0.05s
[2025-06-28T00:21:18.403+0200][12.451s] GC(344) Pause Young (Concurrent Start) (G1 Evacuation Pause)
[2025-06-28T00:21:18.403+0200][12.451s] GC(344) Using 2 workers of 10 for evacuation
[2025-06-28T00:21:18.405+0200][12.453s] GC(344)   Pre Evacuate Collection Set: 0.3ms
[2025-06-28T00:21:18.405+0200][12.454s] GC(344)   Merge Heap Roots: 0.1ms
[2025-06-28T00:21:18.405+0200][12.454s] GC(344)   Evacuate Collection Set: 1.1ms
[2025-06-28T00:21:18.405+0200][12.454s] GC(344)   Post Evacuate Collection Set: 0.6ms
[2025-06-28T00:21:18.405+0200][12.454s] GC(344)   Other: 0.2ms
[2025-06-28T00:21:18.405+0200][12.454s] GC(344) Eden regions: 1->0(0)
[2025-06-28T00:21:18.406+0200][12.454s] GC(344) Survivor regions: 0->1(1)
[2025-06-28T00:21:18.406+0200][12.454s] GC(344) Old regions: 19->19
[2025-06-28T00:21:18.406+0200][12.454s] GC(344) Humongous regions: 0->0
[2025-06-28T00:21:18.406+0200][12.454s] GC(344) Metaspace: 55396K(55936K)->55396K(55936K) NonClass: 47900K(48192K)->47900K(48192K) Class: 7496K(7744K)->7496K(7744K)
[2025-06-28T00:21:18.406+0200][12.454s] GC(344) Pause Young (Concurrent Start) (G1 Evacuation Pause) 18M->17M(22M) 2.709ms
[2025-06-28T00:21:18.406+0200][12.454s] GC(344) User=0.00s Sys=0.00s Real=0.00s
[2025-06-28T00:21:18.406+0200][12.454s] Attempting full compaction
[2025-06-28T00:21:18.406+0200][12.454s] GC(345) Concurrent Mark Cycle
[2025-06-28T00:21:18.406+0200][12.454s] GC(346) Pause Full (G1 Compaction Pause)
[2025-06-28T00:21:18.406+0200][12.454s] GC(345) Concurrent Scan Root Regions
[2025-06-28T00:21:18.406+0200][12.454s] GC(346) Using 2 workers of 10 for full compaction
[2025-06-28T00:21:18.407+0200][12.455s] GC(345) Concurrent Scan Root Regions 0.793ms
[2025-06-28T00:21:18.407+0200][12.455s] GC(345) Concurrent Mark
[2025-06-28T00:21:18.407+0200][12.455s] GC(345) Concurrent Mark From Roots
[2025-06-28T00:21:18.407+0200][12.455s] GC(346) Phase 1: Mark live objects
[2025-06-28T00:21:18.407+0200][12.455s] GC(345) Using 3 workers of 3 for marking
[2025-06-28T00:21:18.434+0200][12.481s] GC(346) Phase 1: Mark live objects 26.369ms
[2025-06-28T00:21:18.434+0200][12.481s] GC(346) Phase 2: Prepare compaction
[2025-06-28T00:21:18.434+0200][12.482s] GC(346) Phase 2: Prepare compaction 0.435ms
[2025-06-28T00:21:18.434+0200][12.482s] GC(346) Phase 3: Adjust pointers
[2025-06-28T00:21:18.444+0200][12.492s] GC(346) Phase 3: Adjust pointers 10.203ms
[2025-06-28T00:21:18.444+0200][12.492s] GC(346) Phase 4: Compact heap
[2025-06-28T00:21:18.445+0200][12.492s] GC(346) Phase 4: Compact heap 0.484ms
[2025-06-28T00:21:18.445+0200][12.493s] GC(346) Phase 5: Reset Metadata
[2025-06-28T00:21:18.449+0200][12.497s] GC(346) Phase 5: Reset Metadata 4.149ms
[2025-06-28T00:21:18.454+0200][12.502s] GC(346) Eden regions: 0->0(1)
[2025-06-28T00:21:18.454+0200][12.502s] GC(346) Survivor regions: 1->0(1)
[2025-06-28T00:21:18.454+0200][12.502s] GC(346) Old regions: 19->19
[2025-06-28T00:21:18.454+0200][12.502s] GC(346) Humongous regions: 0->0
[2025-06-28T00:21:18.455+0200][12.502s] GC(346) Metaspace: 55396K(55936K)->55396K(55936K) NonClass: 47900K(48192K)->47900K(48192K) Class: 7496K(7744K)->7496K(7744K)
[2025-06-28T00:21:18.455+0200][12.502s] GC(346) Pause Full (G1 Compaction Pause) 17M->17M(22M) 48.349ms
[2025-06-28T00:21:18.455+0200][12.502s] GC(346) User=0.09s Sys=0.00s Real=0.05s
[2025-06-28T00:21:18.455+0200][12.502s] GC(345) Concurrent Mark From Roots 47.612ms
[2025-06-28T00:21:18.455+0200][12.502s] GC(345) Concurrent Mark Abort
[2025-06-28T00:21:18.455+0200][12.502s] GC(345) Concurrent Mark Cycle 48.605ms
[2025-06-28T00:21:18.466+0200][12.514s] GC(347) Pause Young (Normal) (G1 Evacuation Pause)
[2025-06-28T00:21:18.467+0200][12.514s] GC(347) Using 2 workers of 10 for evacuation
[2025-06-28T00:21:18.468+0200][12.516s] GC(347)   Pre Evacuate Collection Set: 0.3ms
[2025-06-28T00:21:18.468+0200][12.516s] GC(347)   Merge Heap Roots: 0.1ms
[2025-06-28T00:21:18.468+0200][12.516s] GC(347)   Evacuate Collection Set: 0.6ms
[2025-06-28T00:21:18.468+0200][12.516s] GC(347)   Post Evacuate Collection Set: 0.5ms
[2025-06-28T00:21:18.468+0200][12.516s] GC(347)   Other: 0.1ms
[2025-06-28T00:21:18.468+0200][12.516s] GC(347) Eden regions: 1->0(0)
[2025-06-28T00:21:18.468+0200][12.516s] GC(347) Survivor regions: 0->1(1)
[2025-06-28T00:21:18.468+0200][12.516s] GC(347) Old regions: 19->19
[2025-06-28T00:21:18.468+0200][12.516s] GC(347) Humongous regions: 0->0
[2025-06-28T00:21:18.468+0200][12.516s] GC(347) Metaspace: 55485K(56000K)->55485K(56000K) NonClass: 47973K(48256K)->47973K(48256K) Class: 7512K(7744K)->7512K(7744K)
[2025-06-28T00:21:18.468+0200][12.516s] GC(347) Pause Young (Normal) (G1 Evacuation Pause) 18M->17M(22M) 1.842ms
[2025-06-28T00:21:18.468+0200][12.516s] GC(347) User=0.00s Sys=0.00s Real=0.00s
[2025-06-28T00:21:18.468+0200][12.516s] Attempting full compaction
[2025-06-28T00:21:18.468+0200][12.516s] GC(348) Pause Full (G1 Compaction Pause)
[2025-06-28T00:21:18.468+0200][12.516s] GC(348) Using 2 workers of 10 for full compaction
[2025-06-28T00:21:18.468+0200][12.516s] GC(348) Phase 1: Mark live objects
[2025-06-28T00:21:18.487+0200][12.536s] GC(348) Phase 1: Mark live objects 19.687ms
[2025-06-28T00:21:18.487+0200][12.536s] GC(348) Phase 2: Prepare compaction
[2025-06-28T00:21:18.487+0200][12.536s] GC(348) Phase 2: Prepare compaction 0.457ms
[2025-06-28T00:21:18.487+0200][12.536s] GC(348) Phase 3: Adjust pointers
[2025-06-28T00:21:18.500+0200][12.548s] GC(348) Phase 3: Adjust pointers 11.366ms
[2025-06-28T00:21:18.503+0200][12.552s] GC(348) Phase 4: Compact heap
[2025-06-28T00:21:18.504+0200][12.552s] GC(348) Phase 4: Compact heap 0.487ms
[2025-06-28T00:21:18.504+0200][12.552s] GC(348) Phase 5: Reset Metadata
[2025-06-28T00:21:18.508+0200][12.556s] GC(348) Phase 5: Reset Metadata 4.008ms
[2025-06-28T00:21:18.512+0200][12.561s] GC(348) Eden regions: 0->0(1)
[2025-06-28T00:21:18.512+0200][12.561s] GC(348) Survivor regions: 1->0(1)
[2025-06-28T00:21:18.512+0200][12.561s] GC(348) Old regions: 19->19
[2025-06-28T00:21:18.512+0200][12.561s] GC(348) Humongous regions: 0->0
[2025-06-28T00:21:18.513+0200][12.561s] GC(348) Metaspace: 55485K(56000K)->55485K(56000K) NonClass: 47973K(48256K)->47973K(48256K) Class: 7512K(7744K)->7512K(7744K)
[2025-06-28T00:21:18.513+0200][12.561s] GC(348) Pause Full (G1 Compaction Pause) 17M->17M(22M) 45.025ms
[2025-06-28T00:21:18.513+0200][12.561s] GC(348) User=0.05s Sys=0.02s Real=0.05s
[2025-06-28T00:21:18.528+0200][12.576s] GC(349) Pause Young (Concurrent Start) (G1 Evacuation Pause)
[2025-06-28T00:21:18.528+0200][12.576s] GC(349) Using 2 workers of 10 for evacuation
[2025-06-28T00:21:18.530+0200][12.579s] GC(349)   Pre Evacuate Collection Set: 0.4ms
[2025-06-28T00:21:18.530+0200][12.579s] GC(349)   Merge Heap Roots: 0.2ms
[2025-06-28T00:21:18.530+0200][12.579s] GC(349)   Evacuate Collection Set: 0.9ms
[2025-06-28T00:21:18.530+0200][12.579s] GC(349)   Post Evacuate Collection Set: 0.5ms
[2025-06-28T00:21:18.531+0200][12.579s] GC(349)   Other: 0.3ms
[2025-06-28T00:21:18.531+0200][12.579s] GC(349) Eden regions: 1->0(0)
[2025-06-28T00:21:18.531+0200][12.579s] GC(349) Survivor regions: 0->1(1)
[2025-06-28T00:21:18.531+0200][12.579s] GC(349) Old regions: 19->19
[2025-06-28T00:21:18.531+0200][12.579s] GC(349) Humongous regions: 0->0
[2025-06-28T00:21:18.531+0200][12.579s] GC(349) Metaspace: 55641K(56192K)->55641K(56192K) NonClass: 48101K(48384K)->48101K(48384K) Class: 7540K(7808K)->7540K(7808K)
[2025-06-28T00:21:18.531+0200][12.579s] GC(349) Pause Young (Concurrent Start) (G1 Evacuation Pause) 18M->17M(22M) 2.644ms
[2025-06-28T00:21:18.531+0200][12.579s] GC(349) User=0.00s Sys=0.00s Real=0.00s
[2025-06-28T00:21:18.531+0200][12.579s] Attempting full compaction
[2025-06-28T00:21:18.531+0200][12.579s] GC(350) Pause Full (G1 Compaction Pause)
[2025-06-28T00:21:18.531+0200][12.579s] GC(350) Using 2 workers of 10 for full compaction
[2025-06-28T00:21:18.531+0200][12.579s] GC(351) Concurrent Mark Cycle
[2025-06-28T00:21:18.531+0200][12.579s] GC(351) Concurrent Scan Root Regions
[2025-06-28T00:21:18.531+0200][12.579s] GC(351) Concurrent Scan Root Regions 0.076ms
[2025-06-28T00:21:18.531+0200][12.579s] GC(351) Concurrent Mark
[2025-06-28T00:21:18.531+0200][12.579s] GC(351) Concurrent Mark From Roots
[2025-06-28T00:21:18.531+0200][12.579s] GC(351) Using 3 workers of 3 for marking
[2025-06-28T00:21:18.531+0200][12.579s] GC(350) Phase 1: Mark live objects
[2025-06-28T00:21:18.552+0200][12.600s] GC(350) Phase 1: Mark live objects 20.441ms
[2025-06-28T00:21:18.552+0200][12.600s] GC(350) Phase 2: Prepare compaction
[2025-06-28T00:21:18.553+0200][12.600s] GC(350) Phase 2: Prepare compaction 0.540ms
[2025-06-28T00:21:18.553+0200][12.601s] GC(350) Phase 3: Adjust pointers
[2025-06-28T00:21:18.561+0200][12.609s] GC(350) Phase 3: Adjust pointers 8.192ms
[2025-06-28T00:21:18.561+0200][12.609s] GC(350) Phase 4: Compact heap
[2025-06-28T00:21:18.562+0200][12.609s] GC(350) Phase 4: Compact heap 0.639ms
[2025-06-28T00:21:18.562+0200][12.610s] GC(350) Phase 5: Reset Metadata
[2025-06-28T00:21:18.566+0200][12.614s] GC(350) Phase 5: Reset Metadata 4.223ms
[2025-06-28T00:21:18.570+0200][12.618s] GC(350) Eden regions: 0->0(1)
[2025-06-28T00:21:18.570+0200][12.618s] GC(350) Survivor regions: 1->0(1)
[2025-06-28T00:21:18.570+0200][12.618s] GC(350) Old regions: 19->19
[2025-06-28T00:21:18.570+0200][12.618s] GC(350) Humongous regions: 0->0
[2025-06-28T00:21:18.570+0200][12.618s] GC(350) Metaspace: 55641K(56192K)->55641K(56192K) NonClass: 48101K(48384K)->48101K(48384K) Class: 7540K(7808K)->7540K(7808K)
[2025-06-28T00:21:18.570+0200][12.618s] GC(350) Pause Full (G1 Compaction Pause) 17M->17M(22M) 39.076ms
[2025-06-28T00:21:18.570+0200][12.618s] GC(350) User=0.06s Sys=0.00s Real=0.04s
[2025-06-28T00:21:18.570+0200][12.618s] GC(351) Concurrent Mark From Roots 39.079ms
[2025-06-28T00:21:18.571+0200][12.618s] GC(351) Concurrent Mark Abort
[2025-06-28T00:21:18.571+0200][12.618s] GC(351) Concurrent Mark Cycle 39.379ms
[2025-06-28T00:21:18.580+0200][12.628s] GC(352) Pause Young (Normal) (G1 Evacuation Pause)
[2025-06-28T00:21:18.580+0200][12.628s] GC(352) Using 2 workers of 10 for evacuation
[2025-06-28T00:21:18.582+0200][12.630s] GC(352)   Pre Evacuate Collection Set: 0.3ms
[2025-06-28T00:21:18.582+0200][12.630s] GC(352)   Merge Heap Roots: 0.1ms
[2025-06-28T00:21:18.582+0200][12.630s] GC(352)   Evacuate Collection Set: 0.7ms
[2025-06-28T00:21:18.582+0200][12.630s] GC(352)   Post Evacuate Collection Set: 0.5ms
[2025-06-28T00:21:18.582+0200][12.630s] GC(352)   Other: 0.1ms
[2025-06-28T00:21:18.582+0200][12.630s] GC(352) Eden regions: 1->0(0)
[2025-06-28T00:21:18.582+0200][12.630s] GC(352) Survivor regions: 0->1(1)
[2025-06-28T00:21:18.582+0200][12.630s] GC(352) Old regions: 19->19
[2025-06-28T00:21:18.582+0200][12.630s] GC(352) Humongous regions: 0->0
[2025-06-28T00:21:18.582+0200][12.630s] GC(352) Metaspace: 55756K(56256K)->55756K(56256K) NonClass: 48200K(48448K)->48200K(48448K) Class: 7556K(7808K)->7556K(7808K)
[2025-06-28T00:21:18.582+0200][12.630s] GC(352) Pause Young (Normal) (G1 Evacuation Pause) 18M->17M(22M) 1.962ms
[2025-06-28T00:21:18.582+0200][12.630s] GC(352) User=0.00s Sys=0.00s Real=0.00s
[2025-06-28T00:21:18.582+0200][12.630s] Attempting full compaction
[2025-06-28T00:21:18.582+0200][12.630s] GC(353) Pause Full (G1 Compaction Pause)
[2025-06-28T00:21:18.582+0200][12.630s] GC(353) Using 2 workers of 10 for full compaction
[2025-06-28T00:21:18.582+0200][12.630s] GC(353) Phase 1: Mark live objects
[2025-06-28T00:21:18.603+0200][12.651s] GC(353) Phase 1: Mark live objects 21.075ms
[2025-06-28T00:21:18.603+0200][12.651s] GC(353) Phase 2: Prepare compaction
[2025-06-28T00:21:18.605+0200][12.652s] GC(353) Phase 2: Prepare compaction 1.041ms
[2025-06-28T00:21:18.605+0200][12.652s] GC(353) Phase 3: Adjust pointers
[2025-06-28T00:21:18.615+0200][12.662s] GC(353) Phase 3: Adjust pointers 9.728ms
[2025-06-28T00:21:18.615+0200][12.662s] GC(353) Phase 4: Compact heap
[2025-06-28T00:21:18.615+0200][12.663s] GC(353) Phase 4: Compact heap 0.866ms
[2025-06-28T00:21:18.616+0200][12.663s] GC(353) Phase 5: Reset Metadata
[2025-06-28T00:21:18.619+0200][12.667s] GC(353) Phase 5: Reset Metadata 3.329ms
[2025-06-28T00:21:18.623+0200][12.671s] GC(353) Eden regions: 0->0(1)
[2025-06-28T00:21:18.623+0200][12.671s] GC(353) Survivor regions: 1->0(1)
[2025-06-28T00:21:18.623+0200][12.671s] GC(353) Old regions: 19->19
[2025-06-28T00:21:18.623+0200][12.671s] GC(353) Humongous regions: 0->0
[2025-06-28T00:21:18.623+0200][12.671s] GC(353) Metaspace: 55756K(56256K)->55756K(56256K) NonClass: 48200K(48448K)->48200K(48448K) Class: 7556K(7808K)->7556K(7808K)
[2025-06-28T00:21:18.623+0200][12.671s] GC(353) Pause Full (G1 Compaction Pause) 17M->17M(22M) 40.939ms
[2025-06-28T00:21:18.623+0200][12.671s] GC(353) User=0.05s Sys=0.00s Real=0.04s
[2025-06-28T00:21:18.693+0200][12.741s] GC(354) Pause Young (Concurrent Start) (G1 Evacuation Pause)
[2025-06-28T00:21:18.693+0200][12.741s] GC(354) Using 2 workers of 10 for evacuation
[2025-06-28T00:21:18.695+0200][12.744s] GC(354)   Pre Evacuate Collection Set: 0.2ms
[2025-06-28T00:21:18.695+0200][12.744s] GC(354)   Merge Heap Roots: 0.1ms
[2025-06-28T00:21:18.695+0200][12.744s] GC(354)   Evacuate Collection Set: 1.4ms
[2025-06-28T00:21:18.695+0200][12.744s] GC(354)   Post Evacuate Collection Set: 0.4ms
[2025-06-28T00:21:18.695+0200][12.744s] GC(354)   Other: 0.1ms
[2025-06-28T00:21:18.695+0200][12.744s] GC(354) Eden regions: 1->0(0)
[2025-06-28T00:21:18.695+0200][12.744s] GC(354) Survivor regions: 0->1(1)
[2025-06-28T00:21:18.695+0200][12.744s] GC(354) Old regions: 19->19
[2025-06-28T00:21:18.695+0200][12.744s] GC(354) Humongous regions: 0->0
[2025-06-28T00:21:18.695+0200][12.744s] GC(354) Metaspace: 55890K(56384K)->55890K(56384K) NonClass: 48319K(48576K)->48319K(48576K) Class: 7571K(7808K)->7571K(7808K)
[2025-06-28T00:21:18.695+0200][12.744s] GC(354) Pause Young (Concurrent Start) (G1 Evacuation Pause) 18M->17M(22M) 2.636ms
[2025-06-28T00:21:18.695+0200][12.744s] GC(354) User=0.00s Sys=0.00s Real=0.00s
[2025-06-28T00:21:18.695+0200][12.744s] GC(355) Concurrent Mark Cycle
[2025-06-28T00:21:18.695+0200][12.744s] Attempting full compaction
[2025-06-28T00:21:18.695+0200][12.744s] GC(355) Concurrent Scan Root Regions
[2025-06-28T00:21:18.695+0200][12.744s] GC(356) Pause Full (G1 Compaction Pause)
[2025-06-28T00:21:18.695+0200][12.744s] GC(356) Using 2 workers of 10 for full compaction
[2025-06-28T00:21:18.695+0200][12.745s] GC(355) Concurrent Scan Root Regions 0.892ms
[2025-06-28T00:21:18.695+0200][12.745s] GC(355) Concurrent Mark
[2025-06-28T00:21:18.695+0200][12.745s] GC(355) Concurrent Mark From Roots
[2025-06-28T00:21:18.695+0200][12.745s] GC(355) Using 3 workers of 3 for marking
[2025-06-28T00:21:18.695+0200][12.746s] GC(356) Phase 1: Mark live objects
[2025-06-28T00:21:18.719+0200][12.767s] GC(356) Phase 1: Mark live objects 21.621ms
[2025-06-28T00:21:18.719+0200][12.767s] GC(356) Phase 2: Prepare compaction
[2025-06-28T00:21:18.720+0200][12.768s] GC(356) Phase 2: Prepare compaction 0.453ms
[2025-06-28T00:21:18.720+0200][12.768s] GC(356) Phase 3: Adjust pointers
[2025-06-28T00:21:18.730+0200][12.777s] GC(356) Phase 3: Adjust pointers 9.499ms
[2025-06-28T00:21:18.730+0200][12.777s] GC(356) Phase 4: Compact heap
[2025-06-28T00:21:18.730+0200][12.778s] GC(356) Phase 4: Compact heap 0.471ms
[2025-06-28T00:21:18.730+0200][12.778s] GC(356) Phase 5: Reset Metadata
[2025-06-28T00:21:18.734+0200][12.782s] GC(356) Phase 5: Reset Metadata 3.842ms
[2025-06-28T00:21:18.737+0200][12.785s] GC(356) Eden regions: 0->0(1)
[2025-06-28T00:21:18.737+0200][12.785s] GC(356) Survivor regions: 1->0(1)
[2025-06-28T00:21:18.737+0200][12.785s] GC(356) Old regions: 19->19
[2025-06-28T00:21:18.737+0200][12.785s] GC(356) Humongous regions: 0->0
[2025-06-28T00:21:18.737+0200][12.785s] GC(356) Metaspace: 55890K(56384K)->55890K(56384K) NonClass: 48319K(48576K)->48319K(48576K) Class: 7571K(7808K)->7571K(7808K)
[2025-06-28T00:21:18.737+0200][12.785s] GC(356) Pause Full (G1 Compaction Pause) 17M->17M(22M) 41.230ms
[2025-06-28T00:21:18.737+0200][12.785s] GC(356) User=0.08s Sys=0.02s Real=0.04s
[2025-06-28T00:21:18.738+0200][12.785s] GC(355) Concurrent Mark From Roots 40.545ms
[2025-06-28T00:21:18.738+0200][12.785s] GC(355) Concurrent Mark Abort
[2025-06-28T00:21:18.738+0200][12.785s] GC(355) Concurrent Mark Cycle 41.645ms
[2025-06-28T00:21:18.785+0200][12.834s] GC(357) Pause Young (Normal) (G1 Evacuation Pause)
[2025-06-28T00:21:18.785+0200][12.834s] GC(357) Using 2 workers of 10 for evacuation
[2025-06-28T00:21:18.788+0200][12.835s] GC(357)   Pre Evacuate Collection Set: 0.3ms
[2025-06-28T00:21:18.788+0200][12.836s] GC(357)   Merge Heap Roots: 0.2ms
[2025-06-28T00:21:18.788+0200][12.836s] GC(357)   Evacuate Collection Set: 0.7ms
[2025-06-28T00:21:18.788+0200][12.836s] GC(357)   Post Evacuate Collection Set: 0.7ms
[2025-06-28T00:21:18.788+0200][12.836s] GC(357)   Other: 0.1ms
[2025-06-28T00:21:18.788+0200][12.836s] GC(357) Eden regions: 1->0(0)
[2025-06-28T00:21:18.788+0200][12.836s] GC(357) Survivor regions: 0->1(1)
[2025-06-28T00:21:18.788+0200][12.836s] GC(357) Old regions: 19->19
[2025-06-28T00:21:18.788+0200][12.836s] GC(357) Humongous regions: 0->0
[2025-06-28T00:21:18.788+0200][12.836s] GC(357) Metaspace: 55986K(56448K)->55986K(56448K) NonClass: 48397K(48640K)->48397K(48640K) Class: 7588K(7808K)->7588K(7808K)
[2025-06-28T00:21:18.788+0200][12.836s] GC(357) Pause Young (Normal) (G1 Evacuation Pause) 18M->17M(22M) 2.106ms
[2025-06-28T00:21:18.788+0200][12.836s] GC(357) User=0.00s Sys=0.00s Real=0.00s
[2025-06-28T00:21:18.788+0200][12.836s] Attempting full compaction
[2025-06-28T00:21:18.788+0200][12.836s] GC(358) Pause Full (G1 Compaction Pause)
[2025-06-28T00:21:18.788+0200][12.836s] GC(358) Using 2 workers of 10 for full compaction
[2025-06-28T00:21:18.788+0200][12.836s] GC(358) Phase 1: Mark live objects
[2025-06-28T00:21:18.814+0200][12.862s] GC(358) Phase 1: Mark live objects 25.775ms
[2025-06-28T00:21:18.814+0200][12.862s] GC(358) Phase 2: Prepare compaction
[2025-06-28T00:21:18.815+0200][12.863s] GC(358) Phase 2: Prepare compaction 1.209ms
[2025-06-28T00:21:18.815+0200][12.863s] GC(358) Phase 3: Adjust pointers
[2025-06-28T00:21:18.826+0200][12.874s] GC(358) Phase 3: Adjust pointers 10.872ms
[2025-06-28T00:21:18.826+0200][12.874s] GC(358) Phase 4: Compact heap
[2025-06-28T00:21:18.826+0200][12.874s] GC(358) Phase 4: Compact heap 0.449ms
[2025-06-28T00:21:18.826+0200][12.874s] GC(358) Phase 5: Reset Metadata
[2025-06-28T00:21:18.830+0200][12.878s] GC(358) Phase 5: Reset Metadata 3.949ms
[2025-06-28T00:21:18.835+0200][12.883s] GC(358) Eden regions: 0->0(1)
[2025-06-28T00:21:18.835+0200][12.883s] GC(358) Survivor regions: 1->0(1)
[2025-06-28T00:21:18.835+0200][12.883s] GC(358) Old regions: 19->19
[2025-06-28T00:21:18.835+0200][12.883s] GC(358) Humongous regions: 0->0
[2025-06-28T00:21:18.835+0200][12.883s] GC(358) Metaspace: 55986K(56448K)->55986K(56448K) NonClass: 48397K(48640K)->48397K(48640K) Class: 7588K(7808K)->7588K(7808K)
[2025-06-28T00:21:18.835+0200][12.883s] GC(358) Pause Full (G1 Compaction Pause) 17M->17M(22M) 47.348ms
[2025-06-28T00:21:18.835+0200][12.883s] GC(358) User=0.09s Sys=0.00s Real=0.05s
[2025-06-28T00:21:18.848+0200][12.896s] GC(359) Pause Young (Concurrent Start) (G1 Evacuation Pause)
[2025-06-28T00:21:18.848+0200][12.896s] GC(359) Using 2 workers of 10 for evacuation
[2025-06-28T00:21:18.850+0200][12.898s] GC(359)   Pre Evacuate Collection Set: 0.2ms
[2025-06-28T00:21:18.850+0200][12.898s] GC(359)   Merge Heap Roots: 0.1ms
[2025-06-28T00:21:18.850+0200][12.898s] GC(359)   Evacuate Collection Set: 0.8ms
[2025-06-28T00:21:18.850+0200][12.898s] GC(359)   Post Evacuate Collection Set: 0.5ms
[2025-06-28T00:21:18.850+0200][12.898s] GC(359)   Other: 0.1ms
[2025-06-28T00:21:18.850+0200][12.898s] GC(359) Eden regions: 1->0(0)
[2025-06-28T00:21:18.850+0200][12.898s] GC(359) Survivor regions: 0->1(1)
[2025-06-28T00:21:18.850+0200][12.898s] GC(359) Old regions: 19->19
[2025-06-28T00:21:18.850+0200][12.898s] GC(359) Humongous regions: 0->0
[2025-06-28T00:21:18.850+0200][12.898s] GC(359) Metaspace: 56033K(56512K)->56033K(56512K) NonClass: 48440K(48704K)->48440K(48704K) Class: 7592K(7808K)->7592K(7808K)
[2025-06-28T00:21:18.850+0200][12.898s] GC(359) Pause Young (Concurrent Start) (G1 Evacuation Pause) 18M->17M(22M) 1.921ms
[2025-06-28T00:21:18.850+0200][12.898s] GC(359) User=0.00s Sys=0.00s Real=0.00s
[2025-06-28T00:21:18.850+0200][12.898s] Attempting full compaction
[2025-06-28T00:21:18.850+0200][12.898s] GC(360) Pause Full (G1 Compaction Pause)
[2025-06-28T00:21:18.850+0200][12.898s] GC(360) Using 2 workers of 10 for full compaction
[2025-06-28T00:21:18.850+0200][12.898s] GC(361) Concurrent Mark Cycle
[2025-06-28T00:21:18.850+0200][12.898s] GC(361) Concurrent Scan Root Regions
[2025-06-28T00:21:18.850+0200][12.898s] GC(361) Concurrent Scan Root Regions 0.103ms
[2025-06-28T00:21:18.850+0200][12.898s] GC(361) Concurrent Mark
[2025-06-28T00:21:18.850+0200][12.898s] GC(361) Concurrent Mark From Roots
[2025-06-28T00:21:18.850+0200][12.898s] GC(361) Using 3 workers of 3 for marking
[2025-06-28T00:21:18.851+0200][12.898s] GC(360) Phase 1: Mark live objects
[2025-06-28T00:21:18.872+0200][12.920s] GC(360) Phase 1: Mark live objects 22.033ms
[2025-06-28T00:21:18.872+0200][12.920s] GC(360) Phase 2: Prepare compaction
[2025-06-28T00:21:18.873+0200][12.921s] GC(360) Phase 2: Prepare compaction 0.950ms
[2025-06-28T00:21:18.873+0200][12.921s] GC(360) Phase 3: Adjust pointers
[2025-06-28T00:21:18.885+0200][12.933s] GC(360) Phase 3: Adjust pointers 11.943ms
[2025-06-28T00:21:18.885+0200][12.933s] GC(360) Phase 4: Compact heap
[2025-06-28T00:21:18.887+0200][12.935s] GC(360) Phase 4: Compact heap 1.251ms
[2025-06-28T00:21:18.887+0200][12.935s] GC(360) Phase 5: Reset Metadata
[2025-06-28T00:21:18.890+0200][12.938s] GC(360) Phase 5: Reset Metadata 3.281ms
[2025-06-28T00:21:18.894+0200][12.943s] GC(360) Eden regions: 0->0(1)
[2025-06-28T00:21:18.895+0200][12.943s] GC(360) Survivor regions: 1->0(1)
[2025-06-28T00:21:18.895+0200][12.943s] GC(360) Old regions: 19->19
[2025-06-28T00:21:18.895+0200][12.943s] GC(360) Humongous regions: 0->0
[2025-06-28T00:21:18.895+0200][12.943s] GC(360) Metaspace: 56033K(56512K)->56033K(56512K) NonClass: 48440K(48704K)->48440K(48704K) Class: 7592K(7808K)->7592K(7808K)
[2025-06-28T00:21:18.895+0200][12.943s] GC(360) Pause Full (G1 Compaction Pause) 17M->17M(22M) 45.127ms
[2025-06-28T00:21:18.895+0200][12.943s] GC(360) User=0.06s Sys=0.00s Real=0.05s
[2025-06-28T00:21:18.895+0200][12.943s] GC(361) Concurrent Mark From Roots 45.276ms
[2025-06-28T00:21:18.895+0200][12.944s] GC(361) Concurrent Mark Abort
[2025-06-28T00:21:18.895+0200][12.944s] GC(361) Concurrent Mark Cycle 45.557ms
[2025-06-28T00:21:18.927+0200][12.975s] GC(362) Pause Young (Normal) (G1 Evacuation Pause)
[2025-06-28T00:21:18.927+0200][12.975s] GC(362) Using 2 workers of 10 for evacuation
[2025-06-28T00:21:18.929+0200][12.977s] GC(362)   Pre Evacuate Collection Set: 0.2ms
[2025-06-28T00:21:18.929+0200][12.977s] GC(362)   Merge Heap Roots: 0.1ms
[2025-06-28T00:21:18.929+0200][12.977s] GC(362)   Evacuate Collection Set: 0.9ms
[2025-06-28T00:21:18.929+0200][12.977s] GC(362)   Post Evacuate Collection Set: 0.6ms
[2025-06-28T00:21:18.929+0200][12.977s] GC(362)   Other: 0.1ms
[2025-06-28T00:21:18.929+0200][12.977s] GC(362) Eden regions: 1->0(0)
[2025-06-28T00:21:18.929+0200][12.977s] GC(362) Survivor regions: 0->1(1)
[2025-06-28T00:21:18.929+0200][12.977s] GC(362) Old regions: 19->19
[2025-06-28T00:21:18.929+0200][12.977s] GC(362) Humongous regions: 0->0
[2025-06-28T00:21:18.929+0200][12.977s] GC(362) Metaspace: 56205K(56768K)->56205K(56768K) NonClass: 48602K(48896K)->48602K(48896K) Class: 7603K(7872K)->7603K(7872K)
[2025-06-28T00:21:18.929+0200][12.978s] GC(362) Pause Young (Normal) (G1 Evacuation Pause) 18M->17M(22M) 2.500ms
[2025-06-28T00:21:18.929+0200][12.978s] GC(362) User=0.00s Sys=0.00s Real=0.00s
[2025-06-28T00:21:18.929+0200][12.978s] Attempting full compaction
[2025-06-28T00:21:18.929+0200][12.978s] GC(363) Pause Full (G1 Compaction Pause)
[2025-06-28T00:21:18.929+0200][12.978s] GC(363) Using 2 workers of 10 for full compaction
[2025-06-28T00:21:18.929+0200][12.978s] GC(363) Phase 1: Mark live objects
[2025-06-28T00:21:18.956+0200][13.004s] GC(363) Phase 1: Mark live objects 26.591ms
[2025-06-28T00:21:18.956+0200][13.005s] GC(363) Phase 2: Prepare compaction
[2025-06-28T00:21:18.957+0200][13.005s] GC(363) Phase 2: Prepare compaction 0.507ms
[2025-06-28T00:21:18.957+0200][13.005s] GC(363) Phase 3: Adjust pointers
[2025-06-28T00:21:18.967+0200][13.016s] GC(363) Phase 3: Adjust pointers 10.622ms
[2025-06-28T00:21:18.967+0200][13.016s] GC(363) Phase 4: Compact heap
[2025-06-28T00:21:18.968+0200][13.016s] GC(363) Phase 4: Compact heap 0.602ms
[2025-06-28T00:21:18.968+0200][13.016s] GC(363) Phase 5: Reset Metadata
[2025-06-28T00:21:18.972+0200][13.021s] GC(363) Phase 5: Reset Metadata 4.017ms
[2025-06-28T00:21:18.977+0200][13.025s] GC(363) Eden regions: 0->0(1)
[2025-06-28T00:21:18.977+0200][13.026s] GC(363) Survivor regions: 1->0(1)
[2025-06-28T00:21:18.977+0200][13.026s] GC(363) Old regions: 19->19
[2025-06-28T00:21:18.977+0200][13.026s] GC(363) Humongous regions: 0->0
[2025-06-28T00:21:18.977+0200][13.026s] GC(363) Metaspace: 56205K(56768K)->56205K(56768K) NonClass: 48602K(48896K)->48602K(48896K) Class: 7603K(7872K)->7603K(7872K)
[2025-06-28T00:21:18.977+0200][13.026s] GC(363) Pause Full (G1 Compaction Pause) 17M->17M(22M) 47.973ms
[2025-06-28T00:21:18.977+0200][13.026s] GC(363) User=0.09s Sys=0.00s Real=0.05s
[2025-06-28T00:21:19.008+0200][13.056s] GC(364) Pause Young (Concurrent Start) (G1 Evacuation Pause)
[2025-06-28T00:21:19.008+0200][13.056s] GC(364) Using 2 workers of 10 for evacuation
[2025-06-28T00:21:19.011+0200][13.059s] GC(364)   Pre Evacuate Collection Set: 0.2ms
[2025-06-28T00:21:19.011+0200][13.059s] GC(364)   Merge Heap Roots: 0.0ms
[2025-06-28T00:21:19.011+0200][13.059s] GC(364)   Evacuate Collection Set: 1.1ms
[2025-06-28T00:21:19.011+0200][13.059s] GC(364)   Post Evacuate Collection Set: 1.4ms
[2025-06-28T00:21:19.011+0200][13.059s] GC(364)   Other: 0.1ms
[2025-06-28T00:21:19.011+0200][13.059s] GC(364) Eden regions: 1->0(0)
[2025-06-28T00:21:19.011+0200][13.059s] GC(364) Survivor regions: 0->1(1)
[2025-06-28T00:21:19.011+0200][13.059s] GC(364) Old regions: 19->19
[2025-06-28T00:21:19.011+0200][13.059s] GC(364) Humongous regions: 0->0
[2025-06-28T00:21:19.011+0200][13.059s] GC(364) Metaspace: 56349K(56896K)->56349K(56896K) NonClass: 48737K(49024K)->48737K(49024K) Class: 7612K(7872K)->7612K(7872K)
[2025-06-28T00:21:19.011+0200][13.059s] GC(364) Pause Young (Concurrent Start) (G1 Evacuation Pause) 18M->18M(22M) 3.310ms
[2025-06-28T00:21:19.011+0200][13.059s] GC(365) Concurrent Mark Cycle
[2025-06-28T00:21:19.011+0200][13.059s] GC(364) User=0.00s Sys=0.00s Real=0.00s
[2025-06-28T00:21:19.011+0200][13.060s] GC(365) Concurrent Scan Root Regions
[2025-06-28T00:21:19.012+0200][13.060s] Attempting full compaction
[2025-06-28T00:21:19.012+0200][13.060s] GC(366) Pause Full (G1 Compaction Pause)
[2025-06-28T00:21:19.012+0200][13.060s] GC(366) Using 2 workers of 10 for full compaction
[2025-06-28T00:21:19.013+0200][13.061s] GC(365) Concurrent Scan Root Regions 1.233ms
[2025-06-28T00:21:19.013+0200][13.061s] GC(365) Concurrent Mark
[2025-06-28T00:21:19.013+0200][13.061s] GC(365) Concurrent Mark From Roots
[2025-06-28T00:21:19.013+0200][13.061s] GC(365) Using 3 workers of 3 for marking
[2025-06-28T00:21:19.013+0200][13.061s] GC(366) Phase 1: Mark live objects
[2025-06-28T00:21:19.040+0200][13.088s] GC(366) Phase 1: Mark live objects 27.159ms
[2025-06-28T00:21:19.040+0200][13.088s] GC(366) Phase 2: Prepare compaction
[2025-06-28T00:21:19.040+0200][13.089s] GC(366) Phase 2: Prepare compaction 0.797ms
[2025-06-28T00:21:19.040+0200][13.089s] GC(366) Phase 3: Adjust pointers
[2025-06-28T00:21:19.052+0200][13.100s] GC(366) Phase 3: Adjust pointers 10.573ms
[2025-06-28T00:21:19.052+0200][13.100s] GC(366) Phase 4: Compact heap
[2025-06-28T00:21:19.053+0200][13.101s] GC(366) Phase 4: Compact heap 1.066ms
[2025-06-28T00:21:19.053+0200][13.101s] GC(366) Phase 5: Reset Metadata
[2025-06-28T00:21:19.056+0200][13.104s] GC(366) Phase 5: Reset Metadata 3.394ms
[2025-06-28T00:21:19.062+0200][13.110s] GC(366) Eden regions: 0->0(1)
[2025-06-28T00:21:19.062+0200][13.110s] GC(366) Survivor regions: 1->0(1)
[2025-06-28T00:21:19.062+0200][13.110s] GC(366) Old regions: 19->19
[2025-06-28T00:21:19.062+0200][13.110s] GC(366) Humongous regions: 0->0
[2025-06-28T00:21:19.062+0200][13.110s] GC(366) Metaspace: 56349K(56896K)->56348K(56896K) NonClass: 48737K(49024K)->48736K(49024K) Class: 7612K(7872K)->7611K(7872K)
[2025-06-28T00:21:19.062+0200][13.110s] GC(366) Pause Full (G1 Compaction Pause) 18M->17M(22M) 50.142ms
[2025-06-28T00:21:19.062+0200][13.110s] GC(366) User=0.06s Sys=0.02s Real=0.05s
[2025-06-28T00:21:19.063+0200][13.111s] GC(365) Concurrent Mark From Roots 49.775ms
[2025-06-28T00:21:19.063+0200][13.111s] GC(365) Concurrent Mark Abort
[2025-06-28T00:21:19.063+0200][13.111s] GC(365) Concurrent Mark Cycle 51.275ms
[2025-06-28T00:21:19.087+0200][13.135s] GC(367) Pause Young (Normal) (G1 Evacuation Pause)
[2025-06-28T00:21:19.087+0200][13.135s] GC(367) Using 2 workers of 10 for evacuation
[2025-06-28T00:21:19.089+0200][13.137s] GC(367)   Pre Evacuate Collection Set: 0.1ms
[2025-06-28T00:21:19.089+0200][13.137s] GC(367)   Merge Heap Roots: 0.1ms
[2025-06-28T00:21:19.089+0200][13.137s] GC(367)   Evacuate Collection Set: 1.3ms
[2025-06-28T00:21:19.089+0200][13.137s] GC(367)   Post Evacuate Collection Set: 0.4ms
[2025-06-28T00:21:19.089+0200][13.137s] GC(367)   Other: 0.1ms
[2025-06-28T00:21:19.089+0200][13.137s] GC(367) Eden regions: 1->0(0)
[2025-06-28T00:21:19.089+0200][13.137s] GC(367) Survivor regions: 0->1(1)
[2025-06-28T00:21:19.089+0200][13.137s] GC(367) Old regions: 19->19
[2025-06-28T00:21:19.089+0200][13.137s] GC(367) Humongous regions: 0->0
[2025-06-28T00:21:19.089+0200][13.137s] GC(367) Metaspace: 56418K(56960K)->56418K(56960K) NonClass: 48804K(49088K)->48804K(49088K) Class: 7614K(7872K)->7614K(7872K)
[2025-06-28T00:21:19.089+0200][13.137s] GC(367) Pause Young (Normal) (G1 Evacuation Pause) 18M->18M(22M) 2.336ms
[2025-06-28T00:21:19.089+0200][13.137s] GC(367) User=0.05s Sys=0.00s Real=0.00s
[2025-06-28T00:21:19.089+0200][13.137s] Attempting full compaction
[2025-06-28T00:21:19.089+0200][13.137s] GC(368) Pause Full (G1 Compaction Pause)
[2025-06-28T00:21:19.089+0200][13.137s] GC(368) Using 2 workers of 10 for full compaction
[2025-06-28T00:21:19.089+0200][13.137s] GC(368) Phase 1: Mark live objects
[2025-06-28T00:21:19.119+0200][13.167s] GC(368) Phase 1: Mark live objects 29.762ms
[2025-06-28T00:21:19.119+0200][13.167s] GC(368) Phase 2: Prepare compaction
[2025-06-28T00:21:19.120+0200][13.168s] GC(368) Phase 2: Prepare compaction 0.576ms
[2025-06-28T00:21:19.120+0200][13.168s] GC(368) Phase 3: Adjust pointers
[2025-06-28T00:21:19.130+0200][13.178s] GC(368) Phase 3: Adjust pointers 10.037ms
[2025-06-28T00:21:19.130+0200][13.178s] GC(368) Phase 4: Compact heap
[2025-06-28T00:21:19.131+0200][13.179s] GC(368) Phase 4: Compact heap 0.516ms
[2025-06-28T00:21:19.131+0200][13.179s] GC(368) Phase 5: Reset Metadata
[2025-06-28T00:21:19.134+0200][13.182s] GC(368) Phase 5: Reset Metadata 3.375ms
[2025-06-28T00:21:19.140+0200][13.188s] GC(368) Eden regions: 0->0(1)
[2025-06-28T00:21:19.140+0200][13.188s] GC(368) Survivor regions: 1->0(1)
[2025-06-28T00:21:19.140+0200][13.188s] GC(368) Old regions: 19->19
[2025-06-28T00:21:19.140+0200][13.188s] GC(368) Humongous regions: 0->0
[2025-06-28T00:21:19.140+0200][13.188s] GC(368) Metaspace: 56418K(56960K)->56415K(56960K) NonClass: 48804K(49088K)->48801K(49088K) Class: 7614K(7872K)->7613K(7872K)
[2025-06-28T00:21:19.140+0200][13.188s] GC(368) Pause Full (G1 Compaction Pause) 18M->17M(22M) 50.637ms
[2025-06-28T00:21:19.140+0200][13.188s] GC(368) User=0.06s Sys=0.00s Real=0.05s
[2025-06-28T00:21:19.159+0200][13.206s] GC(369) Pause Young (Concurrent Start) (G1 Evacuation Pause)
[2025-06-28T00:21:19.159+0200][13.207s] GC(369) Using 2 workers of 10 for evacuation
[2025-06-28T00:21:19.161+0200][13.209s] GC(369)   Pre Evacuate Collection Set: 0.3ms
[2025-06-28T00:21:19.161+0200][13.209s] GC(369)   Merge Heap Roots: 0.2ms
[2025-06-28T00:21:19.161+0200][13.209s] GC(369)   Evacuate Collection Set: 1.2ms
[2025-06-28T00:21:19.161+0200][13.209s] GC(369)   Post Evacuate Collection Set: 0.8ms
[2025-06-28T00:21:19.162+0200][13.209s] GC(369)   Other: 0.2ms
[2025-06-28T00:21:19.162+0200][13.209s] GC(369) Eden regions: 1->0(0)
[2025-06-28T00:21:19.162+0200][13.209s] GC(369) Survivor regions: 0->1(1)
[2025-06-28T00:21:19.162+0200][13.209s] GC(369) Old regions: 19->19
[2025-06-28T00:21:19.162+0200][13.209s] GC(369) Humongous regions: 0->0
[2025-06-28T00:21:19.162+0200][13.209s] GC(369) Metaspace: 56437K(57024K)->56437K(57024K) NonClass: 48821K(49152K)->48821K(49152K) Class: 7616K(7872K)->7616K(7872K)
[2025-06-28T00:21:19.162+0200][13.210s] GC(369) Pause Young (Concurrent Start) (G1 Evacuation Pause) 18M->17M(22M) 3.017ms
[2025-06-28T00:21:19.162+0200][13.210s] GC(370) Concurrent Mark Cycle
[2025-06-28T00:21:19.162+0200][13.210s] GC(369) User=0.00s Sys=0.00s Real=0.00s
[2025-06-28T00:21:19.162+0200][13.210s] GC(370) Concurrent Scan Root Regions
[2025-06-28T00:21:19.162+0200][13.210s] Attempting full compaction
[2025-06-28T00:21:19.162+0200][13.210s] GC(371) Pause Full (G1 Compaction Pause)
[2025-06-28T00:21:19.162+0200][13.210s] GC(371) Using 2 workers of 10 for full compaction
[2025-06-28T00:21:19.163+0200][13.211s] GC(370) Concurrent Scan Root Regions 1.345ms
[2025-06-28T00:21:19.163+0200][13.211s] GC(370) Concurrent Mark
[2025-06-28T00:21:19.163+0200][13.211s] GC(370) Concurrent Mark From Roots
[2025-06-28T00:21:19.163+0200][13.211s] GC(370) Using 3 workers of 3 for marking
[2025-06-28T00:21:19.163+0200][13.211s] GC(371) Phase 1: Mark live objects
[2025-06-28T00:21:19.186+0200][13.234s] GC(371) Phase 1: Mark live objects 23.120ms
[2025-06-28T00:21:19.186+0200][13.234s] GC(371) Phase 2: Prepare compaction
[2025-06-28T00:21:19.187+0200][13.235s] GC(371) Phase 2: Prepare compaction 0.516ms
[2025-06-28T00:21:19.187+0200][13.235s] GC(371) Phase 3: Adjust pointers
[2025-06-28T00:21:19.197+0200][13.245s] GC(371) Phase 3: Adjust pointers 10.298ms
[2025-06-28T00:21:19.197+0200][13.245s] GC(371) Phase 4: Compact heap
[2025-06-28T00:21:19.197+0200][13.246s] GC(371) Phase 4: Compact heap 0.338ms
[2025-06-28T00:21:19.197+0200][13.246s] GC(371) Phase 5: Reset Metadata
[2025-06-28T00:21:19.201+0200][13.249s] GC(371) Phase 5: Reset Metadata 3.346ms
[2025-06-28T00:21:19.204+0200][13.252s] GC(371) Eden regions: 0->0(1)
[2025-06-28T00:21:19.204+0200][13.252s] GC(371) Survivor regions: 1->0(1)
[2025-06-28T00:21:19.204+0200][13.252s] GC(371) Old regions: 19->19
[2025-06-28T00:21:19.204+0200][13.252s] GC(371) Humongous regions: 0->0
[2025-06-28T00:21:19.204+0200][13.252s] GC(371) Metaspace: 56437K(57024K)->56437K(57024K) NonClass: 48821K(49152K)->48821K(49152K) Class: 7616K(7872K)->7616K(7872K)
[2025-06-28T00:21:19.204+0200][13.253s] GC(371) Pause Full (G1 Compaction Pause) 17M->17M(22M) 42.642ms
[2025-06-28T00:21:19.204+0200][13.253s] GC(371) User=0.12s Sys=0.00s Real=0.04s
[2025-06-28T00:21:19.205+0200][13.253s] GC(370) Concurrent Mark From Roots 42.373ms
[2025-06-28T00:21:19.205+0200][13.253s] GC(370) Concurrent Mark Abort
[2025-06-28T00:21:19.205+0200][13.253s] GC(370) Concurrent Mark Cycle 43.876ms
[2025-06-28T00:21:19.226+0200][13.275s] GC(372) Pause Young (Normal) (G1 Evacuation Pause)
[2025-06-28T00:21:19.226+0200][13.275s] GC(372) Using 2 workers of 10 for evacuation
[2025-06-28T00:21:19.229+0200][13.277s] GC(372)   Pre Evacuate Collection Set: 0.2ms
[2025-06-28T00:21:19.229+0200][13.277s] GC(372)   Merge Heap Roots: 0.1ms
[2025-06-28T00:21:19.229+0200][13.277s] GC(372)   Evacuate Collection Set: 0.7ms
[2025-06-28T00:21:19.229+0200][13.277s] GC(372)   Post Evacuate Collection Set: 0.6ms
[2025-06-28T00:21:19.229+0200][13.277s] GC(372)   Other: 0.1ms
[2025-06-28T00:21:19.229+0200][13.277s] GC(372) Eden regions: 1->0(0)
[2025-06-28T00:21:19.229+0200][13.277s] GC(372) Survivor regions: 0->1(1)
[2025-06-28T00:21:19.229+0200][13.277s] GC(372) Old regions: 19->19
[2025-06-28T00:21:19.229+0200][13.277s] GC(372) Humongous regions: 0->0
[2025-06-28T00:21:19.229+0200][13.277s] GC(372) Metaspace: 56559K(57088K)->56559K(57088K) NonClass: 48926K(49216K)->48926K(49216K) Class: 7632K(7872K)->7632K(7872K)
[2025-06-28T00:21:19.229+0200][13.277s] GC(372) Pause Young (Normal) (G1 Evacuation Pause) 18M->18M(22M) 1.946ms
[2025-06-28T00:21:19.229+0200][13.277s] GC(372) User=0.00s Sys=0.00s Real=0.00s
[2025-06-28T00:21:19.229+0200][13.277s] Attempting full compaction
[2025-06-28T00:21:19.229+0200][13.277s] GC(373) Pause Full (G1 Compaction Pause)
[2025-06-28T00:21:19.229+0200][13.277s] GC(373) Using 2 workers of 10 for full compaction
[2025-06-28T00:21:19.229+0200][13.277s] GC(373) Phase 1: Mark live objects
[2025-06-28T00:21:19.247+0200][13.295s] GC(373) Phase 1: Mark live objects 18.374ms
[2025-06-28T00:21:19.247+0200][13.295s] GC(373) Phase 2: Prepare compaction
[2025-06-28T00:21:19.248+0200][13.296s] GC(373) Phase 2: Prepare compaction 0.482ms
[2025-06-28T00:21:19.248+0200][13.296s] GC(373) Phase 3: Adjust pointers
[2025-06-28T00:21:19.256+0200][13.305s] GC(373) Phase 3: Adjust pointers 8.735ms
[2025-06-28T00:21:19.257+0200][13.305s] GC(373) Phase 4: Compact heap
[2025-06-28T00:21:19.257+0200][13.305s] GC(373) Phase 4: Compact heap 0.674ms
[2025-06-28T00:21:19.257+0200][13.305s] GC(373) Phase 5: Reset Metadata
[2025-06-28T00:21:19.260+0200][13.308s] GC(373) Phase 5: Reset Metadata 3.113ms
[2025-06-28T00:21:19.264+0200][13.312s] GC(373) Eden regions: 0->0(1)
[2025-06-28T00:21:19.264+0200][13.312s] GC(373) Survivor regions: 1->0(1)
[2025-06-28T00:21:19.264+0200][13.312s] GC(373) Old regions: 19->19
[2025-06-28T00:21:19.264+0200][13.312s] GC(373) Humongous regions: 0->0
[2025-06-28T00:21:19.264+0200][13.312s] GC(373) Metaspace: 56559K(57088K)->56559K(57088K) NonClass: 48926K(49216K)->48926K(49216K) Class: 7632K(7872K)->7632K(7872K)
[2025-06-28T00:21:19.264+0200][13.312s] GC(373) Pause Full (G1 Compaction Pause) 18M->17M(22M) 34.896ms
[2025-06-28T00:21:19.264+0200][13.312s] GC(373) User=0.09s Sys=0.00s Real=0.03s
[2025-06-28T00:21:19.281+0200][13.329s] GC(374) Pause Young (Concurrent Start) (G1 Evacuation Pause)
[2025-06-28T00:21:19.281+0200][13.329s] GC(374) Using 2 workers of 10 for evacuation
[2025-06-28T00:21:19.283+0200][13.332s] GC(374)   Pre Evacuate Collection Set: 0.2ms
[2025-06-28T00:21:19.284+0200][13.332s] GC(374)   Merge Heap Roots: 0.1ms
[2025-06-28T00:21:19.284+0200][13.332s] GC(374)   Evacuate Collection Set: 1.0ms
[2025-06-28T00:21:19.284+0200][13.332s] GC(374)   Post Evacuate Collection Set: 0.7ms
[2025-06-28T00:21:19.284+0200][13.332s] GC(374)   Other: 0.1ms
[2025-06-28T00:21:19.284+0200][13.332s] GC(374) Eden regions: 1->0(0)
[2025-06-28T00:21:19.284+0200][13.332s] GC(374) Survivor regions: 0->1(1)
[2025-06-28T00:21:19.284+0200][13.332s] GC(374) Old regions: 19->19
[2025-06-28T00:21:19.284+0200][13.332s] GC(374) Humongous regions: 0->0
[2025-06-28T00:21:19.284+0200][13.332s] GC(374) Metaspace: 56663K(57216K)->56663K(57216K) NonClass: 49016K(49344K)->49016K(49344K) Class: 7646K(7872K)->7646K(7872K)
[2025-06-28T00:21:19.284+0200][13.332s] GC(374) Pause Young (Concurrent Start) (G1 Evacuation Pause) 18M->18M(22M) 2.511ms
[2025-06-28T00:21:19.284+0200][13.332s] GC(374) User=0.00s Sys=0.00s Real=0.00s
[2025-06-28T00:21:19.284+0200][13.332s] GC(375) Concurrent Mark Cycle
[2025-06-28T00:21:19.284+0200][13.332s] Attempting full compaction
[2025-06-28T00:21:19.284+0200][13.332s] GC(375) Concurrent Scan Root Regions
[2025-06-28T00:21:19.284+0200][13.332s] GC(376) Pause Full (G1 Compaction Pause)
[2025-06-28T00:21:19.284+0200][13.332s] GC(376) Using 2 workers of 10 for full compaction
[2025-06-28T00:21:19.285+0200][13.333s] GC(375) Concurrent Scan Root Regions 0.994ms
[2025-06-28T00:21:19.285+0200][13.333s] GC(375) Concurrent Mark
[2025-06-28T00:21:19.285+0200][13.333s] GC(375) Concurrent Mark From Roots
[2025-06-28T00:21:19.285+0200][13.333s] GC(375) Using 3 workers of 3 for marking
[2025-06-28T00:21:19.285+0200][13.333s] GC(376) Phase 1: Mark live objects
[2025-06-28T00:21:19.306+0200][13.353s] GC(376) Phase 1: Mark live objects 20.208ms
[2025-06-28T00:21:19.306+0200][13.353s] GC(376) Phase 2: Prepare compaction
[2025-06-28T00:21:19.306+0200][13.354s] GC(376) Phase 2: Prepare compaction 0.603ms
[2025-06-28T00:21:19.306+0200][13.354s] GC(376) Phase 3: Adjust pointers
[2025-06-28T00:21:19.315+0200][13.362s] GC(376) Phase 3: Adjust pointers 8.319ms
[2025-06-28T00:21:19.315+0200][13.362s] GC(376) Phase 4: Compact heap
[2025-06-28T00:21:19.315+0200][13.363s] GC(376) Phase 4: Compact heap 0.606ms
[2025-06-28T00:21:19.315+0200][13.363s] GC(376) Phase 5: Reset Metadata
[2025-06-28T00:21:19.319+0200][13.366s] GC(376) Phase 5: Reset Metadata 3.302ms
[2025-06-28T00:21:19.322+0200][13.369s] GC(376) Eden regions: 0->0(1)
[2025-06-28T00:21:19.322+0200][13.369s] GC(376) Survivor regions: 1->0(1)
[2025-06-28T00:21:19.322+0200][13.369s] GC(376) Old regions: 19->20
[2025-06-28T00:21:19.322+0200][13.369s] GC(376) Humongous regions: 0->0
[2025-06-28T00:21:19.322+0200][13.369s] GC(376) Metaspace: 56663K(57216K)->56663K(57216K) NonClass: 49016K(49344K)->49016K(49344K) Class: 7646K(7872K)->7646K(7872K)
[2025-06-28T00:21:19.322+0200][13.369s] GC(376) Pause Full (G1 Compaction Pause) 18M->18M(22M) 37.443ms
[2025-06-28T00:21:19.322+0200][13.370s] GC(376) User=0.06s Sys=0.00s Real=0.04s
[2025-06-28T00:21:19.325+0200][13.373s] GC(375) Concurrent Mark From Roots 39.620ms
[2025-06-28T00:21:19.325+0200][13.373s] GC(375) Concurrent Mark Abort
[2025-06-28T00:21:19.325+0200][13.373s] GC(375) Concurrent Mark Cycle 40.819ms
[2025-06-28T00:21:19.346+0200][13.394s] GC(377) Pause Young (Normal) (G1 Evacuation Pause)
[2025-06-28T00:21:19.346+0200][13.394s] GC(377) Using 2 workers of 10 for evacuation
[2025-06-28T00:21:19.347+0200][13.395s] GC(377)   Pre Evacuate Collection Set: 0.1ms
[2025-06-28T00:21:19.347+0200][13.395s] GC(377)   Merge Heap Roots: 0.0ms
[2025-06-28T00:21:19.347+0200][13.395s] GC(377)   Evacuate Collection Set: 0.7ms
[2025-06-28T00:21:19.347+0200][13.395s] GC(377)   Post Evacuate Collection Set: 0.3ms
[2025-06-28T00:21:19.347+0200][13.395s] GC(377)   Other: 0.1ms
[2025-06-28T00:21:19.347+0200][13.395s] GC(377) Eden regions: 1->0(0)
[2025-06-28T00:21:19.347+0200][13.395s] GC(377) Survivor regions: 0->1(1)
[2025-06-28T00:21:19.347+0200][13.395s] GC(377) Old regions: 20->20
[2025-06-28T00:21:19.347+0200][13.395s] GC(377) Humongous regions: 0->0
[2025-06-28T00:21:19.347+0200][13.395s] GC(377) Metaspace: 56728K(57344K)->56728K(57344K) NonClass: 49073K(49408K)->49073K(49408K) Class: 7655K(7936K)->7655K(7936K)
[2025-06-28T00:21:19.347+0200][13.395s] GC(377) Pause Young (Normal) (G1 Evacuation Pause) 19M->18M(22M) 1.398ms
[2025-06-28T00:21:19.347+0200][13.395s] GC(377) User=0.00s Sys=0.00s Real=0.00s
[2025-06-28T00:21:19.347+0200][13.395s] Attempting full compaction
[2025-06-28T00:21:19.347+0200][13.395s] GC(378) Pause Full (G1 Compaction Pause)
[2025-06-28T00:21:19.347+0200][13.395s] GC(378) Using 2 workers of 10 for full compaction
[2025-06-28T00:21:19.347+0200][13.396s] GC(378) Phase 1: Mark live objects
[2025-06-28T00:21:19.366+0200][13.414s] GC(378) Phase 1: Mark live objects 18.228ms
[2025-06-28T00:21:19.366+0200][13.414s] GC(378) Phase 2: Prepare compaction
[2025-06-28T00:21:19.366+0200][13.414s] GC(378) Phase 2: Prepare compaction 0.150ms
[2025-06-28T00:21:19.366+0200][13.414s] GC(378) Phase 3: Adjust pointers
[2025-06-28T00:21:19.374+0200][13.423s] GC(378) Phase 3: Adjust pointers 8.582ms
[2025-06-28T00:21:19.374+0200][13.423s] GC(378) Phase 4: Compact heap
[2025-06-28T00:21:19.375+0200][13.423s] GC(378) Phase 4: Compact heap 0.099ms
[2025-06-28T00:21:19.375+0200][13.423s] GC(378) Phase 5: Reset Metadata
[2025-06-28T00:21:19.378+0200][13.426s] GC(378) Phase 5: Reset Metadata 3.324ms
[2025-06-28T00:21:19.382+0200][13.431s] GC(378) Eden regions: 0->0(1)
[2025-06-28T00:21:19.382+0200][13.431s] GC(378) Survivor regions: 1->0(1)
[2025-06-28T00:21:19.382+0200][13.431s] GC(378) Old regions: 20->20
[2025-06-28T00:21:19.382+0200][13.431s] GC(378) Humongous regions: 0->0
[2025-06-28T00:21:19.382+0200][13.431s] GC(378) Metaspace: 56728K(57344K)->56728K(57344K) NonClass: 49073K(49408K)->49073K(49408K) Class: 7655K(7936K)->7655K(7936K)
[2025-06-28T00:21:19.382+0200][13.431s] GC(378) Pause Full (G1 Compaction Pause) 18M->18M(22M) 35.184ms
[2025-06-28T00:21:19.382+0200][13.431s] GC(378) User=0.06s Sys=0.00s Real=0.04s
[2025-06-28T00:21:19.401+0200][13.449s] GC(379) Pause Young (Concurrent Start) (G1 Evacuation Pause)
[2025-06-28T00:21:19.401+0200][13.449s] GC(379) Using 2 workers of 10 for evacuation
[2025-06-28T00:21:19.403+0200][13.451s] GC(379)   Pre Evacuate Collection Set: 0.2ms
[2025-06-28T00:21:19.403+0200][13.451s] GC(379)   Merge Heap Roots: 0.0ms
[2025-06-28T00:21:19.403+0200][13.451s] GC(379)   Evacuate Collection Set: 0.8ms
[2025-06-28T00:21:19.403+0200][13.451s] GC(379)   Post Evacuate Collection Set: 0.4ms
[2025-06-28T00:21:19.403+0200][13.451s] GC(379)   Other: 0.1ms
[2025-06-28T00:21:19.403+0200][13.451s] GC(379) Eden regions: 1->0(0)
[2025-06-28T00:21:19.403+0200][13.451s] GC(379) Survivor regions: 0->1(1)
[2025-06-28T00:21:19.403+0200][13.451s] GC(379) Old regions: 20->20
[2025-06-28T00:21:19.403+0200][13.451s] GC(379) Humongous regions: 0->0
[2025-06-28T00:21:19.403+0200][13.451s] GC(379) Metaspace: 56769K(57344K)->56769K(57344K) NonClass: 49107K(49408K)->49107K(49408K) Class: 7661K(7936K)->7661K(7936K)
[2025-06-28T00:21:19.403+0200][13.451s] GC(379) Pause Young (Concurrent Start) (G1 Evacuation Pause) 19M->18M(22M) 1.810ms
[2025-06-28T00:21:19.403+0200][13.451s] GC(379) User=0.00s Sys=0.00s Real=0.00s
[2025-06-28T00:21:19.403+0200][13.451s] Attempting full compaction
[2025-06-28T00:21:19.403+0200][13.451s] GC(380) Pause Full (G1 Compaction Pause)
[2025-06-28T00:21:19.403+0200][13.451s] GC(380) Using 2 workers of 10 for full compaction
[2025-06-28T00:21:19.403+0200][13.451s] GC(381) Concurrent Mark Cycle
[2025-06-28T00:21:19.403+0200][13.451s] GC(381) Concurrent Scan Root Regions
[2025-06-28T00:21:19.403+0200][13.451s] GC(381) Concurrent Scan Root Regions 0.075ms
[2025-06-28T00:21:19.403+0200][13.451s] GC(381) Concurrent Mark
[2025-06-28T00:21:19.403+0200][13.451s] GC(380) Phase 1: Mark live objects
[2025-06-28T00:21:19.403+0200][13.451s] GC(381) Concurrent Mark From Roots
[2025-06-28T00:21:19.404+0200][13.451s] GC(381) Using 3 workers of 3 for marking
[2025-06-28T00:21:19.425+0200][13.473s] GC(380) Phase 1: Mark live objects 21.165ms
[2025-06-28T00:21:19.425+0200][13.473s] GC(380) Phase 2: Prepare compaction
[2025-06-28T00:21:19.425+0200][13.473s] GC(380) Phase 2: Prepare compaction 0.156ms
[2025-06-28T00:21:19.425+0200][13.473s] GC(380) Phase 3: Adjust pointers
[2025-06-28T00:21:19.433+0200][13.481s] GC(380) Phase 3: Adjust pointers 8.460ms
[2025-06-28T00:21:19.433+0200][13.481s] GC(380) Phase 4: Compact heap
[2025-06-28T00:21:19.434+0200][13.482s] GC(380) Phase 4: Compact heap 0.218ms
[2025-06-28T00:21:19.434+0200][13.482s] GC(380) Phase 5: Reset Metadata
[2025-06-28T00:21:19.437+0200][13.485s] GC(380) Phase 5: Reset Metadata 3.658ms
[2025-06-28T00:21:19.440+0200][13.488s] GC(380) Eden regions: 0->0(1)
[2025-06-28T00:21:19.440+0200][13.488s] GC(380) Survivor regions: 1->0(1)
[2025-06-28T00:21:19.440+0200][13.488s] GC(380) Old regions: 20->20
[2025-06-28T00:21:19.440+0200][13.488s] GC(380) Humongous regions: 0->0
[2025-06-28T00:21:19.440+0200][13.488s] GC(380) Metaspace: 56769K(57344K)->56769K(57344K) NonClass: 49107K(49408K)->49107K(49408K) Class: 7661K(7936K)->7661K(7936K)
[2025-06-28T00:21:19.440+0200][13.488s] GC(380) Pause Full (G1 Compaction Pause) 18M->18M(22M) 37.316ms
[2025-06-28T00:21:19.440+0200][13.488s] GC(380) User=0.06s Sys=0.00s Real=0.04s
[2025-06-28T00:21:19.441+0200][13.489s] GC(381) Concurrent Mark From Roots 37.223ms
[2025-06-28T00:21:19.441+0200][13.489s] GC(381) Concurrent Mark Abort
[2025-06-28T00:21:19.441+0200][13.489s] GC(381) Concurrent Mark Cycle 37.507ms
[2025-06-28T00:21:19.481+0200][13.529s] GC(382) Pause Young (Normal) (G1 Evacuation Pause)
[2025-06-28T00:21:19.481+0200][13.529s] GC(382) Using 2 workers of 10 for evacuation
[2025-06-28T00:21:19.483+0200][13.531s] GC(382)   Pre Evacuate Collection Set: 0.2ms
[2025-06-28T00:21:19.483+0200][13.531s] GC(382)   Merge Heap Roots: 0.0ms
[2025-06-28T00:21:19.483+0200][13.531s] GC(382)   Evacuate Collection Set: 1.3ms
[2025-06-28T00:21:19.483+0200][13.531s] GC(382)   Post Evacuate Collection Set: 0.3ms
[2025-06-28T00:21:19.483+0200][13.531s] GC(382)   Other: 0.1ms
[2025-06-28T00:21:19.483+0200][13.531s] GC(382) Eden regions: 1->0(0)
[2025-06-28T00:21:19.483+0200][13.531s] GC(382) Survivor regions: 0->1(1)
[2025-06-28T00:21:19.483+0200][13.531s] GC(382) Old regions: 20->20
[2025-06-28T00:21:19.483+0200][13.531s] GC(382) Humongous regions: 0->0
[2025-06-28T00:21:19.483+0200][13.531s] GC(382) Metaspace: 56853K(57408K)->56853K(57408K) NonClass: 49173K(49472K)->49173K(49472K) Class: 7680K(7936K)->7680K(7936K)
[2025-06-28T00:21:19.483+0200][13.531s] GC(382) Pause Young (Normal) (G1 Evacuation Pause) 19M->18M(22M) 2.332ms
[2025-06-28T00:21:19.483+0200][13.531s] GC(382) User=0.00s Sys=0.00s Real=0.00s
[2025-06-28T00:21:19.483+0200][13.531s] Attempting full compaction
[2025-06-28T00:21:19.483+0200][13.531s] GC(383) Pause Full (G1 Compaction Pause)
[2025-06-28T00:21:19.483+0200][13.531s] GC(383) Using 2 workers of 10 for full compaction
[2025-06-28T00:21:19.483+0200][13.531s] GC(383) Phase 1: Mark live objects
[2025-06-28T00:21:19.521+0200][13.569s] GC(383) Phase 1: Mark live objects 37.418ms
[2025-06-28T00:21:19.521+0200][13.569s] GC(383) Phase 2: Prepare compaction
[2025-06-28T00:21:19.521+0200][13.569s] GC(383) Phase 2: Prepare compaction 0.245ms
[2025-06-28T00:21:19.521+0200][13.569s] GC(383) Phase 3: Adjust pointers
[2025-06-28T00:21:19.531+0200][13.579s] GC(383) Phase 3: Adjust pointers 10.143ms
[2025-06-28T00:21:19.531+0200][13.579s] GC(383) Phase 4: Compact heap
[2025-06-28T00:21:19.532+0200][13.580s] GC(383) Phase 4: Compact heap 0.289ms
[2025-06-28T00:21:19.532+0200][13.580s] GC(383) Phase 5: Reset Metadata
[2025-06-28T00:21:19.536+0200][13.584s] GC(383) Phase 5: Reset Metadata 4.183ms
[2025-06-28T00:21:19.540+0200][13.588s] GC(383) Eden regions: 0->0(1)
[2025-06-28T00:21:19.541+0200][13.588s] GC(383) Survivor regions: 1->0(1)
[2025-06-28T00:21:19.541+0200][13.588s] GC(383) Old regions: 20->20
[2025-06-28T00:21:19.541+0200][13.588s] GC(383) Humongous regions: 0->0
[2025-06-28T00:21:19.541+0200][13.588s] GC(383) Metaspace: 56853K(57408K)->56848K(57408K) NonClass: 49173K(49472K)->49169K(49472K) Class: 7680K(7936K)->7678K(7936K)
[2025-06-28T00:21:19.541+0200][13.588s] GC(383) Pause Full (G1 Compaction Pause) 18M->18M(22M) 57.331ms
[2025-06-28T00:21:19.541+0200][13.588s] GC(383) User=0.09s Sys=0.03s Real=0.06s
[2025-06-28T00:21:19.589+0200][13.637s] GC(384) Pause Young (Concurrent Start) (G1 Evacuation Pause)
[2025-06-28T00:21:19.589+0200][13.637s] GC(384) Using 2 workers of 10 for evacuation
[2025-06-28T00:21:19.590+0200][13.639s] GC(384)   Pre Evacuate Collection Set: 0.1ms
[2025-06-28T00:21:19.591+0200][13.639s] GC(384)   Merge Heap Roots: 0.0ms
[2025-06-28T00:21:19.591+0200][13.639s] GC(384)   Evacuate Collection Set: 1.1ms
[2025-06-28T00:21:19.591+0200][13.639s] GC(384)   Post Evacuate Collection Set: 0.4ms
[2025-06-28T00:21:19.591+0200][13.639s] GC(384)   Other: 0.1ms
[2025-06-28T00:21:19.591+0200][13.639s] GC(384) Eden regions: 1->0(0)
[2025-06-28T00:21:19.591+0200][13.639s] GC(384) Survivor regions: 0->1(1)
[2025-06-28T00:21:19.591+0200][13.639s] GC(384) Old regions: 20->20
[2025-06-28T00:21:19.591+0200][13.639s] GC(384) Humongous regions: 0->0
[2025-06-28T00:21:19.591+0200][13.639s] GC(384) Metaspace: 57156K(57664K)->57156K(57664K) NonClass: 49454K(49728K)->49454K(49728K) Class: 7701K(7936K)->7701K(7936K)
[2025-06-28T00:21:19.591+0200][13.639s] GC(384) Pause Young (Concurrent Start) (G1 Evacuation Pause) 19M->18M(22M) 2.159ms
[2025-06-28T00:21:19.591+0200][13.639s] GC(384) User=0.00s Sys=0.00s Real=0.00s
[2025-06-28T00:21:19.591+0200][13.639s] GC(385) Concurrent Mark Cycle
[2025-06-28T00:21:19.591+0200][13.639s] Attempting full compaction
[2025-06-28T00:21:19.591+0200][13.639s] GC(385) Concurrent Scan Root Regions
[2025-06-28T00:21:19.591+0200][13.639s] GC(386) Pause Full (G1 Compaction Pause)
[2025-06-28T00:21:19.591+0200][13.639s] GC(386) Using 2 workers of 10 for full compaction
[2025-06-28T00:21:19.592+0200][13.640s] GC(385) Concurrent Scan Root Regions 0.821ms
[2025-06-28T00:21:19.592+0200][13.640s] GC(385) Concurrent Mark
[2025-06-28T00:21:19.592+0200][13.640s] GC(385) Concurrent Mark From Roots
[2025-06-28T00:21:19.592+0200][13.640s] GC(385) Using 3 workers of 3 for marking
[2025-06-28T00:21:19.592+0200][13.640s] GC(386) Phase 1: Mark live objects
[2025-06-28T00:21:19.618+0200][13.667s] GC(386) Phase 1: Mark live objects 26.502ms
[2025-06-28T00:21:19.618+0200][13.667s] GC(386) Phase 2: Prepare compaction
[2025-06-28T00:21:19.618+0200][13.667s] GC(386) Phase 2: Prepare compaction 0.183ms
[2025-06-28T00:21:19.618+0200][13.667s] GC(386) Phase 3: Adjust pointers
[2025-06-28T00:21:19.630+0200][13.679s] GC(386) Phase 3: Adjust pointers 11.844ms
[2025-06-28T00:21:19.630+0200][13.679s] GC(386) Phase 4: Compact heap
[2025-06-28T00:21:19.631+0200][13.679s] GC(386) Phase 4: Compact heap 0.219ms
[2025-06-28T00:21:19.631+0200][13.679s] GC(386) Phase 5: Reset Metadata
[2025-06-28T00:21:19.634+0200][13.683s] GC(386) Phase 5: Reset Metadata 3.692ms
[2025-06-28T00:21:19.639+0200][13.687s] GC(386) Eden regions: 0->0(1)
[2025-06-28T00:21:19.639+0200][13.687s] GC(386) Survivor regions: 1->0(1)
[2025-06-28T00:21:19.639+0200][13.687s] GC(386) Old regions: 20->20
[2025-06-28T00:21:19.639+0200][13.687s] GC(386) Humongous regions: 0->0
[2025-06-28T00:21:19.639+0200][13.687s] GC(386) Metaspace: 57156K(57664K)->57156K(57664K) NonClass: 49454K(49728K)->49454K(49728K) Class: 7701K(7936K)->7701K(7936K)
[2025-06-28T00:21:19.639+0200][13.687s] GC(386) Pause Full (G1 Compaction Pause) 18M->18M(22M) 48.376ms
[2025-06-28T00:21:19.639+0200][13.688s] GC(386) User=0.11s Sys=0.00s Real=0.05s
[2025-06-28T00:21:19.639+0200][13.688s] GC(385) Concurrent Mark From Roots 47.723ms
[2025-06-28T00:21:19.639+0200][13.688s] GC(385) Concurrent Mark Abort
[2025-06-28T00:21:19.639+0200][13.688s] GC(385) Concurrent Mark Cycle 48.836ms
[2025-06-28T00:21:19.669+0200][13.717s] GC(387) Pause Young (Normal) (G1 Evacuation Pause)
[2025-06-28T00:21:19.669+0200][13.717s] GC(387) Using 2 workers of 10 for evacuation
[2025-06-28T00:21:19.671+0200][13.719s] GC(387)   Pre Evacuate Collection Set: 0.1ms
[2025-06-28T00:21:19.671+0200][13.719s] GC(387)   Merge Heap Roots: 0.1ms
[2025-06-28T00:21:19.671+0200][13.719s] GC(387)   Evacuate Collection Set: 0.6ms
[2025-06-28T00:21:19.671+0200][13.719s] GC(387)   Post Evacuate Collection Set: 0.5ms
[2025-06-28T00:21:19.671+0200][13.719s] GC(387)   Other: 0.1ms
[2025-06-28T00:21:19.671+0200][13.719s] GC(387) Eden regions: 1->0(0)
[2025-06-28T00:21:19.671+0200][13.719s] GC(387) Survivor regions: 0->1(1)
[2025-06-28T00:21:19.671+0200][13.719s] GC(387) Old regions: 20->20
[2025-06-28T00:21:19.671+0200][13.719s] GC(387) Humongous regions: 0->0
[2025-06-28T00:21:19.671+0200][13.719s] GC(387) Metaspace: 57337K(57856K)->57337K(57856K) NonClass: 49625K(49920K)->49625K(49920K) Class: 7711K(7936K)->7711K(7936K)
[2025-06-28T00:21:19.671+0200][13.719s] GC(387) Pause Young (Normal) (G1 Evacuation Pause) 19M->18M(22M) 1.852ms
[2025-06-28T00:21:19.671+0200][13.719s] GC(387) User=0.00s Sys=0.00s Real=0.00s
[2025-06-28T00:21:19.671+0200][13.719s] Attempting full compaction
[2025-06-28T00:21:19.671+0200][13.719s] GC(388) Pause Full (G1 Compaction Pause)
[2025-06-28T00:21:19.671+0200][13.719s] GC(388) Using 2 workers of 10 for full compaction
[2025-06-28T00:21:19.671+0200][13.719s] GC(388) Phase 1: Mark live objects
[2025-06-28T00:21:19.692+0200][13.741s] GC(388) Phase 1: Mark live objects 21.424ms
[2025-06-28T00:21:19.692+0200][13.741s] GC(388) Phase 2: Prepare compaction
[2025-06-28T00:21:19.692+0200][13.741s] GC(388) Phase 2: Prepare compaction 0.218ms
[2025-06-28T00:21:19.692+0200][13.741s] GC(388) Phase 3: Adjust pointers
[2025-06-28T00:21:19.704+0200][13.752s] GC(388) Phase 3: Adjust pointers 10.534ms
[2025-06-28T00:21:19.704+0200][13.752s] GC(388) Phase 4: Compact heap
[2025-06-28T00:21:19.704+0200][13.752s] GC(388) Phase 4: Compact heap 0.230ms
[2025-06-28T00:21:19.704+0200][13.752s] GC(388) Phase 5: Reset Metadata
[2025-06-28T00:21:19.708+0200][13.756s] GC(388) Phase 5: Reset Metadata 4.012ms
[2025-06-28T00:21:19.712+0200][13.760s] GC(388) Eden regions: 0->0(1)
[2025-06-28T00:21:19.712+0200][13.760s] GC(388) Survivor regions: 1->0(1)
[2025-06-28T00:21:19.712+0200][13.760s] GC(388) Old regions: 20->20
[2025-06-28T00:21:19.712+0200][13.760s] GC(388) Humongous regions: 0->0
[2025-06-28T00:21:19.712+0200][13.760s] GC(388) Metaspace: 57337K(57856K)->57337K(57856K) NonClass: 49625K(49920K)->49625K(49920K) Class: 7711K(7936K)->7711K(7936K)
[2025-06-28T00:21:19.712+0200][13.760s] GC(388) Pause Full (G1 Compaction Pause) 18M->18M(22M) 41.264ms
[2025-06-28T00:21:19.712+0200][13.760s] GC(388) User=0.06s Sys=0.00s Real=0.04s
[2025-06-28T00:21:19.752+0200][13.800s] GC(389) Pause Young (Concurrent Start) (G1 Evacuation Pause)
[2025-06-28T00:21:19.752+0200][13.800s] GC(389) Using 2 workers of 10 for evacuation
[2025-06-28T00:21:19.753+0200][13.801s] GC(389)   Pre Evacuate Collection Set: 0.1ms
[2025-06-28T00:21:19.753+0200][13.801s] GC(389)   Merge Heap Roots: 0.0ms
[2025-06-28T00:21:19.753+0200][13.801s] GC(389)   Evacuate Collection Set: 0.5ms
[2025-06-28T00:21:19.753+0200][13.801s] GC(389)   Post Evacuate Collection Set: 0.3ms
[2025-06-28T00:21:19.753+0200][13.801s] GC(389)   Other: 0.1ms
[2025-06-28T00:21:19.753+0200][13.801s] GC(389) Eden regions: 1->0(0)
[2025-06-28T00:21:19.753+0200][13.801s] GC(389) Survivor regions: 0->1(1)
[2025-06-28T00:21:19.753+0200][13.801s] GC(389) Old regions: 20->20
[2025-06-28T00:21:19.753+0200][13.801s] GC(389) Humongous regions: 0->0
[2025-06-28T00:21:19.753+0200][13.801s] GC(389) Metaspace: 57478K(58048K)->57478K(58048K) NonClass: 49754K(50048K)->49754K(50048K) Class: 7724K(8000K)->7724K(8000K)
[2025-06-28T00:21:19.753+0200][13.801s] GC(389) Pause Young (Concurrent Start) (G1 Evacuation Pause) 19M->18M(22M) 1.369ms
[2025-06-28T00:21:19.753+0200][13.801s] GC(389) User=0.00s Sys=0.00s Real=0.00s
[2025-06-28T00:21:19.753+0200][13.801s] GC(390) Concurrent Mark Cycle
[2025-06-28T00:21:19.753+0200][13.801s] Attempting full compaction
[2025-06-28T00:21:19.753+0200][13.801s] GC(390) Concurrent Scan Root Regions
[2025-06-28T00:21:19.753+0200][13.801s] GC(391) Pause Full (G1 Compaction Pause)
[2025-06-28T00:21:19.753+0200][13.801s] GC(391) Using 2 workers of 10 for full compaction
[2025-06-28T00:21:19.754+0200][13.802s] GC(390) Concurrent Scan Root Regions 0.845ms
[2025-06-28T00:21:19.754+0200][13.802s] GC(390) Concurrent Mark
[2025-06-28T00:21:19.754+0200][13.802s] GC(390) Concurrent Mark From Roots
[2025-06-28T00:21:19.754+0200][13.802s] GC(390) Using 3 workers of 3 for marking
[2025-06-28T00:21:19.754+0200][13.802s] GC(391) Phase 1: Mark live objects
[2025-06-28T00:21:19.777+0200][13.825s] GC(391) Phase 1: Mark live objects 22.455ms
[2025-06-28T00:21:19.777+0200][13.825s] GC(391) Phase 2: Prepare compaction
[2025-06-28T00:21:19.777+0200][13.825s] GC(391) Phase 2: Prepare compaction 0.195ms
[2025-06-28T00:21:19.777+0200][13.825s] GC(391) Phase 3: Adjust pointers
[2025-06-28T00:21:19.789+0200][13.837s] GC(391) Phase 3: Adjust pointers 11.436ms
[2025-06-28T00:21:19.789+0200][13.837s] GC(391) Phase 4: Compact heap
[2025-06-28T00:21:19.789+0200][13.837s] GC(391) Phase 4: Compact heap 0.151ms
[2025-06-28T00:21:19.789+0200][13.837s] GC(391) Phase 5: Reset Metadata
[2025-06-28T00:21:19.792+0200][13.841s] GC(391) Phase 5: Reset Metadata 3.828ms
[2025-06-28T00:21:19.798+0200][13.847s] GC(391) Eden regions: 0->0(1)
[2025-06-28T00:21:19.798+0200][13.847s] GC(391) Survivor regions: 1->0(1)
[2025-06-28T00:21:19.798+0200][13.847s] GC(391) Old regions: 20->20
[2025-06-28T00:21:19.798+0200][13.847s] GC(391) Humongous regions: 0->0
[2025-06-28T00:21:19.798+0200][13.847s] GC(391) Metaspace: 57478K(58048K)->57478K(58048K) NonClass: 49754K(50048K)->49754K(50048K) Class: 7724K(8000K)->7724K(8000K)
[2025-06-28T00:21:19.798+0200][13.847s] GC(391) Pause Full (G1 Compaction Pause) 18M->18M(22M) 45.390ms
[2025-06-28T00:21:19.798+0200][13.847s] GC(391) User=0.12s Sys=0.00s Real=0.05s
[2025-06-28T00:21:19.799+0200][13.847s] GC(390) Concurrent Mark From Roots 44.719ms
[2025-06-28T00:21:19.799+0200][13.847s] GC(390) Concurrent Mark Abort
[2025-06-28T00:21:19.799+0200][13.847s] GC(390) Concurrent Mark Cycle 45.710ms
[2025-06-28T00:21:19.823+0200][13.871s] GC(392) Pause Young (Normal) (G1 Evacuation Pause)
[2025-06-28T00:21:19.823+0200][13.871s] GC(392) Using 2 workers of 10 for evacuation
[2025-06-28T00:21:19.825+0200][13.872s] GC(392)   Pre Evacuate Collection Set: 0.2ms
[2025-06-28T00:21:19.825+0200][13.872s] GC(392)   Merge Heap Roots: 0.1ms
[2025-06-28T00:21:19.825+0200][13.872s] GC(392)   Evacuate Collection Set: 0.6ms
[2025-06-28T00:21:19.825+0200][13.873s] GC(392)   Post Evacuate Collection Set: 0.5ms
[2025-06-28T00:21:19.825+0200][13.873s] GC(392)   Other: 0.1ms
[2025-06-28T00:21:19.825+0200][13.873s] GC(392) Eden regions: 1->0(0)
[2025-06-28T00:21:19.825+0200][13.873s] GC(392) Survivor regions: 0->1(1)
[2025-06-28T00:21:19.825+0200][13.873s] GC(392) Old regions: 20->20
[2025-06-28T00:21:19.825+0200][13.873s] GC(392) Humongous regions: 0->0
[2025-06-28T00:21:19.825+0200][13.873s] GC(392) Metaspace: 57609K(58176K)->57609K(58176K) NonClass: 49869K(50176K)->49869K(50176K) Class: 7739K(8000K)->7739K(8000K)
[2025-06-28T00:21:19.825+0200][13.873s] GC(392) Pause Young (Normal) (G1 Evacuation Pause) 19M->18M(22M) 1.801ms
[2025-06-28T00:21:19.825+0200][13.873s] GC(392) User=0.03s Sys=0.00s Real=0.00s
[2025-06-28T00:21:19.825+0200][13.873s] Attempting full compaction
[2025-06-28T00:21:19.825+0200][13.873s] GC(393) Pause Full (G1 Compaction Pause)
[2025-06-28T00:21:19.825+0200][13.873s] GC(393) Using 2 workers of 10 for full compaction
[2025-06-28T00:21:19.825+0200][13.873s] GC(393) Phase 1: Mark live objects
[2025-06-28T00:21:19.851+0200][13.899s] GC(393) Phase 1: Mark live objects 25.943ms
[2025-06-28T00:21:19.851+0200][13.899s] GC(393) Phase 2: Prepare compaction
[2025-06-28T00:21:19.851+0200][13.899s] GC(393) Phase 2: Prepare compaction 0.190ms
[2025-06-28T00:21:19.851+0200][13.899s] GC(393) Phase 3: Adjust pointers
[2025-06-28T00:21:19.864+0200][13.911s] GC(393) Phase 3: Adjust pointers 12.334ms
[2025-06-28T00:21:19.870+0200][13.918s] GC(393) Phase 4: Compact heap
[2025-06-28T00:21:19.870+0200][13.918s] GC(393) Phase 4: Compact heap 0.436ms
[2025-06-28T00:21:19.870+0200][13.918s] GC(393) Phase 5: Reset Metadata
[2025-06-28T00:21:19.874+0200][13.922s] GC(393) Phase 5: Reset Metadata 4.416ms
[2025-06-28T00:21:19.880+0200][13.928s] GC(393) Eden regions: 0->0(1)
[2025-06-28T00:21:19.880+0200][13.928s] GC(393) Survivor regions: 1->0(1)
[2025-06-28T00:21:19.880+0200][13.928s] GC(393) Old regions: 20->20
[2025-06-28T00:21:19.880+0200][13.928s] GC(393) Humongous regions: 0->0
[2025-06-28T00:21:19.880+0200][13.928s] GC(393) Metaspace: 57609K(58176K)->57609K(58176K) NonClass: 49869K(50176K)->49869K(50176K) Class: 7739K(8000K)->7739K(8000K)
[2025-06-28T00:21:19.880+0200][13.928s] GC(393) Pause Full (G1 Compaction Pause) 18M->18M(22M) 55.032ms
[2025-06-28T00:21:19.880+0200][13.928s] GC(393) User=0.12s Sys=0.00s Real=0.06s
[2025-06-28T00:21:19.914+0200][13.962s] GC(394) Pause Young (Concurrent Start) (G1 Evacuation Pause)
[2025-06-28T00:21:19.914+0200][13.962s] GC(394) Using 2 workers of 10 for evacuation
[2025-06-28T00:21:19.917+0200][13.964s] GC(394)   Pre Evacuate Collection Set: 0.2ms
[2025-06-28T00:21:19.917+0200][13.964s] GC(394)   Merge Heap Roots: 0.1ms
[2025-06-28T00:21:19.917+0200][13.964s] GC(394)   Evacuate Collection Set: 0.6ms
[2025-06-28T00:21:19.917+0200][13.964s] GC(394)   Post Evacuate Collection Set: 1.1ms
[2025-06-28T00:21:19.917+0200][13.965s] GC(394)   Other: 0.1ms
[2025-06-28T00:21:19.917+0200][13.965s] GC(394) Eden regions: 1->0(0)
[2025-06-28T00:21:19.917+0200][13.965s] GC(394) Survivor regions: 0->1(1)
[2025-06-28T00:21:19.917+0200][13.965s] GC(394) Old regions: 20->20
[2025-06-28T00:21:19.917+0200][13.965s] GC(394) Humongous regions: 0->0
[2025-06-28T00:21:19.917+0200][13.965s] GC(394) Metaspace: 57735K(58304K)->57735K(58304K) NonClass: 49974K(50304K)->49974K(50304K) Class: 7761K(8000K)->7761K(8000K)
[2025-06-28T00:21:19.917+0200][13.965s] GC(394) Pause Young (Concurrent Start) (G1 Evacuation Pause) 19M->18M(22M) 2.356ms
[2025-06-28T00:21:19.917+0200][13.965s] GC(394) User=0.00s Sys=0.00s Real=0.00s
[2025-06-28T00:21:19.917+0200][13.965s] Attempting full compaction
[2025-06-28T00:21:19.917+0200][13.965s] GC(395) Concurrent Mark Cycle
[2025-06-28T00:21:19.917+0200][13.965s] GC(396) Pause Full (G1 Compaction Pause)
[2025-06-28T00:21:19.917+0200][13.965s] GC(395) Concurrent Scan Root Regions
[2025-06-28T00:21:19.917+0200][13.965s] GC(396) Using 2 workers of 10 for full compaction
[2025-06-28T00:21:19.918+0200][13.965s] GC(395) Concurrent Scan Root Regions 0.666ms
[2025-06-28T00:21:19.918+0200][13.965s] GC(395) Concurrent Mark
[2025-06-28T00:21:19.918+0200][13.966s] GC(395) Concurrent Mark From Roots
[2025-06-28T00:21:19.918+0200][13.966s] GC(395) Using 3 workers of 3 for marking
[2025-06-28T00:21:19.918+0200][13.966s] GC(396) Phase 1: Mark live objects
[2025-06-28T00:21:19.940+0200][13.988s] GC(396) Phase 1: Mark live objects 21.993ms
[2025-06-28T00:21:19.940+0200][13.988s] GC(396) Phase 2: Prepare compaction
[2025-06-28T00:21:19.940+0200][13.988s] GC(396) Phase 2: Prepare compaction 0.263ms
[2025-06-28T00:21:19.940+0200][13.988s] GC(396) Phase 3: Adjust pointers
[2025-06-28T00:21:19.949+0200][13.996s] GC(396) Phase 3: Adjust pointers 8.407ms
[2025-06-28T00:21:19.949+0200][13.997s] GC(396) Phase 4: Compact heap
[2025-06-28T00:21:19.949+0200][13.997s] GC(396) Phase 4: Compact heap 0.177ms
[2025-06-28T00:21:19.949+0200][13.997s] GC(396) Phase 5: Reset Metadata
[2025-06-28T00:21:19.953+0200][14.001s] GC(396) Phase 5: Reset Metadata 4.233ms
[2025-06-28T00:21:19.957+0200][14.005s] GC(396) Eden regions: 0->0(1)
[2025-06-28T00:21:19.957+0200][14.005s] GC(396) Survivor regions: 1->0(1)
[2025-06-28T00:21:19.957+0200][14.005s] GC(396) Old regions: 20->20
[2025-06-28T00:21:19.957+0200][14.005s] GC(396) Humongous regions: 0->0
[2025-06-28T00:21:19.957+0200][14.005s] GC(396) Metaspace: 57735K(58304K)->57735K(58304K) NonClass: 49974K(50304K)->49974K(50304K) Class: 7761K(8000K)->7761K(8000K)
[2025-06-28T00:21:19.958+0200][14.006s] GC(396) Pause Full (G1 Compaction Pause) 18M->18M(22M) 41.336ms
[2025-06-28T00:21:19.958+0200][14.006s] GC(396) User=0.08s Sys=0.00s Real=0.04s
[2025-06-28T00:21:19.958+0200][14.006s] GC(395) Concurrent Mark From Roots 40.829ms
[2025-06-28T00:21:19.958+0200][14.006s] GC(395) Concurrent Mark Abort
[2025-06-28T00:21:19.959+0200][14.006s] GC(395) Concurrent Mark Cycle 41.725ms
[2025-06-28T00:21:19.976+0200][14.024s] GC(397) Pause Young (Normal) (G1 Evacuation Pause)
[2025-06-28T00:21:19.976+0200][14.024s] GC(397) Using 2 workers of 10 for evacuation
[2025-06-28T00:21:19.978+0200][14.026s] GC(397)   Pre Evacuate Collection Set: 0.2ms
[2025-06-28T00:21:19.978+0200][14.026s] GC(397)   Merge Heap Roots: 0.1ms
[2025-06-28T00:21:19.978+0200][14.026s] GC(397)   Evacuate Collection Set: 0.9ms
[2025-06-28T00:21:19.978+0200][14.026s] GC(397)   Post Evacuate Collection Set: 0.4ms
[2025-06-28T00:21:19.978+0200][14.026s] GC(397)   Other: 0.1ms
[2025-06-28T00:21:19.978+0200][14.026s] GC(397) Eden regions: 1->0(0)
[2025-06-28T00:21:19.978+0200][14.026s] GC(397) Survivor regions: 0->1(1)
[2025-06-28T00:21:19.978+0200][14.026s] GC(397) Old regions: 20->20
[2025-06-28T00:21:19.978+0200][14.026s] GC(397) Humongous regions: 0->0
[2025-06-28T00:21:19.978+0200][14.026s] GC(397) Metaspace: 57872K(58432K)->57872K(58432K) NonClass: 50081K(50368K)->50081K(50368K) Class: 7790K(8064K)->7790K(8064K)
[2025-06-28T00:21:19.978+0200][14.026s] GC(397) Pause Young (Normal) (G1 Evacuation Pause) 19M->18M(22M) 1.849ms
[2025-06-28T00:21:19.979+0200][14.027s] GC(397) User=0.00s Sys=0.00s Real=0.00s
[2025-06-28T00:21:19.979+0200][14.027s] Attempting full compaction
[2025-06-28T00:21:19.979+0200][14.027s] GC(398) Pause Full (G1 Compaction Pause)
[2025-06-28T00:21:19.979+0200][14.027s] GC(398) Using 2 workers of 10 for full compaction
[2025-06-28T00:21:19.979+0200][14.027s] GC(398) Phase 1: Mark live objects
[2025-06-28T00:21:20.002+0200][14.051s] GC(398) Phase 1: Mark live objects 23.360ms
[2025-06-28T00:21:20.002+0200][14.051s] GC(398) Phase 2: Prepare compaction
[2025-06-28T00:21:20.003+0200][14.051s] GC(398) Phase 2: Prepare compaction 0.259ms
[2025-06-28T00:21:20.003+0200][14.051s] GC(398) Phase 3: Adjust pointers
[2025-06-28T00:21:20.013+0200][14.061s] GC(398) Phase 3: Adjust pointers 9.866ms
[2025-06-28T00:21:20.013+0200][14.061s] GC(398) Phase 4: Compact heap
[2025-06-28T00:21:20.014+0200][14.061s] GC(398) Phase 4: Compact heap 0.421ms
[2025-06-28T00:21:20.014+0200][14.061s] GC(398) Phase 5: Reset Metadata
[2025-06-28T00:21:20.018+0200][14.066s] GC(398) Phase 5: Reset Metadata 4.607ms
[2025-06-28T00:21:20.022+0200][14.070s] GC(398) Eden regions: 0->0(1)
[2025-06-28T00:21:20.022+0200][14.070s] GC(398) Survivor regions: 1->0(1)
[2025-06-28T00:21:20.022+0200][14.070s] GC(398) Old regions: 20->20
[2025-06-28T00:21:20.022+0200][14.070s] GC(398) Humongous regions: 0->0
[2025-06-28T00:21:20.022+0200][14.070s] GC(398) Metaspace: 57872K(58432K)->57872K(58432K) NonClass: 50081K(50368K)->50081K(50368K) Class: 7790K(8064K)->7790K(8064K)
[2025-06-28T00:21:20.022+0200][14.070s] GC(398) Pause Full (G1 Compaction Pause) 18M->18M(22M) 43.132ms
[2025-06-28T00:21:20.022+0200][14.070s] GC(398) User=0.08s Sys=0.00s Real=0.04s
[2025-06-28T00:21:20.039+0200][14.087s] GC(399) Pause Young (Concurrent Start) (G1 Evacuation Pause)
[2025-06-28T00:21:20.039+0200][14.087s] GC(399) Using 2 workers of 10 for evacuation
[2025-06-28T00:21:20.040+0200][14.089s] GC(399)   Pre Evacuate Collection Set: 0.2ms
[2025-06-28T00:21:20.040+0200][14.089s] GC(399)   Merge Heap Roots: 0.1ms
[2025-06-28T00:21:20.040+0200][14.089s] GC(399)   Evacuate Collection Set: 0.8ms
[2025-06-28T00:21:20.040+0200][14.089s] GC(399)   Post Evacuate Collection Set: 0.5ms
[2025-06-28T00:21:20.040+0200][14.089s] GC(399)   Other: 0.1ms
[2025-06-28T00:21:20.040+0200][14.089s] GC(399) Eden regions: 1->0(0)
[2025-06-28T00:21:20.040+0200][14.089s] GC(399) Survivor regions: 0->1(1)
[2025-06-28T00:21:20.040+0200][14.089s] GC(399) Old regions: 20->20
[2025-06-28T00:21:20.040+0200][14.089s] GC(399) Humongous regions: 0->0
[2025-06-28T00:21:20.040+0200][14.089s] GC(399) Metaspace: 58000K(58560K)->58000K(58560K) NonClass: 50179K(50496K)->50179K(50496K) Class: 7820K(8064K)->7820K(8064K)
[2025-06-28T00:21:20.041+0200][14.089s] GC(399) Pause Young (Concurrent Start) (G1 Evacuation Pause) 19M->18M(22M) 1.948ms
[2025-06-28T00:21:20.041+0200][14.089s] GC(399) User=0.00s Sys=0.00s Real=0.00s
[2025-06-28T00:21:20.041+0200][14.089s] GC(400) Concurrent Mark Cycle
[2025-06-28T00:21:20.041+0200][14.089s] Attempting full compaction
[2025-06-28T00:21:20.041+0200][14.089s] GC(400) Concurrent Scan Root Regions
[2025-06-28T00:21:20.041+0200][14.089s] GC(401) Pause Full (G1 Compaction Pause)
[2025-06-28T00:21:20.041+0200][14.089s] GC(401) Using 2 workers of 10 for full compaction
[2025-06-28T00:21:20.042+0200][14.090s] GC(400) Concurrent Scan Root Regions 0.974ms
[2025-06-28T00:21:20.042+0200][14.090s] GC(400) Concurrent Mark
[2025-06-28T00:21:20.042+0200][14.090s] GC(400) Concurrent Mark From Roots
[2025-06-28T00:21:20.042+0200][14.090s] GC(400) Using 3 workers of 3 for marking
[2025-06-28T00:21:20.042+0200][14.090s] GC(401) Phase 1: Mark live objects
[2025-06-28T00:21:20.064+0200][14.112s] GC(401) Phase 1: Mark live objects 22.369ms
[2025-06-28T00:21:20.064+0200][14.112s] GC(401) Phase 2: Prepare compaction
[2025-06-28T00:21:20.064+0200][14.113s] GC(401) Phase 2: Prepare compaction 0.371ms
[2025-06-28T00:21:20.078+0200][14.126s] GC(401) Phase 3: Adjust pointers
[2025-06-28T00:21:20.088+0200][14.136s] GC(401) Phase 3: Adjust pointers 9.796ms
[2025-06-28T00:21:20.088+0200][14.136s] GC(401) Phase 4: Compact heap
[2025-06-28T00:21:20.088+0200][14.136s] GC(401) Phase 4: Compact heap 0.376ms
[2025-06-28T00:21:20.088+0200][14.136s] GC(401) Phase 5: Reset Metadata
[2025-06-28T00:21:20.094+0200][14.142s] GC(401) Phase 5: Reset Metadata 5.545ms
[2025-06-28T00:21:20.100+0200][14.147s] GC(401) Eden regions: 0->0(1)
[2025-06-28T00:21:20.100+0200][14.147s] GC(401) Survivor regions: 1->0(1)
[2025-06-28T00:21:20.100+0200][14.147s] GC(401) Old regions: 20->20
[2025-06-28T00:21:20.100+0200][14.147s] GC(401) Humongous regions: 0->0
[2025-06-28T00:21:20.100+0200][14.147s] GC(401) Metaspace: 58000K(58560K)->58000K(58560K) NonClass: 50179K(50496K)->50179K(50496K) Class: 7820K(8064K)->7820K(8064K)
[2025-06-28T00:21:20.100+0200][14.148s] GC(401) Pause Full (G1 Compaction Pause) 18M->18M(22M) 58.633ms
[2025-06-28T00:21:20.100+0200][14.148s] GC(401) User=0.06s Sys=0.00s Real=0.06s
[2025-06-28T00:21:20.100+0200][14.148s] GC(400) Concurrent Mark From Roots 57.844ms
[2025-06-28T00:21:20.100+0200][14.148s] GC(400) Concurrent Mark Abort
[2025-06-28T00:21:20.100+0200][14.148s] GC(400) Concurrent Mark Cycle 59.005ms
[2025-06-28T00:21:20.133+0200][14.181s] GC(402) Pause Young (Normal) (G1 Evacuation Pause)
[2025-06-28T00:21:20.133+0200][14.181s] GC(402) Using 2 workers of 10 for evacuation
[2025-06-28T00:21:20.135+0200][14.183s] GC(402)   Pre Evacuate Collection Set: 0.3ms
[2025-06-28T00:21:20.135+0200][14.183s] GC(402)   Merge Heap Roots: 0.1ms
[2025-06-28T00:21:20.135+0200][14.183s] GC(402)   Evacuate Collection Set: 0.9ms
[2025-06-28T00:21:20.135+0200][14.183s] GC(402)   Post Evacuate Collection Set: 0.4ms
[2025-06-28T00:21:20.135+0200][14.183s] GC(402)   Other: 0.1ms
[2025-06-28T00:21:20.135+0200][14.183s] GC(402) Eden regions: 1->0(0)
[2025-06-28T00:21:20.135+0200][14.183s] GC(402) Survivor regions: 0->1(1)
[2025-06-28T00:21:20.135+0200][14.183s] GC(402) Old regions: 20->20
[2025-06-28T00:21:20.135+0200][14.183s] GC(402) Humongous regions: 0->0
[2025-06-28T00:21:20.135+0200][14.183s] GC(402) Metaspace: 58065K(58560K)->58065K(58560K) NonClass: 50231K(50496K)->50231K(50496K) Class: 7834K(8064K)->7834K(8064K)
[2025-06-28T00:21:20.135+0200][14.183s] GC(402) Pause Young (Normal) (G1 Evacuation Pause) 19M->18M(22M) 2.080ms
[2025-06-28T00:21:20.135+0200][14.183s] GC(402) User=0.00s Sys=0.00s Real=0.00s
[2025-06-28T00:21:20.135+0200][14.183s] Attempting full compaction
[2025-06-28T00:21:20.135+0200][14.183s] GC(403) Pause Full (G1 Compaction Pause)
[2025-06-28T00:21:20.135+0200][14.183s] GC(403) Using 2 workers of 10 for full compaction
[2025-06-28T00:21:20.135+0200][14.183s] GC(403) Phase 1: Mark live objects
[2025-06-28T00:21:20.162+0200][14.209s] GC(403) Phase 1: Mark live objects 26.351ms
[2025-06-28T00:21:20.162+0200][14.209s] GC(403) Phase 2: Prepare compaction
[2025-06-28T00:21:20.162+0200][14.210s] GC(403) Phase 2: Prepare compaction 0.356ms
[2025-06-28T00:21:20.162+0200][14.210s] GC(403) Phase 3: Adjust pointers
[2025-06-28T00:21:20.172+0200][14.220s] GC(403) Phase 3: Adjust pointers 10.270ms
[2025-06-28T00:21:20.172+0200][14.220s] GC(403) Phase 4: Compact heap
[2025-06-28T00:21:20.173+0200][14.221s] GC(403) Phase 4: Compact heap 0.377ms
[2025-06-28T00:21:20.173+0200][14.221s] GC(403) Phase 5: Reset Metadata
[2025-06-28T00:21:20.177+0200][14.225s] GC(403) Phase 5: Reset Metadata 3.977ms
[2025-06-28T00:21:20.182+0200][14.229s] GC(403) Eden regions: 0->0(1)
[2025-06-28T00:21:20.182+0200][14.230s] GC(403) Survivor regions: 1->0(1)
[2025-06-28T00:21:20.182+0200][14.230s] GC(403) Old regions: 20->20
[2025-06-28T00:21:20.182+0200][14.230s] GC(403) Humongous regions: 0->0
[2025-06-28T00:21:20.182+0200][14.230s] GC(403) Metaspace: 58065K(58560K)->58065K(58560K) NonClass: 50231K(50496K)->50231K(50496K) Class: 7834K(8064K)->7834K(8064K)
[2025-06-28T00:21:20.182+0200][14.230s] GC(403) Pause Full (G1 Compaction Pause) 18M->18M(22M) 46.697ms
[2025-06-28T00:21:20.182+0200][14.230s] GC(403) User=0.09s Sys=0.00s Real=0.05s
[2025-06-28T00:21:20.203+0200][14.252s] GC(404) Pause Young (Concurrent Start) (G1 Evacuation Pause)
[2025-06-28T00:21:20.203+0200][14.252s] GC(404) Using 2 workers of 10 for evacuation
[2025-06-28T00:21:20.205+0200][14.254s] GC(404)   Pre Evacuate Collection Set: 0.3ms
[2025-06-28T00:21:20.205+0200][14.254s] GC(404)   Merge Heap Roots: 0.1ms
[2025-06-28T00:21:20.205+0200][14.254s] GC(404)   Evacuate Collection Set: 0.9ms
[2025-06-28T00:21:20.205+0200][14.254s] GC(404)   Post Evacuate Collection Set: 0.6ms
[2025-06-28T00:21:20.205+0200][14.254s] GC(404)   Other: 0.2ms
[2025-06-28T00:21:20.205+0200][14.254s] GC(404) Eden regions: 1->0(0)
[2025-06-28T00:21:20.205+0200][14.254s] GC(404) Survivor regions: 0->1(1)
[2025-06-28T00:21:20.205+0200][14.254s] GC(404) Old regions: 20->20
[2025-06-28T00:21:20.205+0200][14.254s] GC(404) Humongous regions: 0->0
[2025-06-28T00:21:20.205+0200][14.254s] GC(404) Metaspace: 58132K(58624K)->58132K(58624K) NonClass: 50288K(50560K)->50288K(50560K) Class: 7843K(8064K)->7843K(8064K)
[2025-06-28T00:21:20.205+0200][14.254s] GC(404) Pause Young (Concurrent Start) (G1 Evacuation Pause) 19M->18M(22M) 2.277ms
[2025-06-28T00:21:20.205+0200][14.254s] GC(404) User=0.00s Sys=0.00s Real=0.00s
[2025-06-28T00:21:20.205+0200][14.254s] Attempting full compaction
[2025-06-28T00:21:20.205+0200][14.254s] GC(405) Pause Full (G1 Compaction Pause)
[2025-06-28T00:21:20.205+0200][14.254s] GC(406) Concurrent Mark Cycle
[2025-06-28T00:21:20.206+0200][14.254s] GC(405) Using 2 workers of 10 for full compaction
[2025-06-28T00:21:20.206+0200][14.254s] GC(406) Concurrent Scan Root Regions
[2025-06-28T00:21:20.206+0200][14.254s] GC(406) Concurrent Scan Root Regions 0.148ms
[2025-06-28T00:21:20.206+0200][14.254s] GC(406) Concurrent Mark
[2025-06-28T00:21:20.206+0200][14.254s] GC(406) Concurrent Mark From Roots
[2025-06-28T00:21:20.206+0200][14.254s] GC(406) Using 3 workers of 3 for marking
[2025-06-28T00:21:20.206+0200][14.254s] GC(405) Phase 1: Mark live objects
[2025-06-28T00:21:20.233+0200][14.281s] GC(405) Phase 1: Mark live objects 26.230ms
[2025-06-28T00:21:20.233+0200][14.281s] GC(405) Phase 2: Prepare compaction
[2025-06-28T00:21:20.233+0200][14.281s] GC(405) Phase 2: Prepare compaction 0.566ms
[2025-06-28T00:21:20.233+0200][14.281s] GC(405) Phase 3: Adjust pointers
[2025-06-28T00:21:20.243+0200][14.290s] GC(405) Phase 3: Adjust pointers 9.104ms
[2025-06-28T00:21:20.243+0200][14.290s] GC(405) Phase 4: Compact heap
[2025-06-28T00:21:20.243+0200][14.291s] GC(405) Phase 4: Compact heap 0.440ms
[2025-06-28T00:21:20.243+0200][14.291s] GC(405) Phase 5: Reset Metadata
[2025-06-28T00:21:20.249+0200][14.296s] GC(405) Phase 5: Reset Metadata 5.371ms
[2025-06-28T00:21:20.252+0200][14.300s] GC(405) Eden regions: 0->0(1)
[2025-06-28T00:21:20.252+0200][14.300s] GC(405) Survivor regions: 1->0(1)
[2025-06-28T00:21:20.252+0200][14.300s] GC(405) Old regions: 20->20
[2025-06-28T00:21:20.252+0200][14.300s] GC(405) Humongous regions: 0->0
[2025-06-28T00:21:20.252+0200][14.300s] GC(405) Metaspace: 58132K(58624K)->58126K(58624K) NonClass: 50288K(50560K)->50284K(50560K) Class: 7843K(8064K)->7842K(8064K)
[2025-06-28T00:21:20.252+0200][14.300s] GC(405) Pause Full (G1 Compaction Pause) 18M->18M(22M) 46.312ms
[2025-06-28T00:21:20.252+0200][14.300s] GC(405) User=0.09s Sys=0.00s Real=0.05s
[2025-06-28T00:21:20.253+0200][14.300s] GC(406) Concurrent Mark From Roots 46.254ms
[2025-06-28T00:21:20.253+0200][14.300s] GC(406) Concurrent Mark Abort
[2025-06-28T00:21:20.253+0200][14.301s] GC(406) Concurrent Mark Cycle 46.599ms
[2025-06-28T00:21:20.278+0200][14.326s] GC(407) Pause Young (Normal) (G1 Evacuation Pause)
[2025-06-28T00:21:20.278+0200][14.326s] GC(407) Using 2 workers of 10 for evacuation
[2025-06-28T00:21:20.280+0200][14.328s] GC(407)   Pre Evacuate Collection Set: 0.3ms
[2025-06-28T00:21:20.280+0200][14.328s] GC(407)   Merge Heap Roots: 0.2ms
[2025-06-28T00:21:20.280+0200][14.328s] GC(407)   Evacuate Collection Set: 0.7ms
[2025-06-28T00:21:20.280+0200][14.328s] GC(407)   Post Evacuate Collection Set: 0.7ms
[2025-06-28T00:21:20.280+0200][14.328s] GC(407)   Other: 0.1ms
[2025-06-28T00:21:20.280+0200][14.328s] GC(407) Eden regions: 1->0(0)
[2025-06-28T00:21:20.280+0200][14.328s] GC(407) Survivor regions: 0->1(1)
[2025-06-28T00:21:20.280+0200][14.328s] GC(407) Old regions: 20->20
[2025-06-28T00:21:20.280+0200][14.328s] GC(407) Humongous regions: 0->0
[2025-06-28T00:21:20.280+0200][14.328s] GC(407) Metaspace: 58224K(58752K)->58224K(58752K) NonClass: 50372K(50624K)->50372K(50624K) Class: 7851K(8128K)->7851K(8128K)
[2025-06-28T00:21:20.280+0200][14.328s] GC(407) Pause Young (Normal) (G1 Evacuation Pause) 19M->18M(22M) 2.300ms
[2025-06-28T00:21:20.280+0200][14.328s] GC(407) User=0.00s Sys=0.00s Real=0.00s
[2025-06-28T00:21:20.280+0200][14.328s] Attempting full compaction
[2025-06-28T00:21:20.280+0200][14.328s] GC(408) Pause Full (G1 Compaction Pause)
[2025-06-28T00:21:20.280+0200][14.328s] GC(408) Using 2 workers of 10 for full compaction
[2025-06-28T00:21:20.281+0200][14.329s] GC(408) Phase 1: Mark live objects
[2025-06-28T00:21:20.304+0200][14.352s] GC(408) Phase 1: Mark live objects 23.845ms
[2025-06-28T00:21:20.304+0200][14.352s] GC(408) Phase 2: Prepare compaction
[2025-06-28T00:21:20.305+0200][14.353s] GC(408) Phase 2: Prepare compaction 0.681ms
[2025-06-28T00:21:20.305+0200][14.353s] GC(408) Phase 3: Adjust pointers
[2025-06-28T00:21:20.318+0200][14.366s] GC(408) Phase 3: Adjust pointers 12.431ms
[2025-06-28T00:21:20.318+0200][14.366s] GC(408) Phase 4: Compact heap
[2025-06-28T00:21:20.318+0200][14.366s] GC(408) Phase 4: Compact heap 0.690ms
[2025-06-28T00:21:20.318+0200][14.367s] GC(408) Phase 5: Reset Metadata
[2025-06-28T00:21:20.322+0200][14.370s] GC(408) Phase 5: Reset Metadata 3.322ms
[2025-06-28T00:21:20.329+0200][14.377s] GC(408) Eden regions: 0->0(1)
[2025-06-28T00:21:20.329+0200][14.377s] GC(408) Survivor regions: 1->0(1)
[2025-06-28T00:21:20.329+0200][14.377s] GC(408) Old regions: 20->20
[2025-06-28T00:21:20.329+0200][14.377s] GC(408) Humongous regions: 0->0
[2025-06-28T00:21:20.329+0200][14.377s] GC(408) Metaspace: 58224K(58752K)->58224K(58752K) NonClass: 50372K(50624K)->50372K(50624K) Class: 7851K(8128K)->7851K(8128K)
[2025-06-28T00:21:20.329+0200][14.377s] GC(408) Pause Full (G1 Compaction Pause) 18M->18M(22M) 48.748ms
[2025-06-28T00:21:20.329+0200][14.377s] GC(408) User=0.08s Sys=0.00s Real=0.05s
[2025-06-28T00:21:20.352+0200][14.400s] GC(409) Pause Young (Concurrent Start) (G1 Evacuation Pause)
[2025-06-28T00:21:20.352+0200][14.400s] GC(409) Using 2 workers of 10 for evacuation
[2025-06-28T00:21:20.354+0200][14.403s] GC(409)   Pre Evacuate Collection Set: 0.3ms
[2025-06-28T00:21:20.354+0200][14.403s] GC(409)   Merge Heap Roots: 0.1ms
[2025-06-28T00:21:20.354+0200][14.403s] GC(409)   Evacuate Collection Set: 0.8ms
[2025-06-28T00:21:20.354+0200][14.403s] GC(409)   Post Evacuate Collection Set: 0.9ms
[2025-06-28T00:21:20.354+0200][14.403s] GC(409)   Other: 0.2ms
[2025-06-28T00:21:20.354+0200][14.403s] GC(409) Eden regions: 1->0(0)
[2025-06-28T00:21:20.354+0200][14.403s] GC(409) Survivor regions: 0->1(1)
[2025-06-28T00:21:20.354+0200][14.403s] GC(409) Old regions: 20->20
[2025-06-28T00:21:20.354+0200][14.403s] GC(409) Humongous regions: 0->0
[2025-06-28T00:21:20.354+0200][14.403s] GC(409) Metaspace: 58348K(58880K)->58348K(58880K) NonClass: 50474K(50752K)->50474K(50752K) Class: 7873K(8128K)->7873K(8128K)
[2025-06-28T00:21:20.355+0200][14.403s] GC(409) Pause Young (Concurrent Start) (G1 Evacuation Pause) 19M->18M(22M) 2.639ms
[2025-06-28T00:21:20.355+0200][14.403s] GC(409) User=0.02s Sys=0.00s Real=0.00s
[2025-06-28T00:21:20.355+0200][14.403s] Attempting full compaction
[2025-06-28T00:21:20.355+0200][14.403s] GC(410) Concurrent Mark Cycle
[2025-06-28T00:21:20.355+0200][14.403s] GC(411) Pause Full (G1 Compaction Pause)
[2025-06-28T00:21:20.355+0200][14.403s] GC(410) Concurrent Scan Root Regions
[2025-06-28T00:21:20.355+0200][14.403s] GC(411) Using 2 workers of 10 for full compaction
[2025-06-28T00:21:20.356+0200][14.404s] GC(410) Concurrent Scan Root Regions 1.076ms
[2025-06-28T00:21:20.356+0200][14.404s] GC(410) Concurrent Mark
[2025-06-28T00:21:20.356+0200][14.404s] GC(410) Concurrent Mark From Roots
[2025-06-28T00:21:20.356+0200][14.404s] GC(410) Using 3 workers of 3 for marking
[2025-06-28T00:21:20.356+0200][14.404s] GC(411) Phase 1: Mark live objects
[2025-06-28T00:21:20.377+0200][14.426s] GC(411) Phase 1: Mark live objects 21.207ms
[2025-06-28T00:21:20.377+0200][14.426s] GC(411) Phase 2: Prepare compaction
[2025-06-28T00:21:20.378+0200][14.426s] GC(411) Phase 2: Prepare compaction 0.407ms
[2025-06-28T00:21:20.378+0200][14.426s] GC(411) Phase 3: Adjust pointers
[2025-06-28T00:21:20.387+0200][14.435s] GC(411) Phase 3: Adjust pointers 9.025ms
[2025-06-28T00:21:20.387+0200][14.435s] GC(411) Phase 4: Compact heap
[2025-06-28T00:21:20.387+0200][14.435s] GC(411) Phase 4: Compact heap 0.368ms
[2025-06-28T00:21:20.387+0200][14.435s] GC(411) Phase 5: Reset Metadata
[2025-06-28T00:21:20.391+0200][14.439s] GC(411) Phase 5: Reset Metadata 3.388ms
[2025-06-28T00:21:20.395+0200][14.443s] GC(411) Eden regions: 0->0(1)
[2025-06-28T00:21:20.395+0200][14.443s] GC(411) Survivor regions: 1->0(1)
[2025-06-28T00:21:20.395+0200][14.443s] GC(411) Old regions: 20->20
[2025-06-28T00:21:20.395+0200][14.443s] GC(411) Humongous regions: 0->0
[2025-06-28T00:21:20.395+0200][14.443s] GC(411) Metaspace: 58348K(58880K)->58348K(58880K) NonClass: 50474K(50752K)->50474K(50752K) Class: 7873K(8128K)->7873K(8128K)
[2025-06-28T00:21:20.395+0200][14.443s] GC(411) Pause Full (G1 Compaction Pause) 18M->18M(22M) 40.598ms
[2025-06-28T00:21:20.395+0200][14.444s] GC(411) User=0.05s Sys=0.00s Real=0.04s
[2025-06-28T00:21:20.396+0200][14.444s] GC(410) Concurrent Mark From Roots 39.578ms
[2025-06-28T00:21:20.396+0200][14.444s] GC(410) Concurrent Mark Abort
[2025-06-28T00:21:20.396+0200][14.444s] GC(410) Concurrent Mark Cycle 40.907ms
[2025-06-28T00:21:20.408+0200][14.456s] GC(412) Pause Young (Normal) (G1 Evacuation Pause)
[2025-06-28T00:21:20.408+0200][14.456s] GC(412) Using 2 workers of 10 for evacuation
[2025-06-28T00:21:20.410+0200][14.458s] GC(412)   Pre Evacuate Collection Set: 0.3ms
[2025-06-28T00:21:20.410+0200][14.458s] GC(412)   Merge Heap Roots: 0.1ms
[2025-06-28T00:21:20.410+0200][14.458s] GC(412)   Evacuate Collection Set: 0.6ms
[2025-06-28T00:21:20.410+0200][14.458s] GC(412)   Post Evacuate Collection Set: 0.5ms
[2025-06-28T00:21:20.410+0200][14.458s] GC(412)   Other: 0.1ms
[2025-06-28T00:21:20.410+0200][14.458s] GC(412) Eden regions: 1->0(0)
[2025-06-28T00:21:20.410+0200][14.458s] GC(412) Survivor regions: 0->1(1)
[2025-06-28T00:21:20.410+0200][14.458s] GC(412) Old regions: 20->20
[2025-06-28T00:21:20.410+0200][14.458s] GC(412) Humongous regions: 0->0
[2025-06-28T00:21:20.410+0200][14.458s] GC(412) Metaspace: 58379K(58880K)->58379K(58880K) NonClass: 50499K(50752K)->50499K(50752K) Class: 7880K(8128K)->7880K(8128K)
[2025-06-28T00:21:20.410+0200][14.458s] GC(412) Pause Young (Normal) (G1 Evacuation Pause) 19M->18M(22M) 1.774ms
[2025-06-28T00:21:20.410+0200][14.458s] GC(412) User=0.00s Sys=0.00s Real=0.00s
[2025-06-28T00:21:20.410+0200][14.458s] Attempting full compaction
[2025-06-28T00:21:20.410+0200][14.458s] GC(413) Pause Full (G1 Compaction Pause)
[2025-06-28T00:21:20.410+0200][14.458s] GC(413) Using 2 workers of 10 for full compaction
[2025-06-28T00:21:20.410+0200][14.458s] GC(413) Phase 1: Mark live objects
[2025-06-28T00:21:20.429+0200][14.477s] GC(413) Phase 1: Mark live objects 19.146ms
[2025-06-28T00:21:20.429+0200][14.477s] GC(413) Phase 2: Prepare compaction
[2025-06-28T00:21:20.430+0200][14.478s] GC(413) Phase 2: Prepare compaction 0.400ms
[2025-06-28T00:21:20.430+0200][14.478s] GC(413) Phase 3: Adjust pointers
[2025-06-28T00:21:20.438+0200][14.486s] GC(413) Phase 3: Adjust pointers 8.299ms
[2025-06-28T00:21:20.438+0200][14.486s] GC(413) Phase 4: Compact heap
[2025-06-28T00:21:20.439+0200][14.487s] GC(413) Phase 4: Compact heap 0.278ms
[2025-06-28T00:21:20.439+0200][14.487s] GC(413) Phase 5: Reset Metadata
[2025-06-28T00:21:20.442+0200][14.490s] GC(413) Phase 5: Reset Metadata 3.560ms
[2025-06-28T00:21:20.445+0200][14.493s] GC(413) Eden regions: 0->0(1)
[2025-06-28T00:21:20.445+0200][14.493s] GC(413) Survivor regions: 1->0(1)
[2025-06-28T00:21:20.445+0200][14.493s] GC(413) Old regions: 20->20
[2025-06-28T00:21:20.445+0200][14.493s] GC(413) Humongous regions: 0->0
[2025-06-28T00:21:20.445+0200][14.493s] GC(413) Metaspace: 58379K(58880K)->58379K(58880K) NonClass: 50499K(50752K)->50499K(50752K) Class: 7880K(8128K)->7880K(8128K)
[2025-06-28T00:21:20.445+0200][14.493s] GC(413) Pause Full (G1 Compaction Pause) 18M->18M(22M) 35.282ms
[2025-06-28T00:21:20.445+0200][14.493s] GC(413) User=0.06s Sys=0.00s Real=0.03s
[2025-06-28T00:21:20.465+0200][14.513s] GC(414) Pause Young (Concurrent Start) (G1 Evacuation Pause)
[2025-06-28T00:21:20.465+0200][14.513s] GC(414) Using 2 workers of 10 for evacuation
[2025-06-28T00:21:20.466+0200][14.514s] GC(414)   Pre Evacuate Collection Set: 0.2ms
[2025-06-28T00:21:20.466+0200][14.514s] GC(414)   Merge Heap Roots: 0.1ms
[2025-06-28T00:21:20.466+0200][14.514s] GC(414)   Evacuate Collection Set: 0.7ms
[2025-06-28T00:21:20.466+0200][14.514s] GC(414)   Post Evacuate Collection Set: 0.3ms
[2025-06-28T00:21:20.466+0200][14.514s] GC(414)   Other: 0.1ms
[2025-06-28T00:21:20.466+0200][14.514s] GC(414) Eden regions: 1->0(0)
[2025-06-28T00:21:20.466+0200][14.514s] GC(414) Survivor regions: 0->1(1)
[2025-06-28T00:21:20.466+0200][14.514s] GC(414) Old regions: 20->20
[2025-06-28T00:21:20.466+0200][14.514s] GC(414) Humongous regions: 0->0
[2025-06-28T00:21:20.466+0200][14.514s] GC(414) Metaspace: 58417K(59008K)->58417K(59008K) NonClass: 50528K(50880K)->50528K(50880K) Class: 7888K(8128K)->7888K(8128K)
[2025-06-28T00:21:20.466+0200][14.514s] GC(414) Pause Young (Concurrent Start) (G1 Evacuation Pause) 19M->18M(22M) 1.734ms
[2025-06-28T00:21:20.466+0200][14.514s] GC(415) Concurrent Mark Cycle
[2025-06-28T00:21:20.466+0200][14.514s] GC(414) User=0.02s Sys=0.00s Real=0.00s
[2025-06-28T00:21:20.466+0200][14.514s] GC(415) Concurrent Scan Root Regions
[2025-06-28T00:21:20.466+0200][14.514s] Attempting full compaction
[2025-06-28T00:21:20.467+0200][14.514s] GC(416) Pause Full (G1 Compaction Pause)
[2025-06-28T00:21:20.467+0200][14.515s] GC(416) Using 2 workers of 10 for full compaction
[2025-06-28T00:21:20.467+0200][14.515s] GC(415) Concurrent Scan Root Regions 0.869ms
[2025-06-28T00:21:20.467+0200][14.515s] GC(415) Concurrent Mark
[2025-06-28T00:21:20.467+0200][14.515s] GC(415) Concurrent Mark From Roots
[2025-06-28T00:21:20.467+0200][14.515s] GC(415) Using 3 workers of 3 for marking
[2025-06-28T00:21:20.468+0200][14.515s] GC(416) Phase 1: Mark live objects
[2025-06-28T00:21:20.489+0200][14.537s] GC(416) Phase 1: Mark live objects 21.344ms
[2025-06-28T00:21:20.489+0200][14.537s] GC(416) Phase 2: Prepare compaction
[2025-06-28T00:21:20.489+0200][14.537s] GC(416) Phase 2: Prepare compaction 0.550ms
[2025-06-28T00:21:20.489+0200][14.537s] GC(416) Phase 3: Adjust pointers
[2025-06-28T00:21:20.499+0200][14.547s] GC(416) Phase 3: Adjust pointers 9.357ms
[2025-06-28T00:21:20.499+0200][14.547s] GC(416) Phase 4: Compact heap
[2025-06-28T00:21:20.500+0200][14.548s] GC(416) Phase 4: Compact heap 0.690ms
[2025-06-28T00:21:20.500+0200][14.548s] GC(416) Phase 5: Reset Metadata
[2025-06-28T00:21:20.503+0200][14.551s] GC(416) Phase 5: Reset Metadata 3.183ms
[2025-06-28T00:21:20.506+0200][14.554s] GC(416) Eden regions: 0->0(1)
[2025-06-28T00:21:20.506+0200][14.554s] GC(416) Survivor regions: 1->0(1)
[2025-06-28T00:21:20.506+0200][14.554s] GC(416) Old regions: 20->19
[2025-06-28T00:21:20.506+0200][14.554s] GC(416) Humongous regions: 0->0
[2025-06-28T00:21:20.506+0200][14.554s] GC(416) Metaspace: 58417K(59008K)->58417K(59008K) NonClass: 50528K(50880K)->50528K(50880K) Class: 7888K(8128K)->7888K(8128K)
[2025-06-28T00:21:20.506+0200][14.554s] GC(416) Pause Full (G1 Compaction Pause) 18M->18M(22M) 39.596ms
[2025-06-28T00:21:20.506+0200][14.554s] GC(416) User=0.06s Sys=0.00s Real=0.04s
[2025-06-28T00:21:20.507+0200][14.554s] GC(415) Concurrent Mark From Roots 38.983ms
[2025-06-28T00:21:20.507+0200][14.554s] GC(415) Concurrent Mark Abort
[2025-06-28T00:21:20.507+0200][14.554s] GC(415) Concurrent Mark Cycle 39.986ms
[2025-06-28T00:21:20.514+0200][14.562s] GC(417) Pause Young (Normal) (G1 Evacuation Pause)
[2025-06-28T00:21:20.514+0200][14.562s] GC(417) Using 2 workers of 10 for evacuation
[2025-06-28T00:21:20.515+0200][14.563s] GC(417)   Pre Evacuate Collection Set: 0.2ms
[2025-06-28T00:21:20.515+0200][14.563s] GC(417)   Merge Heap Roots: 0.1ms
[2025-06-28T00:21:20.515+0200][14.563s] GC(417)   Evacuate Collection Set: 0.4ms
[2025-06-28T00:21:20.515+0200][14.563s] GC(417)   Post Evacuate Collection Set: 0.4ms
[2025-06-28T00:21:20.515+0200][14.563s] GC(417)   Other: 0.0ms
[2025-06-28T00:21:20.515+0200][14.563s] GC(417) Eden regions: 1->0(0)
[2025-06-28T00:21:20.515+0200][14.563s] GC(417) Survivor regions: 0->1(1)
[2025-06-28T00:21:20.515+0200][14.563s] GC(417) Old regions: 19->19
[2025-06-28T00:21:20.515+0200][14.563s] GC(417) Humongous regions: 0->0
[2025-06-28T00:21:20.515+0200][14.563s] GC(417) Metaspace: 58429K(59008K)->58429K(59008K) NonClass: 50541K(50880K)->50541K(50880K) Class: 7888K(8128K)->7888K(8128K)
[2025-06-28T00:21:20.515+0200][14.563s] GC(417) Pause Young (Normal) (G1 Evacuation Pause) 19M->18M(22M) 1.313ms
[2025-06-28T00:21:20.515+0200][14.563s] GC(417) User=0.00s Sys=0.00s Real=0.00s
[2025-06-28T00:21:20.515+0200][14.563s] Attempting full compaction
[2025-06-28T00:21:20.515+0200][14.563s] GC(418) Pause Full (G1 Compaction Pause)
[2025-06-28T00:21:20.515+0200][14.563s] GC(418) Using 2 workers of 10 for full compaction
[2025-06-28T00:21:20.516+0200][14.563s] GC(418) Phase 1: Mark live objects
[2025-06-28T00:21:20.536+0200][14.584s] GC(418) Phase 1: Mark live objects 20.600ms
[2025-06-28T00:21:20.536+0200][14.584s] GC(418) Phase 2: Prepare compaction
[2025-06-28T00:21:20.537+0200][14.585s] GC(418) Phase 2: Prepare compaction 0.495ms
[2025-06-28T00:21:20.537+0200][14.585s] GC(418) Phase 3: Adjust pointers
[2025-06-28T00:21:20.545+0200][14.593s] GC(418) Phase 3: Adjust pointers 8.777ms
[2025-06-28T00:21:20.546+0200][14.593s] GC(418) Phase 4: Compact heap
[2025-06-28T00:21:20.546+0200][14.594s] GC(418) Phase 4: Compact heap 0.544ms
[2025-06-28T00:21:20.546+0200][14.594s] GC(418) Phase 5: Reset Metadata
[2025-06-28T00:21:20.549+0200][14.597s] GC(418) Phase 5: Reset Metadata 3.362ms
[2025-06-28T00:21:20.553+0200][14.601s] GC(418) Eden regions: 0->0(1)
[2025-06-28T00:21:20.553+0200][14.601s] GC(418) Survivor regions: 1->0(1)
[2025-06-28T00:21:20.553+0200][14.601s] GC(418) Old regions: 19->19
[2025-06-28T00:21:20.553+0200][14.601s] GC(418) Humongous regions: 0->0
[2025-06-28T00:21:20.553+0200][14.601s] GC(418) Metaspace: 58429K(59008K)->58429K(59008K) NonClass: 50541K(50880K)->50541K(50880K) Class: 7888K(8128K)->7888K(8128K)
[2025-06-28T00:21:20.553+0200][14.601s] GC(418) Pause Full (G1 Compaction Pause) 18M->18M(22M) 37.631ms
[2025-06-28T00:21:20.553+0200][14.601s] GC(418) User=0.06s Sys=0.00s Real=0.04s
[2025-06-28T00:21:20.561+0200][14.609s] GC(419) Pause Young (Concurrent Start) (G1 Evacuation Pause)
[2025-06-28T00:21:20.561+0200][14.610s] GC(419) Using 2 workers of 10 for evacuation
[2025-06-28T00:21:20.563+0200][14.611s] GC(419)   Pre Evacuate Collection Set: 0.4ms
[2025-06-28T00:21:20.563+0200][14.611s] GC(419)   Merge Heap Roots: 0.1ms
[2025-06-28T00:21:20.563+0200][14.611s] GC(419)   Evacuate Collection Set: 0.6ms
[2025-06-28T00:21:20.563+0200][14.611s] GC(419)   Post Evacuate Collection Set: 0.3ms
[2025-06-28T00:21:20.563+0200][14.611s] GC(419)   Other: 0.1ms
[2025-06-28T00:21:20.563+0200][14.611s] GC(419) Eden regions: 1->0(0)
[2025-06-28T00:21:20.563+0200][14.611s] GC(419) Survivor regions: 0->1(1)
[2025-06-28T00:21:20.563+0200][14.611s] GC(419) Old regions: 19->19
[2025-06-28T00:21:20.563+0200][14.611s] GC(419) Humongous regions: 0->0
[2025-06-28T00:21:20.563+0200][14.611s] GC(419) Metaspace: 58434K(59008K)->58434K(59008K) NonClass: 50546K(50880K)->50546K(50880K) Class: 7888K(8128K)->7888K(8128K)
[2025-06-28T00:21:20.563+0200][14.611s] GC(419) Pause Young (Concurrent Start) (G1 Evacuation Pause) 19M->18M(22M) 1.843ms
[2025-06-28T00:21:20.563+0200][14.611s] GC(420) Concurrent Mark Cycle
[2025-06-28T00:21:20.563+0200][14.611s] GC(420) Concurrent Scan Root Regions
[2025-06-28T00:21:20.563+0200][14.611s] GC(419) User=0.00s Sys=0.00s Real=0.00s
[2025-06-28T00:21:20.563+0200][14.611s] Attempting full compaction
[2025-06-28T00:21:20.563+0200][14.611s] GC(421) Pause Full (G1 Compaction Pause)
[2025-06-28T00:21:20.563+0200][14.611s] GC(421) Using 2 workers of 10 for full compaction
[2025-06-28T00:21:20.564+0200][14.612s] GC(420) Concurrent Scan Root Regions 0.587ms
[2025-06-28T00:21:20.564+0200][14.612s] GC(420) Concurrent Mark
[2025-06-28T00:21:20.564+0200][14.612s] GC(420) Concurrent Mark From Roots
[2025-06-28T00:21:20.564+0200][14.612s] GC(420) Using 3 workers of 3 for marking
[2025-06-28T00:21:20.564+0200][14.612s] GC(421) Phase 1: Mark live objects
[2025-06-28T00:21:20.590+0200][14.639s] GC(421) Phase 1: Mark live objects 26.460ms
[2025-06-28T00:21:20.590+0200][14.639s] GC(421) Phase 2: Prepare compaction
[2025-06-28T00:21:20.591+0200][14.639s] GC(421) Phase 2: Prepare compaction 0.593ms
[2025-06-28T00:21:20.591+0200][14.639s] GC(421) Phase 3: Adjust pointers
[2025-06-28T00:21:20.600+0200][14.649s] GC(421) Phase 3: Adjust pointers 9.473ms
[2025-06-28T00:21:20.600+0200][14.649s] GC(421) Phase 4: Compact heap
[2025-06-28T00:21:20.601+0200][14.649s] GC(421) Phase 4: Compact heap 0.484ms
[2025-06-28T00:21:20.601+0200][14.649s] GC(421) Phase 5: Reset Metadata
[2025-06-28T00:21:20.604+0200][14.653s] GC(421) Phase 5: Reset Metadata 3.269ms
[2025-06-28T00:21:20.609+0200][14.657s] GC(421) Eden regions: 0->0(1)
[2025-06-28T00:21:20.609+0200][14.657s] GC(421) Survivor regions: 1->0(1)
[2025-06-28T00:21:20.609+0200][14.657s] GC(421) Old regions: 19->19
[2025-06-28T00:21:20.609+0200][14.657s] GC(421) Humongous regions: 0->0
[2025-06-28T00:21:20.609+0200][14.657s] GC(421) Metaspace: 58434K(59008K)->58432K(59008K) NonClass: 50546K(50880K)->50544K(50880K) Class: 7888K(8128K)->7888K(8128K)
[2025-06-28T00:21:20.609+0200][14.658s] GC(421) Pause Full (G1 Compaction Pause) 18M->18M(22M) 46.183ms
[2025-06-28T00:21:20.609+0200][14.658s] GC(421) User=0.08s Sys=0.02s Real=0.05s
[2025-06-28T00:21:20.610+0200][14.658s] GC(420) Concurrent Mark From Roots 45.900ms
[2025-06-28T00:21:20.610+0200][14.658s] GC(420) Concurrent Mark Abort
[2025-06-28T00:21:20.610+0200][14.658s] GC(420) Concurrent Mark Cycle 46.624ms
[2025-06-28T00:21:20.616+0200][14.664s] GC(422) Pause Young (Normal) (G1 Evacuation Pause)
[2025-06-28T00:21:20.616+0200][14.664s] GC(422) Using 2 workers of 10 for evacuation
[2025-06-28T00:21:20.618+0200][14.666s] GC(422)   Pre Evacuate Collection Set: 0.2ms
[2025-06-28T00:21:20.618+0200][14.666s] GC(422)   Merge Heap Roots: 0.1ms
[2025-06-28T00:21:20.618+0200][14.666s] GC(422)   Evacuate Collection Set: 0.4ms
[2025-06-28T00:21:20.618+0200][14.666s] GC(422)   Post Evacuate Collection Set: 0.5ms
[2025-06-28T00:21:20.618+0200][14.666s] GC(422)   Other: 0.1ms
[2025-06-28T00:21:20.618+0200][14.666s] GC(422) Eden regions: 1->0(0)
[2025-06-28T00:21:20.618+0200][14.666s] GC(422) Survivor regions: 0->1(1)
[2025-06-28T00:21:20.618+0200][14.666s] GC(422) Old regions: 19->19
[2025-06-28T00:21:20.618+0200][14.666s] GC(422) Humongous regions: 0->0
[2025-06-28T00:21:20.618+0200][14.666s] GC(422) Metaspace: 58433K(59008K)->58433K(59008K) NonClass: 50545K(50880K)->50545K(50880K) Class: 7888K(8128K)->7888K(8128K)
[2025-06-28T00:21:20.618+0200][14.666s] GC(422) Pause Young (Normal) (G1 Evacuation Pause) 19M->18M(22M) 1.508ms
[2025-06-28T00:21:20.618+0200][14.666s] GC(422) User=0.00s Sys=0.00s Real=0.00s
[2025-06-28T00:21:20.618+0200][14.666s] Attempting full compaction
[2025-06-28T00:21:20.618+0200][14.666s] GC(423) Pause Full (G1 Compaction Pause)
[2025-06-28T00:21:20.618+0200][14.666s] GC(423) Using 2 workers of 10 for full compaction
[2025-06-28T00:21:20.618+0200][14.666s] GC(423) Phase 1: Mark live objects
[2025-06-28T00:21:20.641+0200][14.689s] GC(423) Phase 1: Mark live objects 23.102ms
[2025-06-28T00:21:20.641+0200][14.689s] GC(423) Phase 2: Prepare compaction
[2025-06-28T00:21:20.642+0200][14.690s] GC(423) Phase 2: Prepare compaction 0.847ms
[2025-06-28T00:21:20.642+0200][14.690s] GC(423) Phase 3: Adjust pointers
[2025-06-28T00:21:20.651+0200][14.700s] GC(423) Phase 3: Adjust pointers 9.433ms
[2025-06-28T00:21:20.652+0200][14.700s] GC(423) Phase 4: Compact heap
[2025-06-28T00:21:20.652+0200][14.700s] GC(423) Phase 4: Compact heap 0.516ms
[2025-06-28T00:21:20.652+0200][14.700s] GC(423) Phase 5: Reset Metadata
[2025-06-28T00:21:20.657+0200][14.705s] GC(423) Phase 5: Reset Metadata 4.463ms
[2025-06-28T00:21:20.660+0200][14.709s] GC(423) Eden regions: 0->0(1)
[2025-06-28T00:21:20.661+0200][14.709s] GC(423) Survivor regions: 1->0(1)
[2025-06-28T00:21:20.661+0200][14.709s] GC(423) Old regions: 19->19
[2025-06-28T00:21:20.661+0200][14.709s] GC(423) Humongous regions: 0->0
[2025-06-28T00:21:20.661+0200][14.709s] GC(423) Metaspace: 58433K(59008K)->58433K(59008K) NonClass: 50545K(50880K)->50545K(50880K) Class: 7888K(8128K)->7888K(8128K)
[2025-06-28T00:21:20.661+0200][14.709s] GC(423) Pause Full (G1 Compaction Pause) 18M->18M(22M) 42.846ms
[2025-06-28T00:21:20.661+0200][14.709s] GC(423) User=0.05s Sys=0.02s Real=0.04s
[2025-06-28T00:21:20.672+0200][14.720s] GC(424) Pause Young (Concurrent Start) (G1 Evacuation Pause)
[2025-06-28T00:21:20.672+0200][14.720s] GC(424) Using 2 workers of 10 for evacuation
[2025-06-28T00:21:20.674+0200][14.722s] GC(424)   Pre Evacuate Collection Set: 0.3ms
[2025-06-28T00:21:20.674+0200][14.722s] GC(424)   Merge Heap Roots: 0.1ms
[2025-06-28T00:21:20.674+0200][14.722s] GC(424)   Evacuate Collection Set: 0.8ms
[2025-06-28T00:21:20.674+0200][14.722s] GC(424)   Post Evacuate Collection Set: 0.6ms
[2025-06-28T00:21:20.674+0200][14.722s] GC(424)   Other: 0.2ms
[2025-06-28T00:21:20.674+0200][14.722s] GC(424) Eden regions: 1->0(0)
[2025-06-28T00:21:20.674+0200][14.722s] GC(424) Survivor regions: 0->1(1)
[2025-06-28T00:21:20.674+0200][14.722s] GC(424) Old regions: 19->19
[2025-06-28T00:21:20.674+0200][14.722s] GC(424) Humongous regions: 0->0
[2025-06-28T00:21:20.674+0200][14.722s] GC(424) Metaspace: 58434K(59008K)->58434K(59008K) NonClass: 50546K(50880K)->50546K(50880K) Class: 7888K(8128K)->7888K(8128K)
[2025-06-28T00:21:20.674+0200][14.722s] GC(424) Pause Young (Concurrent Start) (G1 Evacuation Pause) 19M->18M(22M) 2.265ms
[2025-06-28T00:21:20.674+0200][14.722s] GC(424) User=0.00s Sys=0.00s Real=0.00s
[2025-06-28T00:21:20.674+0200][14.722s] GC(425) Concurrent Mark Cycle
[2025-06-28T00:21:20.674+0200][14.722s] Attempting full compaction
[2025-06-28T00:21:20.674+0200][14.722s] GC(425) Concurrent Scan Root Regions
[2025-06-28T00:21:20.674+0200][14.722s] GC(426) Pause Full (G1 Compaction Pause)
[2025-06-28T00:21:20.674+0200][14.722s] GC(426) Using 2 workers of 10 for full compaction
[2025-06-28T00:21:20.675+0200][14.723s] GC(425) Concurrent Scan Root Regions 0.869ms
[2025-06-28T00:21:20.675+0200][14.723s] GC(425) Concurrent Mark
[2025-06-28T00:21:20.675+0200][14.723s] GC(425) Concurrent Mark From Roots
[2025-06-28T00:21:20.675+0200][14.723s] GC(425) Using 3 workers of 3 for marking
[2025-06-28T00:21:20.675+0200][14.723s] GC(426) Phase 1: Mark live objects
[2025-06-28T00:21:20.705+0200][14.752s] GC(426) Phase 1: Mark live objects 29.130ms
[2025-06-28T00:21:20.705+0200][14.752s] GC(426) Phase 2: Prepare compaction
[2025-06-28T00:21:20.705+0200][14.753s] GC(426) Phase 2: Prepare compaction 0.588ms
[2025-06-28T00:21:20.705+0200][14.753s] GC(426) Phase 3: Adjust pointers
[2025-06-28T00:21:20.717+0200][14.764s] GC(426) Phase 3: Adjust pointers 11.206ms
[2025-06-28T00:21:20.717+0200][14.764s] GC(426) Phase 4: Compact heap
[2025-06-28T00:21:20.717+0200][14.765s] GC(426) Phase 4: Compact heap 0.557ms
[2025-06-28T00:21:20.717+0200][14.765s] GC(426) Phase 5: Reset Metadata
[2025-06-28T00:21:20.721+0200][14.768s] GC(426) Phase 5: Reset Metadata 3.539ms
[2025-06-28T00:21:20.724+0200][14.772s] GC(426) Eden regions: 0->0(1)
[2025-06-28T00:21:20.724+0200][14.772s] GC(426) Survivor regions: 1->0(1)
[2025-06-28T00:21:20.724+0200][14.772s] GC(426) Old regions: 19->19
[2025-06-28T00:21:20.724+0200][14.772s] GC(426) Humongous regions: 0->0
[2025-06-28T00:21:20.724+0200][14.772s] GC(426) Metaspace: 58434K(59008K)->58430K(59008K) NonClass: 50546K(50880K)->50543K(50880K) Class: 7888K(8128K)->7887K(8128K)
[2025-06-28T00:21:20.725+0200][14.772s] GC(426) Pause Full (G1 Compaction Pause) 18M->18M(22M) 50.022ms
[2025-06-28T00:21:20.725+0200][14.772s] GC(426) User=0.09s Sys=0.00s Real=0.05s
[2025-06-28T00:21:20.725+0200][14.773s] GC(425) Concurrent Mark From Roots 49.493ms
[2025-06-28T00:21:20.725+0200][14.773s] GC(425) Concurrent Mark Abort
[2025-06-28T00:21:20.725+0200][14.773s] GC(425) Concurrent Mark Cycle 50.602ms
[2025-06-28T00:21:20.732+0200][14.780s] GC(427) Pause Young (Normal) (G1 Evacuation Pause)
[2025-06-28T00:21:20.732+0200][14.780s] GC(427) Using 2 workers of 10 for evacuation
[2025-06-28T00:21:20.733+0200][14.781s] GC(427)   Pre Evacuate Collection Set: 0.2ms
[2025-06-28T00:21:20.733+0200][14.781s] GC(427)   Merge Heap Roots: 0.1ms
[2025-06-28T00:21:20.733+0200][14.781s] GC(427)   Evacuate Collection Set: 0.4ms
[2025-06-28T00:21:20.733+0200][14.781s] GC(427)   Post Evacuate Collection Set: 0.5ms
[2025-06-28T00:21:20.733+0200][14.781s] GC(427)   Other: 0.1ms
[2025-06-28T00:21:20.733+0200][14.781s] GC(427) Eden regions: 1->0(0)
[2025-06-28T00:21:20.734+0200][14.781s] GC(427) Survivor regions: 0->1(1)
[2025-06-28T00:21:20.734+0200][14.781s] GC(427) Old regions: 19->19
[2025-06-28T00:21:20.734+0200][14.781s] GC(427) Humongous regions: 0->0
[2025-06-28T00:21:20.734+0200][14.781s] GC(427) Metaspace: 58430K(59008K)->58430K(59008K) NonClass: 50543K(50880K)->50543K(50880K) Class: 7887K(8128K)->7887K(8128K)
[2025-06-28T00:21:20.734+0200][14.782s] GC(427) Pause Young (Normal) (G1 Evacuation Pause) 19M->18M(22M) 1.541ms
[2025-06-28T00:21:20.734+0200][14.782s] GC(427) User=0.00s Sys=0.00s Real=0.00s
[2025-06-28T00:21:20.734+0200][14.782s] Attempting full compaction
[2025-06-28T00:21:20.734+0200][14.782s] GC(428) Pause Full (G1 Compaction Pause)
[2025-06-28T00:21:20.734+0200][14.782s] GC(428) Using 2 workers of 10 for full compaction
[2025-06-28T00:21:20.734+0200][14.782s] GC(428) Phase 1: Mark live objects
[2025-06-28T00:21:20.765+0200][14.813s] GC(428) Phase 1: Mark live objects 31.011ms
[2025-06-28T00:21:20.765+0200][14.813s] GC(428) Phase 2: Prepare compaction
[2025-06-28T00:21:20.766+0200][14.814s] GC(428) Phase 2: Prepare compaction 0.807ms
[2025-06-28T00:21:20.766+0200][14.814s] GC(428) Phase 3: Adjust pointers
[2025-06-28T00:21:20.775+0200][14.823s] GC(428) Phase 3: Adjust pointers 9.667ms
[2025-06-28T00:21:20.775+0200][14.823s] GC(428) Phase 4: Compact heap
[2025-06-28T00:21:20.776+0200][14.824s] GC(428) Phase 4: Compact heap 0.579ms
[2025-06-28T00:21:20.776+0200][14.824s] GC(428) Phase 5: Reset Metadata
[2025-06-28T00:21:20.781+0200][14.829s] GC(428) Phase 5: Reset Metadata 4.583ms
[2025-06-28T00:21:20.784+0200][14.832s] GC(428) Eden regions: 0->0(1)
[2025-06-28T00:21:20.784+0200][14.832s] GC(428) Survivor regions: 1->0(1)
[2025-06-28T00:21:20.784+0200][14.832s] GC(428) Old regions: 19->19
[2025-06-28T00:21:20.784+0200][14.832s] GC(428) Humongous regions: 0->0
[2025-06-28T00:21:20.784+0200][14.832s] GC(428) Metaspace: 58430K(59008K)->58427K(59008K) NonClass: 50543K(50880K)->50541K(50880K) Class: 7887K(8128K)->7886K(8128K)
[2025-06-28T00:21:20.784+0200][14.832s] GC(428) Pause Full (G1 Compaction Pause) 18M->18M(22M) 50.847ms
[2025-06-28T00:21:20.784+0200][14.832s] GC(428) User=0.05s Sys=0.00s Real=0.05s
[2025-06-28T00:21:20.787+0200][14.835s] GC(429) Pause Young (Concurrent Start) (G1 Evacuation Pause)
[2025-06-28T00:21:20.787+0200][14.835s] GC(429) Using 2 workers of 10 for evacuation
[2025-06-28T00:21:20.789+0200][14.837s] GC(429)   Pre Evacuate Collection Set: 0.2ms
[2025-06-28T00:21:20.789+0200][14.837s] GC(429)   Merge Heap Roots: 0.1ms
[2025-06-28T00:21:20.789+0200][14.837s] GC(429)   Evacuate Collection Set: 0.6ms
[2025-06-28T00:21:20.789+0200][14.837s] GC(429)   Post Evacuate Collection Set: 0.5ms
[2025-06-28T00:21:20.789+0200][14.837s] GC(429)   Other: 0.2ms
[2025-06-28T00:21:20.789+0200][14.837s] GC(429) Eden regions: 1->0(0)
[2025-06-28T00:21:20.789+0200][14.837s] GC(429) Survivor regions: 0->1(1)
[2025-06-28T00:21:20.789+0200][14.837s] GC(429) Old regions: 19->19
[2025-06-28T00:21:20.789+0200][14.837s] GC(429) Humongous regions: 0->0
[2025-06-28T00:21:20.789+0200][14.837s] GC(429) Metaspace: 58428K(59008K)->58428K(59008K) NonClass: 50541K(50880K)->50541K(50880K) Class: 7886K(8128K)->7886K(8128K)
[2025-06-28T00:21:20.789+0200][14.837s] GC(429) Pause Young (Concurrent Start) (G1 Evacuation Pause) 19M->18M(22M) 1.938ms
[2025-06-28T00:21:20.789+0200][14.837s] GC(430) Concurrent Mark Cycle
[2025-06-28T00:21:20.789+0200][14.837s] GC(429) User=0.00s Sys=0.00s Real=0.00s
[2025-06-28T00:21:20.789+0200][14.837s] GC(430) Concurrent Scan Root Regions
[2025-06-28T00:21:20.789+0200][14.837s] Attempting full compaction
[2025-06-28T00:21:20.789+0200][14.837s] GC(431) Pause Full (G1 Compaction Pause)
[2025-06-28T00:21:20.789+0200][14.837s] GC(431) Using 2 workers of 10 for full compaction
[2025-06-28T00:21:20.790+0200][14.838s] GC(430) Concurrent Scan Root Regions 0.207ms
[2025-06-28T00:21:20.790+0200][14.838s] GC(430) Concurrent Mark
[2025-06-28T00:21:20.790+0200][14.838s] GC(430) Concurrent Mark From Roots
[2025-06-28T00:21:20.790+0200][14.838s] GC(430) Using 3 workers of 3 for marking
[2025-06-28T00:21:20.790+0200][14.838s] GC(431) Phase 1: Mark live objects
[2025-06-28T00:21:20.821+0200][14.869s] GC(431) Phase 1: Mark live objects 30.944ms
[2025-06-28T00:21:20.821+0200][14.869s] GC(431) Phase 2: Prepare compaction
[2025-06-28T00:21:20.821+0200][14.869s] GC(431) Phase 2: Prepare compaction 0.610ms
[2025-06-28T00:21:20.821+0200][14.869s] GC(431) Phase 3: Adjust pointers
[2025-06-28T00:21:20.831+0200][14.879s] GC(431) Phase 3: Adjust pointers 9.647ms
[2025-06-28T00:21:20.831+0200][14.879s] GC(431) Phase 4: Compact heap
[2025-06-28T00:21:20.832+0200][14.880s] GC(431) Phase 4: Compact heap 0.601ms
[2025-06-28T00:21:20.832+0200][14.880s] GC(431) Phase 5: Reset Metadata
[2025-06-28T00:21:20.835+0200][14.883s] GC(431) Phase 5: Reset Metadata 3.269ms
[2025-06-28T00:21:20.838+0200][14.886s] GC(431) Eden regions: 0->0(1)
[2025-06-28T00:21:20.838+0200][14.886s] GC(431) Survivor regions: 1->0(1)
[2025-06-28T00:21:20.838+0200][14.886s] GC(431) Old regions: 19->19
[2025-06-28T00:21:20.838+0200][14.886s] GC(431) Humongous regions: 0->0
[2025-06-28T00:21:20.838+0200][14.886s] GC(431) Metaspace: 58428K(59008K)->58424K(59008K) NonClass: 50541K(50880K)->50539K(50880K) Class: 7886K(8128K)->7885K(8128K)
[2025-06-28T00:21:20.839+0200][14.886s] GC(431) Pause Full (G1 Compaction Pause) 18M->18M(22M) 49.039ms
[2025-06-28T00:21:20.839+0200][14.886s] GC(431) User=0.09s Sys=0.00s Real=0.05s
[2025-06-28T00:21:20.839+0200][14.887s] GC(430) Concurrent Mark From Roots 49.193ms
[2025-06-28T00:21:20.839+0200][14.887s] GC(430) Concurrent Mark Abort
[2025-06-28T00:21:20.839+0200][14.887s] GC(430) Concurrent Mark Cycle 49.574ms
[2025-06-28T00:21:20.844+0200][14.892s] GC(432) Pause Young (Normal) (G1 Evacuation Pause)
[2025-06-28T00:21:20.844+0200][14.892s] GC(432) Using 2 workers of 10 for evacuation
[2025-06-28T00:21:20.846+0200][14.895s] GC(432)   Pre Evacuate Collection Set: 0.3ms
[2025-06-28T00:21:20.846+0200][14.895s] GC(432)   Merge Heap Roots: 0.2ms
[2025-06-28T00:21:20.846+0200][14.895s] GC(432)   Evacuate Collection Set: 1.1ms
[2025-06-28T00:21:20.846+0200][14.895s] GC(432)   Post Evacuate Collection Set: 0.5ms
[2025-06-28T00:21:20.846+0200][14.895s] GC(432)   Other: 0.1ms
[2025-06-28T00:21:20.846+0200][14.895s] GC(432) Eden regions: 1->0(0)
[2025-06-28T00:21:20.847+0200][14.895s] GC(432) Survivor regions: 0->1(1)
[2025-06-28T00:21:20.847+0200][14.895s] GC(432) Old regions: 19->19
[2025-06-28T00:21:20.847+0200][14.895s] GC(432) Humongous regions: 0->0
[2025-06-28T00:21:20.847+0200][14.895s] GC(432) Metaspace: 58424K(59008K)->58424K(59008K) NonClass: 50539K(50880K)->50539K(50880K) Class: 7885K(8128K)->7885K(8128K)
[2025-06-28T00:21:20.847+0200][14.895s] GC(432) Pause Young (Normal) (G1 Evacuation Pause) 19M->18M(22M) 2.506ms
[2025-06-28T00:21:20.847+0200][14.895s] GC(432) User=0.00s Sys=0.00s Real=0.00s
[2025-06-28T00:21:20.847+0200][14.895s] Attempting full compaction
[2025-06-28T00:21:20.847+0200][14.895s] GC(433) Pause Full (G1 Compaction Pause)
[2025-06-28T00:21:20.847+0200][14.895s] GC(433) Using 2 workers of 10 for full compaction
[2025-06-28T00:21:20.847+0200][14.895s] GC(433) Phase 1: Mark live objects
[2025-06-28T00:21:20.868+0200][14.916s] GC(433) Phase 1: Mark live objects 20.871ms
[2025-06-28T00:21:20.868+0200][14.916s] GC(433) Phase 2: Prepare compaction
[2025-06-28T00:21:20.868+0200][14.916s] GC(433) Phase 2: Prepare compaction 0.528ms
[2025-06-28T00:21:20.868+0200][14.917s] GC(433) Phase 3: Adjust pointers
[2025-06-28T00:21:20.881+0200][14.929s] GC(433) Phase 3: Adjust pointers 12.301ms
[2025-06-28T00:21:20.881+0200][14.929s] GC(433) Phase 4: Compact heap
[2025-06-28T00:21:20.881+0200][14.929s] GC(433) Phase 4: Compact heap 0.467ms
[2025-06-28T00:21:20.881+0200][14.929s] GC(433) Phase 5: Reset Metadata
[2025-06-28T00:21:20.884+0200][14.933s] GC(433) Phase 5: Reset Metadata 3.263ms
[2025-06-28T00:21:20.888+0200][14.936s] GC(433) Eden regions: 0->0(1)
[2025-06-28T00:21:20.888+0200][14.936s] GC(433) Survivor regions: 1->0(1)
[2025-06-28T00:21:20.888+0200][14.936s] GC(433) Old regions: 19->19
[2025-06-28T00:21:20.888+0200][14.936s] GC(433) Humongous regions: 0->0
[2025-06-28T00:21:20.888+0200][14.936s] GC(433) Metaspace: 58424K(59008K)->58424K(59008K) NonClass: 50539K(50880K)->50539K(50880K) Class: 7885K(8128K)->7885K(8128K)
[2025-06-28T00:21:20.888+0200][14.936s] GC(433) Pause Full (G1 Compaction Pause) 18M->18M(22M) 41.411ms
[2025-06-28T00:21:20.888+0200][14.936s] GC(433) User=0.08s Sys=0.00s Real=0.04s
[2025-06-28T00:21:20.907+0200][14.955s] GC(434) Pause Young (Concurrent Start) (G1 Evacuation Pause)
[2025-06-28T00:21:20.907+0200][14.955s] GC(434) Using 2 workers of 10 for evacuation
[2025-06-28T00:21:20.909+0200][14.957s] GC(434)   Pre Evacuate Collection Set: 0.2ms
[2025-06-28T00:21:20.910+0200][14.958s] GC(434)   Merge Heap Roots: 0.1ms
[2025-06-28T00:21:20.910+0200][14.958s] GC(434)   Evacuate Collection Set: 1.1ms
[2025-06-28T00:21:20.910+0200][14.958s] GC(434)   Post Evacuate Collection Set: 0.6ms
[2025-06-28T00:21:20.910+0200][14.958s] GC(434)   Other: 0.2ms
[2025-06-28T00:21:20.910+0200][14.958s] GC(434) Eden regions: 1->0(0)
[2025-06-28T00:21:20.910+0200][14.958s] GC(434) Survivor regions: 0->1(1)
[2025-06-28T00:21:20.910+0200][14.958s] GC(434) Old regions: 19->19
[2025-06-28T00:21:20.910+0200][14.958s] GC(434) Humongous regions: 0->0
[2025-06-28T00:21:20.910+0200][14.958s] GC(434) Metaspace: 58473K(59008K)->58473K(59008K) NonClass: 50578K(50880K)->50578K(50880K) Class: 7894K(8128K)->7894K(8128K)
[2025-06-28T00:21:20.910+0200][14.958s] GC(434) Pause Young (Concurrent Start) (G1 Evacuation Pause) 19M->18M(22M) 2.803ms
[2025-06-28T00:21:20.910+0200][14.958s] GC(435) Concurrent Mark Cycle
[2025-06-28T00:21:20.910+0200][14.958s] GC(434) User=0.00s Sys=0.00s Real=0.00s
[2025-06-28T00:21:20.910+0200][14.958s] GC(435) Concurrent Scan Root Regions
[2025-06-28T00:21:20.910+0200][14.958s] Attempting full compaction
[2025-06-28T00:21:20.910+0200][14.958s] GC(436) Pause Full (G1 Compaction Pause)
[2025-06-28T00:21:20.910+0200][14.958s] GC(436) Using 2 workers of 10 for full compaction
[2025-06-28T00:21:20.911+0200][14.959s] GC(435) Concurrent Scan Root Regions 1.086ms
[2025-06-28T00:21:20.911+0200][14.959s] GC(435) Concurrent Mark
[2025-06-28T00:21:20.911+0200][14.959s] GC(435) Concurrent Mark From Roots
[2025-06-28T00:21:20.911+0200][14.959s] GC(435) Using 3 workers of 3 for marking
[2025-06-28T00:21:20.911+0200][14.959s] GC(436) Phase 1: Mark live objects
[2025-06-28T00:21:20.932+0200][14.980s] GC(436) Phase 1: Mark live objects 21.165ms
[2025-06-28T00:21:20.932+0200][14.980s] GC(436) Phase 2: Prepare compaction
[2025-06-28T00:21:20.933+0200][14.981s] GC(436) Phase 2: Prepare compaction 0.618ms
[2025-06-28T00:21:20.933+0200][14.981s] GC(436) Phase 3: Adjust pointers
[2025-06-28T00:21:20.943+0200][14.991s] GC(436) Phase 3: Adjust pointers 9.712ms
[2025-06-28T00:21:20.943+0200][14.991s] GC(436) Phase 4: Compact heap
[2025-06-28T00:21:20.944+0200][14.992s] GC(436) Phase 4: Compact heap 0.786ms
[2025-06-28T00:21:20.944+0200][14.992s] GC(436) Phase 5: Reset Metadata
[2025-06-28T00:21:20.947+0200][14.995s] GC(436) Phase 5: Reset Metadata 3.173ms
[2025-06-28T00:21:20.952+0200][15.001s] GC(436) Eden regions: 0->0(1)
[2025-06-28T00:21:20.953+0200][15.001s] GC(436) Survivor regions: 1->0(1)
[2025-06-28T00:21:20.953+0200][15.001s] GC(436) Old regions: 19->19
[2025-06-28T00:21:20.953+0200][15.001s] GC(436) Humongous regions: 0->0
[2025-06-28T00:21:20.953+0200][15.001s] GC(436) Metaspace: 58473K(59008K)->58473K(59008K) NonClass: 50578K(50880K)->50578K(50880K) Class: 7894K(8128K)->7894K(8128K)
[2025-06-28T00:21:20.953+0200][15.001s] GC(436) Pause Full (G1 Compaction Pause) 18M->18M(22M) 42.769ms
[2025-06-28T00:21:20.953+0200][15.001s] GC(436) User=0.08s Sys=0.00s Real=0.04s
[2025-06-28T00:21:20.953+0200][15.001s] GC(435) Concurrent Mark From Roots 41.996ms
[2025-06-28T00:21:20.953+0200][15.001s] GC(435) Concurrent Mark Abort
[2025-06-28T00:21:20.953+0200][15.001s] GC(435) Concurrent Mark Cycle 43.348ms
[2025-06-28T00:21:20.971+0200][15.019s] GC(437) Pause Young (Normal) (G1 Evacuation Pause)
[2025-06-28T00:21:20.971+0200][15.019s] GC(437) Using 2 workers of 10 for evacuation
[2025-06-28T00:21:20.972+0200][15.021s] GC(437)   Pre Evacuate Collection Set: 0.2ms
[2025-06-28T00:21:20.972+0200][15.021s] GC(437)   Merge Heap Roots: 0.1ms
[2025-06-28T00:21:20.972+0200][15.021s] GC(437)   Evacuate Collection Set: 0.7ms
[2025-06-28T00:21:20.972+0200][15.021s] GC(437)   Post Evacuate Collection Set: 0.5ms
[2025-06-28T00:21:20.972+0200][15.021s] GC(437)   Other: 0.1ms
[2025-06-28T00:21:20.972+0200][15.021s] GC(437) Eden regions: 1->0(0)
[2025-06-28T00:21:20.972+0200][15.021s] GC(437) Survivor regions: 0->1(1)
[2025-06-28T00:21:20.972+0200][15.021s] GC(437) Old regions: 19->19
[2025-06-28T00:21:20.972+0200][15.021s] GC(437) Humongous regions: 0->0
[2025-06-28T00:21:20.972+0200][15.021s] GC(437) Metaspace: 58585K(59136K)->58585K(59136K) NonClass: 50673K(51008K)->50673K(51008K) Class: 7912K(8128K)->7912K(8128K)
[2025-06-28T00:21:20.972+0200][15.021s] GC(437) Pause Young (Normal) (G1 Evacuation Pause) 19M->18M(22M) 1.912ms
[2025-06-28T00:21:20.972+0200][15.021s] GC(437) User=0.00s Sys=0.00s Real=0.00s
[2025-06-28T00:21:20.972+0200][15.021s] Attempting full compaction
[2025-06-28T00:21:20.972+0200][15.021s] GC(438) Pause Full (G1 Compaction Pause)
[2025-06-28T00:21:20.973+0200][15.021s] GC(438) Using 2 workers of 10 for full compaction
[2025-06-28T00:21:20.973+0200][15.021s] GC(438) Phase 1: Mark live objects
[2025-06-28T00:21:20.994+0200][15.043s] GC(438) Phase 1: Mark live objects 21.802ms
[2025-06-28T00:21:20.994+0200][15.043s] GC(438) Phase 2: Prepare compaction
[2025-06-28T00:21:20.995+0200][15.043s] GC(438) Phase 2: Prepare compaction 0.597ms
[2025-06-28T00:21:20.995+0200][15.043s] GC(438) Phase 3: Adjust pointers
[2025-06-28T00:21:21.005+0200][15.053s] GC(438) Phase 3: Adjust pointers 9.705ms
[2025-06-28T00:21:21.005+0200][15.053s] GC(438) Phase 4: Compact heap
[2025-06-28T00:21:21.005+0200][15.054s] GC(438) Phase 4: Compact heap 0.629ms
[2025-06-28T00:21:21.005+0200][15.054s] GC(438) Phase 5: Reset Metadata
[2025-06-28T00:21:21.009+0200][15.058s] GC(438) Phase 5: Reset Metadata 3.784ms
[2025-06-28T00:21:21.013+0200][15.062s] GC(438) Eden regions: 0->0(1)
[2025-06-28T00:21:21.013+0200][15.062s] GC(438) Survivor regions: 1->0(1)
[2025-06-28T00:21:21.013+0200][15.062s] GC(438) Old regions: 19->19
[2025-06-28T00:21:21.013+0200][15.062s] GC(438) Humongous regions: 0->0
[2025-06-28T00:21:21.013+0200][15.062s] GC(438) Metaspace: 58585K(59136K)->58585K(59136K) NonClass: 50673K(51008K)->50673K(51008K) Class: 7912K(8128K)->7912K(8128K)
[2025-06-28T00:21:21.013+0200][15.062s] GC(438) Pause Full (G1 Compaction Pause) 18M->18M(22M) 40.946ms
[2025-06-28T00:21:21.013+0200][15.062s] GC(438) User=0.03s Sys=0.03s Real=0.04s
[2025-06-28T00:21:21.044+0200][15.092s] GC(439) Pause Young (Concurrent Start) (G1 Evacuation Pause)
[2025-06-28T00:21:21.044+0200][15.092s] GC(439) Using 2 workers of 10 for evacuation
[2025-06-28T00:21:21.045+0200][15.094s] GC(439)   Pre Evacuate Collection Set: 0.1ms
[2025-06-28T00:21:21.045+0200][15.094s] GC(439)   Merge Heap Roots: 0.1ms
[2025-06-28T00:21:21.045+0200][15.094s] GC(439)   Evacuate Collection Set: 0.9ms
[2025-06-28T00:21:21.045+0200][15.094s] GC(439)   Post Evacuate Collection Set: 0.6ms
[2025-06-28T00:21:21.045+0200][15.094s] GC(439)   Other: 0.1ms
[2025-06-28T00:21:21.045+0200][15.094s] GC(439) Eden regions: 1->0(0)
[2025-06-28T00:21:21.045+0200][15.094s] GC(439) Survivor regions: 0->1(1)
[2025-06-28T00:21:21.045+0200][15.094s] GC(439) Old regions: 19->19
[2025-06-28T00:21:21.045+0200][15.094s] GC(439) Humongous regions: 0->0
[2025-06-28T00:21:21.045+0200][15.094s] GC(439) Metaspace: 58705K(59264K)->58705K(59264K) NonClass: 50769K(51072K)->50769K(51072K) Class: 7935K(8192K)->7935K(8192K)
[2025-06-28T00:21:21.045+0200][15.094s] GC(439) Pause Young (Concurrent Start) (G1 Evacuation Pause) 19M->18M(22M) 2.219ms
[2025-06-28T00:21:21.046+0200][15.094s] GC(439) User=0.00s Sys=0.00s Real=0.00s
[2025-06-28T00:21:21.046+0200][15.094s] Attempting full compaction
[2025-06-28T00:21:21.046+0200][15.094s] GC(440) Pause Full (G1 Compaction Pause)
[2025-06-28T00:21:21.046+0200][15.094s] GC(441) Concurrent Mark Cycle
[2025-06-28T00:21:21.046+0200][15.094s] GC(440) Using 2 workers of 10 for full compaction
[2025-06-28T00:21:21.046+0200][15.094s] GC(441) Concurrent Scan Root Regions
[2025-06-28T00:21:21.046+0200][15.094s] GC(441) Concurrent Scan Root Regions 0.209ms
[2025-06-28T00:21:21.046+0200][15.094s] GC(441) Concurrent Mark
[2025-06-28T00:21:21.046+0200][15.094s] GC(441) Concurrent Mark From Roots
[2025-06-28T00:21:21.046+0200][15.094s] GC(441) Using 3 workers of 3 for marking
[2025-06-28T00:21:21.046+0200][15.095s] GC(440) Phase 1: Mark live objects
[2025-06-28T00:21:21.067+0200][15.115s] GC(440) Phase 1: Mark live objects 20.618ms
[2025-06-28T00:21:21.067+0200][15.115s] GC(440) Phase 2: Prepare compaction
[2025-06-28T00:21:21.067+0200][15.116s] GC(440) Phase 2: Prepare compaction 0.561ms
[2025-06-28T00:21:21.067+0200][15.116s] GC(440) Phase 3: Adjust pointers
[2025-06-28T00:21:21.077+0200][15.125s] GC(440) Phase 3: Adjust pointers 8.894ms
[2025-06-28T00:21:21.077+0200][15.125s] GC(440) Phase 4: Compact heap
[2025-06-28T00:21:21.078+0200][15.126s] GC(440) Phase 4: Compact heap 0.646ms
[2025-06-28T00:21:21.078+0200][15.126s] GC(440) Phase 5: Reset Metadata
[2025-06-28T00:21:21.082+0200][15.130s] GC(440) Phase 5: Reset Metadata 3.903ms
[2025-06-28T00:21:21.085+0200][15.133s] GC(440) Eden regions: 0->0(1)
[2025-06-28T00:21:21.085+0200][15.133s] GC(440) Survivor regions: 1->0(1)
[2025-06-28T00:21:21.085+0200][15.133s] GC(440) Old regions: 19->19
[2025-06-28T00:21:21.085+0200][15.133s] GC(440) Humongous regions: 0->0
[2025-06-28T00:21:21.085+0200][15.133s] GC(440) Metaspace: 58705K(59264K)->58705K(59264K) NonClass: 50769K(51072K)->50769K(51072K) Class: 7935K(8192K)->7935K(8192K)
[2025-06-28T00:21:21.085+0200][15.133s] GC(440) Pause Full (G1 Compaction Pause) 18M->18M(22M) 38.903ms
[2025-06-28T00:21:21.085+0200][15.133s] GC(440) User=0.05s Sys=0.00s Real=0.04s
[2025-06-28T00:21:21.086+0200][15.133s] GC(441) Concurrent Mark From Roots 38.747ms
[2025-06-28T00:21:21.086+0200][15.133s] GC(441) Concurrent Mark Abort
[2025-06-28T00:21:21.086+0200][15.133s] GC(441) Concurrent Mark Cycle 39.111ms
[2025-06-28T00:21:21.118+0200][15.166s] GC(442) Pause Young (Normal) (G1 Evacuation Pause)
[2025-06-28T00:21:21.118+0200][15.166s] GC(442) Using 2 workers of 10 for evacuation
[2025-06-28T00:21:21.119+0200][15.168s] GC(442)   Pre Evacuate Collection Set: 0.2ms
[2025-06-28T00:21:21.119+0200][15.168s] GC(442)   Merge Heap Roots: 0.1ms
[2025-06-28T00:21:21.119+0200][15.168s] GC(442)   Evacuate Collection Set: 0.6ms
[2025-06-28T00:21:21.119+0200][15.168s] GC(442)   Post Evacuate Collection Set: 0.5ms
[2025-06-28T00:21:21.119+0200][15.168s] GC(442)   Other: 0.1ms
[2025-06-28T00:21:21.119+0200][15.168s] GC(442) Eden regions: 1->0(0)
[2025-06-28T00:21:21.119+0200][15.168s] GC(442) Survivor regions: 0->1(1)
[2025-06-28T00:21:21.119+0200][15.168s] GC(442) Old regions: 19->19
[2025-06-28T00:21:21.119+0200][15.168s] GC(442) Humongous regions: 0->0
[2025-06-28T00:21:21.119+0200][15.168s] GC(442) Metaspace: 58821K(59392K)->58821K(59392K) NonClass: 50867K(51200K)->50867K(51200K) Class: 7954K(8192K)->7954K(8192K)
[2025-06-28T00:21:21.119+0200][15.168s] GC(442) Pause Young (Normal) (G1 Evacuation Pause) 19M->18M(22M) 1.698ms
[2025-06-28T00:21:21.120+0200][15.168s] GC(442) User=0.00s Sys=0.00s Real=0.00s
[2025-06-28T00:21:21.120+0200][15.168s] Attempting full compaction
[2025-06-28T00:21:21.120+0200][15.168s] GC(443) Pause Full (G1 Compaction Pause)
[2025-06-28T00:21:21.120+0200][15.168s] GC(443) Using 2 workers of 10 for full compaction
[2025-06-28T00:21:21.120+0200][15.168s] GC(443) Phase 1: Mark live objects
[2025-06-28T00:21:21.141+0200][15.189s] GC(443) Phase 1: Mark live objects 20.950ms
[2025-06-28T00:21:21.141+0200][15.189s] GC(443) Phase 2: Prepare compaction
[2025-06-28T00:21:21.142+0200][15.190s] GC(443) Phase 2: Prepare compaction 0.810ms
[2025-06-28T00:21:21.142+0200][15.190s] GC(443) Phase 3: Adjust pointers
[2025-06-28T00:21:21.152+0200][15.200s] GC(443) Phase 3: Adjust pointers 10.212ms
[2025-06-28T00:21:21.152+0200][15.200s] GC(443) Phase 4: Compact heap
[2025-06-28T00:21:21.153+0200][15.201s] GC(443) Phase 4: Compact heap 0.667ms
[2025-06-28T00:21:21.153+0200][15.201s] GC(443) Phase 5: Reset Metadata
[2025-06-28T00:21:21.156+0200][15.204s] GC(443) Phase 5: Reset Metadata 3.180ms
[2025-06-28T00:21:21.160+0200][15.208s] GC(443) Eden regions: 0->0(1)
[2025-06-28T00:21:21.160+0200][15.208s] GC(443) Survivor regions: 1->0(1)
[2025-06-28T00:21:21.160+0200][15.208s] GC(443) Old regions: 19->19
[2025-06-28T00:21:21.160+0200][15.208s] GC(443) Humongous regions: 0->0
[2025-06-28T00:21:21.160+0200][15.208s] GC(443) Metaspace: 58821K(59392K)->58821K(59392K) NonClass: 50867K(51200K)->50867K(51200K) Class: 7954K(8192K)->7954K(8192K)
[2025-06-28T00:21:21.160+0200][15.208s] GC(443) Pause Full (G1 Compaction Pause) 18M->18M(22M) 40.393ms
[2025-06-28T00:21:21.160+0200][15.208s] GC(443) User=0.08s Sys=0.00s Real=0.04s
[2025-06-28T00:21:21.192+0200][15.240s] GC(444) Pause Young (Concurrent Start) (G1 Evacuation Pause)
[2025-06-28T00:21:21.192+0200][15.240s] GC(444) Using 2 workers of 10 for evacuation
[2025-06-28T00:21:21.194+0200][15.242s] GC(444)   Pre Evacuate Collection Set: 0.3ms
[2025-06-28T00:21:21.194+0200][15.242s] GC(444)   Merge Heap Roots: 0.1ms
[2025-06-28T00:21:21.194+0200][15.242s] GC(444)   Evacuate Collection Set: 1.0ms
[2025-06-28T00:21:21.194+0200][15.242s] GC(444)   Post Evacuate Collection Set: 0.5ms
[2025-06-28T00:21:21.194+0200][15.242s] GC(444)   Other: 0.1ms
[2025-06-28T00:21:21.194+0200][15.243s] GC(444) Eden regions: 1->0(0)
[2025-06-28T00:21:21.194+0200][15.243s] GC(444) Survivor regions: 0->1(1)
[2025-06-28T00:21:21.194+0200][15.243s] GC(444) Old regions: 19->19
[2025-06-28T00:21:21.194+0200][15.243s] GC(444) Humongous regions: 0->0
[2025-06-28T00:21:21.194+0200][15.243s] GC(444) Metaspace: 59011K(59584K)->59011K(59584K) NonClass: 51040K(51392K)->51040K(51392K) Class: 7971K(8192K)->7971K(8192K)
[2025-06-28T00:21:21.194+0200][15.243s] GC(444) Pause Young (Concurrent Start) (G1 Evacuation Pause) 19M->18M(22M) 2.368ms
[2025-06-28T00:21:21.194+0200][15.243s] GC(444) User=0.00s Sys=0.00s Real=0.00s
[2025-06-28T00:21:21.194+0200][15.243s] GC(445) Concurrent Mark Cycle
[2025-06-28T00:21:21.194+0200][15.243s] Attempting full compaction
[2025-06-28T00:21:21.194+0200][15.243s] GC(445) Concurrent Scan Root Regions
[2025-06-28T00:21:21.194+0200][15.243s] GC(446) Pause Full (G1 Compaction Pause)
[2025-06-28T00:21:21.194+0200][15.243s] GC(446) Using 2 workers of 10 for full compaction
[2025-06-28T00:21:21.195+0200][15.244s] GC(445) Concurrent Scan Root Regions 1.037ms
[2025-06-28T00:21:21.195+0200][15.244s] GC(445) Concurrent Mark
[2025-06-28T00:21:21.195+0200][15.244s] GC(445) Concurrent Mark From Roots
[2025-06-28T00:21:21.195+0200][15.244s] GC(445) Using 3 workers of 3 for marking
[2025-06-28T00:21:21.195+0200][15.244s] GC(446) Phase 1: Mark live objects
[2025-06-28T00:21:21.221+0200][15.270s] GC(446) Phase 1: Mark live objects 26.056ms
[2025-06-28T00:21:21.228+0200][15.277s] GC(446) Phase 2: Prepare compaction
[2025-06-28T00:21:21.229+0200][15.278s] GC(446) Phase 2: Prepare compaction 0.679ms
[2025-06-28T00:21:21.229+0200][15.278s] GC(446) Phase 3: Adjust pointers
[2025-06-28T00:21:21.240+0200][15.288s] GC(446) Phase 3: Adjust pointers 10.333ms
[2025-06-28T00:21:21.241+0200][15.288s] GC(446) Phase 4: Compact heap
[2025-06-28T00:21:21.241+0200][15.289s] GC(446) Phase 4: Compact heap 0.642ms
[2025-06-28T00:21:21.241+0200][15.289s] GC(446) Phase 5: Reset Metadata
[2025-06-28T00:21:21.245+0200][15.293s] GC(446) Phase 5: Reset Metadata 3.697ms
[2025-06-28T00:21:21.249+0200][15.296s] GC(446) Eden regions: 0->0(1)
[2025-06-28T00:21:21.249+0200][15.296s] GC(446) Survivor regions: 1->0(1)
[2025-06-28T00:21:21.249+0200][15.296s] GC(446) Old regions: 19->20
[2025-06-28T00:21:21.249+0200][15.296s] GC(446) Humongous regions: 0->0
[2025-06-28T00:21:21.249+0200][15.296s] GC(446) Metaspace: 59011K(59584K)->59011K(59584K) NonClass: 51040K(51392K)->51040K(51392K) Class: 7971K(8192K)->7971K(8192K)
[2025-06-28T00:21:21.249+0200][15.296s] GC(446) Pause Full (G1 Compaction Pause) 18M->18M(22M) 53.634ms
[2025-06-28T00:21:21.249+0200][15.296s] GC(446) User=0.14s Sys=0.00s Real=0.06s
[2025-06-28T00:21:21.249+0200][15.297s] GC(445) Concurrent Mark From Roots 52.825ms
[2025-06-28T00:21:21.249+0200][15.297s] GC(445) Concurrent Mark Abort
[2025-06-28T00:21:21.249+0200][15.297s] GC(445) Concurrent Mark Cycle 54.016ms
[2025-06-28T00:21:21.286+0200][15.334s] GC(447) Pause Young (Normal) (G1 Evacuation Pause)
[2025-06-28T00:21:21.286+0200][15.334s] GC(447) Using 2 workers of 10 for evacuation
[2025-06-28T00:21:21.287+0200][15.336s] GC(447)   Pre Evacuate Collection Set: 0.3ms
[2025-06-28T00:21:21.287+0200][15.336s] GC(447)   Merge Heap Roots: 0.1ms
[2025-06-28T00:21:21.287+0200][15.336s] GC(447)   Evacuate Collection Set: 0.7ms
[2025-06-28T00:21:21.287+0200][15.336s] GC(447)   Post Evacuate Collection Set: 0.6ms
[2025-06-28T00:21:21.287+0200][15.336s] GC(447)   Other: 0.1ms
[2025-06-28T00:21:21.287+0200][15.336s] GC(447) Eden regions: 1->0(0)
[2025-06-28T00:21:21.287+0200][15.336s] GC(447) Survivor regions: 0->1(1)
[2025-06-28T00:21:21.287+0200][15.336s] GC(447) Old regions: 20->20
[2025-06-28T00:21:21.287+0200][15.336s] GC(447) Humongous regions: 0->0
[2025-06-28T00:21:21.287+0200][15.336s] GC(447) Metaspace: 59362K(59904K)->59362K(59904K) NonClass: 51345K(51648K)->51345K(51648K) Class: 8017K(8256K)->8017K(8256K)
[2025-06-28T00:21:21.287+0200][15.336s] GC(447) Pause Young (Normal) (G1 Evacuation Pause) 19M->19M(22M) 2.182ms
[2025-06-28T00:21:21.287+0200][15.336s] GC(447) User=0.00s Sys=0.00s Real=0.00s
[2025-06-28T00:21:21.287+0200][15.336s] Attempting full compaction
[2025-06-28T00:21:21.289+0200][15.336s] GC(448) Pause Full (G1 Compaction Pause)
[2025-06-28T00:21:21.289+0200][15.336s] GC(448) Using 2 workers of 10 for full compaction
[2025-06-28T00:21:21.289+0200][15.336s] GC(448) Phase 1: Mark live objects
[2025-06-28T00:21:21.315+0200][15.363s] GC(448) Phase 1: Mark live objects 26.997ms
[2025-06-28T00:21:21.315+0200][15.363s] GC(448) Phase 2: Prepare compaction
[2025-06-28T00:21:21.316+0200][15.364s] GC(448) Phase 2: Prepare compaction 0.625ms
[2025-06-28T00:21:21.316+0200][15.364s] GC(448) Phase 3: Adjust pointers
[2025-06-28T00:21:21.326+0200][15.374s] GC(448) Phase 3: Adjust pointers 10.363ms
[2025-06-28T00:21:21.326+0200][15.374s] GC(448) Phase 4: Compact heap
[2025-06-28T00:21:21.327+0200][15.375s] GC(448) Phase 4: Compact heap 0.757ms
[2025-06-28T00:21:21.327+0200][15.375s] GC(448) Phase 5: Reset Metadata
[2025-06-28T00:21:21.331+0200][15.379s] GC(448) Phase 5: Reset Metadata 3.695ms
[2025-06-28T00:21:21.335+0200][15.383s] GC(448) Eden regions: 0->0(1)
[2025-06-28T00:21:21.335+0200][15.383s] GC(448) Survivor regions: 1->0(1)
[2025-06-28T00:21:21.335+0200][15.383s] GC(448) Old regions: 20->19
[2025-06-28T00:21:21.335+0200][15.383s] GC(448) Humongous regions: 0->0
[2025-06-28T00:21:21.335+0200][15.383s] GC(448) Metaspace: 59362K(59904K)->59315K(59904K) NonClass: 51345K(51648K)->51311K(51648K) Class: 8017K(8256K)->8003K(8256K)
[2025-06-28T00:21:21.335+0200][15.383s] GC(448) Pause Full (G1 Compaction Pause) 19M->18M(22M) 47.282ms
[2025-06-28T00:21:21.335+0200][15.383s] GC(448) User=0.09s Sys=0.00s Real=0.05s
[2025-06-28T00:21:21.372+0200][15.421s] GC(449) Pause Young (Concurrent Start) (G1 Evacuation Pause)
[2025-06-28T00:21:21.372+0200][15.421s] GC(449) Using 2 workers of 10 for evacuation
[2025-06-28T00:21:21.374+0200][15.423s] GC(449)   Pre Evacuate Collection Set: 0.2ms
[2025-06-28T00:21:21.374+0200][15.423s] GC(449)   Merge Heap Roots: 0.1ms
[2025-06-28T00:21:21.374+0200][15.423s] GC(449)   Evacuate Collection Set: 0.8ms
[2025-06-28T00:21:21.374+0200][15.423s] GC(449)   Post Evacuate Collection Set: 0.4ms
[2025-06-28T00:21:21.374+0200][15.423s] GC(449)   Other: 0.2ms
[2025-06-28T00:21:21.374+0200][15.423s] GC(449) Eden regions: 1->0(0)
[2025-06-28T00:21:21.374+0200][15.423s] GC(449) Survivor regions: 0->1(1)
[2025-06-28T00:21:21.374+0200][15.423s] GC(449) Old regions: 19->19
[2025-06-28T00:21:21.374+0200][15.423s] GC(449) Humongous regions: 0->0
[2025-06-28T00:21:21.374+0200][15.423s] GC(449) Metaspace: 59532K(60032K)->59532K(60032K) NonClass: 51485K(51776K)->51485K(51776K) Class: 8047K(8256K)->8047K(8256K)
[2025-06-28T00:21:21.374+0200][15.423s] GC(449) Pause Young (Concurrent Start) (G1 Evacuation Pause) 19M->18M(22M) 2.307ms
[2025-06-28T00:21:21.375+0200][15.423s] GC(449) User=0.00s Sys=0.00s Real=0.00s
[2025-06-28T00:21:21.375+0200][15.423s] GC(450) Concurrent Mark Cycle
[2025-06-28T00:21:21.375+0200][15.423s] Attempting full compaction
[2025-06-28T00:21:21.375+0200][15.423s] GC(450) Concurrent Scan Root Regions
[2025-06-28T00:21:21.375+0200][15.423s] GC(451) Pause Full (G1 Compaction Pause)
[2025-06-28T00:21:21.375+0200][15.423s] GC(451) Using 2 workers of 10 for full compaction
[2025-06-28T00:21:21.377+0200][15.424s] GC(450) Concurrent Scan Root Regions 1.151ms
[2025-06-28T00:21:21.377+0200][15.424s] GC(450) Concurrent Mark
[2025-06-28T00:21:21.377+0200][15.424s] GC(450) Concurrent Mark From Roots
[2025-06-28T00:21:21.377+0200][15.424s] GC(450) Using 3 workers of 3 for marking
[2025-06-28T00:21:21.377+0200][15.425s] GC(451) Phase 1: Mark live objects
[2025-06-28T00:21:21.405+0200][15.454s] GC(451) Phase 1: Mark live objects 29.254ms
[2025-06-28T00:21:21.405+0200][15.454s] GC(451) Phase 2: Prepare compaction
[2025-06-28T00:21:21.406+0200][15.455s] GC(451) Phase 2: Prepare compaction 0.927ms
[2025-06-28T00:21:21.406+0200][15.455s] GC(451) Phase 3: Adjust pointers
[2025-06-28T00:21:21.417+0200][15.466s] GC(451) Phase 3: Adjust pointers 10.605ms
[2025-06-28T00:21:21.417+0200][15.466s] GC(451) Phase 4: Compact heap
[2025-06-28T00:21:21.418+0200][15.466s] GC(451) Phase 4: Compact heap 0.663ms
[2025-06-28T00:21:21.418+0200][15.466s] GC(451) Phase 5: Reset Metadata
[2025-06-28T00:21:21.421+0200][15.470s] GC(451) Phase 5: Reset Metadata 3.548ms
[2025-06-28T00:21:21.428+0200][15.476s] GC(451) Eden regions: 0->0(1)
[2025-06-28T00:21:21.428+0200][15.476s] GC(451) Survivor regions: 1->0(1)
[2025-06-28T00:21:21.428+0200][15.476s] GC(451) Old regions: 19->19
[2025-06-28T00:21:21.428+0200][15.476s] GC(451) Humongous regions: 0->0
[2025-06-28T00:21:21.428+0200][15.476s] GC(451) Metaspace: 59532K(60032K)->59532K(60032K) NonClass: 51485K(51776K)->51485K(51776K) Class: 8047K(8256K)->8047K(8256K)
[2025-06-28T00:21:21.428+0200][15.476s] GC(451) Pause Full (G1 Compaction Pause) 18M->18M(22M) 52.905ms
[2025-06-28T00:21:21.428+0200][15.476s] GC(451) User=0.09s Sys=0.00s Real=0.05s
[2025-06-28T00:21:21.429+0200][15.476s] GC(450) Concurrent Mark From Roots 51.994ms
[2025-06-28T00:21:21.429+0200][15.476s] GC(450) Concurrent Mark Abort
[2025-06-28T00:21:21.429+0200][15.476s] GC(450) Concurrent Mark Cycle 53.400ms
[2025-06-28T00:21:21.457+0200][15.505s] GC(452) Pause Young (Normal) (G1 Evacuation Pause)
[2025-06-28T00:21:21.457+0200][15.505s] GC(452) Using 2 workers of 10 for evacuation
[2025-06-28T00:21:21.459+0200][15.507s] GC(452)   Pre Evacuate Collection Set: 0.2ms
[2025-06-28T00:21:21.459+0200][15.507s] GC(452)   Merge Heap Roots: 0.2ms
[2025-06-28T00:21:21.459+0200][15.507s] GC(452)   Evacuate Collection Set: 1.1ms
[2025-06-28T00:21:21.459+0200][15.507s] GC(452)   Post Evacuate Collection Set: 0.7ms
[2025-06-28T00:21:21.459+0200][15.507s] GC(452)   Other: 0.1ms
[2025-06-28T00:21:21.459+0200][15.507s] GC(452) Eden regions: 1->0(0)
[2025-06-28T00:21:21.459+0200][15.507s] GC(452) Survivor regions: 0->1(1)
[2025-06-28T00:21:21.459+0200][15.507s] GC(452) Old regions: 19->19
[2025-06-28T00:21:21.459+0200][15.507s] GC(452) Humongous regions: 0->0
[2025-06-28T00:21:21.459+0200][15.507s] GC(452) Metaspace: 59626K(60160K)->59626K(60160K) NonClass: 51563K(51840K)->51563K(51840K) Class: 8062K(8320K)->8062K(8320K)
[2025-06-28T00:21:21.459+0200][15.507s] GC(452) Pause Young (Normal) (G1 Evacuation Pause) 19M->18M(22M) 2.761ms
[2025-06-28T00:21:21.459+0200][15.507s] GC(452) User=0.00s Sys=0.00s Real=0.00s
[2025-06-28T00:21:21.459+0200][15.507s] Attempting full compaction
[2025-06-28T00:21:21.459+0200][15.507s] GC(453) Pause Full (G1 Compaction Pause)
[2025-06-28T00:21:21.459+0200][15.507s] GC(453) Using 2 workers of 10 for full compaction
[2025-06-28T00:21:21.460+0200][15.508s] GC(453) Phase 1: Mark live objects
[2025-06-28T00:21:21.481+0200][15.529s] GC(453) Phase 1: Mark live objects 20.839ms
[2025-06-28T00:21:21.481+0200][15.529s] GC(453) Phase 2: Prepare compaction
[2025-06-28T00:21:21.481+0200][15.529s] GC(453) Phase 2: Prepare compaction 0.606ms
[2025-06-28T00:21:21.481+0200][15.529s] GC(453) Phase 3: Adjust pointers
[2025-06-28T00:21:21.492+0200][15.540s] GC(453) Phase 3: Adjust pointers 10.357ms
[2025-06-28T00:21:21.492+0200][15.540s] GC(453) Phase 4: Compact heap
[2025-06-28T00:21:21.493+0200][15.540s] GC(453) Phase 4: Compact heap 0.754ms
[2025-06-28T00:21:21.493+0200][15.541s] GC(453) Phase 5: Reset Metadata
[2025-06-28T00:21:21.497+0200][15.544s] GC(453) Phase 5: Reset Metadata 3.937ms
[2025-06-28T00:21:21.500+0200][15.548s] GC(453) Eden regions: 0->0(1)
[2025-06-28T00:21:21.500+0200][15.548s] GC(453) Survivor regions: 1->0(1)
[2025-06-28T00:21:21.500+0200][15.548s] GC(453) Old regions: 19->19
[2025-06-28T00:21:21.500+0200][15.548s] GC(453) Humongous regions: 0->0
[2025-06-28T00:21:21.500+0200][15.548s] GC(453) Metaspace: 59626K(60160K)->59626K(60160K) NonClass: 51563K(51840K)->51563K(51840K) Class: 8062K(8320K)->8062K(8320K)
[2025-06-28T00:21:21.500+0200][15.548s] GC(453) Pause Full (G1 Compaction Pause) 18M->18M(22M) 40.510ms
[2025-06-28T00:21:21.500+0200][15.548s] GC(453) User=0.09s Sys=0.00s Real=0.04s
[2025-06-28T00:21:21.522+0200][15.570s] GC(454) Pause Young (Concurrent Start) (G1 Evacuation Pause)
[2025-06-28T00:21:21.522+0200][15.570s] GC(454) Using 2 workers of 10 for evacuation
[2025-06-28T00:21:21.525+0200][15.573s] GC(454)   Pre Evacuate Collection Set: 0.3ms
[2025-06-28T00:21:21.525+0200][15.573s] GC(454)   Merge Heap Roots: 0.1ms
[2025-06-28T00:21:21.525+0200][15.573s] GC(454)   Evacuate Collection Set: 1.1ms
[2025-06-28T00:21:21.525+0200][15.573s] GC(454)   Post Evacuate Collection Set: 0.9ms
[2025-06-28T00:21:21.525+0200][15.573s] GC(454)   Other: 0.3ms
[2025-06-28T00:21:21.525+0200][15.573s] GC(454) Eden regions: 1->0(0)
[2025-06-28T00:21:21.525+0200][15.573s] GC(454) Survivor regions: 0->1(1)
[2025-06-28T00:21:21.525+0200][15.573s] GC(454) Old regions: 19->19
[2025-06-28T00:21:21.525+0200][15.573s] GC(454) Humongous regions: 0->0
[2025-06-28T00:21:21.525+0200][15.573s] GC(454) Metaspace: 59640K(60160K)->59640K(60160K) NonClass: 51576K(51840K)->51576K(51840K) Class: 8064K(8320K)->8064K(8320K)
[2025-06-28T00:21:21.525+0200][15.573s] GC(454) Pause Young (Concurrent Start) (G1 Evacuation Pause) 19M->18M(22M) 3.172ms
[2025-06-28T00:21:21.525+0200][15.573s] GC(454) User=0.00s Sys=0.00s Real=0.00s
[2025-06-28T00:21:21.525+0200][15.573s] Attempting full compaction
[2025-06-28T00:21:21.525+0200][15.573s] GC(455) Pause Full (G1 Compaction Pause)
[2025-06-28T00:21:21.525+0200][15.573s] GC(456) Concurrent Mark Cycle
[2025-06-28T00:21:21.525+0200][15.573s] GC(455) Using 2 workers of 10 for full compaction
[2025-06-28T00:21:21.525+0200][15.573s] GC(456) Concurrent Scan Root Regions
[2025-06-28T00:21:21.525+0200][15.573s] GC(456) Concurrent Scan Root Regions 0.310ms
[2025-06-28T00:21:21.525+0200][15.574s] GC(456) Concurrent Mark
[2025-06-28T00:21:21.526+0200][15.574s] GC(456) Concurrent Mark From Roots
[2025-06-28T00:21:21.526+0200][15.574s] GC(456) Using 3 workers of 3 for marking
[2025-06-28T00:21:21.526+0200][15.574s] GC(455) Phase 1: Mark live objects
[2025-06-28T00:21:21.552+0200][15.600s] GC(455) Phase 1: Mark live objects 26.261ms
[2025-06-28T00:21:21.552+0200][15.600s] GC(455) Phase 2: Prepare compaction
[2025-06-28T00:21:21.553+0200][15.601s] GC(455) Phase 2: Prepare compaction 0.714ms
[2025-06-28T00:21:21.553+0200][15.601s] GC(455) Phase 3: Adjust pointers
[2025-06-28T00:21:21.564+0200][15.612s] GC(455) Phase 3: Adjust pointers 11.175ms
[2025-06-28T00:21:21.564+0200][15.612s] GC(455) Phase 4: Compact heap
[2025-06-28T00:21:21.565+0200][15.613s] GC(455) Phase 4: Compact heap 0.755ms
[2025-06-28T00:21:21.565+0200][15.613s] GC(455) Phase 5: Reset Metadata
[2025-06-28T00:21:21.569+0200][15.617s] GC(455) Phase 5: Reset Metadata 4.231ms
[2025-06-28T00:21:21.574+0200][15.622s] GC(455) Eden regions: 0->0(1)
[2025-06-28T00:21:21.574+0200][15.622s] GC(455) Survivor regions: 1->0(1)
[2025-06-28T00:21:21.574+0200][15.622s] GC(455) Old regions: 19->19
[2025-06-28T00:21:21.574+0200][15.622s] GC(455) Humongous regions: 0->0
[2025-06-28T00:21:21.574+0200][15.622s] GC(455) Metaspace: 59640K(60160K)->59640K(60160K) NonClass: 51576K(51840K)->51576K(51840K) Class: 8064K(8320K)->8064K(8320K)
[2025-06-28T00:21:21.574+0200][15.622s] GC(455) Pause Full (G1 Compaction Pause) 18M->18M(22M) 49.250ms
[2025-06-28T00:21:21.574+0200][15.622s] GC(455) User=0.16s Sys=0.00s Real=0.05s
[2025-06-28T00:21:21.574+0200][15.623s] GC(456) Concurrent Mark From Roots 49.030ms
[2025-06-28T00:21:21.574+0200][15.623s] GC(456) Concurrent Mark Abort
[2025-06-28T00:21:21.574+0200][15.623s] GC(456) Concurrent Mark Cycle 49.595ms
[2025-06-28T00:21:21.593+0200][15.642s] GC(457) Pause Young (Normal) (G1 Evacuation Pause)
[2025-06-28T00:21:21.594+0200][15.642s] GC(457) Using 2 workers of 10 for evacuation
[2025-06-28T00:21:21.595+0200][15.644s] GC(457)   Pre Evacuate Collection Set: 0.2ms
[2025-06-28T00:21:21.595+0200][15.644s] GC(457)   Merge Heap Roots: 0.1ms
[2025-06-28T00:21:21.595+0200][15.644s] GC(457)   Evacuate Collection Set: 0.8ms
[2025-06-28T00:21:21.596+0200][15.644s] GC(457)   Post Evacuate Collection Set: 0.8ms
[2025-06-28T00:21:21.596+0200][15.644s] GC(457)   Other: 0.1ms
[2025-06-28T00:21:21.596+0200][15.644s] GC(457) Eden regions: 1->0(0)
[2025-06-28T00:21:21.596+0200][15.644s] GC(457) Survivor regions: 0->1(1)
[2025-06-28T00:21:21.596+0200][15.644s] GC(457) Old regions: 19->19
[2025-06-28T00:21:21.596+0200][15.644s] GC(457) Humongous regions: 0->0
[2025-06-28T00:21:21.596+0200][15.644s] GC(457) Metaspace: 59653K(60160K)->59653K(60160K) NonClass: 51589K(51840K)->51589K(51840K) Class: 8064K(8320K)->8064K(8320K)
[2025-06-28T00:21:21.596+0200][15.644s] GC(457) Pause Young (Normal) (G1 Evacuation Pause) 19M->18M(22M) 2.231ms
[2025-06-28T00:21:21.596+0200][15.644s] GC(457) User=0.00s Sys=0.00s Real=0.00s
[2025-06-28T00:21:21.596+0200][15.644s] Attempting full compaction
[2025-06-28T00:21:21.596+0200][15.644s] GC(458) Pause Full (G1 Compaction Pause)
[2025-06-28T00:21:21.596+0200][15.644s] GC(458) Using 2 workers of 10 for full compaction
[2025-06-28T00:21:21.596+0200][15.644s] GC(458) Phase 1: Mark live objects
[2025-06-28T00:21:21.622+0200][15.670s] GC(458) Phase 1: Mark live objects 25.517ms
[2025-06-28T00:21:21.622+0200][15.670s] GC(458) Phase 2: Prepare compaction
[2025-06-28T00:21:21.622+0200][15.670s] GC(458) Phase 2: Prepare compaction 0.681ms
[2025-06-28T00:21:21.622+0200][15.670s] GC(458) Phase 3: Adjust pointers
[2025-06-28T00:21:21.633+0200][15.681s] GC(458) Phase 3: Adjust pointers 10.759ms
[2025-06-28T00:21:21.633+0200][15.681s] GC(458) Phase 4: Compact heap
[2025-06-28T00:21:21.634+0200][15.682s] GC(458) Phase 4: Compact heap 0.774ms
[2025-06-28T00:21:21.634+0200][15.682s] GC(458) Phase 5: Reset Metadata
[2025-06-28T00:21:21.637+0200][15.685s] GC(458) Phase 5: Reset Metadata 3.297ms
[2025-06-28T00:21:21.641+0200][15.689s] GC(458) Eden regions: 0->0(1)
[2025-06-28T00:21:21.641+0200][15.689s] GC(458) Survivor regions: 1->0(1)
[2025-06-28T00:21:21.641+0200][15.689s] GC(458) Old regions: 19->20
[2025-06-28T00:21:21.641+0200][15.689s] GC(458) Humongous regions: 0->0
[2025-06-28T00:21:21.641+0200][15.689s] GC(458) Metaspace: 59653K(60160K)->59653K(60160K) NonClass: 51589K(51840K)->51589K(51840K) Class: 8064K(8320K)->8064K(8320K)
[2025-06-28T00:21:21.641+0200][15.689s] GC(458) Pause Full (G1 Compaction Pause) 18M->18M(22M) 45.395ms
[2025-06-28T00:21:21.641+0200][15.689s] GC(458) User=0.12s Sys=0.00s Real=0.05s
[2025-06-28T00:21:21.664+0200][15.712s] GC(459) Pause Young (Concurrent Start) (G1 Evacuation Pause)
[2025-06-28T00:21:21.664+0200][15.712s] GC(459) Using 2 workers of 10 for evacuation
[2025-06-28T00:21:21.667+0200][15.715s] GC(459)   Pre Evacuate Collection Set: 0.3ms
[2025-06-28T00:21:21.667+0200][15.715s] GC(459)   Merge Heap Roots: 0.2ms
[2025-06-28T00:21:21.667+0200][15.715s] GC(459)   Evacuate Collection Set: 0.8ms
[2025-06-28T00:21:21.667+0200][15.715s] GC(459)   Post Evacuate Collection Set: 1.2ms
[2025-06-28T00:21:21.667+0200][15.715s] GC(459)   Other: 0.2ms
[2025-06-28T00:21:21.667+0200][15.715s] GC(459) Eden regions: 1->0(0)
[2025-06-28T00:21:21.667+0200][15.715s] GC(459) Survivor regions: 0->1(1)
[2025-06-28T00:21:21.667+0200][15.715s] GC(459) Old regions: 20->20
[2025-06-28T00:21:21.667+0200][15.715s] GC(459) Humongous regions: 0->0
[2025-06-28T00:21:21.667+0200][15.715s] GC(459) Metaspace: 59673K(60224K)->59673K(60224K) NonClass: 51603K(51904K)->51603K(51904K) Class: 8069K(8320K)->8069K(8320K)
[2025-06-28T00:21:21.667+0200][15.715s] GC(459) Pause Young (Concurrent Start) (G1 Evacuation Pause) 19M->18M(22M) 3.059ms
[2025-06-28T00:21:21.667+0200][15.715s] GC(459) User=0.00s Sys=0.02s Real=0.00s
[2025-06-28T00:21:21.667+0200][15.715s] Attempting full compaction
[2025-06-28T00:21:21.667+0200][15.715s] GC(460) Concurrent Mark Cycle
[2025-06-28T00:21:21.667+0200][15.715s] GC(461) Pause Full (G1 Compaction Pause)
[2025-06-28T00:21:21.667+0200][15.715s] GC(460) Concurrent Scan Root Regions
[2025-06-28T00:21:21.667+0200][15.716s] GC(461) Using 2 workers of 10 for full compaction
[2025-06-28T00:21:21.669+0200][15.717s] GC(460) Concurrent Scan Root Regions 1.303ms
[2025-06-28T00:21:21.669+0200][15.717s] GC(460) Concurrent Mark
[2025-06-28T00:21:21.669+0200][15.717s] GC(460) Concurrent Mark From Roots
[2025-06-28T00:21:21.669+0200][15.717s] GC(460) Using 3 workers of 3 for marking
[2025-06-28T00:21:21.669+0200][15.717s] GC(461) Phase 1: Mark live objects
[2025-06-28T00:21:21.692+0200][15.740s] GC(461) Phase 1: Mark live objects 23.242ms
[2025-06-28T00:21:21.692+0200][15.740s] GC(461) Phase 2: Prepare compaction
[2025-06-28T00:21:21.693+0200][15.741s] GC(461) Phase 2: Prepare compaction 0.962ms
[2025-06-28T00:21:21.693+0200][15.741s] GC(461) Phase 3: Adjust pointers
[2025-06-28T00:21:21.703+0200][15.751s] GC(461) Phase 3: Adjust pointers 9.477ms
[2025-06-28T00:21:21.703+0200][15.751s] GC(461) Phase 4: Compact heap
[2025-06-28T00:21:21.703+0200][15.751s] GC(461) Phase 4: Compact heap 0.567ms
[2025-06-28T00:21:21.703+0200][15.751s] GC(461) Phase 5: Reset Metadata
[2025-06-28T00:21:21.707+0200][15.755s] GC(461) Phase 5: Reset Metadata 3.459ms
[2025-06-28T00:21:21.711+0200][15.760s] GC(461) Eden regions: 0->0(1)
[2025-06-28T00:21:21.711+0200][15.760s] GC(461) Survivor regions: 1->0(1)
[2025-06-28T00:21:21.711+0200][15.760s] GC(461) Old regions: 20->20
[2025-06-28T00:21:21.711+0200][15.760s] GC(461) Humongous regions: 0->0
[2025-06-28T00:21:21.711+0200][15.760s] GC(461) Metaspace: 59673K(60224K)->59673K(60224K) NonClass: 51603K(51904K)->51603K(51904K) Class: 8069K(8320K)->8069K(8320K)
[2025-06-28T00:21:21.711+0200][15.760s] GC(461) Pause Full (G1 Compaction Pause) 18M->18M(22M) 44.284ms
[2025-06-28T00:21:21.711+0200][15.760s] GC(461) User=0.08s Sys=0.00s Real=0.04s
[2025-06-28T00:21:21.712+0200][15.760s] GC(460) Concurrent Mark From Roots 43.206ms
[2025-06-28T00:21:21.712+0200][15.760s] GC(460) Concurrent Mark Abort
[2025-06-28T00:21:21.712+0200][15.760s] GC(460) Concurrent Mark Cycle 44.715ms
[2025-06-28T00:21:21.745+0200][15.792s] GC(462) Pause Young (Normal) (G1 Evacuation Pause)
[2025-06-28T00:21:21.745+0200][15.792s] GC(462) Using 2 workers of 10 for evacuation
[2025-06-28T00:21:21.747+0200][15.794s] GC(462)   Pre Evacuate Collection Set: 0.3ms
[2025-06-28T00:21:21.747+0200][15.794s] GC(462)   Merge Heap Roots: 0.1ms
[2025-06-28T00:21:21.747+0200][15.794s] GC(462)   Evacuate Collection Set: 0.6ms
[2025-06-28T00:21:21.747+0200][15.794s] GC(462)   Post Evacuate Collection Set: 0.7ms
[2025-06-28T00:21:21.747+0200][15.794s] GC(462)   Other: 0.1ms
[2025-06-28T00:21:21.747+0200][15.794s] GC(462) Eden regions: 1->0(0)
[2025-06-28T00:21:21.747+0200][15.794s] GC(462) Survivor regions: 0->1(1)
[2025-06-28T00:21:21.747+0200][15.794s] GC(462) Old regions: 20->20
[2025-06-28T00:21:21.747+0200][15.794s] GC(462) Humongous regions: 0->0
[2025-06-28T00:21:21.747+0200][15.794s] GC(462) Metaspace: 59745K(60224K)->59745K(60224K) NonClass: 51669K(51904K)->51669K(51904K) Class: 8076K(8320K)->8076K(8320K)
[2025-06-28T00:21:21.747+0200][15.794s] GC(462) Pause Young (Normal) (G1 Evacuation Pause) 19M->19M(22M) 2.054ms
[2025-06-28T00:21:21.747+0200][15.794s] GC(462) User=0.03s Sys=0.00s Real=0.00s
[2025-06-28T00:21:21.747+0200][15.794s] Attempting full compaction
[2025-06-28T00:21:21.747+0200][15.794s] GC(463) Pause Full (G1 Compaction Pause)
[2025-06-28T00:21:21.747+0200][15.794s] GC(463) Using 2 workers of 10 for full compaction
[2025-06-28T00:21:21.747+0200][15.795s] GC(463) Phase 1: Mark live objects
[2025-06-28T00:21:21.773+0200][15.821s] GC(463) Phase 1: Mark live objects 26.724ms
[2025-06-28T00:21:21.773+0200][15.821s] GC(463) Phase 2: Prepare compaction
[2025-06-28T00:21:21.773+0200][15.822s] GC(463) Phase 2: Prepare compaction 0.348ms
[2025-06-28T00:21:21.774+0200][15.822s] GC(463) Phase 3: Adjust pointers
[2025-06-28T00:21:21.782+0200][15.831s] GC(463) Phase 3: Adjust pointers 8.906ms
[2025-06-28T00:21:21.782+0200][15.831s] GC(463) Phase 4: Compact heap
[2025-06-28T00:21:21.783+0200][15.831s] GC(463) Phase 4: Compact heap 0.148ms
[2025-06-28T00:21:21.783+0200][15.831s] GC(463) Phase 5: Reset Metadata
[2025-06-28T00:21:21.786+0200][15.835s] GC(463) Phase 5: Reset Metadata 3.728ms
[2025-06-28T00:21:21.790+0200][15.839s] GC(463) Eden regions: 0->0(1)
[2025-06-28T00:21:21.790+0200][15.839s] GC(463) Survivor regions: 1->0(1)
[2025-06-28T00:21:21.790+0200][15.839s] GC(463) Old regions: 20->21
[2025-06-28T00:21:21.790+0200][15.839s] GC(463) Humongous regions: 0->0
[2025-06-28T00:21:21.790+0200][15.839s] GC(463) Metaspace: 59745K(60224K)->59738K(60224K) NonClass: 51669K(51904K)->51664K(51904K) Class: 8076K(8320K)->8074K(8320K)
[2025-06-28T00:21:21.790+0200][15.839s] GC(463) Pause Full (G1 Compaction Pause) 19M->19M(22M) 44.282ms
[2025-06-28T00:21:21.790+0200][15.839s] GC(463) User=0.06s Sys=0.00s Real=0.04s
[2025-06-28T00:21:21.816+0200][15.863s] GC(464) Pause Young (Concurrent Start) (G1 Evacuation Pause)
[2025-06-28T00:21:21.816+0200][15.864s] GC(464) Using 2 workers of 10 for evacuation
[2025-06-28T00:21:21.818+0200][15.866s] GC(464)   Pre Evacuate Collection Set: 0.1ms
[2025-06-28T00:21:21.818+0200][15.866s] GC(464)   Merge Heap Roots: 0.0ms
[2025-06-28T00:21:21.818+0200][15.866s] GC(464)   Evacuate Collection Set: 0.7ms
[2025-06-28T00:21:21.818+0200][15.866s] GC(464)   Post Evacuate Collection Set: 1.0ms
[2025-06-28T00:21:21.818+0200][15.866s] GC(464)   Other: 0.1ms
[2025-06-28T00:21:21.818+0200][15.866s] GC(464) Eden regions: 1->0(0)
[2025-06-28T00:21:21.818+0200][15.866s] GC(464) Survivor regions: 0->0(0)
[2025-06-28T00:21:21.818+0200][15.866s] GC(464) Old regions: 21->22
[2025-06-28T00:21:21.818+0200][15.866s] GC(464) Humongous regions: 0->0
[2025-06-28T00:21:21.818+0200][15.866s] GC(464) Metaspace: 59831K(60352K)->59831K(60352K) NonClass: 51748K(52032K)->51748K(52032K) Class: 8082K(8320K)->8082K(8320K)
[2025-06-28T00:21:21.818+0200][15.866s] GC(464) Pause Young (Concurrent Start) (G1 Evacuation Pause) (Evacuation Failure) 20M->20M(22M) 2.318ms
[2025-06-28T00:21:21.818+0200][15.866s] GC(464) User=0.00s Sys=0.00s Real=0.00s
[2025-06-28T00:21:21.818+0200][15.866s] Attempting full compaction
[2025-06-28T00:21:21.818+0200][15.866s] GC(465) Pause Full (G1 Compaction Pause)
[2025-06-28T00:21:21.818+0200][15.866s] GC(466) Concurrent Mark Cycle
[2025-06-28T00:21:21.818+0200][15.866s] GC(465) Using 2 workers of 10 for full compaction
[2025-06-28T00:21:21.818+0200][15.866s] GC(466) Concurrent Scan Root Regions
[2025-06-28T00:21:21.818+0200][15.866s] GC(466) Concurrent Scan Root Regions 0.257ms
[2025-06-28T00:21:21.818+0200][15.866s] GC(465) Phase 1: Mark live objects
[2025-06-28T00:21:21.846+0200][15.894s] GC(465) Phase 1: Mark live objects 27.446ms
[2025-06-28T00:21:21.846+0200][15.894s] GC(465) Phase 2: Prepare compaction
[2025-06-28T00:21:21.847+0200][15.895s] GC(465) Phase 2: Prepare compaction 0.747ms
[2025-06-28T00:21:21.847+0200][15.895s] GC(465) Phase 3: Adjust pointers
[2025-06-28T00:21:21.857+0200][15.904s] GC(465) Phase 3: Adjust pointers 9.783ms
[2025-06-28T00:21:21.857+0200][15.905s] GC(465) Phase 4: Compact heap
[2025-06-28T00:21:21.857+0200][15.906s] GC(465) Phase 4: Compact heap 0.967ms
[2025-06-28T00:21:21.857+0200][15.906s] GC(465) Phase 5: Reset Metadata
[2025-06-28T00:21:21.861+0200][15.909s] GC(465) Phase 5: Reset Metadata 3.566ms
[2025-06-28T00:21:21.865+0200][15.913s] GC(465) Eden regions: 0->0(1)
[2025-06-28T00:21:21.865+0200][15.913s] GC(465) Survivor regions: 0->0(0)
[2025-06-28T00:21:21.865+0200][15.913s] GC(465) Old regions: 22->20
[2025-06-28T00:21:21.865+0200][15.913s] GC(465) Humongous regions: 0->0
[2025-06-28T00:21:21.865+0200][15.913s] GC(465) Metaspace: 59831K(60352K)->59818K(60352K) NonClass: 51748K(52032K)->51739K(52032K) Class: 8082K(8320K)->8079K(8320K)
[2025-06-28T00:21:21.865+0200][15.913s] GC(465) Pause Full (G1 Compaction Pause) 20M->18M(22M) 47.404ms
[2025-06-28T00:21:21.865+0200][15.913s] GC(465) User=0.08s Sys=0.00s Real=0.05s
[2025-06-28T00:21:21.865+0200][15.913s] GC(466) Concurrent Mark Abort
[2025-06-28T00:21:21.865+0200][15.914s] GC(466) Concurrent Mark Cycle 47.691ms
[2025-06-28T00:21:21.878+0200][15.926s] GC(467) Pause Young (Normal) (G1 Evacuation Pause)
[2025-06-28T00:21:21.878+0200][15.926s] GC(467) Using 2 workers of 10 for evacuation
[2025-06-28T00:21:21.880+0200][15.928s] GC(467)   Pre Evacuate Collection Set: 0.4ms
[2025-06-28T00:21:21.880+0200][15.928s] GC(467)   Merge Heap Roots: 0.2ms
[2025-06-28T00:21:21.880+0200][15.928s] GC(467)   Evacuate Collection Set: 0.6ms
[2025-06-28T00:21:21.880+0200][15.928s] GC(467)   Post Evacuate Collection Set: 0.7ms
[2025-06-28T00:21:21.880+0200][15.928s] GC(467)   Other: 0.1ms
[2025-06-28T00:21:21.880+0200][15.928s] GC(467) Eden regions: 1->0(0)
[2025-06-28T00:21:21.880+0200][15.928s] GC(467) Survivor regions: 0->1(1)
[2025-06-28T00:21:21.880+0200][15.928s] GC(467) Old regions: 20->20
[2025-06-28T00:21:21.880+0200][15.928s] GC(467) Humongous regions: 0->0
[2025-06-28T00:21:21.880+0200][15.928s] GC(467) Metaspace: 59879K(60352K)->59879K(60352K) NonClass: 51788K(52032K)->51788K(52032K) Class: 8091K(8320K)->8091K(8320K)
[2025-06-28T00:21:21.880+0200][15.928s] GC(467) Pause Young (Normal) (G1 Evacuation Pause) 19M->18M(22M) 2.293ms
[2025-06-28T00:21:21.880+0200][15.929s] GC(467) User=0.00s Sys=0.00s Real=0.00s
[2025-06-28T00:21:21.880+0200][15.929s] Attempting full compaction
[2025-06-28T00:21:21.880+0200][15.929s] GC(468) Pause Full (G1 Compaction Pause)
[2025-06-28T00:21:21.880+0200][15.929s] GC(468) Using 2 workers of 10 for full compaction
[2025-06-28T00:21:21.880+0200][15.929s] GC(468) Phase 1: Mark live objects
[2025-06-28T00:21:21.906+0200][15.954s] GC(468) Phase 1: Mark live objects 25.500ms
[2025-06-28T00:21:21.906+0200][15.954s] GC(468) Phase 2: Prepare compaction
[2025-06-28T00:21:21.907+0200][15.955s] GC(468) Phase 2: Prepare compaction 0.702ms
[2025-06-28T00:21:21.907+0200][15.955s] GC(468) Phase 3: Adjust pointers
[2025-06-28T00:21:21.916+0200][15.964s] GC(468) Phase 3: Adjust pointers 9.268ms
[2025-06-28T00:21:21.916+0200][15.964s] GC(468) Phase 4: Compact heap
[2025-06-28T00:21:21.917+0200][15.965s] GC(468) Phase 4: Compact heap 0.612ms
[2025-06-28T00:21:21.917+0200][15.965s] GC(468) Phase 5: Reset Metadata
[2025-06-28T00:21:21.921+0200][15.969s] GC(468) Phase 5: Reset Metadata 3.793ms
[2025-06-28T00:21:21.924+0200][15.972s] GC(468) Eden regions: 0->0(1)
[2025-06-28T00:21:21.924+0200][15.972s] GC(468) Survivor regions: 1->0(1)
[2025-06-28T00:21:21.924+0200][15.972s] GC(468) Old regions: 20->20
[2025-06-28T00:21:21.924+0200][15.972s] GC(468) Humongous regions: 0->0
[2025-06-28T00:21:21.924+0200][15.972s] GC(468) Metaspace: 59879K(60352K)->59879K(60352K) NonClass: 51788K(52032K)->51788K(52032K) Class: 8091K(8320K)->8091K(8320K)
[2025-06-28T00:21:21.924+0200][15.972s] GC(468) Pause Full (G1 Compaction Pause) 18M->18M(22M) 43.803ms
[2025-06-28T00:21:21.924+0200][15.972s] GC(468) User=0.11s Sys=0.00s Real=0.04s
[2025-06-28T00:21:21.940+0200][15.988s] GC(469) Pause Young (Concurrent Start) (G1 Evacuation Pause)
[2025-06-28T00:21:21.940+0200][15.988s] GC(469) Using 2 workers of 10 for evacuation
[2025-06-28T00:21:21.942+0200][15.990s] GC(469)   Pre Evacuate Collection Set: 0.1ms
[2025-06-28T00:21:21.942+0200][15.990s] GC(469)   Merge Heap Roots: 0.0ms
[2025-06-28T00:21:21.942+0200][15.990s] GC(469)   Evacuate Collection Set: 0.7ms
[2025-06-28T00:21:21.942+0200][15.990s] GC(469)   Post Evacuate Collection Set: 0.8ms
[2025-06-28T00:21:21.942+0200][15.990s] GC(469)   Other: 0.1ms
[2025-06-28T00:21:21.942+0200][15.990s] GC(469) Eden regions: 1->0(0)
[2025-06-28T00:21:21.942+0200][15.990s] GC(469) Survivor regions: 0->1(1)
[2025-06-28T00:21:21.942+0200][15.990s] GC(469) Old regions: 20->20
[2025-06-28T00:21:21.942+0200][15.990s] GC(469) Humongous regions: 0->0
[2025-06-28T00:21:21.942+0200][15.990s] GC(469) Metaspace: 59990K(60480K)->59990K(60480K) NonClass: 51876K(52160K)->51876K(52160K) Class: 8113K(8320K)->8113K(8320K)
[2025-06-28T00:21:21.942+0200][15.990s] GC(469) Pause Young (Concurrent Start) (G1 Evacuation Pause) 19M->18M(22M) 2.029ms
[2025-06-28T00:21:21.942+0200][15.990s] GC(469) User=0.00s Sys=0.00s Real=0.00s
[2025-06-28T00:21:21.942+0200][15.990s] Attempting full compaction
[2025-06-28T00:21:21.942+0200][15.990s] GC(470) Pause Full (G1 Compaction Pause)
[2025-06-28T00:21:21.942+0200][15.990s] GC(470) Using 2 workers of 10 for full compaction
[2025-06-28T00:21:21.942+0200][15.990s] GC(471) Concurrent Mark Cycle
[2025-06-28T00:21:21.942+0200][15.990s] GC(471) Concurrent Scan Root Regions
[2025-06-28T00:21:21.942+0200][15.990s] GC(471) Concurrent Scan Root Regions 0.077ms
[2025-06-28T00:21:21.942+0200][15.990s] GC(471) Concurrent Mark
[2025-06-28T00:21:21.942+0200][15.990s] GC(471) Concurrent Mark From Roots
[2025-06-28T00:21:21.942+0200][15.990s] GC(471) Using 3 workers of 3 for marking
[2025-06-28T00:21:21.943+0200][15.991s] GC(470) Phase 1: Mark live objects
[2025-06-28T00:21:21.966+0200][16.014s] GC(470) Phase 1: Mark live objects 23.284ms
[2025-06-28T00:21:21.966+0200][16.014s] GC(470) Phase 2: Prepare compaction
[2025-06-28T00:21:21.967+0200][16.015s] GC(470) Phase 2: Prepare compaction 0.739ms
[2025-06-28T00:21:21.967+0200][16.015s] GC(470) Phase 3: Adjust pointers
[2025-06-28T00:21:21.977+0200][16.025s] GC(470) Phase 3: Adjust pointers 10.380ms
[2025-06-28T00:21:21.977+0200][16.025s] GC(470) Phase 4: Compact heap
[2025-06-28T00:21:21.977+0200][16.026s] GC(470) Phase 4: Compact heap 0.396ms
[2025-06-28T00:21:21.977+0200][16.026s] GC(470) Phase 5: Reset Metadata
[2025-06-28T00:21:21.981+0200][16.029s] GC(470) Phase 5: Reset Metadata 3.415ms
[2025-06-28T00:21:21.985+0200][16.033s] GC(470) Eden regions: 0->0(1)
[2025-06-28T00:21:21.985+0200][16.033s] GC(470) Survivor regions: 1->0(1)
[2025-06-28T00:21:21.985+0200][16.033s] GC(470) Old regions: 20->20
[2025-06-28T00:21:21.985+0200][16.033s] GC(470) Humongous regions: 0->0
[2025-06-28T00:21:21.985+0200][16.033s] GC(470) Metaspace: 59990K(60480K)->59990K(60480K) NonClass: 51876K(52160K)->51876K(52160K) Class: 8113K(8320K)->8113K(8320K)
[2025-06-28T00:21:21.985+0200][16.033s] GC(470) Pause Full (G1 Compaction Pause) 18M->18M(22M) 42.959ms
[2025-06-28T00:21:21.985+0200][16.033s] GC(470) User=0.08s Sys=0.02s Real=0.04s
[2025-06-28T00:21:21.985+0200][16.033s] GC(471) Concurrent Mark From Roots 42.880ms
[2025-06-28T00:21:21.985+0200][16.033s] GC(471) Concurrent Mark Abort
[2025-06-28T00:21:21.985+0200][16.033s] GC(471) Concurrent Mark Cycle 43.146ms
[2025-06-28T00:21:22.004+0200][16.051s] GC(472) Pause Young (Normal) (G1 Evacuation Pause)
[2025-06-28T00:21:22.004+0200][16.052s] GC(472) Using 6 workers of 10 for evacuation
[2025-06-28T00:21:22.005+0200][16.053s] GC(472)   Pre Evacuate Collection Set: 0.2ms
[2025-06-28T00:21:22.005+0200][16.053s] GC(472)   Merge Heap Roots: 0.1ms
[2025-06-28T00:21:22.005+0200][16.053s] GC(472)   Evacuate Collection Set: 0.5ms
[2025-06-28T00:21:22.005+0200][16.053s] GC(472)   Post Evacuate Collection Set: 0.6ms
[2025-06-28T00:21:22.005+0200][16.053s] GC(472)   Other: 0.1ms
[2025-06-28T00:21:22.006+0200][16.053s] GC(472) Eden regions: 1->0(0)
[2025-06-28T00:21:22.006+0200][16.053s] GC(472) Survivor regions: 0->1(1)
[2025-06-28T00:21:22.006+0200][16.053s] GC(472) Old regions: 20->20
[2025-06-28T00:21:22.006+0200][16.053s] GC(472) Humongous regions: 0->0
[2025-06-28T00:21:22.006+0200][16.053s] GC(472) Metaspace: 60040K(60544K)->60040K(60544K) NonClass: 51915K(52160K)->51915K(52160K) Class: 8124K(8384K)->8124K(8384K)
[2025-06-28T00:21:22.006+0200][16.053s] GC(472) Pause Young (Normal) (G1 Evacuation Pause) 19M->19M(22M) 1.745ms
[2025-06-28T00:21:22.006+0200][16.053s] GC(472) User=0.00s Sys=0.00s Real=0.00s
[2025-06-28T00:21:22.006+0200][16.053s] Attempting full compaction
[2025-06-28T00:21:22.006+0200][16.053s] GC(473) Pause Full (G1 Compaction Pause)
[2025-06-28T00:21:22.006+0200][16.053s] GC(473) Using 2 workers of 10 for full compaction
[2025-06-28T00:21:22.006+0200][16.053s] GC(473) Phase 1: Mark live objects
[2025-06-28T00:21:22.025+0200][16.073s] GC(473) Phase 1: Mark live objects 19.439ms
[2025-06-28T00:21:22.025+0200][16.073s] GC(473) Phase 2: Prepare compaction
[2025-06-28T00:21:22.025+0200][16.073s] GC(473) Phase 2: Prepare compaction 0.181ms
[2025-06-28T00:21:22.025+0200][16.073s] GC(473) Phase 3: Adjust pointers
[2025-06-28T00:21:22.035+0200][16.083s] GC(473) Phase 3: Adjust pointers 9.868ms
[2025-06-28T00:21:22.035+0200][16.083s] GC(473) Phase 4: Compact heap
[2025-06-28T00:21:22.035+0200][16.083s] GC(473) Phase 4: Compact heap 0.200ms
[2025-06-28T00:21:22.035+0200][16.083s] GC(473) Phase 5: Reset Metadata
[2025-06-28T00:21:22.040+0200][16.087s] GC(473) Phase 5: Reset Metadata 4.218ms
[2025-06-28T00:21:22.044+0200][16.092s] GC(473) Eden regions: 0->0(1)
[2025-06-28T00:21:22.044+0200][16.092s] GC(473) Survivor regions: 1->0(1)
[2025-06-28T00:21:22.044+0200][16.092s] GC(473) Old regions: 20->21
[2025-06-28T00:21:22.044+0200][16.092s] GC(473) Humongous regions: 0->0
[2025-06-28T00:21:22.044+0200][16.092s] GC(473) Metaspace: 60040K(60544K)->60040K(60544K) NonClass: 51915K(52160K)->51915K(52160K) Class: 8124K(8384K)->8124K(8384K)
[2025-06-28T00:21:22.044+0200][16.092s] GC(473) Pause Full (G1 Compaction Pause) 19M->18M(22M) 39.119ms
[2025-06-28T00:21:22.044+0200][16.092s] GC(473) User=0.08s Sys=0.00s Real=0.04s
[2025-06-28T00:21:22.064+0200][16.113s] GC(474) Pause Young (Concurrent Start) (G1 Evacuation Pause)
[2025-06-28T00:21:22.064+0200][16.113s] GC(474) Using 8 workers of 10 for evacuation
[2025-06-28T00:21:22.068+0200][16.116s] GC(474)   Pre Evacuate Collection Set: 0.8ms
[2025-06-28T00:21:22.068+0200][16.116s] GC(474)   Merge Heap Roots: 0.3ms
[2025-06-28T00:21:22.068+0200][16.116s] GC(474)   Evacuate Collection Set: 1.4ms
[2025-06-28T00:21:22.068+0200][16.116s] GC(474)   Post Evacuate Collection Set: 0.7ms
[2025-06-28T00:21:22.068+0200][16.116s] GC(474)   Other: 0.1ms
[2025-06-28T00:21:22.068+0200][16.116s] GC(474) Eden regions: 1->0(0)
[2025-06-28T00:21:22.068+0200][16.116s] GC(474) Survivor regions: 0->0(0)
[2025-06-28T00:21:22.068+0200][16.116s] GC(474) Old regions: 21->22
[2025-06-28T00:21:22.068+0200][16.116s] GC(474) Humongous regions: 0->0
[2025-06-28T00:21:22.068+0200][16.116s] GC(474) Metaspace: 60074K(60672K)->60074K(60672K) NonClass: 51944K(52288K)->51944K(52288K) Class: 8129K(8384K)->8129K(8384K)
[2025-06-28T00:21:22.068+0200][16.116s] GC(474) Pause Young (Concurrent Start) (G1 Evacuation Pause) (Evacuation Failure) 19M->19M(22M) 3.578ms
[2025-06-28T00:21:22.068+0200][16.116s] GC(474) User=0.00s Sys=0.00s Real=0.00s
[2025-06-28T00:21:22.068+0200][16.116s] GC(475) Concurrent Mark Cycle
[2025-06-28T00:21:22.068+0200][16.116s] Attempting full compaction
[2025-06-28T00:21:22.068+0200][16.116s] GC(475) Concurrent Scan Root Regions
[2025-06-28T00:21:22.068+0200][16.116s] GC(476) Pause Full (G1 Compaction Pause)
[2025-06-28T00:21:22.068+0200][16.116s] GC(475) Concurrent Scan Root Regions 0.138ms
[2025-06-28T00:21:22.068+0200][16.117s] GC(476) Using 2 workers of 10 for full compaction
[2025-06-28T00:21:22.068+0200][16.117s] GC(475) Concurrent Mark
[2025-06-28T00:21:22.068+0200][16.117s] GC(475) Concurrent Mark From Roots
[2025-06-28T00:21:22.068+0200][16.117s] GC(475) Using 3 workers of 3 for marking
[2025-06-28T00:21:22.069+0200][16.117s] GC(476) Phase 1: Mark live objects
[2025-06-28T00:21:22.090+0200][16.138s] GC(476) Phase 1: Mark live objects 21.322ms
[2025-06-28T00:21:22.090+0200][16.138s] GC(476) Phase 2: Prepare compaction
[2025-06-28T00:21:22.090+0200][16.139s] GC(476) Phase 2: Prepare compaction 0.269ms
[2025-06-28T00:21:22.090+0200][16.139s] GC(476) Phase 3: Adjust pointers
[2025-06-28T00:21:22.100+0200][16.149s] GC(476) Phase 3: Adjust pointers 10.009ms
[2025-06-28T00:21:22.100+0200][16.149s] GC(476) Phase 4: Compact heap
[2025-06-28T00:21:22.100+0200][16.149s] GC(476) Phase 4: Compact heap 0.307ms
[2025-06-28T00:21:22.100+0200][16.149s] GC(476) Phase 5: Reset Metadata
[2025-06-28T00:21:22.106+0200][16.153s] GC(476) Phase 5: Reset Metadata 4.172ms
[2025-06-28T00:21:22.109+0200][16.157s] GC(476) Eden regions: 0->0(1)
[2025-06-28T00:21:22.109+0200][16.157s] GC(476) Survivor regions: 0->0(0)
[2025-06-28T00:21:22.109+0200][16.157s] GC(476) Old regions: 22->21
[2025-06-28T00:21:22.109+0200][16.157s] GC(476) Humongous regions: 0->0
[2025-06-28T00:21:22.109+0200][16.157s] GC(476) Metaspace: 60074K(60672K)->60074K(60672K) NonClass: 51944K(52288K)->51944K(52288K) Class: 8129K(8384K)->8129K(8384K)
[2025-06-28T00:21:22.109+0200][16.157s] GC(476) Pause Full (G1 Compaction Pause) 19M->19M(22M) 41.065ms
[2025-06-28T00:21:22.109+0200][16.158s] GC(476) User=0.09s Sys=0.00s Real=0.04s
[2025-06-28T00:21:22.109+0200][16.158s] GC(475) Concurrent Mark From Roots 41.085ms
[2025-06-28T00:21:22.109+0200][16.158s] GC(475) Concurrent Mark Abort
[2025-06-28T00:21:22.110+0200][16.158s] GC(475) Concurrent Mark Cycle 41.550ms
[2025-06-28T00:21:22.124+0200][16.172s] GC(477) Pause Young (Normal) (G1 Evacuation Pause)
[2025-06-28T00:21:22.124+0200][16.172s] GC(477) Using 8 workers of 10 for evacuation
[2025-06-28T00:21:22.126+0200][16.174s] GC(477)   Pre Evacuate Collection Set: 0.5ms
[2025-06-28T00:21:22.126+0200][16.174s] GC(477)   Merge Heap Roots: 0.2ms
[2025-06-28T00:21:22.126+0200][16.174s] GC(477)   Evacuate Collection Set: 0.4ms
[2025-06-28T00:21:22.126+0200][16.174s] GC(477)   Post Evacuate Collection Set: 0.8ms
[2025-06-28T00:21:22.126+0200][16.174s] GC(477)   Other: 0.1ms
[2025-06-28T00:21:22.126+0200][16.174s] GC(477) Eden regions: 1->0(0)
[2025-06-28T00:21:22.126+0200][16.174s] GC(477) Survivor regions: 0->0(0)
[2025-06-28T00:21:22.126+0200][16.174s] GC(477) Old regions: 21->22
[2025-06-28T00:21:22.126+0200][16.174s] GC(477) Humongous regions: 0->0
[2025-06-28T00:21:22.126+0200][16.174s] GC(477) Metaspace: 60091K(60672K)->60091K(60672K) NonClass: 51958K(52288K)->51958K(52288K) Class: 8132K(8384K)->8132K(8384K)
[2025-06-28T00:21:22.126+0200][16.174s] GC(477) Pause Young (Normal) (G1 Evacuation Pause) (Evacuation Failure) 20M->20M(22M) 2.269ms
[2025-06-28T00:21:22.126+0200][16.174s] GC(477) User=0.00s Sys=0.00s Real=0.00s
[2025-06-28T00:21:22.126+0200][16.174s] Attempting full compaction
[2025-06-28T00:21:22.126+0200][16.174s] GC(478) Pause Full (G1 Compaction Pause)
[2025-06-28T00:21:22.126+0200][16.174s] GC(478) Using 2 workers of 10 for full compaction
[2025-06-28T00:21:22.126+0200][16.174s] GC(478) Phase 1: Mark live objects
[2025-06-28T00:21:22.155+0200][16.202s] GC(478) Phase 1: Mark live objects 28.073ms
[2025-06-28T00:21:22.155+0200][16.203s] GC(478) Phase 2: Prepare compaction
[2025-06-28T00:21:22.156+0200][16.204s] GC(478) Phase 2: Prepare compaction 1.030ms
[2025-06-28T00:21:22.156+0200][16.204s] GC(478) Phase 3: Adjust pointers
[2025-06-28T00:21:22.166+0200][16.213s] GC(478) Phase 3: Adjust pointers 9.575ms
[2025-06-28T00:21:22.166+0200][16.213s] GC(478) Phase 4: Compact heap
[2025-06-28T00:21:22.167+0200][16.214s] GC(478) Phase 4: Compact heap 1.197ms
[2025-06-28T00:21:22.167+0200][16.214s] GC(478) Phase 5: Reset Metadata
[2025-06-28T00:21:22.170+0200][16.218s] GC(478) Phase 5: Reset Metadata 3.591ms
[2025-06-28T00:21:22.174+0200][16.222s] GC(478) Eden regions: 0->0(1)
[2025-06-28T00:21:22.174+0200][16.222s] GC(478) Survivor regions: 0->0(0)
[2025-06-28T00:21:22.174+0200][16.222s] GC(478) Old regions: 22->20
[2025-06-28T00:21:22.174+0200][16.222s] GC(478) Humongous regions: 0->0
[2025-06-28T00:21:22.174+0200][16.222s] GC(478) Metaspace: 60091K(60672K)->60087K(60672K) NonClass: 51958K(52288K)->51955K(52288K) Class: 8132K(8384K)->8131K(8384K)
[2025-06-28T00:21:22.174+0200][16.222s] GC(478) Pause Full (G1 Compaction Pause) 20M->19M(22M) 47.613ms
[2025-06-28T00:21:22.174+0200][16.222s] GC(478) User=0.09s Sys=0.00s Real=0.05s
[2025-06-28T00:21:22.187+0200][16.235s] GC(479) Pause Young (Concurrent Start) (G1 Evacuation Pause)
[2025-06-28T00:21:22.187+0200][16.235s] GC(479) Using 8 workers of 10 for evacuation
[2025-06-28T00:21:22.188+0200][16.236s] GC(479)   Pre Evacuate Collection Set: 0.2ms
[2025-06-28T00:21:22.189+0200][16.237s] GC(479)   Merge Heap Roots: 0.0ms
[2025-06-28T00:21:22.189+0200][16.237s] GC(479)   Evacuate Collection Set: 0.5ms
[2025-06-28T00:21:22.189+0200][16.237s] GC(479)   Post Evacuate Collection Set: 0.4ms
[2025-06-28T00:21:22.189+0200][16.237s] GC(479)   Other: 0.1ms
[2025-06-28T00:21:22.189+0200][16.237s] GC(479) Eden regions: 1->0(0)
[2025-06-28T00:21:22.189+0200][16.237s] GC(479) Survivor regions: 0->1(1)
[2025-06-28T00:21:22.189+0200][16.237s] GC(479) Old regions: 20->20
[2025-06-28T00:21:22.189+0200][16.237s] GC(479) Humongous regions: 0->0
[2025-06-28T00:21:22.189+0200][16.237s] GC(479) Metaspace: 60181K(60736K)->60181K(60736K) NonClass: 52042K(52352K)->52042K(52352K) Class: 8138K(8384K)->8138K(8384K)
[2025-06-28T00:21:22.189+0200][16.237s] GC(479) Pause Young (Concurrent Start) (G1 Evacuation Pause) 20M->19M(22M) 1.518ms
[2025-06-28T00:21:22.189+0200][16.237s] GC(479) User=0.00s Sys=0.00s Real=0.00s
[2025-06-28T00:21:22.189+0200][16.237s] GC(480) Concurrent Mark Cycle
[2025-06-28T00:21:22.189+0200][16.237s] Attempting full compaction
[2025-06-28T00:21:22.189+0200][16.237s] GC(480) Concurrent Scan Root Regions
[2025-06-28T00:21:22.189+0200][16.237s] GC(481) Pause Full (G1 Compaction Pause)
[2025-06-28T00:21:22.189+0200][16.237s] GC(481) Using 2 workers of 10 for full compaction
[2025-06-28T00:21:22.189+0200][16.238s] GC(480) Concurrent Scan Root Regions 0.749ms
[2025-06-28T00:21:22.190+0200][16.238s] GC(480) Concurrent Mark
[2025-06-28T00:21:22.190+0200][16.238s] GC(480) Concurrent Mark From Roots
[2025-06-28T00:21:22.190+0200][16.238s] GC(480) Using 3 workers of 3 for marking
[2025-06-28T00:21:22.190+0200][16.238s] GC(481) Phase 1: Mark live objects
[2025-06-28T00:21:22.211+0200][16.259s] GC(481) Phase 1: Mark live objects 21.409ms
[2025-06-28T00:21:22.211+0200][16.259s] GC(481) Phase 2: Prepare compaction
[2025-06-28T00:21:22.212+0200][16.260s] GC(481) Phase 2: Prepare compaction 0.707ms
[2025-06-28T00:21:22.212+0200][16.260s] GC(481) Phase 3: Adjust pointers
[2025-06-28T00:21:22.221+0200][16.270s] GC(481) Phase 3: Adjust pointers 10.048ms
[2025-06-28T00:21:22.222+0200][16.270s] GC(481) Phase 4: Compact heap
[2025-06-28T00:21:22.222+0200][16.270s] GC(481) Phase 4: Compact heap 0.417ms
[2025-06-28T00:21:22.222+0200][16.270s] GC(481) Phase 5: Reset Metadata
[2025-06-28T00:21:22.226+0200][16.275s] GC(481) Phase 5: Reset Metadata 4.341ms
[2025-06-28T00:21:22.230+0200][16.279s] GC(481) Eden regions: 0->0(1)
[2025-06-28T00:21:22.230+0200][16.279s] GC(481) Survivor regions: 1->0(1)
[2025-06-28T00:21:22.230+0200][16.279s] GC(481) Old regions: 20->20
[2025-06-28T00:21:22.230+0200][16.279s] GC(481) Humongous regions: 0->0
[2025-06-28T00:21:22.230+0200][16.279s] GC(481) Metaspace: 60181K(60736K)->60181K(60736K) NonClass: 52042K(52352K)->52042K(52352K) Class: 8138K(8384K)->8138K(8384K)
[2025-06-28T00:21:22.230+0200][16.279s] GC(481) Pause Full (G1 Compaction Pause) 19M->19M(22M) 42.063ms
[2025-06-28T00:21:22.230+0200][16.279s] GC(481) User=0.08s Sys=0.00s Real=0.04s
[2025-06-28T00:21:22.231+0200][16.279s] GC(480) Concurrent Mark From Roots 41.600ms
[2025-06-28T00:21:22.231+0200][16.279s] GC(480) Concurrent Mark Abort
[2025-06-28T00:21:22.231+0200][16.279s] GC(480) Concurrent Mark Cycle 42.526ms
[2025-06-28T00:21:22.236+0200][16.285s] GC(482) Pause Young (Normal) (G1 Evacuation Pause)
[2025-06-28T00:21:22.236+0200][16.285s] GC(482) Using 8 workers of 10 for evacuation
[2025-06-28T00:21:22.238+0200][16.286s] GC(482)   Pre Evacuate Collection Set: 0.3ms
[2025-06-28T00:21:22.238+0200][16.286s] GC(482)   Merge Heap Roots: 0.2ms
[2025-06-28T00:21:22.238+0200][16.286s] GC(482)   Evacuate Collection Set: 0.6ms
[2025-06-28T00:21:22.238+0200][16.286s] GC(482)   Post Evacuate Collection Set: 0.4ms
[2025-06-28T00:21:22.238+0200][16.286s] GC(482)   Other: 0.1ms
[2025-06-28T00:21:22.238+0200][16.286s] GC(482) Eden regions: 1->0(0)
[2025-06-28T00:21:22.238+0200][16.286s] GC(482) Survivor regions: 0->1(1)
[2025-06-28T00:21:22.238+0200][16.286s] GC(482) Old regions: 20->20
[2025-06-28T00:21:22.238+0200][16.286s] GC(482) Humongous regions: 0->0
[2025-06-28T00:21:22.238+0200][16.286s] GC(482) Metaspace: 60248K(60800K)->60248K(60800K) NonClass: 52101K(52416K)->52101K(52416K) Class: 8146K(8384K)->8146K(8384K)
[2025-06-28T00:21:22.238+0200][16.287s] GC(482) Pause Young (Normal) (G1 Evacuation Pause) 20M->19M(22M) 1.828ms
[2025-06-28T00:21:22.238+0200][16.287s] GC(482) User=0.00s Sys=0.00s Real=0.00s
[2025-06-28T00:21:22.238+0200][16.287s] Attempting full compaction
[2025-06-28T00:21:22.238+0200][16.287s] GC(483) Pause Full (G1 Compaction Pause)
[2025-06-28T00:21:22.238+0200][16.287s] GC(483) Using 2 workers of 10 for full compaction
[2025-06-28T00:21:22.238+0200][16.287s] GC(483) Phase 1: Mark live objects
[2025-06-28T00:21:22.259+0200][16.307s] GC(483) Phase 1: Mark live objects 19.988ms
[2025-06-28T00:21:22.259+0200][16.307s] GC(483) Phase 2: Prepare compaction
[2025-06-28T00:21:22.260+0200][16.307s] GC(483) Phase 2: Prepare compaction 0.671ms
[2025-06-28T00:21:22.260+0200][16.307s] GC(483) Phase 3: Adjust pointers
[2025-06-28T00:21:22.270+0200][16.318s] GC(483) Phase 3: Adjust pointers 10.085ms
[2025-06-28T00:21:22.270+0200][16.318s] GC(483) Phase 4: Compact heap
[2025-06-28T00:21:22.271+0200][16.319s] GC(483) Phase 4: Compact heap 1.065ms
[2025-06-28T00:21:22.271+0200][16.319s] GC(483) Phase 5: Reset Metadata
[2025-06-28T00:21:22.275+0200][16.323s] GC(483) Phase 5: Reset Metadata 3.973ms
[2025-06-28T00:21:22.279+0200][16.327s] GC(483) Eden regions: 0->0(1)
[2025-06-28T00:21:22.279+0200][16.327s] GC(483) Survivor regions: 1->0(1)
[2025-06-28T00:21:22.279+0200][16.327s] GC(483) Old regions: 20->20
[2025-06-28T00:21:22.279+0200][16.327s] GC(483) Humongous regions: 0->0
[2025-06-28T00:21:22.279+0200][16.327s] GC(483) Metaspace: 60248K(60800K)->60248K(60800K) NonClass: 52101K(52416K)->52101K(52416K) Class: 8146K(8384K)->8146K(8384K)
[2025-06-28T00:21:22.279+0200][16.327s] GC(483) Pause Full (G1 Compaction Pause) 19M->19M(22M) 40.307ms
[2025-06-28T00:21:22.279+0200][16.327s] GC(483) User=0.08s Sys=0.00s Real=0.04s
[2025-06-28T00:21:22.289+0200][16.337s] GC(484) Pause Young (Concurrent Start) (G1 Evacuation Pause)
[2025-06-28T00:21:22.289+0200][16.337s] GC(484) Using 8 workers of 10 for evacuation
[2025-06-28T00:21:22.290+0200][16.339s] GC(484)   Pre Evacuate Collection Set: 0.2ms
[2025-06-28T00:21:22.290+0200][16.339s] GC(484)   Merge Heap Roots: 0.2ms
[2025-06-28T00:21:22.290+0200][16.339s] GC(484)   Evacuate Collection Set: 0.7ms
[2025-06-28T00:21:22.290+0200][16.339s] GC(484)   Post Evacuate Collection Set: 0.3ms
[2025-06-28T00:21:22.290+0200][16.339s] GC(484)   Other: 0.2ms
[2025-06-28T00:21:22.290+0200][16.339s] GC(484) Eden regions: 1->0(0)
[2025-06-28T00:21:22.290+0200][16.339s] GC(484) Survivor regions: 0->1(1)
[2025-06-28T00:21:22.290+0200][16.339s] GC(484) Old regions: 20->20
[2025-06-28T00:21:22.290+0200][16.339s] GC(484) Humongous regions: 0->0
[2025-06-28T00:21:22.290+0200][16.339s] GC(484) Metaspace: 60265K(60800K)->60265K(60800K) NonClass: 52116K(52416K)->52116K(52416K) Class: 8148K(8384K)->8148K(8384K)
[2025-06-28T00:21:22.290+0200][16.339s] GC(484) Pause Young (Concurrent Start) (G1 Evacuation Pause) 20M->19M(22M) 1.854ms
[2025-06-28T00:21:22.290+0200][16.339s] GC(484) User=0.00s Sys=0.00s Real=0.00s
[2025-06-28T00:21:22.290+0200][16.339s] GC(485) Concurrent Mark Cycle
[2025-06-28T00:21:22.290+0200][16.339s] Attempting full compaction
[2025-06-28T00:21:22.290+0200][16.339s] GC(485) Concurrent Scan Root Regions
[2025-06-28T00:21:22.290+0200][16.339s] GC(486) Pause Full (G1 Compaction Pause)
[2025-06-28T00:21:22.290+0200][16.339s] GC(486) Using 2 workers of 10 for full compaction
[2025-06-28T00:21:22.291+0200][16.340s] GC(485) Concurrent Scan Root Regions 0.769ms
[2025-06-28T00:21:22.291+0200][16.340s] GC(485) Concurrent Mark
[2025-06-28T00:21:22.291+0200][16.340s] GC(485) Concurrent Mark From Roots
[2025-06-28T00:21:22.291+0200][16.340s] GC(485) Using 3 workers of 3 for marking
[2025-06-28T00:21:22.291+0200][16.340s] GC(486) Phase 1: Mark live objects
[2025-06-28T00:21:22.317+0200][16.365s] GC(486) Phase 1: Mark live objects 25.395ms
[2025-06-28T00:21:22.317+0200][16.365s] GC(486) Phase 2: Prepare compaction
[2025-06-28T00:21:22.318+0200][16.366s] GC(486) Phase 2: Prepare compaction 0.674ms
[2025-06-28T00:21:22.318+0200][16.366s] GC(486) Phase 3: Adjust pointers
[2025-06-28T00:21:22.328+0200][16.377s] GC(486) Phase 3: Adjust pointers 10.701ms
[2025-06-28T00:21:22.328+0200][16.377s] GC(486) Phase 4: Compact heap
[2025-06-28T00:21:22.330+0200][16.378s] GC(486) Phase 4: Compact heap 1.063ms
[2025-06-28T00:21:22.330+0200][16.378s] GC(486) Phase 5: Reset Metadata
[2025-06-28T00:21:22.333+0200][16.382s] GC(486) Phase 5: Reset Metadata 4.001ms
[2025-06-28T00:21:22.341+0200][16.389s] GC(486) Eden regions: 0->0(1)
[2025-06-28T00:21:22.341+0200][16.389s] GC(486) Survivor regions: 1->0(1)
[2025-06-28T00:21:22.341+0200][16.389s] GC(486) Old regions: 20->21
[2025-06-28T00:21:22.341+0200][16.389s] GC(486) Humongous regions: 0->0
[2025-06-28T00:21:22.341+0200][16.389s] GC(486) Metaspace: 60265K(60800K)->60265K(60800K) NonClass: 52116K(52416K)->52116K(52416K) Class: 8148K(8384K)->8148K(8384K)
[2025-06-28T00:21:22.341+0200][16.389s] GC(486) Pause Full (G1 Compaction Pause) 19M->19M(22M) 49.923ms
[2025-06-28T00:21:22.341+0200][16.389s] GC(486) User=0.09s Sys=0.00s Real=0.05s
[2025-06-28T00:21:22.341+0200][16.389s] GC(485) Concurrent Mark From Roots 49.351ms
[2025-06-28T00:21:22.341+0200][16.389s] GC(485) Concurrent Mark Abort
[2025-06-28T00:21:22.341+0200][16.389s] GC(485) Concurrent Mark Cycle 50.253ms
[2025-06-28T00:21:22.349+0200][16.398s] GC(487) Pause Young (Normal) (G1 Evacuation Pause)
[2025-06-28T00:21:22.349+0200][16.398s] GC(487) Using 8 workers of 10 for evacuation
[2025-06-28T00:21:22.352+0200][16.399s] GC(487)   Pre Evacuate Collection Set: 0.2ms
[2025-06-28T00:21:22.352+0200][16.399s] GC(487)   Merge Heap Roots: 0.1ms
[2025-06-28T00:21:22.352+0200][16.399s] GC(487)   Evacuate Collection Set: 0.5ms
[2025-06-28T00:21:22.352+0200][16.399s] GC(487)   Post Evacuate Collection Set: 0.5ms
[2025-06-28T00:21:22.352+0200][16.399s] GC(487)   Other: 0.1ms
[2025-06-28T00:21:22.352+0200][16.399s] GC(487) Eden regions: 1->0(0)
[2025-06-28T00:21:22.352+0200][16.399s] GC(487) Survivor regions: 0->0(0)
[2025-06-28T00:21:22.352+0200][16.399s] GC(487) Old regions: 21->22
[2025-06-28T00:21:22.352+0200][16.399s] GC(487) Humongous regions: 0->0
[2025-06-28T00:21:22.352+0200][16.399s] GC(487) Metaspace: 60274K(60800K)->60274K(60800K) NonClass: 52125K(52416K)->52125K(52416K) Class: 8148K(8384K)->8148K(8384K)
[2025-06-28T00:21:22.352+0200][16.399s] GC(487) Pause Young (Normal) (G1 Evacuation Pause) (Evacuation Failure) 20M->20M(22M) 1.727ms
[2025-06-28T00:21:22.352+0200][16.399s] GC(487) User=0.00s Sys=0.00s Real=0.00s
[2025-06-28T00:21:22.352+0200][16.400s] Attempting full compaction
[2025-06-28T00:21:22.352+0200][16.400s] GC(488) Pause Full (G1 Compaction Pause)
[2025-06-28T00:21:22.352+0200][16.400s] GC(488) Using 2 workers of 10 for full compaction
[2025-06-28T00:21:22.352+0200][16.400s] GC(488) Phase 1: Mark live objects
[2025-06-28T00:21:22.382+0200][16.430s] GC(488) Phase 1: Mark live objects 30.448ms
[2025-06-28T00:21:22.382+0200][16.430s] GC(488) Phase 2: Prepare compaction
[2025-06-28T00:21:22.383+0200][16.431s] GC(488) Phase 2: Prepare compaction 0.322ms
[2025-06-28T00:21:22.383+0200][16.431s] GC(488) Phase 3: Adjust pointers
[2025-06-28T00:21:22.397+0200][16.445s] GC(488) Phase 3: Adjust pointers 13.982ms
[2025-06-28T00:21:22.397+0200][16.445s] GC(488) Phase 4: Compact heap
[2025-06-28T00:21:22.397+0200][16.445s] GC(488) Phase 4: Compact heap 0.285ms
[2025-06-28T00:21:22.397+0200][16.445s] GC(488) Phase 5: Reset Metadata
[2025-06-28T00:21:22.402+0200][16.450s] GC(488) Phase 5: Reset Metadata 4.952ms
[2025-06-28T00:21:22.409+0200][16.456s] GC(488) Eden regions: 0->0(1)
[2025-06-28T00:21:22.409+0200][16.456s] GC(488) Survivor regions: 0->0(0)
[2025-06-28T00:21:22.409+0200][16.456s] GC(488) Old regions: 22->21
[2025-06-28T00:21:22.409+0200][16.457s] GC(488) Humongous regions: 0->0
[2025-06-28T00:21:22.409+0200][16.457s] GC(488) Metaspace: 60274K(60800K)->60274K(60800K) NonClass: 52125K(52416K)->52125K(52416K) Class: 8148K(8384K)->8148K(8384K)
[2025-06-28T00:21:22.409+0200][16.457s] GC(488) Pause Full (G1 Compaction Pause) 20M->19M(22M) 57.098ms
[2025-06-28T00:21:22.409+0200][16.457s] GC(488) User=0.17s Sys=0.00s Real=0.06s
[2025-06-28T00:21:22.448+0200][16.496s] GC(489) Pause Young (Concurrent Start) (G1 Evacuation Pause)
[2025-06-28T00:21:22.448+0200][16.496s] GC(489) Using 8 workers of 10 for evacuation
[2025-06-28T00:21:22.451+0200][16.499s] GC(489)   Pre Evacuate Collection Set: 0.2ms
[2025-06-28T00:21:22.451+0200][16.499s] GC(489)   Merge Heap Roots: 0.1ms
[2025-06-28T00:21:22.451+0200][16.499s] GC(489)   Evacuate Collection Set: 0.7ms
[2025-06-28T00:21:22.451+0200][16.499s] GC(489)   Post Evacuate Collection Set: 0.8ms
[2025-06-28T00:21:22.451+0200][16.499s] GC(489)   Other: 0.5ms
[2025-06-28T00:21:22.451+0200][16.499s] GC(489) Eden regions: 1->0(0)
[2025-06-28T00:21:22.451+0200][16.499s] GC(489) Survivor regions: 0->0(0)
[2025-06-28T00:21:22.451+0200][16.499s] GC(489) Old regions: 21->22
[2025-06-28T00:21:22.451+0200][16.499s] GC(489) Humongous regions: 0->0
[2025-06-28T00:21:22.451+0200][16.499s] GC(489) Metaspace: 60333K(60864K)->60333K(60864K) NonClass: 52177K(52480K)->52177K(52480K) Class: 8155K(8384K)->8155K(8384K)
[2025-06-28T00:21:22.451+0200][16.499s] GC(489) Pause Young (Concurrent Start) (G1 Evacuation Pause) (Evacuation Failure) 20M->20M(22M) 2.688ms
[2025-06-28T00:21:22.451+0200][16.499s] GC(489) User=0.00s Sys=0.00s Real=0.00s
[2025-06-28T00:21:22.451+0200][16.499s] Attempting full compaction
[2025-06-28T00:21:22.451+0200][16.499s] GC(490) Concurrent Mark Cycle
[2025-06-28T00:21:22.451+0200][16.499s] GC(491) Pause Full (G1 Compaction Pause)
[2025-06-28T00:21:22.452+0200][16.499s] GC(490) Concurrent Scan Root Regions
[2025-06-28T00:21:22.452+0200][16.499s] GC(491) Using 2 workers of 10 for full compaction
[2025-06-28T00:21:22.452+0200][16.499s] GC(490) Concurrent Scan Root Regions 0.041ms
[2025-06-28T00:21:22.452+0200][16.499s] GC(490) Concurrent Mark
[2025-06-28T00:21:22.452+0200][16.499s] GC(490) Concurrent Mark From Roots
[2025-06-28T00:21:22.452+0200][16.499s] GC(490) Using 3 workers of 3 for marking
[2025-06-28T00:21:22.452+0200][16.500s] GC(491) Phase 1: Mark live objects
[2025-06-28T00:21:22.477+0200][16.525s] GC(491) Phase 1: Mark live objects 24.958ms
[2025-06-28T00:21:22.478+0200][16.525s] GC(491) Phase 2: Prepare compaction
[2025-06-28T00:21:22.478+0200][16.526s] GC(491) Phase 2: Prepare compaction 0.851ms
[2025-06-28T00:21:22.479+0200][16.526s] GC(491) Phase 3: Adjust pointers
[2025-06-28T00:21:22.489+0200][16.536s] GC(491) Phase 3: Adjust pointers 9.990ms
[2025-06-28T00:21:22.489+0200][16.536s] GC(491) Phase 4: Compact heap
[2025-06-28T00:21:22.489+0200][16.537s] GC(491) Phase 4: Compact heap 0.659ms
[2025-06-28T00:21:22.489+0200][16.537s] GC(491) Phase 5: Reset Metadata
[2025-06-28T00:21:22.493+0200][16.541s] GC(491) Phase 5: Reset Metadata 4.353ms
[2025-06-28T00:21:22.500+0200][16.548s] GC(491) Eden regions: 0->0(1)
[2025-06-28T00:21:22.500+0200][16.548s] GC(491) Survivor regions: 0->0(0)
[2025-06-28T00:21:22.500+0200][16.548s] GC(491) Old regions: 22->20
[2025-06-28T00:21:22.500+0200][16.548s] GC(491) Humongous regions: 0->0
[2025-06-28T00:21:22.500+0200][16.548s] GC(491) Metaspace: 60333K(60864K)->60333K(60864K) NonClass: 52177K(52480K)->52177K(52480K) Class: 8155K(8384K)->8155K(8384K)
[2025-06-28T00:21:22.500+0200][16.548s] GC(491) Pause Full (G1 Compaction Pause) 20M->19M(22M) 48.821ms
[2025-06-28T00:21:22.500+0200][16.548s] GC(491) User=0.08s Sys=0.00s Real=0.05s
[2025-06-28T00:21:22.500+0200][16.549s] GC(490) Concurrent Mark From Roots 49.233ms
[2025-06-28T00:21:22.501+0200][16.549s] GC(490) Concurrent Mark Abort
[2025-06-28T00:21:22.501+0200][16.549s] GC(490) Concurrent Mark Cycle 49.665ms
[2025-06-28T00:21:22.531+0200][16.579s] GC(492) Pause Young (Normal) (G1 Evacuation Pause)
[2025-06-28T00:21:22.531+0200][16.579s] GC(492) Using 8 workers of 10 for evacuation
[2025-06-28T00:21:22.534+0200][16.582s] GC(492)   Pre Evacuate Collection Set: 0.8ms
[2025-06-28T00:21:22.534+0200][16.582s] GC(492)   Merge Heap Roots: 0.1ms
[2025-06-28T00:21:22.534+0200][16.582s] GC(492)   Evacuate Collection Set: 0.8ms
[2025-06-28T00:21:22.534+0200][16.582s] GC(492)   Post Evacuate Collection Set: 0.9ms
[2025-06-28T00:21:22.534+0200][16.582s] GC(492)   Other: 0.1ms
[2025-06-28T00:21:22.534+0200][16.582s] GC(492) Eden regions: 1->0(0)
[2025-06-28T00:21:22.534+0200][16.582s] GC(492) Survivor regions: 0->1(1)
[2025-06-28T00:21:22.534+0200][16.582s] GC(492) Old regions: 20->20
[2025-06-28T00:21:22.534+0200][16.582s] GC(492) Humongous regions: 0->0
[2025-06-28T00:21:22.534+0200][16.582s] GC(492) Metaspace: 60378K(60928K)->60378K(60928K) NonClass: 52218K(52544K)->52218K(52544K) Class: 8160K(8384K)->8160K(8384K)
[2025-06-28T00:21:22.534+0200][16.582s] GC(492) Pause Young (Normal) (G1 Evacuation Pause) 20M->19M(22M) 3.124ms
[2025-06-28T00:21:22.534+0200][16.583s] GC(492) User=0.00s Sys=0.00s Real=0.00s
[2025-06-28T00:21:22.534+0200][16.583s] Attempting full compaction
[2025-06-28T00:21:22.534+0200][16.583s] GC(493) Pause Full (G1 Compaction Pause)
[2025-06-28T00:21:22.535+0200][16.583s] GC(493) Using 2 workers of 10 for full compaction
[2025-06-28T00:21:22.535+0200][16.583s] GC(493) Phase 1: Mark live objects
[2025-06-28T00:21:22.565+0200][16.613s] GC(493) Phase 1: Mark live objects 30.122ms
[2025-06-28T00:21:22.565+0200][16.613s] GC(493) Phase 2: Prepare compaction
[2025-06-28T00:21:22.566+0200][16.614s] GC(493) Phase 2: Prepare compaction 1.382ms
[2025-06-28T00:21:22.566+0200][16.614s] GC(493) Phase 3: Adjust pointers
[2025-06-28T00:21:22.579+0200][16.627s] GC(493) Phase 3: Adjust pointers 12.867ms
[2025-06-28T00:21:22.579+0200][16.628s] GC(493) Phase 4: Compact heap
[2025-06-28T00:21:22.581+0200][16.629s] GC(493) Phase 4: Compact heap 1.472ms
[2025-06-28T00:21:22.581+0200][16.629s] GC(493) Phase 5: Reset Metadata
[2025-06-28T00:21:22.585+0200][16.633s] GC(493) Phase 5: Reset Metadata 4.333ms
[2025-06-28T00:21:22.591+0200][16.639s] GC(493) Eden regions: 0->0(1)
[2025-06-28T00:21:22.591+0200][16.639s] GC(493) Survivor regions: 1->0(1)
[2025-06-28T00:21:22.591+0200][16.639s] GC(493) Old regions: 20->21
[2025-06-28T00:21:22.591+0200][16.639s] GC(493) Humongous regions: 0->0
[2025-06-28T00:21:22.591+0200][16.639s] GC(493) Metaspace: 60378K(60928K)->60378K(60928K) NonClass: 52218K(52544K)->52218K(52544K) Class: 8160K(8384K)->8160K(8384K)
[2025-06-28T00:21:22.591+0200][16.639s] GC(493) Pause Full (G1 Compaction Pause) 19M->19M(22M) 56.653ms
[2025-06-28T00:21:22.591+0200][16.639s] GC(493) User=0.09s Sys=0.02s Real=0.06s
[2025-06-28T00:21:22.626+0200][16.674s] GC(494) Pause Young (Concurrent Start) (G1 Evacuation Pause)
[2025-06-28T00:21:22.626+0200][16.675s] GC(494) Using 8 workers of 10 for evacuation
[2025-06-28T00:21:22.630+0200][16.678s] GC(494)   Pre Evacuate Collection Set: 0.6ms
[2025-06-28T00:21:22.630+0200][16.678s] GC(494)   Merge Heap Roots: 0.2ms
[2025-06-28T00:21:22.630+0200][16.678s] GC(494)   Evacuate Collection Set: 1.4ms
[2025-06-28T00:21:22.630+0200][16.678s] GC(494)   Post Evacuate Collection Set: 0.9ms
[2025-06-28T00:21:22.630+0200][16.678s] GC(494)   Other: 0.3ms
[2025-06-28T00:21:22.630+0200][16.678s] GC(494) Eden regions: 1->0(0)
[2025-06-28T00:21:22.630+0200][16.678s] GC(494) Survivor regions: 0->0(0)
[2025-06-28T00:21:22.630+0200][16.678s] GC(494) Old regions: 21->22
[2025-06-28T00:21:22.630+0200][16.678s] GC(494) Humongous regions: 0->0
[2025-06-28T00:21:22.630+0200][16.678s] GC(494) Metaspace: 60406K(60928K)->60406K(60928K) NonClass: 52240K(52544K)->52240K(52544K) Class: 8165K(8384K)->8165K(8384K)
[2025-06-28T00:21:22.630+0200][16.679s] GC(494) Pause Young (Concurrent Start) (G1 Evacuation Pause) (Evacuation Failure) 20M->20M(22M) 4.151ms
[2025-06-28T00:21:22.630+0200][16.679s] GC(494) User=0.00s Sys=0.00s Real=0.00s
[2025-06-28T00:21:22.630+0200][16.679s] GC(495) Concurrent Mark Cycle
[2025-06-28T00:21:22.630+0200][16.679s] Attempting full compaction
[2025-06-28T00:21:22.630+0200][16.679s] GC(495) Concurrent Scan Root Regions
[2025-06-28T00:21:22.631+0200][16.679s] GC(495) Concurrent Scan Root Regions 0.260ms
[2025-06-28T00:21:22.631+0200][16.679s] GC(495) Concurrent Mark
[2025-06-28T00:21:22.631+0200][16.679s] GC(495) Concurrent Mark From Roots
[2025-06-28T00:21:22.631+0200][16.679s] GC(495) Using 3 workers of 3 for marking
[2025-06-28T00:21:22.631+0200][16.679s] GC(496) Pause Full (G1 Compaction Pause)
[2025-06-28T00:21:22.631+0200][16.679s] GC(496) Using 2 workers of 10 for full compaction
[2025-06-28T00:21:22.631+0200][16.680s] GC(496) Phase 1: Mark live objects
[2025-06-28T00:21:22.668+0200][16.717s] GC(496) Phase 1: Mark live objects 37.332ms
[2025-06-28T00:21:22.668+0200][16.717s] GC(496) Phase 2: Prepare compaction
[2025-06-28T00:21:22.670+0200][16.718s] GC(496) Phase 2: Prepare compaction 0.889ms
[2025-06-28T00:21:22.670+0200][16.718s] GC(496) Phase 3: Adjust pointers
[2025-06-28T00:21:22.681+0200][16.729s] GC(496) Phase 3: Adjust pointers 11.258ms
[2025-06-28T00:21:22.682+0200][16.729s] GC(496) Phase 4: Compact heap
[2025-06-28T00:21:22.682+0200][16.730s] GC(496) Phase 4: Compact heap 0.749ms
[2025-06-28T00:21:22.682+0200][16.730s] GC(496) Phase 5: Reset Metadata
[2025-06-28T00:21:22.686+0200][16.735s] GC(496) Phase 5: Reset Metadata 4.317ms
[2025-06-28T00:21:22.691+0200][16.740s] GC(496) Eden regions: 0->0(1)
[2025-06-28T00:21:22.691+0200][16.740s] GC(496) Survivor regions: 0->0(0)
[2025-06-28T00:21:22.691+0200][16.740s] GC(496) Old regions: 22->20
[2025-06-28T00:21:22.691+0200][16.740s] GC(496) Humongous regions: 0->0
[2025-06-28T00:21:22.691+0200][16.740s] GC(496) Metaspace: 60406K(60928K)->60404K(60928K) NonClass: 52240K(52544K)->52239K(52544K) Class: 8165K(8384K)->8164K(8384K)
[2025-06-28T00:21:22.693+0200][16.740s] GC(496) Pause Full (G1 Compaction Pause) 20M->19M(22M) 60.883ms
[2025-06-28T00:21:22.693+0200][16.740s] GC(496) User=0.16s Sys=0.02s Real=0.06s
[2025-06-28T00:21:22.693+0200][16.741s] GC(495) Concurrent Mark From Roots 61.763ms
[2025-06-28T00:21:22.693+0200][16.741s] GC(495) Concurrent Mark Abort
[2025-06-28T00:21:22.693+0200][16.741s] GC(495) Concurrent Mark Cycle 62.361ms
[2025-06-28T00:21:22.707+0200][16.755s] GC(497) Pause Young (Normal) (G1 Evacuation Pause)
[2025-06-28T00:21:22.707+0200][16.756s] GC(497) Using 8 workers of 10 for evacuation
[2025-06-28T00:21:22.708+0200][16.757s] GC(497)   Pre Evacuate Collection Set: 0.2ms
[2025-06-28T00:21:22.708+0200][16.757s] GC(497)   Merge Heap Roots: 0.1ms
[2025-06-28T00:21:22.708+0200][16.757s] GC(497)   Evacuate Collection Set: 0.5ms
[2025-06-28T00:21:22.708+0200][16.757s] GC(497)   Post Evacuate Collection Set: 0.3ms
[2025-06-28T00:21:22.708+0200][16.757s] GC(497)   Other: 0.1ms
[2025-06-28T00:21:22.708+0200][16.757s] GC(497) Eden regions: 1->0(0)
[2025-06-28T00:21:22.708+0200][16.757s] GC(497) Survivor regions: 0->1(1)
[2025-06-28T00:21:22.708+0200][16.757s] GC(497) Old regions: 20->20
[2025-06-28T00:21:22.708+0200][16.757s] GC(497) Humongous regions: 0->0
[2025-06-28T00:21:22.708+0200][16.757s] GC(497) Metaspace: 60416K(60928K)->60416K(60928K) NonClass: 52246K(52544K)->52246K(52544K) Class: 8170K(8384K)->8170K(8384K)
[2025-06-28T00:21:22.708+0200][16.757s] GC(497) Pause Young (Normal) (G1 Evacuation Pause) 20M->19M(22M) 1.624ms
[2025-06-28T00:21:22.708+0200][16.757s] GC(497) User=0.00s Sys=0.00s Real=0.00s
[2025-06-28T00:21:22.708+0200][16.757s] Attempting full compaction
[2025-06-28T00:21:22.708+0200][16.757s] GC(498) Pause Full (G1 Compaction Pause)
[2025-06-28T00:21:22.708+0200][16.757s] GC(498) Using 2 workers of 10 for full compaction
[2025-06-28T00:21:22.710+0200][16.757s] GC(498) Phase 1: Mark live objects
[2025-06-28T00:21:22.743+0200][16.791s] GC(498) Phase 1: Mark live objects 33.679ms
[2025-06-28T00:21:22.743+0200][16.791s] GC(498) Phase 2: Prepare compaction
[2025-06-28T00:21:22.744+0200][16.792s] GC(498) Phase 2: Prepare compaction 0.491ms
[2025-06-28T00:21:22.744+0200][16.792s] GC(498) Phase 3: Adjust pointers
[2025-06-28T00:21:22.754+0200][16.802s] GC(498) Phase 3: Adjust pointers 10.265ms
[2025-06-28T00:21:22.754+0200][16.802s] GC(498) Phase 4: Compact heap
[2025-06-28T00:21:22.755+0200][16.803s] GC(498) Phase 4: Compact heap 0.398ms
[2025-06-28T00:21:22.755+0200][16.803s] GC(498) Phase 5: Reset Metadata
[2025-06-28T00:21:22.764+0200][16.812s] GC(498) Phase 5: Reset Metadata 9.020ms
[2025-06-28T00:21:22.770+0200][16.817s] GC(498) Eden regions: 0->0(1)
[2025-06-28T00:21:22.770+0200][16.818s] GC(498) Survivor regions: 1->0(1)
[2025-06-28T00:21:22.770+0200][16.818s] GC(498) Old regions: 20->21
[2025-06-28T00:21:22.770+0200][16.818s] GC(498) Humongous regions: 0->0
[2025-06-28T00:21:22.770+0200][16.818s] GC(498) Metaspace: 60416K(60928K)->60416K(60928K) NonClass: 52246K(52544K)->52246K(52544K) Class: 8170K(8384K)->8170K(8384K)
[2025-06-28T00:21:22.770+0200][16.818s] GC(498) Pause Full (G1 Compaction Pause) 19M->19M(22M) 60.548ms
[2025-06-28T00:21:22.770+0200][16.818s] GC(498) User=0.12s Sys=0.00s Real=0.06s
[2025-06-28T00:21:22.789+0200][16.837s] GC(499) Pause Young (Concurrent Start) (G1 Evacuation Pause)
[2025-06-28T00:21:22.789+0200][16.837s] GC(499) Using 8 workers of 10 for evacuation
[2025-06-28T00:21:22.792+0200][16.840s] GC(499)   Pre Evacuate Collection Set: 0.1ms
[2025-06-28T00:21:22.792+0200][16.840s] GC(499)   Merge Heap Roots: 0.1ms
[2025-06-28T00:21:22.792+0200][16.840s] GC(499)   Evacuate Collection Set: 0.9ms
[2025-06-28T00:21:22.792+0200][16.840s] GC(499)   Post Evacuate Collection Set: 0.8ms
[2025-06-28T00:21:22.792+0200][16.840s] GC(499)   Other: 0.2ms
[2025-06-28T00:21:22.792+0200][16.840s] GC(499) Eden regions: 1->0(0)
[2025-06-28T00:21:22.792+0200][16.840s] GC(499) Survivor regions: 0->0(0)
[2025-06-28T00:21:22.792+0200][16.840s] GC(499) Old regions: 21->22
[2025-06-28T00:21:22.792+0200][16.840s] GC(499) Humongous regions: 0->0
[2025-06-28T00:21:22.792+0200][16.840s] GC(499) Metaspace: 60430K(60928K)->60430K(60928K) NonClass: 52255K(52544K)->52255K(52544K) Class: 8175K(8384K)->8175K(8384K)
[2025-06-28T00:21:22.792+0200][16.840s] GC(499) Pause Young (Concurrent Start) (G1 Evacuation Pause) (Evacuation Failure) 20M->20M(22M) 2.691ms
[2025-06-28T00:21:22.792+0200][16.840s] GC(500) Concurrent Mark Cycle
[2025-06-28T00:21:22.792+0200][16.840s] GC(499) User=0.05s Sys=0.00s Real=0.00s
[2025-06-28T00:21:22.792+0200][16.840s] GC(500) Concurrent Scan Root Regions
[2025-06-28T00:21:22.793+0200][16.840s] Attempting full compaction
[2025-06-28T00:21:22.793+0200][16.840s] GC(500) Concurrent Scan Root Regions 0.256ms
[2025-06-28T00:21:22.793+0200][16.841s] GC(501) Pause Full (G1 Compaction Pause)
[2025-06-28T00:21:22.793+0200][16.841s] GC(500) Concurrent Mark
[2025-06-28T00:21:22.793+0200][16.841s] GC(501) Using 2 workers of 10 for full compaction
[2025-06-28T00:21:22.793+0200][16.841s] GC(500) Concurrent Mark From Roots
[2025-06-28T00:21:22.793+0200][16.841s] GC(500) Using 3 workers of 3 for marking
[2025-06-28T00:21:22.793+0200][16.841s] GC(501) Phase 1: Mark live objects
[2025-06-28T00:21:22.830+0200][16.878s] GC(501) Phase 1: Mark live objects 36.692ms
[2025-06-28T00:21:22.830+0200][16.878s] GC(501) Phase 2: Prepare compaction
[2025-06-28T00:21:22.830+0200][16.878s] GC(501) Phase 2: Prepare compaction 0.458ms
[2025-06-28T00:21:22.830+0200][16.878s] GC(501) Phase 3: Adjust pointers
[2025-06-28T00:21:22.844+0200][16.891s] GC(501) Phase 3: Adjust pointers 13.077ms
[2025-06-28T00:21:22.844+0200][16.892s] GC(501) Phase 4: Compact heap
[2025-06-28T00:21:22.845+0200][16.893s] GC(501) Phase 4: Compact heap 0.902ms
[2025-06-28T00:21:22.845+0200][16.893s] GC(501) Phase 5: Reset Metadata
[2025-06-28T00:21:22.852+0200][16.900s] GC(501) Phase 5: Reset Metadata 7.447ms
[2025-06-28T00:21:22.857+0200][16.905s] GC(501) Eden regions: 0->0(1)
[2025-06-28T00:21:22.857+0200][16.905s] GC(501) Survivor regions: 0->0(0)
[2025-06-28T00:21:22.857+0200][16.905s] GC(501) Old regions: 22->21
[2025-06-28T00:21:22.857+0200][16.905s] GC(501) Humongous regions: 0->0
[2025-06-28T00:21:22.857+0200][16.905s] GC(501) Metaspace: 60430K(60928K)->60430K(60928K) NonClass: 52255K(52544K)->52255K(52544K) Class: 8175K(8384K)->8175K(8384K)
[2025-06-28T00:21:22.857+0200][16.905s] GC(501) Pause Full (G1 Compaction Pause) 20M->19M(22M) 64.836ms
[2025-06-28T00:21:22.857+0200][16.905s] GC(501) User=0.06s Sys=0.03s Real=0.06s
[2025-06-28T00:21:22.858+0200][16.906s] GC(500) Concurrent Mark From Roots 64.881ms
[2025-06-28T00:21:22.858+0200][16.906s] GC(500) Concurrent Mark Abort
[2025-06-28T00:21:22.858+0200][16.906s] GC(500) Concurrent Mark Cycle 65.612ms
[2025-06-28T00:21:22.879+0200][16.927s] GC(502) Pause Young (Normal) (G1 Evacuation Pause)
[2025-06-28T00:21:22.879+0200][16.928s] GC(502) Using 8 workers of 10 for evacuation
[2025-06-28T00:21:22.881+0200][16.930s] GC(502)   Pre Evacuate Collection Set: 0.6ms
[2025-06-28T00:21:22.882+0200][16.930s] GC(502)   Merge Heap Roots: 0.1ms
[2025-06-28T00:21:22.882+0200][16.930s] GC(502)   Evacuate Collection Set: 0.4ms
[2025-06-28T00:21:22.882+0200][16.930s] GC(502)   Post Evacuate Collection Set: 0.8ms
[2025-06-28T00:21:22.882+0200][16.930s] GC(502)   Other: 0.1ms
[2025-06-28T00:21:22.882+0200][16.930s] GC(502) Eden regions: 1->0(0)
[2025-06-28T00:21:22.882+0200][16.930s] GC(502) Survivor regions: 0->0(0)
[2025-06-28T00:21:22.882+0200][16.930s] GC(502) Old regions: 21->22
[2025-06-28T00:21:22.882+0200][16.930s] GC(502) Humongous regions: 0->0
[2025-06-28T00:21:22.882+0200][16.930s] GC(502) Metaspace: 60471K(60992K)->60471K(60992K) NonClass: 52288K(52608K)->52288K(52608K) Class: 8182K(8384K)->8182K(8384K)
[2025-06-28T00:21:22.882+0200][16.930s] GC(502) Pause Young (Normal) (G1 Evacuation Pause) (Evacuation Failure) 20M->20M(22M) 2.950ms
[2025-06-28T00:21:22.882+0200][16.930s] GC(502) User=0.00s Sys=0.00s Real=0.00s
[2025-06-28T00:21:22.882+0200][16.930s] Attempting full compaction
[2025-06-28T00:21:22.882+0200][16.930s] GC(503) Pause Full (G1 Compaction Pause)
[2025-06-28T00:21:22.882+0200][16.931s] GC(503) Using 2 workers of 10 for full compaction
[2025-06-28T00:21:22.882+0200][16.931s] GC(503) Phase 1: Mark live objects
[2025-06-28T00:21:22.909+0200][16.957s] GC(503) Phase 1: Mark live objects 26.342ms
[2025-06-28T00:21:22.909+0200][16.957s] GC(503) Phase 2: Prepare compaction
[2025-06-28T00:21:22.910+0200][16.958s] GC(503) Phase 2: Prepare compaction 0.635ms
[2025-06-28T00:21:22.910+0200][16.958s] GC(503) Phase 3: Adjust pointers
[2025-06-28T00:21:22.921+0200][16.969s] GC(503) Phase 3: Adjust pointers 11.124ms
[2025-06-28T00:21:22.921+0200][16.969s] GC(503) Phase 4: Compact heap
[2025-06-28T00:21:22.921+0200][16.969s] GC(503) Phase 4: Compact heap 0.294ms
[2025-06-28T00:21:22.921+0200][16.969s] GC(503) Phase 5: Reset Metadata
[2025-06-28T00:21:22.925+0200][16.973s] GC(503) Phase 5: Reset Metadata 3.687ms
[2025-06-28T00:21:22.929+0200][16.978s] GC(503) Eden regions: 0->0(1)
[2025-06-28T00:21:22.929+0200][16.978s] GC(503) Survivor regions: 0->0(0)
[2025-06-28T00:21:22.929+0200][16.978s] GC(503) Old regions: 22->21
[2025-06-28T00:21:22.929+0200][16.978s] GC(503) Humongous regions: 0->0
[2025-06-28T00:21:22.929+0200][16.978s] GC(503) Metaspace: 60471K(60992K)->60471K(60992K) NonClass: 52288K(52608K)->52288K(52608K) Class: 8182K(8384K)->8182K(8384K)
[2025-06-28T00:21:22.930+0200][16.978s] GC(503) Pause Full (G1 Compaction Pause) 20M->19M(22M) 47.194ms
[2025-06-28T00:21:22.930+0200][16.978s] GC(503) User=0.06s Sys=0.00s Real=0.05s
[2025-06-28T00:21:22.942+0200][16.990s] GC(504) Pause Young (Concurrent Start) (G1 Evacuation Pause)
[2025-06-28T00:21:22.942+0200][16.990s] GC(504) Using 8 workers of 10 for evacuation
[2025-06-28T00:21:22.944+0200][16.992s] GC(504)   Pre Evacuate Collection Set: 0.2ms
[2025-06-28T00:21:22.944+0200][16.992s] GC(504)   Merge Heap Roots: 0.1ms
[2025-06-28T00:21:22.944+0200][16.992s] GC(504)   Evacuate Collection Set: 1.5ms
[2025-06-28T00:21:22.944+0200][16.992s] GC(504)   Post Evacuate Collection Set: 0.5ms
[2025-06-28T00:21:22.944+0200][16.992s] GC(504)   Other: 0.2ms
[2025-06-28T00:21:22.944+0200][16.992s] GC(504) Eden regions: 1->0(0)
[2025-06-28T00:21:22.944+0200][16.993s] GC(504) Survivor regions: 0->0(0)
[2025-06-28T00:21:22.944+0200][16.993s] GC(504) Old regions: 21->22
[2025-06-28T00:21:22.944+0200][16.993s] GC(504) Humongous regions: 0->0
[2025-06-28T00:21:22.944+0200][16.993s] GC(504) Metaspace: 60476K(60992K)->60476K(60992K) NonClass: 52293K(52608K)->52293K(52608K) Class: 8182K(8384K)->8182K(8384K)
[2025-06-28T00:21:22.944+0200][16.993s] GC(504) Pause Young (Concurrent Start) (G1 Evacuation Pause) (Evacuation Failure) 20M->20M(22M) 2.872ms
[2025-06-28T00:21:22.944+0200][16.993s] GC(504) User=0.00s Sys=0.00s Real=0.00s
[2025-06-28T00:21:22.944+0200][16.993s] Attempting full compaction
[2025-06-28T00:21:22.944+0200][16.993s] GC(505) Pause Full (G1 Compaction Pause)
[2025-06-28T00:21:22.944+0200][16.993s] GC(505) Using 2 workers of 10 for full compaction
[2025-06-28T00:21:22.944+0200][16.993s] GC(506) Concurrent Mark Cycle
[2025-06-28T00:21:22.945+0200][16.993s] GC(506) Concurrent Scan Root Regions
[2025-06-28T00:21:22.945+0200][16.993s] GC(506) Concurrent Scan Root Regions 0.021ms
[2025-06-28T00:21:22.945+0200][16.993s] GC(505) Phase 1: Mark live objects
[2025-06-28T00:21:22.976+0200][17.024s] GC(505) Phase 1: Mark live objects 31.650ms
[2025-06-28T00:21:22.976+0200][17.025s] GC(505) Phase 2: Prepare compaction
[2025-06-28T00:21:22.977+0200][17.025s] GC(505) Phase 2: Prepare compaction 0.726ms
[2025-06-28T00:21:22.977+0200][17.025s] GC(505) Phase 3: Adjust pointers
[2025-06-28T00:21:22.987+0200][17.035s] GC(505) Phase 3: Adjust pointers 10.043ms
[2025-06-28T00:21:22.987+0200][17.035s] GC(505) Phase 4: Compact heap
[2025-06-28T00:21:22.988+0200][17.036s] GC(505) Phase 4: Compact heap 0.593ms
[2025-06-28T00:21:22.988+0200][17.036s] GC(505) Phase 5: Reset Metadata
[2025-06-28T00:21:22.991+0200][17.040s] GC(505) Phase 5: Reset Metadata 3.666ms
[2025-06-28T00:21:22.996+0200][17.044s] GC(505) Eden regions: 0->0(1)
[2025-06-28T00:21:22.996+0200][17.044s] GC(505) Survivor regions: 0->0(0)
[2025-06-28T00:21:22.996+0200][17.044s] GC(505) Old regions: 22->21
[2025-06-28T00:21:22.996+0200][17.044s] GC(505) Humongous regions: 0->0
[2025-06-28T00:21:22.996+0200][17.044s] GC(505) Metaspace: 60476K(60992K)->60452K(60992K) NonClass: 52293K(52608K)->52275K(52608K) Class: 8182K(8384K)->8176K(8384K)
[2025-06-28T00:21:22.996+0200][17.044s] GC(505) Pause Full (G1 Compaction Pause) 20M->19M(22M) 51.413ms
[2025-06-28T00:21:22.996+0200][17.044s] GC(505) User=0.12s Sys=0.03s Real=0.05s
[2025-06-28T00:21:22.996+0200][17.044s] GC(506) Concurrent Mark Abort
[2025-06-28T00:21:22.996+0200][17.044s] GC(506) Concurrent Mark Cycle 51.566ms
[2025-06-28T00:21:23.005+0200][17.053s] GC(507) Pause Young (Normal) (G1 Evacuation Pause)
[2025-06-28T00:21:23.005+0200][17.053s] GC(507) Using 8 workers of 10 for evacuation
[2025-06-28T00:21:23.006+0200][17.054s] GC(507)   Pre Evacuate Collection Set: 0.2ms
[2025-06-28T00:21:23.006+0200][17.054s] GC(507)   Merge Heap Roots: 0.0ms
[2025-06-28T00:21:23.006+0200][17.054s] GC(507)   Evacuate Collection Set: 0.5ms
[2025-06-28T00:21:23.006+0200][17.054s] GC(507)   Post Evacuate Collection Set: 0.4ms
[2025-06-28T00:21:23.006+0200][17.054s] GC(507)   Other: 0.1ms
[2025-06-28T00:21:23.006+0200][17.054s] GC(507) Eden regions: 1->0(0)
[2025-06-28T00:21:23.006+0200][17.054s] GC(507) Survivor regions: 0->0(0)
[2025-06-28T00:21:23.006+0200][17.054s] GC(507) Old regions: 21->22
[2025-06-28T00:21:23.006+0200][17.054s] GC(507) Humongous regions: 0->0
[2025-06-28T00:21:23.006+0200][17.054s] GC(507) Metaspace: 60480K(60992K)->60480K(60992K) NonClass: 52299K(52608K)->52299K(52608K) Class: 8181K(8384K)->8181K(8384K)
[2025-06-28T00:21:23.006+0200][17.054s] GC(507) Pause Young (Normal) (G1 Evacuation Pause) (Evacuation Failure) 20M->20M(22M) 1.461ms
[2025-06-28T00:21:23.007+0200][17.054s] GC(507) User=0.00s Sys=0.00s Real=0.00s
[2025-06-28T00:21:23.007+0200][17.054s] Attempting full compaction
[2025-06-28T00:21:23.007+0200][17.054s] GC(508) Pause Full (G1 Compaction Pause)
[2025-06-28T00:21:23.007+0200][17.054s] GC(508) Using 2 workers of 10 for full compaction
[2025-06-28T00:21:23.007+0200][17.054s] GC(508) Phase 1: Mark live objects
[2025-06-28T00:21:23.034+0200][17.082s] GC(508) Phase 1: Mark live objects 27.100ms
[2025-06-28T00:21:23.034+0200][17.082s] GC(508) Phase 2: Prepare compaction
[2025-06-28T00:21:23.034+0200][17.082s] GC(508) Phase 2: Prepare compaction 0.466ms
[2025-06-28T00:21:23.034+0200][17.082s] GC(508) Phase 3: Adjust pointers
[2025-06-28T00:21:23.044+0200][17.092s] GC(508) Phase 3: Adjust pointers 9.491ms
[2025-06-28T00:21:23.044+0200][17.092s] GC(508) Phase 4: Compact heap
[2025-06-28T00:21:23.044+0200][17.092s] GC(508) Phase 4: Compact heap 0.482ms
[2025-06-28T00:21:23.044+0200][17.092s] GC(508) Phase 5: Reset Metadata
[2025-06-28T00:21:23.048+0200][17.096s] GC(508) Phase 5: Reset Metadata 3.684ms
[2025-06-28T00:21:23.051+0200][17.099s] GC(508) Eden regions: 0->0(1)
[2025-06-28T00:21:23.051+0200][17.099s] GC(508) Survivor regions: 0->0(0)
[2025-06-28T00:21:23.051+0200][17.099s] GC(508) Old regions: 22->21
[2025-06-28T00:21:23.051+0200][17.099s] GC(508) Humongous regions: 0->0
[2025-06-28T00:21:23.051+0200][17.099s] GC(508) Metaspace: 60480K(60992K)->60468K(60992K) NonClass: 52299K(52608K)->52290K(52608K) Class: 8181K(8384K)->8178K(8384K)
[2025-06-28T00:21:23.051+0200][17.099s] GC(508) Pause Full (G1 Compaction Pause) 20M->19M(22M) 44.831ms
[2025-06-28T00:21:23.051+0200][17.099s] GC(508) User=0.08s Sys=0.02s Real=0.04s
[2025-06-28T00:21:23.063+0200][17.111s] GC(509) Pause Young (Concurrent Start) (G1 Evacuation Pause)
[2025-06-28T00:21:23.063+0200][17.111s] GC(509) Using 8 workers of 10 for evacuation
[2025-06-28T00:21:23.065+0200][17.113s] GC(509)   Pre Evacuate Collection Set: 0.4ms
[2025-06-28T00:21:23.065+0200][17.113s] GC(509)   Merge Heap Roots: 0.1ms
[2025-06-28T00:21:23.065+0200][17.113s] GC(509)   Evacuate Collection Set: 0.6ms
[2025-06-28T00:21:23.065+0200][17.113s] GC(509)   Post Evacuate Collection Set: 0.5ms
[2025-06-28T00:21:23.065+0200][17.113s] GC(509)   Other: 0.2ms
[2025-06-28T00:21:23.065+0200][17.113s] GC(509) Eden regions: 1->0(0)
[2025-06-28T00:21:23.065+0200][17.113s] GC(509) Survivor regions: 0->0(0)
[2025-06-28T00:21:23.065+0200][17.113s] GC(509) Old regions: 21->22
[2025-06-28T00:21:23.065+0200][17.113s] GC(509) Humongous regions: 0->0
[2025-06-28T00:21:23.065+0200][17.113s] GC(509) Metaspace: 60505K(60992K)->60505K(60992K) NonClass: 52319K(52608K)->52319K(52608K) Class: 8185K(8384K)->8185K(8384K)
[2025-06-28T00:21:23.065+0200][17.113s] GC(509) Pause Young (Concurrent Start) (G1 Evacuation Pause) (Evacuation Failure) 20M->20M(22M) 1.988ms
[2025-06-28T00:21:23.065+0200][17.113s] GC(509) User=0.00s Sys=0.00s Real=0.00s
[2025-06-28T00:21:23.065+0200][17.113s] Attempting full compaction
[2025-06-28T00:21:23.065+0200][17.113s] GC(510) Pause Full (G1 Compaction Pause)
[2025-06-28T00:21:23.065+0200][17.113s] GC(510) Using 2 workers of 10 for full compaction
[2025-06-28T00:21:23.065+0200][17.113s] GC(511) Concurrent Mark Cycle
[2025-06-28T00:21:23.065+0200][17.113s] GC(511) Concurrent Scan Root Regions
[2025-06-28T00:21:23.065+0200][17.113s] GC(511) Concurrent Scan Root Regions 0.022ms
[2025-06-28T00:21:23.065+0200][17.113s] GC(510) Phase 1: Mark live objects
[2025-06-28T00:21:23.097+0200][17.145s] GC(510) Phase 1: Mark live objects 31.979ms
[2025-06-28T00:21:23.097+0200][17.145s] GC(510) Phase 2: Prepare compaction
[2025-06-28T00:21:23.097+0200][17.146s] GC(510) Phase 2: Prepare compaction 0.563ms
[2025-06-28T00:21:23.097+0200][17.146s] GC(510) Phase 3: Adjust pointers
[2025-06-28T00:21:23.110+0200][17.159s] GC(510) Phase 3: Adjust pointers 13.111ms
[2025-06-28T00:21:23.110+0200][17.159s] GC(510) Phase 4: Compact heap
[2025-06-28T00:21:23.111+0200][17.160s] GC(510) Phase 4: Compact heap 0.746ms
[2025-06-28T00:21:23.111+0200][17.160s] GC(510) Phase 5: Reset Metadata
[2025-06-28T00:21:23.115+0200][17.164s] GC(510) Phase 5: Reset Metadata 4.026ms
[2025-06-28T00:21:23.120+0200][17.169s] GC(510) Eden regions: 0->0(1)
[2025-06-28T00:21:23.120+0200][17.169s] GC(510) Survivor regions: 0->0(0)
[2025-06-28T00:21:23.120+0200][17.169s] GC(510) Old regions: 22->20
[2025-06-28T00:21:23.120+0200][17.169s] GC(510) Humongous regions: 0->0
[2025-06-28T00:21:23.120+0200][17.169s] GC(510) Metaspace: 60505K(60992K)->60498K(60992K) NonClass: 52319K(52608K)->52314K(52608K) Class: 8185K(8384K)->8183K(8384K)
[2025-06-28T00:21:23.120+0200][17.169s] GC(510) Pause Full (G1 Compaction Pause) 20M->19M(22M) 55.989ms
[2025-06-28T00:21:23.120+0200][17.169s] GC(510) User=0.08s Sys=0.03s Real=0.05s
[2025-06-28T00:21:23.121+0200][17.169s] GC(511) Concurrent Mark Abort
[2025-06-28T00:21:23.121+0200][17.169s] GC(511) Concurrent Mark Cycle 56.309ms
[2025-06-28T00:21:23.132+0200][17.181s] GC(512) Pause Young (Normal) (G1 Evacuation Pause)
[2025-06-28T00:21:23.132+0200][17.181s] GC(512) Using 8 workers of 10 for evacuation
[2025-06-28T00:21:23.134+0200][17.182s] GC(512)   Pre Evacuate Collection Set: 0.3ms
[2025-06-28T00:21:23.134+0200][17.182s] GC(512)   Merge Heap Roots: 0.1ms
[2025-06-28T00:21:23.134+0200][17.182s] GC(512)   Evacuate Collection Set: 0.5ms
[2025-06-28T00:21:23.134+0200][17.182s] GC(512)   Post Evacuate Collection Set: 0.6ms
[2025-06-28T00:21:23.134+0200][17.182s] GC(512)   Other: 0.1ms
[2025-06-28T00:21:23.134+0200][17.182s] GC(512) Eden regions: 1->0(0)
[2025-06-28T00:21:23.134+0200][17.182s] GC(512) Survivor regions: 0->1(1)
[2025-06-28T00:21:23.134+0200][17.182s] GC(512) Old regions: 20->20
[2025-06-28T00:21:23.134+0200][17.182s] GC(512) Humongous regions: 0->0
[2025-06-28T00:21:23.134+0200][17.182s] GC(512) Metaspace: 60561K(61056K)->60561K(61056K) NonClass: 52368K(52672K)->52368K(52672K) Class: 8192K(8384K)->8192K(8384K)
[2025-06-28T00:21:23.134+0200][17.182s] GC(512) Pause Young (Normal) (G1 Evacuation Pause) 20M->19M(22M) 1.886ms
[2025-06-28T00:21:23.134+0200][17.182s] GC(512) User=0.00s Sys=0.00s Real=0.00s
[2025-06-28T00:21:23.134+0200][17.183s] Attempting full compaction
[2025-06-28T00:21:23.134+0200][17.183s] GC(513) Pause Full (G1 Compaction Pause)
[2025-06-28T00:21:23.134+0200][17.183s] GC(513) Using 2 workers of 10 for full compaction
[2025-06-28T00:21:23.134+0200][17.183s] GC(513) Phase 1: Mark live objects
[2025-06-28T00:21:23.161+0200][17.209s] GC(513) Phase 1: Mark live objects 26.468ms
[2025-06-28T00:21:23.161+0200][17.209s] GC(513) Phase 2: Prepare compaction
[2025-06-28T00:21:23.161+0200][17.210s] GC(513) Phase 2: Prepare compaction 0.512ms
[2025-06-28T00:21:23.161+0200][17.210s] GC(513) Phase 3: Adjust pointers
[2025-06-28T00:21:23.172+0200][17.220s] GC(513) Phase 3: Adjust pointers 10.598ms
[2025-06-28T00:21:23.172+0200][17.220s] GC(513) Phase 4: Compact heap
[2025-06-28T00:21:23.173+0200][17.221s] GC(513) Phase 4: Compact heap 0.538ms
[2025-06-28T00:21:23.173+0200][17.221s] GC(513) Phase 5: Reset Metadata
[2025-06-28T00:21:23.177+0200][17.225s] GC(513) Phase 5: Reset Metadata 4.364ms
[2025-06-28T00:21:23.182+0200][17.230s] GC(513) Eden regions: 0->0(1)
[2025-06-28T00:21:23.182+0200][17.230s] GC(513) Survivor regions: 1->0(1)
[2025-06-28T00:21:23.182+0200][17.230s] GC(513) Old regions: 20->21
[2025-06-28T00:21:23.182+0200][17.230s] GC(513) Humongous regions: 0->0
[2025-06-28T00:21:23.182+0200][17.230s] GC(513) Metaspace: 60561K(61056K)->60561K(61056K) NonClass: 52368K(52672K)->52368K(52672K) Class: 8192K(8384K)->8192K(8384K)
[2025-06-28T00:21:23.182+0200][17.230s] GC(513) Pause Full (G1 Compaction Pause) 19M->19M(22M) 47.814ms
[2025-06-28T00:21:23.182+0200][17.230s] GC(513) User=0.08s Sys=0.02s Real=0.05s
[2025-06-28T00:21:23.203+0200][17.252s] GC(514) Pause Young (Concurrent Start) (G1 Evacuation Pause)
[2025-06-28T00:21:23.203+0200][17.252s] GC(514) Using 8 workers of 10 for evacuation
[2025-06-28T00:21:23.206+0200][17.254s] GC(514)   Pre Evacuate Collection Set: 0.4ms
[2025-06-28T00:21:23.206+0200][17.254s] GC(514)   Merge Heap Roots: 0.1ms
[2025-06-28T00:21:23.206+0200][17.254s] GC(514)   Evacuate Collection Set: 0.7ms
[2025-06-28T00:21:23.206+0200][17.254s] GC(514)   Post Evacuate Collection Set: 0.7ms
[2025-06-28T00:21:23.206+0200][17.254s] GC(514)   Other: 0.2ms
[2025-06-28T00:21:23.206+0200][17.254s] GC(514) Eden regions: 1->0(0)
[2025-06-28T00:21:23.206+0200][17.254s] GC(514) Survivor regions: 0->0(0)
[2025-06-28T00:21:23.206+0200][17.254s] GC(514) Old regions: 21->22
[2025-06-28T00:21:23.206+0200][17.254s] GC(514) Humongous regions: 0->0
[2025-06-28T00:21:23.206+0200][17.254s] GC(514) Metaspace: 60624K(61120K)->60624K(61120K) NonClass: 52421K(52672K)->52421K(52672K) Class: 8203K(8448K)->8203K(8448K)
[2025-06-28T00:21:23.206+0200][17.254s] GC(514) Pause Young (Concurrent Start) (G1 Evacuation Pause) (Evacuation Failure) 20M->20M(22M) 2.600ms
[2025-06-28T00:21:23.206+0200][17.254s] GC(514) User=0.00s Sys=0.00s Real=0.00s
[2025-06-28T00:21:23.206+0200][17.254s] GC(515) Concurrent Mark Cycle
[2025-06-28T00:21:23.206+0200][17.254s] Attempting full compaction
[2025-06-28T00:21:23.206+0200][17.254s] GC(515) Concurrent Scan Root Regions
[2025-06-28T00:21:23.206+0200][17.255s] GC(516) Pause Full (G1 Compaction Pause)
[2025-06-28T00:21:23.206+0200][17.255s] GC(515) Concurrent Scan Root Regions 0.139ms
[2025-06-28T00:21:23.206+0200][17.255s] GC(516) Using 2 workers of 10 for full compaction
[2025-06-28T00:21:23.206+0200][17.255s] GC(515) Concurrent Mark
[2025-06-28T00:21:23.206+0200][17.255s] GC(515) Concurrent Mark From Roots
[2025-06-28T00:21:23.206+0200][17.255s] GC(515) Using 3 workers of 3 for marking
[2025-06-28T00:21:23.207+0200][17.255s] GC(516) Phase 1: Mark live objects
[2025-06-28T00:21:23.232+0200][17.281s] GC(516) Phase 1: Mark live objects 25.821ms
[2025-06-28T00:21:23.232+0200][17.281s] GC(516) Phase 2: Prepare compaction
[2025-06-28T00:21:23.233+0200][17.281s] GC(516) Phase 2: Prepare compaction 0.548ms
[2025-06-28T00:21:23.233+0200][17.282s] GC(516) Phase 3: Adjust pointers
[2025-06-28T00:21:23.243+0200][17.292s] GC(516) Phase 3: Adjust pointers 10.135ms
[2025-06-28T00:21:23.243+0200][17.292s] GC(516) Phase 4: Compact heap
[2025-06-28T00:21:23.244+0200][17.292s] GC(516) Phase 4: Compact heap 0.661ms
[2025-06-28T00:21:23.244+0200][17.293s] GC(516) Phase 5: Reset Metadata
[2025-06-28T00:21:23.248+0200][17.297s] GC(516) Phase 5: Reset Metadata 3.984ms
[2025-06-28T00:21:23.252+0200][17.300s] GC(516) Eden regions: 0->0(1)
[2025-06-28T00:21:23.252+0200][17.300s] GC(516) Survivor regions: 0->0(0)
[2025-06-28T00:21:23.252+0200][17.300s] GC(516) Old regions: 22->21
[2025-06-28T00:21:23.252+0200][17.300s] GC(516) Humongous regions: 0->0
[2025-06-28T00:21:23.252+0200][17.300s] GC(516) Metaspace: 60624K(61120K)->60624K(61120K) NonClass: 52421K(52672K)->52421K(52672K) Class: 8203K(8448K)->8203K(8448K)
[2025-06-28T00:21:23.252+0200][17.300s] GC(516) Pause Full (G1 Compaction Pause) 20M->19M(22M) 45.745ms
[2025-06-28T00:21:23.252+0200][17.300s] GC(516) User=0.09s Sys=0.00s Real=0.05s
[2025-06-28T00:21:23.252+0200][17.301s] GC(515) Concurrent Mark From Roots 45.722ms
[2025-06-28T00:21:23.252+0200][17.301s] GC(515) Concurrent Mark Abort
[2025-06-28T00:21:23.252+0200][17.301s] GC(515) Concurrent Mark Cycle 46.281ms
[2025-06-28T00:21:23.271+0200][17.319s] GC(517) Pause Young (Normal) (G1 Evacuation Pause)
[2025-06-28T00:21:23.271+0200][17.319s] GC(517) Using 8 workers of 10 for evacuation
[2025-06-28T00:21:23.273+0200][17.321s] GC(517)   Pre Evacuate Collection Set: 0.2ms
[2025-06-28T00:21:23.273+0200][17.321s] GC(517)   Merge Heap Roots: 0.2ms
[2025-06-28T00:21:23.273+0200][17.321s] GC(517)   Evacuate Collection Set: 0.5ms
[2025-06-28T00:21:23.273+0200][17.321s] GC(517)   Post Evacuate Collection Set: 0.6ms
[2025-06-28T00:21:23.273+0200][17.321s] GC(517)   Other: 0.1ms
[2025-06-28T00:21:23.273+0200][17.321s] GC(517) Eden regions: 1->0(0)
[2025-06-28T00:21:23.273+0200][17.321s] GC(517) Survivor regions: 0->0(0)
[2025-06-28T00:21:23.273+0200][17.321s] GC(517) Old regions: 21->22
[2025-06-28T00:21:23.273+0200][17.321s] GC(517) Humongous regions: 0->0
[2025-06-28T00:21:23.273+0200][17.321s] GC(517) Metaspace: 60637K(61184K)->60637K(61184K) NonClass: 52432K(52736K)->52432K(52736K) Class: 8205K(8448K)->8205K(8448K)
[2025-06-28T00:21:23.273+0200][17.321s] GC(517) Pause Young (Normal) (G1 Evacuation Pause) (Evacuation Failure) 20M->20M(22M) 1.964ms
[2025-06-28T00:21:23.273+0200][17.321s] GC(517) User=0.00s Sys=0.00s Real=0.00s
[2025-06-28T00:21:23.273+0200][17.321s] Attempting full compaction
[2025-06-28T00:21:23.273+0200][17.321s] GC(518) Pause Full (G1 Compaction Pause)
[2025-06-28T00:21:23.273+0200][17.321s] GC(518) Using 2 workers of 10 for full compaction
[2025-06-28T00:21:23.273+0200][17.321s] GC(518) Phase 1: Mark live objects
[2025-06-28T00:21:23.299+0200][17.347s] GC(518) Phase 1: Mark live objects 25.653ms
[2025-06-28T00:21:23.299+0200][17.347s] GC(518) Phase 2: Prepare compaction
[2025-06-28T00:21:23.300+0200][17.347s] GC(518) Phase 2: Prepare compaction 0.612ms
[2025-06-28T00:21:23.300+0200][17.348s] GC(518) Phase 3: Adjust pointers
[2025-06-28T00:21:23.311+0200][17.358s] GC(518) Phase 3: Adjust pointers 10.912ms
[2025-06-28T00:21:23.311+0200][17.359s] GC(518) Phase 4: Compact heap
[2025-06-28T00:21:23.311+0200][17.359s] GC(518) Phase 4: Compact heap 0.660ms
[2025-06-28T00:21:23.311+0200][17.359s] GC(518) Phase 5: Reset Metadata
[2025-06-28T00:21:23.315+0200][17.363s] GC(518) Phase 5: Reset Metadata 3.665ms
[2025-06-28T00:21:23.319+0200][17.367s] GC(518) Eden regions: 0->0(1)
[2025-06-28T00:21:23.319+0200][17.367s] GC(518) Survivor regions: 0->0(0)
[2025-06-28T00:21:23.319+0200][17.367s] GC(518) Old regions: 22->21
[2025-06-28T00:21:23.319+0200][17.367s] GC(518) Humongous regions: 0->0
[2025-06-28T00:21:23.319+0200][17.367s] GC(518) Metaspace: 60637K(61184K)->60637K(61184K) NonClass: 52432K(52736K)->52432K(52736K) Class: 8205K(8448K)->8205K(8448K)
[2025-06-28T00:21:23.319+0200][17.367s] GC(518) Pause Full (G1 Compaction Pause) 20M->19M(22M) 46.149ms
[2025-06-28T00:21:23.319+0200][17.367s] GC(518) User=0.09s Sys=0.00s Real=0.05s
[2025-06-28T00:21:23.341+0200][17.388s] GC(519) Pause Young (Concurrent Start) (G1 Evacuation Pause)
[2025-06-28T00:21:23.341+0200][17.388s] GC(519) Using 8 workers of 10 for evacuation
[2025-06-28T00:21:23.343+0200][17.391s] GC(519)   Pre Evacuate Collection Set: 0.3ms
[2025-06-28T00:21:23.343+0200][17.391s] GC(519)   Merge Heap Roots: 0.1ms
[2025-06-28T00:21:23.343+0200][17.391s] GC(519)   Evacuate Collection Set: 1.2ms
[2025-06-28T00:21:23.343+0200][17.391s] GC(519)   Post Evacuate Collection Set: 0.6ms
[2025-06-28T00:21:23.343+0200][17.391s] GC(519)   Other: 0.1ms
[2025-06-28T00:21:23.343+0200][17.391s] GC(519) Eden regions: 1->0(0)
[2025-06-28T00:21:23.343+0200][17.391s] GC(519) Survivor regions: 0->0(0)
[2025-06-28T00:21:23.343+0200][17.391s] GC(519) Old regions: 21->22
[2025-06-28T00:21:23.343+0200][17.391s] GC(519) Humongous regions: 0->0
[2025-06-28T00:21:23.343+0200][17.391s] GC(519) Metaspace: 60642K(61184K)->60642K(61184K) NonClass: 52436K(52736K)->52436K(52736K) Class: 8206K(8448K)->8206K(8448K)
[2025-06-28T00:21:23.343+0200][17.391s] GC(519) Pause Young (Concurrent Start) (G1 Evacuation Pause) (Evacuation Failure) 20M->20M(22M) 2.713ms
[2025-06-28T00:21:23.343+0200][17.391s] GC(519) User=0.00s Sys=0.00s Real=0.00s
[2025-06-28T00:21:23.343+0200][17.391s] Attempting full compaction
[2025-06-28T00:21:23.343+0200][17.391s] GC(520) Pause Full (G1 Compaction Pause)
[2025-06-28T00:21:23.343+0200][17.391s] GC(521) Concurrent Mark Cycle
[2025-06-28T00:21:23.343+0200][17.391s] GC(520) Using 2 workers of 10 for full compaction
[2025-06-28T00:21:23.343+0200][17.391s] GC(521) Concurrent Scan Root Regions
[2025-06-28T00:21:23.343+0200][17.391s] GC(521) Concurrent Scan Root Regions 0.125ms
[2025-06-28T00:21:23.343+0200][17.391s] GC(521) Concurrent Mark
[2025-06-28T00:21:23.344+0200][17.391s] GC(521) Concurrent Mark From Roots
[2025-06-28T00:21:23.344+0200][17.391s] GC(521) Using 3 workers of 3 for marking
[2025-06-28T00:21:23.345+0200][17.392s] GC(520) Phase 1: Mark live objects
[2025-06-28T00:21:23.368+0200][17.416s] GC(520) Phase 1: Mark live objects 23.587ms
[2025-06-28T00:21:23.368+0200][17.416s] GC(520) Phase 2: Prepare compaction
[2025-06-28T00:21:23.369+0200][17.417s] GC(520) Phase 2: Prepare compaction 0.856ms
[2025-06-28T00:21:23.369+0200][17.417s] GC(520) Phase 3: Adjust pointers
[2025-06-28T00:21:23.379+0200][17.426s] GC(520) Phase 3: Adjust pointers 9.546ms
[2025-06-28T00:21:23.379+0200][17.427s] GC(520) Phase 4: Compact heap
[2025-06-28T00:21:23.380+0200][17.428s] GC(520) Phase 4: Compact heap 0.720ms
[2025-06-28T00:21:23.380+0200][17.428s] GC(520) Phase 5: Reset Metadata
[2025-06-28T00:21:23.383+0200][17.431s] GC(520) Phase 5: Reset Metadata 3.386ms
[2025-06-28T00:21:23.387+0200][17.435s] GC(520) Eden regions: 0->0(1)
[2025-06-28T00:21:23.387+0200][17.435s] GC(520) Survivor regions: 0->0(0)
[2025-06-28T00:21:23.387+0200][17.435s] GC(520) Old regions: 22->21
[2025-06-28T00:21:23.387+0200][17.435s] GC(520) Humongous regions: 0->0
[2025-06-28T00:21:23.387+0200][17.435s] GC(520) Metaspace: 60642K(61184K)->60642K(61184K) NonClass: 52436K(52736K)->52436K(52736K) Class: 8206K(8448K)->8206K(8448K)
[2025-06-28T00:21:23.387+0200][17.435s] GC(520) Pause Full (G1 Compaction Pause) 20M->19M(22M) 44.159ms
[2025-06-28T00:21:23.387+0200][17.435s] GC(520) User=0.08s Sys=0.00s Real=0.04s
[2025-06-28T00:21:23.388+0200][17.435s] GC(521) Concurrent Mark From Roots 44.103ms
[2025-06-28T00:21:23.388+0200][17.435s] GC(521) Concurrent Mark Abort
[2025-06-28T00:21:23.388+0200][17.435s] GC(521) Concurrent Mark Cycle 44.430ms
[2025-06-28T00:21:23.393+0200][17.441s] GC(522) Pause Young (Normal) (G1 Evacuation Pause)
[2025-06-28T00:21:23.393+0200][17.441s] GC(522) Using 8 workers of 10 for evacuation
[2025-06-28T00:21:23.395+0200][17.443s] GC(522)   Pre Evacuate Collection Set: 0.3ms
[2025-06-28T00:21:23.395+0200][17.443s] GC(522)   Merge Heap Roots: 0.1ms
[2025-06-28T00:21:23.395+0200][17.443s] GC(522)   Evacuate Collection Set: 0.8ms
[2025-06-28T00:21:23.395+0200][17.443s] GC(522)   Post Evacuate Collection Set: 0.5ms
[2025-06-28T00:21:23.395+0200][17.443s] GC(522)   Other: 0.1ms
[2025-06-28T00:21:23.395+0200][17.443s] GC(522) Eden regions: 1->0(0)
[2025-06-28T00:21:23.395+0200][17.443s] GC(522) Survivor regions: 0->0(0)
[2025-06-28T00:21:23.395+0200][17.443s] GC(522) Old regions: 21->22
[2025-06-28T00:21:23.395+0200][17.443s] GC(522) Humongous regions: 0->0
[2025-06-28T00:21:23.395+0200][17.443s] GC(522) Metaspace: 60643K(61184K)->60643K(61184K) NonClass: 52437K(52736K)->52437K(52736K) Class: 8206K(8448K)->8206K(8448K)
[2025-06-28T00:21:23.395+0200][17.443s] GC(522) Pause Young (Normal) (G1 Evacuation Pause) (Evacuation Failure) 20M->20M(22M) 2.166ms
[2025-06-28T00:21:23.395+0200][17.443s] GC(522) User=0.00s Sys=0.00s Real=0.00s
[2025-06-28T00:21:23.395+0200][17.443s] Attempting full compaction
[2025-06-28T00:21:23.395+0200][17.443s] GC(523) Pause Full (G1 Compaction Pause)
[2025-06-28T00:21:23.395+0200][17.443s] GC(523) Using 2 workers of 10 for full compaction
[2025-06-28T00:21:23.395+0200][17.443s] GC(523) Phase 1: Mark live objects
[2025-06-28T00:21:23.429+0200][17.477s] GC(523) Phase 1: Mark live objects 33.754ms
[2025-06-28T00:21:23.429+0200][17.477s] GC(523) Phase 2: Prepare compaction
[2025-06-28T00:21:23.429+0200][17.477s] GC(523) Phase 2: Prepare compaction 0.196ms
[2025-06-28T00:21:23.429+0200][17.477s] GC(523) Phase 3: Adjust pointers
[2025-06-28T00:21:23.441+0200][17.490s] GC(523) Phase 3: Adjust pointers 12.405ms
[2025-06-28T00:21:23.441+0200][17.490s] GC(523) Phase 4: Compact heap
[2025-06-28T00:21:23.442+0200][17.490s] GC(523) Phase 4: Compact heap 0.190ms
[2025-06-28T00:21:23.442+0200][17.490s] GC(523) Phase 5: Reset Metadata
[2025-06-28T00:21:23.446+0200][17.494s] GC(523) Phase 5: Reset Metadata 4.395ms
[2025-06-28T00:21:23.451+0200][17.499s] GC(523) Eden regions: 0->0(1)
[2025-06-28T00:21:23.451+0200][17.499s] GC(523) Survivor regions: 0->0(0)
[2025-06-28T00:21:23.451+0200][17.499s] GC(523) Old regions: 22->21
[2025-06-28T00:21:23.451+0200][17.499s] GC(523) Humongous regions: 0->0
[2025-06-28T00:21:23.451+0200][17.499s] GC(523) Metaspace: 60643K(61184K)->60633K(61184K) NonClass: 52437K(52736K)->52430K(52736K) Class: 8206K(8448K)->8203K(8448K)
[2025-06-28T00:21:23.451+0200][17.499s] GC(523) Pause Full (G1 Compaction Pause) 20M->20M(22M) 56.078ms
[2025-06-28T00:21:23.451+0200][17.499s] GC(523) User=0.16s Sys=0.00s Real=0.06s
[2025-06-28T00:21:23.453+0200][17.501s] GC(524) Pause Young (Concurrent Start) (G1 Evacuation Pause)
[2025-06-28T00:21:23.453+0200][17.501s] GC(524) Using 8 workers of 10 for evacuation
[2025-06-28T00:21:23.455+0200][17.503s] GC(524)   Pre Evacuate Collection Set: 0.3ms
[2025-06-28T00:21:23.455+0200][17.503s] GC(524)   Merge Heap Roots: 0.2ms
[2025-06-28T00:21:23.455+0200][17.503s] GC(524)   Evacuate Collection Set: 0.6ms
[2025-06-28T00:21:23.455+0200][17.503s] GC(524)   Post Evacuate Collection Set: 1.1ms
[2025-06-28T00:21:23.455+0200][17.504s] GC(524)   Other: 0.2ms
[2025-06-28T00:21:23.455+0200][17.504s] GC(524) Eden regions: 1->0(0)
[2025-06-28T00:21:23.455+0200][17.504s] GC(524) Survivor regions: 0->0(0)
[2025-06-28T00:21:23.455+0200][17.504s] GC(524) Old regions: 21->22
[2025-06-28T00:21:23.455+0200][17.504s] GC(524) Humongous regions: 0->0
[2025-06-28T00:21:23.455+0200][17.504s] GC(524) Metaspace: 60633K(61184K)->60633K(61184K) NonClass: 52430K(52736K)->52430K(52736K) Class: 8203K(8448K)->8203K(8448K)
[2025-06-28T00:21:23.455+0200][17.504s] GC(524) Pause Young (Concurrent Start) (G1 Evacuation Pause) (Evacuation Failure) 21M->21M(22M) 2.633ms
[2025-06-28T00:21:23.455+0200][17.504s] GC(524) User=0.00s Sys=0.00s Real=0.00s
[2025-06-28T00:21:23.455+0200][17.504s] Attempting full compaction
[2025-06-28T00:21:23.455+0200][17.504s] GC(525) Pause Full (G1 Compaction Pause)
[2025-06-28T00:21:23.455+0200][17.504s] GC(525) Using 2 workers of 10 for full compaction
[2025-06-28T00:21:23.455+0200][17.504s] GC(526) Concurrent Mark Cycle
[2025-06-28T00:21:23.455+0200][17.504s] GC(526) Concurrent Scan Root Regions
[2025-06-28T00:21:23.455+0200][17.504s] GC(526) Concurrent Scan Root Regions 0.023ms
[2025-06-28T00:21:23.456+0200][17.504s] GC(525) Phase 1: Mark live objects
[2025-06-28T00:21:23.486+0200][17.534s] GC(525) Phase 1: Mark live objects 30.020ms
[2025-06-28T00:21:23.486+0200][17.534s] GC(525) Phase 2: Prepare compaction
[2025-06-28T00:21:23.488+0200][17.535s] GC(525) Phase 2: Prepare compaction 1.490ms
[2025-06-28T00:21:23.488+0200][17.536s] GC(525) Phase 3: Adjust pointers
[2025-06-28T00:21:23.500+0200][17.548s] GC(525) Phase 3: Adjust pointers 12.494ms
[2025-06-28T00:21:23.500+0200][17.548s] GC(525) Phase 4: Compact heap
[2025-06-28T00:21:23.502+0200][17.550s] GC(525) Phase 4: Compact heap 2.127ms
[2025-06-28T00:21:23.502+0200][17.550s] GC(525) Phase 5: Reset Metadata
[2025-06-28T00:21:23.504+0200][17.553s] GC(525) Phase 5: Reset Metadata 2.561ms
[2025-06-28T00:21:23.509+0200][17.557s] GC(525) Eden regions: 0->0(1)
[2025-06-28T00:21:23.509+0200][17.557s] GC(525) Survivor regions: 0->0(0)
[2025-06-28T00:21:23.509+0200][17.557s] GC(525) Old regions: 22->20
[2025-06-28T00:21:23.509+0200][17.557s] GC(525) Humongous regions: 0->0
[2025-06-28T00:21:23.509+0200][17.557s] GC(525) Metaspace: 60633K(61184K)->60617K(61184K) NonClass: 52430K(52736K)->52418K(52736K) Class: 8203K(8448K)->8199K(8448K)
[2025-06-28T00:21:23.509+0200][17.557s] GC(525) Pause Full (G1 Compaction Pause) 21M->19M(22M) 53.515ms
[2025-06-28T00:21:23.509+0200][17.557s] GC(525) User=0.08s Sys=0.02s Real=0.05s
[2025-06-28T00:21:23.509+0200][17.557s] GC(526) Concurrent Mark Abort
[2025-06-28T00:21:23.509+0200][17.557s] GC(526) Concurrent Mark Cycle 53.706ms
[2025-06-28T00:21:23.515+0200][17.563s] GC(527) Pause Young (Normal) (G1 Evacuation Pause)
[2025-06-28T00:21:23.515+0200][17.563s] GC(527) Using 8 workers of 10 for evacuation
[2025-06-28T00:21:23.516+0200][17.564s] GC(527)   Pre Evacuate Collection Set: 0.2ms
[2025-06-28T00:21:23.516+0200][17.564s] GC(527)   Merge Heap Roots: 0.1ms
[2025-06-28T00:21:23.516+0200][17.565s] GC(527)   Evacuate Collection Set: 0.4ms
[2025-06-28T00:21:23.516+0200][17.565s] GC(527)   Post Evacuate Collection Set: 0.4ms
[2025-06-28T00:21:23.516+0200][17.565s] GC(527)   Other: 0.1ms
[2025-06-28T00:21:23.516+0200][17.565s] GC(527) Eden regions: 1->0(0)
[2025-06-28T00:21:23.516+0200][17.565s] GC(527) Survivor regions: 0->1(1)
[2025-06-28T00:21:23.516+0200][17.565s] GC(527) Old regions: 20->20
[2025-06-28T00:21:23.516+0200][17.565s] GC(527) Humongous regions: 0->0
[2025-06-28T00:21:23.516+0200][17.565s] GC(527) Metaspace: 60618K(61184K)->60618K(61184K) NonClass: 52419K(52736K)->52419K(52736K) Class: 8199K(8448K)->8199K(8448K)
[2025-06-28T00:21:23.516+0200][17.565s] GC(527) Pause Young (Normal) (G1 Evacuation Pause) 20M->19M(22M) 1.305ms
[2025-06-28T00:21:23.516+0200][17.565s] GC(527) User=0.00s Sys=0.00s Real=0.00s
[2025-06-28T00:21:23.516+0200][17.565s] Attempting full compaction
[2025-06-28T00:21:23.516+0200][17.565s] GC(528) Pause Full (G1 Compaction Pause)
[2025-06-28T00:21:23.516+0200][17.565s] GC(528) Using 2 workers of 10 for full compaction
[2025-06-28T00:21:23.516+0200][17.565s] GC(528) Phase 1: Mark live objects
[2025-06-28T00:21:23.539+0200][17.586s] GC(528) Phase 1: Mark live objects 21.608ms
[2025-06-28T00:21:23.539+0200][17.586s] GC(528) Phase 2: Prepare compaction
[2025-06-28T00:21:23.539+0200][17.587s] GC(528) Phase 2: Prepare compaction 0.499ms
[2025-06-28T00:21:23.539+0200][17.587s] GC(528) Phase 3: Adjust pointers
[2025-06-28T00:21:23.548+0200][17.595s] GC(528) Phase 3: Adjust pointers 8.417ms
[2025-06-28T00:21:23.548+0200][17.595s] GC(528) Phase 4: Compact heap
[2025-06-28T00:21:23.548+0200][17.596s] GC(528) Phase 4: Compact heap 0.380ms
[2025-06-28T00:21:23.548+0200][17.596s] GC(528) Phase 5: Reset Metadata
[2025-06-28T00:21:23.552+0200][17.599s] GC(528) Phase 5: Reset Metadata 3.560ms
[2025-06-28T00:21:23.555+0200][17.603s] GC(528) Eden regions: 0->0(1)
[2025-06-28T00:21:23.555+0200][17.603s] GC(528) Survivor regions: 1->0(1)
[2025-06-28T00:21:23.555+0200][17.603s] GC(528) Old regions: 20->20
[2025-06-28T00:21:23.555+0200][17.603s] GC(528) Humongous regions: 0->0
[2025-06-28T00:21:23.555+0200][17.603s] GC(528) Metaspace: 60618K(61184K)->60618K(61184K) NonClass: 52419K(52736K)->52419K(52736K) Class: 8199K(8448K)->8199K(8448K)
[2025-06-28T00:21:23.555+0200][17.603s] GC(528) Pause Full (G1 Compaction Pause) 19M->19M(22M) 37.985ms
[2025-06-28T00:21:23.555+0200][17.603s] GC(528) User=0.06s Sys=0.00s Real=0.04s
[2025-06-28T00:21:23.559+0200][17.607s] GC(529) Pause Young (Concurrent Start) (G1 Evacuation Pause)
[2025-06-28T00:21:23.559+0200][17.607s] GC(529) Using 8 workers of 10 for evacuation
[2025-06-28T00:21:23.560+0200][17.608s] GC(529)   Pre Evacuate Collection Set: 0.2ms
[2025-06-28T00:21:23.560+0200][17.608s] GC(529)   Merge Heap Roots: 0.1ms
[2025-06-28T00:21:23.560+0200][17.608s] GC(529)   Evacuate Collection Set: 0.6ms
[2025-06-28T00:21:23.560+0200][17.608s] GC(529)   Post Evacuate Collection Set: 0.3ms
[2025-06-28T00:21:23.560+0200][17.608s] GC(529)   Other: 0.1ms
[2025-06-28T00:21:23.560+0200][17.608s] GC(529) Eden regions: 1->0(0)
[2025-06-28T00:21:23.560+0200][17.608s] GC(529) Survivor regions: 0->1(1)
[2025-06-28T00:21:23.560+0200][17.608s] GC(529) Old regions: 20->20
[2025-06-28T00:21:23.560+0200][17.608s] GC(529) Humongous regions: 0->0
[2025-06-28T00:21:23.560+0200][17.608s] GC(529) Metaspace: 60618K(61184K)->60618K(61184K) NonClass: 52419K(52736K)->52419K(52736K) Class: 8199K(8448K)->8199K(8448K)
[2025-06-28T00:21:23.560+0200][17.608s] GC(529) Pause Young (Concurrent Start) (G1 Evacuation Pause) 20M->19M(22M) 1.676ms
[2025-06-28T00:21:23.560+0200][17.608s] GC(529) User=0.00s Sys=0.00s Real=0.00s
[2025-06-28T00:21:23.560+0200][17.608s] GC(530) Concurrent Mark Cycle
[2025-06-28T00:21:23.560+0200][17.608s] Attempting full compaction
[2025-06-28T00:21:23.560+0200][17.608s] GC(530) Concurrent Scan Root Regions
[2025-06-28T00:21:23.560+0200][17.608s] GC(531) Pause Full (G1 Compaction Pause)
[2025-06-28T00:21:23.560+0200][17.608s] GC(531) Using 2 workers of 10 for full compaction
[2025-06-28T00:21:23.561+0200][17.609s] GC(530) Concurrent Scan Root Regions 0.731ms
[2025-06-28T00:21:23.561+0200][17.609s] GC(530) Concurrent Mark
[2025-06-28T00:21:23.561+0200][17.609s] GC(530) Concurrent Mark From Roots
[2025-06-28T00:21:23.561+0200][17.609s] GC(531) Phase 1: Mark live objects
[2025-06-28T00:21:23.561+0200][17.609s] GC(530) Using 3 workers of 3 for marking
[2025-06-28T00:21:23.581+0200][17.629s] GC(531) Phase 1: Mark live objects 19.632ms
[2025-06-28T00:21:23.581+0200][17.629s] GC(531) Phase 2: Prepare compaction
[2025-06-28T00:21:23.581+0200][17.629s] GC(531) Phase 2: Prepare compaction 0.454ms
[2025-06-28T00:21:23.581+0200][17.629s] GC(531) Phase 3: Adjust pointers
[2025-06-28T00:21:23.590+0200][17.638s] GC(531) Phase 3: Adjust pointers 8.886ms
[2025-06-28T00:21:23.590+0200][17.638s] GC(531) Phase 4: Compact heap
[2025-06-28T00:21:23.591+0200][17.639s] GC(531) Phase 4: Compact heap 0.365ms
[2025-06-28T00:21:23.591+0200][17.639s] GC(531) Phase 5: Reset Metadata
[2025-06-28T00:21:23.594+0200][17.642s] GC(531) Phase 5: Reset Metadata 3.383ms
[2025-06-28T00:21:23.597+0200][17.645s] GC(531) Eden regions: 0->0(1)
[2025-06-28T00:21:23.597+0200][17.645s] GC(531) Survivor regions: 1->0(1)
[2025-06-28T00:21:23.597+0200][17.646s] GC(531) Old regions: 20->20
[2025-06-28T00:21:23.597+0200][17.646s] GC(531) Humongous regions: 0->0
[2025-06-28T00:21:23.597+0200][17.646s] GC(531) Metaspace: 60618K(61184K)->60618K(61184K) NonClass: 52419K(52736K)->52419K(52736K) Class: 8199K(8448K)->8199K(8448K)
[2025-06-28T00:21:23.597+0200][17.646s] GC(531) Pause Full (G1 Compaction Pause) 19M->19M(22M) 37.214ms
[2025-06-28T00:21:23.597+0200][17.646s] GC(531) User=0.05s Sys=0.00s Real=0.04s
[2025-06-28T00:21:23.597+0200][17.646s] GC(530) Concurrent Mark From Roots 36.727ms
[2025-06-28T00:21:23.597+0200][17.646s] GC(530) Concurrent Mark Abort
[2025-06-28T00:21:23.597+0200][17.646s] GC(530) Concurrent Mark Cycle 37.668ms
[2025-06-28T00:21:23.599+0200][17.648s] GC(532) Pause Young (Normal) (G1 Evacuation Pause)
[2025-06-28T00:21:23.599+0200][17.648s] GC(532) Using 8 workers of 10 for evacuation
[2025-06-28T00:21:23.601+0200][17.650s] GC(532)   Pre Evacuate Collection Set: 0.5ms
[2025-06-28T00:21:23.601+0200][17.650s] GC(532)   Merge Heap Roots: 0.1ms
[2025-06-28T00:21:23.601+0200][17.650s] GC(532)   Evacuate Collection Set: 0.5ms
[2025-06-28T00:21:23.601+0200][17.650s] GC(532)   Post Evacuate Collection Set: 0.4ms
[2025-06-28T00:21:23.601+0200][17.650s] GC(532)   Other: 0.1ms
[2025-06-28T00:21:23.601+0200][17.650s] GC(532) Eden regions: 1->0(0)
[2025-06-28T00:21:23.601+0200][17.650s] GC(532) Survivor regions: 0->1(1)
[2025-06-28T00:21:23.601+0200][17.650s] GC(532) Old regions: 20->20
[2025-06-28T00:21:23.601+0200][17.650s] GC(532) Humongous regions: 0->0
[2025-06-28T00:21:23.601+0200][17.650s] GC(532) Metaspace: 60619K(61184K)->60619K(61184K) NonClass: 52420K(52736K)->52420K(52736K) Class: 8199K(8448K)->8199K(8448K)
[2025-06-28T00:21:23.601+0200][17.650s] GC(532) Pause Young (Normal) (G1 Evacuation Pause) 20M->19M(22M) 1.819ms
[2025-06-28T00:21:23.601+0200][17.650s] GC(532) User=0.00s Sys=0.00s Real=0.00s
[2025-06-28T00:21:23.601+0200][17.650s] Attempting full compaction
[2025-06-28T00:21:23.601+0200][17.650s] GC(533) Pause Full (G1 Compaction Pause)
[2025-06-28T00:21:23.601+0200][17.650s] GC(533) Using 2 workers of 10 for full compaction
[2025-06-28T00:21:23.601+0200][17.650s] GC(533) Phase 1: Mark live objects
[2025-06-28T00:21:23.627+0200][17.675s] GC(533) Phase 1: Mark live objects 24.920ms
[2025-06-28T00:21:23.627+0200][17.675s] GC(533) Phase 2: Prepare compaction
[2025-06-28T00:21:23.628+0200][17.675s] GC(533) Phase 2: Prepare compaction 0.606ms
[2025-06-28T00:21:23.628+0200][17.676s] GC(533) Phase 3: Adjust pointers
[2025-06-28T00:21:23.638+0200][17.685s] GC(533) Phase 3: Adjust pointers 9.848ms
[2025-06-28T00:21:23.638+0200][17.685s] GC(533) Phase 4: Compact heap
[2025-06-28T00:21:23.638+0200][17.686s] GC(533) Phase 4: Compact heap 0.551ms
[2025-06-28T00:21:23.638+0200][17.686s] GC(533) Phase 5: Reset Metadata
[2025-06-28T00:21:23.643+0200][17.690s] GC(533) Phase 5: Reset Metadata 4.236ms
[2025-06-28T00:21:23.647+0200][17.695s] GC(533) Eden regions: 0->0(1)
[2025-06-28T00:21:23.647+0200][17.695s] GC(533) Survivor regions: 1->0(1)
[2025-06-28T00:21:23.647+0200][17.695s] GC(533) Old regions: 20->20
[2025-06-28T00:21:23.647+0200][17.695s] GC(533) Humongous regions: 0->0
[2025-06-28T00:21:23.647+0200][17.695s] GC(533) Metaspace: 60619K(61184K)->60619K(61184K) NonClass: 52420K(52736K)->52420K(52736K) Class: 8199K(8448K)->8199K(8448K)
[2025-06-28T00:21:23.647+0200][17.695s] GC(533) Pause Full (G1 Compaction Pause) 19M->19M(22M) 44.944ms
[2025-06-28T00:21:23.647+0200][17.695s] GC(533) User=0.14s Sys=0.00s Real=0.05s
[2025-06-28T00:21:23.649+0200][17.697s] GC(534) Pause Young (Concurrent Start) (G1 Evacuation Pause)
[2025-06-28T00:21:23.649+0200][17.697s] GC(534) Using 8 workers of 10 for evacuation
[2025-06-28T00:21:23.652+0200][17.700s] GC(534)   Pre Evacuate Collection Set: 0.6ms
[2025-06-28T00:21:23.652+0200][17.700s] GC(534)   Merge Heap Roots: 0.2ms
[2025-06-28T00:21:23.652+0200][17.700s] GC(534)   Evacuate Collection Set: 1.1ms
[2025-06-28T00:21:23.652+0200][17.700s] GC(534)   Post Evacuate Collection Set: 0.3ms
[2025-06-28T00:21:23.652+0200][17.700s] GC(534)   Other: 0.2ms
[2025-06-28T00:21:23.652+0200][17.700s] GC(534) Eden regions: 1->0(0)
[2025-06-28T00:21:23.652+0200][17.700s] GC(534) Survivor regions: 0->1(1)
[2025-06-28T00:21:23.652+0200][17.700s] GC(534) Old regions: 20->20
[2025-06-28T00:21:23.652+0200][17.700s] GC(534) Humongous regions: 0->0
[2025-06-28T00:21:23.652+0200][17.700s] GC(534) Metaspace: 60621K(61184K)->60621K(61184K) NonClass: 52422K(52736K)->52422K(52736K) Class: 8199K(8448K)->8199K(8448K)
[2025-06-28T00:21:23.652+0200][17.700s] GC(534) Pause Young (Concurrent Start) (G1 Evacuation Pause) 20M->19M(22M) 2.613ms
[2025-06-28T00:21:23.652+0200][17.700s] GC(534) User=0.05s Sys=0.00s Real=0.00s
[2025-06-28T00:21:23.652+0200][17.700s] GC(535) Concurrent Mark Cycle
[2025-06-28T00:21:23.652+0200][17.700s] Attempting full compaction
[2025-06-28T00:21:23.652+0200][17.700s] GC(535) Concurrent Scan Root Regions
[2025-06-28T00:21:23.652+0200][17.700s] GC(536) Pause Full (G1 Compaction Pause)
[2025-06-28T00:21:23.653+0200][17.700s] GC(536) Using 2 workers of 10 for full compaction
[2025-06-28T00:21:23.653+0200][17.701s] GC(535) Concurrent Scan Root Regions 0.893ms
[2025-06-28T00:21:23.653+0200][17.701s] GC(535) Concurrent Mark
[2025-06-28T00:21:23.653+0200][17.701s] GC(535) Concurrent Mark From Roots
[2025-06-28T00:21:23.653+0200][17.701s] GC(535) Using 3 workers of 3 for marking
[2025-06-28T00:21:23.653+0200][17.701s] GC(536) Phase 1: Mark live objects
[2025-06-28T00:21:23.673+0200][17.721s] GC(536) Phase 1: Mark live objects 20.014ms
[2025-06-28T00:21:23.673+0200][17.721s] GC(536) Phase 2: Prepare compaction
[2025-06-28T00:21:23.674+0200][17.722s] GC(536) Phase 2: Prepare compaction 0.505ms
[2025-06-28T00:21:23.674+0200][17.722s] GC(536) Phase 3: Adjust pointers
[2025-06-28T00:21:23.684+0200][17.731s] GC(536) Phase 3: Adjust pointers 9.683ms
[2025-06-28T00:21:23.684+0200][17.732s] GC(536) Phase 4: Compact heap
[2025-06-28T00:21:23.684+0200][17.732s] GC(536) Phase 4: Compact heap 0.444ms
[2025-06-28T00:21:23.684+0200][17.732s] GC(536) Phase 5: Reset Metadata
[2025-06-28T00:21:23.688+0200][17.736s] GC(536) Phase 5: Reset Metadata 3.602ms
[2025-06-28T00:21:23.691+0200][17.739s] GC(536) Eden regions: 0->0(1)
[2025-06-28T00:21:23.691+0200][17.739s] GC(536) Survivor regions: 1->0(1)
[2025-06-28T00:21:23.691+0200][17.739s] GC(536) Old regions: 20->20
[2025-06-28T00:21:23.691+0200][17.739s] GC(536) Humongous regions: 0->0
[2025-06-28T00:21:23.691+0200][17.739s] GC(536) Metaspace: 60621K(61184K)->60621K(61184K) NonClass: 52422K(52736K)->52422K(52736K) Class: 8199K(8448K)->8199K(8448K)
[2025-06-28T00:21:23.691+0200][17.739s] GC(536) Pause Full (G1 Compaction Pause) 19M->19M(22M) 39.194ms
[2025-06-28T00:21:23.691+0200][17.739s] GC(536) User=0.06s Sys=0.00s Real=0.04s
[2025-06-28T00:21:23.692+0200][17.740s] GC(535) Concurrent Mark From Roots 38.708ms
[2025-06-28T00:21:23.692+0200][17.740s] GC(535) Concurrent Mark Abort
[2025-06-28T00:21:23.692+0200][17.740s] GC(535) Concurrent Mark Cycle 39.813ms
[2025-06-28T00:21:23.702+0200][17.750s] GC(537) Pause Young (Normal) (G1 Evacuation Pause)
[2025-06-28T00:21:23.702+0200][17.750s] GC(537) Using 8 workers of 10 for evacuation
[2025-06-28T00:21:23.705+0200][17.752s] GC(537)   Pre Evacuate Collection Set: 0.2ms
[2025-06-28T00:21:23.705+0200][17.753s] GC(537)   Merge Heap Roots: 0.1ms
[2025-06-28T00:21:23.705+0200][17.753s] GC(537)   Evacuate Collection Set: 1.4ms
[2025-06-28T00:21:23.705+0200][17.753s] GC(537)   Post Evacuate Collection Set: 0.5ms
[2025-06-28T00:21:23.705+0200][17.753s] GC(537)   Other: 0.1ms
[2025-06-28T00:21:23.705+0200][17.753s] GC(537) Eden regions: 1->0(0)
[2025-06-28T00:21:23.705+0200][17.753s] GC(537) Survivor regions: 0->1(1)
[2025-06-28T00:21:23.705+0200][17.753s] GC(537) Old regions: 20->20
[2025-06-28T00:21:23.705+0200][17.753s] GC(537) Humongous regions: 0->0
[2025-06-28T00:21:23.705+0200][17.753s] GC(537) Metaspace: 60625K(61184K)->60625K(61184K) NonClass: 52425K(52736K)->52425K(52736K) Class: 8199K(8448K)->8199K(8448K)
[2025-06-28T00:21:23.705+0200][17.753s] GC(537) Pause Young (Normal) (G1 Evacuation Pause) 20M->19M(22M) 2.701ms
[2025-06-28T00:21:23.705+0200][17.753s] GC(537) User=0.00s Sys=0.00s Real=0.00s
[2025-06-28T00:21:23.705+0200][17.753s] Attempting full compaction
[2025-06-28T00:21:23.705+0200][17.753s] GC(538) Pause Full (G1 Compaction Pause)
[2025-06-28T00:21:23.705+0200][17.753s] GC(538) Using 2 workers of 10 for full compaction
[2025-06-28T00:21:23.705+0200][17.753s] GC(538) Phase 1: Mark live objects
[2025-06-28T00:21:23.725+0200][17.773s] GC(538) Phase 1: Mark live objects 20.240ms
[2025-06-28T00:21:23.725+0200][17.773s] GC(538) Phase 2: Prepare compaction
[2025-06-28T00:21:23.726+0200][17.774s] GC(538) Phase 2: Prepare compaction 0.869ms
[2025-06-28T00:21:23.726+0200][17.774s] GC(538) Phase 3: Adjust pointers
[2025-06-28T00:21:23.735+0200][17.784s] GC(538) Phase 3: Adjust pointers 9.676ms
[2025-06-28T00:21:23.735+0200][17.784s] GC(538) Phase 4: Compact heap
[2025-06-28T00:21:23.736+0200][17.785s] GC(538) Phase 4: Compact heap 0.830ms
[2025-06-28T00:21:23.736+0200][17.785s] GC(538) Phase 5: Reset Metadata
[2025-06-28T00:21:23.740+0200][17.789s] GC(538) Phase 5: Reset Metadata 3.829ms
[2025-06-28T00:21:23.744+0200][17.792s] GC(538) Eden regions: 0->0(1)
[2025-06-28T00:21:23.744+0200][17.792s] GC(538) Survivor regions: 1->0(1)
[2025-06-28T00:21:23.744+0200][17.792s] GC(538) Old regions: 20->21
[2025-06-28T00:21:23.744+0200][17.792s] GC(538) Humongous regions: 0->0
[2025-06-28T00:21:23.744+0200][17.792s] GC(538) Metaspace: 60625K(61184K)->60625K(61184K) NonClass: 52425K(52736K)->52425K(52736K) Class: 8199K(8448K)->8199K(8448K)
[2025-06-28T00:21:23.744+0200][17.792s] GC(538) Pause Full (G1 Compaction Pause) 19M->19M(22M) 39.690ms
[2025-06-28T00:21:23.744+0200][17.793s] GC(538) User=0.06s Sys=0.00s Real=0.04s
[2025-06-28T00:21:23.778+0200][17.826s] GC(539) Pause Young (Concurrent Start) (G1 Evacuation Pause)
[2025-06-28T00:21:23.778+0200][17.827s] GC(539) Using 8 workers of 10 for evacuation
[2025-06-28T00:21:23.781+0200][17.828s] GC(539)   Pre Evacuate Collection Set: 0.2ms
[2025-06-28T00:21:23.781+0200][17.828s] GC(539)   Merge Heap Roots: 0.2ms
[2025-06-28T00:21:23.781+0200][17.828s] GC(539)   Evacuate Collection Set: 0.6ms
[2025-06-28T00:21:23.781+0200][17.828s] GC(539)   Post Evacuate Collection Set: 0.6ms
[2025-06-28T00:21:23.781+0200][17.828s] GC(539)   Other: 0.2ms
[2025-06-28T00:21:23.781+0200][17.828s] GC(539) Eden regions: 1->0(0)
[2025-06-28T00:21:23.781+0200][17.828s] GC(539) Survivor regions: 0->0(0)
[2025-06-28T00:21:23.781+0200][17.828s] GC(539) Old regions: 21->22
[2025-06-28T00:21:23.781+0200][17.828s] GC(539) Humongous regions: 0->0
[2025-06-28T00:21:23.781+0200][17.828s] GC(539) Metaspace: 60677K(61184K)->60677K(61184K) NonClass: 52470K(52736K)->52470K(52736K) Class: 8206K(8448K)->8206K(8448K)
[2025-06-28T00:21:23.781+0200][17.828s] GC(539) Pause Young (Concurrent Start) (G1 Evacuation Pause) (Evacuation Failure) 20M->20M(22M) 2.011ms
[2025-06-28T00:21:23.781+0200][17.828s] GC(539) User=0.00s Sys=0.00s Real=0.00s
[2025-06-28T00:21:23.781+0200][17.829s] Attempting full compaction
[2025-06-28T00:21:23.781+0200][17.829s] GC(540) Concurrent Mark Cycle
[2025-06-28T00:21:23.781+0200][17.829s] GC(541) Pause Full (G1 Compaction Pause)
[2025-06-28T00:21:23.781+0200][17.829s] GC(540) Concurrent Scan Root Regions
[2025-06-28T00:21:23.781+0200][17.829s] GC(541) Using 2 workers of 10 for full compaction
[2025-06-28T00:21:23.781+0200][17.829s] GC(540) Concurrent Scan Root Regions 0.175ms
[2025-06-28T00:21:23.781+0200][17.829s] GC(540) Concurrent Mark
[2025-06-28T00:21:23.781+0200][17.829s] GC(540) Concurrent Mark From Roots
[2025-06-28T00:21:23.781+0200][17.829s] GC(540) Using 3 workers of 3 for marking
[2025-06-28T00:21:23.781+0200][17.829s] GC(541) Phase 1: Mark live objects
[2025-06-28T00:21:23.803+0200][17.852s] GC(541) Phase 1: Mark live objects 22.789ms
[2025-06-28T00:21:23.804+0200][17.852s] GC(541) Phase 2: Prepare compaction
[2025-06-28T00:21:23.804+0200][17.853s] GC(541) Phase 2: Prepare compaction 0.636ms
[2025-06-28T00:21:23.804+0200][17.853s] GC(541) Phase 3: Adjust pointers
[2025-06-28T00:21:23.814+0200][17.862s] GC(541) Phase 3: Adjust pointers 9.821ms
[2025-06-28T00:21:23.814+0200][17.863s] GC(541) Phase 4: Compact heap
[2025-06-28T00:21:23.815+0200][17.863s] GC(541) Phase 4: Compact heap 0.794ms
[2025-06-28T00:21:23.815+0200][17.863s] GC(541) Phase 5: Reset Metadata
[2025-06-28T00:21:23.818+0200][17.867s] GC(541) Phase 5: Reset Metadata 3.389ms
[2025-06-28T00:21:23.823+0200][17.872s] GC(541) Eden regions: 0->0(1)
[2025-06-28T00:21:23.823+0200][17.872s] GC(541) Survivor regions: 0->0(0)
[2025-06-28T00:21:23.823+0200][17.872s] GC(541) Old regions: 22->20
[2025-06-28T00:21:23.823+0200][17.872s] GC(541) Humongous regions: 0->0
[2025-06-28T00:21:23.823+0200][17.872s] GC(541) Metaspace: 60677K(61184K)->60677K(61184K) NonClass: 52470K(52736K)->52470K(52736K) Class: 8206K(8448K)->8206K(8448K)
[2025-06-28T00:21:23.823+0200][17.872s] GC(541) Pause Full (G1 Compaction Pause) 20M->19M(22M) 43.250ms
[2025-06-28T00:21:23.823+0200][17.872s] GC(541) User=0.08s Sys=0.00s Real=0.04s
[2025-06-28T00:21:23.824+0200][17.873s] GC(540) Concurrent Mark From Roots 43.660ms
[2025-06-28T00:21:23.824+0200][17.873s] GC(540) Concurrent Mark Abort
[2025-06-28T00:21:23.824+0200][17.873s] GC(540) Concurrent Mark Cycle 44.198ms
[2025-06-28T00:21:23.842+0200][17.891s] GC(542) Pause Young (Normal) (G1 Evacuation Pause)
[2025-06-28T00:21:23.842+0200][17.891s] GC(542) Using 8 workers of 10 for evacuation
[2025-06-28T00:21:23.844+0200][17.892s] GC(542)   Pre Evacuate Collection Set: 0.3ms
[2025-06-28T00:21:23.844+0200][17.892s] GC(542)   Merge Heap Roots: 0.2ms
[2025-06-28T00:21:23.844+0200][17.892s] GC(542)   Evacuate Collection Set: 0.4ms
[2025-06-28T00:21:23.844+0200][17.892s] GC(542)   Post Evacuate Collection Set: 0.7ms
[2025-06-28T00:21:23.844+0200][17.892s] GC(542)   Other: 0.1ms
[2025-06-28T00:21:23.844+0200][17.892s] GC(542) Eden regions: 1->0(0)
[2025-06-28T00:21:23.844+0200][17.892s] GC(542) Survivor regions: 0->1(1)
[2025-06-28T00:21:23.844+0200][17.892s] GC(542) Old regions: 20->20
[2025-06-28T00:21:23.844+0200][17.892s] GC(542) Humongous regions: 0->0
[2025-06-28T00:21:23.844+0200][17.892s] GC(542) Metaspace: 60729K(61248K)->60729K(61248K) NonClass: 52515K(52800K)->52515K(52800K) Class: 8214K(8448K)->8214K(8448K)
[2025-06-28T00:21:23.844+0200][17.892s] GC(542) Pause Young (Normal) (G1 Evacuation Pause) 20M->19M(22M) 1.871ms
[2025-06-28T00:21:23.844+0200][17.892s] GC(542) User=0.00s Sys=0.00s Real=0.00s
[2025-06-28T00:21:23.844+0200][17.892s] Attempting full compaction
[2025-06-28T00:21:23.844+0200][17.892s] GC(543) Pause Full (G1 Compaction Pause)
[2025-06-28T00:21:23.844+0200][17.892s] GC(543) Using 2 workers of 10 for full compaction
[2025-06-28T00:21:23.844+0200][17.893s] GC(543) Phase 1: Mark live objects
[2025-06-28T00:21:23.869+0200][17.918s] GC(543) Phase 1: Mark live objects 25.417ms
[2025-06-28T00:21:23.869+0200][17.918s] GC(543) Phase 2: Prepare compaction
[2025-06-28T00:21:23.871+0200][17.919s] GC(543) Phase 2: Prepare compaction 0.601ms
[2025-06-28T00:21:23.871+0200][17.919s] GC(543) Phase 3: Adjust pointers
[2025-06-28T00:21:23.881+0200][17.928s] GC(543) Phase 3: Adjust pointers 9.432ms
[2025-06-28T00:21:23.881+0200][17.928s] GC(543) Phase 4: Compact heap
[2025-06-28T00:21:23.881+0200][17.929s] GC(543) Phase 4: Compact heap 0.619ms
[2025-06-28T00:21:23.881+0200][17.929s] GC(543) Phase 5: Reset Metadata
[2025-06-28T00:21:23.885+0200][17.932s] GC(543) Phase 5: Reset Metadata 3.444ms
[2025-06-28T00:21:23.889+0200][17.937s] GC(543) Eden regions: 0->0(1)
[2025-06-28T00:21:23.889+0200][17.937s] GC(543) Survivor regions: 1->0(1)
[2025-06-28T00:21:23.889+0200][17.937s] GC(543) Old regions: 20->21
[2025-06-28T00:21:23.889+0200][17.937s] GC(543) Humongous regions: 0->0
[2025-06-28T00:21:23.889+0200][17.937s] GC(543) Metaspace: 60729K(61248K)->60729K(61248K) NonClass: 52515K(52800K)->52515K(52800K) Class: 8214K(8448K)->8214K(8448K)
[2025-06-28T00:21:23.890+0200][17.937s] GC(543) Pause Full (G1 Compaction Pause) 19M->19M(22M) 44.698ms
[2025-06-28T00:21:23.890+0200][17.937s] GC(543) User=0.08s Sys=0.00s Real=0.05s
[2025-06-28T00:21:23.900+0200][17.949s] GC(544) Pause Young (Concurrent Start) (G1 Evacuation Pause)
[2025-06-28T00:21:23.900+0200][17.949s] GC(544) Using 8 workers of 10 for evacuation
[2025-06-28T00:21:23.902+0200][17.950s] GC(544)   Pre Evacuate Collection Set: 0.2ms
[2025-06-28T00:21:23.902+0200][17.950s] GC(544)   Merge Heap Roots: 0.1ms
[2025-06-28T00:21:23.902+0200][17.950s] GC(544)   Evacuate Collection Set: 0.7ms
[2025-06-28T00:21:23.902+0200][17.950s] GC(544)   Post Evacuate Collection Set: 0.5ms
[2025-06-28T00:21:23.902+0200][17.950s] GC(544)   Other: 0.2ms
[2025-06-28T00:21:23.902+0200][17.950s] GC(544) Eden regions: 1->0(0)
[2025-06-28T00:21:23.902+0200][17.950s] GC(544) Survivor regions: 0->0(0)
[2025-06-28T00:21:23.902+0200][17.950s] GC(544) Old regions: 21->22
[2025-06-28T00:21:23.902+0200][17.950s] GC(544) Humongous regions: 0->0
[2025-06-28T00:21:23.902+0200][17.950s] GC(544) Metaspace: 60778K(61312K)->60778K(61312K) NonClass: 52557K(52864K)->52557K(52864K) Class: 8221K(8448K)->8221K(8448K)
[2025-06-28T00:21:23.902+0200][17.950s] GC(544) Pause Young (Concurrent Start) (G1 Evacuation Pause) (Evacuation Failure) 20M->20M(22M) 1.870ms
[2025-06-28T00:21:23.902+0200][17.950s] GC(544) User=0.02s Sys=0.00s Real=0.00s
[2025-06-28T00:21:23.902+0200][17.951s] GC(545) Concurrent Mark Cycle
[2025-06-28T00:21:23.902+0200][17.951s] Attempting full compaction
[2025-06-28T00:21:23.902+0200][17.951s] GC(545) Concurrent Scan Root Regions
[2025-06-28T00:21:23.902+0200][17.951s] GC(546) Pause Full (G1 Compaction Pause)
[2025-06-28T00:21:23.902+0200][17.951s] GC(545) Concurrent Scan Root Regions 0.098ms
[2025-06-28T00:21:23.902+0200][17.951s] GC(546) Using 2 workers of 10 for full compaction
[2025-06-28T00:21:23.903+0200][17.951s] GC(545) Concurrent Mark
[2025-06-28T00:21:23.903+0200][17.951s] GC(545) Concurrent Mark From Roots
[2025-06-28T00:21:23.903+0200][17.951s] GC(545) Using 3 workers of 3 for marking
[2025-06-28T00:21:23.903+0200][17.951s] GC(546) Phase 1: Mark live objects
[2025-06-28T00:21:23.928+0200][17.976s] GC(546) Phase 1: Mark live objects 25.474ms
[2025-06-28T00:21:23.928+0200][17.977s] GC(546) Phase 2: Prepare compaction
[2025-06-28T00:21:23.928+0200][17.977s] GC(546) Phase 2: Prepare compaction 0.288ms
[2025-06-28T00:21:23.928+0200][17.977s] GC(546) Phase 3: Adjust pointers
[2025-06-28T00:21:23.939+0200][17.987s] GC(546) Phase 3: Adjust pointers 10.330ms
[2025-06-28T00:21:23.939+0200][17.987s] GC(546) Phase 4: Compact heap
[2025-06-28T00:21:23.939+0200][17.988s] GC(546) Phase 4: Compact heap 0.362ms
[2025-06-28T00:21:23.939+0200][17.988s] GC(546) Phase 5: Reset Metadata
[2025-06-28T00:21:23.943+0200][17.992s] GC(546) Phase 5: Reset Metadata 3.976ms
[2025-06-28T00:21:23.948+0200][17.996s] GC(546) Eden regions: 0->0(1)
[2025-06-28T00:21:23.948+0200][17.996s] GC(546) Survivor regions: 0->0(0)
[2025-06-28T00:21:23.948+0200][17.996s] GC(546) Old regions: 22->21
[2025-06-28T00:21:23.948+0200][17.996s] GC(546) Humongous regions: 0->0
[2025-06-28T00:21:23.948+0200][17.996s] GC(546) Metaspace: 60778K(61312K)->60778K(61312K) NonClass: 52557K(52864K)->52557K(52864K) Class: 8221K(8448K)->8221K(8448K)
[2025-06-28T00:21:23.948+0200][17.996s] GC(546) Pause Full (G1 Compaction Pause) 20M->19M(22M) 45.263ms
[2025-06-28T00:21:23.948+0200][17.996s] GC(546) User=0.06s Sys=0.00s Real=0.05s
[2025-06-28T00:21:23.948+0200][17.996s] GC(545) Concurrent Mark From Roots 45.246ms
[2025-06-28T00:21:23.948+0200][17.996s] GC(545) Concurrent Mark Abort
[2025-06-28T00:21:23.948+0200][17.996s] GC(545) Concurrent Mark Cycle 45.657ms
[2025-06-28T00:21:23.960+0200][18.009s] GC(547) Pause Young (Normal) (G1 Evacuation Pause)
[2025-06-28T00:21:23.961+0200][18.009s] GC(547) Using 8 workers of 10 for evacuation
[2025-06-28T00:21:23.963+0200][18.010s] GC(547)   Pre Evacuate Collection Set: 0.1ms
[2025-06-28T00:21:23.963+0200][18.010s] GC(547)   Merge Heap Roots: 0.2ms
[2025-06-28T00:21:23.963+0200][18.010s] GC(547)   Evacuate Collection Set: 0.4ms
[2025-06-28T00:21:23.963+0200][18.010s] GC(547)   Post Evacuate Collection Set: 0.5ms
[2025-06-28T00:21:23.963+0200][18.010s] GC(547)   Other: 0.1ms
[2025-06-28T00:21:23.963+0200][18.010s] GC(547) Eden regions: 1->0(0)
[2025-06-28T00:21:23.963+0200][18.010s] GC(547) Survivor regions: 0->0(0)
[2025-06-28T00:21:23.963+0200][18.010s] GC(547) Old regions: 21->22
[2025-06-28T00:21:23.963+0200][18.010s] GC(547) Humongous regions: 0->0
[2025-06-28T00:21:23.963+0200][18.011s] GC(547) Metaspace: 60835K(61312K)->60835K(61312K) NonClass: 52607K(52864K)->52607K(52864K) Class: 8228K(8448K)->8228K(8448K)
[2025-06-28T00:21:23.963+0200][18.011s] GC(547) Pause Young (Normal) (G1 Evacuation Pause) (Evacuation Failure) 20M->20M(22M) 1.570ms
[2025-06-28T00:21:23.963+0200][18.011s] GC(547) User=0.00s Sys=0.00s Real=0.00s
[2025-06-28T00:21:23.963+0200][18.011s] Attempting full compaction
[2025-06-28T00:21:23.963+0200][18.011s] GC(548) Pause Full (G1 Compaction Pause)
[2025-06-28T00:21:23.963+0200][18.011s] GC(548) Using 2 workers of 10 for full compaction
[2025-06-28T00:21:23.963+0200][18.011s] GC(548) Phase 1: Mark live objects
[2025-06-28T00:21:23.990+0200][18.038s] GC(548) Phase 1: Mark live objects 27.287ms
[2025-06-28T00:21:23.990+0200][18.038s] GC(548) Phase 2: Prepare compaction
[2025-06-28T00:21:23.991+0200][18.039s] GC(548) Phase 2: Prepare compaction 0.322ms
[2025-06-28T00:21:23.991+0200][18.039s] GC(548) Phase 3: Adjust pointers
[2025-06-28T00:21:24.001+0200][18.050s] GC(548) Phase 3: Adjust pointers 11.043ms
[2025-06-28T00:21:24.001+0200][18.050s] GC(548) Phase 4: Compact heap
[2025-06-28T00:21:24.001+0200][18.050s] GC(548) Phase 4: Compact heap 0.289ms
[2025-06-28T00:21:24.001+0200][18.050s] GC(548) Phase 5: Reset Metadata
[2025-06-28T00:21:24.005+0200][18.054s] GC(548) Phase 5: Reset Metadata 3.671ms
[2025-06-28T00:21:24.010+0200][18.059s] GC(548) Eden regions: 0->0(1)
[2025-06-28T00:21:24.010+0200][18.059s] GC(548) Survivor regions: 0->0(0)
[2025-06-28T00:21:24.010+0200][18.059s] GC(548) Old regions: 22->21
[2025-06-28T00:21:24.010+0200][18.059s] GC(548) Humongous regions: 0->0
[2025-06-28T00:21:24.010+0200][18.059s] GC(548) Metaspace: 60835K(61312K)->60835K(61312K) NonClass: 52607K(52864K)->52607K(52864K) Class: 8228K(8448K)->8228K(8448K)
[2025-06-28T00:21:24.010+0200][18.059s] GC(548) Pause Full (G1 Compaction Pause) 20M->19M(22M) 48.095ms
[2025-06-28T00:21:24.010+0200][18.059s] GC(548) User=0.16s Sys=0.00s Real=0.05s
[2025-06-28T00:21:24.034+0200][18.083s] GC(549) Pause Young (Concurrent Start) (G1 Evacuation Pause)
[2025-06-28T00:21:24.034+0200][18.083s] GC(549) Using 8 workers of 10 for evacuation
[2025-06-28T00:21:24.036+0200][18.084s] GC(549)   Pre Evacuate Collection Set: 0.2ms
[2025-06-28T00:21:24.036+0200][18.084s] GC(549)   Merge Heap Roots: 0.1ms
[2025-06-28T00:21:24.036+0200][18.084s] GC(549)   Evacuate Collection Set: 0.9ms
[2025-06-28T00:21:24.036+0200][18.085s] GC(549)   Post Evacuate Collection Set: 0.4ms
[2025-06-28T00:21:24.036+0200][18.085s] GC(549)   Other: 0.1ms
[2025-06-28T00:21:24.036+0200][18.085s] GC(549) Eden regions: 1->0(0)
[2025-06-28T00:21:24.036+0200][18.085s] GC(549) Survivor regions: 0->0(0)
[2025-06-28T00:21:24.036+0200][18.085s] GC(549) Old regions: 21->22
[2025-06-28T00:21:24.036+0200][18.085s] GC(549) Humongous regions: 0->0
[2025-06-28T00:21:24.036+0200][18.085s] GC(549) Metaspace: 60966K(61504K)->60966K(61504K) NonClass: 52722K(53056K)->52722K(53056K) Class: 8243K(8448K)->8243K(8448K)
[2025-06-28T00:21:24.036+0200][18.085s] GC(549) Pause Young (Concurrent Start) (G1 Evacuation Pause) (Evacuation Failure) 20M->20M(22M) 1.901ms
[2025-06-28T00:21:24.036+0200][18.085s] GC(549) User=0.00s Sys=0.00s Real=0.00s
[2025-06-28T00:21:24.036+0200][18.085s] GC(550) Concurrent Mark Cycle
[2025-06-28T00:21:24.036+0200][18.085s] Attempting full compaction
[2025-06-28T00:21:24.036+0200][18.085s] GC(550) Concurrent Scan Root Regions
[2025-06-28T00:21:24.036+0200][18.085s] GC(551) Pause Full (G1 Compaction Pause)
[2025-06-28T00:21:24.036+0200][18.085s] GC(550) Concurrent Scan Root Regions 0.101ms
[2025-06-28T00:21:24.036+0200][18.085s] GC(551) Using 2 workers of 10 for full compaction
[2025-06-28T00:21:24.036+0200][18.085s] GC(550) Concurrent Mark
[2025-06-28T00:21:24.036+0200][18.085s] GC(550) Concurrent Mark From Roots
[2025-06-28T00:21:24.036+0200][18.085s] GC(550) Using 3 workers of 3 for marking
[2025-06-28T00:21:24.037+0200][18.085s] GC(551) Phase 1: Mark live objects
[2025-06-28T00:21:24.060+0200][18.108s] GC(551) Phase 1: Mark live objects 23.081ms
[2025-06-28T00:21:24.060+0200][18.108s] GC(551) Phase 2: Prepare compaction
[2025-06-28T00:21:24.060+0200][18.109s] GC(551) Phase 2: Prepare compaction 0.464ms
[2025-06-28T00:21:24.060+0200][18.109s] GC(551) Phase 3: Adjust pointers
[2025-06-28T00:21:24.069+0200][18.118s] GC(551) Phase 3: Adjust pointers 8.827ms
[2025-06-28T00:21:24.069+0200][18.118s] GC(551) Phase 4: Compact heap
[2025-06-28T00:21:24.070+0200][18.118s] GC(551) Phase 4: Compact heap 0.581ms
[2025-06-28T00:21:24.070+0200][18.118s] GC(551) Phase 5: Reset Metadata
[2025-06-28T00:21:24.075+0200][18.122s] GC(551) Phase 5: Reset Metadata 4.033ms
[2025-06-28T00:21:24.079+0200][18.127s] GC(551) Eden regions: 0->0(1)
[2025-06-28T00:21:24.079+0200][18.127s] GC(551) Survivor regions: 0->0(0)
[2025-06-28T00:21:24.079+0200][18.127s] GC(551) Old regions: 22->21
[2025-06-28T00:21:24.079+0200][18.127s] GC(551) Humongous regions: 0->0
[2025-06-28T00:21:24.079+0200][18.127s] GC(551) Metaspace: 60966K(61504K)->60966K(61504K) NonClass: 52722K(53056K)->52722K(53056K) Class: 8243K(8448K)->8243K(8448K)
[2025-06-28T00:21:24.079+0200][18.127s] GC(551) Pause Full (G1 Compaction Pause) 20M->19M(22M) 41.867ms
[2025-06-28T00:21:24.079+0200][18.127s] GC(551) User=0.11s Sys=0.00s Real=0.04s
[2025-06-28T00:21:24.079+0200][18.127s] GC(550) Concurrent Mark From Roots 41.815ms
[2025-06-28T00:21:24.079+0200][18.127s] GC(550) Concurrent Mark Abort
[2025-06-28T00:21:24.079+0200][18.127s] GC(550) Concurrent Mark Cycle 42.191ms
[2025-06-28T00:21:24.091+0200][18.139s] GC(552) Pause Young (Normal) (G1 Evacuation Pause)
[2025-06-28T00:21:24.091+0200][18.139s] GC(552) Using 8 workers of 10 for evacuation
[2025-06-28T00:21:24.091+0200][18.140s] GC(552)   Pre Evacuate Collection Set: 0.2ms
[2025-06-28T00:21:24.091+0200][18.140s] GC(552)   Merge Heap Roots: 0.1ms
[2025-06-28T00:21:24.093+0200][18.140s] GC(552)   Evacuate Collection Set: 0.4ms
[2025-06-28T00:21:24.093+0200][18.140s] GC(552)   Post Evacuate Collection Set: 0.5ms
[2025-06-28T00:21:24.093+0200][18.140s] GC(552)   Other: 0.1ms
[2025-06-28T00:21:24.093+0200][18.140s] GC(552) Eden regions: 1->0(0)
[2025-06-28T00:21:24.093+0200][18.140s] GC(552) Survivor regions: 0->0(0)
[2025-06-28T00:21:24.093+0200][18.140s] GC(552) Old regions: 21->22
[2025-06-28T00:21:24.093+0200][18.140s] GC(552) Humongous regions: 0->0
[2025-06-28T00:21:24.093+0200][18.140s] GC(552) Metaspace: 60971K(61504K)->60971K(61504K) NonClass: 52727K(53056K)->52727K(53056K) Class: 8243K(8448K)->8243K(8448K)
[2025-06-28T00:21:24.093+0200][18.140s] GC(552) Pause Young (Normal) (G1 Evacuation Pause) (Evacuation Failure) 20M->20M(22M) 1.614ms
[2025-06-28T00:21:24.093+0200][18.140s] GC(552) User=0.00s Sys=0.00s Real=0.00s
[2025-06-28T00:21:24.093+0200][18.140s] Attempting full compaction
[2025-06-28T00:21:24.093+0200][18.140s] GC(553) Pause Full (G1 Compaction Pause)
[2025-06-28T00:21:24.093+0200][18.140s] GC(553) Using 2 workers of 10 for full compaction
[2025-06-28T00:21:24.093+0200][18.140s] GC(553) Phase 1: Mark live objects
[2025-06-28T00:21:24.115+0200][18.163s] GC(553) Phase 1: Mark live objects 22.800ms
[2025-06-28T00:21:24.115+0200][18.163s] GC(553) Phase 2: Prepare compaction
[2025-06-28T00:21:24.116+0200][18.164s] GC(553) Phase 2: Prepare compaction 0.551ms
[2025-06-28T00:21:24.116+0200][18.164s] GC(553) Phase 3: Adjust pointers
[2025-06-28T00:21:24.125+0200][18.173s] GC(553) Phase 3: Adjust pointers 9.617ms
[2025-06-28T00:21:24.125+0200][18.174s] GC(553) Phase 4: Compact heap
[2025-06-28T00:21:24.126+0200][18.174s] GC(553) Phase 4: Compact heap 0.526ms
[2025-06-28T00:21:24.126+0200][18.174s] GC(553) Phase 5: Reset Metadata
[2025-06-28T00:21:24.129+0200][18.177s] GC(553) Phase 5: Reset Metadata 3.336ms
[2025-06-28T00:21:24.133+0200][18.181s] GC(553) Eden regions: 0->0(1)
[2025-06-28T00:21:24.133+0200][18.181s] GC(553) Survivor regions: 0->0(0)
[2025-06-28T00:21:24.133+0200][18.181s] GC(553) Old regions: 22->21
[2025-06-28T00:21:24.133+0200][18.181s] GC(553) Humongous regions: 0->0
[2025-06-28T00:21:24.133+0200][18.181s] GC(553) Metaspace: 60971K(61504K)->60971K(61504K) NonClass: 52727K(53056K)->52727K(53056K) Class: 8243K(8448K)->8243K(8448K)
[2025-06-28T00:21:24.133+0200][18.181s] GC(553) Pause Full (G1 Compaction Pause) 20M->19M(22M) 40.705ms
[2025-06-28T00:21:24.133+0200][18.181s] GC(553) User=0.06s Sys=0.00s Real=0.04s
[2025-06-28T00:21:24.146+0200][18.194s] GC(554) Pause Young (Concurrent Start) (G1 Evacuation Pause)
[2025-06-28T00:21:24.146+0200][18.194s] GC(554) Using 8 workers of 10 for evacuation
[2025-06-28T00:21:24.147+0200][18.196s] GC(554)   Pre Evacuate Collection Set: 0.2ms
[2025-06-28T00:21:24.147+0200][18.196s] GC(554)   Merge Heap Roots: 0.1ms
[2025-06-28T00:21:24.147+0200][18.196s] GC(554)   Evacuate Collection Set: 0.7ms
[2025-06-28T00:21:24.147+0200][18.196s] GC(554)   Post Evacuate Collection Set: 0.5ms
[2025-06-28T00:21:24.147+0200][18.196s] GC(554)   Other: 0.1ms
[2025-06-28T00:21:24.147+0200][18.196s] GC(554) Eden regions: 1->0(0)
[2025-06-28T00:21:24.147+0200][18.196s] GC(554) Survivor regions: 0->0(0)
[2025-06-28T00:21:24.147+0200][18.196s] GC(554) Old regions: 21->22
[2025-06-28T00:21:24.147+0200][18.196s] GC(554) Humongous regions: 0->0
[2025-06-28T00:21:24.147+0200][18.196s] GC(554) Metaspace: 61015K(61504K)->61015K(61504K) NonClass: 52761K(53056K)->52761K(53056K) Class: 8253K(8448K)->8253K(8448K)
[2025-06-28T00:21:24.147+0200][18.196s] GC(554) Pause Young (Concurrent Start) (G1 Evacuation Pause) (Evacuation Failure) 20M->20M(22M) 1.878ms
[2025-06-28T00:21:24.147+0200][18.196s] GC(555) Concurrent Mark Cycle
[2025-06-28T00:21:24.147+0200][18.196s] GC(554) User=0.00s Sys=0.00s Real=0.00s
[2025-06-28T00:21:24.147+0200][18.196s] GC(555) Concurrent Scan Root Regions
[2025-06-28T00:21:24.147+0200][18.196s] Attempting full compaction
[2025-06-28T00:21:24.147+0200][18.196s] GC(555) Concurrent Scan Root Regions 0.080ms
[2025-06-28T00:21:24.147+0200][18.196s] GC(556) Pause Full (G1 Compaction Pause)
[2025-06-28T00:21:24.147+0200][18.196s] GC(555) Concurrent Mark
[2025-06-28T00:21:24.149+0200][18.196s] GC(555) Concurrent Mark From Roots
[2025-06-28T00:21:24.149+0200][18.196s] GC(556) Using 2 workers of 10 for full compaction
[2025-06-28T00:21:24.149+0200][18.196s] GC(555) Using 3 workers of 3 for marking
[2025-06-28T00:21:24.149+0200][18.196s] GC(556) Phase 1: Mark live objects
[2025-06-28T00:21:24.176+0200][18.223s] GC(556) Phase 1: Mark live objects 26.995ms
[2025-06-28T00:21:24.176+0200][18.224s] GC(556) Phase 2: Prepare compaction
[2025-06-28T00:21:24.176+0200][18.224s] GC(556) Phase 2: Prepare compaction 0.468ms
[2025-06-28T00:21:24.176+0200][18.224s] GC(556) Phase 3: Adjust pointers
[2025-06-28T00:21:24.185+0200][18.233s] GC(556) Phase 3: Adjust pointers 8.978ms
[2025-06-28T00:21:24.185+0200][18.233s] GC(556) Phase 4: Compact heap
[2025-06-28T00:21:24.186+0200][18.234s] GC(556) Phase 4: Compact heap 0.446ms
[2025-06-28T00:21:24.186+0200][18.234s] GC(556) Phase 5: Reset Metadata
[2025-06-28T00:21:24.190+0200][18.237s] GC(556) Phase 5: Reset Metadata 3.727ms
[2025-06-28T00:21:24.193+0200][18.241s] GC(556) Eden regions: 0->0(1)
[2025-06-28T00:21:24.193+0200][18.241s] GC(556) Survivor regions: 0->0(0)
[2025-06-28T00:21:24.193+0200][18.241s] GC(556) Old regions: 22->21
[2025-06-28T00:21:24.193+0200][18.241s] GC(556) Humongous regions: 0->0
[2025-06-28T00:21:24.193+0200][18.241s] GC(556) Metaspace: 61015K(61504K)->61015K(61504K) NonClass: 52761K(53056K)->52761K(53056K) Class: 8253K(8448K)->8253K(8448K)
[2025-06-28T00:21:24.193+0200][18.241s] GC(556) Pause Full (G1 Compaction Pause) 20M->19M(22M) 44.643ms
[2025-06-28T00:21:24.193+0200][18.241s] GC(556) User=0.11s Sys=0.00s Real=0.05s
[2025-06-28T00:21:24.193+0200][18.241s] GC(555) Concurrent Mark From Roots 44.769ms
[2025-06-28T00:21:24.193+0200][18.241s] GC(555) Concurrent Mark Abort
[2025-06-28T00:21:24.193+0200][18.241s] GC(555) Concurrent Mark Cycle 45.062ms
[2025-06-28T00:21:24.199+0200][18.247s] GC(557) Pause Young (Normal) (G1 Evacuation Pause)
[2025-06-28T00:21:24.199+0200][18.248s] GC(557) Using 8 workers of 10 for evacuation
[2025-06-28T00:21:24.201+0200][18.249s] GC(557)   Pre Evacuate Collection Set: 0.2ms
[2025-06-28T00:21:24.201+0200][18.249s] GC(557)   Merge Heap Roots: 0.1ms
[2025-06-28T00:21:24.201+0200][18.249s] GC(557)   Evacuate Collection Set: 1.1ms
[2025-06-28T00:21:24.201+0200][18.249s] GC(557)   Post Evacuate Collection Set: 0.4ms
[2025-06-28T00:21:24.201+0200][18.249s] GC(557)   Other: 0.1ms
[2025-06-28T00:21:24.201+0200][18.249s] GC(557) Eden regions: 1->0(0)
[2025-06-28T00:21:24.201+0200][18.249s] GC(557) Survivor regions: 0->0(0)
[2025-06-28T00:21:24.201+0200][18.249s] GC(557) Old regions: 21->22
[2025-06-28T00:21:24.201+0200][18.249s] GC(557) Humongous regions: 0->0
[2025-06-28T00:21:24.201+0200][18.249s] GC(557) Metaspace: 61082K(61568K)->61082K(61568K) NonClass: 52818K(53120K)->52818K(53120K) Class: 8264K(8448K)->8264K(8448K)
[2025-06-28T00:21:24.201+0200][18.249s] GC(557) Pause Young (Normal) (G1 Evacuation Pause) (Evacuation Failure) 20M->20M(22M) 2.060ms
[2025-06-28T00:21:24.201+0200][18.250s] GC(557) User=0.00s Sys=0.00s Real=0.00s
[2025-06-28T00:21:24.201+0200][18.250s] Attempting full compaction
[2025-06-28T00:21:24.201+0200][18.250s] GC(558) Pause Full (G1 Compaction Pause)
[2025-06-28T00:21:24.201+0200][18.250s] GC(558) Using 2 workers of 10 for full compaction
[2025-06-28T00:21:24.201+0200][18.250s] GC(558) Phase 1: Mark live objects
[2025-06-28T00:21:24.225+0200][18.273s] GC(558) Phase 1: Mark live objects 23.231ms
[2025-06-28T00:21:24.225+0200][18.273s] GC(558) Phase 2: Prepare compaction
[2025-06-28T00:21:24.225+0200][18.273s] GC(558) Phase 2: Prepare compaction 0.462ms
[2025-06-28T00:21:24.225+0200][18.273s] GC(558) Phase 3: Adjust pointers
[2025-06-28T00:21:24.235+0200][18.284s] GC(558) Phase 3: Adjust pointers 10.240ms
[2025-06-28T00:21:24.235+0200][18.284s] GC(558) Phase 4: Compact heap
[2025-06-28T00:21:24.236+0200][18.284s] GC(558) Phase 4: Compact heap 0.570ms
[2025-06-28T00:21:24.236+0200][18.284s] GC(558) Phase 5: Reset Metadata
[2025-06-28T00:21:24.240+0200][18.288s] GC(558) Phase 5: Reset Metadata 3.936ms
[2025-06-28T00:21:24.243+0200][18.292s] GC(558) Eden regions: 0->0(1)
[2025-06-28T00:21:24.243+0200][18.292s] GC(558) Survivor regions: 0->0(0)
[2025-06-28T00:21:24.243+0200][18.292s] GC(558) Old regions: 22->21
[2025-06-28T00:21:24.243+0200][18.292s] GC(558) Humongous regions: 0->0
[2025-06-28T00:21:24.243+0200][18.292s] GC(558) Metaspace: 61082K(61568K)->61082K(61568K) NonClass: 52818K(53120K)->52818K(53120K) Class: 8264K(8448K)->8264K(8448K)
[2025-06-28T00:21:24.243+0200][18.292s] GC(558) Pause Full (G1 Compaction Pause) 20M->19M(22M) 42.378ms
[2025-06-28T00:21:24.243+0200][18.292s] GC(558) User=0.06s Sys=0.00s Real=0.04s
[2025-06-28T00:21:24.250+0200][18.298s] GC(559) Pause Young (Concurrent Start) (G1 Evacuation Pause)
[2025-06-28T00:21:24.250+0200][18.298s] GC(559) Using 8 workers of 10 for evacuation
[2025-06-28T00:21:24.251+0200][18.300s] GC(559)   Pre Evacuate Collection Set: 0.3ms
[2025-06-28T00:21:24.251+0200][18.300s] GC(559)   Merge Heap Roots: 0.1ms
[2025-06-28T00:21:24.251+0200][18.300s] GC(559)   Evacuate Collection Set: 0.6ms
[2025-06-28T00:21:24.251+0200][18.300s] GC(559)   Post Evacuate Collection Set: 0.3ms
[2025-06-28T00:21:24.251+0200][18.300s] GC(559)   Other: 0.1ms
[2025-06-28T00:21:24.251+0200][18.300s] GC(559) Eden regions: 1->0(0)
[2025-06-28T00:21:24.251+0200][18.300s] GC(559) Survivor regions: 0->0(0)
[2025-06-28T00:21:24.251+0200][18.300s] GC(559) Old regions: 21->22
[2025-06-28T00:21:24.251+0200][18.300s] GC(559) Humongous regions: 0->0
[2025-06-28T00:21:24.251+0200][18.300s] GC(559) Metaspace: 61166K(61696K)->61166K(61696K) NonClass: 52888K(53184K)->52888K(53184K) Class: 8278K(8512K)->8278K(8512K)
[2025-06-28T00:21:24.251+0200][18.300s] GC(559) Pause Young (Concurrent Start) (G1 Evacuation Pause) (Evacuation Failure) 20M->20M(22M) 1.585ms
[2025-06-28T00:21:24.251+0200][18.300s] GC(559) User=0.00s Sys=0.00s Real=0.00s
[2025-06-28T00:21:24.251+0200][18.300s] GC(560) Concurrent Mark Cycle
[2025-06-28T00:21:24.251+0200][18.300s] Attempting full compaction
[2025-06-28T00:21:24.251+0200][18.300s] GC(560) Concurrent Scan Root Regions
[2025-06-28T00:21:24.251+0200][18.300s] GC(561) Pause Full (G1 Compaction Pause)
[2025-06-28T00:21:24.251+0200][18.300s] GC(560) Concurrent Scan Root Regions 0.126ms
[2025-06-28T00:21:24.252+0200][18.300s] GC(561) Using 2 workers of 10 for full compaction
[2025-06-28T00:21:24.252+0200][18.300s] GC(560) Concurrent Mark
[2025-06-28T00:21:24.252+0200][18.300s] GC(560) Concurrent Mark From Roots
[2025-06-28T00:21:24.252+0200][18.300s] GC(560) Using 3 workers of 3 for marking
[2025-06-28T00:21:24.252+0200][18.300s] GC(561) Phase 1: Mark live objects
[2025-06-28T00:21:24.274+0200][18.323s] GC(561) Phase 1: Mark live objects 22.357ms
[2025-06-28T00:21:24.274+0200][18.323s] GC(561) Phase 2: Prepare compaction
[2025-06-28T00:21:24.275+0200][18.323s] GC(561) Phase 2: Prepare compaction 0.488ms
[2025-06-28T00:21:24.275+0200][18.323s] GC(561) Phase 3: Adjust pointers
[2025-06-28T00:21:24.284+0200][18.333s] GC(561) Phase 3: Adjust pointers 9.587ms
[2025-06-28T00:21:24.284+0200][18.333s] GC(561) Phase 4: Compact heap
[2025-06-28T00:21:24.285+0200][18.333s] GC(561) Phase 4: Compact heap 0.400ms
[2025-06-28T00:21:24.285+0200][18.333s] GC(561) Phase 5: Reset Metadata
[2025-06-28T00:21:24.289+0200][18.337s] GC(561) Phase 5: Reset Metadata 3.816ms
[2025-06-28T00:21:24.293+0200][18.341s] GC(561) Eden regions: 0->0(1)
[2025-06-28T00:21:24.293+0200][18.341s] GC(561) Survivor regions: 0->0(0)
[2025-06-28T00:21:24.293+0200][18.341s] GC(561) Old regions: 22->21
[2025-06-28T00:21:24.293+0200][18.341s] GC(561) Humongous regions: 0->0
[2025-06-28T00:21:24.293+0200][18.341s] GC(561) Metaspace: 61166K(61696K)->61166K(61696K) NonClass: 52888K(53184K)->52888K(53184K) Class: 8278K(8512K)->8278K(8512K)
[2025-06-28T00:21:24.293+0200][18.341s] GC(561) Pause Full (G1 Compaction Pause) 20M->19M(22M) 41.322ms
[2025-06-28T00:21:24.293+0200][18.341s] GC(561) User=0.06s Sys=0.02s Real=0.04s
[2025-06-28T00:21:24.293+0200][18.341s] GC(560) Concurrent Mark From Roots 41.242ms
[2025-06-28T00:21:24.293+0200][18.341s] GC(560) Concurrent Mark Abort
[2025-06-28T00:21:24.293+0200][18.341s] GC(560) Concurrent Mark Cycle 41.627ms
[2025-06-28T00:21:24.298+0200][18.346s] GC(562) Pause Young (Normal) (G1 Evacuation Pause)
[2025-06-28T00:21:24.298+0200][18.346s] GC(562) Using 8 workers of 10 for evacuation
[2025-06-28T00:21:24.299+0200][18.348s] GC(562)   Pre Evacuate Collection Set: 0.2ms
[2025-06-28T00:21:24.299+0200][18.348s] GC(562)   Merge Heap Roots: 0.0ms
[2025-06-28T00:21:24.299+0200][18.348s] GC(562)   Evacuate Collection Set: 0.6ms
[2025-06-28T00:21:24.299+0200][18.348s] GC(562)   Post Evacuate Collection Set: 0.4ms
[2025-06-28T00:21:24.299+0200][18.348s] GC(562)   Other: 0.1ms
[2025-06-28T00:21:24.299+0200][18.348s] GC(562) Eden regions: 1->0(0)
[2025-06-28T00:21:24.300+0200][18.348s] GC(562) Survivor regions: 0->0(0)
[2025-06-28T00:21:24.300+0200][18.348s] GC(562) Old regions: 21->22
[2025-06-28T00:21:24.300+0200][18.348s] GC(562) Humongous regions: 0->0
[2025-06-28T00:21:24.300+0200][18.348s] GC(562) Metaspace: 61261K(61824K)->61261K(61824K) NonClass: 52967K(53312K)->52967K(53312K) Class: 8294K(8512K)->8294K(8512K)
[2025-06-28T00:21:24.300+0200][18.348s] GC(562) Pause Young (Normal) (G1 Evacuation Pause) (Evacuation Failure) 20M->20M(22M) 1.533ms
[2025-06-28T00:21:24.300+0200][18.348s] GC(562) User=0.00s Sys=0.00s Real=0.00s
[2025-06-28T00:21:24.300+0200][18.348s] Attempting full compaction
[2025-06-28T00:21:24.300+0200][18.348s] GC(563) Pause Full (G1 Compaction Pause)
[2025-06-28T00:21:24.300+0200][18.348s] GC(563) Using 2 workers of 10 for full compaction
[2025-06-28T00:21:24.300+0200][18.348s] GC(563) Phase 1: Mark live objects
[2025-06-28T00:21:24.326+0200][18.375s] GC(563) Phase 1: Mark live objects 26.665ms
[2025-06-28T00:21:24.326+0200][18.375s] GC(563) Phase 2: Prepare compaction
[2025-06-28T00:21:24.327+0200][18.375s] GC(563) Phase 2: Prepare compaction 0.431ms
[2025-06-28T00:21:24.327+0200][18.375s] GC(563) Phase 3: Adjust pointers
[2025-06-28T00:21:24.337+0200][18.385s] GC(563) Phase 3: Adjust pointers 9.648ms
[2025-06-28T00:21:24.337+0200][18.385s] GC(563) Phase 4: Compact heap
[2025-06-28T00:21:24.337+0200][18.386s] GC(563) Phase 4: Compact heap 0.652ms
[2025-06-28T00:21:24.337+0200][18.386s] GC(563) Phase 5: Reset Metadata
[2025-06-28T00:21:24.341+0200][18.389s] GC(563) Phase 5: Reset Metadata 3.858ms
[2025-06-28T00:21:24.345+0200][18.393s] GC(563) Eden regions: 0->0(1)
[2025-06-28T00:21:24.345+0200][18.393s] GC(563) Survivor regions: 0->0(0)
[2025-06-28T00:21:24.345+0200][18.393s] GC(563) Old regions: 22->21
[2025-06-28T00:21:24.345+0200][18.393s] GC(563) Humongous regions: 0->0
[2025-06-28T00:21:24.345+0200][18.393s] GC(563) Metaspace: 61261K(61824K)->61261K(61824K) NonClass: 52967K(53312K)->52967K(53312K) Class: 8294K(8512K)->8294K(8512K)
[2025-06-28T00:21:24.345+0200][18.393s] GC(563) Pause Full (G1 Compaction Pause) 20M->19M(22M) 45.206ms
[2025-06-28T00:21:24.345+0200][18.393s] GC(563) User=0.09s Sys=0.00s Real=0.05s
[2025-06-28T00:21:24.349+0200][18.398s] GC(564) Pause Young (Concurrent Start) (G1 Evacuation Pause)
[2025-06-28T00:21:24.349+0200][18.398s] GC(564) Using 8 workers of 10 for evacuation
[2025-06-28T00:21:24.351+0200][18.399s] GC(564)   Pre Evacuate Collection Set: 0.1ms
[2025-06-28T00:21:24.351+0200][18.399s] GC(564)   Merge Heap Roots: 0.0ms
[2025-06-28T00:21:24.351+0200][18.399s] GC(564)   Evacuate Collection Set: 0.7ms
[2025-06-28T00:21:24.351+0200][18.399s] GC(564)   Post Evacuate Collection Set: 0.3ms
[2025-06-28T00:21:24.351+0200][18.399s] GC(564)   Other: 0.1ms
[2025-06-28T00:21:24.351+0200][18.399s] GC(564) Eden regions: 1->0(0)
[2025-06-28T00:21:24.351+0200][18.399s] GC(564) Survivor regions: 0->0(0)
[2025-06-28T00:21:24.351+0200][18.399s] GC(564) Old regions: 21->22
[2025-06-28T00:21:24.351+0200][18.399s] GC(564) Humongous regions: 0->0
[2025-06-28T00:21:24.351+0200][18.399s] GC(564) Metaspace: 61314K(61824K)->61314K(61824K) NonClass: 53008K(53312K)->53008K(53312K) Class: 8306K(8512K)->8306K(8512K)
[2025-06-28T00:21:24.351+0200][18.399s] GC(564) Pause Young (Concurrent Start) (G1 Evacuation Pause) (Evacuation Failure) 20M->20M(22M) 1.439ms
[2025-06-28T00:21:24.351+0200][18.399s] GC(564) User=0.00s Sys=0.00s Real=0.00s
[2025-06-28T00:21:24.351+0200][18.399s] GC(565) Concurrent Mark Cycle
[2025-06-28T00:21:24.351+0200][18.399s] Attempting full compaction
[2025-06-28T00:21:24.351+0200][18.399s] GC(565) Concurrent Scan Root Regions
[2025-06-28T00:21:24.351+0200][18.399s] GC(566) Pause Full (G1 Compaction Pause)
[2025-06-28T00:21:24.351+0200][18.399s] GC(565) Concurrent Scan Root Regions 0.036ms
[2025-06-28T00:21:24.351+0200][18.399s] GC(566) Using 2 workers of 10 for full compaction
[2025-06-28T00:21:24.351+0200][18.399s] GC(565) Concurrent Mark
[2025-06-28T00:21:24.351+0200][18.399s] GC(565) Concurrent Mark From Roots
[2025-06-28T00:21:24.351+0200][18.399s] GC(565) Using 3 workers of 3 for marking
[2025-06-28T00:21:24.351+0200][18.399s] GC(566) Phase 1: Mark live objects
[2025-06-28T00:21:24.378+0200][18.426s] GC(566) Phase 1: Mark live objects 26.790ms
[2025-06-28T00:21:24.378+0200][18.426s] GC(566) Phase 2: Prepare compaction
[2025-06-28T00:21:24.378+0200][18.427s] GC(566) Phase 2: Prepare compaction 0.465ms
[2025-06-28T00:21:24.378+0200][18.427s] GC(566) Phase 3: Adjust pointers
[2025-06-28T00:21:24.387+0200][18.436s] GC(566) Phase 3: Adjust pointers 9.010ms
[2025-06-28T00:21:24.387+0200][18.436s] GC(566) Phase 4: Compact heap
[2025-06-28T00:21:24.388+0200][18.436s] GC(566) Phase 4: Compact heap 0.455ms
[2025-06-28T00:21:24.388+0200][18.437s] GC(566) Phase 5: Reset Metadata
[2025-06-28T00:21:24.393+0200][18.441s] GC(566) Phase 5: Reset Metadata 4.682ms
[2025-06-28T00:21:24.401+0200][18.449s] GC(566) Eden regions: 0->0(1)
[2025-06-28T00:21:24.401+0200][18.449s] GC(566) Survivor regions: 0->0(0)
[2025-06-28T00:21:24.401+0200][18.449s] GC(566) Old regions: 22->21
[2025-06-28T00:21:24.401+0200][18.449s] GC(566) Humongous regions: 0->0
[2025-06-28T00:21:24.401+0200][18.449s] GC(566) Metaspace: 61314K(61824K)->61314K(61824K) NonClass: 53008K(53312K)->53008K(53312K) Class: 8306K(8512K)->8306K(8512K)
[2025-06-28T00:21:24.401+0200][18.449s] GC(566) Pause Full (G1 Compaction Pause) 20M->19M(22M) 49.624ms
[2025-06-28T00:21:24.401+0200][18.449s] GC(566) User=0.09s Sys=0.00s Real=0.05s
[2025-06-28T00:21:24.401+0200][18.449s] GC(565) Concurrent Mark From Roots 49.651ms
[2025-06-28T00:21:24.401+0200][18.449s] GC(565) Concurrent Mark Abort
[2025-06-28T00:21:24.401+0200][18.449s] GC(565) Concurrent Mark Cycle 49.906ms
[2025-06-28T00:21:24.408+0200][18.456s] GC(567) Pause Young (Normal) (G1 Evacuation Pause)
[2025-06-28T00:21:24.408+0200][18.456s] GC(567) Using 8 workers of 10 for evacuation
[2025-06-28T00:21:24.410+0200][18.458s] GC(567)   Pre Evacuate Collection Set: 0.3ms
[2025-06-28T00:21:24.410+0200][18.458s] GC(567)   Merge Heap Roots: 0.1ms
[2025-06-28T00:21:24.410+0200][18.458s] GC(567)   Evacuate Collection Set: 0.4ms
[2025-06-28T00:21:24.410+0200][18.458s] GC(567)   Post Evacuate Collection Set: 0.9ms
[2025-06-28T00:21:24.410+0200][18.458s] GC(567)   Other: 0.1ms
[2025-06-28T00:21:24.410+0200][18.458s] GC(567) Eden regions: 1->0(0)
[2025-06-28T00:21:24.410+0200][18.458s] GC(567) Survivor regions: 0->0(0)
[2025-06-28T00:21:24.410+0200][18.458s] GC(567) Old regions: 21->22
[2025-06-28T00:21:24.410+0200][18.458s] GC(567) Humongous regions: 0->0
[2025-06-28T00:21:24.410+0200][18.458s] GC(567) Metaspace: 61389K(61888K)->61389K(61888K) NonClass: 53074K(53376K)->53074K(53376K) Class: 8315K(8512K)->8315K(8512K)
[2025-06-28T00:21:24.410+0200][18.458s] GC(567) Pause Young (Normal) (G1 Evacuation Pause) (Evacuation Failure) 20M->20M(22M) 2.029ms
[2025-06-28T00:21:24.410+0200][18.458s] GC(567) User=0.00s Sys=0.00s Real=0.00s
[2025-06-28T00:21:24.410+0200][18.458s] Attempting full compaction
[2025-06-28T00:21:24.410+0200][18.458s] GC(568) Pause Full (G1 Compaction Pause)
[2025-06-28T00:21:24.410+0200][18.458s] GC(568) Using 2 workers of 10 for full compaction
[2025-06-28T00:21:24.410+0200][18.458s] GC(568) Phase 1: Mark live objects
[2025-06-28T00:21:24.431+0200][18.479s] GC(568) Phase 1: Mark live objects 20.881ms
[2025-06-28T00:21:24.431+0200][18.479s] GC(568) Phase 2: Prepare compaction
[2025-06-28T00:21:24.432+0200][18.480s] GC(568) Phase 2: Prepare compaction 0.612ms
[2025-06-28T00:21:24.432+0200][18.480s] GC(568) Phase 3: Adjust pointers
[2025-06-28T00:21:24.441+0200][18.489s] GC(568) Phase 3: Adjust pointers 9.436ms
[2025-06-28T00:21:24.441+0200][18.489s] GC(568) Phase 4: Compact heap
[2025-06-28T00:21:24.442+0200][18.490s] GC(568) Phase 4: Compact heap 0.461ms
[2025-06-28T00:21:24.442+0200][18.490s] GC(568) Phase 5: Reset Metadata
[2025-06-28T00:21:24.446+0200][18.493s] GC(568) Phase 5: Reset Metadata 3.866ms
[2025-06-28T00:21:24.450+0200][18.498s] GC(568) Eden regions: 0->0(1)
[2025-06-28T00:21:24.450+0200][18.498s] GC(568) Survivor regions: 0->0(0)
[2025-06-28T00:21:24.450+0200][18.498s] GC(568) Old regions: 22->21
[2025-06-28T00:21:24.450+0200][18.498s] GC(568) Humongous regions: 0->0
[2025-06-28T00:21:24.450+0200][18.498s] GC(568) Metaspace: 61389K(61888K)->61389K(61888K) NonClass: 53074K(53376K)->53074K(53376K) Class: 8315K(8512K)->8315K(8512K)
[2025-06-28T00:21:24.450+0200][18.498s] GC(568) Pause Full (G1 Compaction Pause) 20M->19M(22M) 40.504ms
[2025-06-28T00:21:24.450+0200][18.498s] GC(568) User=0.05s Sys=0.03s Real=0.04s
[2025-06-28T00:21:24.457+0200][18.505s] GC(569) Pause Young (Concurrent Start) (G1 Evacuation Pause)
[2025-06-28T00:21:24.457+0200][18.505s] GC(569) Using 8 workers of 10 for evacuation
[2025-06-28T00:21:24.460+0200][18.507s] GC(569)   Pre Evacuate Collection Set: 0.3ms
[2025-06-28T00:21:24.460+0200][18.507s] GC(569)   Merge Heap Roots: 0.1ms
[2025-06-28T00:21:24.460+0200][18.507s] GC(569)   Evacuate Collection Set: 1.0ms
[2025-06-28T00:21:24.460+0200][18.507s] GC(569)   Post Evacuate Collection Set: 1.0ms
[2025-06-28T00:21:24.460+0200][18.507s] GC(569)   Other: 0.1ms
[2025-06-28T00:21:24.460+0200][18.507s] GC(569) Eden regions: 1->0(0)
[2025-06-28T00:21:24.460+0200][18.507s] GC(569) Survivor regions: 0->0(0)
[2025-06-28T00:21:24.460+0200][18.507s] GC(569) Old regions: 21->22
[2025-06-28T00:21:24.460+0200][18.507s] GC(569) Humongous regions: 0->0
[2025-06-28T00:21:24.460+0200][18.507s] GC(569) Metaspace: 61443K(61952K)->61443K(61952K) NonClass: 53118K(53440K)->53118K(53440K) Class: 8325K(8512K)->8325K(8512K)
[2025-06-28T00:21:24.460+0200][18.507s] GC(569) Pause Young (Concurrent Start) (G1 Evacuation Pause) (Evacuation Failure) 20M->20M(22M) 2.806ms
[2025-06-28T00:21:24.460+0200][18.508s] GC(569) User=0.00s Sys=0.00s Real=0.00s
[2025-06-28T00:21:24.460+0200][18.508s] GC(570) Concurrent Mark Cycle
[2025-06-28T00:21:24.460+0200][18.508s] Attempting full compaction
[2025-06-28T00:21:24.460+0200][18.508s] GC(570) Concurrent Scan Root Regions
[2025-06-28T00:21:24.460+0200][18.508s] GC(571) Pause Full (G1 Compaction Pause)
[2025-06-28T00:21:24.460+0200][18.508s] GC(570) Concurrent Scan Root Regions 0.039ms
[2025-06-28T00:21:24.460+0200][18.508s] GC(571) Using 2 workers of 10 for full compaction
[2025-06-28T00:21:24.460+0200][18.508s] GC(570) Concurrent Mark
[2025-06-28T00:21:24.460+0200][18.508s] GC(570) Concurrent Mark From Roots
[2025-06-28T00:21:24.460+0200][18.508s] GC(570) Using 3 workers of 3 for marking
[2025-06-28T00:21:24.460+0200][18.508s] GC(571) Phase 1: Mark live objects
[2025-06-28T00:21:24.481+0200][18.529s] GC(571) Phase 1: Mark live objects 21.140ms
[2025-06-28T00:21:24.481+0200][18.529s] GC(571) Phase 2: Prepare compaction
[2025-06-28T00:21:24.482+0200][18.530s] GC(571) Phase 2: Prepare compaction 0.469ms
[2025-06-28T00:21:24.482+0200][18.530s] GC(571) Phase 3: Adjust pointers
[2025-06-28T00:21:24.494+0200][18.542s] GC(571) Phase 3: Adjust pointers 11.948ms
[2025-06-28T00:21:24.494+0200][18.542s] GC(571) Phase 4: Compact heap
[2025-06-28T00:21:24.494+0200][18.542s] GC(571) Phase 4: Compact heap 0.385ms
[2025-06-28T00:21:24.494+0200][18.542s] GC(571) Phase 5: Reset Metadata
[2025-06-28T00:21:24.497+0200][18.545s] GC(571) Phase 5: Reset Metadata 3.425ms
[2025-06-28T00:21:24.501+0200][18.549s] GC(571) Eden regions: 0->0(1)
[2025-06-28T00:21:24.501+0200][18.549s] GC(571) Survivor regions: 0->0(0)
[2025-06-28T00:21:24.501+0200][18.549s] GC(571) Old regions: 22->21
[2025-06-28T00:21:24.501+0200][18.549s] GC(571) Humongous regions: 0->0
[2025-06-28T00:21:24.501+0200][18.549s] GC(571) Metaspace: 61443K(61952K)->61443K(61952K) NonClass: 53118K(53440K)->53118K(53440K) Class: 8325K(8512K)->8325K(8512K)
[2025-06-28T00:21:24.501+0200][18.549s] GC(571) Pause Full (G1 Compaction Pause) 20M->19M(22M) 41.539ms
[2025-06-28T00:21:24.501+0200][18.549s] GC(571) User=0.08s Sys=0.00s Real=0.04s
[2025-06-28T00:21:24.501+0200][18.549s] GC(570) Concurrent Mark From Roots 41.592ms
[2025-06-28T00:21:24.501+0200][18.549s] GC(570) Concurrent Mark Abort
[2025-06-28T00:21:24.501+0200][18.549s] GC(570) Concurrent Mark Cycle 41.939ms
[2025-06-28T00:21:24.507+0200][18.555s] GC(572) Pause Young (Normal) (G1 Evacuation Pause)
[2025-06-28T00:21:24.507+0200][18.555s] GC(572) Using 8 workers of 10 for evacuation
[2025-06-28T00:21:24.509+0200][18.557s] GC(572)   Pre Evacuate Collection Set: 0.3ms
[2025-06-28T00:21:24.509+0200][18.557s] GC(572)   Merge Heap Roots: 0.2ms
[2025-06-28T00:21:24.509+0200][18.557s] GC(572)   Evacuate Collection Set: 0.5ms
[2025-06-28T00:21:24.509+0200][18.557s] GC(572)   Post Evacuate Collection Set: 0.6ms
[2025-06-28T00:21:24.509+0200][18.557s] GC(572)   Other: 0.1ms
[2025-06-28T00:21:24.509+0200][18.557s] GC(572) Eden regions: 1->0(0)
[2025-06-28T00:21:24.509+0200][18.557s] GC(572) Survivor regions: 0->0(0)
[2025-06-28T00:21:24.509+0200][18.557s] GC(572) Old regions: 21->22
[2025-06-28T00:21:24.509+0200][18.557s] GC(572) Humongous regions: 0->0
[2025-06-28T00:21:24.509+0200][18.557s] GC(572) Metaspace: 61525K(62080K)->61525K(62080K) NonClass: 53193K(53504K)->53193K(53504K) Class: 8332K(8576K)->8332K(8576K)
[2025-06-28T00:21:24.509+0200][18.557s] GC(572) Pause Young (Normal) (G1 Evacuation Pause) (Evacuation Failure) 20M->20M(22M) 2.301ms
[2025-06-28T00:21:24.509+0200][18.557s] GC(572) User=0.00s Sys=0.00s Real=0.00s
[2025-06-28T00:21:24.509+0200][18.557s] Attempting full compaction
[2025-06-28T00:21:24.509+0200][18.557s] GC(573) Pause Full (G1 Compaction Pause)
[2025-06-28T00:21:24.509+0200][18.557s] GC(573) Using 2 workers of 10 for full compaction
[2025-06-28T00:21:24.509+0200][18.557s] GC(573) Phase 1: Mark live objects
[2025-06-28T00:21:24.533+0200][18.580s] GC(573) Phase 1: Mark live objects 22.953ms
[2025-06-28T00:21:24.533+0200][18.580s] GC(573) Phase 2: Prepare compaction
[2025-06-28T00:21:24.533+0200][18.581s] GC(573) Phase 2: Prepare compaction 0.476ms
[2025-06-28T00:21:24.533+0200][18.581s] GC(573) Phase 3: Adjust pointers
[2025-06-28T00:21:24.543+0200][18.591s] GC(573) Phase 3: Adjust pointers 9.530ms
[2025-06-28T00:21:24.543+0200][18.591s] GC(573) Phase 4: Compact heap
[2025-06-28T00:21:24.543+0200][18.591s] GC(573) Phase 4: Compact heap 0.435ms
[2025-06-28T00:21:24.543+0200][18.591s] GC(573) Phase 5: Reset Metadata
[2025-06-28T00:21:24.547+0200][18.595s] GC(573) Phase 5: Reset Metadata 3.508ms
[2025-06-28T00:21:24.551+0200][18.599s] GC(573) Eden regions: 0->0(1)
[2025-06-28T00:21:24.551+0200][18.599s] GC(573) Survivor regions: 0->0(0)
[2025-06-28T00:21:24.551+0200][18.599s] GC(573) Old regions: 22->21
[2025-06-28T00:21:24.551+0200][18.599s] GC(573) Humongous regions: 0->0
[2025-06-28T00:21:24.551+0200][18.599s] GC(573) Metaspace: 61525K(62080K)->61525K(62080K) NonClass: 53193K(53504K)->53193K(53504K) Class: 8332K(8576K)->8332K(8576K)
[2025-06-28T00:21:24.551+0200][18.599s] GC(573) Pause Full (G1 Compaction Pause) 20M->19M(22M) 42.001ms
[2025-06-28T00:21:24.551+0200][18.599s] GC(573) User=0.09s Sys=0.00s Real=0.04s
[2025-06-28T00:21:24.559+0200][18.607s] GC(574) Pause Young (Concurrent Start) (G1 Evacuation Pause)
[2025-06-28T00:21:24.559+0200][18.607s] GC(574) Using 8 workers of 10 for evacuation
[2025-06-28T00:21:24.560+0200][18.608s] GC(574)   Pre Evacuate Collection Set: 0.2ms
[2025-06-28T00:21:24.560+0200][18.608s] GC(574)   Merge Heap Roots: 0.1ms
[2025-06-28T00:21:24.560+0200][18.608s] GC(574)   Evacuate Collection Set: 0.6ms
[2025-06-28T00:21:24.560+0200][18.608s] GC(574)   Post Evacuate Collection Set: 0.5ms
[2025-06-28T00:21:24.560+0200][18.608s] GC(574)   Other: 0.1ms
[2025-06-28T00:21:24.560+0200][18.608s] GC(574) Eden regions: 1->0(0)
[2025-06-28T00:21:24.560+0200][18.608s] GC(574) Survivor regions: 0->0(0)
[2025-06-28T00:21:24.560+0200][18.608s] GC(574) Old regions: 21->22
[2025-06-28T00:21:24.560+0200][18.608s] GC(574) Humongous regions: 0->0
[2025-06-28T00:21:24.560+0200][18.608s] GC(574) Metaspace: 61634K(62208K)->61634K(62208K) NonClass: 53292K(53632K)->53292K(53632K) Class: 8341K(8576K)->8341K(8576K)
[2025-06-28T00:21:24.560+0200][18.608s] GC(574) Pause Young (Concurrent Start) (G1 Evacuation Pause) (Evacuation Failure) 20M->20M(22M) 1.772ms
[2025-06-28T00:21:24.560+0200][18.608s] GC(574) User=0.00s Sys=0.00s Real=0.00s
[2025-06-28T00:21:24.560+0200][18.608s] GC(575) Concurrent Mark Cycle
[2025-06-28T00:21:24.561+0200][18.608s] Attempting full compaction
[2025-06-28T00:21:24.561+0200][18.608s] GC(575) Concurrent Scan Root Regions
[2025-06-28T00:21:24.561+0200][18.609s] GC(576) Pause Full (G1 Compaction Pause)
[2025-06-28T00:21:24.562+0200][18.610s] GC(575) Concurrent Scan Root Regions 1.032ms
[2025-06-28T00:21:24.562+0200][18.610s] GC(576) Using 2 workers of 10 for full compaction
[2025-06-28T00:21:24.562+0200][18.610s] GC(575) Concurrent Mark
[2025-06-28T00:21:24.562+0200][18.610s] GC(575) Concurrent Mark From Roots
[2025-06-28T00:21:24.562+0200][18.610s] GC(575) Using 3 workers of 3 for marking
[2025-06-28T00:21:24.562+0200][18.610s] GC(576) Phase 1: Mark live objects
[2025-06-28T00:21:24.584+0200][18.632s] GC(576) Phase 1: Mark live objects 21.757ms
[2025-06-28T00:21:24.584+0200][18.632s] GC(576) Phase 2: Prepare compaction
[2025-06-28T00:21:24.584+0200][18.633s] GC(576) Phase 2: Prepare compaction 0.504ms
[2025-06-28T00:21:24.584+0200][18.633s] GC(576) Phase 3: Adjust pointers
[2025-06-28T00:21:24.595+0200][18.642s] GC(576) Phase 3: Adjust pointers 9.616ms
[2025-06-28T00:21:24.595+0200][18.642s] GC(576) Phase 4: Compact heap
[2025-06-28T00:21:24.595+0200][18.643s] GC(576) Phase 4: Compact heap 0.347ms
[2025-06-28T00:21:24.595+0200][18.643s] GC(576) Phase 5: Reset Metadata
[2025-06-28T00:21:24.598+0200][18.647s] GC(576) Phase 5: Reset Metadata 3.960ms
[2025-06-28T00:21:24.602+0200][18.650s] GC(576) Eden regions: 0->0(1)
[2025-06-28T00:21:24.602+0200][18.650s] GC(576) Survivor regions: 0->0(0)
[2025-06-28T00:21:24.602+0200][18.650s] GC(576) Old regions: 22->21
[2025-06-28T00:21:24.602+0200][18.650s] GC(576) Humongous regions: 0->0
[2025-06-28T00:21:24.602+0200][18.650s] GC(576) Metaspace: 61634K(62208K)->61634K(62208K) NonClass: 53292K(53632K)->53292K(53632K) Class: 8341K(8576K)->8341K(8576K)
[2025-06-28T00:21:24.602+0200][18.650s] GC(576) Pause Full (G1 Compaction Pause) 20M->19M(22M) 41.017ms
[2025-06-28T00:21:24.602+0200][18.650s] GC(576) User=0.06s Sys=0.00s Real=0.04s
[2025-06-28T00:21:24.602+0200][18.651s] GC(575) Concurrent Mark From Roots 40.864ms
[2025-06-28T00:21:24.602+0200][18.651s] GC(575) Concurrent Mark Abort
[2025-06-28T00:21:24.602+0200][18.651s] GC(575) Concurrent Mark Cycle 42.286ms
[2025-06-28T00:21:24.611+0200][18.659s] GC(577) Pause Young (Normal) (G1 Evacuation Pause)
[2025-06-28T00:21:24.611+0200][18.660s] GC(577) Using 8 workers of 10 for evacuation
[2025-06-28T00:21:24.613+0200][18.661s] GC(577)   Pre Evacuate Collection Set: 0.1ms
[2025-06-28T00:21:24.613+0200][18.661s] GC(577)   Merge Heap Roots: 0.1ms
[2025-06-28T00:21:24.613+0200][18.661s] GC(577)   Evacuate Collection Set: 0.7ms
[2025-06-28T00:21:24.613+0200][18.661s] GC(577)   Post Evacuate Collection Set: 0.3ms
[2025-06-28T00:21:24.613+0200][18.661s] GC(577)   Other: 0.1ms
[2025-06-28T00:21:24.613+0200][18.661s] GC(577) Eden regions: 1->0(0)
[2025-06-28T00:21:24.613+0200][18.661s] GC(577) Survivor regions: 0->0(0)
[2025-06-28T00:21:24.613+0200][18.661s] GC(577) Old regions: 21->22
[2025-06-28T00:21:24.613+0200][18.661s] GC(577) Humongous regions: 0->0
[2025-06-28T00:21:24.613+0200][18.661s] GC(577) Metaspace: 61698K(62272K)->61698K(62272K) NonClass: 53347K(53696K)->53347K(53696K) Class: 8350K(8576K)->8350K(8576K)
[2025-06-28T00:21:24.613+0200][18.661s] GC(577) Pause Young (Normal) (G1 Evacuation Pause) (Evacuation Failure) 20M->20M(22M) 2.086ms
[2025-06-28T00:21:24.613+0200][18.661s] GC(577) User=0.00s Sys=0.00s Real=0.00s
[2025-06-28T00:21:24.613+0200][18.661s] Attempting full compaction
[2025-06-28T00:21:24.613+0200][18.661s] GC(578) Pause Full (G1 Compaction Pause)
[2025-06-28T00:21:24.613+0200][18.661s] GC(578) Using 2 workers of 10 for full compaction
[2025-06-28T00:21:24.613+0200][18.661s] GC(578) Phase 1: Mark live objects
[2025-06-28T00:21:24.635+0200][18.684s] GC(578) Phase 1: Mark live objects 22.521ms
[2025-06-28T00:21:24.635+0200][18.684s] GC(578) Phase 2: Prepare compaction
[2025-06-28T00:21:24.636+0200][18.684s] GC(578) Phase 2: Prepare compaction 0.510ms
[2025-06-28T00:21:24.636+0200][18.684s] GC(578) Phase 3: Adjust pointers
[2025-06-28T00:21:24.649+0200][18.697s] GC(578) Phase 3: Adjust pointers 12.318ms
[2025-06-28T00:21:24.649+0200][18.697s] GC(578) Phase 4: Compact heap
[2025-06-28T00:21:24.649+0200][18.697s] GC(578) Phase 4: Compact heap 0.422ms
[2025-06-28T00:21:24.649+0200][18.697s] GC(578) Phase 5: Reset Metadata
[2025-06-28T00:21:24.653+0200][18.701s] GC(578) Phase 5: Reset Metadata 3.624ms
[2025-06-28T00:21:24.658+0200][18.706s] GC(578) Eden regions: 0->0(1)
[2025-06-28T00:21:24.658+0200][18.706s] GC(578) Survivor regions: 0->0(0)
[2025-06-28T00:21:24.658+0200][18.706s] GC(578) Old regions: 22->21
[2025-06-28T00:21:24.658+0200][18.706s] GC(578) Humongous regions: 0->0
[2025-06-28T00:21:24.658+0200][18.706s] GC(578) Metaspace: 61698K(62272K)->61698K(62272K) NonClass: 53347K(53696K)->53347K(53696K) Class: 8350K(8576K)->8350K(8576K)
[2025-06-28T00:21:24.658+0200][18.706s] GC(578) Pause Full (G1 Compaction Pause) 20M->19M(22M) 44.589ms
[2025-06-28T00:21:24.658+0200][18.706s] GC(578) User=0.09s Sys=0.00s Real=0.05s
[2025-06-28T00:21:24.667+0200][18.715s] GC(579) Pause Young (Concurrent Start) (G1 Evacuation Pause)
[2025-06-28T00:21:24.667+0200][18.715s] GC(579) Using 8 workers of 10 for evacuation
[2025-06-28T00:21:24.669+0200][18.717s] GC(579)   Pre Evacuate Collection Set: 0.4ms
[2025-06-28T00:21:24.669+0200][18.717s] GC(579)   Merge Heap Roots: 0.1ms
[2025-06-28T00:21:24.669+0200][18.717s] GC(579)   Evacuate Collection Set: 0.7ms
[2025-06-28T00:21:24.669+0200][18.717s] GC(579)   Post Evacuate Collection Set: 0.6ms
[2025-06-28T00:21:24.669+0200][18.717s] GC(579)   Other: 0.2ms
[2025-06-28T00:21:24.669+0200][18.717s] GC(579) Eden regions: 1->0(0)
[2025-06-28T00:21:24.669+0200][18.717s] GC(579) Survivor regions: 0->0(0)
[2025-06-28T00:21:24.669+0200][18.717s] GC(579) Old regions: 21->22
[2025-06-28T00:21:24.669+0200][18.717s] GC(579) Humongous regions: 0->0
[2025-06-28T00:21:24.669+0200][18.717s] GC(579) Metaspace: 61719K(62272K)->61719K(62272K) NonClass: 53365K(53696K)->53365K(53696K) Class: 8354K(8576K)->8354K(8576K)
[2025-06-28T00:21:24.669+0200][18.717s] GC(579) Pause Young (Concurrent Start) (G1 Evacuation Pause) (Evacuation Failure) 20M->20M(22M) 2.227ms
[2025-06-28T00:21:24.669+0200][18.718s] GC(580) Concurrent Mark Cycle
[2025-06-28T00:21:24.669+0200][18.718s] GC(579) User=0.00s Sys=0.00s Real=0.00s
[2025-06-28T00:21:24.669+0200][18.718s] GC(580) Concurrent Scan Root Regions
[2025-06-28T00:21:24.670+0200][18.718s] Attempting full compaction
[2025-06-28T00:21:24.670+0200][18.718s] GC(580) Concurrent Scan Root Regions 0.145ms
[2025-06-28T00:21:24.670+0200][18.718s] GC(581) Pause Full (G1 Compaction Pause)
[2025-06-28T00:21:24.670+0200][18.718s] GC(580) Concurrent Mark
[2025-06-28T00:21:24.670+0200][18.718s] GC(580) Concurrent Mark From Roots
[2025-06-28T00:21:24.670+0200][18.718s] GC(581) Using 2 workers of 10 for full compaction
[2025-06-28T00:21:24.670+0200][18.718s] GC(580) Using 3 workers of 3 for marking
[2025-06-28T00:21:24.670+0200][18.718s] GC(581) Phase 1: Mark live objects
[2025-06-28T00:21:24.697+0200][18.745s] GC(581) Phase 1: Mark live objects 26.687ms
[2025-06-28T00:21:24.697+0200][18.745s] GC(581) Phase 2: Prepare compaction
[2025-06-28T00:21:24.698+0200][18.746s] GC(581) Phase 2: Prepare compaction 0.793ms
[2025-06-28T00:21:24.698+0200][18.746s] GC(581) Phase 3: Adjust pointers
[2025-06-28T00:21:24.707+0200][18.755s] GC(581) Phase 3: Adjust pointers 9.740ms
[2025-06-28T00:21:24.707+0200][18.756s] GC(581) Phase 4: Compact heap
[2025-06-28T00:21:24.708+0200][18.756s] GC(581) Phase 4: Compact heap 0.647ms
[2025-06-28T00:21:24.708+0200][18.756s] GC(581) Phase 5: Reset Metadata
[2025-06-28T00:21:24.712+0200][18.760s] GC(581) Phase 5: Reset Metadata 3.551ms
[2025-06-28T00:21:24.717+0200][18.765s] GC(581) Eden regions: 0->0(1)
[2025-06-28T00:21:24.717+0200][18.765s] GC(581) Survivor regions: 0->0(0)
[2025-06-28T00:21:24.717+0200][18.765s] GC(581) Old regions: 22->21
[2025-06-28T00:21:24.717+0200][18.765s] GC(581) Humongous regions: 0->0
[2025-06-28T00:21:24.717+0200][18.765s] GC(581) Metaspace: 61719K(62272K)->61719K(62272K) NonClass: 53365K(53696K)->53365K(53696K) Class: 8354K(8576K)->8354K(8576K)
[2025-06-28T00:21:24.717+0200][18.765s] GC(581) Pause Full (G1 Compaction Pause) 20M->19M(22M) 46.962ms
[2025-06-28T00:21:24.717+0200][18.765s] GC(581) User=0.08s Sys=0.00s Real=0.05s
[2025-06-28T00:21:24.717+0200][18.765s] GC(580) Concurrent Mark From Roots 47.204ms
[2025-06-28T00:21:24.717+0200][18.765s] GC(580) Concurrent Mark Abort
[2025-06-28T00:21:24.717+0200][18.765s] GC(580) Concurrent Mark Cycle 47.593ms
[2025-06-28T00:21:24.728+0200][18.776s] GC(582) Pause Young (Normal) (G1 Evacuation Pause)
[2025-06-28T00:21:24.728+0200][18.776s] GC(582) Using 8 workers of 10 for evacuation
[2025-06-28T00:21:24.729+0200][18.777s] GC(582)   Pre Evacuate Collection Set: 0.3ms
[2025-06-28T00:21:24.729+0200][18.777s] GC(582)   Merge Heap Roots: 0.1ms
[2025-06-28T00:21:24.729+0200][18.777s] GC(582)   Evacuate Collection Set: 0.5ms
[2025-06-28T00:21:24.729+0200][18.777s] GC(582)   Post Evacuate Collection Set: 0.5ms
[2025-06-28T00:21:24.729+0200][18.777s] GC(582)   Other: 0.1ms
[2025-06-28T00:21:24.729+0200][18.777s] GC(582) Eden regions: 1->0(0)
[2025-06-28T00:21:24.729+0200][18.777s] GC(582) Survivor regions: 0->0(0)
[2025-06-28T00:21:24.729+0200][18.777s] GC(582) Old regions: 21->22
[2025-06-28T00:21:24.729+0200][18.777s] GC(582) Humongous regions: 0->0
[2025-06-28T00:21:24.729+0200][18.777s] GC(582) Metaspace: 61770K(62336K)->61770K(62336K) NonClass: 53412K(53760K)->53412K(53760K) Class: 8357K(8576K)->8357K(8576K)
[2025-06-28T00:21:24.729+0200][18.777s] GC(582) Pause Young (Normal) (G1 Evacuation Pause) (Evacuation Failure) 20M->20M(22M) 1.604ms
[2025-06-28T00:21:24.729+0200][18.777s] GC(582) User=0.00s Sys=0.00s Real=0.00s
[2025-06-28T00:21:24.729+0200][18.777s] Attempting full compaction
[2025-06-28T00:21:24.729+0200][18.777s] GC(583) Pause Full (G1 Compaction Pause)
[2025-06-28T00:21:24.729+0200][18.777s] GC(583) Using 2 workers of 10 for full compaction
[2025-06-28T00:21:24.729+0200][18.777s] GC(583) Phase 1: Mark live objects
[2025-06-28T00:21:24.757+0200][18.805s] GC(583) Phase 1: Mark live objects 27.629ms
[2025-06-28T00:21:24.757+0200][18.805s] GC(583) Phase 2: Prepare compaction
[2025-06-28T00:21:24.757+0200][18.805s] GC(583) Phase 2: Prepare compaction 0.211ms
[2025-06-28T00:21:24.757+0200][18.805s] GC(583) Phase 3: Adjust pointers
[2025-06-28T00:21:24.766+0200][18.814s] GC(583) Phase 3: Adjust pointers 9.102ms
[2025-06-28T00:21:24.766+0200][18.814s] GC(583) Phase 4: Compact heap
[2025-06-28T00:21:24.767+0200][18.815s] GC(583) Phase 4: Compact heap 0.160ms
[2025-06-28T00:21:24.767+0200][18.815s] GC(583) Phase 5: Reset Metadata
[2025-06-28T00:21:24.770+0200][18.818s] GC(583) Phase 5: Reset Metadata 3.478ms
[2025-06-28T00:21:24.774+0200][18.822s] GC(583) Eden regions: 0->0(1)
[2025-06-28T00:21:24.774+0200][18.822s] GC(583) Survivor regions: 0->0(0)
[2025-06-28T00:21:24.774+0200][18.822s] GC(583) Old regions: 22->21
[2025-06-28T00:21:24.774+0200][18.822s] GC(583) Humongous regions: 0->0
[2025-06-28T00:21:24.774+0200][18.822s] GC(583) Metaspace: 61770K(62336K)->61759K(62336K) NonClass: 53412K(53760K)->53404K(53760K) Class: 8357K(8576K)->8354K(8576K)
[2025-06-28T00:21:24.774+0200][18.822s] GC(583) Pause Full (G1 Compaction Pause) 20M->20M(22M) 44.477ms
[2025-06-28T00:21:24.774+0200][18.822s] GC(583) User=0.08s Sys=0.00s Real=0.04s
[2025-06-28T00:21:24.831+0200][18.878s] GC(584) Pause Young (Concurrent Start) (G1 Evacuation Pause)
[2025-06-28T00:21:24.831+0200][18.878s] GC(584) Using 8 workers of 10 for evacuation
[2025-06-28T00:21:24.832+0200][18.880s] GC(584)   Pre Evacuate Collection Set: 0.3ms
[2025-06-28T00:21:24.832+0200][18.880s] GC(584)   Merge Heap Roots: 0.1ms
[2025-06-28T00:21:24.832+0200][18.880s] GC(584)   Evacuate Collection Set: 0.9ms
[2025-06-28T00:21:24.832+0200][18.880s] GC(584)   Post Evacuate Collection Set: 0.5ms
[2025-06-28T00:21:24.832+0200][18.880s] GC(584)   Other: 0.1ms
[2025-06-28T00:21:24.832+0200][18.880s] GC(584) Eden regions: 1->0(0)
[2025-06-28T00:21:24.832+0200][18.880s] GC(584) Survivor regions: 0->0(0)
[2025-06-28T00:21:24.832+0200][18.881s] GC(584) Old regions: 21->22
[2025-06-28T00:21:24.832+0200][18.881s] GC(584) Humongous regions: 0->0
[2025-06-28T00:21:24.832+0200][18.881s] GC(584) Metaspace: 62096K(62656K)->62096K(62656K) NonClass: 53697K(54016K)->53697K(54016K) Class: 8398K(8640K)->8398K(8640K)
[2025-06-28T00:21:24.832+0200][18.881s] GC(584) Pause Young (Concurrent Start) (G1 Evacuation Pause) (Evacuation Failure) 21M->21M(22M) 2.187ms
[2025-06-28T00:21:24.832+0200][18.881s] GC(584) User=0.00s Sys=0.00s Real=0.00s
[2025-06-28T00:21:24.832+0200][18.881s] Attempting full compaction
[2025-06-28T00:21:24.832+0200][18.881s] GC(585) Pause Full (G1 Compaction Pause)
[2025-06-28T00:21:24.832+0200][18.881s] GC(585) Using 2 workers of 10 for full compaction
[2025-06-28T00:21:24.832+0200][18.881s] GC(586) Concurrent Mark Cycle
[2025-06-28T00:21:24.832+0200][18.881s] GC(586) Concurrent Scan Root Regions
[2025-06-28T00:21:24.832+0200][18.881s] GC(586) Concurrent Scan Root Regions 0.021ms
[2025-06-28T00:21:24.832+0200][18.881s] GC(585) Phase 1: Mark live objects
[2025-06-28T00:21:24.862+0200][18.910s] GC(585) Phase 1: Mark live objects 28.928ms
[2025-06-28T00:21:24.862+0200][18.910s] GC(585) Phase 2: Prepare compaction
[2025-06-28T00:21:24.863+0200][18.911s] GC(585) Phase 2: Prepare compaction 0.633ms
[2025-06-28T00:21:24.863+0200][18.911s] GC(585) Phase 3: Adjust pointers
[2025-06-28T00:21:24.872+0200][18.920s] GC(585) Phase 3: Adjust pointers 9.490ms
[2025-06-28T00:21:24.872+0200][18.920s] GC(585) Phase 4: Compact heap
[2025-06-28T00:21:24.873+0200][18.921s] GC(585) Phase 4: Compact heap 0.713ms
[2025-06-28T00:21:24.873+0200][18.921s] GC(585) Phase 5: Reset Metadata
[2025-06-28T00:21:24.877+0200][18.925s] GC(585) Phase 5: Reset Metadata 3.964ms
[2025-06-28T00:21:24.882+0200][18.930s] GC(585) Eden regions: 0->0(1)
[2025-06-28T00:21:24.882+0200][18.930s] GC(585) Survivor regions: 0->0(0)
[2025-06-28T00:21:24.882+0200][18.930s] GC(585) Old regions: 22->20
[2025-06-28T00:21:24.882+0200][18.930s] GC(585) Humongous regions: 0->0
[2025-06-28T00:21:24.882+0200][18.930s] GC(585) Metaspace: 62096K(62656K)->62055K(62656K) NonClass: 53697K(54016K)->53668K(54016K) Class: 8398K(8640K)->8387K(8640K)
[2025-06-28T00:21:24.882+0200][18.930s] GC(585) Pause Full (G1 Compaction Pause) 21M->19M(22M) 49.595ms
[2025-06-28T00:21:24.882+0200][18.930s] GC(585) User=0.11s Sys=0.00s Real=0.05s
[2025-06-28T00:21:24.883+0200][18.930s] GC(586) Concurrent Mark Abort
[2025-06-28T00:21:24.883+0200][18.931s] GC(586) Concurrent Mark Cycle 49.861ms
[2025-06-28T00:21:25.827+0200][19.875s] GC(587) Pause Young (Normal) (G1 Evacuation Pause)
[2025-06-28T00:21:25.827+0200][19.875s] GC(587) Using 8 workers of 10 for evacuation
[2025-06-28T00:21:25.829+0200][19.877s] GC(587)   Pre Evacuate Collection Set: 0.2ms
[2025-06-28T00:21:25.829+0200][19.877s] GC(587)   Merge Heap Roots: 0.1ms
[2025-06-28T00:21:25.829+0200][19.877s] GC(587)   Evacuate Collection Set: 0.6ms
[2025-06-28T00:21:25.829+0200][19.877s] GC(587)   Post Evacuate Collection Set: 0.7ms
[2025-06-28T00:21:25.829+0200][19.877s] GC(587)   Other: 0.1ms
[2025-06-28T00:21:25.829+0200][19.877s] GC(587) Eden regions: 1->0(0)
[2025-06-28T00:21:25.829+0200][19.877s] GC(587) Survivor regions: 0->1(1)
[2025-06-28T00:21:25.829+0200][19.877s] GC(587) Old regions: 20->20
[2025-06-28T00:21:25.829+0200][19.877s] GC(587) Humongous regions: 0->0
[2025-06-28T00:21:25.829+0200][19.877s] GC(587) Metaspace: 62583K(63104K)->62583K(63104K) NonClass: 54143K(54464K)->54143K(54464K) Class: 8440K(8640K)->8440K(8640K)
[2025-06-28T00:21:25.829+0200][19.877s] GC(587) Pause Young (Normal) (G1 Evacuation Pause) 20M->19M(22M) 2.206ms
[2025-06-28T00:21:25.829+0200][19.877s] GC(587) User=0.00s Sys=0.00s Real=0.00s
[2025-06-28T00:21:25.829+0200][19.877s] Attempting full compaction
[2025-06-28T00:21:25.829+0200][19.877s] GC(588) Pause Full (G1 Compaction Pause)
[2025-06-28T00:21:25.829+0200][19.877s] GC(588) Using 2 workers of 10 for full compaction
[2025-06-28T00:21:25.830+0200][19.877s] GC(588) Phase 1: Mark live objects
[2025-06-28T00:21:25.864+0200][19.912s] GC(588) Phase 1: Mark live objects 34.821ms
[2025-06-28T00:21:25.864+0200][19.912s] GC(588) Phase 2: Prepare compaction
[2025-06-28T00:21:25.865+0200][19.913s] GC(588) Phase 2: Prepare compaction 0.702ms
[2025-06-28T00:21:25.865+0200][19.913s] GC(588) Phase 3: Adjust pointers
[2025-06-28T00:21:25.875+0200][19.923s] GC(588) Phase 3: Adjust pointers 9.753ms
[2025-06-28T00:21:25.875+0200][19.923s] GC(588) Phase 4: Compact heap
[2025-06-28T00:21:25.876+0200][19.923s] GC(588) Phase 4: Compact heap 0.585ms
[2025-06-28T00:21:25.876+0200][19.923s] GC(588) Phase 5: Reset Metadata
[2025-06-28T00:21:25.879+0200][19.927s] GC(588) Phase 5: Reset Metadata 3.722ms
[2025-06-28T00:21:25.883+0200][19.931s] GC(588) Eden regions: 0->0(1)
[2025-06-28T00:21:25.883+0200][19.931s] GC(588) Survivor regions: 1->0(1)
[2025-06-28T00:21:25.883+0200][19.931s] GC(588) Old regions: 20->21
[2025-06-28T00:21:25.883+0200][19.931s] GC(588) Humongous regions: 0->0
[2025-06-28T00:21:25.883+0200][19.931s] GC(588) Metaspace: 62583K(63104K)->62577K(63104K) NonClass: 54143K(54464K)->54138K(54464K) Class: 8440K(8640K)->8438K(8640K)
[2025-06-28T00:21:25.883+0200][19.931s] GC(588) Pause Full (G1 Compaction Pause) 19M->19M(22M) 53.736ms
[2025-06-28T00:21:25.883+0200][19.931s] GC(588) User=0.09s Sys=0.00s Real=0.05s
[2025-06-28T00:21:25.891+0200][19.939s] GC(589) Pause Young (Concurrent Start) (G1 Evacuation Pause)
[2025-06-28T00:21:25.891+0200][19.939s] GC(589) Using 8 workers of 10 for evacuation
[2025-06-28T00:21:25.893+0200][19.941s] GC(589)   Pre Evacuate Collection Set: 0.2ms
[2025-06-28T00:21:25.893+0200][19.941s] GC(589)   Merge Heap Roots: 0.1ms
[2025-06-28T00:21:25.893+0200][19.941s] GC(589)   Evacuate Collection Set: 0.7ms
[2025-06-28T00:21:25.893+0200][19.941s] GC(589)   Post Evacuate Collection Set: 0.4ms
[2025-06-28T00:21:25.893+0200][19.941s] GC(589)   Other: 0.1ms
[2025-06-28T00:21:25.893+0200][19.941s] GC(589) Eden regions: 1->0(0)
[2025-06-28T00:21:25.893+0200][19.941s] GC(589) Survivor regions: 0->0(0)
[2025-06-28T00:21:25.893+0200][19.941s] GC(589) Old regions: 21->22
[2025-06-28T00:21:25.893+0200][19.941s] GC(589) Humongous regions: 0->0
[2025-06-28T00:21:25.893+0200][19.941s] GC(589) Metaspace: 62658K(63168K)->62658K(63168K) NonClass: 54205K(54528K)->54205K(54528K) Class: 8452K(8640K)->8452K(8640K)
[2025-06-28T00:21:25.893+0200][19.941s] GC(589) Pause Young (Concurrent Start) (G1 Evacuation Pause) (Evacuation Failure) 20M->20M(22M) 1.757ms
[2025-06-28T00:21:25.893+0200][19.941s] GC(589) User=0.00s Sys=0.00s Real=0.00s
[2025-06-28T00:21:25.893+0200][19.941s] GC(590) Concurrent Mark Cycle
[2025-06-28T00:21:25.893+0200][19.941s] Attempting full compaction
[2025-06-28T00:21:25.893+0200][19.941s] GC(590) Concurrent Scan Root Regions
[2025-06-28T00:21:25.893+0200][19.941s] GC(591) Pause Full (G1 Compaction Pause)
[2025-06-28T00:21:25.893+0200][19.941s] GC(590) Concurrent Scan Root Regions 0.041ms
[2025-06-28T00:21:25.893+0200][19.941s] GC(591) Using 2 workers of 10 for full compaction
[2025-06-28T00:21:25.893+0200][19.941s] GC(590) Concurrent Mark
[2025-06-28T00:21:25.893+0200][19.941s] GC(590) Concurrent Mark From Roots
[2025-06-28T00:21:25.893+0200][19.941s] GC(590) Using 3 workers of 3 for marking
[2025-06-28T00:21:25.893+0200][19.941s] GC(591) Phase 1: Mark live objects
[2025-06-28T00:21:25.920+0200][19.968s] GC(591) Phase 1: Mark live objects 26.735ms
[2025-06-28T00:21:25.920+0200][19.968s] GC(591) Phase 2: Prepare compaction
[2025-06-28T00:21:25.921+0200][19.968s] GC(591) Phase 2: Prepare compaction 0.474ms
[2025-06-28T00:21:25.921+0200][19.968s] GC(591) Phase 3: Adjust pointers
[2025-06-28T00:21:25.931+0200][19.979s] GC(591) Phase 3: Adjust pointers 10.698ms
[2025-06-28T00:21:25.932+0200][19.979s] GC(591) Phase 4: Compact heap
[2025-06-28T00:21:25.932+0200][19.980s] GC(591) Phase 4: Compact heap 0.307ms
[2025-06-28T00:21:25.932+0200][19.980s] GC(591) Phase 5: Reset Metadata
[2025-06-28T00:21:25.936+0200][19.983s] GC(591) Phase 5: Reset Metadata 3.672ms
[2025-06-28T00:21:25.939+0200][19.987s] GC(591) Eden regions: 0->0(1)
[2025-06-28T00:21:25.939+0200][19.987s] GC(591) Survivor regions: 0->0(0)
[2025-06-28T00:21:25.939+0200][19.987s] GC(591) Old regions: 22->21
[2025-06-28T00:21:25.939+0200][19.987s] GC(591) Humongous regions: 0->0
[2025-06-28T00:21:25.939+0200][19.987s] GC(591) Metaspace: 62658K(63168K)->62652K(63168K) NonClass: 54205K(54528K)->54201K(54528K) Class: 8452K(8640K)->8451K(8640K)
[2025-06-28T00:21:25.939+0200][19.987s] GC(591) Pause Full (G1 Compaction Pause) 20M->19M(22M) 46.058ms
[2025-06-28T00:21:25.939+0200][19.987s] GC(591) User=0.09s Sys=0.00s Real=0.05s
[2025-06-28T00:21:25.940+0200][19.987s] GC(590) Concurrent Mark From Roots 46.268ms
[2025-06-28T00:21:25.940+0200][19.987s] GC(590) Concurrent Mark Abort
[2025-06-28T00:21:25.940+0200][19.987s] GC(590) Concurrent Mark Cycle 46.557ms
[2025-06-28T00:21:25.948+0200][19.996s] GC(592) Pause Young (Normal) (G1 Evacuation Pause)
[2025-06-28T00:21:25.948+0200][19.996s] GC(592) Using 8 workers of 10 for evacuation
[2025-06-28T00:21:25.950+0200][19.998s] GC(592)   Pre Evacuate Collection Set: 0.3ms
[2025-06-28T00:21:25.950+0200][19.998s] GC(592)   Merge Heap Roots: 0.1ms
[2025-06-28T00:21:25.950+0200][19.998s] GC(592)   Evacuate Collection Set: 0.5ms
[2025-06-28T00:21:25.950+0200][19.998s] GC(592)   Post Evacuate Collection Set: 0.5ms
[2025-06-28T00:21:25.950+0200][19.998s] GC(592)   Other: 0.1ms
[2025-06-28T00:21:25.950+0200][19.998s] GC(592) Eden regions: 1->0(0)
[2025-06-28T00:21:25.950+0200][19.998s] GC(592) Survivor regions: 0->0(0)
[2025-06-28T00:21:25.950+0200][19.998s] GC(592) Old regions: 21->22
[2025-06-28T00:21:25.950+0200][19.998s] GC(592) Humongous regions: 0->0
[2025-06-28T00:21:25.950+0200][19.998s] GC(592) Metaspace: 62697K(63232K)->62697K(63232K) NonClass: 54233K(54528K)->54233K(54528K) Class: 8463K(8704K)->8463K(8704K)
[2025-06-28T00:21:25.950+0200][19.998s] GC(592) Pause Young (Normal) (G1 Evacuation Pause) (Evacuation Failure) 20M->20M(22M) 1.850ms
[2025-06-28T00:21:25.950+0200][19.998s] GC(592) User=0.02s Sys=0.00s Real=0.00s
[2025-06-28T00:21:25.950+0200][19.998s] Attempting full compaction
[2025-06-28T00:21:25.950+0200][19.998s] GC(593) Pause Full (G1 Compaction Pause)
[2025-06-28T00:21:25.950+0200][19.998s] GC(593) Using 2 workers of 10 for full compaction
[2025-06-28T00:21:25.950+0200][19.998s] GC(593) Phase 1: Mark live objects
[2025-06-28T00:21:25.970+0200][20.018s] GC(593) Phase 1: Mark live objects 20.020ms
[2025-06-28T00:21:25.970+0200][20.018s] GC(593) Phase 2: Prepare compaction
[2025-06-28T00:21:25.971+0200][20.019s] GC(593) Phase 2: Prepare compaction 0.410ms
[2025-06-28T00:21:25.971+0200][20.019s] GC(593) Phase 3: Adjust pointers
[2025-06-28T00:21:25.979+0200][20.027s] GC(593) Phase 3: Adjust pointers 8.649ms
[2025-06-28T00:21:25.979+0200][20.027s] GC(593) Phase 4: Compact heap
[2025-06-28T00:21:25.980+0200][20.028s] GC(593) Phase 4: Compact heap 0.265ms
[2025-06-28T00:21:25.980+0200][20.028s] GC(593) Phase 5: Reset Metadata
[2025-06-28T00:21:25.983+0200][20.031s] GC(593) Phase 5: Reset Metadata 3.692ms
[2025-06-28T00:21:25.987+0200][20.035s] GC(593) Eden regions: 0->0(1)
[2025-06-28T00:21:25.987+0200][20.035s] GC(593) Survivor regions: 0->0(0)
[2025-06-28T00:21:25.987+0200][20.035s] GC(593) Old regions: 22->21
[2025-06-28T00:21:25.987+0200][20.035s] GC(593) Humongous regions: 0->0
[2025-06-28T00:21:25.987+0200][20.035s] GC(593) Metaspace: 62697K(63232K)->62697K(63232K) NonClass: 54233K(54528K)->54233K(54528K) Class: 8463K(8704K)->8463K(8704K)
[2025-06-28T00:21:25.987+0200][20.035s] GC(593) Pause Full (G1 Compaction Pause) 20M->19M(22M) 36.930ms
[2025-06-28T00:21:25.987+0200][20.035s] GC(593) User=0.05s Sys=0.00s Real=0.04s
[2025-06-28T00:21:25.994+0200][20.042s] GC(594) Pause Young (Concurrent Start) (G1 Evacuation Pause)
[2025-06-28T00:21:25.994+0200][20.042s] GC(594) Using 8 workers of 10 for evacuation
[2025-06-28T00:21:25.997+0200][20.044s] GC(594)   Pre Evacuate Collection Set: 0.2ms
[2025-06-28T00:21:25.997+0200][20.044s] GC(594)   Merge Heap Roots: 0.1ms
[2025-06-28T00:21:25.997+0200][20.044s] GC(594)   Evacuate Collection Set: 0.9ms
[2025-06-28T00:21:25.997+0200][20.044s] GC(594)   Post Evacuate Collection Set: 0.6ms
[2025-06-28T00:21:25.997+0200][20.044s] GC(594)   Other: 0.1ms
[2025-06-28T00:21:25.997+0200][20.044s] GC(594) Eden regions: 1->0(0)
[2025-06-28T00:21:25.997+0200][20.044s] GC(594) Survivor regions: 0->0(0)
[2025-06-28T00:21:25.997+0200][20.044s] GC(594) Old regions: 21->22
[2025-06-28T00:21:25.997+0200][20.044s] GC(594) Humongous regions: 0->0
[2025-06-28T00:21:25.997+0200][20.044s] GC(594) Metaspace: 62780K(63296K)->62780K(63296K) NonClass: 54307K(54592K)->54307K(54592K) Class: 8472K(8704K)->8472K(8704K)
[2025-06-28T00:21:25.997+0200][20.044s] GC(594) Pause Young (Concurrent Start) (G1 Evacuation Pause) (Evacuation Failure) 20M->20M(22M) 2.181ms
[2025-06-28T00:21:25.997+0200][20.045s] GC(594) User=0.08s Sys=0.02s Real=0.00s
[2025-06-28T00:21:25.997+0200][20.045s] GC(595) Concurrent Mark Cycle
[2025-06-28T00:21:25.997+0200][20.045s] Attempting full compaction
[2025-06-28T00:21:25.997+0200][20.045s] GC(595) Concurrent Scan Root Regions
[2025-06-28T00:21:25.997+0200][20.045s] GC(596) Pause Full (G1 Compaction Pause)
[2025-06-28T00:21:25.997+0200][20.045s] GC(595) Concurrent Scan Root Regions 0.040ms
[2025-06-28T00:21:25.997+0200][20.045s] GC(595) Concurrent Mark
[2025-06-28T00:21:25.997+0200][20.045s] GC(596) Using 2 workers of 10 for full compaction
[2025-06-28T00:21:25.997+0200][20.045s] GC(595) Concurrent Mark From Roots
[2025-06-28T00:21:25.997+0200][20.045s] GC(595) Using 3 workers of 3 for marking
[2025-06-28T00:21:25.997+0200][20.045s] GC(596) Phase 1: Mark live objects
[2025-06-28T00:21:26.017+0200][20.065s] GC(596) Phase 1: Mark live objects 20.316ms
[2025-06-28T00:21:26.017+0200][20.065s] GC(596) Phase 2: Prepare compaction
[2025-06-28T00:21:26.017+0200][20.066s] GC(596) Phase 2: Prepare compaction 0.396ms
[2025-06-28T00:21:26.018+0200][20.066s] GC(596) Phase 3: Adjust pointers
[2025-06-28T00:21:26.029+0200][20.077s] GC(596) Phase 3: Adjust pointers 11.177ms
[2025-06-28T00:21:26.029+0200][20.077s] GC(596) Phase 4: Compact heap
[2025-06-28T00:21:26.029+0200][20.077s] GC(596) Phase 4: Compact heap 0.260ms
[2025-06-28T00:21:26.029+0200][20.077s] GC(596) Phase 5: Reset Metadata
[2025-06-28T00:21:26.033+0200][20.081s] GC(596) Phase 5: Reset Metadata 3.692ms
[2025-06-28T00:21:26.036+0200][20.084s] GC(596) Eden regions: 0->0(1)
[2025-06-28T00:21:26.036+0200][20.084s] GC(596) Survivor regions: 0->0(0)
[2025-06-28T00:21:26.036+0200][20.084s] GC(596) Old regions: 22->21
[2025-06-28T00:21:26.036+0200][20.084s] GC(596) Humongous regions: 0->0
[2025-06-28T00:21:26.036+0200][20.084s] GC(596) Metaspace: 62780K(63296K)->62780K(63296K) NonClass: 54307K(54592K)->54307K(54592K) Class: 8472K(8704K)->8472K(8704K)
[2025-06-28T00:21:26.036+0200][20.084s] GC(596) Pause Full (G1 Compaction Pause) 20M->19M(22M) 39.790ms
[2025-06-28T00:21:26.036+0200][20.084s] GC(596) User=0.06s Sys=0.00s Real=0.04s
[2025-06-28T00:21:26.036+0200][20.085s] GC(595) Concurrent Mark From Roots 39.929ms
[2025-06-28T00:21:26.036+0200][20.085s] GC(595) Concurrent Mark Abort
[2025-06-28T00:21:26.036+0200][20.085s] GC(595) Concurrent Mark Cycle 40.196ms
[2025-06-28T00:21:26.045+0200][20.093s] GC(597) Pause Young (Normal) (G1 Evacuation Pause)
[2025-06-28T00:21:26.045+0200][20.093s] GC(597) Using 8 workers of 10 for evacuation
[2025-06-28T00:21:26.047+0200][20.095s] GC(597)   Pre Evacuate Collection Set: 0.4ms
[2025-06-28T00:21:26.047+0200][20.095s] GC(597)   Merge Heap Roots: 0.2ms
[2025-06-28T00:21:26.047+0200][20.095s] GC(597)   Evacuate Collection Set: 0.6ms
[2025-06-28T00:21:26.047+0200][20.095s] GC(597)   Post Evacuate Collection Set: 0.6ms
[2025-06-28T00:21:26.047+0200][20.095s] GC(597)   Other: 0.1ms
[2025-06-28T00:21:26.047+0200][20.095s] GC(597) Eden regions: 1->0(0)
[2025-06-28T00:21:26.047+0200][20.095s] GC(597) Survivor regions: 0->0(0)
[2025-06-28T00:21:26.047+0200][20.095s] GC(597) Old regions: 21->22
[2025-06-28T00:21:26.047+0200][20.095s] GC(597) Humongous regions: 0->0
[2025-06-28T00:21:26.047+0200][20.095s] GC(597) Metaspace: 62863K(63424K)->62863K(63424K) NonClass: 54381K(54720K)->54381K(54720K) Class: 8482K(8704K)->8482K(8704K)
[2025-06-28T00:21:26.047+0200][20.095s] GC(597) Pause Young (Normal) (G1 Evacuation Pause) (Evacuation Failure) 20M->20M(22M) 2.099ms
[2025-06-28T00:21:26.047+0200][20.095s] GC(597) User=0.00s Sys=0.00s Real=0.00s
[2025-06-28T00:21:26.047+0200][20.095s] Attempting full compaction
[2025-06-28T00:21:26.047+0200][20.095s] GC(598) Pause Full (G1 Compaction Pause)
[2025-06-28T00:21:26.047+0200][20.095s] GC(598) Using 2 workers of 10 for full compaction
[2025-06-28T00:21:26.047+0200][20.095s] GC(598) Phase 1: Mark live objects
[2025-06-28T00:21:26.068+0200][20.116s] GC(598) Phase 1: Mark live objects 21.111ms
[2025-06-28T00:21:26.068+0200][20.117s] GC(598) Phase 2: Prepare compaction
[2025-06-28T00:21:26.068+0200][20.117s] GC(598) Phase 2: Prepare compaction 0.431ms
[2025-06-28T00:21:26.068+0200][20.117s] GC(598) Phase 3: Adjust pointers
[2025-06-28T00:21:26.078+0200][20.126s] GC(598) Phase 3: Adjust pointers 9.108ms
[2025-06-28T00:21:26.078+0200][20.126s] GC(598) Phase 4: Compact heap
[2025-06-28T00:21:26.079+0200][20.127s] GC(598) Phase 4: Compact heap 0.310ms
[2025-06-28T00:21:26.079+0200][20.127s] GC(598) Phase 5: Reset Metadata
[2025-06-28T00:21:26.082+0200][20.130s] GC(598) Phase 5: Reset Metadata 3.313ms
[2025-06-28T00:21:26.087+0200][20.135s] GC(598) Eden regions: 0->0(1)
[2025-06-28T00:21:26.087+0200][20.135s] GC(598) Survivor regions: 0->0(0)
[2025-06-28T00:21:26.087+0200][20.135s] GC(598) Old regions: 22->21
[2025-06-28T00:21:26.087+0200][20.135s] GC(598) Humongous regions: 0->0
[2025-06-28T00:21:26.087+0200][20.135s] GC(598) Metaspace: 62863K(63424K)->62863K(63424K) NonClass: 54381K(54720K)->54381K(54720K) Class: 8482K(8704K)->8482K(8704K)
[2025-06-28T00:21:26.087+0200][20.135s] GC(598) Pause Full (G1 Compaction Pause) 20M->19M(22M) 39.881ms
[2025-06-28T00:21:26.087+0200][20.135s] GC(598) User=0.06s Sys=0.00s Real=0.04s
[2025-06-28T00:21:26.097+0200][20.145s] GC(599) Pause Young (Concurrent Start) (G1 Evacuation Pause)
[2025-06-28T00:21:26.097+0200][20.145s] GC(599) Using 8 workers of 10 for evacuation
[2025-06-28T00:21:26.098+0200][20.146s] GC(599)   Pre Evacuate Collection Set: 0.2ms
[2025-06-28T00:21:26.098+0200][20.146s] GC(599)   Merge Heap Roots: 0.0ms
[2025-06-28T00:21:26.098+0200][20.146s] GC(599)   Evacuate Collection Set: 0.6ms
[2025-06-28T00:21:26.098+0200][20.146s] GC(599)   Post Evacuate Collection Set: 0.5ms
[2025-06-28T00:21:26.098+0200][20.146s] GC(599)   Other: 0.2ms
[2025-06-28T00:21:26.098+0200][20.146s] GC(599) Eden regions: 1->0(0)
[2025-06-28T00:21:26.098+0200][20.146s] GC(599) Survivor regions: 0->0(0)
[2025-06-28T00:21:26.098+0200][20.146s] GC(599) Old regions: 21->22
[2025-06-28T00:21:26.098+0200][20.146s] GC(599) Humongous regions: 0->0
[2025-06-28T00:21:26.098+0200][20.146s] GC(599) Metaspace: 62960K(63488K)->62960K(63488K) NonClass: 54467K(54784K)->54467K(54784K) Class: 8492K(8704K)->8492K(8704K)
[2025-06-28T00:21:26.098+0200][20.146s] GC(599) Pause Young (Concurrent Start) (G1 Evacuation Pause) (Evacuation Failure) 20M->20M(22M) 1.695ms
[2025-06-28T00:21:26.098+0200][20.146s] GC(599) User=0.00s Sys=0.00s Real=0.00s
[2025-06-28T00:21:26.098+0200][20.146s] Attempting full compaction
[2025-06-28T00:21:26.098+0200][20.146s] GC(600) Concurrent Mark Cycle
[2025-06-28T00:21:26.098+0200][20.146s] GC(601) Pause Full (G1 Compaction Pause)
[2025-06-28T00:21:26.098+0200][20.147s] GC(600) Concurrent Scan Root Regions
[2025-06-28T00:21:26.098+0200][20.147s] GC(601) Using 2 workers of 10 for full compaction
[2025-06-28T00:21:26.098+0200][20.147s] GC(600) Concurrent Scan Root Regions 0.096ms
[2025-06-28T00:21:26.098+0200][20.147s] GC(600) Concurrent Mark
[2025-06-28T00:21:26.098+0200][20.147s] GC(600) Concurrent Mark From Roots
[2025-06-28T00:21:26.098+0200][20.147s] GC(600) Using 3 workers of 3 for marking
[2025-06-28T00:21:26.099+0200][20.147s] GC(601) Phase 1: Mark live objects
[2025-06-28T00:21:26.122+0200][20.171s] GC(601) Phase 1: Mark live objects 23.676ms
[2025-06-28T00:21:26.122+0200][20.171s] GC(601) Phase 2: Prepare compaction
[2025-06-28T00:21:26.123+0200][20.171s] GC(601) Phase 2: Prepare compaction 0.441ms
[2025-06-28T00:21:26.123+0200][20.171s] GC(601) Phase 3: Adjust pointers
[2025-06-28T00:21:26.132+0200][20.180s] GC(601) Phase 3: Adjust pointers 9.234ms
[2025-06-28T00:21:26.132+0200][20.180s] GC(601) Phase 4: Compact heap
[2025-06-28T00:21:26.133+0200][20.181s] GC(601) Phase 4: Compact heap 0.629ms
[2025-06-28T00:21:26.133+0200][20.181s] GC(601) Phase 5: Reset Metadata
[2025-06-28T00:21:26.137+0200][20.185s] GC(601) Phase 5: Reset Metadata 3.932ms
[2025-06-28T00:21:26.141+0200][20.189s] GC(601) Eden regions: 0->0(1)
[2025-06-28T00:21:26.141+0200][20.189s] GC(601) Survivor regions: 0->0(0)
[2025-06-28T00:21:26.141+0200][20.189s] GC(601) Old regions: 22->21
[2025-06-28T00:21:26.141+0200][20.189s] GC(601) Humongous regions: 0->0
[2025-06-28T00:21:26.141+0200][20.189s] GC(601) Metaspace: 62960K(63488K)->62960K(63488K) NonClass: 54467K(54784K)->54467K(54784K) Class: 8492K(8704K)->8492K(8704K)
[2025-06-28T00:21:26.141+0200][20.189s] GC(601) Pause Full (G1 Compaction Pause) 20M->19M(22M) 42.261ms
[2025-06-28T00:21:26.141+0200][20.189s] GC(601) User=0.09s Sys=0.00s Real=0.04s
[2025-06-28T00:21:26.141+0200][20.189s] GC(600) Concurrent Mark From Roots 42.152ms
[2025-06-28T00:21:26.141+0200][20.189s] GC(600) Concurrent Mark Abort
[2025-06-28T00:21:26.141+0200][20.189s] GC(600) Concurrent Mark Cycle 42.559ms
[2025-06-28T00:21:26.150+0200][20.198s] GC(602) Pause Young (Normal) (G1 Evacuation Pause)
[2025-06-28T00:21:26.150+0200][20.198s] GC(602) Using 8 workers of 10 for evacuation
[2025-06-28T00:21:26.152+0200][20.200s] GC(602)   Pre Evacuate Collection Set: 0.2ms
[2025-06-28T00:21:26.152+0200][20.200s] GC(602)   Merge Heap Roots: 0.1ms
[2025-06-28T00:21:26.152+0200][20.200s] GC(602)   Evacuate Collection Set: 0.4ms
[2025-06-28T00:21:26.152+0200][20.200s] GC(602)   Post Evacuate Collection Set: 0.5ms
[2025-06-28T00:21:26.152+0200][20.200s] GC(602)   Other: 0.1ms
[2025-06-28T00:21:26.152+0200][20.200s] GC(602) Eden regions: 1->0(0)
[2025-06-28T00:21:26.152+0200][20.200s] GC(602) Survivor regions: 0->0(0)
[2025-06-28T00:21:26.152+0200][20.200s] GC(602) Old regions: 21->22
[2025-06-28T00:21:26.152+0200][20.200s] GC(602) Humongous regions: 0->0
[2025-06-28T00:21:26.152+0200][20.200s] GC(602) Metaspace: 63079K(63616K)->63079K(63616K) NonClass: 54571K(54912K)->54571K(54912K) Class: 8508K(8704K)->8508K(8704K)
[2025-06-28T00:21:26.152+0200][20.200s] GC(602) Pause Young (Normal) (G1 Evacuation Pause) (Evacuation Failure) 20M->20M(22M) 1.513ms
[2025-06-28T00:21:26.152+0200][20.200s] GC(602) User=0.00s Sys=0.00s Real=0.00s
[2025-06-28T00:21:26.152+0200][20.200s] Attempting full compaction
[2025-06-28T00:21:26.152+0200][20.200s] GC(603) Pause Full (G1 Compaction Pause)
[2025-06-28T00:21:26.152+0200][20.200s] GC(603) Using 2 workers of 10 for full compaction
[2025-06-28T00:21:26.152+0200][20.200s] GC(603) Phase 1: Mark live objects
[2025-06-28T00:21:26.176+0200][20.224s] GC(603) Phase 1: Mark live objects 24.559ms
[2025-06-28T00:21:26.176+0200][20.224s] GC(603) Phase 2: Prepare compaction
[2025-06-28T00:21:26.177+0200][20.225s] GC(603) Phase 2: Prepare compaction 0.457ms
[2025-06-28T00:21:26.177+0200][20.225s] GC(603) Phase 3: Adjust pointers
[2025-06-28T00:21:26.185+0200][20.233s] GC(603) Phase 3: Adjust pointers 8.530ms
[2025-06-28T00:21:26.185+0200][20.234s] GC(603) Phase 4: Compact heap
[2025-06-28T00:21:26.186+0200][20.234s] GC(603) Phase 4: Compact heap 0.327ms
[2025-06-28T00:21:26.186+0200][20.234s] GC(603) Phase 5: Reset Metadata
[2025-06-28T00:21:26.204+0200][20.252s] GC(603) Phase 5: Reset Metadata 17.902ms
[2025-06-28T00:21:26.209+0200][20.257s] GC(603) Eden regions: 0->0(1)
[2025-06-28T00:21:26.209+0200][20.257s] GC(603) Survivor regions: 0->0(0)
[2025-06-28T00:21:26.209+0200][20.257s] GC(603) Old regions: 22->21
[2025-06-28T00:21:26.209+0200][20.257s] GC(603) Humongous regions: 0->0
[2025-06-28T00:21:26.209+0200][20.257s] GC(603) Metaspace: 63079K(63616K)->63079K(63616K) NonClass: 54571K(54912K)->54571K(54912K) Class: 8508K(8704K)->8508K(8704K)
[2025-06-28T00:21:26.209+0200][20.257s] GC(603) Pause Full (G1 Compaction Pause) 20M->19M(22M) 57.045ms
[2025-06-28T00:21:26.209+0200][20.257s] GC(603) User=0.06s Sys=0.00s Real=0.06s
[2025-06-28T00:21:26.228+0200][20.276s] GC(604) Pause Young (Concurrent Start) (G1 Evacuation Pause)
[2025-06-28T00:21:26.229+0200][20.276s] GC(604) Using 8 workers of 10 for evacuation
[2025-06-28T00:21:26.231+0200][20.279s] GC(604)   Pre Evacuate Collection Set: 0.4ms
[2025-06-28T00:21:26.231+0200][20.279s] GC(604)   Merge Heap Roots: 0.1ms
[2025-06-28T00:21:26.231+0200][20.279s] GC(604)   Evacuate Collection Set: 1.3ms
[2025-06-28T00:21:26.231+0200][20.279s] GC(604)   Post Evacuate Collection Set: 0.4ms
[2025-06-28T00:21:26.231+0200][20.279s] GC(604)   Other: 0.2ms
[2025-06-28T00:21:26.231+0200][20.279s] GC(604) Eden regions: 1->0(0)
[2025-06-28T00:21:26.231+0200][20.279s] GC(604) Survivor regions: 0->0(0)
[2025-06-28T00:21:26.231+0200][20.279s] GC(604) Old regions: 21->22
[2025-06-28T00:21:26.231+0200][20.279s] GC(604) Humongous regions: 0->0
[2025-06-28T00:21:26.231+0200][20.279s] GC(604) Metaspace: 63154K(63680K)->63154K(63680K) NonClass: 54628K(54912K)->54628K(54912K) Class: 8525K(8768K)->8525K(8768K)
[2025-06-28T00:21:26.231+0200][20.279s] GC(604) Pause Young (Concurrent Start) (G1 Evacuation Pause) (Evacuation Failure) 20M->20M(22M) 2.544ms
[2025-06-28T00:21:26.231+0200][20.279s] GC(605) Concurrent Mark Cycle
[2025-06-28T00:21:26.231+0200][20.279s] GC(604) User=0.12s Sys=0.00s Real=0.00s
[2025-06-28T00:21:26.231+0200][20.279s] GC(605) Concurrent Scan Root Regions
[2025-06-28T00:21:26.231+0200][20.279s] Attempting full compaction
[2025-06-28T00:21:26.231+0200][20.279s] GC(605) Concurrent Scan Root Regions 0.183ms
[2025-06-28T00:21:26.231+0200][20.279s] GC(606) Pause Full (G1 Compaction Pause)
[2025-06-28T00:21:26.231+0200][20.279s] GC(605) Concurrent Mark
[2025-06-28T00:21:26.231+0200][20.279s] GC(606) Using 2 workers of 10 for full compaction
[2025-06-28T00:21:26.231+0200][20.279s] GC(605) Concurrent Mark From Roots
[2025-06-28T00:21:26.231+0200][20.279s] GC(605) Using 3 workers of 3 for marking
[2025-06-28T00:21:26.232+0200][20.279s] GC(606) Phase 1: Mark live objects
[2025-06-28T00:21:26.252+0200][20.300s] GC(606) Phase 1: Mark live objects 20.708ms
[2025-06-28T00:21:26.252+0200][20.300s] GC(606) Phase 2: Prepare compaction
[2025-06-28T00:21:26.253+0200][20.301s] GC(606) Phase 2: Prepare compaction 0.478ms
[2025-06-28T00:21:26.253+0200][20.301s] GC(606) Phase 3: Adjust pointers
[2025-06-28T00:21:26.266+0200][20.314s] GC(606) Phase 3: Adjust pointers 13.543ms
[2025-06-28T00:21:26.266+0200][20.314s] GC(606) Phase 4: Compact heap
[2025-06-28T00:21:26.267+0200][20.315s] GC(606) Phase 4: Compact heap 0.539ms
[2025-06-28T00:21:26.267+0200][20.315s] GC(606) Phase 5: Reset Metadata
[2025-06-28T00:21:26.271+0200][20.319s] GC(606) Phase 5: Reset Metadata 3.865ms
[2025-06-28T00:21:26.275+0200][20.323s] GC(606) Eden regions: 0->0(1)
[2025-06-28T00:21:26.275+0200][20.323s] GC(606) Survivor regions: 0->0(0)
[2025-06-28T00:21:26.275+0200][20.323s] GC(606) Old regions: 22->21
[2025-06-28T00:21:26.275+0200][20.323s] GC(606) Humongous regions: 0->0
[2025-06-28T00:21:26.275+0200][20.323s] GC(606) Metaspace: 63154K(63680K)->63154K(63680K) NonClass: 54628K(54912K)->54628K(54912K) Class: 8525K(8768K)->8525K(8768K)
[2025-06-28T00:21:26.275+0200][20.323s] GC(606) Pause Full (G1 Compaction Pause) 20M->19M(22M) 44.066ms
[2025-06-28T00:21:26.275+0200][20.323s] GC(606) User=0.08s Sys=0.00s Real=0.04s
[2025-06-28T00:21:26.276+0200][20.323s] GC(605) Concurrent Mark From Roots 44.163ms
[2025-06-28T00:21:26.276+0200][20.323s] GC(605) Concurrent Mark Abort
[2025-06-28T00:21:26.276+0200][20.323s] GC(605) Concurrent Mark Cycle 44.586ms
[2025-06-28T00:21:26.291+0200][20.339s] GC(607) Pause Young (Normal) (G1 Evacuation Pause)
[2025-06-28T00:21:26.291+0200][20.339s] GC(607) Using 8 workers of 10 for evacuation
[2025-06-28T00:21:26.293+0200][20.341s] GC(607)   Pre Evacuate Collection Set: 0.4ms
[2025-06-28T00:21:26.293+0200][20.341s] GC(607)   Merge Heap Roots: 0.2ms
[2025-06-28T00:21:26.293+0200][20.341s] GC(607)   Evacuate Collection Set: 0.5ms
[2025-06-28T00:21:26.293+0200][20.341s] GC(607)   Post Evacuate Collection Set: 0.7ms
[2025-06-28T00:21:26.293+0200][20.341s] GC(607)   Other: 0.1ms
[2025-06-28T00:21:26.293+0200][20.341s] GC(607) Eden regions: 1->0(0)
[2025-06-28T00:21:26.293+0200][20.341s] GC(607) Survivor regions: 0->0(0)
[2025-06-28T00:21:26.293+0200][20.341s] GC(607) Old regions: 21->22
[2025-06-28T00:21:26.293+0200][20.341s] GC(607) Humongous regions: 0->0
[2025-06-28T00:21:26.293+0200][20.341s] GC(607) Metaspace: 63195K(63744K)->63195K(63744K) NonClass: 54659K(54976K)->54659K(54976K) Class: 8535K(8768K)->8535K(8768K)
[2025-06-28T00:21:26.293+0200][20.341s] GC(607) Pause Young (Normal) (G1 Evacuation Pause) (Evacuation Failure) 20M->20M(22M) 2.248ms
[2025-06-28T00:21:26.293+0200][20.342s] GC(607) User=0.02s Sys=0.02s Real=0.00s
[2025-06-28T00:21:26.293+0200][20.342s] Attempting full compaction
[2025-06-28T00:21:26.293+0200][20.342s] GC(608) Pause Full (G1 Compaction Pause)
[2025-06-28T00:21:26.294+0200][20.342s] GC(608) Using 2 workers of 10 for full compaction
[2025-06-28T00:21:26.294+0200][20.342s] GC(608) Phase 1: Mark live objects
[2025-06-28T00:21:26.318+0200][20.365s] GC(608) Phase 1: Mark live objects 23.594ms
[2025-06-28T00:21:26.318+0200][20.365s] GC(608) Phase 2: Prepare compaction
[2025-06-28T00:21:26.319+0200][20.367s] GC(608) Phase 2: Prepare compaction 1.014ms
[2025-06-28T00:21:26.319+0200][20.367s] GC(608) Phase 3: Adjust pointers
[2025-06-28T00:21:26.331+0200][20.379s] GC(608) Phase 3: Adjust pointers 11.766ms
[2025-06-28T00:21:26.331+0200][20.379s] GC(608) Phase 4: Compact heap
[2025-06-28T00:21:26.331+0200][20.379s] GC(608) Phase 4: Compact heap 0.287ms
[2025-06-28T00:21:26.331+0200][20.379s] GC(608) Phase 5: Reset Metadata
[2025-06-28T00:21:26.336+0200][20.383s] GC(608) Phase 5: Reset Metadata 4.469ms
[2025-06-28T00:21:26.341+0200][20.389s] GC(608) Eden regions: 0->0(1)
[2025-06-28T00:21:26.341+0200][20.389s] GC(608) Survivor regions: 0->0(0)
[2025-06-28T00:21:26.341+0200][20.389s] GC(608) Old regions: 22->21
[2025-06-28T00:21:26.341+0200][20.389s] GC(608) Humongous regions: 0->0
[2025-06-28T00:21:26.341+0200][20.389s] GC(608) Metaspace: 63195K(63744K)->63195K(63744K) NonClass: 54659K(54976K)->54659K(54976K) Class: 8535K(8768K)->8535K(8768K)
[2025-06-28T00:21:26.341+0200][20.389s] GC(608) Pause Full (G1 Compaction Pause) 20M->19M(22M) 47.095ms
[2025-06-28T00:21:26.341+0200][20.389s] GC(608) User=0.08s Sys=0.00s Real=0.05s
[2025-06-28T00:21:26.352+0200][20.400s] GC(609) Pause Young (Concurrent Start) (G1 Evacuation Pause)
[2025-06-28T00:21:26.352+0200][20.400s] GC(609) Using 8 workers of 10 for evacuation
[2025-06-28T00:21:26.355+0200][20.403s] GC(609)   Pre Evacuate Collection Set: 0.4ms
[2025-06-28T00:21:26.355+0200][20.403s] GC(609)   Merge Heap Roots: 0.2ms
[2025-06-28T00:21:26.355+0200][20.403s] GC(609)   Evacuate Collection Set: 1.0ms
[2025-06-28T00:21:26.355+0200][20.403s] GC(609)   Post Evacuate Collection Set: 0.6ms
[2025-06-28T00:21:26.355+0200][20.403s] GC(609)   Other: 0.3ms
[2025-06-28T00:21:26.355+0200][20.403s] GC(609) Eden regions: 1->0(0)
[2025-06-28T00:21:26.355+0200][20.403s] GC(609) Survivor regions: 0->0(0)
[2025-06-28T00:21:26.355+0200][20.403s] GC(609) Old regions: 21->22
[2025-06-28T00:21:26.355+0200][20.403s] GC(609) Humongous regions: 0->0
[2025-06-28T00:21:26.355+0200][20.403s] GC(609) Metaspace: 63271K(63808K)->63271K(63808K) NonClass: 54725K(55040K)->54725K(55040K) Class: 8546K(8768K)->8546K(8768K)
[2025-06-28T00:21:26.355+0200][20.403s] GC(609) Pause Young (Concurrent Start) (G1 Evacuation Pause) (Evacuation Failure) 20M->20M(22M) 2.909ms
[2025-06-28T00:21:26.355+0200][20.403s] GC(610) Concurrent Mark Cycle
[2025-06-28T00:21:26.355+0200][20.403s] GC(609) User=0.06s Sys=0.00s Real=0.00s
[2025-06-28T00:21:26.355+0200][20.403s] GC(610) Concurrent Scan Root Regions
[2025-06-28T00:21:26.355+0200][20.403s] Attempting full compaction
[2025-06-28T00:21:26.356+0200][20.403s] GC(610) Concurrent Scan Root Regions 0.137ms
[2025-06-28T00:21:26.356+0200][20.403s] GC(611) Pause Full (G1 Compaction Pause)
[2025-06-28T00:21:26.356+0200][20.403s] GC(610) Concurrent Mark
[2025-06-28T00:21:26.356+0200][20.403s] GC(610) Concurrent Mark From Roots
[2025-06-28T00:21:26.356+0200][20.403s] GC(611) Using 2 workers of 10 for full compaction
[2025-06-28T00:21:26.356+0200][20.403s] GC(610) Using 3 workers of 3 for marking
[2025-06-28T00:21:26.356+0200][20.404s] GC(611) Phase 1: Mark live objects
[2025-06-28T00:21:26.383+0200][20.431s] GC(611) Phase 1: Mark live objects 27.075ms
[2025-06-28T00:21:26.383+0200][20.431s] GC(611) Phase 2: Prepare compaction
[2025-06-28T00:21:26.384+0200][20.431s] GC(611) Phase 2: Prepare compaction 0.529ms
[2025-06-28T00:21:26.384+0200][20.431s] GC(611) Phase 3: Adjust pointers
[2025-06-28T00:21:26.394+0200][20.442s] GC(611) Phase 3: Adjust pointers 10.341ms
[2025-06-28T00:21:26.394+0200][20.442s] GC(611) Phase 4: Compact heap
[2025-06-28T00:21:26.395+0200][20.442s] GC(611) Phase 4: Compact heap 0.542ms
[2025-06-28T00:21:26.395+0200][20.442s] GC(611) Phase 5: Reset Metadata
[2025-06-28T00:21:26.399+0200][20.448s] GC(611) Phase 5: Reset Metadata 5.230ms
[2025-06-28T00:21:26.403+0200][20.452s] GC(611) Eden regions: 0->0(1)
[2025-06-28T00:21:26.403+0200][20.452s] GC(611) Survivor regions: 0->0(0)
[2025-06-28T00:21:26.403+0200][20.452s] GC(611) Old regions: 22->21
[2025-06-28T00:21:26.403+0200][20.452s] GC(611) Humongous regions: 0->0
[2025-06-28T00:21:26.404+0200][20.452s] GC(611) Metaspace: 63271K(63808K)->63271K(63808K) NonClass: 54725K(55040K)->54725K(55040K) Class: 8546K(8768K)->8546K(8768K)
[2025-06-28T00:21:26.404+0200][20.452s] GC(611) Pause Full (G1 Compaction Pause) 20M->19M(22M) 48.682ms
[2025-06-28T00:21:26.404+0200][20.452s] GC(611) User=0.09s Sys=0.02s Real=0.05s
[2025-06-28T00:21:26.404+0200][20.452s] GC(610) Concurrent Mark From Roots 48.929ms
[2025-06-28T00:21:26.404+0200][20.452s] GC(610) Concurrent Mark Abort
[2025-06-28T00:21:26.404+0200][20.452s] GC(610) Concurrent Mark Cycle 49.321ms
[2025-06-28T00:21:26.425+0200][20.473s] GC(612) Pause Young (Normal) (G1 Evacuation Pause)
[2025-06-28T00:21:26.425+0200][20.473s] GC(612) Using 8 workers of 10 for evacuation
[2025-06-28T00:21:26.427+0200][20.475s] GC(612)   Pre Evacuate Collection Set: 0.3ms
[2025-06-28T00:21:26.427+0200][20.475s] GC(612)   Merge Heap Roots: 0.2ms
[2025-06-28T00:21:26.427+0200][20.475s] GC(612)   Evacuate Collection Set: 0.9ms
[2025-06-28T00:21:26.427+0200][20.475s] GC(612)   Post Evacuate Collection Set: 0.6ms
[2025-06-28T00:21:26.427+0200][20.475s] GC(612)   Other: 0.1ms
[2025-06-28T00:21:26.427+0200][20.475s] GC(612) Eden regions: 1->0(0)
[2025-06-28T00:21:26.427+0200][20.475s] GC(612) Survivor regions: 0->0(0)
[2025-06-28T00:21:26.427+0200][20.475s] GC(612) Old regions: 21->22
[2025-06-28T00:21:26.427+0200][20.475s] GC(612) Humongous regions: 0->0
[2025-06-28T00:21:26.427+0200][20.475s] GC(612) Metaspace: 63329K(63872K)->63329K(63872K) NonClass: 54770K(55104K)->54770K(55104K) Class: 8559K(8768K)->8559K(8768K)
[2025-06-28T00:21:26.427+0200][20.475s] GC(612) Pause Young (Normal) (G1 Evacuation Pause) (Evacuation Failure) 20M->20M(22M) 2.227ms
[2025-06-28T00:21:26.427+0200][20.475s] GC(612) User=0.00s Sys=0.00s Real=0.00s
[2025-06-28T00:21:26.427+0200][20.475s] Attempting full compaction
[2025-06-28T00:21:26.427+0200][20.475s] GC(613) Pause Full (G1 Compaction Pause)
[2025-06-28T00:21:26.427+0200][20.475s] GC(613) Using 2 workers of 10 for full compaction
[2025-06-28T00:21:26.427+0200][20.475s] GC(613) Phase 1: Mark live objects
[2025-06-28T00:21:26.450+0200][20.498s] GC(613) Phase 1: Mark live objects 22.982ms
[2025-06-28T00:21:26.450+0200][20.498s] GC(613) Phase 2: Prepare compaction
[2025-06-28T00:21:26.451+0200][20.499s] GC(613) Phase 2: Prepare compaction 0.633ms
[2025-06-28T00:21:26.451+0200][20.499s] GC(613) Phase 3: Adjust pointers
[2025-06-28T00:21:26.461+0200][20.509s] GC(613) Phase 3: Adjust pointers 9.804ms
[2025-06-28T00:21:26.461+0200][20.509s] GC(613) Phase 4: Compact heap
[2025-06-28T00:21:26.462+0200][20.509s] GC(613) Phase 4: Compact heap 0.544ms
[2025-06-28T00:21:26.462+0200][20.509s] GC(613) Phase 5: Reset Metadata
[2025-06-28T00:21:26.465+0200][20.513s] GC(613) Phase 5: Reset Metadata 3.652ms
[2025-06-28T00:21:26.469+0200][20.517s] GC(613) Eden regions: 0->0(1)
[2025-06-28T00:21:26.469+0200][20.517s] GC(613) Survivor regions: 0->0(0)
[2025-06-28T00:21:26.469+0200][20.517s] GC(613) Old regions: 22->21
[2025-06-28T00:21:26.469+0200][20.517s] GC(613) Humongous regions: 0->0
[2025-06-28T00:21:26.469+0200][20.517s] GC(613) Metaspace: 63329K(63872K)->63329K(63872K) NonClass: 54770K(55104K)->54770K(55104K) Class: 8559K(8768K)->8559K(8768K)
[2025-06-28T00:21:26.469+0200][20.517s] GC(613) Pause Full (G1 Compaction Pause) 20M->19M(22M) 41.793ms
[2025-06-28T00:21:26.469+0200][20.517s] GC(613) User=0.11s Sys=0.00s Real=0.04s
[2025-06-28T00:21:26.483+0200][20.531s] GC(614) Pause Young (Concurrent Start) (G1 Evacuation Pause)
[2025-06-28T00:21:26.483+0200][20.531s] GC(614) Using 8 workers of 10 for evacuation
[2025-06-28T00:21:26.485+0200][20.533s] GC(614)   Pre Evacuate Collection Set: 0.2ms
[2025-06-28T00:21:26.485+0200][20.533s] GC(614)   Merge Heap Roots: 0.1ms
[2025-06-28T00:21:26.485+0200][20.533s] GC(614)   Evacuate Collection Set: 0.6ms
[2025-06-28T00:21:26.485+0200][20.533s] GC(614)   Post Evacuate Collection Set: 0.5ms
[2025-06-28T00:21:26.485+0200][20.533s] GC(614)   Other: 0.1ms
[2025-06-28T00:21:26.485+0200][20.533s] GC(614) Eden regions: 1->0(0)
[2025-06-28T00:21:26.485+0200][20.533s] GC(614) Survivor regions: 0->0(0)
[2025-06-28T00:21:26.485+0200][20.533s] GC(614) Old regions: 21->22
[2025-06-28T00:21:26.485+0200][20.533s] GC(614) Humongous regions: 0->0
[2025-06-28T00:21:26.485+0200][20.533s] GC(614) Metaspace: 63410K(63936K)->63410K(63936K) NonClass: 54836K(55168K)->54836K(55168K) Class: 8573K(8768K)->8573K(8768K)
[2025-06-28T00:21:26.485+0200][20.533s] GC(614) Pause Young (Concurrent Start) (G1 Evacuation Pause) (Evacuation Failure) 20M->20M(22M) 1.789ms
[2025-06-28T00:21:26.485+0200][20.533s] GC(614) User=0.00s Sys=0.00s Real=0.00s
[2025-06-28T00:21:26.485+0200][20.533s] GC(615) Concurrent Mark Cycle
[2025-06-28T00:21:26.485+0200][20.533s] Attempting full compaction
[2025-06-28T00:21:26.485+0200][20.533s] GC(615) Concurrent Scan Root Regions
[2025-06-28T00:21:26.485+0200][20.533s] GC(616) Pause Full (G1 Compaction Pause)
[2025-06-28T00:21:26.485+0200][20.533s] GC(615) Concurrent Scan Root Regions 0.038ms
[2025-06-28T00:21:26.485+0200][20.533s] GC(616) Using 2 workers of 10 for full compaction
[2025-06-28T00:21:26.485+0200][20.533s] GC(615) Concurrent Mark
[2025-06-28T00:21:26.485+0200][20.533s] GC(615) Concurrent Mark From Roots
[2025-06-28T00:21:26.485+0200][20.533s] GC(615) Using 3 workers of 3 for marking
[2025-06-28T00:21:26.485+0200][20.533s] GC(616) Phase 1: Mark live objects
[2025-06-28T00:21:26.509+0200][20.558s] GC(616) Phase 1: Mark live objects 24.523ms
[2025-06-28T00:21:26.509+0200][20.558s] GC(616) Phase 2: Prepare compaction
[2025-06-28T00:21:26.510+0200][20.558s] GC(616) Phase 2: Prepare compaction 0.555ms
[2025-06-28T00:21:26.510+0200][20.558s] GC(616) Phase 3: Adjust pointers
[2025-06-28T00:21:26.521+0200][20.569s] GC(616) Phase 3: Adjust pointers 10.603ms
[2025-06-28T00:21:26.521+0200][20.569s] GC(616) Phase 4: Compact heap
[2025-06-28T00:21:26.522+0200][20.570s] GC(616) Phase 4: Compact heap 0.659ms
[2025-06-28T00:21:26.522+0200][20.570s] GC(616) Phase 5: Reset Metadata
[2025-06-28T00:21:26.526+0200][20.574s] GC(616) Phase 5: Reset Metadata 3.815ms
[2025-06-28T00:21:26.530+0200][20.578s] GC(616) Eden regions: 0->0(1)
[2025-06-28T00:21:26.530+0200][20.578s] GC(616) Survivor regions: 0->0(0)
[2025-06-28T00:21:26.530+0200][20.578s] GC(616) Old regions: 22->21
[2025-06-28T00:21:26.530+0200][20.578s] GC(616) Humongous regions: 0->0
[2025-06-28T00:21:26.530+0200][20.578s] GC(616) Metaspace: 63410K(63936K)->63410K(63936K) NonClass: 54836K(55168K)->54836K(55168K) Class: 8573K(8768K)->8573K(8768K)
[2025-06-28T00:21:26.530+0200][20.578s] GC(616) Pause Full (G1 Compaction Pause) 20M->19M(22M) 44.886ms
[2025-06-28T00:21:26.530+0200][20.578s] GC(616) User=0.03s Sys=0.03s Real=0.05s
[2025-06-28T00:21:26.530+0200][20.578s] GC(615) Concurrent Mark From Roots 44.993ms
[2025-06-28T00:21:26.530+0200][20.578s] GC(615) Concurrent Mark Abort
[2025-06-28T00:21:26.530+0200][20.578s] GC(615) Concurrent Mark Cycle 45.224ms
[2025-06-28T00:21:26.542+0200][20.590s] GC(617) Pause Young (Normal) (G1 Evacuation Pause)
[2025-06-28T00:21:26.542+0200][20.590s] GC(617) Using 8 workers of 10 for evacuation
[2025-06-28T00:21:26.543+0200][20.591s] GC(617)   Pre Evacuate Collection Set: 0.3ms
[2025-06-28T00:21:26.543+0200][20.592s] GC(617)   Merge Heap Roots: 0.1ms
[2025-06-28T00:21:26.543+0200][20.592s] GC(617)   Evacuate Collection Set: 0.4ms
[2025-06-28T00:21:26.543+0200][20.592s] GC(617)   Post Evacuate Collection Set: 0.4ms
[2025-06-28T00:21:26.543+0200][20.592s] GC(617)   Other: 0.1ms
[2025-06-28T00:21:26.543+0200][20.592s] GC(617) Eden regions: 1->0(0)
[2025-06-28T00:21:26.543+0200][20.592s] GC(617) Survivor regions: 0->0(0)
[2025-06-28T00:21:26.543+0200][20.592s] GC(617) Old regions: 21->22
[2025-06-28T00:21:26.543+0200][20.592s] GC(617) Humongous regions: 0->0
[2025-06-28T00:21:26.543+0200][20.592s] GC(617) Metaspace: 63509K(64064K)->63509K(64064K) NonClass: 54927K(55232K)->54927K(55232K) Class: 8582K(8832K)->8582K(8832K)
[2025-06-28T00:21:26.543+0200][20.592s] GC(617) Pause Young (Normal) (G1 Evacuation Pause) (Evacuation Failure) 20M->20M(22M) 1.512ms
[2025-06-28T00:21:26.543+0200][20.592s] GC(617) User=0.02s Sys=0.00s Real=0.00s
[2025-06-28T00:21:26.543+0200][20.592s] Attempting full compaction
[2025-06-28T00:21:26.543+0200][20.592s] GC(618) Pause Full (G1 Compaction Pause)
[2025-06-28T00:21:26.543+0200][20.592s] GC(618) Using 2 workers of 10 for full compaction
[2025-06-28T00:21:26.543+0200][20.592s] GC(618) Phase 1: Mark live objects
[2025-06-28T00:21:26.569+0200][20.616s] GC(618) Phase 1: Mark live objects 24.718ms
[2025-06-28T00:21:26.569+0200][20.617s] GC(618) Phase 2: Prepare compaction
[2025-06-28T00:21:26.569+0200][20.617s] GC(618) Phase 2: Prepare compaction 0.588ms
[2025-06-28T00:21:26.570+0200][20.618s] GC(618) Phase 3: Adjust pointers
[2025-06-28T00:21:26.580+0200][20.628s] GC(618) Phase 3: Adjust pointers 10.025ms
[2025-06-28T00:21:26.580+0200][20.628s] GC(618) Phase 4: Compact heap
[2025-06-28T00:21:26.580+0200][20.628s] GC(618) Phase 4: Compact heap 0.394ms
[2025-06-28T00:21:26.580+0200][20.628s] GC(618) Phase 5: Reset Metadata
[2025-06-28T00:21:26.584+0200][20.632s] GC(618) Phase 5: Reset Metadata 3.673ms
[2025-06-28T00:21:26.587+0200][20.635s] GC(618) Eden regions: 0->0(1)
[2025-06-28T00:21:26.588+0200][20.635s] GC(618) Survivor regions: 0->0(0)
[2025-06-28T00:21:26.588+0200][20.635s] GC(618) Old regions: 22->21
[2025-06-28T00:21:26.588+0200][20.635s] GC(618) Humongous regions: 0->0
[2025-06-28T00:21:26.588+0200][20.635s] GC(618) Metaspace: 63509K(64064K)->63509K(64064K) NonClass: 54927K(55232K)->54927K(55232K) Class: 8582K(8832K)->8582K(8832K)
[2025-06-28T00:21:26.588+0200][20.635s] GC(618) Pause Full (G1 Compaction Pause) 20M->19M(22M) 43.691ms
[2025-06-28T00:21:26.588+0200][20.635s] GC(618) User=0.06s Sys=0.00s Real=0.05s
[2025-06-28T00:21:26.598+0200][20.646s] GC(619) Pause Young (Concurrent Start) (G1 Evacuation Pause)
[2025-06-28T00:21:26.598+0200][20.646s] GC(619) Using 8 workers of 10 for evacuation
[2025-06-28T00:21:26.599+0200][20.648s] GC(619)   Pre Evacuate Collection Set: 0.3ms
[2025-06-28T00:21:26.599+0200][20.648s] GC(619)   Merge Heap Roots: 0.1ms
[2025-06-28T00:21:26.599+0200][20.648s] GC(619)   Evacuate Collection Set: 0.5ms
[2025-06-28T00:21:26.599+0200][20.648s] GC(619)   Post Evacuate Collection Set: 1.1ms
[2025-06-28T00:21:26.599+0200][20.648s] GC(619)   Other: 0.1ms
[2025-06-28T00:21:26.600+0200][20.648s] GC(619) Eden regions: 1->0(0)
[2025-06-28T00:21:26.600+0200][20.648s] GC(619) Survivor regions: 0->0(0)
[2025-06-28T00:21:26.600+0200][20.648s] GC(619) Old regions: 21->22
[2025-06-28T00:21:26.600+0200][20.648s] GC(619) Humongous regions: 0->0
[2025-06-28T00:21:26.600+0200][20.648s] GC(619) Metaspace: 63598K(64128K)->63598K(64128K) NonClass: 55007K(55296K)->55007K(55296K) Class: 8591K(8832K)->8591K(8832K)
[2025-06-28T00:21:26.600+0200][20.648s] GC(619) Pause Young (Concurrent Start) (G1 Evacuation Pause) (Evacuation Failure) 20M->20M(22M) 2.328ms
[2025-06-28T00:21:26.600+0200][20.648s] GC(619) User=0.00s Sys=0.00s Real=0.00s
[2025-06-28T00:21:26.600+0200][20.648s] GC(620) Concurrent Mark Cycle
[2025-06-28T00:21:26.600+0200][20.648s] Attempting full compaction
[2025-06-28T00:21:26.600+0200][20.648s] GC(620) Concurrent Scan Root Regions
[2025-06-28T00:21:26.600+0200][20.648s] GC(621) Pause Full (G1 Compaction Pause)
[2025-06-28T00:21:26.600+0200][20.648s] GC(620) Concurrent Scan Root Regions 0.036ms
[2025-06-28T00:21:26.600+0200][20.648s] GC(621) Using 2 workers of 10 for full compaction
[2025-06-28T00:21:26.600+0200][20.648s] GC(620) Concurrent Mark
[2025-06-28T00:21:26.600+0200][20.648s] GC(620) Concurrent Mark From Roots
[2025-06-28T00:21:26.600+0200][20.648s] GC(620) Using 3 workers of 3 for marking
[2025-06-28T00:21:26.600+0200][20.648s] GC(621) Phase 1: Mark live objects
[2025-06-28T00:21:26.620+0200][20.668s] GC(621) Phase 1: Mark live objects 19.729ms
[2025-06-28T00:21:26.620+0200][20.668s] GC(621) Phase 2: Prepare compaction
[2025-06-28T00:21:26.620+0200][20.669s] GC(621) Phase 2: Prepare compaction 0.465ms
[2025-06-28T00:21:26.620+0200][20.669s] GC(621) Phase 3: Adjust pointers
[2025-06-28T00:21:26.629+0200][20.677s] GC(621) Phase 3: Adjust pointers 8.701ms
[2025-06-28T00:21:26.629+0200][20.677s] GC(621) Phase 4: Compact heap
[2025-06-28T00:21:26.629+0200][20.678s] GC(621) Phase 4: Compact heap 0.378ms
[2025-06-28T00:21:26.629+0200][20.678s] GC(621) Phase 5: Reset Metadata
[2025-06-28T00:21:26.633+0200][20.681s] GC(621) Phase 5: Reset Metadata 3.591ms
[2025-06-28T00:21:26.637+0200][20.685s] GC(621) Eden regions: 0->0(1)
[2025-06-28T00:21:26.637+0200][20.685s] GC(621) Survivor regions: 0->0(0)
[2025-06-28T00:21:26.637+0200][20.685s] GC(621) Old regions: 22->21
[2025-06-28T00:21:26.637+0200][20.685s] GC(621) Humongous regions: 0->0
[2025-06-28T00:21:26.637+0200][20.685s] GC(621) Metaspace: 63598K(64128K)->63598K(64128K) NonClass: 55007K(55296K)->55007K(55296K) Class: 8591K(8832K)->8591K(8832K)
[2025-06-28T00:21:26.637+0200][20.685s] GC(621) Pause Full (G1 Compaction Pause) 20M->19M(22M) 37.153ms
[2025-06-28T00:21:26.637+0200][20.685s] GC(621) User=0.05s Sys=0.02s Real=0.04s
[2025-06-28T00:21:26.638+0200][20.686s] GC(620) Concurrent Mark From Roots 37.322ms
[2025-06-28T00:21:26.638+0200][20.686s] GC(620) Concurrent Mark Abort
[2025-06-28T00:21:26.638+0200][20.686s] GC(620) Concurrent Mark Cycle 37.616ms
[2025-06-28T00:21:26.645+0200][20.693s] GC(622) Pause Young (Normal) (G1 Evacuation Pause)
[2025-06-28T00:21:26.645+0200][20.693s] GC(622) Using 8 workers of 10 for evacuation
[2025-06-28T00:21:26.647+0200][20.694s] GC(622)   Pre Evacuate Collection Set: 0.2ms
[2025-06-28T00:21:26.647+0200][20.694s] GC(622)   Merge Heap Roots: 0.1ms
[2025-06-28T00:21:26.647+0200][20.694s] GC(622)   Evacuate Collection Set: 0.4ms
[2025-06-28T00:21:26.647+0200][20.694s] GC(622)   Post Evacuate Collection Set: 0.4ms
[2025-06-28T00:21:26.647+0200][20.694s] GC(622)   Other: 0.1ms
[2025-06-28T00:21:26.647+0200][20.694s] GC(622) Eden regions: 1->0(0)
[2025-06-28T00:21:26.647+0200][20.694s] GC(622) Survivor regions: 0->0(0)
[2025-06-28T00:21:26.647+0200][20.694s] GC(622) Old regions: 21->22
[2025-06-28T00:21:26.647+0200][20.694s] GC(622) Humongous regions: 0->0
[2025-06-28T00:21:26.647+0200][20.694s] GC(622) Metaspace: 63697K(64256K)->63697K(64256K) NonClass: 55093K(55424K)->55093K(55424K) Class: 8603K(8832K)->8603K(8832K)
[2025-06-28T00:21:26.647+0200][20.695s] GC(622) Pause Young (Normal) (G1 Evacuation Pause) (Evacuation Failure) 20M->20M(22M) 1.398ms
[2025-06-28T00:21:26.647+0200][20.695s] GC(622) User=0.00s Sys=0.00s Real=0.00s
[2025-06-28T00:21:26.647+0200][20.695s] Attempting full compaction
[2025-06-28T00:21:26.647+0200][20.695s] GC(623) Pause Full (G1 Compaction Pause)
[2025-06-28T00:21:26.647+0200][20.695s] GC(623) Using 2 workers of 10 for full compaction
[2025-06-28T00:21:26.647+0200][20.695s] GC(623) Phase 1: Mark live objects
[2025-06-28T00:21:26.671+0200][20.719s] GC(623) Phase 1: Mark live objects 24.440ms
[2025-06-28T00:21:26.671+0200][20.719s] GC(623) Phase 2: Prepare compaction
[2025-06-28T00:21:26.672+0200][20.720s] GC(623) Phase 2: Prepare compaction 0.588ms
[2025-06-28T00:21:26.672+0200][20.720s] GC(623) Phase 3: Adjust pointers
[2025-06-28T00:21:26.682+0200][20.730s] GC(623) Phase 3: Adjust pointers 10.110ms
[2025-06-28T00:21:26.691+0200][20.739s] GC(623) Phase 4: Compact heap
[2025-06-28T00:21:26.691+0200][20.739s] GC(623) Phase 4: Compact heap 0.581ms
[2025-06-28T00:21:26.691+0200][20.739s] GC(623) Phase 5: Reset Metadata
[2025-06-28T00:21:26.695+0200][20.743s] GC(623) Phase 5: Reset Metadata 3.659ms
[2025-06-28T00:21:26.698+0200][20.746s] GC(623) Eden regions: 0->0(1)
[2025-06-28T00:21:26.698+0200][20.746s] GC(623) Survivor regions: 0->0(0)
[2025-06-28T00:21:26.698+0200][20.746s] GC(623) Old regions: 22->21
[2025-06-28T00:21:26.698+0200][20.746s] GC(623) Humongous regions: 0->0
[2025-06-28T00:21:26.698+0200][20.746s] GC(623) Metaspace: 63697K(64256K)->63697K(64256K) NonClass: 55093K(55424K)->55093K(55424K) Class: 8603K(8832K)->8603K(8832K)
[2025-06-28T00:21:26.698+0200][20.746s] GC(623) Pause Full (G1 Compaction Pause) 20M->19M(22M) 51.900ms
[2025-06-28T00:21:26.698+0200][20.747s] GC(623) User=0.06s Sys=0.00s Real=0.05s
[2025-06-28T00:21:26.710+0200][20.758s] GC(624) Pause Young (Concurrent Start) (G1 Evacuation Pause)
[2025-06-28T00:21:26.711+0200][20.758s] GC(624) Using 8 workers of 10 for evacuation
[2025-06-28T00:21:26.712+0200][20.760s] GC(624)   Pre Evacuate Collection Set: 0.2ms
[2025-06-28T00:21:26.712+0200][20.760s] GC(624)   Merge Heap Roots: 0.2ms
[2025-06-28T00:21:26.712+0200][20.760s] GC(624)   Evacuate Collection Set: 0.6ms
[2025-06-28T00:21:26.712+0200][20.760s] GC(624)   Post Evacuate Collection Set: 0.6ms
[2025-06-28T00:21:26.712+0200][20.760s] GC(624)   Other: 0.2ms
[2025-06-28T00:21:26.712+0200][20.760s] GC(624) Eden regions: 1->0(0)
[2025-06-28T00:21:26.712+0200][20.760s] GC(624) Survivor regions: 0->0(0)
[2025-06-28T00:21:26.712+0200][20.760s] GC(624) Old regions: 21->22
[2025-06-28T00:21:26.712+0200][20.760s] GC(624) Humongous regions: 0->0
[2025-06-28T00:21:26.712+0200][20.760s] GC(624) Metaspace: 63741K(64320K)->63741K(64320K) NonClass: 55129K(55488K)->55129K(55488K) Class: 8611K(8832K)->8611K(8832K)
[2025-06-28T00:21:26.712+0200][20.760s] GC(624) Pause Young (Concurrent Start) (G1 Evacuation Pause) (Evacuation Failure) 20M->20M(22M) 2.006ms
[2025-06-28T00:21:26.712+0200][20.760s] GC(624) User=0.00s Sys=0.00s Real=0.00s
[2025-06-28T00:21:26.712+0200][20.760s] Attempting full compaction
[2025-06-28T00:21:26.712+0200][20.760s] GC(625) Pause Full (G1 Compaction Pause)
[2025-06-28T00:21:26.713+0200][20.760s] GC(625) Using 2 workers of 10 for full compaction
[2025-06-28T00:21:26.713+0200][20.760s] GC(626) Concurrent Mark Cycle
[2025-06-28T00:21:26.713+0200][20.760s] GC(626) Concurrent Scan Root Regions
[2025-06-28T00:21:26.713+0200][20.760s] GC(626) Concurrent Scan Root Regions 0.021ms
[2025-06-28T00:21:26.713+0200][20.760s] GC(625) Phase 1: Mark live objects
[2025-06-28T00:21:26.732+0200][20.780s] GC(625) Phase 1: Mark live objects 19.890ms
[2025-06-28T00:21:26.732+0200][20.780s] GC(625) Phase 2: Prepare compaction
[2025-06-28T00:21:26.733+0200][20.781s] GC(625) Phase 2: Prepare compaction 0.508ms
[2025-06-28T00:21:26.733+0200][20.781s] GC(625) Phase 3: Adjust pointers
[2025-06-28T00:21:26.742+0200][20.790s] GC(625) Phase 3: Adjust pointers 9.272ms
[2025-06-28T00:21:26.742+0200][20.790s] GC(625) Phase 4: Compact heap
[2025-06-28T00:21:26.743+0200][20.791s] GC(625) Phase 4: Compact heap 0.753ms
[2025-06-28T00:21:26.743+0200][20.791s] GC(625) Phase 5: Reset Metadata
[2025-06-28T00:21:26.747+0200][20.795s] GC(625) Phase 5: Reset Metadata 3.786ms
[2025-06-28T00:21:26.750+0200][20.798s] GC(625) Eden regions: 0->0(1)
[2025-06-28T00:21:26.750+0200][20.798s] GC(625) Survivor regions: 0->0(0)
[2025-06-28T00:21:26.750+0200][20.798s] GC(625) Old regions: 22->21
[2025-06-28T00:21:26.750+0200][20.798s] GC(625) Humongous regions: 0->0
[2025-06-28T00:21:26.750+0200][20.798s] GC(625) Metaspace: 63741K(64320K)->63741K(64320K) NonClass: 55129K(55488K)->55129K(55488K) Class: 8611K(8832K)->8611K(8832K)
[2025-06-28T00:21:26.750+0200][20.798s] GC(625) Pause Full (G1 Compaction Pause) 20M->19M(22M) 38.094ms
[2025-06-28T00:21:26.750+0200][20.798s] GC(625) User=0.09s Sys=0.00s Real=0.04s
[2025-06-28T00:21:26.751+0200][20.799s] GC(626) Concurrent Mark Abort
[2025-06-28T00:21:26.751+0200][20.799s] GC(626) Concurrent Mark Cycle 38.452ms
[2025-06-28T00:21:26.761+0200][20.809s] GC(627) Pause Young (Normal) (G1 Evacuation Pause)
[2025-06-28T00:21:26.761+0200][20.809s] GC(627) Using 8 workers of 10 for evacuation
[2025-06-28T00:21:26.763+0200][20.810s] GC(627)   Pre Evacuate Collection Set: 0.2ms
[2025-06-28T00:21:26.763+0200][20.810s] GC(627)   Merge Heap Roots: 0.1ms
[2025-06-28T00:21:26.763+0200][20.810s] GC(627)   Evacuate Collection Set: 0.4ms
[2025-06-28T00:21:26.763+0200][20.810s] GC(627)   Post Evacuate Collection Set: 0.4ms
[2025-06-28T00:21:26.763+0200][20.810s] GC(627)   Other: 0.1ms
[2025-06-28T00:21:26.763+0200][20.810s] GC(627) Eden regions: 1->0(0)
[2025-06-28T00:21:26.763+0200][20.810s] GC(627) Survivor regions: 0->0(0)
[2025-06-28T00:21:26.763+0200][20.810s] GC(627) Old regions: 21->22
[2025-06-28T00:21:26.763+0200][20.810s] GC(627) Humongous regions: 0->0
[2025-06-28T00:21:26.763+0200][20.810s] GC(627) Metaspace: 63820K(64384K)->63820K(64384K) NonClass: 55197K(55552K)->55197K(55552K) Class: 8622K(8832K)->8622K(8832K)
[2025-06-28T00:21:26.763+0200][20.810s] GC(627) Pause Young (Normal) (G1 Evacuation Pause) (Evacuation Failure) 20M->20M(22M) 1.448ms
[2025-06-28T00:21:26.763+0200][20.810s] GC(627) User=0.02s Sys=0.00s Real=0.00s
[2025-06-28T00:21:26.763+0200][20.810s] Attempting full compaction
[2025-06-28T00:21:26.763+0200][20.810s] GC(628) Pause Full (G1 Compaction Pause)
[2025-06-28T00:21:26.763+0200][20.810s] GC(628) Using 2 workers of 10 for full compaction
[2025-06-28T00:21:26.763+0200][20.810s] GC(628) Phase 1: Mark live objects
[2025-06-28T00:21:26.785+0200][20.833s] GC(628) Phase 1: Mark live objects 22.765ms
[2025-06-28T00:21:26.785+0200][20.833s] GC(628) Phase 2: Prepare compaction
[2025-06-28T00:21:26.786+0200][20.834s] GC(628) Phase 2: Prepare compaction 0.518ms
[2025-06-28T00:21:26.786+0200][20.834s] GC(628) Phase 3: Adjust pointers
[2025-06-28T00:21:26.798+0200][20.846s] GC(628) Phase 3: Adjust pointers 12.301ms
[2025-06-28T00:21:26.798+0200][20.846s] GC(628) Phase 4: Compact heap
[2025-06-28T00:21:26.799+0200][20.847s] GC(628) Phase 4: Compact heap 0.449ms
[2025-06-28T00:21:26.799+0200][20.847s] GC(628) Phase 5: Reset Metadata
[2025-06-28T00:21:26.803+0200][20.851s] GC(628) Phase 5: Reset Metadata 3.973ms
[2025-06-28T00:21:26.808+0200][20.856s] GC(628) Eden regions: 0->0(1)
[2025-06-28T00:21:26.808+0200][20.856s] GC(628) Survivor regions: 0->0(0)
[2025-06-28T00:21:26.808+0200][20.856s] GC(628) Old regions: 22->21
[2025-06-28T00:21:26.808+0200][20.856s] GC(628) Humongous regions: 0->0
[2025-06-28T00:21:26.808+0200][20.856s] GC(628) Metaspace: 63820K(64384K)->63820K(64384K) NonClass: 55197K(55552K)->55197K(55552K) Class: 8622K(8832K)->8622K(8832K)
[2025-06-28T00:21:26.808+0200][20.856s] GC(628) Pause Full (G1 Compaction Pause) 20M->19M(22M) 45.471ms
[2025-06-28T00:21:26.808+0200][20.856s] GC(628) User=0.08s Sys=0.00s Real=0.05s
[2025-06-28T00:21:26.820+0200][20.867s] GC(629) Pause Young (Concurrent Start) (G1 Evacuation Pause)
[2025-06-28T00:21:26.820+0200][20.867s] GC(629) Using 8 workers of 10 for evacuation
[2025-06-28T00:21:26.824+0200][20.872s] GC(629)   Pre Evacuate Collection Set: 2.0ms
[2025-06-28T00:21:26.824+0200][20.872s] GC(629)   Merge Heap Roots: 0.2ms
[2025-06-28T00:21:26.824+0200][20.872s] GC(629)   Evacuate Collection Set: 1.2ms
[2025-06-28T00:21:26.824+0200][20.872s] GC(629)   Post Evacuate Collection Set: 0.7ms
[2025-06-28T00:21:26.824+0200][20.872s] GC(629)   Other: 0.3ms
[2025-06-28T00:21:26.824+0200][20.872s] GC(629) Eden regions: 1->0(0)
[2025-06-28T00:21:26.824+0200][20.872s] GC(629) Survivor regions: 0->0(0)
[2025-06-28T00:21:26.824+0200][20.872s] GC(629) Old regions: 21->22
[2025-06-28T00:21:26.824+0200][20.872s] GC(629) Humongous regions: 0->0
[2025-06-28T00:21:26.824+0200][20.872s] GC(629) Metaspace: 63873K(64384K)->63873K(64384K) NonClass: 55240K(55552K)->55240K(55552K) Class: 8632K(8832K)->8632K(8832K)
[2025-06-28T00:21:26.824+0200][20.872s] GC(629) Pause Young (Concurrent Start) (G1 Evacuation Pause) (Evacuation Failure) 20M->20M(22M) 4.810ms
[2025-06-28T00:21:26.824+0200][20.872s] GC(629) User=0.06s Sys=0.00s Real=0.00s
[2025-06-28T00:21:26.825+0200][20.872s] GC(630) Concurrent Mark Cycle
[2025-06-28T00:21:26.825+0200][20.872s] Attempting full compaction
[2025-06-28T00:21:26.825+0200][20.872s] GC(630) Concurrent Scan Root Regions
[2025-06-28T00:21:26.825+0200][20.872s] GC(631) Pause Full (G1 Compaction Pause)
[2025-06-28T00:21:26.825+0200][20.872s] GC(630) Concurrent Scan Root Regions 0.158ms
[2025-06-28T00:21:26.825+0200][20.872s] GC(631) Using 2 workers of 10 for full compaction
[2025-06-28T00:21:26.825+0200][20.873s] GC(630) Concurrent Mark
[2025-06-28T00:21:26.825+0200][20.873s] GC(630) Concurrent Mark From Roots
[2025-06-28T00:21:26.825+0200][20.873s] GC(630) Using 3 workers of 3 for marking
[2025-06-28T00:21:26.825+0200][20.873s] GC(631) Phase 1: Mark live objects
[2025-06-28T00:21:26.853+0200][20.900s] GC(631) Phase 1: Mark live objects 27.608ms
[2025-06-28T00:21:26.853+0200][20.901s] GC(631) Phase 2: Prepare compaction
[2025-06-28T00:21:26.854+0200][20.901s] GC(631) Phase 2: Prepare compaction 0.696ms
[2025-06-28T00:21:26.854+0200][20.901s] GC(631) Phase 3: Adjust pointers
[2025-06-28T00:21:26.867+0200][20.914s] GC(631) Phase 3: Adjust pointers 12.956ms
[2025-06-28T00:21:26.867+0200][20.915s] GC(631) Phase 4: Compact heap
[2025-06-28T00:21:26.867+0200][20.915s] GC(631) Phase 4: Compact heap 0.693ms
[2025-06-28T00:21:26.868+0200][20.915s] GC(631) Phase 5: Reset Metadata
[2025-06-28T00:21:26.872+0200][20.920s] GC(631) Phase 5: Reset Metadata 4.485ms
[2025-06-28T00:21:26.877+0200][20.924s] GC(631) Eden regions: 0->0(1)
[2025-06-28T00:21:26.877+0200][20.924s] GC(631) Survivor regions: 0->0(0)
[2025-06-28T00:21:26.877+0200][20.924s] GC(631) Old regions: 22->21
[2025-06-28T00:21:26.877+0200][20.924s] GC(631) Humongous regions: 0->0
[2025-06-28T00:21:26.877+0200][20.924s] GC(631) Metaspace: 63873K(64384K)->63873K(64384K) NonClass: 55240K(55552K)->55240K(55552K) Class: 8632K(8832K)->8632K(8832K)
[2025-06-28T00:21:26.877+0200][20.925s] GC(631) Pause Full (G1 Compaction Pause) 20M->19M(22M) 52.222ms
[2025-06-28T00:21:26.877+0200][20.925s] GC(631) User=0.08s Sys=0.00s Real=0.05s
[2025-06-28T00:21:26.877+0200][20.925s] GC(630) Concurrent Mark From Roots 52.042ms
[2025-06-28T00:21:26.877+0200][20.925s] GC(630) Concurrent Mark Abort
[2025-06-28T00:21:26.877+0200][20.925s] GC(630) Concurrent Mark Cycle 52.685ms
[2025-06-28T00:21:26.899+0200][20.946s] GC(632) Pause Young (Normal) (G1 Evacuation Pause)
[2025-06-28T00:21:26.899+0200][20.946s] GC(632) Using 8 workers of 10 for evacuation
[2025-06-28T00:21:26.902+0200][20.950s] GC(632)   Pre Evacuate Collection Set: 0.8ms
[2025-06-28T00:21:26.902+0200][20.950s] GC(632)   Merge Heap Roots: 0.2ms
[2025-06-28T00:21:26.902+0200][20.950s] GC(632)   Evacuate Collection Set: 0.8ms
[2025-06-28T00:21:26.902+0200][20.950s] GC(632)   Post Evacuate Collection Set: 1.4ms
[2025-06-28T00:21:26.902+0200][20.950s] GC(632)   Other: 0.1ms
[2025-06-28T00:21:26.902+0200][20.950s] GC(632) Eden regions: 1->0(0)
[2025-06-28T00:21:26.902+0200][20.950s] GC(632) Survivor regions: 0->0(0)
[2025-06-28T00:21:26.902+0200][20.950s] GC(632) Old regions: 21->22
[2025-06-28T00:21:26.902+0200][20.950s] GC(632) Humongous regions: 0->0
[2025-06-28T00:21:26.902+0200][20.950s] GC(632) Metaspace: 63949K(64512K)->63949K(64512K) NonClass: 55305K(55616K)->55305K(55616K) Class: 8643K(8896K)->8643K(8896K)
[2025-06-28T00:21:26.902+0200][20.950s] GC(632) Pause Young (Normal) (G1 Evacuation Pause) (Evacuation Failure) 20M->20M(22M) 3.711ms
[2025-06-28T00:21:26.902+0200][20.950s] GC(632) User=0.02s Sys=0.00s Real=0.00s
[2025-06-28T00:21:26.902+0200][20.950s] Attempting full compaction
[2025-06-28T00:21:26.902+0200][20.950s] GC(633) Pause Full (G1 Compaction Pause)
[2025-06-28T00:21:26.902+0200][20.950s] GC(633) Using 2 workers of 10 for full compaction
[2025-06-28T00:21:26.902+0200][20.950s] GC(633) Phase 1: Mark live objects
[2025-06-28T00:21:26.934+0200][20.982s] GC(633) Phase 1: Mark live objects 31.557ms
[2025-06-28T00:21:26.934+0200][20.982s] GC(633) Phase 2: Prepare compaction
[2025-06-28T00:21:26.934+0200][20.983s] GC(633) Phase 2: Prepare compaction 0.773ms
[2025-06-28T00:21:26.935+0200][20.983s] GC(633) Phase 3: Adjust pointers
[2025-06-28T00:21:26.948+0200][20.996s] GC(633) Phase 3: Adjust pointers 13.473ms
[2025-06-28T00:21:26.948+0200][20.996s] GC(633) Phase 4: Compact heap
[2025-06-28T00:21:26.949+0200][20.997s] GC(633) Phase 4: Compact heap 0.664ms
[2025-06-28T00:21:26.949+0200][20.997s] GC(633) Phase 5: Reset Metadata
[2025-06-28T00:21:26.953+0200][21.002s] GC(633) Phase 5: Reset Metadata 4.411ms
[2025-06-28T00:21:26.962+0200][21.011s] GC(633) Eden regions: 0->0(1)
[2025-06-28T00:21:26.962+0200][21.011s] GC(633) Survivor regions: 0->0(0)
[2025-06-28T00:21:26.962+0200][21.011s] GC(633) Old regions: 22->21
[2025-06-28T00:21:26.962+0200][21.011s] GC(633) Humongous regions: 0->0
[2025-06-28T00:21:26.962+0200][21.011s] GC(633) Metaspace: 63949K(64512K)->63949K(64512K) NonClass: 55305K(55616K)->55305K(55616K) Class: 8643K(8896K)->8643K(8896K)
[2025-06-28T00:21:26.963+0200][21.011s] GC(633) Pause Full (G1 Compaction Pause) 20M->19M(22M) 60.628ms
[2025-06-28T00:21:26.963+0200][21.011s] GC(633) User=0.09s Sys=0.00s Real=0.06s
[2025-06-28T00:21:26.984+0200][21.032s] GC(634) Pause Young (Concurrent Start) (G1 Evacuation Pause)
[2025-06-28T00:21:26.984+0200][21.032s] GC(634) Using 8 workers of 10 for evacuation
[2025-06-28T00:21:26.987+0200][21.035s] GC(634)   Pre Evacuate Collection Set: 0.3ms
[2025-06-28T00:21:26.987+0200][21.035s] GC(634)   Merge Heap Roots: 0.3ms
[2025-06-28T00:21:26.987+0200][21.035s] GC(634)   Evacuate Collection Set: 1.3ms
[2025-06-28T00:21:26.987+0200][21.035s] GC(634)   Post Evacuate Collection Set: 0.6ms
[2025-06-28T00:21:26.987+0200][21.035s] GC(634)   Other: 0.2ms
[2025-06-28T00:21:26.987+0200][21.035s] GC(634) Eden regions: 1->0(0)
[2025-06-28T00:21:26.987+0200][21.035s] GC(634) Survivor regions: 0->0(0)
[2025-06-28T00:21:26.987+0200][21.035s] GC(634) Old regions: 21->22
[2025-06-28T00:21:26.987+0200][21.035s] GC(634) Humongous regions: 0->0
[2025-06-28T00:21:26.987+0200][21.035s] GC(634) Metaspace: 64138K(64768K)->64138K(64768K) NonClass: 55473K(55808K)->55473K(55808K) Class: 8664K(8960K)->8664K(8960K)
[2025-06-28T00:21:26.987+0200][21.035s] GC(634) Pause Young (Concurrent Start) (G1 Evacuation Pause) (Evacuation Failure) 20M->20M(22M) 3.034ms
[2025-06-28T00:21:26.987+0200][21.035s] GC(634) User=0.00s Sys=0.00s Real=0.00s
[2025-06-28T00:21:26.987+0200][21.035s] GC(635) Concurrent Mark Cycle
[2025-06-28T00:21:26.987+0200][21.035s] Attempting full compaction
[2025-06-28T00:21:26.987+0200][21.035s] GC(635) Concurrent Scan Root Regions
[2025-06-28T00:21:26.987+0200][21.035s] GC(636) Pause Full (G1 Compaction Pause)
[2025-06-28T00:21:26.987+0200][21.035s] GC(635) Concurrent Scan Root Regions 0.120ms
[2025-06-28T00:21:26.988+0200][21.036s] GC(636) Using 2 workers of 10 for full compaction
[2025-06-28T00:21:26.988+0200][21.036s] GC(635) Concurrent Mark
[2025-06-28T00:21:26.988+0200][21.036s] GC(635) Concurrent Mark From Roots
[2025-06-28T00:21:26.988+0200][21.036s] GC(635) Using 3 workers of 3 for marking
[2025-06-28T00:21:26.988+0200][21.036s] GC(636) Phase 1: Mark live objects
[2025-06-28T00:21:27.025+0200][21.073s] GC(636) Phase 1: Mark live objects 37.192ms
[2025-06-28T00:21:27.025+0200][21.073s] GC(636) Phase 2: Prepare compaction
[2025-06-28T00:21:27.025+0200][21.074s] GC(636) Phase 2: Prepare compaction 0.793ms
[2025-06-28T00:21:27.026+0200][21.074s] GC(636) Phase 3: Adjust pointers
[2025-06-28T00:21:27.036+0200][21.084s] GC(636) Phase 3: Adjust pointers 9.610ms
[2025-06-28T00:21:27.036+0200][21.084s] GC(636) Phase 4: Compact heap
[2025-06-28T00:21:27.037+0200][21.085s] GC(636) Phase 4: Compact heap 0.770ms
[2025-06-28T00:21:27.037+0200][21.085s] GC(636) Phase 5: Reset Metadata
[2025-06-28T00:21:27.040+0200][21.089s] GC(636) Phase 5: Reset Metadata 3.925ms
[2025-06-28T00:21:27.044+0200][21.093s] GC(636) Eden regions: 0->0(1)
[2025-06-28T00:21:27.045+0200][21.093s] GC(636) Survivor regions: 0->0(0)
[2025-06-28T00:21:27.045+0200][21.093s] GC(636) Old regions: 22->21
[2025-06-28T00:21:27.045+0200][21.093s] GC(636) Humongous regions: 0->0
[2025-06-28T00:21:27.045+0200][21.093s] GC(636) Metaspace: 64138K(64768K)->64138K(64768K) NonClass: 55473K(55808K)->55473K(55808K) Class: 8664K(8960K)->8664K(8960K)
[2025-06-28T00:21:27.045+0200][21.093s] GC(636) Pause Full (G1 Compaction Pause) 20M->19M(22M) 57.521ms
[2025-06-28T00:21:27.045+0200][21.093s] GC(636) User=0.09s Sys=0.00s Real=0.06s
[2025-06-28T00:21:27.045+0200][21.093s] GC(635) Concurrent Mark From Roots 57.377ms
[2025-06-28T00:21:27.045+0200][21.093s] GC(635) Concurrent Mark Abort
[2025-06-28T00:21:27.045+0200][21.093s] GC(635) Concurrent Mark Cycle 57.990ms
[2025-06-28T00:21:27.082+0200][21.130s] GC(637) Pause Young (Normal) (G1 Evacuation Pause)
[2025-06-28T00:21:27.082+0200][21.130s] GC(637) Using 8 workers of 10 for evacuation
[2025-06-28T00:21:27.084+0200][21.132s] GC(637)   Pre Evacuate Collection Set: 0.2ms
[2025-06-28T00:21:27.084+0200][21.132s] GC(637)   Merge Heap Roots: 0.1ms
[2025-06-28T00:21:27.084+0200][21.132s] GC(637)   Evacuate Collection Set: 1.0ms
[2025-06-28T00:21:27.084+0200][21.132s] GC(637)   Post Evacuate Collection Set: 0.4ms
[2025-06-28T00:21:27.084+0200][21.132s] GC(637)   Other: 0.1ms
[2025-06-28T00:21:27.084+0200][21.132s] GC(637) Eden regions: 1->0(0)
[2025-06-28T00:21:27.084+0200][21.132s] GC(637) Survivor regions: 0->0(0)
[2025-06-28T00:21:27.084+0200][21.132s] GC(637) Old regions: 21->22
[2025-06-28T00:21:27.084+0200][21.132s] GC(637) Humongous regions: 0->0
[2025-06-28T00:21:27.084+0200][21.132s] GC(637) Metaspace: 64383K(64960K)->64383K(64960K) NonClass: 55688K(56000K)->55688K(56000K) Class: 8694K(8960K)->8694K(8960K)
[2025-06-28T00:21:27.084+0200][21.133s] GC(637) Pause Young (Normal) (G1 Evacuation Pause) (Evacuation Failure) 20M->20M(22M) 2.194ms
[2025-06-28T00:21:27.084+0200][21.133s] GC(637) User=0.00s Sys=0.00s Real=0.00s
[2025-06-28T00:21:27.084+0200][21.133s] Attempting full compaction
[2025-06-28T00:21:27.085+0200][21.133s] GC(638) Pause Full (G1 Compaction Pause)
[2025-06-28T00:21:27.085+0200][21.133s] GC(638) Using 2 workers of 10 for full compaction
[2025-06-28T00:21:27.085+0200][21.133s] GC(638) Phase 1: Mark live objects
[2025-06-28T00:21:27.122+0200][21.170s] GC(638) Phase 1: Mark live objects 36.994ms
[2025-06-28T00:21:27.122+0200][21.170s] GC(638) Phase 2: Prepare compaction
[2025-06-28T00:21:27.122+0200][21.170s] GC(638) Phase 2: Prepare compaction 0.274ms
[2025-06-28T00:21:27.122+0200][21.170s] GC(638) Phase 3: Adjust pointers
[2025-06-28T00:21:27.132+0200][21.180s] GC(638) Phase 3: Adjust pointers 10.034ms
[2025-06-28T00:21:27.132+0200][21.180s] GC(638) Phase 4: Compact heap
[2025-06-28T00:21:27.132+0200][21.180s] GC(638) Phase 4: Compact heap 0.155ms
[2025-06-28T00:21:27.132+0200][21.181s] GC(638) Phase 5: Reset Metadata
[2025-06-28T00:21:27.141+0200][21.189s] GC(638) Phase 5: Reset Metadata 8.921ms
[2025-06-28T00:21:27.147+0200][21.196s] GC(638) Eden regions: 0->0(1)
[2025-06-28T00:21:27.148+0200][21.196s] GC(638) Survivor regions: 0->0(0)
[2025-06-28T00:21:27.148+0200][21.196s] GC(638) Old regions: 22->21
[2025-06-28T00:21:27.148+0200][21.196s] GC(638) Humongous regions: 0->0
[2025-06-28T00:21:27.148+0200][21.196s] GC(638) Metaspace: 64383K(64960K)->64383K(64960K) NonClass: 55688K(56000K)->55688K(56000K) Class: 8694K(8960K)->8694K(8960K)
[2025-06-28T00:21:27.148+0200][21.196s] GC(638) Pause Full (G1 Compaction Pause) 20M->19M(22M) 63.027ms
[2025-06-28T00:21:27.148+0200][21.196s] GC(638) User=0.11s Sys=0.00s Real=0.06s
[2025-06-28T00:21:27.188+0200][21.236s] GC(639) Pause Young (Concurrent Start) (G1 Evacuation Pause)
[2025-06-28T00:21:27.188+0200][21.236s] GC(639) Using 8 workers of 10 for evacuation
[2025-06-28T00:21:27.190+0200][21.239s] GC(639)   Pre Evacuate Collection Set: 0.2ms
[2025-06-28T00:21:27.191+0200][21.239s] GC(639)   Merge Heap Roots: 0.1ms
[2025-06-28T00:21:27.191+0200][21.239s] GC(639)   Evacuate Collection Set: 0.9ms
[2025-06-28T00:21:27.191+0200][21.239s] GC(639)   Post Evacuate Collection Set: 1.3ms
[2025-06-28T00:21:27.191+0200][21.239s] GC(639)   Other: 0.1ms
[2025-06-28T00:21:27.191+0200][21.239s] GC(639) Eden regions: 1->0(0)
[2025-06-28T00:21:27.191+0200][21.239s] GC(639) Survivor regions: 0->0(0)
[2025-06-28T00:21:27.191+0200][21.239s] GC(639) Old regions: 21->22
[2025-06-28T00:21:27.191+0200][21.239s] GC(639) Humongous regions: 0->0
[2025-06-28T00:21:27.191+0200][21.239s] GC(639) Metaspace: 64845K(65408K)->64845K(65408K) NonClass: 56108K(56448K)->56108K(56448K) Class: 8736K(8960K)->8736K(8960K)
[2025-06-28T00:21:27.191+0200][21.239s] GC(639) Pause Young (Concurrent Start) (G1 Evacuation Pause) (Evacuation Failure) 20M->20M(22M) 3.430ms
[2025-06-28T00:21:27.191+0200][21.239s] GC(640) Concurrent Mark Cycle
[2025-06-28T00:21:27.191+0200][21.239s] GC(639) User=0.00s Sys=0.00s Real=0.00s
[2025-06-28T00:21:27.192+0200][21.240s] GC(640) Concurrent Scan Root Regions
[2025-06-28T00:21:27.192+0200][21.240s] Attempting full compaction
[2025-06-28T00:21:27.192+0200][21.240s] GC(640) Concurrent Scan Root Regions 0.308ms
[2025-06-28T00:21:27.192+0200][21.240s] GC(641) Pause Full (G1 Compaction Pause)
[2025-06-28T00:21:27.192+0200][21.240s] GC(640) Concurrent Mark
[2025-06-28T00:21:27.192+0200][21.241s] GC(640) Concurrent Mark From Roots
[2025-06-28T00:21:27.192+0200][21.241s] GC(641) Using 2 workers of 10 for full compaction
[2025-06-28T00:21:27.192+0200][21.241s] GC(640) Using 3 workers of 3 for marking
[2025-06-28T00:21:27.193+0200][21.241s] GC(641) Phase 1: Mark live objects
[2025-06-28T00:21:27.231+0200][21.280s] GC(641) Phase 1: Mark live objects 38.508ms
[2025-06-28T00:21:27.231+0200][21.280s] GC(641) Phase 2: Prepare compaction
[2025-06-28T00:21:27.232+0200][21.281s] GC(641) Phase 2: Prepare compaction 0.822ms
[2025-06-28T00:21:27.232+0200][21.281s] GC(641) Phase 3: Adjust pointers
[2025-06-28T00:21:27.245+0200][21.293s] GC(641) Phase 3: Adjust pointers 12.519ms
[2025-06-28T00:21:27.245+0200][21.293s] GC(641) Phase 4: Compact heap
[2025-06-28T00:21:27.245+0200][21.294s] GC(641) Phase 4: Compact heap 0.262ms
[2025-06-28T00:21:27.245+0200][21.294s] GC(641) Phase 5: Reset Metadata
[2025-06-28T00:21:27.250+0200][21.299s] GC(641) Phase 5: Reset Metadata 5.003ms
[2025-06-28T00:21:27.257+0200][21.306s] GC(641) Eden regions: 0->0(1)
[2025-06-28T00:21:27.257+0200][21.306s] GC(641) Survivor regions: 0->0(0)
[2025-06-28T00:21:27.257+0200][21.306s] GC(641) Old regions: 22->21
[2025-06-28T00:21:27.257+0200][21.306s] GC(641) Humongous regions: 0->0
[2025-06-28T00:21:27.257+0200][21.306s] GC(641) Metaspace: 64845K(65408K)->64845K(65408K) NonClass: 56108K(56448K)->56108K(56448K) Class: 8736K(8960K)->8736K(8960K)
[2025-06-28T00:21:27.257+0200][21.306s] GC(641) Pause Full (G1 Compaction Pause) 20M->20M(22M) 65.470ms
[2025-06-28T00:21:27.257+0200][21.306s] GC(641) User=0.17s Sys=0.02s Real=0.07s
[2025-06-28T00:21:27.258+0200][21.306s] GC(640) Concurrent Mark From Roots 65.417ms
[2025-06-28T00:21:27.258+0200][21.306s] GC(640) Concurrent Mark Abort
[2025-06-28T00:21:27.258+0200][21.306s] GC(640) Concurrent Mark Cycle 66.562ms
[2025-06-28T00:21:27.286+0200][21.335s] GC(642) Pause Young (Normal) (G1 Evacuation Pause)
[2025-06-28T00:21:27.286+0200][21.335s] GC(642) Using 8 workers of 10 for evacuation
[2025-06-28T00:21:27.288+0200][21.336s] GC(642)   Pre Evacuate Collection Set: 0.2ms
[2025-06-28T00:21:27.288+0200][21.336s] GC(642)   Merge Heap Roots: 0.0ms
[2025-06-28T00:21:27.288+0200][21.336s] GC(642)   Evacuate Collection Set: 0.5ms
[2025-06-28T00:21:27.288+0200][21.336s] GC(642)   Post Evacuate Collection Set: 0.5ms
[2025-06-28T00:21:27.288+0200][21.336s] GC(642)   Other: 0.1ms
[2025-06-28T00:21:27.288+0200][21.336s] GC(642) Eden regions: 1->0(0)
[2025-06-28T00:21:27.288+0200][21.336s] GC(642) Survivor regions: 0->0(0)
[2025-06-28T00:21:27.288+0200][21.336s] GC(642) Old regions: 21->22
[2025-06-28T00:21:27.288+0200][21.336s] GC(642) Humongous regions: 0->0
[2025-06-28T00:21:27.288+0200][21.336s] GC(642) Metaspace: 65059K(65664K)->65059K(65664K) NonClass: 56291K(56640K)->56291K(56640K) Class: 8767K(9024K)->8767K(9024K)
[2025-06-28T00:21:27.288+0200][21.336s] GC(642) Pause Young (Normal) (G1 Evacuation Pause) (Evacuation Failure) 21M->21M(22M) 1.793ms
[2025-06-28T00:21:27.288+0200][21.337s] GC(642) User=0.00s Sys=0.00s Real=0.00s
[2025-06-28T00:21:27.288+0200][21.337s] Attempting full compaction
[2025-06-28T00:21:27.288+0200][21.337s] GC(643) Pause Full (G1 Compaction Pause)
[2025-06-28T00:21:27.288+0200][21.337s] GC(643) Using 2 workers of 10 for full compaction
[2025-06-28T00:21:27.288+0200][21.337s] GC(643) Phase 1: Mark live objects
[2025-06-28T00:21:27.333+0200][21.381s] GC(643) Phase 1: Mark live objects 44.261ms
[2025-06-28T00:21:27.333+0200][21.381s] GC(643) Phase 2: Prepare compaction
[2025-06-28T00:21:27.334+0200][21.382s] GC(643) Phase 2: Prepare compaction 0.910ms
[2025-06-28T00:21:27.334+0200][21.382s] GC(643) Phase 3: Adjust pointers
[2025-06-28T00:21:27.348+0200][21.396s] GC(643) Phase 3: Adjust pointers 14.330ms
[2025-06-28T00:21:27.348+0200][21.396s] GC(643) Phase 4: Compact heap
[2025-06-28T00:21:27.349+0200][21.397s] GC(643) Phase 4: Compact heap 0.900ms
[2025-06-28T00:21:27.349+0200][21.397s] GC(643) Phase 5: Reset Metadata
[2025-06-28T00:21:27.355+0200][21.403s] GC(643) Phase 5: Reset Metadata 5.876ms
[2025-06-28T00:21:27.360+0200][21.409s] GC(643) Eden regions: 0->0(1)
[2025-06-28T00:21:27.360+0200][21.409s] GC(643) Survivor regions: 0->0(0)
[2025-06-28T00:21:27.360+0200][21.409s] GC(643) Old regions: 22->21
[2025-06-28T00:21:27.360+0200][21.409s] GC(643) Humongous regions: 0->0
[2025-06-28T00:21:27.360+0200][21.409s] GC(643) Metaspace: 65059K(65664K)->65032K(65664K) NonClass: 56291K(56640K)->56273K(56640K) Class: 8767K(9024K)->8759K(9024K)
[2025-06-28T00:21:27.360+0200][21.409s] GC(643) Pause Full (G1 Compaction Pause) 21M->20M(22M) 72.131ms
[2025-06-28T00:21:27.360+0200][21.409s] GC(643) User=0.12s Sys=0.00s Real=0.07s
[2025-06-28T00:21:27.386+0200][21.435s] GC(644) Pause Young (Concurrent Start) (G1 Evacuation Pause)
[2025-06-28T00:21:27.386+0200][21.435s] GC(644) Using 8 workers of 10 for evacuation
[2025-06-28T00:21:27.389+0200][21.438s] GC(644)   Pre Evacuate Collection Set: 0.7ms
[2025-06-28T00:21:27.389+0200][21.438s] GC(644)   Merge Heap Roots: 0.1ms
[2025-06-28T00:21:27.389+0200][21.438s] GC(644)   Evacuate Collection Set: 1.5ms
[2025-06-28T00:21:27.389+0200][21.438s] GC(644)   Post Evacuate Collection Set: 0.5ms
[2025-06-28T00:21:27.389+0200][21.438s] GC(644)   Other: 0.1ms
[2025-06-28T00:21:27.389+0200][21.438s] GC(644) Eden regions: 1->0(0)
[2025-06-28T00:21:27.389+0200][21.438s] GC(644) Survivor regions: 0->0(0)
[2025-06-28T00:21:27.389+0200][21.438s] GC(644) Old regions: 21->22
[2025-06-28T00:21:27.389+0200][21.438s] GC(644) Humongous regions: 0->0
[2025-06-28T00:21:27.389+0200][21.438s] GC(644) Metaspace: 65190K(65792K)->65190K(65792K) NonClass: 56408K(56768K)->56408K(56768K) Class: 8782K(9024K)->8782K(9024K)
[2025-06-28T00:21:27.390+0200][21.438s] GC(644) Pause Young (Concurrent Start) (G1 Evacuation Pause) (Evacuation Failure) 21M->21M(22M) 3.271ms
[2025-06-28T00:21:27.390+0200][21.438s] GC(644) User=0.00s Sys=0.00s Real=0.00s
[2025-06-28T00:21:27.390+0200][21.438s] GC(645) Concurrent Mark Cycle
[2025-06-28T00:21:27.390+0200][21.438s] Attempting full compaction
[2025-06-28T00:21:27.390+0200][21.438s] GC(645) Concurrent Scan Root Regions
[2025-06-28T00:21:27.390+0200][21.438s] GC(646) Pause Full (G1 Compaction Pause)
[2025-06-28T00:21:27.390+0200][21.438s] GC(645) Concurrent Scan Root Regions 0.097ms
[2025-06-28T00:21:27.390+0200][21.438s] GC(646) Using 2 workers of 10 for full compaction
[2025-06-28T00:21:27.390+0200][21.438s] GC(645) Concurrent Mark
[2025-06-28T00:21:27.390+0200][21.438s] GC(645) Concurrent Mark From Roots
[2025-06-28T00:21:27.390+0200][21.438s] GC(645) Using 3 workers of 3 for marking
[2025-06-28T00:21:27.390+0200][21.439s] GC(646) Phase 1: Mark live objects
[2025-06-28T00:21:27.424+0200][21.471s] GC(646) Phase 1: Mark live objects 32.817ms
[2025-06-28T00:21:27.424+0200][21.471s] GC(646) Phase 2: Prepare compaction
[2025-06-28T00:21:27.424+0200][21.472s] GC(646) Phase 2: Prepare compaction 0.712ms
[2025-06-28T00:21:27.424+0200][21.472s] GC(646) Phase 3: Adjust pointers
[2025-06-28T00:21:27.440+0200][21.487s] GC(646) Phase 3: Adjust pointers 15.116ms
[2025-06-28T00:21:27.440+0200][21.487s] GC(646) Phase 4: Compact heap
[2025-06-28T00:21:27.440+0200][21.488s] GC(646) Phase 4: Compact heap 0.713ms
[2025-06-28T00:21:27.440+0200][21.488s] GC(646) Phase 5: Reset Metadata
[2025-06-28T00:21:27.445+0200][21.493s] GC(646) Phase 5: Reset Metadata 4.708ms
[2025-06-28T00:21:27.451+0200][21.498s] GC(646) Eden regions: 0->0(1)
[2025-06-28T00:21:27.451+0200][21.499s] GC(646) Survivor regions: 0->0(0)
[2025-06-28T00:21:27.451+0200][21.499s] GC(646) Old regions: 22->21
[2025-06-28T00:21:27.451+0200][21.499s] GC(646) Humongous regions: 0->0
[2025-06-28T00:21:27.451+0200][21.499s] GC(646) Metaspace: 65190K(65792K)->65190K(65792K) NonClass: 56408K(56768K)->56408K(56768K) Class: 8782K(9024K)->8782K(9024K)
[2025-06-28T00:21:27.451+0200][21.499s] GC(646) Pause Full (G1 Compaction Pause) 21M->20M(22M) 60.497ms
[2025-06-28T00:21:27.451+0200][21.499s] GC(646) User=0.19s Sys=0.00s Real=0.06s
[2025-06-28T00:21:27.452+0200][21.499s] GC(645) Concurrent Mark From Roots 61.108ms
[2025-06-28T00:21:27.452+0200][21.500s] GC(645) Concurrent Mark Abort
[2025-06-28T00:21:27.452+0200][21.500s] GC(645) Concurrent Mark Cycle 61.607ms
[2025-06-28T00:21:27.464+0200][21.512s] GC(647) Pause Young (Normal) (G1 Evacuation Pause)
[2025-06-28T00:21:27.464+0200][21.512s] GC(647) Using 8 workers of 10 for evacuation
[2025-06-28T00:21:27.466+0200][21.514s] GC(647)   Pre Evacuate Collection Set: 0.1ms
[2025-06-28T00:21:27.466+0200][21.514s] GC(647)   Merge Heap Roots: 0.0ms
[2025-06-28T00:21:27.466+0200][21.514s] GC(647)   Evacuate Collection Set: 0.8ms
[2025-06-28T00:21:27.466+0200][21.514s] GC(647)   Post Evacuate Collection Set: 0.5ms
[2025-06-28T00:21:27.466+0200][21.514s] GC(647)   Other: 0.1ms
[2025-06-28T00:21:27.466+0200][21.514s] GC(647) Eden regions: 1->0(0)
[2025-06-28T00:21:27.466+0200][21.514s] GC(647) Survivor regions: 0->0(0)
[2025-06-28T00:21:27.466+0200][21.514s] GC(647) Old regions: 21->22
[2025-06-28T00:21:27.466+0200][21.514s] GC(647) Humongous regions: 0->0
[2025-06-28T00:21:27.466+0200][21.514s] GC(647) Metaspace: 65355K(65920K)->65355K(65920K) NonClass: 56559K(56896K)->56559K(56896K) Class: 8795K(9024K)->8795K(9024K)
[2025-06-28T00:21:27.466+0200][21.514s] GC(647) Pause Young (Normal) (G1 Evacuation Pause) (Evacuation Failure) 20M->20M(22M) 1.864ms
[2025-06-28T00:21:27.466+0200][21.514s] GC(647) User=0.00s Sys=0.02s Real=0.00s
[2025-06-28T00:21:27.466+0200][21.514s] Attempting full compaction
[2025-06-28T00:21:27.466+0200][21.514s] GC(648) Pause Full (G1 Compaction Pause)
[2025-06-28T00:21:27.466+0200][21.514s] GC(648) Using 2 workers of 10 for full compaction
[2025-06-28T00:21:27.466+0200][21.514s] GC(648) Phase 1: Mark live objects
[2025-06-28T00:21:27.504+0200][21.552s] GC(648) Phase 1: Mark live objects 37.868ms
[2025-06-28T00:21:27.504+0200][21.552s] GC(648) Phase 2: Prepare compaction
[2025-06-28T00:21:27.506+0200][21.554s] GC(648) Phase 2: Prepare compaction 1.779ms
[2025-06-28T00:21:27.506+0200][21.554s] GC(648) Phase 3: Adjust pointers
[2025-06-28T00:21:27.521+0200][21.569s] GC(648) Phase 3: Adjust pointers 14.498ms
[2025-06-28T00:21:27.521+0200][21.569s] GC(648) Phase 4: Compact heap
[2025-06-28T00:21:27.522+0200][21.570s] GC(648) Phase 4: Compact heap 0.857ms
[2025-06-28T00:21:27.522+0200][21.570s] GC(648) Phase 5: Reset Metadata
[2025-06-28T00:21:27.528+0200][21.576s] GC(648) Phase 5: Reset Metadata 6.264ms
[2025-06-28T00:21:27.535+0200][21.583s] GC(648) Eden regions: 0->0(1)
[2025-06-28T00:21:27.535+0200][21.583s] GC(648) Survivor regions: 0->0(0)
[2025-06-28T00:21:27.535+0200][21.583s] GC(648) Old regions: 22->21
[2025-06-28T00:21:27.535+0200][21.584s] GC(648) Humongous regions: 0->0
[2025-06-28T00:21:27.535+0200][21.584s] GC(648) Metaspace: 65355K(65920K)->65355K(65920K) NonClass: 56559K(56896K)->56559K(56896K) Class: 8795K(9024K)->8795K(9024K)
[2025-06-28T00:21:27.535+0200][21.584s] GC(648) Pause Full (G1 Compaction Pause) 20M->20M(22M) 69.548ms
[2025-06-28T00:21:27.536+0200][21.584s] GC(648) User=0.12s Sys=0.00s Real=0.07s
[2025-06-28T00:21:27.538+0200][21.586s] GC(649) Pause Young (Concurrent Start) (G1 Evacuation Pause)
[2025-06-28T00:21:27.538+0200][21.586s] GC(649) Using 8 workers of 10 for evacuation
[2025-06-28T00:21:27.543+0200][21.591s] GC(649)   Pre Evacuate Collection Set: 0.3ms
[2025-06-28T00:21:27.543+0200][21.591s] GC(649)   Merge Heap Roots: 0.8ms
[2025-06-28T00:21:27.543+0200][21.591s] GC(649)   Evacuate Collection Set: 2.9ms
[2025-06-28T00:21:27.543+0200][21.591s] GC(649)   Post Evacuate Collection Set: 0.6ms
[2025-06-28T00:21:27.543+0200][21.591s] GC(649)   Other: 0.1ms
[2025-06-28T00:21:27.543+0200][21.591s] GC(649) Eden regions: 1->0(0)
[2025-06-28T00:21:27.543+0200][21.591s] GC(649) Survivor regions: 0->0(0)
[2025-06-28T00:21:27.543+0200][21.591s] GC(649) Old regions: 21->22
[2025-06-28T00:21:27.543+0200][21.591s] GC(649) Humongous regions: 0->0
[2025-06-28T00:21:27.543+0200][21.591s] GC(649) Metaspace: 65366K(65920K)->65366K(65920K) NonClass: 56568K(56896K)->56568K(56896K) Class: 8797K(9024K)->8797K(9024K)
[2025-06-28T00:21:27.543+0200][21.592s] GC(649) Pause Young (Concurrent Start) (G1 Evacuation Pause) (Evacuation Failure) 21M->21M(22M) 5.269ms
[2025-06-28T00:21:27.543+0200][21.592s] GC(650) Concurrent Mark Cycle
[2025-06-28T00:21:27.543+0200][21.592s] GC(649) User=0.05s Sys=0.00s Real=0.00s
[2025-06-28T00:21:27.543+0200][21.592s] GC(650) Concurrent Scan Root Regions
[2025-06-28T00:21:27.543+0200][21.592s] Attempting full compaction
[2025-06-28T00:21:27.543+0200][21.592s] GC(650) Concurrent Scan Root Regions 0.068ms
[2025-06-28T00:21:27.543+0200][21.592s] GC(651) Pause Full (G1 Compaction Pause)
[2025-06-28T00:21:27.543+0200][21.592s] GC(650) Concurrent Mark
[2025-06-28T00:21:27.543+0200][21.592s] GC(651) Using 2 workers of 10 for full compaction
[2025-06-28T00:21:27.544+0200][21.592s] GC(650) Concurrent Mark From Roots
[2025-06-28T00:21:27.544+0200][21.592s] GC(650) Using 3 workers of 3 for marking
[2025-06-28T00:21:27.544+0200][21.592s] GC(651) Phase 1: Mark live objects
[2025-06-28T00:21:27.580+0200][21.629s] GC(651) Phase 1: Mark live objects 36.339ms
[2025-06-28T00:21:27.580+0200][21.629s] GC(651) Phase 2: Prepare compaction
[2025-06-28T00:21:27.581+0200][21.629s] GC(651) Phase 2: Prepare compaction 0.208ms
[2025-06-28T00:21:27.581+0200][21.629s] GC(651) Phase 3: Adjust pointers
[2025-06-28T00:21:27.593+0200][21.641s] GC(651) Phase 3: Adjust pointers 12.422ms
[2025-06-28T00:21:27.593+0200][21.641s] GC(651) Phase 4: Compact heap
[2025-06-28T00:21:27.593+0200][21.642s] GC(651) Phase 4: Compact heap 0.364ms
[2025-06-28T00:21:27.593+0200][21.642s] GC(651) Phase 5: Reset Metadata
[2025-06-28T00:21:27.598+0200][21.647s] GC(651) Phase 5: Reset Metadata 4.862ms
[2025-06-28T00:21:27.605+0200][21.653s] GC(651) Eden regions: 0->0(0)
[2025-06-28T00:21:27.605+0200][21.653s] GC(651) Survivor regions: 0->0(0)
[2025-06-28T00:21:27.605+0200][21.653s] GC(651) Old regions: 22->22
[2025-06-28T00:21:27.605+0200][21.653s] GC(651) Humongous regions: 0->0
[2025-06-28T00:21:27.605+0200][21.653s] GC(651) Metaspace: 65366K(65920K)->65366K(65920K) NonClass: 56568K(56896K)->56568K(56896K) Class: 8797K(9024K)->8797K(9024K)
[2025-06-28T00:21:27.605+0200][21.653s] GC(651) Pause Full (G1 Compaction Pause) 21M->21M(22M) 61.392ms
[2025-06-28T00:21:27.605+0200][21.653s] GC(651) User=0.11s Sys=0.03s Real=0.06s
[2025-06-28T00:21:27.605+0200][21.653s] Attempting maximal full compaction clearing soft references
[2025-06-28T00:21:27.605+0200][21.653s] GC(652) Pause Full (G1 Compaction Pause)
[2025-06-28T00:21:27.605+0200][21.653s] GC(652) Using 2 workers of 10 for full compaction
[2025-06-28T00:21:27.605+0200][21.654s] GC(652) Phase 1: Mark live objects
[2025-06-28T00:21:27.636+0200][21.685s] GC(652) Phase 1: Mark live objects 30.986ms
[2025-06-28T00:21:27.636+0200][21.685s] GC(652) Phase 2: Prepare compaction
[2025-06-28T00:21:27.643+0200][21.691s] GC(652) Phase 2: Prepare compaction 6.226ms
[2025-06-28T00:21:27.643+0200][21.691s] GC(652) Phase 3: Adjust pointers
[2025-06-28T00:21:27.658+0200][21.706s] GC(652) Phase 3: Adjust pointers 14.960ms
[2025-06-28T00:21:27.658+0200][21.706s] GC(652) Phase 4: Compact heap
[2025-06-28T00:21:27.667+0200][21.715s] GC(652) Phase 4: Compact heap 8.993ms
[2025-06-28T00:21:27.667+0200][21.715s] GC(652) Phase 5: Reset Metadata
[2025-06-28T00:21:27.668+0200][21.716s] GC(652) Phase 5: Reset Metadata 1.323ms
[2025-06-28T00:21:27.673+0200][21.721s] GC(652) Eden regions: 0->0(1)
[2025-06-28T00:21:27.673+0200][21.721s] GC(652) Survivor regions: 0->0(0)
[2025-06-28T00:21:27.673+0200][21.721s] GC(652) Old regions: 22->21
[2025-06-28T00:21:27.673+0200][21.721s] GC(652) Humongous regions: 0->0
[2025-06-28T00:21:27.673+0200][21.721s] GC(652) Metaspace: 65366K(65920K)->65366K(65920K) NonClass: 56568K(56896K)->56568K(56896K) Class: 8797K(9024K)->8797K(9024K)
[2025-06-28T00:21:27.673+0200][21.722s] GC(652) Pause Full (G1 Compaction Pause) 21M->20M(22M) 68.248ms
[2025-06-28T00:21:27.673+0200][21.722s] GC(652) User=0.12s Sys=0.00s Real=0.07s
[2025-06-28T00:21:27.674+0200][21.722s] GC(650) Concurrent Mark From Roots 129.709ms
[2025-06-28T00:21:27.674+0200][21.722s] GC(650) Concurrent Mark Abort
[2025-06-28T00:21:27.674+0200][21.722s] GC(650) Concurrent Mark Cycle 130.147ms
[2025-06-28T00:21:27.692+0200][21.740s] GC(653) Pause Young (Normal) (G1 Evacuation Pause)
[2025-06-28T00:21:27.692+0200][21.740s] GC(653) Using 8 workers of 10 for evacuation
[2025-06-28T00:21:27.693+0200][21.741s] GC(653)   Pre Evacuate Collection Set: 0.2ms
[2025-06-28T00:21:27.693+0200][21.742s] GC(653)   Merge Heap Roots: 0.1ms
[2025-06-28T00:21:27.693+0200][21.742s] GC(653)   Evacuate Collection Set: 0.8ms
[2025-06-28T00:21:27.693+0200][21.742s] GC(653)   Post Evacuate Collection Set: 0.5ms
[2025-06-28T00:21:27.693+0200][21.742s] GC(653)   Other: 0.1ms
[2025-06-28T00:21:27.693+0200][21.742s] GC(653) Eden regions: 1->0(0)
[2025-06-28T00:21:27.694+0200][21.742s] GC(653) Survivor regions: 0->0(0)
[2025-06-28T00:21:27.694+0200][21.742s] GC(653) Old regions: 21->22
[2025-06-28T00:21:27.694+0200][21.742s] GC(653) Humongous regions: 0->0
[2025-06-28T00:21:27.694+0200][21.742s] GC(653) Metaspace: 65605K(66048K)->65605K(66048K) NonClass: 56784K(57024K)->56784K(57024K) Class: 8821K(9024K)->8821K(9024K)
[2025-06-28T00:21:27.694+0200][21.742s] GC(653) Pause Young (Normal) (G1 Evacuation Pause) (Evacuation Failure) 21M->21M(22M) 1.991ms
[2025-06-28T00:21:27.694+0200][21.742s] GC(653) User=0.00s Sys=0.00s Real=0.00s
[2025-06-28T00:21:27.694+0200][21.742s] Attempting full compaction
[2025-06-28T00:21:27.694+0200][21.742s] GC(654) Pause Full (G1 Compaction Pause)
[2025-06-28T00:21:27.694+0200][21.742s] GC(654) Using 2 workers of 10 for full compaction
[2025-06-28T00:21:27.694+0200][21.742s] GC(654) Phase 1: Mark live objects
[2025-06-28T00:21:27.724+0200][21.772s] GC(654) Phase 1: Mark live objects 30.048ms
[2025-06-28T00:21:27.724+0200][21.772s] GC(654) Phase 2: Prepare compaction
[2025-06-28T00:21:27.724+0200][21.772s] GC(654) Phase 2: Prepare compaction 0.169ms
[2025-06-28T00:21:27.724+0200][21.772s] GC(654) Phase 3: Adjust pointers
[2025-06-28T00:21:27.735+0200][21.783s] GC(654) Phase 3: Adjust pointers 10.968ms
[2025-06-28T00:21:27.735+0200][21.783s] GC(654) Phase 4: Compact heap
[2025-06-28T00:21:27.736+0200][21.784s] GC(654) Phase 4: Compact heap 0.227ms
[2025-06-28T00:21:27.736+0200][21.784s] GC(654) Phase 5: Reset Metadata
[2025-06-28T00:21:27.740+0200][21.789s] GC(654) Phase 5: Reset Metadata 4.917ms
[2025-06-28T00:21:27.746+0200][21.794s] GC(654) Eden regions: 0->0(1)
[2025-06-28T00:21:27.746+0200][21.794s] GC(654) Survivor regions: 0->0(0)
[2025-06-28T00:21:27.746+0200][21.794s] GC(654) Old regions: 22->21
[2025-06-28T00:21:27.746+0200][21.794s] GC(654) Humongous regions: 0->0
[2025-06-28T00:21:27.746+0200][21.795s] GC(654) Metaspace: 65605K(66048K)->65605K(66048K) NonClass: 56784K(57024K)->56784K(57024K) Class: 8821K(9024K)->8821K(9024K)
[2025-06-28T00:21:27.746+0200][21.795s] GC(654) Pause Full (G1 Compaction Pause) 21M->20M(22M) 52.715ms
[2025-06-28T00:21:27.746+0200][21.795s] GC(654) User=0.11s Sys=0.00s Real=0.05s
[2025-06-28T00:21:27.768+0200][21.816s] GC(655) Pause Young (Concurrent Start) (G1 Evacuation Pause)
[2025-06-28T00:21:27.768+0200][21.816s] GC(655) Using 8 workers of 10 for evacuation
[2025-06-28T00:21:27.769+0200][21.818s] GC(655)   Pre Evacuate Collection Set: 0.2ms
[2025-06-28T00:21:27.769+0200][21.818s] GC(655)   Merge Heap Roots: 0.0ms
[2025-06-28T00:21:27.769+0200][21.818s] GC(655)   Evacuate Collection Set: 0.9ms
[2025-06-28T00:21:27.770+0200][21.818s] GC(655)   Post Evacuate Collection Set: 0.5ms
[2025-06-28T00:21:27.770+0200][21.818s] GC(655)   Other: 0.1ms
[2025-06-28T00:21:27.770+0200][21.818s] GC(655) Eden regions: 1->0(0)
[2025-06-28T00:21:27.770+0200][21.818s] GC(655) Survivor regions: 0->0(0)
[2025-06-28T00:21:27.770+0200][21.818s] GC(655) Old regions: 21->22
[2025-06-28T00:21:27.770+0200][21.818s] GC(655) Humongous regions: 0->0
[2025-06-28T00:21:27.770+0200][21.818s] GC(655) Metaspace: 65810K(66304K)->65810K(66304K) NonClass: 56960K(57216K)->56960K(57216K) Class: 8849K(9088K)->8849K(9088K)
[2025-06-28T00:21:27.770+0200][21.818s] GC(655) Pause Young (Concurrent Start) (G1 Evacuation Pause) (Evacuation Failure) 21M->21M(22M) 2.127ms
[2025-06-28T00:21:27.770+0200][21.818s] GC(656) Concurrent Mark Cycle
[2025-06-28T00:21:27.770+0200][21.818s] GC(655) User=0.00s Sys=0.00s Real=0.00s
[2025-06-28T00:21:27.770+0200][21.818s] GC(656) Concurrent Scan Root Regions
[2025-06-28T00:21:27.770+0200][21.818s] Attempting full compaction
[2025-06-28T00:21:27.770+0200][21.818s] GC(656) Concurrent Scan Root Regions 0.127ms
[2025-06-28T00:21:27.770+0200][21.818s] GC(657) Pause Full (G1 Compaction Pause)
[2025-06-28T00:21:27.770+0200][21.818s] GC(656) Concurrent Mark
[2025-06-28T00:21:27.770+0200][21.818s] GC(657) Using 2 workers of 10 for full compaction
[2025-06-28T00:21:27.770+0200][21.818s] GC(656) Concurrent Mark From Roots
[2025-06-28T00:21:27.770+0200][21.819s] GC(656) Using 3 workers of 3 for marking
[2025-06-28T00:21:27.770+0200][21.819s] GC(657) Phase 1: Mark live objects
[2025-06-28T00:21:27.810+0200][21.858s] GC(657) Phase 1: Mark live objects 39.038ms
[2025-06-28T00:21:27.810+0200][21.858s] GC(657) Phase 2: Prepare compaction
[2025-06-28T00:21:27.810+0200][21.858s] GC(657) Phase 2: Prepare compaction 0.244ms
[2025-06-28T00:21:27.810+0200][21.858s] GC(657) Phase 3: Adjust pointers
[2025-06-28T00:21:27.821+0200][21.869s] GC(657) Phase 3: Adjust pointers 10.373ms
[2025-06-28T00:21:27.821+0200][21.869s] GC(657) Phase 4: Compact heap
[2025-06-28T00:21:27.821+0200][21.869s] GC(657) Phase 4: Compact heap 0.235ms
[2025-06-28T00:21:27.821+0200][21.869s] GC(657) Phase 5: Reset Metadata
[2025-06-28T00:21:27.826+0200][21.874s] GC(657) Phase 5: Reset Metadata 5.188ms
[2025-06-28T00:21:27.831+0200][21.879s] GC(657) Eden regions: 0->0(1)
[2025-06-28T00:21:27.831+0200][21.879s] GC(657) Survivor regions: 0->0(0)
[2025-06-28T00:21:27.831+0200][21.879s] GC(657) Old regions: 22->21
[2025-06-28T00:21:27.831+0200][21.879s] GC(657) Humongous regions: 0->0
[2025-06-28T00:21:27.831+0200][21.879s] GC(657) Metaspace: 65810K(66304K)->65808K(66304K) NonClass: 56960K(57216K)->56959K(57216K) Class: 8849K(9088K)->8848K(9088K)
[2025-06-28T00:21:27.831+0200][21.879s] GC(657) Pause Full (G1 Compaction Pause) 21M->20M(22M) 60.826ms
[2025-06-28T00:21:27.831+0200][21.879s] GC(657) User=0.11s Sys=0.00s Real=0.06s
[2025-06-28T00:21:27.831+0200][21.879s] GC(656) Concurrent Mark From Roots 61.029ms
[2025-06-28T00:21:27.831+0200][21.880s] GC(656) Concurrent Mark Abort
[2025-06-28T00:21:27.831+0200][21.880s] GC(656) Concurrent Mark Cycle 61.514ms
[2025-06-28T00:21:27.847+0200][21.895s] GC(658) Pause Young (Normal) (G1 Evacuation Pause)
[2025-06-28T00:21:27.847+0200][21.895s] GC(658) Using 8 workers of 10 for evacuation
[2025-06-28T00:21:27.849+0200][21.896s] GC(658)   Pre Evacuate Collection Set: 0.2ms
[2025-06-28T00:21:27.849+0200][21.897s] GC(658)   Merge Heap Roots: 0.1ms
[2025-06-28T00:21:27.849+0200][21.897s] GC(658)   Evacuate Collection Set: 0.6ms
[2025-06-28T00:21:27.849+0200][21.897s] GC(658)   Post Evacuate Collection Set: 0.5ms
[2025-06-28T00:21:27.849+0200][21.897s] GC(658)   Other: 0.1ms
[2025-06-28T00:21:27.849+0200][21.897s] GC(658) Eden regions: 1->0(0)
[2025-06-28T00:21:27.849+0200][21.897s] GC(658) Survivor regions: 0->0(0)
[2025-06-28T00:21:27.849+0200][21.897s] GC(658) Old regions: 21->22
[2025-06-28T00:21:27.849+0200][21.897s] GC(658) Humongous regions: 0->0
[2025-06-28T00:21:27.849+0200][21.897s] GC(658) Metaspace: 65926K(66496K)->65926K(66496K) NonClass: 57059K(57344K)->57059K(57344K) Class: 8867K(9152K)->8867K(9152K)
[2025-06-28T00:21:27.849+0200][21.897s] GC(658) Pause Young (Normal) (G1 Evacuation Pause) (Evacuation Failure) 21M->21M(22M) 1.740ms
[2025-06-28T00:21:27.849+0200][21.897s] GC(658) User=0.00s Sys=0.00s Real=0.00s
[2025-06-28T00:21:27.849+0200][21.897s] Attempting full compaction
[2025-06-28T00:21:27.849+0200][21.897s] GC(659) Pause Full (G1 Compaction Pause)
[2025-06-28T00:21:27.849+0200][21.897s] GC(659) Using 2 workers of 10 for full compaction
[2025-06-28T00:21:27.849+0200][21.897s] GC(659) Phase 1: Mark live objects
[2025-06-28T00:21:27.884+0200][21.932s] GC(659) Phase 1: Mark live objects 34.792ms
[2025-06-28T00:21:27.884+0200][21.932s] GC(659) Phase 2: Prepare compaction
[2025-06-28T00:21:27.884+0200][21.932s] GC(659) Phase 2: Prepare compaction 0.339ms
[2025-06-28T00:21:27.884+0200][21.932s] GC(659) Phase 3: Adjust pointers
[2025-06-28T00:21:27.896+0200][21.944s] GC(659) Phase 3: Adjust pointers 12.048ms
[2025-06-28T00:21:27.897+0200][21.944s] GC(659) Phase 4: Compact heap
[2025-06-28T00:21:27.897+0200][21.945s] GC(659) Phase 4: Compact heap 0.347ms
[2025-06-28T00:21:27.897+0200][21.945s] GC(659) Phase 5: Reset Metadata
[2025-06-28T00:21:27.901+0200][21.949s] GC(659) Phase 5: Reset Metadata 4.079ms
[2025-06-28T00:21:27.906+0200][21.954s] GC(659) Eden regions: 0->0(1)
[2025-06-28T00:21:27.906+0200][21.954s] GC(659) Survivor regions: 0->0(0)
[2025-06-28T00:21:27.906+0200][21.954s] GC(659) Old regions: 22->21
[2025-06-28T00:21:27.906+0200][21.954s] GC(659) Humongous regions: 0->0
[2025-06-28T00:21:27.906+0200][21.954s] GC(659) Metaspace: 65926K(66496K)->65924K(66496K) NonClass: 57059K(57344K)->57057K(57344K) Class: 8867K(9152K)->8866K(9152K)
[2025-06-28T00:21:27.906+0200][21.954s] GC(659) Pause Full (G1 Compaction Pause) 21M->20M(22M) 57.164ms
[2025-06-28T00:21:27.906+0200][21.954s] GC(659) User=0.11s Sys=0.00s Real=0.06s
[2025-06-28T00:21:27.915+0200][21.963s] GC(660) Pause Young (Concurrent Start) (G1 Evacuation Pause)
[2025-06-28T00:21:27.916+0200][21.964s] GC(660) Using 8 workers of 10 for evacuation
[2025-06-28T00:21:27.918+0200][21.966s] GC(660)   Pre Evacuate Collection Set: 0.4ms
[2025-06-28T00:21:27.918+0200][21.966s] GC(660)   Merge Heap Roots: 0.1ms
[2025-06-28T00:21:27.918+0200][21.966s] GC(660)   Evacuate Collection Set: 1.2ms
[2025-06-28T00:21:27.918+0200][21.966s] GC(660)   Post Evacuate Collection Set: 0.7ms
[2025-06-28T00:21:27.918+0200][21.966s] GC(660)   Other: 0.1ms
[2025-06-28T00:21:27.918+0200][21.966s] GC(660) Eden regions: 1->0(0)
[2025-06-28T00:21:27.918+0200][21.966s] GC(660) Survivor regions: 0->0(0)
[2025-06-28T00:21:27.918+0200][21.966s] GC(660) Old regions: 21->22
[2025-06-28T00:21:27.918+0200][21.966s] GC(660) Humongous regions: 0->0
[2025-06-28T00:21:27.918+0200][21.966s] GC(660) Metaspace: 65954K(66496K)->65954K(66496K) NonClass: 57081K(57344K)->57081K(57344K) Class: 8872K(9152K)->8872K(9152K)
[2025-06-28T00:21:27.918+0200][21.966s] GC(660) Pause Young (Concurrent Start) (G1 Evacuation Pause) (Evacuation Failure) 21M->21M(22M) 2.868ms
[2025-06-28T00:21:27.918+0200][21.966s] GC(660) User=0.06s Sys=0.00s Real=0.00s
[2025-06-28T00:21:27.918+0200][21.966s] GC(661) Concurrent Mark Cycle
[2025-06-28T00:21:27.918+0200][21.966s] Attempting full compaction
[2025-06-28T00:21:27.918+0200][21.966s] GC(661) Concurrent Scan Root Regions
[2025-06-28T00:21:27.918+0200][21.967s] GC(662) Pause Full (G1 Compaction Pause)
[2025-06-28T00:21:27.919+0200][21.967s] GC(661) Concurrent Scan Root Regions 0.122ms
[2025-06-28T00:21:27.919+0200][21.967s] GC(662) Using 2 workers of 10 for full compaction
[2025-06-28T00:21:27.919+0200][21.967s] GC(661) Concurrent Mark
[2025-06-28T00:21:27.919+0200][21.967s] GC(661) Concurrent Mark From Roots
[2025-06-28T00:21:27.919+0200][21.967s] GC(661) Using 3 workers of 3 for marking
[2025-06-28T00:21:27.919+0200][21.967s] GC(662) Phase 1: Mark live objects
[2025-06-28T00:21:27.952+0200][22.000s] GC(662) Phase 1: Mark live objects 33.334ms
[2025-06-28T00:21:27.952+0200][22.000s] GC(662) Phase 2: Prepare compaction
[2025-06-28T00:21:27.953+0200][22.001s] GC(662) Phase 2: Prepare compaction 0.408ms
[2025-06-28T00:21:27.953+0200][22.001s] GC(662) Phase 3: Adjust pointers
[2025-06-28T00:21:27.965+0200][22.013s] GC(662) Phase 3: Adjust pointers 11.826ms
[2025-06-28T00:21:27.965+0200][22.013s] GC(662) Phase 4: Compact heap
[2025-06-28T00:21:27.965+0200][22.013s] GC(662) Phase 4: Compact heap 0.403ms
[2025-06-28T00:21:27.965+0200][22.013s] GC(662) Phase 5: Reset Metadata
[2025-06-28T00:21:27.970+0200][22.018s] GC(662) Phase 5: Reset Metadata 4.377ms
[2025-06-28T00:21:27.974+0200][22.022s] GC(662) Eden regions: 0->0(0)
[2025-06-28T00:21:27.974+0200][22.022s] GC(662) Survivor regions: 0->0(0)
[2025-06-28T00:21:27.974+0200][22.022s] GC(662) Old regions: 22->22
[2025-06-28T00:21:27.974+0200][22.022s] GC(662) Humongous regions: 0->0
[2025-06-28T00:21:27.974+0200][22.022s] GC(662) Metaspace: 65954K(66496K)->65952K(66496K) NonClass: 57081K(57344K)->57080K(57344K) Class: 8872K(9152K)->8872K(9152K)
[2025-06-28T00:21:27.974+0200][22.022s] GC(662) Pause Full (G1 Compaction Pause) 21M->21M(22M) 55.861ms
[2025-06-28T00:21:27.974+0200][22.022s] GC(662) User=0.09s Sys=0.00s Real=0.06s
[2025-06-28T00:21:27.974+0200][22.022s] Attempting maximal full compaction clearing soft references
[2025-06-28T00:21:27.974+0200][22.022s] GC(663) Pause Full (G1 Compaction Pause)
[2025-06-28T00:21:27.974+0200][22.022s] GC(663) Using 2 workers of 10 for full compaction
[2025-06-28T00:21:27.975+0200][22.023s] GC(663) Phase 1: Mark live objects
[2025-06-28T00:21:28.012+0200][22.059s] GC(663) Phase 1: Mark live objects 36.713ms
[2025-06-28T00:21:28.012+0200][22.059s] GC(663) Phase 2: Prepare compaction
[2025-06-28T00:21:28.018+0200][22.066s] GC(663) Phase 2: Prepare compaction 6.257ms
[2025-06-28T00:21:28.018+0200][22.066s] GC(663) Phase 3: Adjust pointers
[2025-06-28T00:21:28.031+0200][22.079s] GC(663) Phase 3: Adjust pointers 13.473ms
[2025-06-28T00:21:28.041+0200][22.089s] GC(663) Phase 4: Compact heap
[2025-06-28T00:21:28.046+0200][22.094s] GC(663) Phase 4: Compact heap 4.836ms
[2025-06-28T00:21:28.046+0200][22.094s] GC(663) Phase 5: Reset Metadata
[2025-06-28T00:21:28.047+0200][22.095s] GC(663) Phase 5: Reset Metadata 0.565ms
[2025-06-28T00:21:28.052+0200][22.100s] GC(663) Eden regions: 0->0(0)
[2025-06-28T00:21:28.052+0200][22.100s] GC(663) Survivor regions: 0->0(0)
[2025-06-28T00:21:28.052+0200][22.100s] GC(663) Old regions: 22->22
[2025-06-28T00:21:28.052+0200][22.100s] GC(663) Humongous regions: 0->0
[2025-06-28T00:21:28.052+0200][22.100s] GC(663) Metaspace: 65952K(66496K)->65952K(66496K) NonClass: 57080K(57344K)->57080K(57344K) Class: 8872K(9152K)->8872K(9152K)
[2025-06-28T00:21:28.052+0200][22.100s] GC(663) Pause Full (G1 Compaction Pause) 21M->21M(22M) 77.728ms
[2025-06-28T00:21:28.052+0200][22.100s] GC(663) User=0.16s Sys=0.00s Real=0.08s
[2025-06-28T00:21:28.053+0200][22.101s] GC(661) Concurrent Mark From Roots 133.672ms
[2025-06-28T00:21:28.053+0200][22.101s] GC(664) Pause Young (Normal) (G1 Evacuation Pause)
[2025-06-28T00:21:28.053+0200][22.101s] GC(664) Using 8 workers of 10 for evacuation
[2025-06-28T00:21:28.054+0200][22.102s] GC(664)   Pre Evacuate Collection Set: 0.1ms
[2025-06-28T00:21:28.054+0200][22.102s] GC(664)   Merge Heap Roots: 0.0ms
[2025-06-28T00:21:28.054+0200][22.102s] GC(664)   Evacuate Collection Set: 0.5ms
[2025-06-28T00:21:28.054+0200][22.102s] GC(664)   Post Evacuate Collection Set: 0.3ms
[2025-06-28T00:21:28.054+0200][22.102s] GC(664)   Other: 0.1ms
[2025-06-28T00:21:28.054+0200][22.102s] GC(664) Eden regions: 0->0(0)
[2025-06-28T00:21:28.054+0200][22.102s] GC(664) Survivor regions: 0->0(0)
[2025-06-28T00:21:28.054+0200][22.102s] GC(664) Old regions: 22->22
[2025-06-28T00:21:28.054+0200][22.102s] GC(664) Humongous regions: 0->0
[2025-06-28T00:21:28.054+0200][22.102s] GC(664) Metaspace: 65952K(66496K)->65952K(66496K) NonClass: 57080K(57344K)->57080K(57344K) Class: 8872K(9152K)->8872K(9152K)
[2025-06-28T00:21:28.054+0200][22.102s] GC(664) Pause Young (Normal) (G1 Evacuation Pause) 21M->21M(22M) 1.388ms
[2025-06-28T00:21:28.054+0200][22.102s] GC(664) User=0.00s Sys=0.00s Real=0.00s
[2025-06-28T00:21:28.054+0200][22.102s] Attempting full compaction
[2025-06-28T00:21:28.054+0200][22.102s] GC(665) Pause Full (G1 Compaction Pause)
[2025-06-28T00:21:28.054+0200][22.102s] GC(665) Using 2 workers of 10 for full compaction
[2025-06-28T00:21:28.054+0200][22.102s] GC(665) Phase 1: Mark live objects
[2025-06-28T00:21:28.080+0200][22.128s] GC(665) Phase 1: Mark live objects 25.451ms
[2025-06-28T00:21:28.080+0200][22.128s] GC(665) Phase 2: Prepare compaction
[2025-06-28T00:21:28.080+0200][22.128s] GC(665) Phase 2: Prepare compaction 0.118ms
[2025-06-28T00:21:28.080+0200][22.128s] GC(665) Phase 3: Adjust pointers
[2025-06-28T00:21:28.091+0200][22.139s] GC(665) Phase 3: Adjust pointers 10.858ms
[2025-06-28T00:21:28.091+0200][22.139s] GC(665) Phase 4: Compact heap
[2025-06-28T00:21:28.091+0200][22.139s] GC(665) Phase 4: Compact heap 0.103ms
[2025-06-28T00:21:28.091+0200][22.139s] GC(665) Phase 5: Reset Metadata
[2025-06-28T00:21:28.096+0200][22.144s] GC(665) Phase 5: Reset Metadata 5.111ms
[2025-06-28T00:21:28.101+0200][22.149s] GC(665) Eden regions: 0->0(0)
[2025-06-28T00:21:28.101+0200][22.149s] GC(665) Survivor regions: 0->0(0)
[2025-06-28T00:21:28.101+0200][22.149s] GC(665) Old regions: 22->22
[2025-06-28T00:21:28.101+0200][22.149s] GC(665) Humongous regions: 0->0
[2025-06-28T00:21:28.101+0200][22.149s] GC(665) Metaspace: 65952K(66496K)->65952K(66496K) NonClass: 57080K(57344K)->57080K(57344K) Class: 8872K(9152K)->8872K(9152K)
[2025-06-28T00:21:28.101+0200][22.149s] GC(665) Pause Full (G1 Compaction Pause) 21M->21M(22M) 47.054ms
[2025-06-28T00:21:28.101+0200][22.149s] GC(665) User=0.11s Sys=0.00s Real=0.05s
[2025-06-28T00:21:28.101+0200][22.149s] Attempting maximal full compaction clearing soft references
[2025-06-28T00:21:28.101+0200][22.149s] GC(666) Pause Full (G1 Compaction Pause)
[2025-06-28T00:21:28.101+0200][22.149s] GC(666) Using 2 workers of 10 for full compaction
[2025-06-28T00:21:28.101+0200][22.149s] GC(666) Phase 1: Mark live objects
[2025-06-28T00:21:28.131+0200][22.179s] GC(666) Phase 1: Mark live objects 29.694ms
[2025-06-28T00:21:28.131+0200][22.179s] GC(666) Phase 2: Prepare compaction
[2025-06-28T00:21:28.136+0200][22.184s] GC(666) Phase 2: Prepare compaction 5.002ms
[2025-06-28T00:21:28.136+0200][22.184s] GC(666) Phase 3: Adjust pointers
[2025-06-28T00:21:28.150+0200][22.199s] GC(666) Phase 3: Adjust pointers 14.612ms
[2025-06-28T00:21:28.151+0200][22.199s] GC(666) Phase 4: Compact heap
[2025-06-28T00:21:28.156+0200][22.205s] GC(666) Phase 4: Compact heap 5.731ms
[2025-06-28T00:21:28.156+0200][22.205s] GC(666) Phase 5: Reset Metadata
[2025-06-28T00:21:28.157+0200][22.206s] GC(666) Phase 5: Reset Metadata 0.690ms
[2025-06-28T00:21:28.163+0200][22.211s] GC(666) Eden regions: 0->0(0)
[2025-06-28T00:21:28.163+0200][22.211s] GC(666) Survivor regions: 0->0(0)
[2025-06-28T00:21:28.163+0200][22.211s] GC(666) Old regions: 22->22
[2025-06-28T00:21:28.163+0200][22.211s] GC(666) Humongous regions: 0->0
[2025-06-28T00:21:28.163+0200][22.211s] GC(666) Metaspace: 65952K(66496K)->65952K(66496K) NonClass: 57080K(57344K)->57080K(57344K) Class: 8872K(9152K)->8872K(9152K)
[2025-06-28T00:21:28.163+0200][22.211s] GC(666) Pause Full (G1 Compaction Pause) 21M->21M(22M) 61.915ms
[2025-06-28T00:21:28.163+0200][22.211s] GC(666) User=0.11s Sys=0.00s Real=0.06s
[2025-06-28T00:21:28.163+0200][22.211s] GC(661) Concurrent Mark Abort
[2025-06-28T00:21:28.163+0200][22.211s] GC(661) Concurrent Mark Cycle 244.935ms
[2025-06-28T00:21:28.163+0200][22.211s] GC(667) Pause Young (Normal) (G1 Evacuation Pause)
[2025-06-28T00:21:28.163+0200][22.212s] GC(667) Using 8 workers of 10 for evacuation
[2025-06-28T00:21:28.164+0200][22.213s] GC(667)   Pre Evacuate Collection Set: 0.1ms
[2025-06-28T00:21:28.164+0200][22.213s] GC(667)   Merge Heap Roots: 0.1ms
[2025-06-28T00:21:28.164+0200][22.213s] GC(667)   Evacuate Collection Set: 0.4ms
[2025-06-28T00:21:28.164+0200][22.213s] GC(667)   Post Evacuate Collection Set: 0.3ms
[2025-06-28T00:21:28.164+0200][22.213s] GC(667)   Other: 0.1ms
[2025-06-28T00:21:28.164+0200][22.213s] GC(667) Eden regions: 0->0(0)
[2025-06-28T00:21:28.164+0200][22.213s] GC(667) Survivor regions: 0->0(0)
[2025-06-28T00:21:28.164+0200][22.213s] GC(667) Old regions: 22->22
[2025-06-28T00:21:28.164+0200][22.213s] GC(667) Humongous regions: 0->0
[2025-06-28T00:21:28.164+0200][22.213s] GC(667) Metaspace: 65952K(66496K)->65952K(66496K) NonClass: 57080K(57344K)->57080K(57344K) Class: 8872K(9152K)->8872K(9152K)
[2025-06-28T00:21:28.164+0200][22.213s] GC(667) Pause Young (Normal) (G1 Evacuation Pause) 21M->21M(22M) 1.236ms
[2025-06-28T00:21:28.164+0200][22.213s] GC(667) User=0.00s Sys=0.00s Real=0.00s
[2025-06-28T00:21:28.164+0200][22.213s] Attempting full compaction
[2025-06-28T00:21:28.164+0200][22.213s] GC(668) Pause Full (G1 Compaction Pause)
[2025-06-28T00:21:28.164+0200][22.213s] GC(668) Using 2 workers of 10 for full compaction
[2025-06-28T00:21:28.164+0200][22.213s] GC(668) Phase 1: Mark live objects
[2025-06-28T00:21:28.195+0200][22.244s] GC(668) Phase 1: Mark live objects 30.876ms
[2025-06-28T00:21:28.195+0200][22.244s] GC(668) Phase 2: Prepare compaction
[2025-06-28T00:21:28.195+0200][22.244s] GC(668) Phase 2: Prepare compaction 0.115ms
[2025-06-28T00:21:28.195+0200][22.244s] GC(668) Phase 3: Adjust pointers
[2025-06-28T00:21:28.208+0200][22.256s] GC(668) Phase 3: Adjust pointers 11.866ms
[2025-06-28T00:21:28.208+0200][22.256s] GC(668) Phase 4: Compact heap
[2025-06-28T00:21:28.208+0200][22.256s] GC(668) Phase 4: Compact heap 0.108ms
[2025-06-28T00:21:28.208+0200][22.256s] GC(668) Phase 5: Reset Metadata
[2025-06-28T00:21:28.213+0200][22.260s] GC(668) Phase 5: Reset Metadata 4.338ms
[2025-06-28T00:21:28.218+0200][22.265s] GC(668) Eden regions: 0->0(0)
[2025-06-28T00:21:28.218+0200][22.265s] GC(668) Survivor regions: 0->0(0)
[2025-06-28T00:21:28.218+0200][22.265s] GC(668) Old regions: 22->22
[2025-06-28T00:21:28.218+0200][22.265s] GC(668) Humongous regions: 0->0
[2025-06-28T00:21:28.218+0200][22.265s] GC(668) Metaspace: 65952K(66496K)->65952K(66496K) NonClass: 57080K(57344K)->57080K(57344K) Class: 8872K(9152K)->8872K(9152K)
[2025-06-28T00:21:28.218+0200][22.265s] GC(668) Pause Full (G1 Compaction Pause) 21M->21M(22M) 52.591ms
[2025-06-28T00:21:28.218+0200][22.265s] GC(668) User=0.08s Sys=0.02s Real=0.05s
[2025-06-28T00:21:28.218+0200][22.265s] Attempting maximal full compaction clearing soft references
[2025-06-28T00:21:28.218+0200][22.265s] GC(669) Pause Full (G1 Compaction Pause)
[2025-06-28T00:21:28.218+0200][22.265s] GC(669) Using 2 workers of 10 for full compaction
[2025-06-28T00:21:28.218+0200][22.266s] GC(669) Phase 1: Mark live objects
[2025-06-28T00:21:28.248+0200][22.296s] GC(669) Phase 1: Mark live objects 30.113ms
[2025-06-28T00:21:28.248+0200][22.296s] GC(669) Phase 2: Prepare compaction
[2025-06-28T00:21:28.256+0200][22.304s] GC(669) Phase 2: Prepare compaction 8.225ms
[2025-06-28T00:21:28.256+0200][22.304s] GC(669) Phase 3: Adjust pointers
[2025-06-28T00:21:28.273+0200][22.320s] GC(669) Phase 3: Adjust pointers 16.412ms
[2025-06-28T00:21:28.273+0200][22.321s] GC(669) Phase 4: Compact heap
[2025-06-28T00:21:28.277+0200][22.325s] GC(669) Phase 4: Compact heap 4.250ms
[2025-06-28T00:21:28.277+0200][22.325s] GC(669) Phase 5: Reset Metadata
[2025-06-28T00:21:28.278+0200][22.325s] GC(669) Phase 5: Reset Metadata 0.577ms
[2025-06-28T00:21:28.282+0200][22.330s] GC(669) Eden regions: 0->0(0)
[2025-06-28T00:21:28.282+0200][22.330s] GC(669) Survivor regions: 0->0(0)
[2025-06-28T00:21:28.282+0200][22.330s] GC(669) Old regions: 22->22
[2025-06-28T00:21:28.282+0200][22.330s] GC(669) Humongous regions: 0->0
[2025-06-28T00:21:28.282+0200][22.330s] GC(669) Metaspace: 65952K(66496K)->65952K(66496K) NonClass: 57080K(57344K)->57080K(57344K) Class: 8872K(9152K)->8872K(9152K)
[2025-06-28T00:21:28.282+0200][22.330s] GC(669) Pause Full (G1 Compaction Pause) 21M->21M(22M) 64.847ms
[2025-06-28T00:21:28.282+0200][22.330s] GC(669) User=0.12s Sys=0.00s Real=0.06s
[2025-06-28T00:21:28.283+0200][22.331s] GC(670) Pause Young (Concurrent Start) (G1 Evacuation Pause)
[2025-06-28T00:21:28.283+0200][22.331s] GC(670) Using 8 workers of 10 for evacuation
[2025-06-28T00:21:28.285+0200][22.333s] GC(670)   Pre Evacuate Collection Set: 0.1ms
[2025-06-28T00:21:28.285+0200][22.333s] GC(670)   Merge Heap Roots: 0.1ms
[2025-06-28T00:21:28.285+0200][22.333s] GC(670)   Evacuate Collection Set: 0.8ms
[2025-06-28T00:21:28.285+0200][22.333s] GC(670)   Post Evacuate Collection Set: 0.7ms
[2025-06-28T00:21:28.285+0200][22.333s] GC(670)   Other: 0.1ms
[2025-06-28T00:21:28.285+0200][22.333s] GC(670) Eden regions: 0->0(0)
[2025-06-28T00:21:28.285+0200][22.333s] GC(670) Survivor regions: 0->0(0)
[2025-06-28T00:21:28.285+0200][22.333s] GC(670) Old regions: 22->22
[2025-06-28T00:21:28.285+0200][22.333s] GC(670) Humongous regions: 0->0
[2025-06-28T00:21:28.285+0200][22.333s] GC(670) Metaspace: 65952K(66496K)->65952K(66496K) NonClass: 57080K(57344K)->57080K(57344K) Class: 8872K(9152K)->8872K(9152K)
[2025-06-28T00:21:28.285+0200][22.333s] GC(670) Pause Young (Concurrent Start) (G1 Evacuation Pause) 21M->21M(22M) 2.246ms
[2025-06-28T00:21:28.285+0200][22.333s] GC(670) User=0.00s Sys=0.00s Real=0.00s
[2025-06-28T00:21:28.285+0200][22.333s] GC(671) Concurrent Mark Cycle
[2025-06-28T00:21:28.285+0200][22.333s] Attempting full compaction
[2025-06-28T00:21:28.285+0200][22.333s] GC(671) Concurrent Scan Root Regions
[2025-06-28T00:21:28.285+0200][22.333s] GC(672) Pause Full (G1 Compaction Pause)
[2025-06-28T00:21:28.285+0200][22.333s] GC(671) Concurrent Scan Root Regions 0.095ms
[2025-06-28T00:21:28.285+0200][22.333s] GC(671) Concurrent Mark
[2025-06-28T00:21:28.285+0200][22.333s] GC(672) Using 2 workers of 10 for full compaction
[2025-06-28T00:21:28.285+0200][22.333s] GC(671) Concurrent Mark From Roots
[2025-06-28T00:21:28.285+0200][22.333s] GC(671) Using 3 workers of 3 for marking
[2025-06-28T00:21:28.286+0200][22.333s] GC(672) Phase 1: Mark live objects
[2025-06-28T00:21:28.316+0200][22.363s] GC(672) Phase 1: Mark live objects 29.664ms
[2025-06-28T00:21:28.316+0200][22.363s] GC(672) Phase 2: Prepare compaction
[2025-06-28T00:21:28.316+0200][22.363s] GC(672) Phase 2: Prepare compaction 0.122ms
[2025-06-28T00:21:28.316+0200][22.363s] GC(672) Phase 3: Adjust pointers
[2025-06-28T00:21:28.327+0200][22.375s] GC(672) Phase 3: Adjust pointers 11.305ms
[2025-06-28T00:21:28.327+0200][22.375s] GC(672) Phase 4: Compact heap
[2025-06-28T00:21:28.327+0200][22.375s] GC(672) Phase 4: Compact heap 0.131ms
[2025-06-28T00:21:28.327+0200][22.375s] GC(672) Phase 5: Reset Metadata
[2025-06-28T00:21:28.332+0200][22.380s] GC(672) Phase 5: Reset Metadata 5.370ms
[2025-06-28T00:21:28.337+0200][22.385s] GC(672) Eden regions: 0->0(0)
[2025-06-28T00:21:28.337+0200][22.385s] GC(672) Survivor regions: 0->0(0)
[2025-06-28T00:21:28.337+0200][22.385s] GC(672) Old regions: 22->22
[2025-06-28T00:21:28.337+0200][22.385s] GC(672) Humongous regions: 0->0
[2025-06-28T00:21:28.337+0200][22.386s] GC(672) Metaspace: 65952K(66496K)->65952K(66496K) NonClass: 57080K(57344K)->57080K(57344K) Class: 8872K(9152K)->8872K(9152K)
[2025-06-28T00:21:28.337+0200][22.386s] GC(672) Pause Full (G1 Compaction Pause) 21M->21M(22M) 52.497ms
[2025-06-28T00:21:28.337+0200][22.386s] GC(672) User=0.09s Sys=0.00s Real=0.05s
[2025-06-28T00:21:28.337+0200][22.386s] Attempting maximal full compaction clearing soft references
[2025-06-28T00:21:28.337+0200][22.386s] GC(673) Pause Full (G1 Compaction Pause)
[2025-06-28T00:21:28.338+0200][22.386s] GC(673) Using 2 workers of 10 for full compaction
[2025-06-28T00:21:28.338+0200][22.386s] GC(673) Phase 1: Mark live objects
[2025-06-28T00:21:28.371+0200][22.419s] GC(673) Phase 1: Mark live objects 33.171ms
[2025-06-28T00:21:28.371+0200][22.419s] GC(673) Phase 2: Prepare compaction
[2025-06-28T00:21:28.376+0200][22.424s] GC(673) Phase 2: Prepare compaction 5.125ms
[2025-06-28T00:21:28.376+0200][22.424s] GC(673) Phase 3: Adjust pointers
[2025-06-28T00:21:28.392+0200][22.441s] GC(673) Phase 3: Adjust pointers 16.237ms
[2025-06-28T00:21:28.393+0200][22.441s] GC(673) Phase 4: Compact heap
[2025-06-28T00:21:28.398+0200][22.447s] GC(673) Phase 4: Compact heap 6.217ms
[2025-06-28T00:21:28.398+0200][22.447s] GC(673) Phase 5: Reset Metadata
[2025-06-28T00:21:28.399+0200][22.448s] GC(673) Phase 5: Reset Metadata 0.686ms
[2025-06-28T00:21:28.405+0200][22.453s] GC(673) Eden regions: 0->0(0)
[2025-06-28T00:21:28.405+0200][22.453s] GC(673) Survivor regions: 0->0(0)
[2025-06-28T00:21:28.405+0200][22.453s] GC(673) Old regions: 22->22
[2025-06-28T00:21:28.405+0200][22.453s] GC(673) Humongous regions: 0->0
[2025-06-28T00:21:28.405+0200][22.453s] GC(673) Metaspace: 65952K(66496K)->65952K(66496K) NonClass: 57080K(57344K)->57080K(57344K) Class: 8872K(9152K)->8872K(9152K)
[2025-06-28T00:21:28.405+0200][22.453s] GC(673) Pause Full (G1 Compaction Pause) 21M->21M(22M) 67.478ms
[2025-06-28T00:21:28.405+0200][22.453s] GC(673) User=0.11s Sys=0.00s Real=0.07s
[2025-06-28T00:21:28.405+0200][22.453s] GC(671) Concurrent Mark From Roots 120.260ms
[2025-06-28T00:21:28.405+0200][22.453s] GC(674) Pause Young (Normal) (G1 Evacuation Pause)
[2025-06-28T00:21:28.406+0200][22.454s] GC(674) Using 8 workers of 10 for evacuation
[2025-06-28T00:21:28.406+0200][22.455s] GC(674)   Pre Evacuate Collection Set: 0.1ms
[2025-06-28T00:21:28.407+0200][22.455s] GC(674)   Merge Heap Roots: 0.1ms
[2025-06-28T00:21:28.407+0200][22.455s] GC(674)   Evacuate Collection Set: 0.4ms
[2025-06-28T00:21:28.407+0200][22.455s] GC(674)   Post Evacuate Collection Set: 0.3ms
[2025-06-28T00:21:28.407+0200][22.455s] GC(674)   Other: 0.1ms
[2025-06-28T00:21:28.407+0200][22.455s] GC(674) Eden regions: 0->0(0)
[2025-06-28T00:21:28.407+0200][22.455s] GC(674) Survivor regions: 0->0(0)
[2025-06-28T00:21:28.407+0200][22.455s] GC(674) Old regions: 22->22
[2025-06-28T00:21:28.407+0200][22.455s] GC(674) Humongous regions: 0->0
[2025-06-28T00:21:28.407+0200][22.455s] GC(674) Metaspace: 65952K(66496K)->65952K(66496K) NonClass: 57080K(57344K)->57080K(57344K) Class: 8872K(9152K)->8872K(9152K)
[2025-06-28T00:21:28.407+0200][22.455s] GC(674) Pause Young (Normal) (G1 Evacuation Pause) 21M->21M(22M) 1.379ms
[2025-06-28T00:21:28.407+0200][22.455s] GC(674) User=0.00s Sys=0.00s Real=0.00s
[2025-06-28T00:21:28.407+0200][22.455s] Attempting full compaction
[2025-06-28T00:21:28.407+0200][22.455s] GC(675) Pause Full (G1 Compaction Pause)
[2025-06-28T00:21:28.407+0200][22.455s] GC(675) Using 2 workers of 10 for full compaction
[2025-06-28T00:21:28.407+0200][22.455s] GC(675) Phase 1: Mark live objects
[2025-06-28T00:21:28.441+0200][22.489s] GC(675) Phase 1: Mark live objects 33.699ms
[2025-06-28T00:21:28.441+0200][22.489s] GC(675) Phase 2: Prepare compaction
[2025-06-28T00:21:28.441+0200][22.489s] GC(675) Phase 2: Prepare compaction 0.535ms
[2025-06-28T00:21:28.441+0200][22.490s] GC(675) Phase 3: Adjust pointers
[2025-06-28T00:21:28.455+0200][22.503s] GC(675) Phase 3: Adjust pointers 13.308ms
[2025-06-28T00:21:28.455+0200][22.503s] GC(675) Phase 4: Compact heap
[2025-06-28T00:21:28.455+0200][22.503s] GC(675) Phase 4: Compact heap 0.505ms
[2025-06-28T00:21:28.455+0200][22.504s] GC(675) Phase 5: Reset Metadata
[2025-06-28T00:21:28.461+0200][22.509s] GC(675) Phase 5: Reset Metadata 5.875ms
[2025-06-28T00:21:28.467+0200][22.515s] GC(675) Eden regions: 0->0(1)
[2025-06-28T00:21:28.467+0200][22.515s] GC(675) Survivor regions: 0->0(0)
[2025-06-28T00:21:28.467+0200][22.515s] GC(675) Old regions: 22->21
[2025-06-28T00:21:28.467+0200][22.515s] GC(675) Humongous regions: 0->0
[2025-06-28T00:21:28.467+0200][22.515s] GC(675) Metaspace: 65952K(66496K)->65952K(66496K) NonClass: 57080K(57344K)->57080K(57344K) Class: 8872K(9152K)->8872K(9152K)
[2025-06-28T00:21:28.467+0200][22.515s] GC(675) Pause Full (G1 Compaction Pause) 21M->19M(22M) 59.946ms
[2025-06-28T00:21:28.467+0200][22.515s] GC(675) User=0.09s Sys=0.00s Real=0.06s
[2025-06-28T00:21:28.467+0200][22.515s] GC(671) Concurrent Mark Abort
[2025-06-28T00:21:28.467+0200][22.515s] GC(671) Concurrent Mark Cycle 182.218ms
[2025-06-28T00:21:28.488+0200][22.536s] GC(676) Pause Young (Normal) (G1 Evacuation Pause)
[2025-06-28T00:21:28.488+0200][22.536s] GC(676) Using 8 workers of 10 for evacuation
[2025-06-28T00:21:28.491+0200][22.539s] GC(676)   Pre Evacuate Collection Set: 0.1ms
[2025-06-28T00:21:28.491+0200][22.539s] GC(676)   Merge Heap Roots: 0.1ms
[2025-06-28T00:21:28.491+0200][22.539s] GC(676)   Evacuate Collection Set: 0.8ms
[2025-06-28T00:21:28.491+0200][22.539s] GC(676)   Post Evacuate Collection Set: 1.1ms
[2025-06-28T00:21:28.491+0200][22.539s] GC(676)   Other: 0.1ms
[2025-06-28T00:21:28.491+0200][22.539s] GC(676) Eden regions: 1->0(0)
[2025-06-28T00:21:28.491+0200][22.539s] GC(676) Survivor regions: 0->0(0)
[2025-06-28T00:21:28.491+0200][22.539s] GC(676) Old regions: 21->22
[2025-06-28T00:21:28.491+0200][22.539s] GC(676) Humongous regions: 0->0
[2025-06-28T00:21:28.491+0200][22.539s] GC(676) Metaspace: 66064K(66624K)->66064K(66624K) NonClass: 57171K(57472K)->57171K(57472K) Class: 8892K(9152K)->8892K(9152K)
[2025-06-28T00:21:28.491+0200][22.539s] GC(676) Pause Young (Normal) (G1 Evacuation Pause) (Evacuation Failure) 20M->20M(22M) 2.532ms
[2025-06-28T00:21:28.491+0200][22.539s] GC(676) User=0.00s Sys=0.00s Real=0.00s
[2025-06-28T00:21:28.491+0200][22.539s] Attempting full compaction
[2025-06-28T00:21:28.491+0200][22.539s] GC(677) Pause Full (G1 Compaction Pause)
[2025-06-28T00:21:28.491+0200][22.539s] GC(677) Using 2 workers of 10 for full compaction
[2025-06-28T00:21:28.491+0200][22.539s] GC(677) Phase 1: Mark live objects
[2025-06-28T00:21:28.531+0200][22.579s] GC(677) Phase 1: Mark live objects 40.337ms
[2025-06-28T00:21:28.531+0200][22.579s] GC(677) Phase 2: Prepare compaction
[2025-06-28T00:21:28.532+0200][22.580s] GC(677) Phase 2: Prepare compaction 0.618ms
[2025-06-28T00:21:28.532+0200][22.580s] GC(677) Phase 3: Adjust pointers
[2025-06-28T00:21:28.545+0200][22.594s] GC(677) Phase 3: Adjust pointers 13.488ms
[2025-06-28T00:21:28.545+0200][22.594s] GC(677) Phase 4: Compact heap
[2025-06-28T00:21:28.546+0200][22.594s] GC(677) Phase 4: Compact heap 0.726ms
[2025-06-28T00:21:28.546+0200][22.594s] GC(677) Phase 5: Reset Metadata
[2025-06-28T00:21:28.550+0200][22.599s] GC(677) Phase 5: Reset Metadata 4.332ms
[2025-06-28T00:21:28.556+0200][22.604s] GC(677) Eden regions: 0->0(1)
[2025-06-28T00:21:28.556+0200][22.604s] GC(677) Survivor regions: 0->0(0)
[2025-06-28T00:21:28.556+0200][22.604s] GC(677) Old regions: 22->21
[2025-06-28T00:21:28.556+0200][22.604s] GC(677) Humongous regions: 0->0
[2025-06-28T00:21:28.556+0200][22.604s] GC(677) Metaspace: 66064K(66624K)->66064K(66624K) NonClass: 57171K(57472K)->57171K(57472K) Class: 8892K(9152K)->8892K(9152K)
[2025-06-28T00:21:28.556+0200][22.604s] GC(677) Pause Full (G1 Compaction Pause) 20M->19M(22M) 65.307ms
[2025-06-28T00:21:28.556+0200][22.604s] GC(677) User=0.12s Sys=0.00s Real=0.07s
[2025-06-28T00:21:29.301+0200][23.348s] GC(678) Pause Young (Concurrent Start) (G1 Evacuation Pause)
[2025-06-28T00:21:29.301+0200][23.349s] GC(678) Using 8 workers of 10 for evacuation
[2025-06-28T00:21:29.303+0200][23.351s] GC(678)   Pre Evacuate Collection Set: 0.4ms
[2025-06-28T00:21:29.303+0200][23.351s] GC(678)   Merge Heap Roots: 0.1ms
[2025-06-28T00:21:29.303+0200][23.351s] GC(678)   Evacuate Collection Set: 1.3ms
[2025-06-28T00:21:29.303+0200][23.351s] GC(678)   Post Evacuate Collection Set: 0.7ms
[2025-06-28T00:21:29.303+0200][23.351s] GC(678)   Other: 0.2ms
[2025-06-28T00:21:29.303+0200][23.351s] GC(678) Eden regions: 1->0(0)
[2025-06-28T00:21:29.303+0200][23.351s] GC(678) Survivor regions: 0->0(0)
[2025-06-28T00:21:29.303+0200][23.351s] GC(678) Old regions: 21->22
[2025-06-28T00:21:29.303+0200][23.351s] GC(678) Humongous regions: 0->0
[2025-06-28T00:21:29.303+0200][23.351s] GC(678) Metaspace: 66133K(66752K)->66133K(66752K) NonClass: 57223K(57536K)->57223K(57536K) Class: 8910K(9216K)->8910K(9216K)
[2025-06-28T00:21:29.303+0200][23.352s] GC(678) Pause Young (Concurrent Start) (G1 Evacuation Pause) (Evacuation Failure) 20M->20M(22M) 3.083ms
[2025-06-28T00:21:29.303+0200][23.352s] GC(678) User=0.00s Sys=0.00s Real=0.00s
[2025-06-28T00:21:29.303+0200][23.352s] GC(679) Concurrent Mark Cycle
[2025-06-28T00:21:29.303+0200][23.352s] Attempting full compaction
[2025-06-28T00:21:29.303+0200][23.352s] GC(679) Concurrent Scan Root Regions
[2025-06-28T00:21:29.303+0200][23.352s] GC(680) Pause Full (G1 Compaction Pause)
[2025-06-28T00:21:29.303+0200][23.352s] GC(679) Concurrent Scan Root Regions 0.158ms
[2025-06-28T00:21:29.303+0200][23.352s] GC(680) Using 2 workers of 10 for full compaction
[2025-06-28T00:21:29.304+0200][23.352s] GC(679) Concurrent Mark
[2025-06-28T00:21:29.304+0200][23.352s] GC(679) Concurrent Mark From Roots
[2025-06-28T00:21:29.304+0200][23.352s] GC(679) Using 3 workers of 3 for marking
[2025-06-28T00:21:29.304+0200][23.352s] GC(680) Phase 1: Mark live objects
[2025-06-28T00:21:29.345+0200][23.394s] GC(680) Phase 1: Mark live objects 41.447ms
[2025-06-28T00:21:29.345+0200][23.394s] GC(680) Phase 2: Prepare compaction
[2025-06-28T00:21:29.347+0200][23.395s] GC(680) Phase 2: Prepare compaction 1.126ms
[2025-06-28T00:21:29.347+0200][23.395s] GC(680) Phase 3: Adjust pointers
[2025-06-28T00:21:29.361+0200][23.410s] GC(680) Phase 3: Adjust pointers 14.413ms
[2025-06-28T00:21:29.361+0200][23.410s] GC(680) Phase 4: Compact heap
[2025-06-28T00:21:29.363+0200][23.411s] GC(680) Phase 4: Compact heap 1.466ms
[2025-06-28T00:21:29.363+0200][23.411s] GC(680) Phase 5: Reset Metadata
[2025-06-28T00:21:29.368+0200][23.416s] GC(680) Phase 5: Reset Metadata 5.079ms
[2025-06-28T00:21:29.374+0200][23.423s] GC(680) Eden regions: 0->0(1)
[2025-06-28T00:21:29.374+0200][23.423s] GC(680) Survivor regions: 0->0(0)
[2025-06-28T00:21:29.374+0200][23.423s] GC(680) Old regions: 22->21
[2025-06-28T00:21:29.374+0200][23.423s] GC(680) Humongous regions: 0->0
[2025-06-28T00:21:29.375+0200][23.423s] GC(680) Metaspace: 66133K(66752K)->66114K(66752K) NonClass: 57223K(57536K)->57208K(57536K) Class: 8910K(9216K)->8905K(9216K)
[2025-06-28T00:21:29.375+0200][23.423s] GC(680) Pause Full (G1 Compaction Pause) 20M->19M(22M) 71.269ms
[2025-06-28T00:21:29.375+0200][23.423s] GC(680) User=0.14s Sys=0.00s Real=0.07s
[2025-06-28T00:21:29.375+0200][23.423s] GC(679) Concurrent Mark From Roots 71.056ms
[2025-06-28T00:21:29.375+0200][23.423s] GC(679) Concurrent Mark Abort
[2025-06-28T00:21:29.375+0200][23.423s] GC(679) Concurrent Mark Cycle 71.827ms
[2025-06-28T00:21:29.431+0200][23.479s] GC(681) Pause Young (Normal) (G1 Evacuation Pause)
[2025-06-28T00:21:29.431+0200][23.479s] GC(681) Using 2 workers of 10 for evacuation
[2025-06-28T00:21:29.433+0200][23.481s] GC(681)   Pre Evacuate Collection Set: 0.2ms
[2025-06-28T00:21:29.433+0200][23.481s] GC(681)   Merge Heap Roots: 0.1ms
[2025-06-28T00:21:29.433+0200][23.481s] GC(681)   Evacuate Collection Set: 1.0ms
[2025-06-28T00:21:29.433+0200][23.481s] GC(681)   Post Evacuate Collection Set: 0.5ms
[2025-06-28T00:21:29.433+0200][23.481s] GC(681)   Other: 0.1ms
[2025-06-28T00:21:29.433+0200][23.481s] GC(681) Eden regions: 1->0(0)
[2025-06-28T00:21:29.433+0200][23.481s] GC(681) Survivor regions: 0->0(0)
[2025-06-28T00:21:29.433+0200][23.481s] GC(681) Old regions: 21->22
[2025-06-28T00:21:29.433+0200][23.481s] GC(681) Humongous regions: 0->0
[2025-06-28T00:21:29.433+0200][23.481s] GC(681) Metaspace: 66229K(66880K)->66229K(66880K) NonClass: 57298K(57664K)->57298K(57664K) Class: 8930K(9216K)->8930K(9216K)
[2025-06-28T00:21:29.433+0200][23.481s] GC(681) Pause Young (Normal) (G1 Evacuation Pause) (Evacuation Failure) 20M->20M(22M) 2.299ms
[2025-06-28T00:21:29.433+0200][23.481s] GC(681) User=0.03s Sys=0.05s Real=0.00s
[2025-06-28T00:21:29.433+0200][23.481s] Attempting full compaction
[2025-06-28T00:21:29.433+0200][23.481s] GC(682) Pause Full (G1 Compaction Pause)
[2025-06-28T00:21:29.433+0200][23.481s] GC(682) Using 2 workers of 10 for full compaction
[2025-06-28T00:21:29.433+0200][23.481s] GC(682) Phase 1: Mark live objects
[2025-06-28T00:21:29.472+0200][23.520s] GC(682) Phase 1: Mark live objects 38.802ms
[2025-06-28T00:21:29.472+0200][23.520s] GC(682) Phase 2: Prepare compaction
[2025-06-28T00:21:29.476+0200][23.524s] GC(682) Phase 2: Prepare compaction 3.790ms
[2025-06-28T00:21:29.476+0200][23.524s] GC(682) Phase 3: Adjust pointers
[2025-06-28T00:21:29.488+0200][23.536s] GC(682) Phase 3: Adjust pointers 12.237ms
[2025-06-28T00:21:29.488+0200][23.536s] GC(682) Phase 4: Compact heap
[2025-06-28T00:21:29.493+0200][23.541s] GC(682) Phase 4: Compact heap 4.372ms
[2025-06-28T00:21:29.493+0200][23.541s] GC(682) Phase 5: Reset Metadata
[2025-06-28T00:21:29.495+0200][23.543s] GC(682) Phase 5: Reset Metadata 2.145ms
[2025-06-28T00:21:29.500+0200][23.548s] GC(682) Eden regions: 0->0(1)
[2025-06-28T00:21:29.501+0200][23.548s] GC(682) Survivor regions: 0->0(0)
[2025-06-28T00:21:29.501+0200][23.548s] GC(682) Old regions: 22->19
[2025-06-28T00:21:29.501+0200][23.548s] GC(682) Humongous regions: 0->0
[2025-06-28T00:21:29.501+0200][23.549s] GC(682) Metaspace: 66229K(66880K)->66215K(66880K) NonClass: 57298K(57664K)->57288K(57664K) Class: 8930K(9216K)->8927K(9216K)
[2025-06-28T00:21:29.501+0200][23.549s] GC(682) Pause Full (G1 Compaction Pause) 20M->18M(22M) 67.614ms
[2025-06-28T00:21:29.501+0200][23.549s] GC(682) User=0.11s Sys=0.00s Real=0.07s
[2025-06-28T00:21:29.525+0200][23.573s] GC(683) Pause Young (Concurrent Start) (G1 Evacuation Pause)
[2025-06-28T00:21:29.525+0200][23.573s] GC(683) Using 2 workers of 10 for evacuation
[2025-06-28T00:21:29.527+0200][23.574s] GC(683)   Pre Evacuate Collection Set: 0.1ms
[2025-06-28T00:21:29.527+0200][23.574s] GC(683)   Merge Heap Roots: 0.0ms
[2025-06-28T00:21:29.527+0200][23.574s] GC(683)   Evacuate Collection Set: 1.0ms
[2025-06-28T00:21:29.527+0200][23.574s] GC(683)   Post Evacuate Collection Set: 0.5ms
[2025-06-28T00:21:29.527+0200][23.574s] GC(683)   Other: 0.1ms
[2025-06-28T00:21:29.527+0200][23.575s] GC(683) Eden regions: 1->0(0)
[2025-06-28T00:21:29.527+0200][23.575s] GC(683) Survivor regions: 0->1(1)
[2025-06-28T00:21:29.527+0200][23.575s] GC(683) Old regions: 19->19
[2025-06-28T00:21:29.527+0200][23.575s] GC(683) Humongous regions: 0->0
[2025-06-28T00:21:29.527+0200][23.575s] GC(683) Metaspace: 66243K(66880K)->66243K(66880K) NonClass: 57312K(57664K)->57312K(57664K) Class: 8930K(9216K)->8930K(9216K)
[2025-06-28T00:21:29.527+0200][23.575s] GC(683) Pause Young (Concurrent Start) (G1 Evacuation Pause) 19M->18M(22M) 2.126ms
[2025-06-28T00:21:29.527+0200][23.575s] GC(683) User=0.14s Sys=0.00s Real=0.00s
[2025-06-28T00:21:29.527+0200][23.575s] GC(684) Concurrent Mark Cycle
[2025-06-28T00:21:29.527+0200][23.575s] Attempting full compaction
[2025-06-28T00:21:29.527+0200][23.575s] GC(684) Concurrent Scan Root Regions
[2025-06-28T00:21:29.527+0200][23.575s] GC(685) Pause Full (G1 Compaction Pause)
[2025-06-28T00:21:29.527+0200][23.575s] GC(685) Using 2 workers of 10 for full compaction
[2025-06-28T00:21:29.528+0200][23.576s] GC(684) Concurrent Scan Root Regions 1.280ms
[2025-06-28T00:21:29.528+0200][23.576s] GC(684) Concurrent Mark
[2025-06-28T00:21:29.528+0200][23.576s] GC(684) Concurrent Mark From Roots
[2025-06-28T00:21:29.529+0200][23.576s] GC(684) Using 3 workers of 3 for marking
[2025-06-28T00:21:29.529+0200][23.576s] GC(685) Phase 1: Mark live objects
[2025-06-28T00:21:29.559+0200][23.607s] GC(685) Phase 1: Mark live objects 30.501ms
[2025-06-28T00:21:29.559+0200][23.607s] GC(685) Phase 2: Prepare compaction
[2025-06-28T00:21:29.559+0200][23.607s] GC(685) Phase 2: Prepare compaction 0.292ms
[2025-06-28T00:21:29.559+0200][23.607s] GC(685) Phase 3: Adjust pointers
[2025-06-28T00:21:29.570+0200][23.619s] GC(685) Phase 3: Adjust pointers 11.482ms
[2025-06-28T00:21:29.570+0200][23.619s] GC(685) Phase 4: Compact heap
[2025-06-28T00:21:29.571+0200][23.619s] GC(685) Phase 4: Compact heap 0.217ms
[2025-06-28T00:21:29.571+0200][23.619s] GC(685) Phase 5: Reset Metadata
[2025-06-28T00:21:29.574+0200][23.623s] GC(685) Phase 5: Reset Metadata 3.929ms
[2025-06-28T00:21:29.579+0200][23.628s] GC(685) Eden regions: 0->0(1)
[2025-06-28T00:21:29.579+0200][23.628s] GC(685) Survivor regions: 1->0(1)
[2025-06-28T00:21:29.579+0200][23.628s] GC(685) Old regions: 19->19
[2025-06-28T00:21:29.579+0200][23.628s] GC(685) Humongous regions: 0->0
[2025-06-28T00:21:29.579+0200][23.628s] GC(685) Metaspace: 66243K(66880K)->66243K(66880K) NonClass: 57312K(57664K)->57312K(57664K) Class: 8930K(9216K)->8930K(9216K)
[2025-06-28T00:21:29.579+0200][23.628s] GC(685) Pause Full (G1 Compaction Pause) 18M->18M(22M) 53.011ms
[2025-06-28T00:21:29.579+0200][23.628s] GC(685) User=0.11s Sys=0.00s Real=0.05s
[2025-06-28T00:21:29.580+0200][23.628s] GC(684) Concurrent Mark From Roots 51.894ms
[2025-06-28T00:21:29.580+0200][23.628s] GC(684) Concurrent Mark Abort
[2025-06-28T00:21:29.580+0200][23.628s] GC(684) Concurrent Mark Cycle 53.448ms
[2025-06-28T00:21:29.593+0200][23.641s] GC(686) Pause Young (Normal) (G1 Evacuation Pause)
[2025-06-28T00:21:29.593+0200][23.641s] GC(686) Using 2 workers of 10 for evacuation
[2025-06-28T00:21:29.594+0200][23.642s] GC(686)   Pre Evacuate Collection Set: 0.1ms
[2025-06-28T00:21:29.594+0200][23.642s] GC(686)   Merge Heap Roots: 0.0ms
[2025-06-28T00:21:29.594+0200][23.642s] GC(686)   Evacuate Collection Set: 0.4ms
[2025-06-28T00:21:29.594+0200][23.642s] GC(686)   Post Evacuate Collection Set: 0.4ms
[2025-06-28T00:21:29.594+0200][23.642s] GC(686)   Other: 0.1ms
[2025-06-28T00:21:29.594+0200][23.642s] GC(686) Eden regions: 1->0(0)
[2025-06-28T00:21:29.594+0200][23.642s] GC(686) Survivor regions: 0->1(1)
[2025-06-28T00:21:29.594+0200][23.642s] GC(686) Old regions: 19->19
[2025-06-28T00:21:29.594+0200][23.642s] GC(686) Humongous regions: 0->0
[2025-06-28T00:21:29.594+0200][23.642s] GC(686) Metaspace: 66290K(66944K)->66290K(66944K) NonClass: 57353K(57728K)->57353K(57728K) Class: 8937K(9216K)->8937K(9216K)
[2025-06-28T00:21:29.594+0200][23.642s] GC(686) Pause Young (Normal) (G1 Evacuation Pause) 19M->18M(22M) 1.365ms
[2025-06-28T00:21:29.594+0200][23.642s] GC(686) User=0.00s Sys=0.00s Real=0.00s
[2025-06-28T00:21:29.594+0200][23.642s] Attempting full compaction
[2025-06-28T00:21:29.594+0200][23.642s] GC(687) Pause Full (G1 Compaction Pause)
[2025-06-28T00:21:29.594+0200][23.642s] GC(687) Using 2 workers of 10 for full compaction
[2025-06-28T00:21:29.594+0200][23.642s] GC(687) Phase 1: Mark live objects
[2025-06-28T00:21:29.624+0200][23.672s] GC(687) Phase 1: Mark live objects 30.270ms
[2025-06-28T00:21:29.624+0200][23.673s] GC(687) Phase 2: Prepare compaction
[2025-06-28T00:21:29.624+0200][23.673s] GC(687) Phase 2: Prepare compaction 0.247ms
[2025-06-28T00:21:29.624+0200][23.673s] GC(687) Phase 3: Adjust pointers
[2025-06-28T00:21:29.636+0200][23.684s] GC(687) Phase 3: Adjust pointers 11.459ms
[2025-06-28T00:21:29.636+0200][23.684s] GC(687) Phase 4: Compact heap
[2025-06-28T00:21:29.636+0200][23.685s] GC(687) Phase 4: Compact heap 0.198ms
[2025-06-28T00:21:29.636+0200][23.685s] GC(687) Phase 5: Reset Metadata
[2025-06-28T00:21:29.640+0200][23.689s] GC(687) Phase 5: Reset Metadata 3.977ms
[2025-06-28T00:21:29.645+0200][23.694s] GC(687) Eden regions: 0->0(1)
[2025-06-28T00:21:29.645+0200][23.694s] GC(687) Survivor regions: 1->0(1)
[2025-06-28T00:21:29.645+0200][23.694s] GC(687) Old regions: 19->19
[2025-06-28T00:21:29.645+0200][23.694s] GC(687) Humongous regions: 0->0
[2025-06-28T00:21:29.645+0200][23.694s] GC(687) Metaspace: 66290K(66944K)->66290K(66944K) NonClass: 57353K(57728K)->57353K(57728K) Class: 8937K(9216K)->8937K(9216K)
[2025-06-28T00:21:29.645+0200][23.694s] GC(687) Pause Full (G1 Compaction Pause) 18M->18M(22M) 51.724ms
[2025-06-28T00:21:29.645+0200][23.694s] GC(687) User=0.09s Sys=0.00s Real=0.05s
[2025-06-28T00:21:29.657+0200][23.705s] GC(688) Pause Young (Concurrent Start) (G1 Evacuation Pause)
[2025-06-28T00:21:29.657+0200][23.705s] GC(688) Using 2 workers of 10 for evacuation
[2025-06-28T00:21:29.658+0200][23.707s] GC(688)   Pre Evacuate Collection Set: 0.2ms
[2025-06-28T00:21:29.658+0200][23.707s] GC(688)   Merge Heap Roots: 0.0ms
[2025-06-28T00:21:29.658+0200][23.707s] GC(688)   Evacuate Collection Set: 0.8ms
[2025-06-28T00:21:29.658+0200][23.707s] GC(688)   Post Evacuate Collection Set: 0.3ms
[2025-06-28T00:21:29.658+0200][23.707s] GC(688)   Other: 0.2ms
[2025-06-28T00:21:29.658+0200][23.707s] GC(688) Eden regions: 1->0(0)
[2025-06-28T00:21:29.658+0200][23.707s] GC(688) Survivor regions: 0->1(1)
[2025-06-28T00:21:29.658+0200][23.707s] GC(688) Old regions: 19->19
[2025-06-28T00:21:29.658+0200][23.707s] GC(688) Humongous regions: 0->0
[2025-06-28T00:21:29.658+0200][23.707s] GC(688) Metaspace: 66348K(66944K)->66348K(66944K) NonClass: 57404K(57728K)->57404K(57728K) Class: 8943K(9216K)->8943K(9216K)
[2025-06-28T00:21:29.658+0200][23.707s] GC(688) Pause Young (Concurrent Start) (G1 Evacuation Pause) 19M->18M(22M) 1.824ms
[2025-06-28T00:21:29.658+0200][23.707s] GC(688) User=0.00s Sys=0.00s Real=0.00s
[2025-06-28T00:21:29.658+0200][23.707s] GC(689) Concurrent Mark Cycle
[2025-06-28T00:21:29.658+0200][23.707s] Attempting full compaction
[2025-06-28T00:21:29.659+0200][23.707s] GC(689) Concurrent Scan Root Regions
[2025-06-28T00:21:29.659+0200][23.707s] GC(690) Pause Full (G1 Compaction Pause)
[2025-06-28T00:21:29.659+0200][23.707s] GC(690) Using 2 workers of 10 for full compaction
[2025-06-28T00:21:29.660+0200][23.708s] GC(689) Concurrent Scan Root Regions 1.014ms
[2025-06-28T00:21:29.660+0200][23.708s] GC(689) Concurrent Mark
[2025-06-28T00:21:29.660+0200][23.708s] GC(689) Concurrent Mark From Roots
[2025-06-28T00:21:29.660+0200][23.708s] GC(689) Using 3 workers of 3 for marking
[2025-06-28T00:21:29.660+0200][23.708s] GC(690) Phase 1: Mark live objects
[2025-06-28T00:21:29.691+0200][23.740s] GC(690) Phase 1: Mark live objects 31.547ms
[2025-06-28T00:21:29.691+0200][23.740s] GC(690) Phase 2: Prepare compaction
[2025-06-28T00:21:29.692+0200][23.740s] GC(690) Phase 2: Prepare compaction 0.340ms
[2025-06-28T00:21:29.692+0200][23.740s] GC(690) Phase 3: Adjust pointers
[2025-06-28T00:21:29.704+0200][23.752s] GC(690) Phase 3: Adjust pointers 12.126ms
[2025-06-28T00:21:29.704+0200][23.752s] GC(690) Phase 4: Compact heap
[2025-06-28T00:21:29.705+0200][23.753s] GC(690) Phase 4: Compact heap 0.229ms
[2025-06-28T00:21:29.705+0200][23.753s] GC(690) Phase 5: Reset Metadata
[2025-06-28T00:21:29.709+0200][23.757s] GC(690) Phase 5: Reset Metadata 4.652ms
[2025-06-28T00:21:29.716+0200][23.764s] GC(690) Eden regions: 0->0(1)
[2025-06-28T00:21:29.716+0200][23.764s] GC(690) Survivor regions: 1->0(1)
[2025-06-28T00:21:29.716+0200][23.764s] GC(690) Old regions: 19->19
[2025-06-28T00:21:29.716+0200][23.764s] GC(690) Humongous regions: 0->0
[2025-06-28T00:21:29.716+0200][23.764s] GC(690) Metaspace: 66348K(66944K)->66348K(66944K) NonClass: 57404K(57728K)->57404K(57728K) Class: 8943K(9216K)->8943K(9216K)
[2025-06-28T00:21:29.716+0200][23.764s] GC(690) Pause Full (G1 Compaction Pause) 18M->18M(22M) 56.664ms
[2025-06-28T00:21:29.716+0200][23.764s] GC(690) User=0.11s Sys=0.00s Real=0.06s
[2025-06-28T00:21:29.716+0200][23.764s] GC(689) Concurrent Mark From Roots 55.751ms
[2025-06-28T00:21:29.716+0200][23.764s] GC(689) Concurrent Mark Abort
[2025-06-28T00:21:29.716+0200][23.764s] GC(689) Concurrent Mark Cycle 57.016ms
[2025-06-28T00:21:29.731+0200][23.779s] GC(691) Pause Young (Normal) (G1 Evacuation Pause)
[2025-06-28T00:21:29.732+0200][23.780s] GC(691) Using 2 workers of 10 for evacuation
[2025-06-28T00:21:29.733+0200][23.781s] GC(691)   Pre Evacuate Collection Set: 0.1ms
[2025-06-28T00:21:29.733+0200][23.781s] GC(691)   Merge Heap Roots: 0.1ms
[2025-06-28T00:21:29.733+0200][23.781s] GC(691)   Evacuate Collection Set: 0.4ms
[2025-06-28T00:21:29.733+0200][23.781s] GC(691)   Post Evacuate Collection Set: 0.3ms
[2025-06-28T00:21:29.733+0200][23.781s] GC(691)   Other: 0.1ms
[2025-06-28T00:21:29.733+0200][23.781s] GC(691) Eden regions: 1->0(0)
[2025-06-28T00:21:29.733+0200][23.781s] GC(691) Survivor regions: 0->1(1)
[2025-06-28T00:21:29.733+0200][23.781s] GC(691) Old regions: 19->19
[2025-06-28T00:21:29.733+0200][23.781s] GC(691) Humongous regions: 0->0
[2025-06-28T00:21:29.733+0200][23.781s] GC(691) Metaspace: 66391K(67008K)->66391K(67008K) NonClass: 57440K(57792K)->57440K(57792K) Class: 8950K(9216K)->8950K(9216K)
[2025-06-28T00:21:29.733+0200][23.781s] GC(691) Pause Young (Normal) (G1 Evacuation Pause) 19M->18M(22M) 1.334ms
[2025-06-28T00:21:29.733+0200][23.781s] GC(691) User=0.00s Sys=0.00s Real=0.00s
[2025-06-28T00:21:29.733+0200][23.781s] Attempting full compaction
[2025-06-28T00:21:29.733+0200][23.781s] GC(692) Pause Full (G1 Compaction Pause)
[2025-06-28T00:21:29.733+0200][23.781s] GC(692) Using 2 workers of 10 for full compaction
[2025-06-28T00:21:29.733+0200][23.781s] GC(692) Phase 1: Mark live objects
[2025-06-28T00:21:29.763+0200][23.811s] GC(692) Phase 1: Mark live objects 30.066ms
[2025-06-28T00:21:29.763+0200][23.811s] GC(692) Phase 2: Prepare compaction
[2025-06-28T00:21:29.763+0200][23.811s] GC(692) Phase 2: Prepare compaction 0.265ms
[2025-06-28T00:21:29.763+0200][23.811s] GC(692) Phase 3: Adjust pointers
[2025-06-28T00:21:29.776+0200][23.824s] GC(692) Phase 3: Adjust pointers 12.445ms
[2025-06-28T00:21:29.776+0200][23.824s] GC(692) Phase 4: Compact heap
[2025-06-28T00:21:29.776+0200][23.824s] GC(692) Phase 4: Compact heap 0.262ms
[2025-06-28T00:21:29.776+0200][23.824s] GC(692) Phase 5: Reset Metadata
[2025-06-28T00:21:29.781+0200][23.829s] GC(692) Phase 5: Reset Metadata 4.500ms
[2025-06-28T00:21:29.789+0200][23.837s] GC(692) Eden regions: 0->0(1)
[2025-06-28T00:21:29.789+0200][23.837s] GC(692) Survivor regions: 1->0(1)
[2025-06-28T00:21:29.789+0200][23.837s] GC(692) Old regions: 19->19
[2025-06-28T00:21:29.789+0200][23.837s] GC(692) Humongous regions: 0->0
[2025-06-28T00:21:29.789+0200][23.837s] GC(692) Metaspace: 66391K(67008K)->66391K(67008K) NonClass: 57440K(57792K)->57440K(57792K) Class: 8950K(9216K)->8950K(9216K)
[2025-06-28T00:21:29.789+0200][23.837s] GC(692) Pause Full (G1 Compaction Pause) 18M->18M(22M) 56.250ms
[2025-06-28T00:21:29.789+0200][23.837s] GC(692) User=0.08s Sys=0.00s Real=0.06s
[2025-06-28T00:21:29.806+0200][23.853s] GC(693) Pause Young (Concurrent Start) (G1 Evacuation Pause)
[2025-06-28T00:21:29.806+0200][23.854s] GC(693) Using 2 workers of 10 for evacuation
[2025-06-28T00:21:29.807+0200][23.855s] GC(693)   Pre Evacuate Collection Set: 0.2ms
[2025-06-28T00:21:29.807+0200][23.855s] GC(693)   Merge Heap Roots: 0.1ms
[2025-06-28T00:21:29.807+0200][23.855s] GC(693)   Evacuate Collection Set: 1.0ms
[2025-06-28T00:21:29.807+0200][23.855s] GC(693)   Post Evacuate Collection Set: 0.3ms
[2025-06-28T00:21:29.807+0200][23.855s] GC(693)   Other: 0.2ms
[2025-06-28T00:21:29.807+0200][23.856s] GC(693) Eden regions: 1->0(0)
[2025-06-28T00:21:29.807+0200][23.856s] GC(693) Survivor regions: 0->1(1)
[2025-06-28T00:21:29.807+0200][23.856s] GC(693) Old regions: 19->19
[2025-06-28T00:21:29.807+0200][23.856s] GC(693) Humongous regions: 0->0
[2025-06-28T00:21:29.807+0200][23.856s] GC(693) Metaspace: 66422K(67008K)->66422K(67008K) NonClass: 57465K(57792K)->57465K(57792K) Class: 8956K(9216K)->8956K(9216K)
[2025-06-28T00:21:29.807+0200][23.856s] GC(693) Pause Young (Concurrent Start) (G1 Evacuation Pause) 19M->18M(22M) 2.115ms
[2025-06-28T00:21:29.807+0200][23.856s] GC(693) User=0.00s Sys=0.02s Real=0.00s
[2025-06-28T00:21:29.807+0200][23.856s] GC(694) Concurrent Mark Cycle
[2025-06-28T00:21:29.807+0200][23.856s] Attempting full compaction
[2025-06-28T00:21:29.807+0200][23.856s] GC(694) Concurrent Scan Root Regions
[2025-06-28T00:21:29.807+0200][23.856s] GC(695) Pause Full (G1 Compaction Pause)
[2025-06-28T00:21:29.807+0200][23.856s] GC(695) Using 2 workers of 10 for full compaction
[2025-06-28T00:21:29.810+0200][23.858s] GC(694) Concurrent Scan Root Regions 1.802ms
[2025-06-28T00:21:29.810+0200][23.858s] GC(694) Concurrent Mark
[2025-06-28T00:21:29.810+0200][23.858s] GC(694) Concurrent Mark From Roots
[2025-06-28T00:21:29.810+0200][23.858s] GC(694) Using 3 workers of 3 for marking
[2025-06-28T00:21:29.810+0200][23.858s] GC(695) Phase 1: Mark live objects
[2025-06-28T00:21:29.841+0200][23.889s] GC(695) Phase 1: Mark live objects 31.115ms
[2025-06-28T00:21:29.841+0200][23.889s] GC(695) Phase 2: Prepare compaction
[2025-06-28T00:21:29.841+0200][23.889s] GC(695) Phase 2: Prepare compaction 0.360ms
[2025-06-28T00:21:29.841+0200][23.889s] GC(695) Phase 3: Adjust pointers
[2025-06-28T00:21:29.854+0200][23.902s] GC(695) Phase 3: Adjust pointers 12.643ms
[2025-06-28T00:21:29.854+0200][23.902s] GC(695) Phase 4: Compact heap
[2025-06-28T00:21:29.854+0200][23.902s] GC(695) Phase 4: Compact heap 0.314ms
[2025-06-28T00:21:29.854+0200][23.903s] GC(695) Phase 5: Reset Metadata
[2025-06-28T00:21:29.860+0200][23.908s] GC(695) Phase 5: Reset Metadata 5.595ms
[2025-06-28T00:21:29.868+0200][23.916s] GC(695) Eden regions: 0->0(1)
[2025-06-28T00:21:29.868+0200][23.916s] GC(695) Survivor regions: 1->0(1)
[2025-06-28T00:21:29.868+0200][23.916s] GC(695) Old regions: 19->19
[2025-06-28T00:21:29.868+0200][23.916s] GC(695) Humongous regions: 0->0
[2025-06-28T00:21:29.868+0200][23.916s] GC(695) Metaspace: 66422K(67008K)->66422K(67008K) NonClass: 57465K(57792K)->57465K(57792K) Class: 8956K(9216K)->8956K(9216K)
[2025-06-28T00:21:29.868+0200][23.916s] GC(695) Pause Full (G1 Compaction Pause) 18M->18M(22M) 60.239ms
[2025-06-28T00:21:29.868+0200][23.916s] GC(695) User=0.08s Sys=0.00s Real=0.06s
[2025-06-28T00:21:29.869+0200][23.917s] GC(694) Concurrent Mark From Roots 59.251ms
[2025-06-28T00:21:29.869+0200][23.917s] GC(694) Concurrent Mark Abort
[2025-06-28T00:21:29.869+0200][23.917s] GC(694) Concurrent Mark Cycle 61.372ms
[2025-06-28T00:21:29.886+0200][23.934s] Heap
[2025-06-28T00:21:29.886+0200][23.934s]  garbage-first heap   total 22528K, used 19443K [0x00000000fea00000, 0x0000000100000000)
[2025-06-28T00:21:29.886+0200][23.934s]   region size 1024K, 1 young (1024K), 0 survivors (0K)
[2025-06-28T00:21:29.886+0200][23.935s]  Metaspace       used 66451K, committed 67136K, reserved 1114112K
[2025-06-28T00:21:29.886+0200][23.935s]   class space    used 8962K, committed 9280K, reserved 1048576K
